time="2026-09-23T00:39:17+02:00" level=warning msg="Network file system detected as backing store.  Enforcing overlay option `force_mask=\"700\"`.  Add it to storage.conf to silence this warning"
time="2026-09-23T00:39:19+02:00" level=warning msg="Network file system detected as backing store.  Enforcing overlay option `force_mask=\"700\"`.  Add it to storage.conf to silence this warning"
Resource enforcement: CPU affinity; memory reservation only (rootless cgroups v1).
time="2026-09-23T00:39:19+02:00" level=warning msg="Network file system detected as backing store.  Enforcing overlay option `force_mask=\"700\"`.  Add it to storage.conf to silence this warning"
{
  "status": "failed scoped signal terminal connectivity",
  "GDS_sha256": "301cb530b14dd7e36c8a30b7f840aac62295f95642ed9264423de2b455bfc6f7",
  "script_sha256": "4ef504c513dcd119d8a4a6626c5e49835857268b29c1ca4462eb12c2d64a8b78",
  "LEF_binding_sha256": "1c5f6161710ba659725d6fccc445013e5faad24ad0db24ef1fc61e81b943ccc3",
  "logical_nets": 90,
  "terminal_observations": 10222,
  "errors": [],
  "unexpected_net_merges": [
    {
      "component": [
        "placed_core_NOT_CONNECTED_FULLCHIP",
        18446744073709537500
      ],
      "logical_nets": [
        "D_ELT",
        "d_elt_bare"
      ]
    },
    {
      "component": [
        "placed_core_NOT_CONNECTED_FULLCHIP",
        18446744073709537499
      ],
      "logical_nets": [
        "D_STD",
        "d_std_bare"
      ]
    },
    {
      "component": [
        "placed_core_NOT_CONNECTED_FULLCHIP",
        18446744073709537611
      ],
      "logical_nets": [
        "G_SHARED",
        "g_shared_bare"
      ]
    },
    {
      "component": [
        "placed_core_NOT_CONNECTED_FULLCHIP",
        18446744073709537502
      ],
      "logical_nets": [
        "HBT_B",
        "hbt_b_bare"
      ]
    },
    {
      "component": [
        "placed_core_NOT_CONNECTED_FULLCHIP",
        18446744073709537503
      ],
      "logical_nets": [
        "HBT_C",
        "hbt_c_bare"
      ]
    },
    {
      "component": [
        "placed_core_NOT_CONNECTED_FULLCHIP",
        18446744073709537501
      ],
      "logical_nets": [
        "HBT_E",
        "hbt_e_bare"
      ]
    },
    {
      "component": [
        "placed_core_NOT_CONNECTED_FULLCHIP",
        18446744073709537619
      ],
      "logical_nets": [
        "SENSE_N",
        "i_core.sense_n"
      ]
    },
    {
      "component": [
        "placed_core_NOT_CONNECTED_FULLCHIP",
        18446744073709537620
      ],
      "logical_nets": [
        "SENSE_P",
        "i_core.sense_p"
      ]
    }
  ],
  "split_components": {
    "VDD": 239,
    "VDDA": 7,
    "VSS": 244
  },
  "signal_splits": {},
  "external_BTerms_not_probed": [
    {
      "net": "D_ELT",
      "pin": "D_ELT"
    },
    {
      "net": "D_STD",
      "pin": "D_STD"
    },
    {
      "net": "EN",
      "pin": "EN"
    },
    {
      "net": "FAULT_N",
      "pin": "FAULT_N"
    },
    {
      "net": "GATE",
      "pin": "GATE"
    },
    {
      "net": "G_SHARED",
      "pin": "G_SHARED"
    },
    {
      "net": "HBT_B",
      "pin": "HBT_B"
    },
    {
      "net": "HBT_C",
      "pin": "HBT_C"
    },
    {
      "net": "HBT_E",
      "pin": "HBT_E"
    },
    {
      "net": "IOVDD",
      "pin": "IOVDD"
    },
    {
      "net": "IOVSS",
      "pin": "IOVSS"
    },
    {
      "net": "SCLK",
      "pin": "SCLK"
    },
    {
      "net": "SDI",
      "pin": "SDI"
    },
    {
      "net": "SDO",
      "pin": "SDO"
    },
    {
      "net": "SENSE_N",
      "pin": "SENSE_N"
    },
    {
      "net": "SENSE_P",
      "pin": "SENSE_P"
    },
    {
      "net": "TEMP_OUT",
      "pin": "TEMP_OUT"
    },
    {
      "net": "TRIP_SET",
      "pin": "TRIP_SET"
    },
    {
      "net": "VDD",
      "pin": "VDD"
    },
    {
      "net": "VDDA",
      "pin": "VDDA"
    },
    {
      "net": "VREF",
      "pin": "VREF"
    },
    {
      "net": "VSS",
      "pin": "VSS"
    }
  ],
  "not_run": [
    "external BTerm physical binding",
    "device-aware full LVS",
    "complete PDN supply connectivity",
    "electrical/currentIR/EM qualification"
  ],
  "not_applicable": [
    "label-based virtual net joining"
  ]
}
