
Note: No compatibility mode selected!


Circuit: * g1_gate power-up: supply ramps in both orders with en pad low, then en high; gate pad with 5 nf

Doing analysis at TEMP = 85.000000 and TNOM = 27.000000

Using SPARSE 1.3 as Direct Linear Solver

Initial Transient Solution
--------------------------

Node                                   Voltage
----                                   -------
sub!                                         0
vdda_s                                       0
vdda                              -1.88387e-27
vdd_s                                        0
vdd                                          0
en_pad                                       0
trip_d                                       0
clr_d                                        0
fast_en                                      0
hard_cmp                                     0
xpe.xi0.net4                      -7.82467e-19
xpe.xi0.net7                       8.13591e-19
xpe.xi0.net1                       4.06878e-30
xpe.xi0.net2                                 0
en_core                                      0
xpe.xi0.xi0.xr0.dt                           0
xg.n_11                                      0
gate_core                                    0
xg.n_13                                      0
tripped                                      0
xg.n_12                                      0
fault_core                                   0
xg.n_6                                       0
xg.n_4                                       0
xg.n_10                                      0
xg.n_9                                       0
xg.n_8                                       0
xg.n_7                                       0
xg.n_i233                                    0
xg.n_36                           -6.64569e-19
xg.n_37                            4.91926e-19
xg.n_35                           -7.36504e-19
xg.n_34                           -9.46919e-19
xg.n_i234                         -5.13406e-19
xg.n_19                             4.7369e-19
xg.n_29                             4.3132e-19
xg.n_22                           -6.48259e-20
xg.n_i235                         -2.34609e-19
xg.n_31                            6.35129e-19
xg.n_32                            4.56553e-19
xg.n_25                           -7.46477e-19
xg.n_i236                         -5.76349e-19
xg.n_30                           -7.90004e-19
xg.n_i237                          1.21072e-19
xg.n_i238                         -5.16761e-19
xg.n_33                            1.16796e-18
xg.n_18                            8.88723e-19
xg.n_21                            2.13578e-19
xg.n_24                            3.42173e-19
xg.n_28                            5.01778e-19
xg.n_27                            3.18213e-19
xg.n_17                             3.0915e-19
xg.n_26                            3.79424e-19
xg.n_23                             1.1454e-18
xg.n_20                             2.0517e-19
xpg.xi2.xi1.net2                             0
xpg.net1                           1.67775e-17
xpg.xi2.xi1.net4                   5.85206e-20
xpg.xi2.xi1.net3                   1.03837e-18
xpg.xi2.xi0.net2                             0
xpg.net2                           6.60689e-17
xpg.xi2.xi0.net4                   5.85206e-20
xpg.xi2.xi0.net3                   1.03837e-18
gate                               3.06033e-24
gfet                               3.06033e-24
vh#branch                                    0
vf#branch                                    0
vc#branch                                    0
vz#branch                                    0
ven#branch                         9.58888e-32
vdd#branch                                   0
vdda#branch                       -3.76773e-27
vsub#branch                        2.92497e-28

 Reference value :  0.00000e+00 Reference value :  1.53250e-07 Reference value :  3.01250e-07 Reference value :  4.64750e-07 Reference value :  5.91095e-07 Reference value :  7.48750e-07 Reference value :  9.11750e-07 Reference value :  1.07125e-06 Reference value :  1.23075e-06 Reference value :  1.38525e-06 Reference value :  1.53825e-06
No. of Data Rows : 3220
ENDPOINT 1.6E-06
Total elapsed time (seconds) = 3.023 
Total DRAM available = 32027.699 MB.
DRAM currently available = 5680.699 MB.
Maximum ngspice program size =  697.070 MB.
Current ngspice program size =   49.078 MB.

Shared ngspice pages =   13.355 MB.
Text (code) pages = 456.000 kB.
Stack = 0 bytes.
Library pages =  670.758 MB.

Number of lines in the deck = 15048
Netlist loading time = 0.159794
Subckt and Param expansion time = 0.144896
Netlist parsing time = 0.0846596

Nominal temperature = 27
Operating temperature = 85
Total iterations = 6673
Transient iterations = 6646
Circuit Equations = 752
Circuit original non-zeroes = 4708
Circuit fill-in non-zeroes = 294
Circuit total non-zeroes = 0
Transient timepoints = 3221
Accepted timepoints = 3220
Rejected timepoints = 1
Total analysis time (seconds) = 2.65624
Matrix load time = 2.06796
Matrix synchronize time = 0
Matrix reorder time = 0.00283581
Matrix factor time = 0.176823
Matrix solve time = 0.0510004
Transient analysis time = 2.61428
Transient load time = 2.05032
Transient sync time = 0
Transient factor time = 0.175921
Transient solve time = 0.0506094
Transient trunc time = 0.120206
Transient iterations for the last time point = 0
AC analysis time = 0
AC load time = 0
AC sync time = 0
AC factor time = 0
AC solve time = 0
Note: Simulation executed from .control section 
