
Note: No compatibility mode selected!


Circuit: * g1_gate power-up: supply ramps in both orders with en pad low, then en high; gate pad with 5 nf

Doing analysis at TEMP = 125.000000 and TNOM = 27.000000

Using SPARSE 1.3 as Direct Linear Solver
Note: Starting dynamic gmin stepping
Note: Dynamic gmin stepping completed

Initial Transient Solution
--------------------------

Node                                   Voltage
----                                   -------
sub!                                         0
vdda_s                                     3.3
vdda                                       3.3
vdd_s                                      1.2
vdd                                        1.2
en_pad                                       0
trip_d                                       0
clr_d                                        0
fast_en                                      0
hard_cmp                                     0
xpe.xi0.net4                        1.4621e-07
xpe.xi0.net7                               3.3
xpe.xi0.net1                       5.86585e-09
xpe.xi0.net2                               1.2
en_core                            5.91828e-07
xpe.xi0.xi0.xr0.dt                           0
xg.n_11                                    1.2
gate_core                           5.4754e-07
xg.n_13                                    1.2
tripped                            4.63146e-07
xg.n_12                            4.63146e-07
fault_core                                 1.2
xg.n_6                             7.76682e-07
xg.n_4                                     1.2
xg.n_10                                    1.2
xg.n_9                                     1.2
xg.n_8                                     1.2
xg.n_7                                     1.2
xg.n_i233                            0.0559466
xg.n_36                            2.33409e-07
xg.n_37                                    3.3
xg.n_35                                    3.3
xg.n_34                            5.16519e-08
xg.n_i234                                  3.3
xg.n_19                            8.16874e-08
xg.n_29                                    3.3
xg.n_22                            8.16874e-08
xg.n_i235                             0.965638
xg.n_31                                    3.3
xg.n_32                            2.33409e-07
xg.n_25                            8.16874e-08
xg.n_i236                                  3.3
xg.n_30                            8.16871e-08
xg.n_i237                             0.965638
xg.n_i238                              3.27244
xg.n_33                                    3.3
xg.n_18                                    3.3
xg.n_21                                    3.3
xg.n_24                                    3.3
xg.n_28                            8.16874e-08
xg.n_27                                    3.3
xg.n_17                            5.09956e-08
xg.n_26                            5.09956e-08
xg.n_23                            5.09956e-08
xg.n_20                            5.09956e-08
xpg.xi2.xi1.net2                           1.2
xpg.net1                                   3.3
xpg.xi2.xi1.net4                   5.09956e-08
xpg.xi2.xi1.net3                           3.3
xpg.xi2.xi0.net2                           1.2
xpg.net2                               3.29999
xpg.xi2.xi0.net4                   5.09956e-08
xpg.xi2.xi0.net3                           3.3
gate                               1.23826e-07
gfet                               1.23826e-07
vh#branch                          1.69385e-11
vf#branch                          1.56631e-11
vc#branch                          1.63065e-11
vz#branch                          1.63065e-11
ven#branch                         3.10012e-11
vdd#branch                         -6.7217e-09
vdda#branch                       -6.85245e-09
vsub#branch                        2.58041e-09

 Reference value :  0.00000e+00 Reference value :  1.75140e-07 Reference value :  3.56140e-07 Reference value :  5.40250e-07 Reference value :  7.06143e-07 Reference value :  8.90643e-07 Reference value :  1.06825e-06 Reference value :  1.23409e-06 Reference value :  1.41559e-06 Reference value :  1.58909e-06
No. of Data Rows : 3223
ENDPOINT 1.6E-06
Total elapsed time (seconds) = 2.729 
Total DRAM available = 32027.699 MB.
DRAM currently available = 5782.637 MB.
Maximum ngspice program size =  697.031 MB.
Current ngspice program size =   49.070 MB.

Shared ngspice pages =   13.344 MB.
Text (code) pages = 456.000 kB.
Stack = 0 bytes.
Library pages =  670.719 MB.

Number of lines in the deck = 15048
Netlist loading time = 0.160406
Subckt and Param expansion time = 0.137737
Netlist parsing time = 0.0850756

Nominal temperature = 27
Operating temperature = 125
Total iterations = 6744
Transient iterations = 6515
Circuit Equations = 752
Circuit original non-zeroes = 4708
Circuit fill-in non-zeroes = 294
Circuit total non-zeroes = 0
Transient timepoints = 3230
Accepted timepoints = 3223
Rejected timepoints = 7
Total analysis time (seconds) = 2.37676
Matrix load time = 1.87295
Matrix synchronize time = 0
Matrix reorder time = 0.00208467
Matrix factor time = 0.161742
Matrix solve time = 0.048414
Transient analysis time = 2.28772
Transient load time = 1.81375
Transient sync time = 0
Transient factor time = 0.156607
Transient solve time = 0.0467089
Transient trunc time = 0.100236
Transient iterations for the last time point = 0
AC analysis time = 0
AC load time = 0
AC sync time = 0
AC factor time = 0
AC solve time = 0
Note: Simulation executed from .control section 
