
Note: No compatibility mode selected!


Circuit: * g1_gate power-up: supply ramps in both orders with en pad low, then en high; gate pad with 5 nf

Doing analysis at TEMP = -40.000000 and TNOM = 27.000000

Using SPARSE 1.3 as Direct Linear Solver
Note: Starting dynamic gmin stepping
Note: Dynamic gmin stepping completed

Initial Transient Solution
--------------------------

Node                                   Voltage
----                                   -------
sub!                                         0
vdda_s                                     3.6
vdda                                       3.6
vdd_s                                     1.32
vdd                                       1.32
en_pad                                       0
trip_d                                       0
clr_d                                        0
fast_en                                      0
hard_cmp                                     0
xpe.xi0.net4                       3.31859e-09
xpe.xi0.net7                               3.6
xpe.xi0.net1                       6.30028e-09
xpe.xi0.net2                              1.32
en_core                            5.10296e-09
xpe.xi0.xi0.xr0.dt                           0
xg.n_11                                   1.32
gate_core                          3.22994e-08
xg.n_13                                   1.32
tripped                            3.68329e-09
xg.n_12                            3.68329e-09
fault_core                                1.32
xg.n_6                             9.38286e-09
xg.n_4                                    1.32
xg.n_10                                   1.32
xg.n_9                                    1.32
xg.n_8                                    1.32
xg.n_7                                    1.32
xg.n_i233                           0.00711504
xg.n_36                            5.23123e-09
xg.n_37                                    3.6
xg.n_35                                    3.6
xg.n_34                            1.11941e-09
xg.n_i234                                  3.6
xg.n_19                            2.23805e-09
xg.n_29                                    3.6
xg.n_22                            2.23805e-09
xg.n_i235                               1.1912
xg.n_31                                    3.6
xg.n_32                            5.23123e-09
xg.n_25                            2.23805e-09
xg.n_i236                                  3.6
xg.n_30                            2.23805e-09
xg.n_i237                               1.1912
xg.n_i238                              3.60002
xg.n_33                                    3.6
xg.n_18                                    3.6
xg.n_21                                    3.6
xg.n_24                                    3.6
xg.n_28                            2.23805e-09
xg.n_27                                    3.6
xg.n_17                            5.70037e-09
xg.n_26                            5.70037e-09
xg.n_23                            5.70037e-09
xg.n_20                            5.70037e-09
xpg.xi2.xi1.net2                          1.32
xpg.net1                                   3.6
xpg.xi2.xi1.net4                   5.70037e-09
xpg.xi2.xi1.net3                           3.6
xpg.xi2.xi0.net2                          1.32
xpg.net2                                   3.6
xpg.xi2.xi0.net4                   5.70037e-09
xpg.xi2.xi0.net3                           3.6
gate                               6.64642e-10
gfet                               6.64642e-10
vh#branch                          1.01402e-11
vf#branch                          9.71508e-12
vc#branch                          9.92975e-12
vz#branch                          9.92975e-12
ven#branch                            3.24e-11
vdd#branch                        -1.86474e-10
vdda#branch                       -2.83535e-10
vsub#branch                        1.25692e-10

 Reference value :  0.00000e+00 Reference value :  1.89140e-07 Reference value :  3.82140e-07 Reference value :  5.65750e-07 Reference value :  7.40105e-07 Reference value :  9.19105e-07 Reference value :  1.10825e-06 Reference value :  1.29505e-06 Reference value :  1.45705e-06
No. of Data Rows : 3223
ENDPOINT 1.6E-06
Total elapsed time (seconds) = 2.642 
Total DRAM available = 32027.699 MB.
DRAM currently available = 6265.512 MB.
Maximum ngspice program size =  697.031 MB.
Current ngspice program size =   49.078 MB.

Shared ngspice pages =   13.355 MB.
Text (code) pages = 456.000 kB.
Stack = 0 bytes.
Library pages =  670.719 MB.

Number of lines in the deck = 15048
Netlist loading time = 0.135219
Subckt and Param expansion time = 0.12549
Netlist parsing time = 0.0771966

Nominal temperature = 27
Operating temperature = -40
Total iterations = 6711
Transient iterations = 6508
Circuit Equations = 752
Circuit original non-zeroes = 4708
Circuit fill-in non-zeroes = 298
Circuit total non-zeroes = 0
Transient timepoints = 3230
Accepted timepoints = 3223
Rejected timepoints = 7
Total analysis time (seconds) = 2.33266
Matrix load time = 1.84982
Matrix synchronize time = 0
Matrix reorder time = 0.00213269
Matrix factor time = 0.155831
Matrix solve time = 0.0454784
Transient analysis time = 2.24217
Transient load time = 1.79229
Transient sync time = 0
Transient factor time = 0.150767
Transient solve time = 0.0438559
Transient trunc time = 0.0963989
Transient iterations for the last time point = 0
AC analysis time = 0
AC load time = 0
AC sync time = 0
AC factor time = 0
AC solve time = 0
Note: Simulation executed from .control section 
