
Note: No compatibility mode selected!


Circuit: * g1_gate power-up: supply ramps in both orders with en pad low, then en high; gate pad with 5 nf

Doing analysis at TEMP = 27.000000 and TNOM = 27.000000

Using SPARSE 1.3 as Direct Linear Solver
Note: Starting dynamic gmin stepping
Note: Dynamic gmin stepping completed

Initial Transient Solution
--------------------------

Node                                   Voltage
----                                   -------
sub!                                         0
vdda_s                                     3.3
vdda                                       3.3
vdd_s                                      1.2
vdd                                        1.2
en_pad                                       0
trip_d                                       0
clr_d                                        0
fast_en                                      0
hard_cmp                                     0
xpe.xi0.net4                       4.07585e-09
xpe.xi0.net7                               3.3
xpe.xi0.net1                       5.77999e-09
xpe.xi0.net2                               1.2
en_core                            8.75256e-09
xpe.xi0.xi0.xr0.dt                           0
xg.n_11                                    1.2
gate_core                          4.66152e-08
xg.n_13                                    1.2
tripped                            7.00519e-09
xg.n_12                            7.00519e-09
fault_core                                 1.2
xg.n_6                             1.55568e-08
xg.n_4                                     1.2
xg.n_10                                    1.2
xg.n_9                                     1.2
xg.n_8                                     1.2
xg.n_7                                     1.2
xg.n_i233                             0.043881
xg.n_36                            6.46989e-09
xg.n_37                                    3.3
xg.n_35                                    3.3
xg.n_34                            1.36942e-09
xg.n_i234                                  3.3
xg.n_19                            2.73198e-09
xg.n_29                                    3.3
xg.n_22                            2.73198e-09
xg.n_i235                               1.0174
xg.n_31                                    3.3
xg.n_32                            6.46989e-09
xg.n_25                            2.73198e-09
xg.n_i236                                  3.3
xg.n_30                            2.73198e-09
xg.n_i237                               1.0174
xg.n_i238                              3.29334
xg.n_33                                    3.3
xg.n_18                                    3.3
xg.n_21                                    3.3
xg.n_24                                    3.3
xg.n_28                            2.73198e-09
xg.n_27                                    3.3
xg.n_17                            8.93942e-09
xg.n_26                            8.93942e-09
xg.n_23                            8.93942e-09
xg.n_20                            8.93942e-09
xpg.xi2.xi1.net2                           1.2
xpg.net1                                   3.3
xpg.xi2.xi1.net4                   8.93942e-09
xpg.xi2.xi1.net3                           3.3
xpg.xi2.xi0.net2                           1.2
xpg.net2                                   3.3
xpg.xi2.xi0.net4                   8.93942e-09
xpg.xi2.xi0.net3                           3.3
gate                               8.75983e-10
gfet                               8.75983e-10
vh#branch                          1.07966e-11
vf#branch                           1.0222e-11
vc#branch                          1.05119e-11
vz#branch                          1.05119e-11
ven#branch                         2.97008e-11
vdd#branch                        -2.24085e-10
vdda#branch                       -6.54394e-10
vsub#branch                        5.05667e-10

 Reference value :  0.00000e+00 Reference value :  1.81140e-07 Reference value :  3.84140e-07 Reference value :  5.69250e-07 Reference value :  7.39642e-07 Reference value :  9.24642e-07 Reference value :  1.12325e-06 Reference value :  1.30209e-06 Reference value :  1.49409e-06
No. of Data Rows : 3223
ENDPOINT 1.6E-06
Total elapsed time (seconds) = 2.591 
Total DRAM available = 32027.699 MB.
DRAM currently available = 6253.156 MB.
Maximum ngspice program size =  697.008 MB.
Current ngspice program size =   49.059 MB.

Shared ngspice pages =   13.355 MB.
Text (code) pages = 456.000 kB.
Stack = 0 bytes.
Library pages =  670.695 MB.

Number of lines in the deck = 15048
Netlist loading time = 0.145555
Subckt and Param expansion time = 0.118811
Netlist parsing time = 0.0698866

Nominal temperature = 27
Operating temperature = 27
Total iterations = 6827
Transient iterations = 6511
Circuit Equations = 752
Circuit original non-zeroes = 4708
Circuit fill-in non-zeroes = 298
Circuit total non-zeroes = 0
Transient timepoints = 3230
Accepted timepoints = 3223
Rejected timepoints = 7
Total analysis time (seconds) = 2.27704
Matrix load time = 1.80985
Matrix synchronize time = 0
Matrix reorder time = 0.0021926
Matrix factor time = 0.15585
Matrix solve time = 0.0467451
Transient analysis time = 2.164
Transient load time = 1.72855
Transient sync time = 0
Transient factor time = 0.148754
Transient solve time = 0.0444374
Transient trunc time = 0.0935931
Transient iterations for the last time point = 0
AC analysis time = 0
AC load time = 0
AC sync time = 0
AC factor time = 0
AC solve time = 0
Note: Simulation executed from .control section 
