
Note: No compatibility mode selected!


Circuit: * g1_gate power-up: supply ramps in both orders with en pad low, then en high; gate pad with 5 nf

Doing analysis at TEMP = 85.000000 and TNOM = 27.000000

Using SPARSE 1.3 as Direct Linear Solver
Note: Starting dynamic gmin stepping
Note: Dynamic gmin stepping completed

Initial Transient Solution
--------------------------

Node                                   Voltage
----                                   -------
sub!                                         0
vdda_s                                       3
vdda                                         3
vdd_s                                     1.08
vdd                                       1.08
en_pad                                       0
trip_d                                       0
clr_d                                        0
fast_en                                      0
hard_cmp                                     0
xpe.xi0.net4                       1.42251e-08
xpe.xi0.net7                                 3
xpe.xi0.net1                       5.27396e-09
xpe.xi0.net2                              1.08
en_core                            8.60507e-08
xpe.xi0.xi0.xr0.dt                           0
xg.n_11                                   1.08
gate_core                          1.07101e-07
xg.n_13                                   1.08
tripped                            6.13402e-08
xg.n_12                            6.13402e-08
fault_core                                1.08
xg.n_6                             1.20507e-07
xg.n_4                                    1.08
xg.n_10                                   1.08
xg.n_9                                    1.08
xg.n_8                                    1.08
xg.n_7                                    1.08
xg.n_i233                            0.0502571
xg.n_36                            1.98253e-08
xg.n_37                                      3
xg.n_35                                      3
xg.n_34                            4.38985e-09
xg.n_i234                                    3
xg.n_19                            8.38698e-09
xg.n_29                                      3
xg.n_22                            8.38698e-09
xg.n_i235                             0.883812
xg.n_31                                      3
xg.n_32                            1.98253e-08
xg.n_25                            8.38698e-09
xg.n_i236                                    3
xg.n_30                            8.38697e-09
xg.n_i237                             0.883812
xg.n_i238                              2.97854
xg.n_33                                      3
xg.n_18                                      3
xg.n_21                                      3
xg.n_24                                      3
xg.n_28                            8.38698e-09
xg.n_27                                      3
xg.n_17                            1.65373e-08
xg.n_26                            1.65373e-08
xg.n_23                            1.65373e-08
xg.n_20                            1.65373e-08
xpg.xi2.xi1.net2                          1.08
xpg.net1                                     3
xpg.xi2.xi1.net4                   1.65373e-08
xpg.xi2.xi1.net3                             3
xpg.xi2.xi0.net2                          1.08
xpg.net2                                     3
xpg.xi2.xi0.net4                   1.65373e-08
xpg.xi2.xi0.net3                             3
gate                               8.49361e-09
gfet                               8.49361e-09
vh#branch                          9.71882e-12
vf#branch                          9.11626e-12
vc#branch                          9.42014e-12
vz#branch                          9.42014e-12
ven#branch                         2.70527e-11
vdd#branch                        -1.04476e-09
vdda#branch                       -1.61529e-09
vsub#branch                         1.2025e-09

 Reference value :  0.00000e+00 Reference value :  1.84140e-07 Reference value :  3.63140e-07 Reference value :  5.51750e-07 Reference value :  7.29186e-07 Reference value :  9.08186e-07 Reference value :  1.07875e-06 Reference value :  1.26865e-06 Reference value :  1.44765e-06
No. of Data Rows : 3223
ENDPOINT 1.6E-06
Total elapsed time (seconds) = 2.693 
Total DRAM available = 32027.699 MB.
DRAM currently available = 6290.598 MB.
Maximum ngspice program size =  697.031 MB.
Current ngspice program size =   49.082 MB.

Shared ngspice pages =   13.355 MB.
Text (code) pages = 456.000 kB.
Stack = 0 bytes.
Library pages =  670.719 MB.

Number of lines in the deck = 15048
Netlist loading time = 0.137356
Subckt and Param expansion time = 0.144122
Netlist parsing time = 0.0928605

Nominal temperature = 27
Operating temperature = 85
Total iterations = 6734
Transient iterations = 6512
Circuit Equations = 752
Circuit original non-zeroes = 4708
Circuit fill-in non-zeroes = 294
Circuit total non-zeroes = 0
Transient timepoints = 3230
Accepted timepoints = 3223
Rejected timepoints = 7
Total analysis time (seconds) = 2.35858
Matrix load time = 1.86386
Matrix synchronize time = 0
Matrix reorder time = 0.00213229
Matrix factor time = 0.160476
Matrix solve time = 0.0465241
Transient analysis time = 2.25975
Transient load time = 1.79797
Transient sync time = 0
Transient factor time = 0.154032
Transient solve time = 0.0446281
Transient trunc time = 0.0990876
Transient iterations for the last time point = 0
AC analysis time = 0
AC load time = 0
AC sync time = 0
AC factor time = 0
AC solve time = 0
Note: Simulation executed from .control section 
