Clock SCLK
rise -> rise
    min     max
 0.0000  0.0000 source latency
 0.3594         network latency i_core.u_digital/_6765_/CLK
         0.4266 network latency i_core.u_digital/_5744_/CLK
---------------
 0.3594  0.4266 latency
         0.0673 skew

rise -> fall
    min     max
 0.0000  0.0000 source latency
 0.3970         network latency i_core.u_digital/_5706_/CLK
         0.4726 network latency i_core.u_digital/_5701_/CLK
---------------
 0.3970  0.4726 latency
         0.0757 skew

fall -> rise
    min     max
 0.0000  0.0000 source latency
 0.3966         network latency i_core.u_digital/_5706_/CLK
         0.4727 network latency i_core.u_digital/_5701_/CLK
---------------
 0.3966  0.4727 latency
         0.0762 skew

fall -> fall
    min     max
 0.0000  0.0000 source latency
 0.3552         network latency i_core.u_digital/_6765_/CLK
         0.4191 network latency i_core.u_digital/_5744_/CLK
---------------
 0.3552  0.4191 latency
         0.0639 skew


Clock osc_clk
rise -> rise
    min     max
 0.7230  0.7230 source latency
 1.2354         network latency i_core.u_digital/_6728_/CLK
         1.3913 network latency i_core.u_digital/_6134_/CLK
---------------
 1.9584  2.1143 latency
         0.1559 skew

fall -> fall
    min     max
 0.7670  0.7670 source latency
 1.2901         network latency i_core.u_digital/_6728_/CLK
         1.4515 network latency i_core.u_digital/_6120_/CLK
---------------
 2.0571  2.2185 latency
         0.1614 skew


