2026-09-23 02:53:22 +0200: Memory Usage (407656K) : Starting running IHP-SG13G2 KLayout DRC runset on ${BULK}/bgr-osc-fullnative-merge-20260923-r1/power_connected_native.gds
2026-09-23 02:53:22 +0200: Memory Usage (407656K) : Ruby Version for klayout: 3.2.3
2026-09-23 02:53:23 +0200: Memory Usage (437880K) : Loading database to memory is complete.
2026-09-23 02:53:23 +0200: Memory Usage (437880K) : IHP-SG13G2 KLayout DRC runset output at: ${BULK}/shared-vdda-native-baseline-20260923-r2/reports/power_connected_native_placed_core_NOT_CONNECTED_FULLCHIP_main.lyrdb
2026-09-23 02:53:23 +0200: Memory Usage (437880K) : Evaluate switches.
2026-09-23 02:53:23 +0200: Memory Usage (437880K) : tables selected: main
2026-09-23 02:53:23 +0200: Memory Usage (437880K) : KLayout will use 1 thread(s) in tiling mode.
2026-09-23 02:53:23 +0200: Memory Usage (437880K) : deep mode is enabled.
2026-09-23 02:53:23 +0200: Memory Usage (437880K) : FEOL enabled: true
2026-09-23 02:53:23 +0200: Memory Usage (437880K) : BEOL enabled: true
2026-09-23 02:53:23 +0200: Memory Usage (437880K) : OFFGRID enabled: true
2026-09-23 02:53:23 +0200: Memory Usage (437880K) : ANGLE enabled: true
2026-09-23 02:53:23 +0200: Memory Usage (437880K) : PIN enabled: true
2026-09-23 02:53:23 +0200: Memory Usage (437880K) : FORBIDDEN enabled: true
2026-09-23 02:53:23 +0200: Memory Usage (437880K) : RECOMMENDED enabled: true
2026-09-23 02:53:23 +0200: Memory Usage (437880K) : PreCheck DRC enabled: false
2026-09-23 02:53:23 +0200: Memory Usage (437880K) : CONNECTIVITY_RULES enabled: true.
2026-09-23 02:53:23 +0200: Memory Usage (437880K) : Read in polygons from layers.
2026-09-23 02:53:23 +0200: Memory Usage (442420K) : activ_drw has 75307 polygons
2026-09-23 02:53:23 +0200: Memory Usage (442420K) : activ_pin has 0 polygons
2026-09-23 02:53:23 +0200: Memory Usage (442420K) : activ_mask has 308 polygons
2026-09-23 02:53:23 +0200: Memory Usage (442420K) : activ_filler has 859 polygons
2026-09-23 02:53:23 +0200: Memory Usage (442420K) : activ_nofill has 18 polygons
2026-09-23 02:53:23 +0200: Memory Usage (442420K) : activ_opc has 0 polygons
2026-09-23 02:53:23 +0200: Memory Usage (442420K) : activ_iopc has 0 polygons
2026-09-23 02:53:23 +0200: Memory Usage (442420K) : activ_noqrc has 0 polygons
2026-09-23 02:53:23 +0200: Memory Usage (442420K) : biwind_drw has 0 polygons
2026-09-23 02:53:23 +0200: Memory Usage (442420K) : biwind_opc has 0 polygons
2026-09-23 02:53:23 +0200: Memory Usage (442420K) : pemwind_drw has 0 polygons
2026-09-23 02:53:23 +0200: Memory Usage (442744K) : gatpoly_drw has 81146 polygons
2026-09-23 02:53:23 +0200: Memory Usage (442744K) : gatpoly_pin has 1748 polygons
2026-09-23 02:53:23 +0200: Memory Usage (442744K) : gatpoly_filler has 859 polygons
2026-09-23 02:53:23 +0200: Memory Usage (442744K) : gatpoly_nofill has 18 polygons
2026-09-23 02:53:23 +0200: Memory Usage (442744K) : gatpoly_opc has 0 polygons
2026-09-23 02:53:23 +0200: Memory Usage (442744K) : gatpoly_iopc has 0 polygons
2026-09-23 02:53:23 +0200: Memory Usage (442744K) : gatpoly_noqrc has 0 polygons
2026-09-23 02:53:24 +0200: Memory Usage (456472K) : cont_drw has 3611903 polygons
2026-09-23 02:53:24 +0200: Memory Usage (456472K) : cont_opc has 0 polygons
2026-09-23 02:53:24 +0200: Memory Usage (456472K) : nsd_drw has 60 polygons
2026-09-23 02:53:24 +0200: Memory Usage (456472K) : nsd_block has 308 polygons
2026-09-23 02:53:24 +0200: Memory Usage (456472K) : metal1_drw has 152594 polygons
2026-09-23 02:53:24 +0200: Memory Usage (456472K) : metal1_pin has 52450 polygons
2026-09-23 02:53:24 +0200: Memory Usage (456472K) : metal1_mask has 0 polygons
2026-09-23 02:53:24 +0200: Memory Usage (456472K) : metal1_filler has 1828 polygons
2026-09-23 02:53:24 +0200: Memory Usage (456472K) : metal1_nofill has 18 polygons
2026-09-23 02:53:24 +0200: Memory Usage (456472K) : metal1_slit has 0 polygons
2026-09-23 02:53:24 +0200: Memory Usage (456472K) : metal1_text has 43009 polygons
2026-09-23 02:53:24 +0200: Memory Usage (456472K) : metal1_opc has 0 polygons
2026-09-23 02:53:24 +0200: Memory Usage (456472K) : metal1_noqrc has 0 polygons
2026-09-23 02:53:24 +0200: Memory Usage (456472K) : metal1_res has 0 polygons
2026-09-23 02:53:24 +0200: Memory Usage (456472K) : metal1_iprobe has 0 polygons
2026-09-23 02:53:24 +0200: Memory Usage (456472K) : metal1_diffprb has 0 polygons
2026-09-23 02:53:24 +0200: Memory Usage (456472K) : passiv_drw has 24 polygons
2026-09-23 02:53:24 +0200: Memory Usage (456472K) : passiv_pin has 0 polygons
2026-09-23 02:53:24 +0200: Memory Usage (456472K) : passiv_sbump has 0 polygons
2026-09-23 02:53:24 +0200: Memory Usage (456472K) : passiv_pillar has 0 polygons
2026-09-23 02:53:24 +0200: Memory Usage (456472K) : passiv_pdl has 0 polygons
2026-09-23 02:53:24 +0200: Memory Usage (457476K) : metal2_drw has 81831 polygons
2026-09-23 02:53:24 +0200: Memory Usage (457476K) : metal2_pin has 1094 polygons
2026-09-23 02:53:24 +0200: Memory Usage (457476K) : metal2_mask has 0 polygons
2026-09-23 02:53:24 +0200: Memory Usage (457476K) : metal2_filler has 1897 polygons
2026-09-23 02:53:24 +0200: Memory Usage (457476K) : metal2_nofill has 19 polygons
2026-09-23 02:53:24 +0200: Memory Usage (457476K) : metal2_slit has 0 polygons
2026-09-23 02:53:24 +0200: Memory Usage (457476K) : metal2_text has 499 polygons
2026-09-23 02:53:24 +0200: Memory Usage (457476K) : metal2_opc has 0 polygons
2026-09-23 02:53:24 +0200: Memory Usage (457476K) : metal2_noqrc has 0 polygons
2026-09-23 02:53:24 +0200: Memory Usage (457476K) : metal2_res has 0 polygons
2026-09-23 02:53:24 +0200: Memory Usage (457476K) : metal2_iprobe has 0 polygons
2026-09-23 02:53:24 +0200: Memory Usage (457476K) : metal2_diffprb has 0 polygons
2026-09-23 02:53:24 +0200: Memory Usage (457476K) : baspoly_drw has 0 polygons
2026-09-23 02:53:24 +0200: Memory Usage (457476K) : baspoly_pin has 0 polygons
2026-09-23 02:53:24 +0200: Memory Usage (457476K) : psd_drw has 33322 polygons
2026-09-23 02:53:24 +0200: Memory Usage (457476K) : nldb_drw has 0 polygons
2026-09-23 02:53:24 +0200: Memory Usage (457476K) : digibnd_drw has 0 polygons
2026-09-23 02:53:24 +0200: Memory Usage (458268K) : via1_drw has 92316 polygons
2026-09-23 02:53:24 +0200: Memory Usage (458268K) : backmetal1_drw has 0 polygons
2026-09-23 02:53:24 +0200: Memory Usage (458268K) : backmetal1_pin has 0 polygons
2026-09-23 02:53:24 +0200: Memory Usage (458268K) : backmetal1_mask has 0 polygons
2026-09-23 02:53:24 +0200: Memory Usage (458268K) : backmetal1_filler has 0 polygons
2026-09-23 02:53:24 +0200: Memory Usage (458268K) : backmetal1_nofill has 0 polygons
2026-09-23 02:53:24 +0200: Memory Usage (458268K) : backmetal1_slit has 0 polygons
2026-09-23 02:53:24 +0200: Memory Usage (458268K) : backmetal1_text has 0 polygons
2026-09-23 02:53:24 +0200: Memory Usage (458268K) : backmetal1_opc has 0 polygons
2026-09-23 02:53:24 +0200: Memory Usage (458268K) : backmetal1_noqrc has 0 polygons
2026-09-23 02:53:24 +0200: Memory Usage (458268K) : backmetal1_res has 0 polygons
2026-09-23 02:53:24 +0200: Memory Usage (458268K) : backmetal1_iprobe has 0 polygons
2026-09-23 02:53:24 +0200: Memory Usage (458268K) : backmetal1_diffprb has 0 polygons
2026-09-23 02:53:24 +0200: Memory Usage (458268K) : backpassiv_drw has 0 polygons
2026-09-23 02:53:24 +0200: Memory Usage (458268K) : res_drw has 0 polygons
2026-09-23 02:53:24 +0200: Memory Usage (458268K) : sram_drw has 0 polygons
2026-09-23 02:53:24 +0200: Memory Usage (458268K) : trans_drw has 308 polygons
2026-09-23 02:53:24 +0200: Memory Usage (458268K) : ind_drw has 0 polygons
2026-09-23 02:53:24 +0200: Memory Usage (458532K) : ind_pin has 0 polygons
2026-09-23 02:53:24 +0200: Memory Usage (458532K) : ind_text has 0 polygons
2026-09-23 02:53:24 +0200: Memory Usage (458532K) : salblock_drw has 2041 polygons
2026-09-23 02:53:24 +0200: Memory Usage (459060K) : via2_drw has 112900 polygons
2026-09-23 02:53:24 +0200: Memory Usage (459060K) : metal3_drw has 42631 polygons
2026-09-23 02:53:24 +0200: Memory Usage (459060K) : metal3_pin has 1163 polygons
2026-09-23 02:53:24 +0200: Memory Usage (459060K) : metal3_mask has 0 polygons
2026-09-23 02:53:24 +0200: Memory Usage (459060K) : metal3_filler has 1119 polygons
2026-09-23 02:53:24 +0200: Memory Usage (459060K) : metal3_nofill has 27 polygons
2026-09-23 02:53:24 +0200: Memory Usage (459060K) : metal3_slit has 0 polygons
2026-09-23 02:53:24 +0200: Memory Usage (459060K) : metal3_text has 1199 polygons
2026-09-23 02:53:24 +0200: Memory Usage (459060K) : metal3_opc has 0 polygons
2026-09-23 02:53:24 +0200: Memory Usage (459060K) : metal3_noqrc has 0 polygons
2026-09-23 02:53:24 +0200: Memory Usage (459060K) : metal3_res has 0 polygons
2026-09-23 02:53:24 +0200: Memory Usage (459060K) : metal3_iprobe has 0 polygons
2026-09-23 02:53:24 +0200: Memory Usage (459060K) : metal3_diffprb has 0 polygons
2026-09-23 02:53:24 +0200: Memory Usage (459060K) : nwell_drw has 14319 polygons
2026-09-23 02:53:24 +0200: Memory Usage (459060K) : nwell_pin has 0 polygons
2026-09-23 02:53:24 +0200: Memory Usage (459060K) : nbulay_drw has 0 polygons
2026-09-23 02:53:24 +0200: Memory Usage (459060K) : nbulay_pin has 0 polygons
2026-09-23 02:53:24 +0200: Memory Usage (459060K) : nbulay_block has 0 polygons
2026-09-23 02:53:24 +0200: Memory Usage (459060K) : emwind_drw has 308 polygons
2026-09-23 02:53:24 +0200: Memory Usage (459060K) : emwind_opc has 0 polygons
2026-09-23 02:53:24 +0200: Memory Usage (459060K) : deepco_drw has 0 polygons
2026-09-23 02:53:24 +0200: Memory Usage (459060K) : deepco_drw has 0 polygons
2026-09-23 02:53:24 +0200: Memory Usage (459060K) : mim_drw has 19 polygons
2026-09-23 02:53:24 +0200: Memory Usage (459060K) : edgeseal_drw has 0 polygons
2026-09-23 02:53:24 +0200: Memory Usage (459060K) : edgeseal_bound has 0 polygons
2026-09-23 02:53:24 +0200: Memory Usage (459060K) : substrate_drw has 1439 polygons
2026-09-23 02:53:24 +0200: Memory Usage (459060K) : substrate_text has 0 polygons
2026-09-23 02:53:24 +0200: Memory Usage (459060K) : dfpad_drw has 24 polygons
2026-09-23 02:53:24 +0200: Memory Usage (459060K) : dfpad_pillar has 0 polygons
2026-09-23 02:53:24 +0200: Memory Usage (459060K) : dfpad_sbump has 0 polygons
2026-09-23 02:53:24 +0200: Memory Usage (459060K) : thickgateox_drw has 2077 polygons
2026-09-23 02:53:24 +0200: Memory Usage (459060K) : pldb_drw has 0 polygons
2026-09-23 02:53:24 +0200: Memory Usage (459060K) : pwell_drw has 0 polygons
2026-09-23 02:53:24 +0200: Memory Usage (459060K) : pwell_pin has 0 polygons
2026-09-23 02:53:24 +0200: Memory Usage (459060K) : pwell_block has 0 polygons
2026-09-23 02:53:24 +0200: Memory Usage (459060K) : ic_drw has 0 polygons
2026-09-23 02:53:24 +0200: Memory Usage (460116K) : via3_drw has 58893 polygons
2026-09-23 02:53:25 +0200: Memory Usage (460116K) : metal4_drw has 8587 polygons
2026-09-23 02:53:25 +0200: Memory Usage (460116K) : metal4_pin has 1045 polygons
2026-09-23 02:53:25 +0200: Memory Usage (460116K) : metal4_mask has 0 polygons
2026-09-23 02:53:25 +0200: Memory Usage (460116K) : metal4_filler has 0 polygons
2026-09-23 02:53:25 +0200: Memory Usage (460116K) : metal4_nofill has 22 polygons
2026-09-23 02:53:25 +0200: Memory Usage (460116K) : metal4_slit has 0 polygons
2026-09-23 02:53:25 +0200: Memory Usage (460116K) : metal4_text has 1049 polygons
2026-09-23 02:53:25 +0200: Memory Usage (460116K) : metal4_opc has 0 polygons
2026-09-23 02:53:25 +0200: Memory Usage (460116K) : metal4_noqrc has 0 polygons
2026-09-23 02:53:25 +0200: Memory Usage (460116K) : metal4_res has 0 polygons
2026-09-23 02:53:25 +0200: Memory Usage (460116K) : metal4_iprobe has 0 polygons
2026-09-23 02:53:25 +0200: Memory Usage (460116K) : metal4_diffprb has 0 polygons
2026-09-23 02:53:25 +0200: Memory Usage (460116K) : heattrans_drw has 2969 polygons
2026-09-23 02:53:25 +0200: Memory Usage (460116K) : heatres_drw has 1627 polygons
2026-09-23 02:53:25 +0200: Memory Usage (460116K) : pempoly_drw has 0 polygons
2026-09-23 02:53:25 +0200: Memory Usage (460380K) : fbe_drw has 0 polygons
2026-09-23 02:53:25 +0200: Memory Usage (460380K) : empoly_drw has 0 polygons
2026-09-23 02:53:25 +0200: Memory Usage (460380K) : ldmos_drw has 0 polygons
2026-09-23 02:53:25 +0200: Memory Usage (460380K) : pbiwind_drw has 0 polygons
2026-09-23 02:53:25 +0200: Memory Usage (460380K) : digisub_drw has 0 polygons
2026-09-23 02:53:25 +0200: Memory Usage (460644K) : nodrc_drw has 0 polygons
2026-09-23 02:53:25 +0200: Memory Usage (461172K) : text_drw has 3353 polygons
2026-09-23 02:53:25 +0200: Memory Usage (461172K) : via4_drw has 61478 polygons
2026-09-23 02:53:25 +0200: Memory Usage (461172K) : metal5_drw has 3510 polygons
2026-09-23 02:53:25 +0200: Memory Usage (461172K) : metal5_pin has 1032 polygons
2026-09-23 02:53:25 +0200: Memory Usage (461172K) : metal5_mask has 0 polygons
2026-09-23 02:53:25 +0200: Memory Usage (461172K) : metal5_filler has 0 polygons
2026-09-23 02:53:25 +0200: Memory Usage (461172K) : metal5_nofill has 22 polygons
2026-09-23 02:53:25 +0200: Memory Usage (461172K) : metal5_slit has 0 polygons
2026-09-23 02:53:25 +0200: Memory Usage (461172K) : metal5_text has 1032 polygons
2026-09-23 02:53:25 +0200: Memory Usage (461172K) : metal5_opc has 0 polygons
2026-09-23 02:53:25 +0200: Memory Usage (461172K) : metal5_noqrc has 0 polygons
2026-09-23 02:53:25 +0200: Memory Usage (461172K) : metal5_res has 0 polygons
2026-09-23 02:53:25 +0200: Memory Usage (461172K) : metal5_iprobe has 0 polygons
2026-09-23 02:53:25 +0200: Memory Usage (461172K) : metal5_diffprb has 0 polygons
2026-09-23 02:53:25 +0200: Memory Usage (461172K) : radhard_drw has 0 polygons
2026-09-23 02:53:25 +0200: Memory Usage (461172K) : memcap_drw has 0 polygons
2026-09-23 02:53:25 +0200: Memory Usage (461172K) : varicap_drw has 0 polygons
2026-09-23 02:53:25 +0200: Memory Usage (461172K) : flash_drw has 0 polygons
2026-09-23 02:53:25 +0200: Memory Usage (461172K) : intbondvia_drw has 0 polygons
2026-09-23 02:53:25 +0200: Memory Usage (461172K) : intbondmet_drw has 0 polygons
2026-09-23 02:53:25 +0200: Memory Usage (461172K) : devbondvia_drw has 0 polygons
2026-09-23 02:53:25 +0200: Memory Usage (461172K) : devbondmet_drw has 0 polygons
2026-09-23 02:53:25 +0200: Memory Usage (461172K) : devtrench_drw has 0 polygons
2026-09-23 02:53:25 +0200: Memory Usage (461172K) : redist_drw has 0 polygons
2026-09-23 02:53:25 +0200: Memory Usage (461172K) : graphbot_drw has 0 polygons
2026-09-23 02:53:25 +0200: Memory Usage (461172K) : graphtop_drw has 0 polygons
2026-09-23 02:53:25 +0200: Memory Usage (461172K) : antvia1_drw has 0 polygons
2026-09-23 02:53:25 +0200: Memory Usage (461172K) : antmetal2_drw has 0 polygons
2026-09-23 02:53:25 +0200: Memory Usage (461172K) : graphcont_drw has 0 polygons
2026-09-23 02:53:25 +0200: Memory Usage (461172K) : siwg_drw has 0 polygons
2026-09-23 02:53:25 +0200: Memory Usage (461172K) : siwg_filler has 0 polygons
2026-09-23 02:53:25 +0200: Memory Usage (461172K) : siwg_nofill has 0 polygons
2026-09-23 02:53:25 +0200: Memory Usage (461172K) : sigrating_drw has 0 polygons
2026-09-23 02:53:25 +0200: Memory Usage (461172K) : singrating_drw has 0 polygons
2026-09-23 02:53:25 +0200: Memory Usage (461172K) : graphpas_drw has 0 polygons
2026-09-23 02:53:25 +0200: Memory Usage (461172K) : emwind3_drw has 0 polygons
2026-09-23 02:53:25 +0200: Memory Usage (461172K) : emwihv3_drw has 0 polygons
2026-09-23 02:53:25 +0200: Memory Usage (461172K) : redbulay_drw has 0 polygons
2026-09-23 02:53:25 +0200: Memory Usage (461172K) : smos_drw has 0 polygons
2026-09-23 02:53:25 +0200: Memory Usage (461172K) : graphpad_drw has 0 polygons
2026-09-23 02:53:25 +0200: Memory Usage (461172K) : polimide_drw has 0 polygons
2026-09-23 02:53:25 +0200: Memory Usage (461172K) : polimide_pin has 0 polygons
2026-09-23 02:53:25 +0200: Memory Usage (461172K) : recog_drw has 0 polygons
2026-09-23 02:53:25 +0200: Memory Usage (461172K) : recog_pin has 0 polygons
2026-09-23 02:53:25 +0200: Memory Usage (461172K) : recog_esd has 0 polygons
2026-09-23 02:53:25 +0200: Memory Usage (461436K) : recog_diode has 144 polygons
2026-09-23 02:53:25 +0200: Memory Usage (461436K) : recog_tsv has 0 polygons
2026-09-23 02:53:25 +0200: Memory Usage (461436K) : recog_iprobe has 0 polygons
2026-09-23 02:53:25 +0200: Memory Usage (461436K) : recog_diffprb has 0 polygons
2026-09-23 02:53:25 +0200: Memory Usage (461436K) : recog_pillar has 0 polygons
2026-09-23 02:53:25 +0200: Memory Usage (461436K) : recog_sbump has 0 polygons
2026-09-23 02:53:25 +0200: Memory Usage (461436K) : recog_otp has 0 polygons
2026-09-23 02:53:25 +0200: Memory Usage (461436K) : recog_pdiode has 0 polygons
2026-09-23 02:53:25 +0200: Memory Usage (461436K) : recog_mom has 0 polygons
2026-09-23 02:53:25 +0200: Memory Usage (461436K) : recog_pcm has 0 polygons
2026-09-23 02:53:25 +0200: Memory Usage (461436K) : colopen_drw has 0 polygons
2026-09-23 02:53:25 +0200: Memory Usage (461436K) : graphmetal1_drw has 0 polygons
2026-09-23 02:53:25 +0200: Memory Usage (461436K) : graphmetal1_filler has 0 polygons
2026-09-23 02:53:25 +0200: Memory Usage (461436K) : graphmetal1_nofill has 0 polygons
2026-09-23 02:53:25 +0200: Memory Usage (461436K) : graphmetal1_slit has 0 polygons
2026-09-23 02:53:25 +0200: Memory Usage (461436K) : graphmetal1_opc has 0 polygons
2026-09-23 02:53:25 +0200: Memory Usage (461436K) : graphmet1l_drw has 0 polygons
2026-09-23 02:53:25 +0200: Memory Usage (461700K) : graphmet1l_filler has 0 polygons
2026-09-23 02:53:25 +0200: Memory Usage (461700K) : graphmet1l_nofill has 0 polygons
2026-09-23 02:53:25 +0200: Memory Usage (461700K) : graphmet1l_slit has 0 polygons
2026-09-23 02:53:25 +0200: Memory Usage (461700K) : graphmet1l_opc has 0 polygons
2026-09-23 02:53:25 +0200: Memory Usage (461964K) : extblock_drw has 6098 polygons
2026-09-23 02:53:25 +0200: Memory Usage (461964K) : nldd_drw has 0 polygons
2026-09-23 02:53:25 +0200: Memory Usage (461964K) : pldd_drw has 0 polygons
2026-09-23 02:53:25 +0200: Memory Usage (461964K) : next_drw has 0 polygons
2026-09-23 02:53:25 +0200: Memory Usage (462228K) : pext_drw has 0 polygons
2026-09-23 02:53:25 +0200: Memory Usage (462228K) : nexthv_drw has 0 polygons
2026-09-23 02:53:25 +0200: Memory Usage (462228K) : pexthv_drw has 0 polygons
2026-09-23 02:53:25 +0200: Memory Usage (462228K) : graphgate_drw has 0 polygons
2026-09-23 02:53:25 +0200: Memory Usage (462228K) : sinwg_drw has 0 polygons
2026-09-23 02:53:25 +0200: Memory Usage (462492K) : sinwg_filler has 0 polygons
2026-09-23 02:53:25 +0200: Memory Usage (462492K) : sinwg_nofill has 0 polygons
2026-09-23 02:53:25 +0200: Memory Usage (462492K) : mempad_drw has 0 polygons
2026-09-23 02:53:25 +0200: Memory Usage (463548K) : topvia1_drw has 58171 polygons
2026-09-23 02:53:25 +0200: Memory Usage (463548K) : topmetal1_drw has 1769 polygons
2026-09-23 02:53:25 +0200: Memory Usage (463548K) : topmetal1_pin has 1065 polygons
2026-09-23 02:53:25 +0200: Memory Usage (463548K) : topmetal1_mask has 0 polygons
2026-09-23 02:53:25 +0200: Memory Usage (463548K) : topmetal1_filler has 0 polygons
2026-09-23 02:53:25 +0200: Memory Usage (463548K) : topmetal1_nofill has 26 polygons
2026-09-23 02:53:25 +0200: Memory Usage (463548K) : topmetal1_slit has 0 polygons
2026-09-23 02:53:25 +0200: Memory Usage (463548K) : topmetal1_text has 1035 polygons
2026-09-23 02:53:25 +0200: Memory Usage (463548K) : topmetal1_noqrc has 0 polygons
2026-09-23 02:53:25 +0200: Memory Usage (463548K) : topmetal1_res has 0 polygons
2026-09-23 02:53:25 +0200: Memory Usage (463548K) : topmetal1_iprobe has 0 polygons
2026-09-23 02:53:25 +0200: Memory Usage (463548K) : topmetal1_diffprb has 0 polygons
2026-09-23 02:53:25 +0200: Memory Usage (463548K) : inldpwl_drw has 0 polygons
2026-09-23 02:53:25 +0200: Memory Usage (463812K) : polyres_drw has 1627 polygons
2026-09-23 02:53:25 +0200: Memory Usage (463812K) : polyres_pin has 0 polygons
2026-09-23 02:53:25 +0200: Memory Usage (463812K) : vmim_drw has 6658 polygons
2026-09-23 02:53:25 +0200: Memory Usage (464076K) : nbulaycut_drw has 0 polygons
2026-09-23 02:53:25 +0200: Memory Usage (464076K) : antmetal1_drw has 0 polygons
2026-09-23 02:53:25 +0200: Memory Usage (464868K) : topvia2_drw has 40082 polygons
2026-09-23 02:53:25 +0200: Memory Usage (465124K) : topmetal2_drw has 895 polygons
2026-09-23 02:53:25 +0200: Memory Usage (465124K) : topmetal2_pin has 763 polygons
2026-09-23 02:53:25 +0200: Memory Usage (465124K) : topmetal2_mask has 0 polygons
2026-09-23 02:53:25 +0200: Memory Usage (465124K) : topmetal2_filler has 0 polygons
2026-09-23 02:53:25 +0200: Memory Usage (465124K) : topmetal2_nofill has 26 polygons
2026-09-23 02:53:25 +0200: Memory Usage (465124K) : topmetal2_slit has 0 polygons
2026-09-23 02:53:25 +0200: Memory Usage (465124K) : topmetal2_text has 755 polygons
2026-09-23 02:53:25 +0200: Memory Usage (465124K) : topmetal2_noqrc has 0 polygons
2026-09-23 02:53:25 +0200: Memory Usage (465124K) : topmetal2_res has 0 polygons
2026-09-23 02:53:25 +0200: Memory Usage (465124K) : topmetal2_iprobe has 0 polygons
2026-09-23 02:53:25 +0200: Memory Usage (465124K) : topmetal2_diffprb has 0 polygons
2026-09-23 02:53:25 +0200: Memory Usage (465124K) : snsring_drw has 0 polygons
2026-09-23 02:53:25 +0200: Memory Usage (465124K) : sensor_drw has 0 polygons
2026-09-23 02:53:25 +0200: Memory Usage (465124K) : snsarms_drw has 0 polygons
2026-09-23 02:53:25 +0200: Memory Usage (465124K) : snscmosvia_drw has 0 polygons
2026-09-23 02:53:25 +0200: Memory Usage (465124K) : colwind_drw has 0 polygons
2026-09-23 02:53:25 +0200: Memory Usage (465124K) : flm_drw has 0 polygons
2026-09-23 02:53:25 +0200: Memory Usage (465124K) : hafniumox_drw has 0 polygons
2026-09-23 02:53:25 +0200: Memory Usage (465124K) : memvia_drw has 0 polygons
2026-09-23 02:53:25 +0200: Memory Usage (465124K) : thinfilmres_drw has 0 polygons
2026-09-23 02:53:25 +0200: Memory Usage (465124K) : rfmem_drw has 0 polygons
2026-09-23 02:53:25 +0200: Memory Usage (465124K) : norcx_drw has 0 polygons
2026-09-23 02:53:25 +0200: Memory Usage (465124K) : norcx_m2m3 has 0 polygons
2026-09-23 02:53:25 +0200: Memory Usage (465124K) : norcx_m2m4 has 0 polygons
2026-09-23 02:53:25 +0200: Memory Usage (465124K) : norcx_m2m5 has 0 polygons
2026-09-23 02:53:25 +0200: Memory Usage (465124K) : norcx_m2tm1 has 0 polygons
2026-09-23 02:53:25 +0200: Memory Usage (465124K) : norcx_m2tm2 has 0 polygons
2026-09-23 02:53:25 +0200: Memory Usage (465124K) : norcx_m3m4 has 0 polygons
2026-09-23 02:53:25 +0200: Memory Usage (465124K) : norcx_m3m5 has 0 polygons
2026-09-23 02:53:25 +0200: Memory Usage (465124K) : norcx_m3tm1 has 0 polygons
2026-09-23 02:53:25 +0200: Memory Usage (465124K) : norcx_m3tm2 has 0 polygons
2026-09-23 02:53:25 +0200: Memory Usage (465124K) : norcx_m4m5 has 0 polygons
2026-09-23 02:53:25 +0200: Memory Usage (465124K) : norcx_m4tm1 has 0 polygons
2026-09-23 02:53:25 +0200: Memory Usage (465124K) : norcx_m4tm2 has 0 polygons
2026-09-23 02:53:25 +0200: Memory Usage (465124K) : norcx_m5tm1 has 0 polygons
2026-09-23 02:53:25 +0200: Memory Usage (465124K) : norcx_m5tm2 has 0 polygons
2026-09-23 02:53:25 +0200: Memory Usage (465124K) : norcx_tm1tm2 has 0 polygons
2026-09-23 02:53:25 +0200: Memory Usage (465124K) : norcx_m1sub has 0 polygons
2026-09-23 02:53:25 +0200: Memory Usage (465124K) : norcx_m2sub has 0 polygons
2026-09-23 02:53:25 +0200: Memory Usage (465124K) : norcx_m3sub has 0 polygons
2026-09-23 02:53:25 +0200: Memory Usage (465124K) : norcx_m4sub has 0 polygons
2026-09-23 02:53:25 +0200: Memory Usage (465124K) : norcx_m5sub has 0 polygons
2026-09-23 02:53:25 +0200: Memory Usage (465124K) : norcx_tm1sub has 0 polygons
2026-09-23 02:53:25 +0200: Memory Usage (465124K) : norcx_tm2sub has 0 polygons
2026-09-23 02:53:25 +0200: Memory Usage (465124K) : snsbotvia_drw has 0 polygons
2026-09-23 02:53:25 +0200: Memory Usage (465124K) : snstopvia_drw has 0 polygons
2026-09-23 02:53:25 +0200: Memory Usage (465124K) : deepvia_drw has 0 polygons
2026-09-23 02:53:25 +0200: Memory Usage (465124K) : fgetch_drw has 0 polygons
2026-09-23 02:53:25 +0200: Memory Usage (465124K) : ctrgat_drw has 0 polygons
2026-09-23 02:53:25 +0200: Memory Usage (465124K) : fgimp_drw has 0 polygons
2026-09-23 02:53:25 +0200: Memory Usage (465124K) : emwihv_drw has 0 polygons
2026-09-23 02:53:25 +0200: Memory Usage (465124K) : lbe_drw has 0 polygons
2026-09-23 02:53:25 +0200: Memory Usage (465124K) : alcustop_drw has 0 polygons
2026-09-23 02:53:25 +0200: Memory Usage (465124K) : nometfiller_drw has 14 polygons
2026-09-23 02:53:25 +0200: Memory Usage (465124K) : prboundary_drw has 0 polygons
2026-09-23 02:53:25 +0200: Memory Usage (465124K) : exchange0_drw has 0 polygons
2026-09-23 02:53:25 +0200: Memory Usage (465124K) : exchange0_pin has 0 polygons
2026-09-23 02:53:25 +0200: Memory Usage (465124K) : exchange0_text has 0 polygons
2026-09-23 02:53:25 +0200: Memory Usage (465124K) : exchange1_drw has 0 polygons
2026-09-23 02:53:25 +0200: Memory Usage (465124K) : exchange1_pin has 0 polygons
2026-09-23 02:53:25 +0200: Memory Usage (465124K) : exchange1_text has 0 polygons
2026-09-23 02:53:25 +0200: Memory Usage (465124K) : exchange2_drw has 0 polygons
2026-09-23 02:53:25 +0200: Memory Usage (465124K) : exchange2_pin has 0 polygons
2026-09-23 02:53:25 +0200: Memory Usage (465124K) : exchange2_text has 0 polygons
2026-09-23 02:53:25 +0200: Memory Usage (465124K) : exchange3_drw has 0 polygons
2026-09-23 02:53:25 +0200: Memory Usage (465124K) : exchange3_pin has 0 polygons
2026-09-23 02:53:25 +0200: Memory Usage (465124K) : exchange3_text has 0 polygons
2026-09-23 02:53:25 +0200: Memory Usage (465124K) : exchange4_drw has 0 polygons
2026-09-23 02:53:25 +0200: Memory Usage (465124K) : exchange4_pin has 0 polygons
2026-09-23 02:53:25 +0200: Memory Usage (465124K) : exchange4_text has 0 polygons
2026-09-23 02:53:25 +0200: Memory Usage (465124K) : isonwell_drw has 0 polygons
2026-09-23 02:53:25 +0200: Memory Usage (465124K) : Total no. of polygons in the design is 4676756
2026-09-23 02:53:25 +0200: Memory Usage (465124K) : Loaded TECH DRC rules values from /foss/pdks/ihp-sg13g2/libs.tech/klayout/python/sg13g2_pycell_lib/sg13g2_tech_mod.json
2026-09-23 02:53:25 +0200: Memory Usage (465124K) : Loaded default DRC rules values from /foss/pdks/ihp-sg13g2/libs.tech/klayout/tech/drc/rule_decks/sg13g2_tech_default.json
2026-09-23 02:53:25 +0200: Memory Usage (465124K) : The following rules values were missing in tech json and default values were used:
2026-09-23 02:53:25 +0200: Memory Usage (465124K) :   - NW_f1_digibnd
2026-09-23 02:53:25 +0200: Memory Usage (465124K) :   - Cnt_c_digibnd
2026-09-23 02:53:25 +0200: Memory Usage (465124K) :   - Cnt_c_sram
2026-09-23 02:53:25 +0200: Memory Usage (465124K) :   - Sdiod_b
2026-09-23 02:53:25 +0200: Memory Usage (465124K) :   - Sdiod_c
2026-09-23 02:53:26 +0200: Memory Usage (468356K) : Total area of the design is 1617984.0 um^2.
2026-09-23 02:53:26 +0200: Memory Usage (468356K) : The design dimensions are 1272.0 µm * 1272.0 µm.
2026-09-23 02:53:26 +0200: Memory Usage (468356K) : Starting general IHP-SG13G2 derivations.
2026-09-23 02:53:26 +0200: Memory Usage (468356K) : Starting Pwell derivations
2026-09-23 02:53:26 +0200: Memory Usage (482536K) : Starting n-Activ derivations
2026-09-23 02:53:27 +0200: Memory Usage (490876K) : Starting p-Activ derivations
2026-09-23 02:53:27 +0200: Memory Usage (490904K) : Starting ptap derivations
2026-09-23 02:53:28 +0200: Memory Usage (491264K) : Starting ntap derivations
2026-09-23 02:53:28 +0200: Memory Usage (491264K) : Starting pact FET derivations
2026-09-23 02:53:29 +0200: Memory Usage (491264K) : Starting nact FET derivations
2026-09-23 02:53:29 +0200: Memory Usage (491264K) : Starting Gate derivations
2026-09-23 02:53:29 +0200: Memory Usage (491264K) : Starting cont/contbar general derivations
2026-09-23 02:53:37 +0200: Memory Usage (790028K) : Starting pad general derivations
2026-09-23 02:53:37 +0200: Memory Usage (790028K) : Starting schottky_nbl general derivations
2026-09-23 02:53:37 +0200: Memory Usage (790028K) : Starting SVaricap general derivations
2026-09-23 02:53:37 +0200: Memory Usage (790028K) : Starting HBT general derivations
2026-09-23 02:53:37 +0200: Memory Usage (790176K) : Starting IHP-SG13G2 DRC connectivity related derivations.
2026-09-23 02:53:38 +0200: Memory Usage (790176K) : Starting IHP-SG13G2 DRC connectivity setup
2026-09-23 02:53:56 +0200: Memory Usage (823312K) : Starting IHP-SG13G2 DRC rules.
2026-09-23 02:53:56 +0200: Memory Usage (823312K) : Running all FEOL rules
2026-09-23 02:53:56 +0200: Memory Usage (823312K) : Running all BEOL rules
2026-09-23 02:53:56 +0200: Memory Usage (823312K) : Running all PIN rules
2026-09-23 02:53:56 +0200: Memory Usage (823312K) : Running all FORBIDDEN rules
2026-09-23 02:53:56 +0200: Memory Usage (823312K) : Starting 5.1 NWell table
2026-09-23 02:53:56 +0200: Memory Usage (823312K) : Executing rule NW.b
2026-09-23 02:53:56 +0200: Memory Usage (823612K) : Executing rule NW.b1
2026-09-23 02:53:56 +0200: Memory Usage (823612K) : Executing rule NW.f1
2026-09-23 02:53:57 +0200: Memory Usage (823624K) : Executing rule NW.f1.digibnd
2026-09-23 02:53:57 +0200: Memory Usage (823624K) : Starting 5.2 PWell:block
2026-09-23 02:53:57 +0200: Memory Usage (823624K) : Executing rule PWB.e
2026-09-23 02:53:57 +0200: Memory Usage (823624K) : Executing rule PWB.e1
2026-09-23 02:53:57 +0200: Memory Usage (823624K) : Executing rule PWB.f
2026-09-23 02:53:57 +0200: Memory Usage (823624K) : Executing rule PWB.f1
2026-09-23 02:53:57 +0200: Memory Usage (823624K) : Starting 5.3 nBuLay table
2026-09-23 02:53:57 +0200: Memory Usage (823624K) : Executing rule NBL.b
2026-09-23 02:53:57 +0200: Memory Usage (823628K) : Executing rule NBL.c
2026-09-23 02:53:57 +0200: Memory Usage (823628K) : Executing rule NBL.d
2026-09-23 02:53:57 +0200: Memory Usage (823628K) : Executing rule NBL.e
2026-09-23 02:53:57 +0200: Memory Usage (823692K) : Executing rule NBL.f
2026-09-23 02:53:57 +0200: Memory Usage (823692K) : Starting 5.5. Activ table
2026-09-23 02:53:57 +0200: Memory Usage (823692K) : Executing rule Act.a
2026-09-23 02:53:58 +0200: Memory Usage (823692K) : Executing rule Act.b
2026-09-23 02:53:59 +0200: Memory Usage (826424K) : Starting 5.6 Activ:filler table
2026-09-23 02:53:59 +0200: Memory Usage (826424K) : Tiling mode is enabled for Activ:filler table.
2026-09-23 02:53:59 +0200: Memory Usage (826424K) : Executing rule AFil.c1
2026-09-23 02:54:00 +0200: Memory Usage (832972K) : Executing rule AFil.c
2026-09-23 02:54:22 +0200: Memory Usage (821700K) : Executing rule AFil.d
2026-09-23 02:54:23 +0200: Memory Usage (823892K) : Executing rule AFil.e
2026-09-23 02:54:23 +0200: Memory Usage (823892K) : Executing rule AFil.j
2026-09-23 02:54:23 +0200: Memory Usage (823892K) : deep mode is enabled after Activ:filler table.
2026-09-23 02:54:23 +0200: Memory Usage (823892K) : Starting 5.7. ThickGateOx table
2026-09-23 02:54:23 +0200: Memory Usage (823892K) : Executing rule TGO.f
2026-09-23 02:54:23 +0200: Memory Usage (823892K) : Starting 5.8. GatPoly table
2026-09-23 02:54:23 +0200: Memory Usage (823892K) : Executing rule Gat.a
2026-09-23 02:54:23 +0200: Memory Usage (823892K) : Executing rule Gat.b
2026-09-23 02:54:23 +0200: Memory Usage (823892K) : Executing rule Gat.d
2026-09-23 02:54:23 +0200: Memory Usage (823892K) : Executing rule Gat.a1
2026-09-23 02:54:24 +0200: Memory Usage (824036K) : Executing rule Gat.a2
2026-09-23 02:54:24 +0200: Memory Usage (824036K) : Executing rule Gat.g
2026-09-23 02:54:24 +0200: Memory Usage (824416K) : Starting 5.9 GatPoly:filler
2026-09-23 02:54:25 +0200: Memory Usage (832232K) : Tiling mode is enabled for GatPoly:filler table.
2026-09-23 02:54:25 +0200: Memory Usage (832232K) : Executing rule GFil.d
2026-09-23 02:54:43 +0200: Memory Usage (872376K) : Executing rule GFil.e
2026-09-23 02:54:43 +0200: Memory Usage (872376K) : Executing rule GFil.i
2026-09-23 02:54:43 +0200: Memory Usage (872380K) : deep mode is enabled after GatPoly:filler table.
2026-09-23 02:54:43 +0200: Memory Usage (872380K) : Starting 5.10 pSD table
2026-09-23 02:54:43 +0200: Memory Usage (872380K) : Executing rule pSD.c1
2026-09-23 02:54:44 +0200: Memory Usage (872380K) : Starting 5.14. Cont table
2026-09-23 02:54:44 +0200: Memory Usage (872380K) : Executing rule Cnt.a
2026-09-23 02:54:57 +0200: Memory Usage (1191020K) : Executing rule Cnt.b
2026-09-23 02:55:04 +0200: Memory Usage (1191020K) : Executing rule Cnt.c
2026-09-23 02:55:33 +0200: Memory Usage (1257288K) : Executing rule Cnt.c.digibnd
2026-09-23 02:55:33 +0200: Memory Usage (1257288K) : Executing rule Cnt.c.SRAM
2026-09-23 02:55:33 +0200: Memory Usage (1257288K) : Executing rule Cnt.d
2026-09-23 02:55:33 +0200: Memory Usage (1257288K) : Executing rule Cnt.e
2026-09-23 02:55:34 +0200: Memory Usage (1257288K) : Executing rule Cnt.g1
2026-09-23 02:55:41 +0200: Memory Usage (1315192K) : Executing rule Cnt.g2
2026-09-23 02:55:52 +0200: Memory Usage (1269184K) : Starting 5.15. ContBar table
2026-09-23 02:55:52 +0200: Memory Usage (1269184K) : Executing rule CntB.a
2026-09-23 02:56:03 +0200: Memory Usage (1361040K) : Executing rule CntB.a1
2026-09-23 02:56:03 +0200: Memory Usage (1361040K) : Executing rule CntB.b1
2026-09-23 02:56:03 +0200: Memory Usage (1361040K) : Executing rule CntB.h1
2026-09-23 02:56:03 +0200: Memory Usage (1361040K) : Starting 6.1.3 NPN Substrate-Tie table
2026-09-23 02:56:03 +0200: Memory Usage (1361040K) : Executing rule npn13G2.bR 
2026-09-23 02:56:03 +0200: Memory Usage (1361040K) : Executing rule npn13G2L.cR 
2026-09-23 02:56:03 +0200: Memory Usage (1361040K) : Executing rule npn13G2V.cR 
2026-09-23 02:56:03 +0200: Memory Usage (1361040K) : Starting 6.7 Schottky diode table
2026-09-23 02:56:03 +0200: Memory Usage (1361040K) : Executing rule Sdiod.b
2026-09-23 02:56:03 +0200: Memory Usage (1361080K) : Executing rule Sdiod.c
2026-09-23 02:56:03 +0200: Memory Usage (1361080K) : Executing rule Sdiod.d
2026-09-23 02:56:03 +0200: Memory Usage (1361080K) : Executing rule Sdiod.e
2026-09-23 02:56:03 +0200: Memory Usage (1361080K) : Starting 7.2 Latch-up table
2026-09-23 02:56:03 +0200: Memory Usage (1361080K) : Executing rule LU.b
2026-09-23 02:56:05 +0200: Memory Usage (1361080K) : Starting 5.16. Metal1 table
2026-09-23 02:56:05 +0200: Memory Usage (1361080K) : Executing rule M1.a
2026-09-23 02:56:06 +0200: Memory Usage (1361080K) : Executing rule M1.b
2026-09-23 02:56:12 +0200: Memory Usage (1361080K) : Executing rule M1.e
2026-09-23 02:56:15 +0200: Memory Usage (1372524K) : Executing rule M1.f
2026-09-23 02:56:16 +0200: Memory Usage (1372524K) : Executing rule M1.g
2026-09-23 02:56:16 +0200: Memory Usage (1372524K) : Executing rule M1.i
2026-09-23 02:56:16 +0200: Memory Usage (1372524K) : Starting 5.17 Metaln table
2026-09-23 02:56:16 +0200: Memory Usage (1372524K) : Executing rule M2.a
2026-09-23 02:56:17 +0200: Memory Usage (1372524K) : Executing rule M2.b
2026-09-23 02:56:18 +0200: Memory Usage (1372524K) : Executing rule M2.e
2026-09-23 02:56:18 +0200: Memory Usage (1372524K) : Executing rule M2.f
2026-09-23 02:56:18 +0200: Memory Usage (1372524K) : Executing rule M2.g
2026-09-23 02:56:18 +0200: Memory Usage (1372524K) : Executing rule M2.i
2026-09-23 02:56:19 +0200: Memory Usage (1372524K) : Executing rule M3.a
2026-09-23 02:56:19 +0200: Memory Usage (1372524K) : Executing rule M3.b
2026-09-23 02:56:19 +0200: Memory Usage (1372524K) : Executing rule M3.e
2026-09-23 02:56:20 +0200: Memory Usage (1372524K) : Executing rule M3.f
2026-09-23 02:56:20 +0200: Memory Usage (1372524K) : Executing rule M3.g
2026-09-23 02:56:20 +0200: Memory Usage (1372524K) : Executing rule M3.i
2026-09-23 02:56:20 +0200: Memory Usage (1372524K) : Executing rule M4.a
2026-09-23 02:56:20 +0200: Memory Usage (1372524K) : Executing rule M4.b
2026-09-23 02:56:20 +0200: Memory Usage (1372524K) : Executing rule M4.e
2026-09-23 02:56:20 +0200: Memory Usage (1372524K) : Executing rule M4.f
2026-09-23 02:56:20 +0200: Memory Usage (1372524K) : Executing rule M4.g
2026-09-23 02:56:20 +0200: Memory Usage (1372524K) : Executing rule M4.i
2026-09-23 02:56:20 +0200: Memory Usage (1372524K) : Executing rule M5.a
2026-09-23 02:56:20 +0200: Memory Usage (1372524K) : Executing rule M5.b
2026-09-23 02:56:21 +0200: Memory Usage (1372524K) : Executing rule M5.e
2026-09-23 02:56:21 +0200: Memory Usage (1372524K) : Executing rule M5.f
2026-09-23 02:56:21 +0200: Memory Usage (1372524K) : Executing rule M5.g
2026-09-23 02:56:21 +0200: Memory Usage (1372524K) : Executing rule M5.i
2026-09-23 02:56:21 +0200: Memory Usage (1372524K) : Starting 5.18 Metaln:filler table
2026-09-23 02:56:21 +0200: Memory Usage (1372524K) : Tiling mode is enabled for Metaln:filler table.
2026-09-23 02:56:21 +0200: Memory Usage (1372524K) : Executing rule M1Fil.c
2026-09-23 02:56:22 +0200: Memory Usage (1372528K) : Executing rule M1Fil.a2
2026-09-23 02:56:22 +0200: Memory Usage (1372528K) : Executing rule M2Fil.c
2026-09-23 02:56:23 +0200: Memory Usage (1372528K) : Executing rule M2Fil.a2
2026-09-23 02:56:23 +0200: Memory Usage (1372528K) : Executing rule M3Fil.c
2026-09-23 02:56:23 +0200: Memory Usage (1372528K) : Executing rule M3Fil.a2
2026-09-23 02:56:23 +0200: Memory Usage (1372528K) : Executing rule M4Fil.c
2026-09-23 02:56:23 +0200: Memory Usage (1372528K) : Executing rule M4Fil.a2
2026-09-23 02:56:23 +0200: Memory Usage (1372528K) : Executing rule M5Fil.c
2026-09-23 02:56:23 +0200: Memory Usage (1372528K) : Executing rule M5Fil.a2
2026-09-23 02:56:23 +0200: Memory Usage (1372528K) : deep mode is enabled after Metaln:filler table.
2026-09-23 02:56:23 +0200: Memory Usage (1372528K) : Starting 5.19. Via1 table
2026-09-23 02:56:23 +0200: Memory Usage (1372528K) : Starting 5.19. Via1 table derivations
2026-09-23 02:56:23 +0200: Memory Usage (1372528K) : Executing rule V1.a
2026-09-23 02:56:23 +0200: Memory Usage (1372528K) : Executing rule V1.b
2026-09-23 02:56:24 +0200: Memory Usage (1372528K) : Executing rule V1.c
2026-09-23 02:56:24 +0200: Memory Usage (1372528K) : Starting 5.20. Vian table
2026-09-23 02:56:24 +0200: Memory Usage (1372528K) : Executing rule V2.a
2026-09-23 02:56:25 +0200: Memory Usage (1372528K) : Executing rule V2.b
2026-09-23 02:56:25 +0200: Memory Usage (1372528K) : Executing rule V2.c
2026-09-23 02:56:25 +0200: Memory Usage (1372528K) : Executing rule V3.a
2026-09-23 02:56:26 +0200: Memory Usage (1372528K) : Executing rule V3.b
2026-09-23 02:56:26 +0200: Memory Usage (1372528K) : Executing rule V3.c
2026-09-23 02:56:26 +0200: Memory Usage (1372528K) : Executing rule V4.a
2026-09-23 02:56:26 +0200: Memory Usage (1372528K) : Executing rule V4.b
2026-09-23 02:56:26 +0200: Memory Usage (1372528K) : Executing rule V4.c
2026-09-23 02:56:27 +0200: Memory Usage (1372528K) : Starting 5.21. TopVia1 table
2026-09-23 02:56:27 +0200: Memory Usage (1372528K) : Executing rule TV1.a
2026-09-23 02:56:27 +0200: Memory Usage (1372528K) : Executing rule TV1.b
2026-09-23 02:56:27 +0200: Memory Usage (1372528K) : Executing rule TV1.c
2026-09-23 02:56:27 +0200: Memory Usage (1372528K) : Executing rule TV1.d
2026-09-23 02:56:27 +0200: Memory Usage (1372528K) : Starting 5.22. TopMetal1 table
2026-09-23 02:56:27 +0200: Memory Usage (1372528K) : Executing rule TM1.a
2026-09-23 02:56:27 +0200: Memory Usage (1372528K) : Executing rule TM1.b
2026-09-23 02:56:27 +0200: Memory Usage (1372528K) : Starting 5.23 TopMetal1:filler table
2026-09-23 02:56:27 +0200: Memory Usage (1372528K) : Tiling mode is enabled for TopMetal1:filler table.
2026-09-23 02:56:27 +0200: Memory Usage (1372528K) : Executing rule TM1Fil.c
2026-09-23 02:56:27 +0200: Memory Usage (1372528K) : Executing rule TM1Fil.a1
2026-09-23 02:56:27 +0200: Memory Usage (1372528K) : deep mode is enabled after TopMetal1:filler table.
2026-09-23 02:56:27 +0200: Memory Usage (1372528K) : Starting 5.24. TopVia2 table
2026-09-23 02:56:27 +0200: Memory Usage (1372528K) : Executing rule TV2.a
2026-09-23 02:56:27 +0200: Memory Usage (1372528K) : Executing rule TV2.b
2026-09-23 02:56:27 +0200: Memory Usage (1372528K) : Executing rule TV2.c
2026-09-23 02:56:28 +0200: Memory Usage (1372528K) : Executing rule TV2.d
2026-09-23 02:56:28 +0200: Memory Usage (1372528K) : Starting 5.25. TopMetal2 table
2026-09-23 02:56:28 +0200: Memory Usage (1372528K) : Executing rule TM2.a
2026-09-23 02:56:28 +0200: Memory Usage (1372528K) : Executing rule TM2.b
2026-09-23 02:56:28 +0200: Memory Usage (1372528K) : Executing rule TM2.bR
2026-09-23 02:56:28 +0200: Memory Usage (1372528K) : Starting 5.26 TopMetal2:filler table
2026-09-23 02:56:28 +0200: Memory Usage (1372528K) : Tiling mode is enabled for TopMetal2:filler table.
2026-09-23 02:56:28 +0200: Memory Usage (1372528K) : Executing rule TM2Fil.c
2026-09-23 02:56:28 +0200: Memory Usage (1372528K) : Executing rule TM2Fil.a1
2026-09-23 02:56:28 +0200: Memory Usage (1372528K) : deep mode is enabled after TopMetal2:filler table.
2026-09-23 02:56:28 +0200: Memory Usage (1372528K) : Starting 5.27. Passiv table
2026-09-23 02:56:28 +0200: Memory Usage (1372528K) : Executing rule Pas.a
2026-09-23 02:56:28 +0200: Memory Usage (1372528K) : Executing rule Pas.b
2026-09-23 02:56:28 +0200: Memory Usage (1372528K) : Executing rule Pas.c
2026-09-23 02:56:28 +0200: Memory Usage (1372528K) : Starting 6.9.2 Copper Pillar table
2026-09-23 02:56:28 +0200: Memory Usage (1372528K) : Executing rule Padc.a
2026-09-23 02:56:28 +0200: Memory Usage (1372528K) : Executing rule Padc.b
2026-09-23 02:56:28 +0200: Memory Usage (1372528K) : Executing rule Padc.c
2026-09-23 02:56:28 +0200: Memory Usage (1372528K) : Executing rule Padb.f
2026-09-23 02:56:28 +0200: Memory Usage (1372528K) : Starting 6.9 Pad table
2026-09-23 02:56:28 +0200: Memory Usage (1372528K) : Executing rule Pad.m
2026-09-23 02:56:28 +0200: Memory Usage (1372528K) : Executing rule Pad.fR_M1
2026-09-23 02:56:28 +0200: Memory Usage (1372528K) : Executing rule Pad.fR_M2
2026-09-23 02:56:28 +0200: Memory Usage (1372528K) : Executing rule Pad.fR_M3
2026-09-23 02:56:28 +0200: Memory Usage (1372528K) : Executing rule Pad.fR_M4
2026-09-23 02:56:28 +0200: Memory Usage (1372528K) : Executing rule Pad.fR_M5
2026-09-23 02:56:28 +0200: Memory Usage (1372528K) : Executing rule Pad.fR_TM1
2026-09-23 02:56:28 +0200: Memory Usage (1372548K) : Executing rule Pad.fR_TM2
2026-09-23 02:56:28 +0200: Memory Usage (1372548K) : Executing rule Pad.i
2026-09-23 02:56:28 +0200: Memory Usage (1372548K) : Starting 6.9.1 Solder Bump
2026-09-23 02:56:28 +0200: Memory Usage (1372548K) : Executing rule Padb.a
2026-09-23 02:56:28 +0200: Memory Usage (1372548K) : Executing rule Padb.b
2026-09-23 02:56:28 +0200: Memory Usage (1372548K) : Executing rule Padb.c
2026-09-23 02:56:28 +0200: Memory Usage (1372548K) : Executing rule Padb.f
2026-09-23 02:56:28 +0200: Memory Usage (1372556K) : Executing rule Padb.d
2026-09-23 02:56:28 +0200: Memory Usage (1372556K) : Starting 6.10 Sealring table
2026-09-23 02:56:28 +0200: Memory Usage (1372556K) : Tiling mode is enabled for Seal.l rule.
2026-09-23 02:56:28 +0200: Memory Usage (1372556K) : Executing rule Seal.l
2026-09-23 02:56:28 +0200: Memory Usage (1372556K) : deep mode is enabled after Seal.l rule.
2026-09-23 02:56:28 +0200: Memory Usage (1372556K) : Executing rule Seal.n
2026-09-23 02:56:28 +0200: Memory Usage (1372556K) : Executing rule seal.b_metal1
2026-09-23 02:56:28 +0200: Memory Usage (1372556K) : Executing rule seal.b_metal2
2026-09-23 02:56:28 +0200: Memory Usage (1372556K) : Executing rule seal.b_metal3
2026-09-23 02:56:28 +0200: Memory Usage (1372556K) : Executing rule seal.b_metal4
2026-09-23 02:56:28 +0200: Memory Usage (1372556K) : Executing rule seal.b_metal5
2026-09-23 02:56:28 +0200: Memory Usage (1372556K) : Executing rule seal.b_topmetal1
2026-09-23 02:56:28 +0200: Memory Usage (1372556K) : Executing rule seal.b_topmetal2
2026-09-23 02:56:28 +0200: Memory Usage (1372556K) : Executing rule seal.b_activ
2026-09-23 02:56:28 +0200: Memory Usage (1372556K) : Executing rule seal.b_psd
2026-09-23 02:56:28 +0200: Memory Usage (1372556K) : Executing rule Seal.k
2026-09-23 02:56:28 +0200: Memory Usage (1372556K) : Executing rule Seal.m
2026-09-23 02:56:28 +0200: Memory Usage (1372556K) : Starting 6.11 MIM table
2026-09-23 02:56:28 +0200: Memory Usage (1372556K) : Executing rule MIM.c
2026-09-23 02:56:28 +0200: Memory Usage (1372556K) : Executing rule MIM.d
2026-09-23 02:56:29 +0200: Memory Usage (1372556K) : Executing rule MIM.gR
2026-09-23 02:56:29 +0200: Memory Usage (1372556K) : Starting 7.3 Metal Slits table
2026-09-23 02:56:29 +0200: Memory Usage (1372556K) : Executing rule Slt.e1_M1
2026-09-23 02:56:29 +0200: Memory Usage (1372556K) : Executing rule Slt.e1_M2
2026-09-23 02:56:29 +0200: Memory Usage (1372556K) : Executing rule Slt.e1_M3
2026-09-23 02:56:29 +0200: Memory Usage (1372556K) : Executing rule Slt.e1_M4
2026-09-23 02:56:29 +0200: Memory Usage (1372556K) : Executing rule Slt.e1_M5
2026-09-23 02:56:29 +0200: Memory Usage (1372556K) : Executing rule Slt.e1_TM1
2026-09-23 02:56:29 +0200: Memory Usage (1372556K) : Executing rule Slt.e1_TM2
2026-09-23 02:56:29 +0200: Memory Usage (1372556K) : Starting 9.1. LBE table
2026-09-23 02:56:29 +0200: Memory Usage (1372556K) : Executing rule LBE.a
2026-09-23 02:56:29 +0200: Memory Usage (1372556K) : Executing rule LBE.b
2026-09-23 02:56:29 +0200: Memory Usage (1372556K) : Executing rule LBE.b1
2026-09-23 02:56:29 +0200: Memory Usage (1372556K) : Executing rule LBE.c
2026-09-23 02:56:29 +0200: Memory Usage (1372556K) : Executing rule LBE.d
2026-09-23 02:56:29 +0200: Memory Usage (1372556K) : Executing rule LBE.h
2026-09-23 02:56:29 +0200: Memory Usage (1372556K) : Starting 7.4. PIN table
2026-09-23 02:56:29 +0200: Memory Usage (1372556K) : Executing rule Pin.a
2026-09-23 02:56:29 +0200: Memory Usage (1372556K) : Executing rule Pin.b
2026-09-23 02:56:29 +0200: Memory Usage (1372556K) : Executing rule Pin.e
2026-09-23 02:56:29 +0200: Memory Usage (1372556K) : Executing rule Pin.f_M2
2026-09-23 02:56:29 +0200: Memory Usage (1372556K) : Executing rule Pin.f_M3
2026-09-23 02:56:29 +0200: Memory Usage (1372556K) : Executing rule Pin.f_M4
2026-09-23 02:56:29 +0200: Memory Usage (1372556K) : Executing rule Pin.f_M5
2026-09-23 02:56:29 +0200: Memory Usage (1372556K) : Executing rule Pin.g
2026-09-23 02:56:29 +0200: Memory Usage (1372556K) : Executing rule Pin.h
2026-09-23 02:56:29 +0200: Memory Usage (1372556K) : Starting 3.1. offgrid table
2026-09-23 02:56:29 +0200: Memory Usage (1372556K) : Executing rule activ_drw_Offgrid
2026-09-23 02:56:30 +0200: Memory Usage (1372584K) : Executing rule activ_mask_Offgrid
2026-09-23 02:56:30 +0200: Memory Usage (1372584K) : Executing rule activ_filler_Offgrid
2026-09-23 02:56:30 +0200: Memory Usage (1372584K) : Executing rule activ_opc_Offgrid
2026-09-23 02:56:30 +0200: Memory Usage (1372584K) : Executing rule activ_iopc_Offgrid
2026-09-23 02:56:30 +0200: Memory Usage (1372584K) : Executing rule biwind_drw_Offgrid
2026-09-23 02:56:30 +0200: Memory Usage (1372584K) : Executing rule biwind_opc_Offgrid
2026-09-23 02:56:30 +0200: Memory Usage (1372584K) : Executing rule pemwind_drw_Offgrid
2026-09-23 02:56:30 +0200: Memory Usage (1372584K) : Executing rule gatpoly_drw_Offgrid
2026-09-23 02:56:30 +0200: Memory Usage (1372584K) : Executing rule gatpoly_filler_Offgrid
2026-09-23 02:56:30 +0200: Memory Usage (1372584K) : Executing rule gatpoly_opc_Offgrid
2026-09-23 02:56:30 +0200: Memory Usage (1372584K) : Executing rule gatpoly_iopc_Offgrid
2026-09-23 02:56:30 +0200: Memory Usage (1372584K) : Executing rule gatpoly_noqrc_Offgrid
2026-09-23 02:56:30 +0200: Memory Usage (1372584K) : Executing rule cont_drw_Offgrid
2026-09-23 02:56:58 +0200: Memory Usage (1441096K) : Executing rule cont_opc_Offgrid
2026-09-23 02:56:58 +0200: Memory Usage (1441096K) : Executing rule nsd_drw_Offgrid
2026-09-23 02:56:58 +0200: Memory Usage (1441096K) : Executing rule nsd_block_Offgrid
2026-09-23 02:56:58 +0200: Memory Usage (1441096K) : Executing rule metal1_drw_Offgrid
2026-09-23 02:56:59 +0200: Memory Usage (1439176K) : Executing rule metal1_mask_Offgrid
2026-09-23 02:56:59 +0200: Memory Usage (1439176K) : Executing rule metal1_filler_Offgrid
2026-09-23 02:56:59 +0200: Memory Usage (1439176K) : Executing rule metal1_slit_Offgrid
2026-09-23 02:56:59 +0200: Memory Usage (1439176K) : Executing rule metal1_opc_Offgrid
2026-09-23 02:56:59 +0200: Memory Usage (1439176K) : Executing rule metal1_noqrc_Offgrid
2026-09-23 02:56:59 +0200: Memory Usage (1439176K) : Executing rule metal1_res_Offgrid
2026-09-23 02:56:59 +0200: Memory Usage (1439176K) : Executing rule metal1_iprobe_Offgrid
2026-09-23 02:56:59 +0200: Memory Usage (1439176K) : Executing rule metal1_diffprb_Offgrid
2026-09-23 02:56:59 +0200: Memory Usage (1439176K) : Executing rule passiv_drw_Offgrid
2026-09-23 02:57:00 +0200: Memory Usage (1439176K) : Executing rule passiv_pillar_Offgrid
2026-09-23 02:57:00 +0200: Memory Usage (1439176K) : Executing rule passiv_sbump_Offgrid
2026-09-23 02:57:00 +0200: Memory Usage (1439176K) : Executing rule passiv_pdl_Offgrid
2026-09-23 02:57:00 +0200: Memory Usage (1439176K) : Executing rule metal2_drw_Offgrid
2026-09-23 02:57:00 +0200: Memory Usage (1437832K) : Executing rule metal2_mask_Offgrid
2026-09-23 02:57:00 +0200: Memory Usage (1437832K) : Executing rule metal2_filler_Offgrid
2026-09-23 02:57:00 +0200: Memory Usage (1437832K) : Executing rule metal2_slit_Offgrid
2026-09-23 02:57:01 +0200: Memory Usage (1437832K) : Executing rule metal2_opc_Offgrid
2026-09-23 02:57:01 +0200: Memory Usage (1437832K) : Executing rule metal2_noqrc_Offgrid
2026-09-23 02:57:01 +0200: Memory Usage (1437832K) : Executing rule metal2_res_Offgrid
2026-09-23 02:57:01 +0200: Memory Usage (1437832K) : Executing rule metal2_iprobe_Offgrid
2026-09-23 02:57:01 +0200: Memory Usage (1437832K) : Executing rule metal2_diffprb_Offgrid
2026-09-23 02:57:01 +0200: Memory Usage (1437832K) : Executing rule baspoly_drw_Offgrid
2026-09-23 02:57:01 +0200: Memory Usage (1437832K) : Executing rule psd_drw_Offgrid
2026-09-23 02:57:01 +0200: Memory Usage (1437000K) : Executing rule nldb_drw_Offgrid
2026-09-23 02:57:01 +0200: Memory Usage (1437000K) : Executing rule via1_drw_Offgrid
2026-09-23 02:57:03 +0200: Memory Usage (1440392K) : Executing rule backmetal1_drw_Offgrid
2026-09-23 02:57:03 +0200: Memory Usage (1440392K) : Executing rule backmetal1_mask_Offgrid
2026-09-23 02:57:03 +0200: Memory Usage (1440392K) : Executing rule backmetal1_filler_Offgrid
2026-09-23 02:57:03 +0200: Memory Usage (1440392K) : Executing rule backmetal1_slit_Offgrid
2026-09-23 02:57:03 +0200: Memory Usage (1440392K) : Executing rule backmetal1_opc_Offgrid
2026-09-23 02:57:03 +0200: Memory Usage (1440392K) : Executing rule backmetal1_noqrc_Offgrid
2026-09-23 02:57:03 +0200: Memory Usage (1440392K) : Executing rule backmetal1_res_Offgrid
2026-09-23 02:57:03 +0200: Memory Usage (1440392K) : Executing rule backmetal1_iprobe_Offgrid
2026-09-23 02:57:03 +0200: Memory Usage (1440392K) : Executing rule backmetal1_diffprb_Offgrid
2026-09-23 02:57:03 +0200: Memory Usage (1440392K) : Executing rule backpassiv_drw_Offgrid
2026-09-23 02:57:03 +0200: Memory Usage (1440392K) : Executing rule salblock_drw_Offgrid
2026-09-23 02:57:03 +0200: Memory Usage (1440456K) : Executing rule via2_drw_Offgrid
2026-09-23 02:57:04 +0200: Memory Usage (1441992K) : Executing rule metal3_drw_Offgrid
2026-09-23 02:57:04 +0200: Memory Usage (1441992K) : Executing rule metal3_mask_Offgrid
2026-09-23 02:57:04 +0200: Memory Usage (1441992K) : Executing rule metal3_filler_Offgrid
2026-09-23 02:57:05 +0200: Memory Usage (1439368K) : Executing rule metal3_slit_Offgrid
2026-09-23 02:57:05 +0200: Memory Usage (1439368K) : Executing rule metal3_opc_Offgrid
2026-09-23 02:57:05 +0200: Memory Usage (1439368K) : Executing rule metal3_noqrc_Offgrid
2026-09-23 02:57:05 +0200: Memory Usage (1439368K) : Executing rule metal3_res_Offgrid
2026-09-23 02:57:05 +0200: Memory Usage (1439368K) : Executing rule metal3_iprobe_Offgrid
2026-09-23 02:57:05 +0200: Memory Usage (1439368K) : Executing rule metal3_diffprb_Offgrid
2026-09-23 02:57:05 +0200: Memory Usage (1439368K) : Executing rule nwell_drw_Offgrid
2026-09-23 02:57:05 +0200: Memory Usage (1437576K) : Executing rule nbulay_drw_Offgrid
2026-09-23 02:57:05 +0200: Memory Usage (1437576K) : Executing rule nbulay_block_Offgrid
2026-09-23 02:57:05 +0200: Memory Usage (1437576K) : Executing rule pwell_drw_Offgrid
2026-09-23 02:57:05 +0200: Memory Usage (1437576K) : Executing rule pwell_block_Offgrid
2026-09-23 02:57:05 +0200: Memory Usage (1437576K) : Executing rule emwind_drw_Offgrid
2026-09-23 02:57:05 +0200: Memory Usage (1437576K) : Executing rule emwind_opc_Offgrid
2026-09-23 02:57:05 +0200: Memory Usage (1437576K) : Executing rule deepco_drw_Offgrid
2026-09-23 02:57:05 +0200: Memory Usage (1437576K) : Executing rule mim_drw_Offgrid
2026-09-23 02:57:05 +0200: Memory Usage (1437576K) : Executing rule substrate_drw_Offgrid
2026-09-23 02:57:05 +0200: Memory Usage (1437576K) : Executing rule ic_drw_Offgrid
2026-09-23 02:57:05 +0200: Memory Usage (1437576K) : Executing rule via3_drw_Offgrid
2026-09-23 02:57:06 +0200: Memory Usage (1437832K) : Executing rule pldb_drw_Offgrid
2026-09-23 02:57:06 +0200: Memory Usage (1437832K) : Executing rule metal4_drw_Offgrid
2026-09-23 02:57:06 +0200: Memory Usage (1437832K) : Executing rule metal4_mask_Offgrid
2026-09-23 02:57:06 +0200: Memory Usage (1437832K) : Executing rule metal4_filler_Offgrid
2026-09-23 02:57:06 +0200: Memory Usage (1437832K) : Executing rule metal4_slit_Offgrid
2026-09-23 02:57:06 +0200: Memory Usage (1437832K) : Executing rule metal4_opc_Offgrid
2026-09-23 02:57:06 +0200: Memory Usage (1437832K) : Executing rule metal4_noqrc_Offgrid
2026-09-23 02:57:06 +0200: Memory Usage (1437832K) : Executing rule metal4_res_Offgrid
2026-09-23 02:57:06 +0200: Memory Usage (1437832K) : Executing rule metal4_iprobe_Offgrid
2026-09-23 02:57:07 +0200: Memory Usage (1437832K) : Executing rule metal4_diffprb_Offgrid
2026-09-23 02:57:07 +0200: Memory Usage (1437832K) : Executing rule via4_drw_Offgrid
2026-09-23 02:57:07 +0200: Memory Usage (1441992K) : Executing rule metal5_drw_Offgrid
2026-09-23 02:57:07 +0200: Memory Usage (1441992K) : Executing rule metal5_mask_Offgrid
2026-09-23 02:57:07 +0200: Memory Usage (1441544K) : Executing rule metal5_filler_Offgrid
2026-09-23 02:57:07 +0200: Memory Usage (1441544K) : Executing rule metal5_slit_Offgrid
2026-09-23 02:57:07 +0200: Memory Usage (1441544K) : Executing rule metal5_opc_Offgrid
2026-09-23 02:57:08 +0200: Memory Usage (1441544K) : Executing rule metal5_noqrc_Offgrid
2026-09-23 02:57:08 +0200: Memory Usage (1441544K) : Executing rule metal5_res_Offgrid
2026-09-23 02:57:08 +0200: Memory Usage (1441544K) : Executing rule metal5_iprobe_Offgrid
2026-09-23 02:57:08 +0200: Memory Usage (1441544K) : Executing rule metal5_diffprb_Offgrid
2026-09-23 02:57:08 +0200: Memory Usage (1441544K) : Executing rule prboundary_drw_Offgrid
2026-09-23 02:57:08 +0200: Memory Usage (1441544K) : Executing rule exchange0_drw_Offgrid
2026-09-23 02:57:08 +0200: Memory Usage (1441544K) : Executing rule exchange1_drw_Offgrid
2026-09-23 02:57:08 +0200: Memory Usage (1441544K) : Executing rule exchange2_drw_Offgrid
2026-09-23 02:57:08 +0200: Memory Usage (1441544K) : Executing rule exchange3_drw_Offgrid
2026-09-23 02:57:08 +0200: Memory Usage (1441544K) : Executing rule exchange4_drw_Offgrid
2026-09-23 02:57:08 +0200: Memory Usage (1441544K) : Executing rule isonwell_drw_Offgrid
2026-09-23 02:57:08 +0200: Memory Usage (1441544K) : Executing rule thickgateox_drw_Offgrid
2026-09-23 02:57:08 +0200: Memory Usage (1441288K) : Executing rule pempoly_drw_Offgrid
2026-09-23 02:57:08 +0200: Memory Usage (1441288K) : Executing rule fbe_drw_Offgrid
2026-09-23 02:57:08 +0200: Memory Usage (1441288K) : Executing rule empoly_drw_Offgrid
2026-09-23 02:57:08 +0200: Memory Usage (1441288K) : Executing rule ldmos_drw_Offgrid
2026-09-23 02:57:08 +0200: Memory Usage (1441288K) : Executing rule pbiwind_drw_Offgrid
2026-09-23 02:57:08 +0200: Memory Usage (1441288K) : Executing rule colopen_drw_Offgrid
2026-09-23 02:57:08 +0200: Memory Usage (1441288K) : Executing rule extblock_drw_Offgrid
2026-09-23 02:57:08 +0200: Memory Usage (1441288K) : Executing rule nldd_drw_Offgrid
2026-09-23 02:57:08 +0200: Memory Usage (1441288K) : Executing rule pldd_drw_Offgrid
2026-09-23 02:57:08 +0200: Memory Usage (1441288K) : Executing rule next_drw_Offgrid
2026-09-23 02:57:08 +0200: Memory Usage (1441288K) : Executing rule pext_drw_Offgrid
2026-09-23 02:57:08 +0200: Memory Usage (1441288K) : Executing rule nexthv_drw_Offgrid
2026-09-23 02:57:08 +0200: Memory Usage (1441288K) : Executing rule pexthv_drw_Offgrid
2026-09-23 02:57:09 +0200: Memory Usage (1441096K) : Executing rule graphgate_drw_Offgrid
2026-09-23 02:57:09 +0200: Memory Usage (1441096K) : Executing rule mempad_drw_Offgrid
2026-09-23 02:57:09 +0200: Memory Usage (1441096K) : Executing rule topvia1_drw_Offgrid
2026-09-23 02:57:09 +0200: Memory Usage (1441032K) : Executing rule topmetal1_drw_Offgrid
2026-09-23 02:57:09 +0200: Memory Usage (1441032K) : Executing rule topmetal1_mask_Offgrid
2026-09-23 02:57:09 +0200: Memory Usage (1441032K) : Executing rule topmetal1_filler_Offgrid
2026-09-23 02:57:09 +0200: Memory Usage (1441032K) : Executing rule topmetal1_slit_Offgrid
2026-09-23 02:57:09 +0200: Memory Usage (1441032K) : Executing rule topmetal1_noqrc_Offgrid
2026-09-23 02:57:09 +0200: Memory Usage (1441032K) : Executing rule topmetal1_res_Offgrid
2026-09-23 02:57:09 +0200: Memory Usage (1441032K) : Executing rule topmetal1_iprobe_Offgrid
2026-09-23 02:57:10 +0200: Memory Usage (1441032K) : Executing rule topmetal1_diffprb_Offgrid
2026-09-23 02:57:10 +0200: Memory Usage (1441032K) : Executing rule inldpwl_drw_Offgrid
2026-09-23 02:57:10 +0200: Memory Usage (1441032K) : Executing rule polyres_drw_Offgrid
2026-09-23 02:57:10 +0200: Memory Usage (1440904K) : Executing rule vmim_drw_Offgrid
2026-09-23 02:57:10 +0200: Memory Usage (1440904K) : Executing rule nbulaycut_drw_Offgrid
2026-09-23 02:57:10 +0200: Memory Usage (1440904K) : Executing rule antmetal1_drw_Offgrid
2026-09-23 02:57:10 +0200: Memory Usage (1440904K) : Executing rule topvia2_drw_Offgrid
2026-09-23 02:57:11 +0200: Memory Usage (1440840K) : Executing rule topmetal2_drw_Offgrid
2026-09-23 02:57:11 +0200: Memory Usage (1440840K) : Executing rule topmetal2_mask_Offgrid
2026-09-23 02:57:11 +0200: Memory Usage (1440840K) : Executing rule topmetal2_filler_Offgrid
2026-09-23 02:57:11 +0200: Memory Usage (1440840K) : Executing rule topmetal2_slit_Offgrid
2026-09-23 02:57:11 +0200: Memory Usage (1440840K) : Executing rule topmetal2_noqrc_Offgrid
2026-09-23 02:57:11 +0200: Memory Usage (1440840K) : Executing rule topmetal2_res_Offgrid
2026-09-23 02:57:11 +0200: Memory Usage (1440840K) : Executing rule topmetal2_iprobe_Offgrid
2026-09-23 02:57:11 +0200: Memory Usage (1440840K) : Executing rule topmetal2_diffprb_Offgrid
2026-09-23 02:57:11 +0200: Memory Usage (1440840K) : Executing rule snsring_drw_Offgrid
2026-09-23 02:57:11 +0200: Memory Usage (1440840K) : Executing rule sensor_drw_Offgrid
2026-09-23 02:57:11 +0200: Memory Usage (1440840K) : Executing rule snsarms_drw_Offgrid
2026-09-23 02:57:11 +0200: Memory Usage (1440840K) : Executing rule snscmosvia_drw_Offgrid
2026-09-23 02:57:11 +0200: Memory Usage (1440840K) : Executing rule colwind_drw_Offgrid
2026-09-23 02:57:11 +0200: Memory Usage (1440840K) : Executing rule flm_drw_Offgrid
2026-09-23 02:57:11 +0200: Memory Usage (1440840K) : Executing rule hafniumox_drw_Offgrid
2026-09-23 02:57:11 +0200: Memory Usage (1440840K) : Executing rule memvia_drw_Offgrid
2026-09-23 02:57:11 +0200: Memory Usage (1440840K) : Executing rule thinfilmres_drw_Offgrid
2026-09-23 02:57:11 +0200: Memory Usage (1440840K) : Executing rule rfmem_drw_Offgrid
2026-09-23 02:57:11 +0200: Memory Usage (1440840K) : Executing rule snsbotvia_drw_Offgrid
2026-09-23 02:57:11 +0200: Memory Usage (1440840K) : Executing rule snstopvia_drw_Offgrid
2026-09-23 02:57:11 +0200: Memory Usage (1440840K) : Executing rule deepvia_drw_Offgrid
2026-09-23 02:57:11 +0200: Memory Usage (1440840K) : Executing rule fgetch_drw_Offgrid
2026-09-23 02:57:11 +0200: Memory Usage (1440840K) : Executing rule ctrgat_drw_Offgrid
2026-09-23 02:57:12 +0200: Memory Usage (1440840K) : Executing rule fgimp_drw_Offgrid
2026-09-23 02:57:12 +0200: Memory Usage (1440840K) : Executing rule emwihv_drw_Offgrid
2026-09-23 02:57:12 +0200: Memory Usage (1440840K) : Executing rule lbe_drw_Offgrid
2026-09-23 02:57:12 +0200: Memory Usage (1440840K) : Executing rule alcustop_drw_Offgrid
2026-09-23 02:57:12 +0200: Memory Usage (1440840K) : Starting 3.2. angle table
2026-09-23 02:57:12 +0200: Memory Usage (1440840K) : Executing rule activ_drw_Acute
2026-09-23 02:57:12 +0200: Memory Usage (1440840K) : Executing rule activ_pin_Acute
2026-09-23 02:57:12 +0200: Memory Usage (1440840K) : Executing rule activ_mask_Acute
2026-09-23 02:57:12 +0200: Memory Usage (1440840K) : Executing rule activ_filler_Acute
2026-09-23 02:57:12 +0200: Memory Usage (1440840K) : Executing rule activ_nofill_Acute
2026-09-23 02:57:12 +0200: Memory Usage (1440840K) : Executing rule activ_opc_Acute
2026-09-23 02:57:12 +0200: Memory Usage (1440840K) : Executing rule activ_iopc_Acute
2026-09-23 02:57:12 +0200: Memory Usage (1440840K) : Executing rule activ_noqrc_Acute
2026-09-23 02:57:12 +0200: Memory Usage (1440840K) : Executing rule biwind_drw_Acute
2026-09-23 02:57:13 +0200: Memory Usage (1440840K) : Executing rule biwind_opc_Acute
2026-09-23 02:57:13 +0200: Memory Usage (1440840K) : Executing rule pemwind_drw_Acute
2026-09-23 02:57:13 +0200: Memory Usage (1440840K) : Executing rule gatpoly_drw_Acute
2026-09-23 02:57:13 +0200: Memory Usage (1440840K) : Executing rule gatpoly_pin_Acute
2026-09-23 02:57:13 +0200: Memory Usage (1440840K) : Executing rule gatpoly_filler_Acute
2026-09-23 02:57:13 +0200: Memory Usage (1440840K) : Executing rule gatpoly_nofill_Acute
2026-09-23 02:57:13 +0200: Memory Usage (1440840K) : Executing rule gatpoly_opc_Acute
2026-09-23 02:57:13 +0200: Memory Usage (1440840K) : Executing rule gatpoly_iopc_Acute
2026-09-23 02:57:13 +0200: Memory Usage (1440840K) : Executing rule gatpoly_noqrc_Acute
2026-09-23 02:57:13 +0200: Memory Usage (1440840K) : Executing rule cont_drw_Acute
2026-09-23 02:57:42 +0200: Memory Usage (1455840K) : Executing rule cont_opc_Acute
2026-09-23 02:57:42 +0200: Memory Usage (1455840K) : Executing rule nsd_drw_Acute
2026-09-23 02:57:42 +0200: Memory Usage (1455840K) : Executing rule nsd_block_Acute
2026-09-23 02:57:42 +0200: Memory Usage (1455840K) : Executing rule metal1_drw_Acute
2026-09-23 02:57:43 +0200: Memory Usage (1410088K) : Executing rule metal1_pin_Acute
2026-09-23 02:57:44 +0200: Memory Usage (1409320K) : Executing rule metal1_mask_Acute
2026-09-23 02:57:44 +0200: Memory Usage (1409320K) : Executing rule metal1_filler_Acute
2026-09-23 02:57:44 +0200: Memory Usage (1409320K) : Executing rule metal1_nofill_Acute
2026-09-23 02:57:44 +0200: Memory Usage (1409320K) : Executing rule metal1_slit_Acute
2026-09-23 02:57:44 +0200: Memory Usage (1409320K) : Executing rule metal1_opc_Acute
2026-09-23 02:57:44 +0200: Memory Usage (1409320K) : Executing rule metal1_noqrc_Acute
2026-09-23 02:57:44 +0200: Memory Usage (1409320K) : Executing rule metal1_res_Acute
2026-09-23 02:57:44 +0200: Memory Usage (1409320K) : Executing rule metal1_iprobe_Acute
2026-09-23 02:57:44 +0200: Memory Usage (1409320K) : Executing rule metal1_diffprb_Acute
2026-09-23 02:57:44 +0200: Memory Usage (1409320K) : Executing rule passiv_drw_Acute
2026-09-23 02:57:45 +0200: Memory Usage (1408808K) : Executing rule passiv_pin_Acute
2026-09-23 02:57:45 +0200: Memory Usage (1408808K) : Executing rule passiv_pillar_Acute
2026-09-23 02:57:45 +0200: Memory Usage (1408808K) : Executing rule passiv_sbump_Acute
2026-09-23 02:57:45 +0200: Memory Usage (1408808K) : Executing rule passiv_pdl_Acute
2026-09-23 02:57:45 +0200: Memory Usage (1408808K) : Executing rule metal2_drw_Acute
2026-09-23 02:57:45 +0200: Memory Usage (1408488K) : Executing rule metal2_pin_Acute
2026-09-23 02:57:46 +0200: Memory Usage (1408488K) : Executing rule metal2_mask_Acute
2026-09-23 02:57:46 +0200: Memory Usage (1408488K) : Executing rule metal2_filler_Acute
2026-09-23 02:57:46 +0200: Memory Usage (1408488K) : Executing rule metal2_nofill_Acute
2026-09-23 02:57:46 +0200: Memory Usage (1408488K) : Executing rule metal2_slit_Acute
2026-09-23 02:57:46 +0200: Memory Usage (1408296K) : Executing rule metal2_opc_Acute
2026-09-23 02:57:46 +0200: Memory Usage (1408296K) : Executing rule metal2_noqrc_Acute
2026-09-23 02:57:46 +0200: Memory Usage (1408296K) : Executing rule metal2_res_Acute
2026-09-23 02:57:46 +0200: Memory Usage (1408296K) : Executing rule metal2_iprobe_Acute
2026-09-23 02:57:46 +0200: Memory Usage (1408296K) : Executing rule metal2_diffprb_Acute
2026-09-23 02:57:46 +0200: Memory Usage (1408296K) : Executing rule baspoly_drw_Acute
2026-09-23 02:57:46 +0200: Memory Usage (1408296K) : Executing rule baspoly_pin_Acute
2026-09-23 02:57:46 +0200: Memory Usage (1408296K) : Executing rule psd_drw_Acute
2026-09-23 02:57:47 +0200: Memory Usage (1408168K) : Executing rule nldb_drw_Acute
2026-09-23 02:57:47 +0200: Memory Usage (1408168K) : Executing rule via1_drw_Acute
2026-09-23 02:57:48 +0200: Memory Usage (1412264K) : Executing rule backmetal1_drw_Acute
2026-09-23 02:57:48 +0200: Memory Usage (1412264K) : Executing rule backmetal1_pin_Acute
2026-09-23 02:57:48 +0200: Memory Usage (1412264K) : Executing rule backmetal1_mask_Acute
2026-09-23 02:57:48 +0200: Memory Usage (1412264K) : Executing rule backmetal1_filler_Acute
2026-09-23 02:57:48 +0200: Memory Usage (1412264K) : Executing rule backmetal1_nofill_Acute
2026-09-23 02:57:48 +0200: Memory Usage (1412264K) : Executing rule backmetal1_slit_Acute
2026-09-23 02:57:48 +0200: Memory Usage (1412264K) : Executing rule backmetal1_opc_Acute
2026-09-23 02:57:48 +0200: Memory Usage (1412264K) : Executing rule backmetal1_noqrc_Acute
2026-09-23 02:57:48 +0200: Memory Usage (1412264K) : Executing rule backmetal1_res_Acute
2026-09-23 02:57:48 +0200: Memory Usage (1412328K) : Executing rule backmetal1_iprobe_Acute
2026-09-23 02:57:48 +0200: Memory Usage (1412328K) : Executing rule backmetal1_diffprb_Acute
2026-09-23 02:57:48 +0200: Memory Usage (1412392K) : Executing rule backpassiv_drw_Acute
2026-09-23 02:57:48 +0200: Memory Usage (1412456K) : Executing rule salblock_drw_Acute
2026-09-23 02:57:48 +0200: Memory Usage (1412456K) : Executing rule via2_drw_Acute
2026-09-23 02:57:49 +0200: Memory Usage (1413800K) : Executing rule metal3_drw_Acute
2026-09-23 02:57:49 +0200: Memory Usage (1413800K) : Executing rule metal3_pin_Acute
2026-09-23 02:57:50 +0200: Memory Usage (1411048K) : Executing rule metal3_mask_Acute
2026-09-23 02:57:50 +0200: Memory Usage (1411048K) : Executing rule metal3_filler_Acute
2026-09-23 02:57:50 +0200: Memory Usage (1411048K) : Executing rule metal3_nofill_Acute
2026-09-23 02:57:50 +0200: Memory Usage (1411048K) : Executing rule metal3_slit_Acute
2026-09-23 02:57:50 +0200: Memory Usage (1409320K) : Executing rule metal3_opc_Acute
2026-09-23 02:57:50 +0200: Memory Usage (1409320K) : Executing rule metal3_noqrc_Acute
2026-09-23 02:57:50 +0200: Memory Usage (1409320K) : Executing rule metal3_res_Acute
2026-09-23 02:57:50 +0200: Memory Usage (1409320K) : Executing rule metal3_iprobe_Acute
2026-09-23 02:57:50 +0200: Memory Usage (1409320K) : Executing rule metal3_diffprb_Acute
2026-09-23 02:57:50 +0200: Memory Usage (1409320K) : Executing rule nwell_drw_Acute
2026-09-23 02:57:51 +0200: Memory Usage (1409320K) : Executing rule nwell_pin_Acute
2026-09-23 02:57:51 +0200: Memory Usage (1408296K) : Executing rule nbulay_drw_Acute
2026-09-23 02:57:51 +0200: Memory Usage (1408296K) : Executing rule nbulay_pin_Acute
2026-09-23 02:57:51 +0200: Memory Usage (1408296K) : Executing rule nbulay_block_Acute
2026-09-23 02:57:51 +0200: Memory Usage (1408296K) : Executing rule pwell_drw_Acute
2026-09-23 02:57:51 +0200: Memory Usage (1408296K) : Executing rule pwell_pin_Acute
2026-09-23 02:57:51 +0200: Memory Usage (1408296K) : Executing rule pwell_block_Acute
2026-09-23 02:57:51 +0200: Memory Usage (1408296K) : Executing rule emwind_drw_Acute
2026-09-23 02:57:51 +0200: Memory Usage (1408296K) : Executing rule emwind_opc_Acute
2026-09-23 02:57:51 +0200: Memory Usage (1408296K) : Executing rule deepco_drw_Acute
2026-09-23 02:57:51 +0200: Memory Usage (1408296K) : Executing rule mim_drw_Acute
2026-09-23 02:57:51 +0200: Memory Usage (1407976K) : Executing rule substrate_drw_Acute
2026-09-23 02:57:51 +0200: Memory Usage (1407976K) : Executing rule ic_drw_Acute
2026-09-23 02:57:51 +0200: Memory Usage (1407976K) : Executing rule via3_drw_Acute
2026-09-23 02:57:52 +0200: Memory Usage (1409768K) : Executing rule pldb_drw_Acute
2026-09-23 02:57:52 +0200: Memory Usage (1409768K) : Executing rule metal4_drw_Acute
2026-09-23 02:57:52 +0200: Memory Usage (1409064K) : Executing rule metal4_pin_Acute
2026-09-23 02:57:53 +0200: Memory Usage (1409064K) : Executing rule metal4_mask_Acute
2026-09-23 02:57:53 +0200: Memory Usage (1409064K) : Executing rule metal4_filler_Acute
2026-09-23 02:57:53 +0200: Memory Usage (1409064K) : Executing rule metal4_nofill_Acute
2026-09-23 02:57:53 +0200: Memory Usage (1409064K) : Executing rule metal4_slit_Acute
2026-09-23 02:57:53 +0200: Memory Usage (1409064K) : Executing rule metal4_opc_Acute
2026-09-23 02:57:53 +0200: Memory Usage (1409064K) : Executing rule metal4_noqrc_Acute
2026-09-23 02:57:53 +0200: Memory Usage (1409064K) : Executing rule metal4_res_Acute
2026-09-23 02:57:53 +0200: Memory Usage (1409064K) : Executing rule metal4_iprobe_Acute
2026-09-23 02:57:53 +0200: Memory Usage (1408680K) : Executing rule metal4_diffprb_Acute
2026-09-23 02:57:53 +0200: Memory Usage (1408680K) : Executing rule via4_drw_Acute
2026-09-23 02:57:54 +0200: Memory Usage (1409896K) : Executing rule metal5_drw_Acute
2026-09-23 02:57:54 +0200: Memory Usage (1409896K) : Executing rule metal5_pin_Acute
2026-09-23 02:57:54 +0200: Memory Usage (1409896K) : Executing rule metal5_mask_Acute
2026-09-23 02:57:54 +0200: Memory Usage (1409896K) : Executing rule metal5_filler_Acute
2026-09-23 02:57:54 +0200: Memory Usage (1409896K) : Executing rule metal5_nofill_Acute
2026-09-23 02:57:54 +0200: Memory Usage (1409448K) : Executing rule metal5_slit_Acute
2026-09-23 02:57:54 +0200: Memory Usage (1409448K) : Executing rule metal5_opc_Acute
2026-09-23 02:57:54 +0200: Memory Usage (1409448K) : Executing rule metal5_noqrc_Acute
2026-09-23 02:57:54 +0200: Memory Usage (1409448K) : Executing rule metal5_res_Acute
2026-09-23 02:57:54 +0200: Memory Usage (1409448K) : Executing rule metal5_iprobe_Acute
2026-09-23 02:57:54 +0200: Memory Usage (1409448K) : Executing rule metal5_diffprb_Acute
2026-09-23 02:57:54 +0200: Memory Usage (1409448K) : Executing rule prboundary_drw_Acute
2026-09-23 02:57:54 +0200: Memory Usage (1409448K) : Executing rule exchange0_drw_Acute
2026-09-23 02:57:54 +0200: Memory Usage (1409448K) : Executing rule exchange0_pin_Acute
2026-09-23 02:57:54 +0200: Memory Usage (1409448K) : Executing rule exchange1_drw_Acute
2026-09-23 02:57:55 +0200: Memory Usage (1409448K) : Executing rule exchange1_pin_Acute
2026-09-23 02:57:55 +0200: Memory Usage (1409448K) : Executing rule exchange2_drw_Acute
2026-09-23 02:57:55 +0200: Memory Usage (1409448K) : Executing rule exchange2_pin_Acute
2026-09-23 02:57:55 +0200: Memory Usage (1409256K) : Executing rule exchange3_drw_Acute
2026-09-23 02:57:55 +0200: Memory Usage (1409256K) : Executing rule exchange3_pin_Acute
2026-09-23 02:57:55 +0200: Memory Usage (1409256K) : Executing rule exchange4_drw_Acute
2026-09-23 02:57:55 +0200: Memory Usage (1409256K) : Executing rule exchange4_pin_Acute
2026-09-23 02:57:55 +0200: Memory Usage (1409256K) : Executing rule isonwell_drw_Acute
2026-09-23 02:57:55 +0200: Memory Usage (1409256K) : Executing rule thickgateox_drw_Acute
2026-09-23 02:57:55 +0200: Memory Usage (1409256K) : Executing rule pempoly_drw_Acute
2026-09-23 02:57:55 +0200: Memory Usage (1409256K) : Executing rule fbe_drw_Acute
2026-09-23 02:57:55 +0200: Memory Usage (1409256K) : Executing rule empoly_drw_Acute
2026-09-23 02:57:55 +0200: Memory Usage (1409256K) : Executing rule ldmos_drw_Acute
2026-09-23 02:57:55 +0200: Memory Usage (1409256K) : Executing rule pbiwind_drw_Acute
2026-09-23 02:57:55 +0200: Memory Usage (1409256K) : Executing rule colopen_drw_Acute
2026-09-23 02:57:55 +0200: Memory Usage (1409256K) : Executing rule extblock_drw_Acute
2026-09-23 02:57:55 +0200: Memory Usage (1409128K) : Executing rule nldd_drw_Acute
2026-09-23 02:57:55 +0200: Memory Usage (1409128K) : Executing rule pldd_drw_Acute
2026-09-23 02:57:55 +0200: Memory Usage (1409128K) : Executing rule next_drw_Acute
2026-09-23 02:57:55 +0200: Memory Usage (1409128K) : Executing rule pext_drw_Acute
2026-09-23 02:57:55 +0200: Memory Usage (1409128K) : Executing rule nexthv_drw_Acute
2026-09-23 02:57:55 +0200: Memory Usage (1409128K) : Executing rule pexthv_drw_Acute
2026-09-23 02:57:55 +0200: Memory Usage (1409128K) : Executing rule graphgate_drw_Acute
2026-09-23 02:57:55 +0200: Memory Usage (1409128K) : Executing rule mempad_drw_Acute
2026-09-23 02:57:55 +0200: Memory Usage (1409128K) : Executing rule topvia1_drw_Acute
2026-09-23 02:57:56 +0200: Memory Usage (1409896K) : Executing rule topmetal1_drw_Acute
2026-09-23 02:57:56 +0200: Memory Usage (1409896K) : Executing rule topmetal1_pin_Acute
2026-09-23 02:57:57 +0200: Memory Usage (1409576K) : Executing rule topmetal1_mask_Acute
2026-09-23 02:57:57 +0200: Memory Usage (1409576K) : Executing rule topmetal1_filler_Acute
2026-09-23 02:57:57 +0200: Memory Usage (1409576K) : Executing rule topmetal1_nofill_Acute
2026-09-23 02:57:57 +0200: Memory Usage (1409576K) : Executing rule topmetal1_slit_Acute
2026-09-23 02:57:57 +0200: Memory Usage (1409576K) : Executing rule topmetal1_noqrc_Acute
2026-09-23 02:57:57 +0200: Memory Usage (1409576K) : Executing rule topmetal1_res_Acute
2026-09-23 02:57:57 +0200: Memory Usage (1409384K) : Executing rule topmetal1_iprobe_Acute
2026-09-23 02:57:57 +0200: Memory Usage (1409384K) : Executing rule topmetal1_diffprb_Acute
2026-09-23 02:57:57 +0200: Memory Usage (1409384K) : Executing rule inldpwl_drw_Acute
2026-09-23 02:57:57 +0200: Memory Usage (1409384K) : Executing rule polyres_drw_Acute
2026-09-23 02:57:57 +0200: Memory Usage (1409384K) : Executing rule polyres_pin_Acute
2026-09-23 02:57:57 +0200: Memory Usage (1409384K) : Executing rule vmim_drw_Acute
2026-09-23 02:57:57 +0200: Memory Usage (1409384K) : Executing rule nbulaycut_drw_Acute
2026-09-23 02:57:57 +0200: Memory Usage (1409384K) : Executing rule antmetal1_drw_Acute
2026-09-23 02:57:58 +0200: Memory Usage (1409384K) : Executing rule topvia2_drw_Acute
2026-09-23 02:57:58 +0200: Memory Usage (1409384K) : Executing rule topmetal2_drw_Acute
2026-09-23 02:57:58 +0200: Memory Usage (1409384K) : Executing rule topmetal2_pin_Acute
2026-09-23 02:57:58 +0200: Memory Usage (1409384K) : Executing rule topmetal2_mask_Acute
2026-09-23 02:57:58 +0200: Memory Usage (1409384K) : Executing rule topmetal2_filler_Acute
2026-09-23 02:57:58 +0200: Memory Usage (1409384K) : Executing rule topmetal2_nofill_Acute
2026-09-23 02:57:59 +0200: Memory Usage (1409384K) : Executing rule topmetal2_slit_Acute
2026-09-23 02:57:59 +0200: Memory Usage (1409384K) : Executing rule topmetal2_noqrc_Acute
2026-09-23 02:57:59 +0200: Memory Usage (1409384K) : Executing rule topmetal2_res_Acute
2026-09-23 02:57:59 +0200: Memory Usage (1409384K) : Executing rule topmetal2_iprobe_Acute
2026-09-23 02:57:59 +0200: Memory Usage (1409384K) : Executing rule topmetal2_diffprb_Acute
2026-09-23 02:57:59 +0200: Memory Usage (1409384K) : Executing rule snsring_drw_Acute
2026-09-23 02:57:59 +0200: Memory Usage (1409384K) : Executing rule sensor_drw_Acute
2026-09-23 02:57:59 +0200: Memory Usage (1409384K) : Executing rule snsarms_drw_Acute
2026-09-23 02:57:59 +0200: Memory Usage (1409384K) : Executing rule snscmosvia_drw_Acute
2026-09-23 02:57:59 +0200: Memory Usage (1409384K) : Executing rule colwind_drw_Acute
2026-09-23 02:57:59 +0200: Memory Usage (1409384K) : Executing rule flm_drw_Acute
2026-09-23 02:57:59 +0200: Memory Usage (1409384K) : Executing rule hafniumox_drw_Acute
2026-09-23 02:57:59 +0200: Memory Usage (1409384K) : Executing rule memvia_drw_Acute
2026-09-23 02:57:59 +0200: Memory Usage (1409384K) : Executing rule thinfilmres_drw_Acute
2026-09-23 02:57:59 +0200: Memory Usage (1409384K) : Executing rule rfmem_drw_Acute
2026-09-23 02:57:59 +0200: Memory Usage (1409384K) : Executing rule snsbotvia_drw_Acute
2026-09-23 02:57:59 +0200: Memory Usage (1409384K) : Executing rule snstopvia_drw_Acute
2026-09-23 02:57:59 +0200: Memory Usage (1409384K) : Executing rule deepvia_drw_Acute
2026-09-23 02:57:59 +0200: Memory Usage (1409384K) : Executing rule fgetch_drw_Acute
2026-09-23 02:57:59 +0200: Memory Usage (1409384K) : Executing rule ctrgat_drw_Acute
2026-09-23 02:57:59 +0200: Memory Usage (1409384K) : Executing rule fgimp_drw_Acute
2026-09-23 02:58:00 +0200: Memory Usage (1409384K) : Executing rule emwihv_drw_Acute
2026-09-23 02:58:00 +0200: Memory Usage (1409384K) : Executing rule lbe_drw_Acute
2026-09-23 02:58:00 +0200: Memory Usage (1409384K) : Executing rule alcustop_drw_Acute
2026-09-23 02:58:00 +0200: Memory Usage (1409384K) : Executing rule cont_drw_Angle90
2026-09-23 02:58:36 +0200: Memory Usage (2710488K) : Executing rule via1_drw_Angle90
2026-09-23 02:58:37 +0200: Memory Usage (2661100K) : Executing rule via2_drw_Angle90
2026-09-23 02:58:38 +0200: Memory Usage (2661100K) : Executing rule via3_drw_Angle90
2026-09-23 02:58:39 +0200: Memory Usage (2661100K) : Executing rule via4_drw_Angle90
2026-09-23 02:58:40 +0200: Memory Usage (2661100K) : Executing rule vmim_drw_Angle90
2026-09-23 02:58:40 +0200: Memory Usage (2661100K) : Executing rule topvia1_drw_Angle90
2026-09-23 02:58:41 +0200: Memory Usage (2661100K) : Executing rule topvia2_drw_Angle90
2026-09-23 02:58:41 +0200: Memory Usage (2661100K) : Executing rule gatpoly_drw_Angle45
2026-09-23 02:58:42 +0200: Memory Usage (2661104K) : Executing rule activ_drw_Angle45
2026-09-23 02:58:44 +0200: Memory Usage (2661104K) : Executing rule metal1_drw_Angle45
2026-09-23 02:58:51 +0200: Memory Usage (2670324K) : Executing rule metal2_drw_Angle45
2026-09-23 02:58:54 +0200: Memory Usage (2681832K) : Executing rule metal3_drw_Angle45
2026-09-23 02:58:55 +0200: Memory Usage (2681832K) : Executing rule metal4_drw_Angle45
2026-09-23 02:58:55 +0200: Memory Usage (2681832K) : Executing rule metal5_drw_Angle45
2026-09-23 02:58:56 +0200: Memory Usage (2681832K) : Executing rule topmetal1_drw_Angle45
2026-09-23 02:58:56 +0200: Memory Usage (2681832K) : Executing rule topmetal2_drw_Angle45
2026-09-23 02:58:56 +0200: Memory Usage (2681832K) : Starting 3.2. FORBIDDEN table
2026-09-23 02:58:56 +0200: Memory Usage (2681832K) : Executing rule forbidden.biwind
2026-09-23 02:58:56 +0200: Memory Usage (2681832K) : Executing rule forbidden.pemwind
2026-09-23 02:58:56 +0200: Memory Usage (2681832K) : Executing rule forbidden.baspoly
2026-09-23 02:58:56 +0200: Memory Usage (2681832K) : Executing rule forbidden.deepco
2026-09-23 02:58:56 +0200: Memory Usage (2681832K) : Executing rule forbidden.pempoly
2026-09-23 02:58:56 +0200: Memory Usage (2681832K) : Executing rule forbidden.empoly
2026-09-23 02:58:56 +0200: Memory Usage (2681832K) : Executing rule forbidden.ldmos
2026-09-23 02:58:56 +0200: Memory Usage (2681832K) : Executing rule forbidden.pbiwind
2026-09-23 02:58:56 +0200: Memory Usage (2681832K) : Executing rule forbidden.nodrc
2026-09-23 02:58:56 +0200: Memory Usage (2681832K) : Executing rule forbidden.flash
2026-09-23 02:58:56 +0200: Memory Usage (2681832K) : Executing rule forbidden.colwind
2026-09-23 02:58:56 +0200: Memory Usage (2681832K) : KLayout DRC run for tables 'main' completed in 333.76 seconds
