
Note: No compatibility mode selected!


Circuit: * g1_sense monte carlo: input-referred offset, mismatch models (mos lv+hv, rppd), 200 samples

Warning : Nodeset on non-existent node - xdut.iptat, ignored
   Please check line .nodeset v(vref_buf)=    1.040000000000000e+00     v(vped)=    1.000755000000000e+00     v(isense)=    1.000755000000000e+00     v(xdut.vp)=0.047 v(xdut.vn)=0.047 v(xdut.iptat)=0.76 v(xdut.xref.out1)=    2.510000000000000e+00     v(xdut.xbuf.out1)=    2.510000000000000e+00     v(xdut.xota.out1)=    2.510000000000000e+00     v(xdut.xref.mir)=    2.510000000000000e+00     v(xdut.xbuf.mir)=    2.510000000000000e+00     v(xdut.xota.mir)=    2.510000000000000e+00     v(xdut.xref.tail)=1.65 v(xdut.xbuf.tail)=1.65 v(xdut.xota.tail)=1.6 v(xdut.xref.fn)=0.2 v(xdut.xref.fp)=0.2 v(xdut.xbuf.fn)=0.2 v(xdut.xbuf.fp)=0.2 v(xdut.xota.fn)=0.2 v(xdut.xota.fp)=0.2

Reset re-loads circuit * g1_sense monte carlo: input-referred offset, mismatch models (mos lv+hv, rppd), 200 samples

Circuit: * g1_sense monte carlo: input-referred offset, mismatch models (mos lv+hv, rppd), 200 samples

Warning : Nodeset on non-existent node - xdut.iptat, ignored
   Please check line .nodeset v(vref_buf)=    1.040000000000000e+00     v(vped)=    1.000755000000000e+00     v(isense)=    1.000755000000000e+00     v(xdut.vp)=0.047 v(xdut.vn)=0.047 v(xdut.iptat)=0.76 v(xdut.xref.out1)=    2.510000000000000e+00     v(xdut.xbuf.out1)=    2.510000000000000e+00     v(xdut.xota.out1)=    2.510000000000000e+00     v(xdut.xref.mir)=    2.510000000000000e+00     v(xdut.xbuf.mir)=    2.510000000000000e+00     v(xdut.xota.mir)=    2.510000000000000e+00     v(xdut.xref.tail)=1.65 v(xdut.xbuf.tail)=1.65 v(xdut.xota.tail)=1.6 v(xdut.xref.fn)=0.2 v(xdut.xref.fp)=0.2 v(xdut.xbuf.fn)=0.2 v(xdut.xbuf.fp)=0.2 v(xdut.xota.fn)=0.2 v(xdut.xota.fp)=0.2

Doing analysis at TEMP = 25.000000 and TNOM = 27.000000

Using SPARSE 1.3 as Direct Linear Solver
Note: Starting dynamic gmin stepping
Note: Dynamic gmin stepping completed
 Reference value :  0.00000e+00
No. of Data Rows : 1
ROW t0_c-0.1_s0 0.946424 1.0026 1.04216 -0.0473443 -0.0500917 1.00284 -0.000952337
Doing analysis at TEMP = 25.000000 and TNOM = 27.000000

Using SPARSE 1.3 as Direct Linear Solver
Note: Starting dynamic gmin stepping
Note: Dynamic gmin stepping completed
 Reference value :  0.00000e+00
No. of Data Rows : 1
ROW t0_c-0.1_s0.025 1.44529 1.0026 1.04216 -0.0235382 -0.0262989 1.00284 -0.000965017
Doing analysis at TEMP = 25.000000 and TNOM = 27.000000

Using SPARSE 1.3 as Direct Linear Solver
Note: Starting dynamic gmin stepping
Note: Dynamic gmin stepping completed
 Reference value :  0.00000e+00
No. of Data Rows : 1
ROW t0_c-0.1_s0.05 1.94417 1.0026 1.04216 0.000267934 -0.00250501 1.00284 -0.000977311
Doing analysis at TEMP = 25.000000 and TNOM = 27.000000

Using SPARSE 1.3 as Direct Linear Solver
Note: Starting dynamic gmin stepping
Note: Dynamic gmin stepping completed
 Reference value :  0.00000e+00
No. of Data Rows : 1
ROW t0_c0_s0 0.946403 1.0026 1.04216 0.0478801 0.0451379 1.00284 -0.000951375
Doing analysis at TEMP = 25.000000 and TNOM = 27.000000

Using SPARSE 1.3 as Direct Linear Solver
Note: Starting dynamic gmin stepping
Note: Dynamic gmin stepping completed
 Reference value :  0.00000e+00
No. of Data Rows : 1
ROW t0_c0_s0.025 1.44526 1.0026 1.04216 0.0716863 0.0689306 1.00284 -0.000964055
Doing analysis at TEMP = 25.000000 and TNOM = 27.000000

Using SPARSE 1.3 as Direct Linear Solver
Note: Starting dynamic gmin stepping
Note: Dynamic gmin stepping completed
 Reference value :  0.00000e+00
No. of Data Rows : 1
ROW t0_c0_s0.05 1.94415 1.0026 1.04216 0.0954924 0.0927245 1.00284 -0.000976349
Doing analysis at TEMP = 25.000000 and TNOM = 27.000000

Using SPARSE 1.3 as Direct Linear Solver
Note: Starting dynamic gmin stepping
Note: Dynamic gmin stepping completed
 Reference value :  0.00000e+00
No. of Data Rows : 1
ROW t0_c0.3_s0 0.946329 1.0026 1.04216 0.333553 0.330826 1.00284 -0.000948489
Doing analysis at TEMP = 25.000000 and TNOM = 27.000000

Using SPARSE 1.3 as Direct Linear Solver
Note: Starting dynamic gmin stepping
Note: Dynamic gmin stepping completed
 Reference value :  0.00000e+00
No. of Data Rows : 1
ROW t0_c0.3_s0.025 1.44519 1.0026 1.04216 0.35736 0.354619 1.00284 -0.000961169
Doing analysis at TEMP = 25.000000 and TNOM = 27.000000

Using SPARSE 1.3 as Direct Linear Solver
OSDI(debug) n.xdut.xota.xrz.nr1: WARNING: V(i2,c) voltage is greater than specified by vmax
OSDI(debug) n.xdut.xr2n19.nr1: WARNING: V(i1,c) voltage is greater than specified by vmax
OSDI(debug) n.xdut.xr2n19.nr1: WARNING: V(i2,c) voltage is greater than specified by vmax
OSDI(debug) n.xdut.xr2n18.nr1: WARNING: V(i1,c) voltage is greater than specified by vmax
OSDI(debug) n.xdut.xr2n18.nr1: WARNING: V(i2,c) voltage is greater than specified by vmax
OSDI(debug) n.xdut.xr2n17.nr1: WARNING: V(i1,c) voltage is greater than specified by vmax
OSDI(debug) n.xdut.xr2n17.nr1: WARNING: V(i2,c) voltage is greater than specified by vmax
OSDI(debug) n.xdut.xr2n16.nr1: WARNING: V(i1,c) voltage is greater than specified by vmax
OSDI(debug) n.xdut.xr2n16.nr1: WARNING: V(i2,c) voltage is greater than specified by vmax
OSDI(debug) n.xdut.xr2n15.nr1: WARNING: V(i1,c) voltage is greater than specified by vmax
OSDI(debug) n.xdut.xr2n15.nr1: WARNING: V(i2,c) voltage is greater than specified by vmax
OSDI(debug) n.xdut.xr2n14.nr1: WARNING: V(i1,c) voltage is greater than specified by vmax
OSDI(debug) n.xdut.xr2n14.nr1: WARNING: V(i2,c) voltage is greater than specified by vmax
OSDI(debug) n.xdut.xr2n13.nr1: WARNING: V(i1,c) voltage is greater than specified by vmax
OSDI(debug) n.xdut.xr2n13.nr1: WARNING: V(i2,c) voltage is greater than specified by vmax
OSDI(debug) n.xdut.xr2n12.nr1: WARNING: V(i1,c) voltage is greater than specified by vmax
OSDI(debug) n.xdut.xr2n12.nr1: WARNING: V(i2,c) voltage is greater than specified by vmax
OSDI(debug) n.xdut.xr2n11.nr1: WARNING: V(i1,c) voltage is greater than specified by vmax
OSDI(debug) n.xdut.xr2n11.nr1: WARNING: V(i2,c) voltage is greater than specified by vmax
OSDI(debug) n.xdut.xr2n10.nr1: WARNING: V(i1,c) voltage is greater than specified by vmax
OSDI(debug) n.xdut.xr2n10.nr1: WARNING: V(i2,c) voltage is greater than specified by vmax
OSDI(debug) n.xdut.xr2n9.nr1: WARNING: V(i1,c) voltage is greater than specified by vmax
OSDI(debug) n.xdut.xr2n9.nr1: WARNING: V(i2,c) voltage is greater than specified by vmax
OSDI(debug) n.xdut.xr2n8.nr1: WARNING: V(i1,c) voltage is greater than specified by vmax
OSDI(debug) n.xdut.xr2n8.nr1: WARNING: V(i2,c) voltage is greater than specified by vmax
OSDI(debug) n.xdut.xr2n7.nr1: WARNING: V(i1,c) voltage is greater than specified by vmax
OSDI(debug) n.xdut.xr2n7.nr1: WARNING: V(i2,c) voltage is greater than specified by vmax
OSDI(debug) n.xdut.xr2n6.nr1: WARNING: V(i1,c) voltage is greater than specified by vmax
OSDI(debug) n.xdut.xr2n6.nr1: WARNING: V(i2,c) voltage is greater than specified by vmax
OSDI(debug) n.xdut.xr2n5.nr1: WARNING: V(i1,c) voltage is greater than specified by vmax
OSDI(debug) n.xdut.xr2n5.nr1: WARNING: V(i2,c) voltage is greater than specified by vmax
OSDI(debug) n.xdut.xr2n4.nr1: WARNING: V(i1,c) voltage is greater than specified by vmax
OSDI(debug) n.xdut.xr2n4.nr1: WARNING: V(i2,c) voltage is greater than specified by vmax
OSDI(debug) n.xdut.xr2n3.nr1: WARNING: V(i1,c) voltage is greater than specified by vmax
OSDI(debug) n.xdut.xr2n3.nr1: WARNING: V(i2,c) voltage is greater than specified by vmax
OSDI(debug) n.xdut.xr2n2.nr1: WARNING: V(i1,c) voltage is greater than specified by vmax
OSDI(debug) n.xdut.xr2n2.nr1: WARNING: V(i2,c) voltage is greater than specified by vmax
OSDI(debug) n.xdut.xr2n1.nr1: WARNING: V(i1,c) voltage is greater than specified by vmax
OSDI(debug) n.xdut.xr2n1.nr1: WARNING: V(i2,c) voltage is greater than specified by vmax
OSDI(debug) n.xdut.xr2n0.nr1: WARNING: V(i1,c) voltage is greater than specified by vmax
OSDI(debug) n.xdut.xr2n0.nr1: WARNING: V(i2,c) voltage is greater than specified by vmax
OSDI(debug) n.xdut.xr1n0.nr1: WARNING: V(i1,c) voltage is greater than specified by vmax
OSDI(debug) n.xdut.xr1n0.nr1: WARNING: V(i2,c) voltage is greater than specified by vmax
OSDI(debug) n.xrl2.nr1: WARNING: V(i1,c) voltage is greater than specified by vmax
OSDI(debug) n.xrl2.nr1: WARNING: V(i2,c) voltage is greater than specified by vmax
OSDI(debug) n.xrl1.nr1: WARNING: V(i1,c) voltage is greater than specified by vmax
OSDI(debug) n.xrl1.nr1: WARNING: V(i2,c) voltage is greater than specified by vmax
OSDI(debug) n.xdut.xota.xrz.nr1: WARNING: V(i1,c) voltage is greater than specified by vmax
OSDI(debug) n.xdut.xota.xrz.nr1: WARNING: V(i2,c) voltage is greater than specified by vmax
OSDI(debug) n.xdut.xr2n19.nr1: WARNING: V(i1,c) voltage is greater than specified by vmax
OSDI(debug) n.xdut.xr2n19.nr1: WARNING: V(i2,c) voltage is greater than specified by vmax
OSDI(debug) n.xdut.xr2n18.nr1: WARNING: V(i1,c) voltage is greater than specified by vmax
OSDI(debug) n.xdut.xr2n18.nr1: WARNING: V(i2,c) voltage is greater than specified by vmax
OSDI(debug) n.xdut.xr2n17.nr1: WARNING: V(i1,c) voltage is greater than specified by vmax
OSDI(debug) n.xdut.xr2n17.nr1: WARNING: V(i2,c) voltage is greater than specified by vmax
OSDI(debug) n.xdut.xr2n16.nr1: WARNING: V(i1,c) voltage is greater than specified by vmax
OSDI(debug) n.xdut.xr2n16.nr1: WARNING: V(i2,c) voltage is greater than specified by vmax
OSDI(debug) n.xdut.xr2n15.nr1: WARNING: V(i1,c) voltage is greater than specified by vmax
OSDI(debug) n.xdut.xr2n15.nr1: WARNING: V(i2,c) voltage is greater than specified by vmax
OSDI(debug) n.xdut.xr2n14.nr1: WARNING: V(i1,c) voltage is greater than specified by vmax
OSDI(debug) n.xdut.xr2n14.nr1: WARNING: V(i2,c) voltage is greater than specified by vmax
OSDI(debug) n.xdut.xr2n13.nr1: WARNING: V(i1,c) voltage is greater than specified by vmax
OSDI(debug) n.xdut.xr2n13.nr1: WARNING: V(i2,c) voltage is greater than specified by vmax
OSDI(debug) n.xdut.xr2n12.nr1: WARNING: V(i1,c) voltage is greater than specified by vmax
OSDI(debug) n.xdut.xr2n12.nr1: WARNING: V(i2,c) voltage is greater than specified by vmax
OSDI(debug) n.xdut.xr2n11.nr1: WARNING: V(i1,c) voltage is greater than specified by vmax
OSDI(debug) n.xdut.xr2n11.nr1: WARNING: V(i2,c) voltage is greater than specified by vmax
OSDI(debug) n.xdut.xr2n10.nr1: WARNING: V(i1,c) voltage is greater than specified by vmax
OSDI(debug) n.xdut.xr2n10.nr1: WARNING: V(i2,c) voltage is greater than specified by vmax
OSDI(debug) n.xdut.xr2n9.nr1: WARNING: V(i1,c) voltage is greater than specified by vmax
OSDI(debug) n.xdut.xr2n9.nr1: WARNING: V(i2,c) voltage is greater than specified by vmax
OSDI(debug) n.xdut.xr2n8.nr1: WARNING: V(i1,c) voltage is greater than specified by vmax
OSDI(debug) n.xdut.xr2n8.nr1: WARNING: V(i2,c) voltage is greater than specified by vmax
OSDI(debug) n.xdut.xr2n7.nr1: WARNING: V(i1,c) voltage is greater than specified by vmax
OSDI(debug) n.xdut.xr2n7.nr1: WARNING: V(i2,c) voltage is greater than specified by vmax
OSDI(debug) n.xdut.xr2n6.nr1: WARNING: V(i1,c) voltage is greater than specified by vmax
OSDI(debug) n.xdut.xr2n6.nr1: WARNING: V(i2,c) voltage is greater than specified by vmax
OSDI(debug) n.xdut.xr2n5.nr1: WARNING: V(i1,c) voltage is greater than specified by vmax
OSDI(debug) n.xdut.xr2n5.nr1: WARNING: V(i2,c) voltage is greater than specified by vmax
OSDI(debug) n.xdut.xr2n4.nr1: WARNING: V(i1,c) voltage is greater than specified by vmax
OSDI(debug) n.xdut.xr2n4.nr1: WARNING: V(i2,c) voltage is greater than specified by vmax
OSDI(debug) n.xdut.xr2n3.nr1: WARNING: V(i1,c) voltage is greater than specified by vmax
OSDI(debug) n.xdut.xr2n3.nr1: WARNING: V(i2,c) voltage is greater than specified by vmax
OSDI(debug) n.xdut.xr2n2.nr1: WARNING: V(i1,c) voltage is greater than specified by vmax
OSDI(debug) n.xdut.xr2n2.nr1: WARNING: V(i2,c) voltage is greater than specified by vmax
OSDI(debug) n.xdut.xr2n1.nr1: WARNING: V(i1,c) voltage is greater than specified by vmax
OSDI(debug) n.xdut.xr2n1.nr1: WARNING: V(i2,c) voltage is greater than specified by vmax
OSDI(debug) n.xdut.xr2n0.nr1: WARNING: V(i1,c) voltage is greater than specified by vmax
OSDI(debug) n.xdut.xr2n0.nr1: WARNING: V(i2,c) voltage is greater than specified by vmax
OSDI(debug) n.xdut.xr1n0.nr1: WARNING: V(i1,c) voltage is greater than specified by vmax
OSDI(debug) n.xdut.xr1n0.nr1: WARNING: V(i2,c) voltage is greater than specified by vmax
OSDI(debug) n.xrl2.nr1: WARNING: V(i1,c) voltage is greater than specified by vmax
OSDI(debug) n.xrl2.nr1: WARNING: V(i2,c) voltage is greater than specified by vmax
OSDI(debug) n.xrl1.nr1: WARNING: V(i1,c) voltage is greater than specified by vmax
OSDI(debug) n.xrl1.nr1: WARNING: V(i2,c) voltage is greater than specified by vmax
OSDI(debug) n.xdut.xota.xrz.nr1: WARNING: V(i1,c) voltage is greater than specified by vmax
OSDI(debug) n.xdut.xota.xrz.nr1: WARNING: V(i2,c) voltage is greater than specified by vmax
Note: Starting dynamic gmin stepping
Note: Dynamic gmin stepping completed
 Reference value :  0.00000e+00
No. of Data Rows : 1
ROW t0_c0.3_s0.05 1.94407 1.0026 1.04216 0.381166 0.378412 1.00284 -0.000973463
FINGERPRINT 0
@n.xdut.xota.xm1.nsg13_hv_pmos[w] = 9.599619398720151e-05
@n.xdut.xota.xm1.nsg13_hv_pmos[l] = 2.001788498391205e-06
@n.xdut.xota.xm1.nsg13_hv_pmos[delvto] = -9.93207539007663e-05
@n.xdut.xota.xm1.nsg13_hv_pmos[factuo] = 1.000184360701323e+00
@n.xdut.xota.xm2.nsg13_hv_pmos[w] = 9.600202104934888e-05
@n.xdut.xota.xm2.nsg13_hv_pmos[l] = 2.000316108414387e-06
@n.xdut.xota.xm2.nsg13_hv_pmos[delvto] = 1.128936397623007e-04
@n.xdut.xota.xm2.nsg13_hv_pmos[factuo] = 1.000346696842345e+00
@n.xdut.xbuf.xm1.nsg13_hv_pmos[w] = 9.600176284939051e-05
@n.xdut.xbuf.xm1.nsg13_hv_pmos[l] = 1.995224933183787e-06
@n.xdut.xbuf.xm1.nsg13_hv_pmos[delvto] = -4.91285659807986e-04
@n.xdut.xbuf.xm1.nsg13_hv_pmos[factuo] = 9.999494710491130e-01
@n.xdut.xbuf.xm2.nsg13_hv_pmos[w] = 9.600203175221379e-05
@n.xdut.xbuf.xm2.nsg13_hv_pmos[l] = 2.007189804705069e-06
@n.xdut.xbuf.xm2.nsg13_hv_pmos[delvto] = -1.85657001617865e-04
@n.xdut.xbuf.xm2.nsg13_hv_pmos[factuo] = 9.998981902720612e-01
@n.xdut.xref.xm1.nsg13_hv_pmos[w] = 9.600390041802672e-05
@n.xdut.xref.xm1.nsg13_hv_pmos[l] = 2.005559512563984e-06
@n.xdut.xref.xm1.nsg13_hv_pmos[delvto] = -5.66360466897272e-04
@n.xdut.xref.xm1.nsg13_hv_pmos[factuo] = 9.997798925333156e-01
@n.xdut.xref.xm2.nsg13_hv_pmos[w] = 9.599801994820182e-05
@n.xdut.xref.xm2.nsg13_hv_pmos[l] = 2.004260762259822e-06
@n.xdut.xref.xm2.nsg13_hv_pmos[delvto] = -7.08231375661470e-04
@n.xdut.xref.xm2.nsg13_hv_pmos[factuo] = 9.994963387659730e-01
@n.xdut.xr1n0.nr1[nsmm_rsh] = 1.290614858443460e+00
@n.xdut.xr1n0.nr1[nsmm_w] = 7.952858598374990e-01
@n.xdut.xr1n0.nr1[nsmm_l] = -2.35698623302369e-01
Doing analysis at TEMP = -40.000000 and TNOM = 27.000000

Using SPARSE 1.3 as Direct Linear Solver
Note: Starting dynamic gmin stepping
Note: Dynamic gmin stepping completed
 Reference value :  0.00000e+00
No. of Data Rows : 1
ROW t1_c-0.1_s0 0.949626 1.00244 1.04196 -0.0473518 -0.049939 1.00264 -0.000714077
Doing analysis at TEMP = -40.000000 and TNOM = 27.000000

Using SPARSE 1.3 as Direct Linear Solver
Warning: singular matrix:  check node n.xrl1.nr1#i2

Note: Starting dynamic gmin stepping
Note: Dynamic gmin stepping completed
 Reference value :  0.00000e+00
No. of Data Rows : 1
ROW t1_c-0.1_s0.025 1.44853 1.00244 1.04196 -0.0235457 -0.0261441 1.00264 -0.000726493
Doing analysis at TEMP = -40.000000 and TNOM = 27.000000

Using SPARSE 1.3 as Direct Linear Solver
Note: Starting dynamic gmin stepping
Note: Dynamic gmin stepping completed
 Reference value :  0.00000e+00
No. of Data Rows : 1
ROW t1_c-0.1_s0.05 1.94747 1.00244 1.04196 0.000260421 -0.00234809 1.00264 -0.000738596
Doing analysis at TEMP = -40.000000 and TNOM = 27.000000

Using SPARSE 1.3 as Direct Linear Solver
Note: Starting dynamic gmin stepping
Note: Dynamic gmin stepping completed
 Reference value :  0.00000e+00
No. of Data Rows : 1
ROW t1_c0_s0 0.949625 1.00244 1.04196 0.0478726 0.0452915 1.00264 -0.000713107
Doing analysis at TEMP = -40.000000 and TNOM = 27.000000

Using SPARSE 1.3 as Direct Linear Solver
Note: Starting dynamic gmin stepping
Note: Dynamic gmin stepping completed
 Reference value :  0.00000e+00
No. of Data Rows : 1
ROW t1_c0_s0.025 1.44853 1.00244 1.04196 0.0716787 0.0690864 1.00264 -0.000725523
Doing analysis at TEMP = -40.000000 and TNOM = 27.000000

Using SPARSE 1.3 as Direct Linear Solver
Note: Starting dynamic gmin stepping
Note: Dynamic gmin stepping completed
 Reference value :  0.00000e+00
No. of Data Rows : 1
ROW t1_c0_s0.05 1.94746 1.00244 1.04196 0.0954849 0.0928824 1.00264 -0.000737626
Doing analysis at TEMP = -40.000000 and TNOM = 27.000000

Using SPARSE 1.3 as Direct Linear Solver
Note: Starting dynamic gmin stepping
Note: Dynamic gmin stepping completed
 Reference value :  0.00000e+00
No. of Data Rows : 1
ROW t1_c0.3_s0 0.949617 1.00244 1.04196 0.333546 0.330983 1.00264 -0.000710197
Doing analysis at TEMP = -40.000000 and TNOM = 27.000000

Using SPARSE 1.3 as Direct Linear Solver
Note: Starting dynamic gmin stepping
Note: Dynamic gmin stepping completed
 Reference value :  0.00000e+00
No. of Data Rows : 1
ROW t1_c0.3_s0.025 1.44852 1.00244 1.04196 0.357352 0.354778 1.00264 -0.000722613
Doing analysis at TEMP = -40.000000 and TNOM = 27.000000

Using SPARSE 1.3 as Direct Linear Solver
Note: Starting dynamic gmin stepping
Note: Dynamic gmin stepping completed
 Reference value :  0.00000e+00
No. of Data Rows : 1
ROW t1_c0.3_s0.05 1.94745 1.00244 1.04196 0.381158 0.378574 1.00264 -0.000734716
FINGERPRINT 1
@n.xdut.xota.xm1.nsg13_hv_pmos[w] = 9.599619398720151e-05
@n.xdut.xota.xm1.nsg13_hv_pmos[l] = 2.001788498391205e-06
@n.xdut.xota.xm1.nsg13_hv_pmos[delvto] = -9.93207539007663e-05
@n.xdut.xota.xm1.nsg13_hv_pmos[factuo] = 1.000184360701323e+00
@n.xdut.xota.xm2.nsg13_hv_pmos[w] = 9.600202104934888e-05
@n.xdut.xota.xm2.nsg13_hv_pmos[l] = 2.000316108414387e-06
@n.xdut.xota.xm2.nsg13_hv_pmos[delvto] = 1.128936397623007e-04
@n.xdut.xota.xm2.nsg13_hv_pmos[factuo] = 1.000346696842345e+00
@n.xdut.xbuf.xm1.nsg13_hv_pmos[w] = 9.600176284939051e-05
@n.xdut.xbuf.xm1.nsg13_hv_pmos[l] = 1.995224933183787e-06
@n.xdut.xbuf.xm1.nsg13_hv_pmos[delvto] = -4.91285659807986e-04
@n.xdut.xbuf.xm1.nsg13_hv_pmos[factuo] = 9.999494710491130e-01
@n.xdut.xbuf.xm2.nsg13_hv_pmos[w] = 9.600203175221379e-05
@n.xdut.xbuf.xm2.nsg13_hv_pmos[l] = 2.007189804705069e-06
@n.xdut.xbuf.xm2.nsg13_hv_pmos[delvto] = -1.85657001617865e-04
@n.xdut.xbuf.xm2.nsg13_hv_pmos[factuo] = 9.998981902720612e-01
@n.xdut.xref.xm1.nsg13_hv_pmos[w] = 9.600390041802672e-05
@n.xdut.xref.xm1.nsg13_hv_pmos[l] = 2.005559512563984e-06
@n.xdut.xref.xm1.nsg13_hv_pmos[delvto] = -5.66360466897272e-04
@n.xdut.xref.xm1.nsg13_hv_pmos[factuo] = 9.997798925333156e-01
@n.xdut.xref.xm2.nsg13_hv_pmos[w] = 9.599801994820182e-05
@n.xdut.xref.xm2.nsg13_hv_pmos[l] = 2.004260762259822e-06
@n.xdut.xref.xm2.nsg13_hv_pmos[delvto] = -7.08231375661470e-04
@n.xdut.xref.xm2.nsg13_hv_pmos[factuo] = 9.994963387659730e-01
@n.xdut.xr1n0.nr1[nsmm_rsh] = 1.290614858443460e+00
@n.xdut.xr1n0.nr1[nsmm_w] = 7.952858598374990e-01
@n.xdut.xr1n0.nr1[nsmm_l] = -2.35698623302369e-01
Doing analysis at TEMP = 125.000000 and TNOM = 27.000000

Using SPARSE 1.3 as Direct Linear Solver
Note: Starting dynamic gmin stepping
Note: Dynamic gmin stepping completed
 Reference value :  0.00000e+00
No. of Data Rows : 1
ROW t2_c-0.1_s0 0.947301 1.00276 1.04235 -0.0473364 -0.0500499 1.00303 -0.00133352
Doing analysis at TEMP = 125.000000 and TNOM = 27.000000

Using SPARSE 1.3 as Direct Linear Solver
Note: Starting dynamic gmin stepping
Note: Dynamic gmin stepping completed
 Reference value :  0.00000e+00
No. of Data Rows : 1
ROW t2_c-0.1_s0.025 1.4461 1.00276 1.04235 -0.0235303 -0.0262602 1.00303 -0.00134624
Doing analysis at TEMP = 125.000000 and TNOM = 27.000000

Using SPARSE 1.3 as Direct Linear Solver
Note: Starting dynamic gmin stepping
Note: Dynamic gmin stepping completed
 Reference value :  0.00000e+00
No. of Data Rows : 1
ROW t2_c-0.1_s0.05 1.94493 1.00276 1.04235 0.000275799 -0.00246911 1.00303 -0.00135844
Doing analysis at TEMP = 125.000000 and TNOM = 27.000000

Using SPARSE 1.3 as Direct Linear Solver
Note: Starting dynamic gmin stepping
Note: Dynamic gmin stepping completed
 Reference value :  0.00000e+00
No. of Data Rows : 1
ROW t2_c0_s0 0.947248 1.00276 1.04235 0.047888 0.0451782 1.00303 -0.00133258
Doing analysis at TEMP = 125.000000 and TNOM = 27.000000

Using SPARSE 1.3 as Direct Linear Solver
OSDI(debug) n.xdut.xbuf.xrz.nr1: WARNING: V(i2,c) voltage is greater than specified by vmax
OSDI(debug) n.xdut.xbuf.xrz.nr1: WARNING: V(i2,c) voltage is greater than specified by vmax
Note: Starting dynamic gmin stepping
Note: Dynamic gmin stepping completed
 Reference value :  0.00000e+00
No. of Data Rows : 1
ROW t2_c0_s0.025 1.44604 1.00276 1.04235 0.0716941 0.0689678 1.00303 -0.00134529
Doing analysis at TEMP = 125.000000 and TNOM = 27.000000

Using SPARSE 1.3 as Direct Linear Solver
Note: Starting dynamic gmin stepping
Note: Dynamic gmin stepping completed
 Reference value :  0.00000e+00
No. of Data Rows : 1
ROW t2_c0_s0.05 1.94487 1.00276 1.04235 0.0955002 0.0927588 1.00303 -0.0013575
Doing analysis at TEMP = 125.000000 and TNOM = 27.000000

Using SPARSE 1.3 as Direct Linear Solver
Note: Starting dynamic gmin stepping
Note: Dynamic gmin stepping completed
 Reference value :  0.00000e+00
No. of Data Rows : 1
ROW t2_c0.3_s0 0.94707 1.00276 1.04235 0.333561 0.330861 1.00303 -0.00132975
Doing analysis at TEMP = 125.000000 and TNOM = 27.000000

Using SPARSE 1.3 as Direct Linear Solver
Note: Starting dynamic gmin stepping
Note: Dynamic gmin stepping completed
 Reference value :  0.00000e+00
No. of Data Rows : 1
ROW t2_c0.3_s0.025 1.44586 1.00276 1.04235 0.357367 0.354651 1.00303 -0.00134246
Doing analysis at TEMP = 125.000000 and TNOM = 27.000000

Using SPARSE 1.3 as Direct Linear Solver
Note: Starting dynamic gmin stepping
Note: Dynamic gmin stepping completed
 Reference value :  0.00000e+00
No. of Data Rows : 1
ROW t2_c0.3_s0.05 1.94469 1.00276 1.04235 0.381173 0.378442 1.00303 -0.00135467
FINGERPRINT 2
@n.xdut.xota.xm1.nsg13_hv_pmos[w] = 9.599619398720151e-05
@n.xdut.xota.xm1.nsg13_hv_pmos[l] = 2.001788498391205e-06
@n.xdut.xota.xm1.nsg13_hv_pmos[delvto] = -9.93207539007663e-05
@n.xdut.xota.xm1.nsg13_hv_pmos[factuo] = 1.000184360701323e+00
@n.xdut.xota.xm2.nsg13_hv_pmos[w] = 9.600202104934888e-05
@n.xdut.xota.xm2.nsg13_hv_pmos[l] = 2.000316108414387e-06
@n.xdut.xota.xm2.nsg13_hv_pmos[delvto] = 1.128936397623007e-04
@n.xdut.xota.xm2.nsg13_hv_pmos[factuo] = 1.000346696842345e+00
@n.xdut.xbuf.xm1.nsg13_hv_pmos[w] = 9.600176284939051e-05
@n.xdut.xbuf.xm1.nsg13_hv_pmos[l] = 1.995224933183787e-06
@n.xdut.xbuf.xm1.nsg13_hv_pmos[delvto] = -4.91285659807986e-04
@n.xdut.xbuf.xm1.nsg13_hv_pmos[factuo] = 9.999494710491130e-01
@n.xdut.xbuf.xm2.nsg13_hv_pmos[w] = 9.600203175221379e-05
@n.xdut.xbuf.xm2.nsg13_hv_pmos[l] = 2.007189804705069e-06
@n.xdut.xbuf.xm2.nsg13_hv_pmos[delvto] = -1.85657001617865e-04
@n.xdut.xbuf.xm2.nsg13_hv_pmos[factuo] = 9.998981902720612e-01
@n.xdut.xref.xm1.nsg13_hv_pmos[w] = 9.600390041802672e-05
@n.xdut.xref.xm1.nsg13_hv_pmos[l] = 2.005559512563984e-06
@n.xdut.xref.xm1.nsg13_hv_pmos[delvto] = -5.66360466897272e-04
@n.xdut.xref.xm1.nsg13_hv_pmos[factuo] = 9.997798925333156e-01
@n.xdut.xref.xm2.nsg13_hv_pmos[w] = 9.599801994820182e-05
@n.xdut.xref.xm2.nsg13_hv_pmos[l] = 2.004260762259822e-06
@n.xdut.xref.xm2.nsg13_hv_pmos[delvto] = -7.08231375661470e-04
@n.xdut.xref.xm2.nsg13_hv_pmos[factuo] = 9.994963387659730e-01
@n.xdut.xr1n0.nr1[nsmm_rsh] = 1.290614858443460e+00
@n.xdut.xr1n0.nr1[nsmm_w] = 7.952858598374990e-01
@n.xdut.xr1n0.nr1[nsmm_l] = -2.35698623302369e-01
Doing analysis at TEMP = 25.000000 and TNOM = 27.000000

Using SPARSE 1.3 as Direct Linear Solver
Note: Starting dynamic gmin stepping
Note: Dynamic gmin stepping completed
 Reference value :  0.00000e+00
No. of Data Rows : 1
ROW t3_c-0.1_s0 0.946424 1.0026 1.04216 -0.0473443 -0.0500917 1.00284 -0.000952337
Doing analysis at TEMP = 25.000000 and TNOM = 27.000000

Using SPARSE 1.3 as Direct Linear Solver
Note: Starting dynamic gmin stepping
Note: Dynamic gmin stepping completed
 Reference value :  0.00000e+00
No. of Data Rows : 1
ROW t3_c-0.1_s0.025 1.44529 1.0026 1.04216 -0.0235382 -0.0262989 1.00284 -0.000965017
Doing analysis at TEMP = 25.000000 and TNOM = 27.000000

Using SPARSE 1.3 as Direct Linear Solver
Note: Starting dynamic gmin stepping
Note: Dynamic gmin stepping completed
 Reference value :  0.00000e+00
No. of Data Rows : 1
ROW t3_c-0.1_s0.05 1.94417 1.0026 1.04216 0.000267934 -0.00250501 1.00284 -0.000977311
Doing analysis at TEMP = 25.000000 and TNOM = 27.000000

Using SPARSE 1.3 as Direct Linear Solver
Note: Starting dynamic gmin stepping
Note: Dynamic gmin stepping completed
 Reference value :  0.00000e+00
No. of Data Rows : 1
ROW t3_c0_s0 0.946403 1.0026 1.04216 0.0478801 0.0451379 1.00284 -0.000951375
Doing analysis at TEMP = 25.000000 and TNOM = 27.000000

Using SPARSE 1.3 as Direct Linear Solver
Note: Starting dynamic gmin stepping
Note: Dynamic gmin stepping completed
 Reference value :  0.00000e+00
No. of Data Rows : 1
ROW t3_c0_s0.025 1.44526 1.0026 1.04216 0.0716863 0.0689306 1.00284 -0.000964055
Doing analysis at TEMP = 25.000000 and TNOM = 27.000000

Using SPARSE 1.3 as Direct Linear Solver
Note: Starting dynamic gmin stepping
Note: Dynamic gmin stepping completed
 Reference value :  0.00000e+00
No. of Data Rows : 1
ROW t3_c0_s0.05 1.94415 1.0026 1.04216 0.0954924 0.0927245 1.00284 -0.000976349
Doing analysis at TEMP = 25.000000 and TNOM = 27.000000

Using SPARSE 1.3 as Direct Linear Solver
Note: Starting dynamic gmin stepping
Note: Dynamic gmin stepping completed
 Reference value :  0.00000e+00
No. of Data Rows : 1
ROW t3_c0.3_s0 0.946329 1.0026 1.04216 0.333553 0.330826 1.00284 -0.000948489
Doing analysis at TEMP = 25.000000 and TNOM = 27.000000

Using SPARSE 1.3 as Direct Linear Solver
Note: Starting dynamic gmin stepping
Note: Dynamic gmin stepping completed
 Reference value :  0.00000e+00
No. of Data Rows : 1
ROW t3_c0.3_s0.025 1.44519 1.0026 1.04216 0.35736 0.354619 1.00284 -0.000961169
Doing analysis at TEMP = 25.000000 and TNOM = 27.000000

Using SPARSE 1.3 as Direct Linear Solver
OSDI(debug) n.xdut.xota.xrz.nr1: WARNING: V(i2,c) voltage is greater than specified by vmax
OSDI(debug) n.xdut.xr2n19.nr1: WARNING: V(i1,c) voltage is greater than specified by vmax
OSDI(debug) n.xdut.xr2n19.nr1: WARNING: V(i2,c) voltage is greater than specified by vmax
OSDI(debug) n.xdut.xr2n18.nr1: WARNING: V(i1,c) voltage is greater than specified by vmax
OSDI(debug) n.xdut.xr2n18.nr1: WARNING: V(i2,c) voltage is greater than specified by vmax
OSDI(debug) n.xdut.xr2n17.nr1: WARNING: V(i1,c) voltage is greater than specified by vmax
OSDI(debug) n.xdut.xr2n17.nr1: WARNING: V(i2,c) voltage is greater than specified by vmax
OSDI(debug) n.xdut.xr2n16.nr1: WARNING: V(i1,c) voltage is greater than specified by vmax
OSDI(debug) n.xdut.xr2n16.nr1: WARNING: V(i2,c) voltage is greater than specified by vmax
OSDI(debug) n.xdut.xr2n15.nr1: WARNING: V(i1,c) voltage is greater than specified by vmax
OSDI(debug) n.xdut.xr2n15.nr1: WARNING: V(i2,c) voltage is greater than specified by vmax
OSDI(debug) n.xdut.xr2n14.nr1: WARNING: V(i1,c) voltage is greater than specified by vmax
OSDI(debug) n.xdut.xr2n14.nr1: WARNING: V(i2,c) voltage is greater than specified by vmax
OSDI(debug) n.xdut.xr2n13.nr1: WARNING: V(i1,c) voltage is greater than specified by vmax
OSDI(debug) n.xdut.xr2n13.nr1: WARNING: V(i2,c) voltage is greater than specified by vmax
OSDI(debug) n.xdut.xr2n12.nr1: WARNING: V(i1,c) voltage is greater than specified by vmax
OSDI(debug) n.xdut.xr2n12.nr1: WARNING: V(i2,c) voltage is greater than specified by vmax
OSDI(debug) n.xdut.xr2n11.nr1: WARNING: V(i1,c) voltage is greater than specified by vmax
OSDI(debug) n.xdut.xr2n11.nr1: WARNING: V(i2,c) voltage is greater than specified by vmax
OSDI(debug) n.xdut.xr2n10.nr1: WARNING: V(i1,c) voltage is greater than specified by vmax
OSDI(debug) n.xdut.xr2n10.nr1: WARNING: V(i2,c) voltage is greater than specified by vmax
OSDI(debug) n.xdut.xr2n9.nr1: WARNING: V(i1,c) voltage is greater than specified by vmax
OSDI(debug) n.xdut.xr2n9.nr1: WARNING: V(i2,c) voltage is greater than specified by vmax
OSDI(debug) n.xdut.xr2n8.nr1: WARNING: V(i1,c) voltage is greater than specified by vmax
OSDI(debug) n.xdut.xr2n8.nr1: WARNING: V(i2,c) voltage is greater than specified by vmax
OSDI(debug) n.xdut.xr2n7.nr1: WARNING: V(i1,c) voltage is greater than specified by vmax
OSDI(debug) n.xdut.xr2n7.nr1: WARNING: V(i2,c) voltage is greater than specified by vmax
OSDI(debug) n.xdut.xr2n6.nr1: WARNING: V(i1,c) voltage is greater than specified by vmax
OSDI(debug) n.xdut.xr2n6.nr1: WARNING: V(i2,c) voltage is greater than specified by vmax
OSDI(debug) n.xdut.xr2n5.nr1: WARNING: V(i1,c) voltage is greater than specified by vmax
OSDI(debug) n.xdut.xr2n5.nr1: WARNING: V(i2,c) voltage is greater than specified by vmax
OSDI(debug) n.xdut.xr2n4.nr1: WARNING: V(i1,c) voltage is greater than specified by vmax
OSDI(debug) n.xdut.xr2n4.nr1: WARNING: V(i2,c) voltage is greater than specified by vmax
OSDI(debug) n.xdut.xr2n3.nr1: WARNING: V(i1,c) voltage is greater than specified by vmax
OSDI(debug) n.xdut.xr2n3.nr1: WARNING: V(i2,c) voltage is greater than specified by vmax
OSDI(debug) n.xdut.xr2n2.nr1: WARNING: V(i1,c) voltage is greater than specified by vmax
OSDI(debug) n.xdut.xr2n2.nr1: WARNING: V(i2,c) voltage is greater than specified by vmax
OSDI(debug) n.xdut.xr2n1.nr1: WARNING: V(i1,c) voltage is greater than specified by vmax
OSDI(debug) n.xdut.xr2n1.nr1: WARNING: V(i2,c) voltage is greater than specified by vmax
OSDI(debug) n.xdut.xr2n0.nr1: WARNING: V(i1,c) voltage is greater than specified by vmax
OSDI(debug) n.xdut.xr2n0.nr1: WARNING: V(i2,c) voltage is greater than specified by vmax
OSDI(debug) n.xdut.xr1n0.nr1: WARNING: V(i1,c) voltage is greater than specified by vmax
OSDI(debug) n.xdut.xr1n0.nr1: WARNING: V(i2,c) voltage is greater than specified by vmax
OSDI(debug) n.xrl2.nr1: WARNING: V(i1,c) voltage is greater than specified by vmax
OSDI(debug) n.xrl2.nr1: WARNING: V(i2,c) voltage is greater than specified by vmax
OSDI(debug) n.xrl1.nr1: WARNING: V(i1,c) voltage is greater than specified by vmax
OSDI(debug) n.xrl1.nr1: WARNING: V(i2,c) voltage is greater than specified by vmax
OSDI(debug) n.xdut.xota.xrz.nr1: WARNING: V(i1,c) voltage is greater than specified by vmax
OSDI(debug) n.xdut.xota.xrz.nr1: WARNING: V(i2,c) voltage is greater than specified by vmax
OSDI(debug) n.xdut.xr2n19.nr1: WARNING: V(i1,c) voltage is greater than specified by vmax
OSDI(debug) n.xdut.xr2n19.nr1: WARNING: V(i2,c) voltage is greater than specified by vmax
OSDI(debug) n.xdut.xr2n18.nr1: WARNING: V(i1,c) voltage is greater than specified by vmax
OSDI(debug) n.xdut.xr2n18.nr1: WARNING: V(i2,c) voltage is greater than specified by vmax
OSDI(debug) n.xdut.xr2n17.nr1: WARNING: V(i1,c) voltage is greater than specified by vmax
OSDI(debug) n.xdut.xr2n17.nr1: WARNING: V(i2,c) voltage is greater than specified by vmax
OSDI(debug) n.xdut.xr2n16.nr1: WARNING: V(i1,c) voltage is greater than specified by vmax
OSDI(debug) n.xdut.xr2n16.nr1: WARNING: V(i2,c) voltage is greater than specified by vmax
OSDI(debug) n.xdut.xr2n15.nr1: WARNING: V(i1,c) voltage is greater than specified by vmax
OSDI(debug) n.xdut.xr2n15.nr1: WARNING: V(i2,c) voltage is greater than specified by vmax
OSDI(debug) n.xdut.xr2n14.nr1: WARNING: V(i1,c) voltage is greater than specified by vmax
OSDI(debug) n.xdut.xr2n14.nr1: WARNING: V(i2,c) voltage is greater than specified by vmax
OSDI(debug) n.xdut.xr2n13.nr1: WARNING: V(i1,c) voltage is greater than specified by vmax
OSDI(debug) n.xdut.xr2n13.nr1: WARNING: V(i2,c) voltage is greater than specified by vmax
OSDI(debug) n.xdut.xr2n12.nr1: WARNING: V(i1,c) voltage is greater than specified by vmax
OSDI(debug) n.xdut.xr2n12.nr1: WARNING: V(i2,c) voltage is greater than specified by vmax
OSDI(debug) n.xdut.xr2n11.nr1: WARNING: V(i1,c) voltage is greater than specified by vmax
OSDI(debug) n.xdut.xr2n11.nr1: WARNING: V(i2,c) voltage is greater than specified by vmax
OSDI(debug) n.xdut.xr2n10.nr1: WARNING: V(i1,c) voltage is greater than specified by vmax
OSDI(debug) n.xdut.xr2n10.nr1: WARNING: V(i2,c) voltage is greater than specified by vmax
OSDI(debug) n.xdut.xr2n9.nr1: WARNING: V(i1,c) voltage is greater than specified by vmax
OSDI(debug) n.xdut.xr2n9.nr1: WARNING: V(i2,c) voltage is greater than specified by vmax
OSDI(debug) n.xdut.xr2n8.nr1: WARNING: V(i1,c) voltage is greater than specified by vmax
OSDI(debug) n.xdut.xr2n8.nr1: WARNING: V(i2,c) voltage is greater than specified by vmax
OSDI(debug) n.xdut.xr2n7.nr1: WARNING: V(i1,c) voltage is greater than specified by vmax
OSDI(debug) n.xdut.xr2n7.nr1: WARNING: V(i2,c) voltage is greater than specified by vmax
OSDI(debug) n.xdut.xr2n6.nr1: WARNING: V(i1,c) voltage is greater than specified by vmax
OSDI(debug) n.xdut.xr2n6.nr1: WARNING: V(i2,c) voltage is greater than specified by vmax
OSDI(debug) n.xdut.xr2n5.nr1: WARNING: V(i1,c) voltage is greater than specified by vmax
OSDI(debug) n.xdut.xr2n5.nr1: WARNING: V(i2,c) voltage is greater than specified by vmax
OSDI(debug) n.xdut.xr2n4.nr1: WARNING: V(i1,c) voltage is greater than specified by vmax
OSDI(debug) n.xdut.xr2n4.nr1: WARNING: V(i2,c) voltage is greater than specified by vmax
OSDI(debug) n.xdut.xr2n3.nr1: WARNING: V(i1,c) voltage is greater than specified by vmax
OSDI(debug) n.xdut.xr2n3.nr1: WARNING: V(i2,c) voltage is greater than specified by vmax
OSDI(debug) n.xdut.xr2n2.nr1: WARNING: V(i1,c) voltage is greater than specified by vmax
OSDI(debug) n.xdut.xr2n2.nr1: WARNING: V(i2,c) voltage is greater than specified by vmax
OSDI(debug) n.xdut.xr2n1.nr1: WARNING: V(i1,c) voltage is greater than specified by vmax
OSDI(debug) n.xdut.xr2n1.nr1: WARNING: V(i2,c) voltage is greater than specified by vmax
OSDI(debug) n.xdut.xr2n0.nr1: WARNING: V(i1,c) voltage is greater than specified by vmax
OSDI(debug) n.xdut.xr2n0.nr1: WARNING: V(i2,c) voltage is greater than specified by vmax
OSDI(debug) n.xdut.xr1n0.nr1: WARNING: V(i1,c) voltage is greater than specified by vmax
OSDI(debug) n.xdut.xr1n0.nr1: WARNING: V(i2,c) voltage is greater than specified by vmax
OSDI(debug) n.xrl2.nr1: WARNING: V(i1,c) voltage is greater than specified by vmax
OSDI(debug) n.xrl2.nr1: WARNING: V(i2,c) voltage is greater than specified by vmax
OSDI(debug) n.xrl1.nr1: WARNING: V(i1,c) voltage is greater than specified by vmax
OSDI(debug) n.xrl1.nr1: WARNING: V(i2,c) voltage is greater than specified by vmax
OSDI(debug) n.xdut.xota.xrz.nr1: WARNING: V(i1,c) voltage is greater than specified by vmax
OSDI(debug) n.xdut.xota.xrz.nr1: WARNING: V(i2,c) voltage is greater than specified by vmax
Note: Starting dynamic gmin stepping
Note: Dynamic gmin stepping completed
 Reference value :  0.00000e+00
No. of Data Rows : 1
ROW t3_c0.3_s0.05 1.94407 1.0026 1.04216 0.381166 0.378412 1.00284 -0.000973463
FINGERPRINT 3
@n.xdut.xota.xm1.nsg13_hv_pmos[w] = 9.599619398720151e-05
@n.xdut.xota.xm1.nsg13_hv_pmos[l] = 2.001788498391205e-06
@n.xdut.xota.xm1.nsg13_hv_pmos[delvto] = -9.93207539007663e-05
@n.xdut.xota.xm1.nsg13_hv_pmos[factuo] = 1.000184360701323e+00
@n.xdut.xota.xm2.nsg13_hv_pmos[w] = 9.600202104934888e-05
@n.xdut.xota.xm2.nsg13_hv_pmos[l] = 2.000316108414387e-06
@n.xdut.xota.xm2.nsg13_hv_pmos[delvto] = 1.128936397623007e-04
@n.xdut.xota.xm2.nsg13_hv_pmos[factuo] = 1.000346696842345e+00
@n.xdut.xbuf.xm1.nsg13_hv_pmos[w] = 9.600176284939051e-05
@n.xdut.xbuf.xm1.nsg13_hv_pmos[l] = 1.995224933183787e-06
@n.xdut.xbuf.xm1.nsg13_hv_pmos[delvto] = -4.91285659807986e-04
@n.xdut.xbuf.xm1.nsg13_hv_pmos[factuo] = 9.999494710491130e-01
@n.xdut.xbuf.xm2.nsg13_hv_pmos[w] = 9.600203175221379e-05
@n.xdut.xbuf.xm2.nsg13_hv_pmos[l] = 2.007189804705069e-06
@n.xdut.xbuf.xm2.nsg13_hv_pmos[delvto] = -1.85657001617865e-04
@n.xdut.xbuf.xm2.nsg13_hv_pmos[factuo] = 9.998981902720612e-01
@n.xdut.xref.xm1.nsg13_hv_pmos[w] = 9.600390041802672e-05
@n.xdut.xref.xm1.nsg13_hv_pmos[l] = 2.005559512563984e-06
@n.xdut.xref.xm1.nsg13_hv_pmos[delvto] = -5.66360466897272e-04
@n.xdut.xref.xm1.nsg13_hv_pmos[factuo] = 9.997798925333156e-01
@n.xdut.xref.xm2.nsg13_hv_pmos[w] = 9.599801994820182e-05
@n.xdut.xref.xm2.nsg13_hv_pmos[l] = 2.004260762259822e-06
@n.xdut.xref.xm2.nsg13_hv_pmos[delvto] = -7.08231375661470e-04
@n.xdut.xref.xm2.nsg13_hv_pmos[factuo] = 9.994963387659730e-01
@n.xdut.xr1n0.nr1[nsmm_rsh] = 1.290614858443460e+00
@n.xdut.xr1n0.nr1[nsmm_w] = 7.952858598374990e-01
@n.xdut.xr1n0.nr1[nsmm_l] = -2.35698623302369e-01
QUALIFICATION_END
ngspice-46 done
