{
  "status": "failed strict saved comparison",
  "checks": {
    "process_exit_zero": true,
    "explicit_engine_match_only": false,
    "no_engine_error": false,
    "saved_database": true,
    "strict_all_pairs_Match": false,
    "layout_top_present_nonempty": true,
    "layout_source_top_pin_set_exact": false,
    "reference_top_present_nonempty": true,
    "reference_source_top_pin_set_exact": true,
    "native_extraction_strict_unrelaxed_switches": true,
    "observed_extraction_mode_exact": true
  },
  "explicit_engine_match": false,
  "explicit_engine_mismatch": true,
  "process_returncode": 0,
  "wrapper_summary_not_used": true,
  "engine_log": "io_marker_native.log",
  "engine_log_sha256": "afa3072aeeae39750b2a7342017ede552bf381be70a51fddd5b47a6992a36096",
  "parser_sha256": "e53c46f698af2825e8a3a127bfe8b04d5ed5e4783ba45ec49b5ef63f0f04c361",
  "physical_extraction_required": true
}
