
Note: No compatibility mode selected!


Circuit: * ls extracted macro characterization

Doing analysis at TEMP = -40.000000 and TNOM = 27.000000

Using SPARSE 1.3 as Direct Linear Solver

Initial Transient Solution
--------------------------

Node                                   Voltage
----                                   -------
sub!                                         0
vdd                                        1.2
vdda                                       3.3
x1.n_4                                     1.2
in                                           0
x1.n_3                             3.67915e-13
x1.n_5                                     3.3
out                                4.35738e-13
vin#branch                         7.05866e-12
vdda#branch                       -3.51021e-15
vdd#branch                        -7.06761e-12
vsub#branch                                  0

 Reference value :  7.00280e-08 Reference value :  5.42403e-07
No. of Data Rows : 9066
ngspice-46 done
