
Note: No compatibility mode selected!


Circuit: * ls extracted macro characterization

Doing analysis at TEMP = -40.000000 and TNOM = 27.000000

Using SPARSE 1.3 as Direct Linear Solver

Initial Transient Solution
--------------------------

Node                                   Voltage
----                                   -------
sub!                                         0
vdd                                       1.08
vdda                                         3
x1.n_4                                    1.08
in                                           0
x1.n_3                             3.35668e-12
x1.n_5                                       3
out                                2.20762e-11
vin#branch                         1.56483e-11
vdda#branch                       -4.03281e-14
vdd#branch                        -1.60445e-11
vsub#branch                                  0

 Reference value :  6.44280e-08 Reference value :  5.37052e-07
No. of Data Rows : 9065
ngspice-46 done
