
Note: No compatibility mode selected!


Circuit: * g1_sense monte carlo: input-referred offset, mismatch models (mos lv+hv, rppd), 200 samples

Warning : Nodeset on non-existent node - xdut.iptat, ignored
   Please check line .nodeset v(vref_buf)=    1.040000000000000e+00     v(vped)=    1.000755000000000e+00     v(isense)=    1.000755000000000e+00     v(xdut.vp)=0.047 v(xdut.vn)=0.047 v(xdut.iptat)=0.76 v(xdut.xref.out1)=    2.510000000000000e+00     v(xdut.xbuf.out1)=    2.510000000000000e+00     v(xdut.xota.out1)=    2.510000000000000e+00     v(xdut.xref.mir)=    2.510000000000000e+00     v(xdut.xbuf.mir)=    2.510000000000000e+00     v(xdut.xota.mir)=    2.510000000000000e+00     v(xdut.xref.tail)=1.65 v(xdut.xbuf.tail)=1.65 v(xdut.xota.tail)=1.6 v(xdut.xref.fn)=0.2 v(xdut.xref.fp)=0.2 v(xdut.xbuf.fn)=0.2 v(xdut.xbuf.fp)=0.2 v(xdut.xota.fn)=0.2 v(xdut.xota.fp)=0.2

Reset re-loads circuit * g1_sense monte carlo: input-referred offset, mismatch models (mos lv+hv, rppd), 200 samples

Circuit: * g1_sense monte carlo: input-referred offset, mismatch models (mos lv+hv, rppd), 200 samples

Warning : Nodeset on non-existent node - xdut.iptat, ignored
   Please check line .nodeset v(vref_buf)=    1.040000000000000e+00     v(vped)=    1.000755000000000e+00     v(isense)=    1.000755000000000e+00     v(xdut.vp)=0.047 v(xdut.vn)=0.047 v(xdut.iptat)=0.76 v(xdut.xref.out1)=    2.510000000000000e+00     v(xdut.xbuf.out1)=    2.510000000000000e+00     v(xdut.xota.out1)=    2.510000000000000e+00     v(xdut.xref.mir)=    2.510000000000000e+00     v(xdut.xbuf.mir)=    2.510000000000000e+00     v(xdut.xota.mir)=    2.510000000000000e+00     v(xdut.xref.tail)=1.65 v(xdut.xbuf.tail)=1.65 v(xdut.xota.tail)=1.6 v(xdut.xref.fn)=0.2 v(xdut.xref.fp)=0.2 v(xdut.xbuf.fn)=0.2 v(xdut.xbuf.fp)=0.2 v(xdut.xota.fn)=0.2 v(xdut.xota.fp)=0.2

Doing analysis at TEMP = 25.000000 and TNOM = 27.000000

Using SPARSE 1.3 as Direct Linear Solver
Note: Starting dynamic gmin stepping
Note: Dynamic gmin stepping completed
 Reference value :  0.00000e+00
No. of Data Rows : 1
ROW t0_c-0.1_s0 0.93949 1.00585 1.04057 -0.0472965 -0.0506821 1.00127 -0.00100587
Doing analysis at TEMP = 25.000000 and TNOM = 27.000000

Using SPARSE 1.3 as Direct Linear Solver
Note: Starting dynamic gmin stepping
Note: Dynamic gmin stepping completed
 Reference value :  0.00000e+00
No. of Data Rows : 1
ROW t0_c-0.1_s0.025 1.44096 1.00585 1.04057 -0.0234879 -0.0268902 1.00127 -0.00101889
Doing analysis at TEMP = 25.000000 and TNOM = 27.000000

Using SPARSE 1.3 as Direct Linear Solver
Note: Starting dynamic gmin stepping
Note: Dynamic gmin stepping completed
 Reference value :  0.00000e+00
No. of Data Rows : 1
ROW t0_c-0.1_s0.05 1.94246 1.00585 1.04057 0.000320615 -0.00309688 1.00127 -0.00103149
Doing analysis at TEMP = 25.000000 and TNOM = 27.000000

Using SPARSE 1.3 as Direct Linear Solver
Note: Starting dynamic gmin stepping
Note: Dynamic gmin stepping completed
 Reference value :  0.00000e+00
No. of Data Rows : 1
ROW t0_c0_s0 0.939175 1.00585 1.04057 0.0479377 0.0445586 1.00127 -0.0010049
Doing analysis at TEMP = 25.000000 and TNOM = 27.000000

Using SPARSE 1.3 as Direct Linear Solver
Note: Starting dynamic gmin stepping
Note: Dynamic gmin stepping completed
 Reference value :  0.00000e+00
No. of Data Rows : 1
ROW t0_c0_s0.025 1.44064 1.00586 1.04057 0.0717462 0.0683504 1.00127 -0.00101792
Doing analysis at TEMP = 25.000000 and TNOM = 27.000000

Using SPARSE 1.3 as Direct Linear Solver
Note: Starting dynamic gmin stepping
Note: Dynamic gmin stepping completed
 Reference value :  0.00000e+00
No. of Data Rows : 1
ROW t0_c0_s0.05 1.94214 1.00586 1.04057 0.0955548 0.0921437 1.00127 -0.00103052
Doing analysis at TEMP = 25.000000 and TNOM = 27.000000

Using SPARSE 1.3 as Direct Linear Solver
Warning: singular matrix:  check node xdut.xbuf.cz

Note: Starting dynamic gmin stepping
Note: Dynamic gmin stepping completed
 Reference value :  0.00000e+00
No. of Data Rows : 1
ROW t0_c0.3_s0 0.93822 1.00586 1.04057 0.33364 0.33028 1.00127 -0.00100199
Doing analysis at TEMP = 25.000000 and TNOM = 27.000000

Using SPARSE 1.3 as Direct Linear Solver
Note: Starting dynamic gmin stepping
Note: Dynamic gmin stepping completed
 Reference value :  0.00000e+00
No. of Data Rows : 1
ROW t0_c0.3_s0.025 1.43969 1.00586 1.04057 0.357449 0.354072 1.00127 -0.00101501
Doing analysis at TEMP = 25.000000 and TNOM = 27.000000

Using SPARSE 1.3 as Direct Linear Solver
Note: Starting dynamic gmin stepping
Note: Dynamic gmin stepping completed
 Reference value :  0.00000e+00
No. of Data Rows : 1
ROW t0_c0.3_s0.05 1.94118 1.00586 1.04057 0.381257 0.377865 1.00127 -0.00102761
FINGERPRINT 0
@n.xdut.xota.xm1.nsg13_hv_pmos[w] = 9.599912386783076e-05
@n.xdut.xota.xm1.nsg13_hv_pmos[l] = 2.000881148450666e-06
@n.xdut.xota.xm1.nsg13_hv_pmos[delvto] = 3.894209875118481e-05
@n.xdut.xota.xm1.nsg13_hv_pmos[factuo] = 1.000057678325173e+00
@n.xdut.xota.xm2.nsg13_hv_pmos[w] = 9.600243352103743e-05
@n.xdut.xota.xm2.nsg13_hv_pmos[l] = 2.001153000601305e-06
@n.xdut.xota.xm2.nsg13_hv_pmos[delvto] = -2.13151206869768e-04
@n.xdut.xota.xm2.nsg13_hv_pmos[factuo] = 9.997539927608492e-01
@n.xdut.xbuf.xm1.nsg13_hv_pmos[w] = 9.600530160008536e-05
@n.xdut.xbuf.xm1.nsg13_hv_pmos[l] = 2.002128052584989e-06
@n.xdut.xbuf.xm1.nsg13_hv_pmos[delvto] = -2.13927819076508e-04
@n.xdut.xbuf.xm1.nsg13_hv_pmos[factuo] = 9.998954003515038e-01
@n.xdut.xbuf.xm2.nsg13_hv_pmos[w] = 9.599999224007044e-05
@n.xdut.xbuf.xm2.nsg13_hv_pmos[l] = 2.000731607833078e-06
@n.xdut.xbuf.xm2.nsg13_hv_pmos[delvto] = -4.42687422362397e-04
@n.xdut.xbuf.xm2.nsg13_hv_pmos[factuo] = 9.997314222569376e-01
@n.xdut.xref.xm1.nsg13_hv_pmos[w] = 9.600339070728450e-05
@n.xdut.xref.xm1.nsg13_hv_pmos[l] = 2.004238572828323e-06
@n.xdut.xref.xm1.nsg13_hv_pmos[delvto] = -1.37335502636999e-04
@n.xdut.xref.xm1.nsg13_hv_pmos[factuo] = 9.997603582486426e-01
@n.xdut.xref.xm2.nsg13_hv_pmos[w] = 9.600329281670863e-05
@n.xdut.xref.xm2.nsg13_hv_pmos[l] = 1.997326129652583e-06
@n.xdut.xref.xm2.nsg13_hv_pmos[delvto] = -2.71014970432889e-04
@n.xdut.xref.xm2.nsg13_hv_pmos[factuo] = 9.997689335469452e-01
@n.xdut.xr1n0.nr1[nsmm_rsh] = -2.49294179349343e+00
@n.xdut.xr1n0.nr1[nsmm_w] = -1.43483221480229e-01
@n.xdut.xr1n0.nr1[nsmm_l] = -4.02502393258115e-01
Doing analysis at TEMP = -40.000000 and TNOM = 27.000000

Using SPARSE 1.3 as Direct Linear Solver
Note: Starting dynamic gmin stepping
Note: Dynamic gmin stepping completed
 Reference value :  0.00000e+00
No. of Data Rows : 1
ROW t1_c-0.1_s0 0.945685 1.00517 1.04033 -0.047329 -0.0503881 1.00103 -0.00076477
Doing analysis at TEMP = -40.000000 and TNOM = 27.000000

Using SPARSE 1.3 as Direct Linear Solver
Warning: singular matrix:  check nodes xdut.r2p_17 and n.xdut.xr2p16.nr1#i2

Note: Starting dynamic gmin stepping
Note: Dynamic gmin stepping completed
 Reference value :  0.00000e+00
No. of Data Rows : 1
ROW t1_c-0.1_s0.025 1.44719 1.00517 1.04033 -0.0235205 -0.0265945 1.00103 -0.000777557
Doing analysis at TEMP = -40.000000 and TNOM = 27.000000

Using SPARSE 1.3 as Direct Linear Solver
Note: Starting dynamic gmin stepping
Note: Dynamic gmin stepping completed
 Reference value :  0.00000e+00
No. of Data Rows : 1
ROW t1_c-0.1_s0.05 1.94873 1.00517 1.04033 0.000288081 -0.00279946 1.00103 -0.000789997
Doing analysis at TEMP = -40.000000 and TNOM = 27.000000

Using SPARSE 1.3 as Direct Linear Solver
Warning: singular matrix:  check nodes xdut.r2n_11 and xdut.r2n_4

Note: Starting dynamic gmin stepping
Note: Dynamic gmin stepping completed
 Reference value :  0.00000e+00
No. of Data Rows : 1
ROW t1_c0_s0 0.945391 1.00517 1.04033 0.0479051 0.0448535 1.00103 -0.000763791
Doing analysis at TEMP = -40.000000 and TNOM = 27.000000

Using SPARSE 1.3 as Direct Linear Solver
Note: Starting dynamic gmin stepping
Note: Dynamic gmin stepping completed
 Reference value :  0.00000e+00
No. of Data Rows : 1
ROW t1_c0_s0.025 1.4469 1.00517 1.04033 0.0717137 0.0686471 1.00103 -0.000776578
Doing analysis at TEMP = -40.000000 and TNOM = 27.000000

Using SPARSE 1.3 as Direct Linear Solver
Note: Starting dynamic gmin stepping
Note: Dynamic gmin stepping completed
 Reference value :  0.00000e+00
No. of Data Rows : 1
ROW t1_c0_s0.05 1.94843 1.00517 1.04033 0.0955222 0.0924421 1.00103 -0.000789018
Doing analysis at TEMP = -40.000000 and TNOM = 27.000000

Using SPARSE 1.3 as Direct Linear Solver
Note: Starting dynamic gmin stepping
Note: Dynamic gmin stepping completed
 Reference value :  0.00000e+00
No. of Data Rows : 1
ROW t1_c0.3_s0 0.944503 1.00517 1.04033 0.333608 0.330578 1.00103 -0.000760854
Doing analysis at TEMP = -40.000000 and TNOM = 27.000000

Using SPARSE 1.3 as Direct Linear Solver
Note: Starting dynamic gmin stepping
Note: Dynamic gmin stepping completed
 Reference value :  0.00000e+00
No. of Data Rows : 1
ROW t1_c0.3_s0.025 1.44601 1.00517 1.04033 0.357416 0.354372 1.00103 -0.000773641
Doing analysis at TEMP = -40.000000 and TNOM = 27.000000

Using SPARSE 1.3 as Direct Linear Solver
Note: Starting dynamic gmin stepping
Note: Dynamic gmin stepping completed
 Reference value :  0.00000e+00
No. of Data Rows : 1
ROW t1_c0.3_s0.05 1.94754 1.00517 1.04033 0.381225 0.378167 1.00103 -0.000786082
FINGERPRINT 1
@n.xdut.xota.xm1.nsg13_hv_pmos[w] = 9.599912386783076e-05
@n.xdut.xota.xm1.nsg13_hv_pmos[l] = 2.000881148450666e-06
@n.xdut.xota.xm1.nsg13_hv_pmos[delvto] = 3.894209875118481e-05
@n.xdut.xota.xm1.nsg13_hv_pmos[factuo] = 1.000057678325173e+00
@n.xdut.xota.xm2.nsg13_hv_pmos[w] = 9.600243352103743e-05
@n.xdut.xota.xm2.nsg13_hv_pmos[l] = 2.001153000601305e-06
@n.xdut.xota.xm2.nsg13_hv_pmos[delvto] = -2.13151206869768e-04
@n.xdut.xota.xm2.nsg13_hv_pmos[factuo] = 9.997539927608492e-01
@n.xdut.xbuf.xm1.nsg13_hv_pmos[w] = 9.600530160008536e-05
@n.xdut.xbuf.xm1.nsg13_hv_pmos[l] = 2.002128052584989e-06
@n.xdut.xbuf.xm1.nsg13_hv_pmos[delvto] = -2.13927819076508e-04
@n.xdut.xbuf.xm1.nsg13_hv_pmos[factuo] = 9.998954003515038e-01
@n.xdut.xbuf.xm2.nsg13_hv_pmos[w] = 9.599999224007044e-05
@n.xdut.xbuf.xm2.nsg13_hv_pmos[l] = 2.000731607833078e-06
@n.xdut.xbuf.xm2.nsg13_hv_pmos[delvto] = -4.42687422362397e-04
@n.xdut.xbuf.xm2.nsg13_hv_pmos[factuo] = 9.997314222569376e-01
@n.xdut.xref.xm1.nsg13_hv_pmos[w] = 9.600339070728450e-05
@n.xdut.xref.xm1.nsg13_hv_pmos[l] = 2.004238572828323e-06
@n.xdut.xref.xm1.nsg13_hv_pmos[delvto] = -1.37335502636999e-04
@n.xdut.xref.xm1.nsg13_hv_pmos[factuo] = 9.997603582486426e-01
@n.xdut.xref.xm2.nsg13_hv_pmos[w] = 9.600329281670863e-05
@n.xdut.xref.xm2.nsg13_hv_pmos[l] = 1.997326129652583e-06
@n.xdut.xref.xm2.nsg13_hv_pmos[delvto] = -2.71014970432889e-04
@n.xdut.xref.xm2.nsg13_hv_pmos[factuo] = 9.997689335469452e-01
@n.xdut.xr1n0.nr1[nsmm_rsh] = -2.49294179349343e+00
@n.xdut.xr1n0.nr1[nsmm_w] = -1.43483221480229e-01
@n.xdut.xr1n0.nr1[nsmm_l] = -4.02502393258115e-01
Doing analysis at TEMP = 125.000000 and TNOM = 27.000000

Using SPARSE 1.3 as Direct Linear Solver
Note: Starting dynamic gmin stepping
Note: Dynamic gmin stepping completed
 Reference value :  0.00000e+00
No. of Data Rows : 1
ROW t2_c-0.1_s0 0.93129 1.00684 1.04116 -0.0472496 -0.0510712 1.00184 -0.00138619
Doing analysis at TEMP = 125.000000 and TNOM = 27.000000

Using SPARSE 1.3 as Direct Linear Solver
Note: Starting dynamic gmin stepping
Note: Dynamic gmin stepping completed
 Reference value :  0.00000e+00
No. of Data Rows : 1
ROW t2_c-0.1_s0.025 1.43271 1.00684 1.04116 -0.0234411 -0.0272818 1.00184 -0.0013992
Doing analysis at TEMP = 125.000000 and TNOM = 27.000000

Using SPARSE 1.3 as Direct Linear Solver
Note: Starting dynamic gmin stepping
Note: Dynamic gmin stepping completed
 Reference value :  0.00000e+00
No. of Data Rows : 1
ROW t2_c-0.1_s0.05 1.93416 1.00684 1.04116 0.000367478 -0.0034909 1.00184 -0.00141166
Doing analysis at TEMP = 125.000000 and TNOM = 27.000000

Using SPARSE 1.3 as Direct Linear Solver
Note: Starting dynamic gmin stepping
Note: Dynamic gmin stepping completed
 Reference value :  0.00000e+00
No. of Data Rows : 1
ROW t2_c0_s0 0.930946 1.00684 1.04116 0.0479846 0.0441681 1.00184 -0.00138523
Doing analysis at TEMP = 125.000000 and TNOM = 27.000000

Using SPARSE 1.3 as Direct Linear Solver
Note: Starting dynamic gmin stepping
Note: Dynamic gmin stepping completed
 Reference value :  0.00000e+00
No. of Data Rows : 1
ROW t2_c0_s0.025 1.43236 1.00684 1.04116 0.0717931 0.0679574 1.00184 -0.00139825
Doing analysis at TEMP = 125.000000 and TNOM = 27.000000

Using SPARSE 1.3 as Direct Linear Solver
Note: Starting dynamic gmin stepping
Note: Dynamic gmin stepping completed
 Reference value :  0.00000e+00
No. of Data Rows : 1
ROW t2_c0_s0.05 1.93381 1.00684 1.04116 0.0956016 0.0917482 1.00184 -0.0014107
Doing analysis at TEMP = 125.000000 and TNOM = 27.000000

Using SPARSE 1.3 as Direct Linear Solver
Note: Starting dynamic gmin stepping
Note: Dynamic gmin stepping completed
 Reference value :  0.00000e+00
No. of Data Rows : 1
ROW t2_c0.3_s0 0.929894 1.00684 1.04116 0.333687 0.329885 1.00184 -0.00138237
Doing analysis at TEMP = 125.000000 and TNOM = 27.000000

Using SPARSE 1.3 as Direct Linear Solver
Note: Starting dynamic gmin stepping
Note: Dynamic gmin stepping completed
 Reference value :  0.00000e+00
No. of Data Rows : 1
ROW t2_c0.3_s0.025 1.4313 1.00684 1.04116 0.357496 0.353674 1.00184 -0.00139539
Doing analysis at TEMP = 125.000000 and TNOM = 27.000000

Using SPARSE 1.3 as Direct Linear Solver
Note: Starting dynamic gmin stepping
Note: Dynamic gmin stepping completed
 Reference value :  0.00000e+00
No. of Data Rows : 1
ROW t2_c0.3_s0.05 1.93275 1.00684 1.04116 0.381304 0.377465 1.00184 -0.00140785
FINGERPRINT 2
@n.xdut.xota.xm1.nsg13_hv_pmos[w] = 9.599912386783076e-05
@n.xdut.xota.xm1.nsg13_hv_pmos[l] = 2.000881148450666e-06
@n.xdut.xota.xm1.nsg13_hv_pmos[delvto] = 3.894209875118481e-05
@n.xdut.xota.xm1.nsg13_hv_pmos[factuo] = 1.000057678325173e+00
@n.xdut.xota.xm2.nsg13_hv_pmos[w] = 9.600243352103743e-05
@n.xdut.xota.xm2.nsg13_hv_pmos[l] = 2.001153000601305e-06
@n.xdut.xota.xm2.nsg13_hv_pmos[delvto] = -2.13151206869768e-04
@n.xdut.xota.xm2.nsg13_hv_pmos[factuo] = 9.997539927608492e-01
@n.xdut.xbuf.xm1.nsg13_hv_pmos[w] = 9.600530160008536e-05
@n.xdut.xbuf.xm1.nsg13_hv_pmos[l] = 2.002128052584989e-06
@n.xdut.xbuf.xm1.nsg13_hv_pmos[delvto] = -2.13927819076508e-04
@n.xdut.xbuf.xm1.nsg13_hv_pmos[factuo] = 9.998954003515038e-01
@n.xdut.xbuf.xm2.nsg13_hv_pmos[w] = 9.599999224007044e-05
@n.xdut.xbuf.xm2.nsg13_hv_pmos[l] = 2.000731607833078e-06
@n.xdut.xbuf.xm2.nsg13_hv_pmos[delvto] = -4.42687422362397e-04
@n.xdut.xbuf.xm2.nsg13_hv_pmos[factuo] = 9.997314222569376e-01
@n.xdut.xref.xm1.nsg13_hv_pmos[w] = 9.600339070728450e-05
@n.xdut.xref.xm1.nsg13_hv_pmos[l] = 2.004238572828323e-06
@n.xdut.xref.xm1.nsg13_hv_pmos[delvto] = -1.37335502636999e-04
@n.xdut.xref.xm1.nsg13_hv_pmos[factuo] = 9.997603582486426e-01
@n.xdut.xref.xm2.nsg13_hv_pmos[w] = 9.600329281670863e-05
@n.xdut.xref.xm2.nsg13_hv_pmos[l] = 1.997326129652583e-06
@n.xdut.xref.xm2.nsg13_hv_pmos[delvto] = -2.71014970432889e-04
@n.xdut.xref.xm2.nsg13_hv_pmos[factuo] = 9.997689335469452e-01
@n.xdut.xr1n0.nr1[nsmm_rsh] = -2.49294179349343e+00
@n.xdut.xr1n0.nr1[nsmm_w] = -1.43483221480229e-01
@n.xdut.xr1n0.nr1[nsmm_l] = -4.02502393258115e-01
Doing analysis at TEMP = 25.000000 and TNOM = 27.000000

Using SPARSE 1.3 as Direct Linear Solver
Note: Starting dynamic gmin stepping
Note: Dynamic gmin stepping completed
 Reference value :  0.00000e+00
No. of Data Rows : 1
ROW t3_c-0.1_s0 0.93949 1.00585 1.04057 -0.0472965 -0.0506821 1.00127 -0.00100587
Doing analysis at TEMP = 25.000000 and TNOM = 27.000000

Using SPARSE 1.3 as Direct Linear Solver
Note: Starting dynamic gmin stepping
Note: Dynamic gmin stepping completed
 Reference value :  0.00000e+00
No. of Data Rows : 1
ROW t3_c-0.1_s0.025 1.44096 1.00585 1.04057 -0.0234879 -0.0268902 1.00127 -0.00101889
Doing analysis at TEMP = 25.000000 and TNOM = 27.000000

Using SPARSE 1.3 as Direct Linear Solver
Note: Starting dynamic gmin stepping
Note: Dynamic gmin stepping completed
 Reference value :  0.00000e+00
No. of Data Rows : 1
ROW t3_c-0.1_s0.05 1.94246 1.00585 1.04057 0.000320615 -0.00309688 1.00127 -0.00103149
Doing analysis at TEMP = 25.000000 and TNOM = 27.000000

Using SPARSE 1.3 as Direct Linear Solver
Note: Starting dynamic gmin stepping
Note: Dynamic gmin stepping completed
 Reference value :  0.00000e+00
No. of Data Rows : 1
ROW t3_c0_s0 0.939175 1.00585 1.04057 0.0479377 0.0445586 1.00127 -0.0010049
Doing analysis at TEMP = 25.000000 and TNOM = 27.000000

Using SPARSE 1.3 as Direct Linear Solver
Note: Starting dynamic gmin stepping
Note: Dynamic gmin stepping completed
 Reference value :  0.00000e+00
No. of Data Rows : 1
ROW t3_c0_s0.025 1.44064 1.00586 1.04057 0.0717462 0.0683504 1.00127 -0.00101792
Doing analysis at TEMP = 25.000000 and TNOM = 27.000000

Using SPARSE 1.3 as Direct Linear Solver
Note: Starting dynamic gmin stepping
Note: Dynamic gmin stepping completed
 Reference value :  0.00000e+00
No. of Data Rows : 1
ROW t3_c0_s0.05 1.94214 1.00586 1.04057 0.0955548 0.0921437 1.00127 -0.00103052
Doing analysis at TEMP = 25.000000 and TNOM = 27.000000

Using SPARSE 1.3 as Direct Linear Solver
Warning: singular matrix:  check node xdut.xbuf.cz

Note: Starting dynamic gmin stepping
Note: Dynamic gmin stepping completed
 Reference value :  0.00000e+00
No. of Data Rows : 1
ROW t3_c0.3_s0 0.93822 1.00586 1.04057 0.33364 0.33028 1.00127 -0.00100199
Doing analysis at TEMP = 25.000000 and TNOM = 27.000000

Using SPARSE 1.3 as Direct Linear Solver
Note: Starting dynamic gmin stepping
Note: Dynamic gmin stepping completed
 Reference value :  0.00000e+00
No. of Data Rows : 1
ROW t3_c0.3_s0.025 1.43969 1.00586 1.04057 0.357449 0.354072 1.00127 -0.00101501
Doing analysis at TEMP = 25.000000 and TNOM = 27.000000

Using SPARSE 1.3 as Direct Linear Solver
Note: Starting dynamic gmin stepping
Note: Dynamic gmin stepping completed
 Reference value :  0.00000e+00
No. of Data Rows : 1
ROW t3_c0.3_s0.05 1.94118 1.00586 1.04057 0.381257 0.377865 1.00127 -0.00102761
FINGERPRINT 3
@n.xdut.xota.xm1.nsg13_hv_pmos[w] = 9.599912386783076e-05
@n.xdut.xota.xm1.nsg13_hv_pmos[l] = 2.000881148450666e-06
@n.xdut.xota.xm1.nsg13_hv_pmos[delvto] = 3.894209875118481e-05
@n.xdut.xota.xm1.nsg13_hv_pmos[factuo] = 1.000057678325173e+00
@n.xdut.xota.xm2.nsg13_hv_pmos[w] = 9.600243352103743e-05
@n.xdut.xota.xm2.nsg13_hv_pmos[l] = 2.001153000601305e-06
@n.xdut.xota.xm2.nsg13_hv_pmos[delvto] = -2.13151206869768e-04
@n.xdut.xota.xm2.nsg13_hv_pmos[factuo] = 9.997539927608492e-01
@n.xdut.xbuf.xm1.nsg13_hv_pmos[w] = 9.600530160008536e-05
@n.xdut.xbuf.xm1.nsg13_hv_pmos[l] = 2.002128052584989e-06
@n.xdut.xbuf.xm1.nsg13_hv_pmos[delvto] = -2.13927819076508e-04
@n.xdut.xbuf.xm1.nsg13_hv_pmos[factuo] = 9.998954003515038e-01
@n.xdut.xbuf.xm2.nsg13_hv_pmos[w] = 9.599999224007044e-05
@n.xdut.xbuf.xm2.nsg13_hv_pmos[l] = 2.000731607833078e-06
@n.xdut.xbuf.xm2.nsg13_hv_pmos[delvto] = -4.42687422362397e-04
@n.xdut.xbuf.xm2.nsg13_hv_pmos[factuo] = 9.997314222569376e-01
@n.xdut.xref.xm1.nsg13_hv_pmos[w] = 9.600339070728450e-05
@n.xdut.xref.xm1.nsg13_hv_pmos[l] = 2.004238572828323e-06
@n.xdut.xref.xm1.nsg13_hv_pmos[delvto] = -1.37335502636999e-04
@n.xdut.xref.xm1.nsg13_hv_pmos[factuo] = 9.997603582486426e-01
@n.xdut.xref.xm2.nsg13_hv_pmos[w] = 9.600329281670863e-05
@n.xdut.xref.xm2.nsg13_hv_pmos[l] = 1.997326129652583e-06
@n.xdut.xref.xm2.nsg13_hv_pmos[delvto] = -2.71014970432889e-04
@n.xdut.xref.xm2.nsg13_hv_pmos[factuo] = 9.997689335469452e-01
@n.xdut.xr1n0.nr1[nsmm_rsh] = -2.49294179349343e+00
@n.xdut.xr1n0.nr1[nsmm_w] = -1.43483221480229e-01
@n.xdut.xr1n0.nr1[nsmm_l] = -4.02502393258115e-01
QUALIFICATION_END
ngspice-46 done
