2026-09-23 06:32:39 +0200: Memory Usage (408804K) : Starting running SG13G2 Klayout LVS runset on @RESULTS@/final-remaining-contexts-20260923-r1/iptat_isense/width24/clip/no_fill.gds
2026-09-23 06:32:39 +0200: Memory Usage (408804K) : Ruby Version for klayout: 3.2.3
2026-09-23 06:32:39 +0200: Memory Usage (408804K) : Loading database to memory is complete.
2026-09-23 06:32:39 +0200: Memory Usage (408804K) : SG13G2 Klayout LVS runset output at: @RESULTS@/final-remaining-contexts-20260923-r1/iptat_isense/width24/pex/no_fill/clip.lvsdb
2026-09-23 06:32:39 +0200: Memory Usage (408804K) : Evaluate switches.
2026-09-23 06:32:39 +0200: Memory Usage (408804K) : Extracted netlist with net names: true
2026-09-23 06:32:39 +0200: Memory Usage (408804K) : Extracted netlist with comments in details: false
2026-09-23 06:32:39 +0200: Memory Usage (408804K) : Selected NET_ONLY option: true
2026-09-23 06:32:39 +0200: Memory Usage (408804K) : Selected LAYOUT_NETLIST option: (none)
2026-09-23 06:32:39 +0200: Memory Usage (408804K) : Selected IGNORE_TOP_PORTS_MISMATCH option: 
2026-09-23 06:32:39 +0200: Memory Usage (408804K) : Selected IMPLICIT_NETS option: (none)
2026-09-23 06:32:39 +0200: Memory Usage (408804K) : Selected TOP_LVL_PINS option: true
2026-09-23 06:32:39 +0200: Memory Usage (408804K) : Selected COMBINE DEVICES option: false
2026-09-23 06:32:39 +0200: Memory Usage (408804K) : Selected PURGE option: false
2026-09-23 06:32:39 +0200: Memory Usage (408804K) : Selected PURGE_NETS option: false
2026-09-23 06:32:39 +0200: Memory Usage (408804K) : Selected SIMPLIFY option: false
2026-09-23 06:32:39 +0200: Memory Usage (408804K) : Selected SERIES_RES option: true
2026-09-23 06:32:39 +0200: Memory Usage (408804K) : Selected PARALLEL_RES option: true
2026-09-23 06:32:39 +0200: Memory Usage (408804K) : deep  mode is enabled.
2026-09-23 06:32:39 +0200: Memory Usage (408804K) : LVS extracted netlist at: @RESULTS@/final-remaining-contexts-20260923-r1/iptat_isense/width24/pex/no_fill/cleanup.cir
2026-09-23 06:32:39 +0200: Memory Usage (408804K) : Applying SRAM integration support.
2026-09-23 06:32:39 +0200: Memory Usage (408804K) : Starting SG13G2 LVS runset
2026-09-23 06:32:39 +0200: Memory Usage (408804K) : Read in polygons from layers.
2026-09-23 06:32:39 +0200: Memory Usage (408804K) : activ_drw has 0 polygons
2026-09-23 06:32:39 +0200: Memory Usage (408804K) : activ_filler has 0 polygons
2026-09-23 06:32:39 +0200: Memory Usage (408804K) : activ has 0 polygons
2026-09-23 06:32:39 +0200: Memory Usage (408804K) : activ_pin has 0 polygons
2026-09-23 06:32:39 +0200: Memory Usage (408804K) : activ_mask has 0 polygons
2026-09-23 06:32:39 +0200: Memory Usage (408804K) : activ_nofill has 0 polygons
2026-09-23 06:32:39 +0200: Memory Usage (408804K) : activ_OPC has 0 polygons
2026-09-23 06:32:39 +0200: Memory Usage (408804K) : activ_iOPC has 0 polygons
2026-09-23 06:32:39 +0200: Memory Usage (408804K) : activ_noqrc has 0 polygons
2026-09-23 06:32:39 +0200: Memory Usage (408804K) : biwind_drw has 0 polygons
2026-09-23 06:32:39 +0200: Memory Usage (408804K) : biwind_OPC has 0 polygons
2026-09-23 06:32:39 +0200: Memory Usage (408804K) : gatpoly_drw has 0 polygons
2026-09-23 06:32:39 +0200: Memory Usage (408804K) : gatpoly_filler has 0 polygons
2026-09-23 06:32:39 +0200: Memory Usage (408804K) : gatpoly has 0 polygons
2026-09-23 06:32:39 +0200: Memory Usage (410664K) : gatpoly_pin has 0 polygons
2026-09-23 06:32:39 +0200: Memory Usage (410664K) : gatpoly_nofill has 0 polygons
2026-09-23 06:32:39 +0200: Memory Usage (410664K) : gatpoly_OPC has 0 polygons
2026-09-23 06:32:39 +0200: Memory Usage (410664K) : gatpoly_iOPC has 0 polygons
2026-09-23 06:32:39 +0200: Memory Usage (410664K) : gatpoly_noqrc has 0 polygons
2026-09-23 06:32:39 +0200: Memory Usage (410664K) : cont_drw has 0 polygons
2026-09-23 06:32:39 +0200: Memory Usage (410664K) : cont_OPC has 0 polygons
2026-09-23 06:32:39 +0200: Memory Usage (410664K) : nsd_drw has 0 polygons
2026-09-23 06:32:39 +0200: Memory Usage (410664K) : nsd_block has 0 polygons
2026-09-23 06:32:39 +0200: Memory Usage (410664K) : metal1_drw has 20 polygons
2026-09-23 06:32:39 +0200: Memory Usage (410664K) : metal1_filler has 0 polygons
2026-09-23 06:32:39 +0200: Memory Usage (411612K) : metal1_slit has 0 polygons
2026-09-23 06:32:39 +0200: Memory Usage (411612K) : metal1 has 20 polygons
2026-09-23 06:32:39 +0200: Memory Usage (411612K) : metal1_pin has 0 polygons
2026-09-23 06:32:39 +0200: Memory Usage (411992K) : metal1_mask has 0 polygons
2026-09-23 06:32:39 +0200: Memory Usage (411992K) : metal1_nofill has 0 polygons
2026-09-23 06:32:39 +0200: Memory Usage (412520K) : metal1_text has 10 polygons
2026-09-23 06:32:39 +0200: Memory Usage (412520K) : metal1_OPC has 0 polygons
2026-09-23 06:32:39 +0200: Memory Usage (412520K) : metal1_noqrc has 0 polygons
2026-09-23 06:32:39 +0200: Memory Usage (412520K) : metal1_res has 0 polygons
2026-09-23 06:32:39 +0200: Memory Usage (412520K) : metal1_iprobe has 0 polygons
2026-09-23 06:32:39 +0200: Memory Usage (412860K) : metal1_diffprb has 0 polygons
2026-09-23 06:32:39 +0200: Memory Usage (412860K) : passiv_drw has 0 polygons
2026-09-23 06:32:39 +0200: Memory Usage (412860K) : passiv_pin has 0 polygons
2026-09-23 06:32:39 +0200: Memory Usage (412860K) : passiv_sbump has 0 polygons
2026-09-23 06:32:39 +0200: Memory Usage (412860K) : passiv_pillar has 0 polygons
2026-09-23 06:32:39 +0200: Memory Usage (413120K) : passiv_pdl has 0 polygons
2026-09-23 06:32:39 +0200: Memory Usage (413192K) : metal2_drw has 6 polygons
2026-09-23 06:32:39 +0200: Memory Usage (413192K) : metal2_filler has 0 polygons
2026-09-23 06:32:39 +0200: Memory Usage (413452K) : metal2_slit has 0 polygons
2026-09-23 06:32:39 +0200: Memory Usage (413452K) : metal2 has 6 polygons
2026-09-23 06:32:39 +0200: Memory Usage (413452K) : metal2_pin has 0 polygons
2026-09-23 06:32:39 +0200: Memory Usage (413716K) : metal2_mask has 0 polygons
2026-09-23 06:32:39 +0200: Memory Usage (413716K) : metal2_nofill has 0 polygons
2026-09-23 06:32:39 +0200: Memory Usage (413716K) : metal2_text has 6 polygons
2026-09-23 06:32:39 +0200: Memory Usage (413716K) : metal2_OPC has 0 polygons
2026-09-23 06:32:39 +0200: Memory Usage (413980K) : metal2_noqrc has 0 polygons
2026-09-23 06:32:39 +0200: Memory Usage (413980K) : metal2_res has 0 polygons
2026-09-23 06:32:39 +0200: Memory Usage (413980K) : metal2_iprobe has 0 polygons
2026-09-23 06:32:39 +0200: Memory Usage (414244K) : metal2_diffprb has 0 polygons
2026-09-23 06:32:39 +0200: Memory Usage (414244K) : baspoly_drw has 0 polygons
2026-09-23 06:32:39 +0200: Memory Usage (414244K) : baspoly_pin has 0 polygons
2026-09-23 06:32:39 +0200: Memory Usage (414244K) : psd_drw has 0 polygons
2026-09-23 06:32:39 +0200: Memory Usage (414508K) : nldb_drw has 0 polygons
2026-09-23 06:32:39 +0200: Memory Usage (414508K) : digibnd_drw has 0 polygons
2026-09-23 06:32:39 +0200: Memory Usage (414508K) : via1_drw has 6 polygons
2026-09-23 06:32:39 +0200: Memory Usage (414508K) : backmetal1_drw has 0 polygons
2026-09-23 06:32:39 +0200: Memory Usage (414772K) : backmetal1_pin has 0 polygons
2026-09-23 06:32:39 +0200: Memory Usage (414772K) : backmetal1_mask has 0 polygons
2026-09-23 06:32:39 +0200: Memory Usage (414772K) : backmetal1_filler has 0 polygons
2026-09-23 06:32:39 +0200: Memory Usage (415036K) : backmetal1_nofill has 0 polygons
2026-09-23 06:32:39 +0200: Memory Usage (415036K) : backmetal1_slit has 0 polygons
2026-09-23 06:32:39 +0200: Memory Usage (415036K) : backmetal1_text has 0 polygons
2026-09-23 06:32:39 +0200: Memory Usage (415036K) : backmetal1_OPC has 0 polygons
2026-09-23 06:32:39 +0200: Memory Usage (415300K) : backmetal1_noqrc has 0 polygons
2026-09-23 06:32:39 +0200: Memory Usage (415356K) : backmetal1_res has 0 polygons
2026-09-23 06:32:39 +0200: Memory Usage (415356K) : backmetal1_iprobe has 0 polygons
2026-09-23 06:32:39 +0200: Memory Usage (415616K) : backmetal1_diffprb has 0 polygons
2026-09-23 06:32:39 +0200: Memory Usage (415616K) : backpassiv_drw has 0 polygons
2026-09-23 06:32:39 +0200: Memory Usage (415616K) : res_drw has 0 polygons
2026-09-23 06:32:39 +0200: Memory Usage (415616K) : sram_drw has 0 polygons
2026-09-23 06:32:39 +0200: Memory Usage (415880K) : trans_drw has 0 polygons
2026-09-23 06:32:39 +0200: Memory Usage (415936K) : ind_drw has 0 polygons
2026-09-23 06:32:39 +0200: Memory Usage (415936K) : ind_pin has 0 polygons
2026-09-23 06:32:39 +0200: Memory Usage (416196K) : ind_text has 0 polygons
2026-09-23 06:32:39 +0200: Memory Usage (416196K) : salblock_drw has 0 polygons
2026-09-23 06:32:39 +0200: Memory Usage (416196K) : via2_drw has 4 polygons
2026-09-23 06:32:39 +0200: Memory Usage (416196K) : metal3_drw has 6 polygons
2026-09-23 06:32:39 +0200: Memory Usage (416460K) : metal3_filler has 0 polygons
2026-09-23 06:32:39 +0200: Memory Usage (416460K) : metal3_slit has 0 polygons
2026-09-23 06:32:39 +0200: Memory Usage (416460K) : metal3 has 6 polygons
2026-09-23 06:32:39 +0200: Memory Usage (416724K) : metal3_pin has 0 polygons
2026-09-23 06:32:39 +0200: Memory Usage (416724K) : metal3_mask has 0 polygons
2026-09-23 06:32:39 +0200: Memory Usage (416724K) : metal3_nofill has 0 polygons
2026-09-23 06:32:39 +0200: Memory Usage (416988K) : metal3_text has 6 polygons
2026-09-23 06:32:39 +0200: Memory Usage (416988K) : metal3_OPC has 0 polygons
2026-09-23 06:32:39 +0200: Memory Usage (416988K) : metal3_noqrc has 0 polygons
2026-09-23 06:32:39 +0200: Memory Usage (416988K) : metal3_res has 0 polygons
2026-09-23 06:32:39 +0200: Memory Usage (417252K) : metal3_iprobe has 0 polygons
2026-09-23 06:32:39 +0200: Memory Usage (417252K) : metal3_diffprb has 0 polygons
2026-09-23 06:32:39 +0200: Memory Usage (417252K) : nwell_drw has 0 polygons
2026-09-23 06:32:39 +0200: Memory Usage (417436K) : nwell_pin has 0 polygons
2026-09-23 06:32:39 +0200: Memory Usage (417632K) : nwell_text has 0 polygons
2026-09-23 06:32:39 +0200: Memory Usage (417632K) : nbulay_drw has 0 polygons
2026-09-23 06:32:39 +0200: Memory Usage (417632K) : nbulay_pin has 0 polygons
2026-09-23 06:32:39 +0200: Memory Usage (417892K) : nbulay_block has 0 polygons
2026-09-23 06:32:39 +0200: Memory Usage (417892K) : emwind_drw has 0 polygons
2026-09-23 06:32:39 +0200: Memory Usage (417892K) : emwind_OPC has 0 polygons
2026-09-23 06:32:39 +0200: Memory Usage (417892K) : deepco_drw has 0 polygons
2026-09-23 06:32:39 +0200: Memory Usage (418156K) : mim_drw has 0 polygons
2026-09-23 06:32:39 +0200: Memory Usage (418156K) : edgeseal_drw has 0 polygons
2026-09-23 06:32:39 +0200: Memory Usage (418156K) : substrate_drw has 0 polygons
2026-09-23 06:32:39 +0200: Memory Usage (418420K) : substrate_text has 0 polygons
2026-09-23 06:32:39 +0200: Memory Usage (418420K) : dfpad_drw has 0 polygons
2026-09-23 06:32:39 +0200: Memory Usage (418420K) : dfpad_pillar has 0 polygons
2026-09-23 06:32:39 +0200: Memory Usage (418420K) : dfpad_sbump has 0 polygons
2026-09-23 06:32:39 +0200: Memory Usage (418684K) : thickgateox_drw has 0 polygons
2026-09-23 06:32:39 +0200: Memory Usage (418684K) : pldb_drw has 0 polygons
2026-09-23 06:32:39 +0200: Memory Usage (418684K) : pwell_drw has 0 polygons
2026-09-23 06:32:39 +0200: Memory Usage (418684K) : pwell_pin has 0 polygons
2026-09-23 06:32:39 +0200: Memory Usage (418684K) : pwell_block has 0 polygons
2026-09-23 06:32:39 +0200: Memory Usage (418948K) : ic_drw has 0 polygons
2026-09-23 06:32:39 +0200: Memory Usage (418948K) : via3_drw has 9 polygons
2026-09-23 06:32:39 +0200: Memory Usage (418948K) : metal4_drw has 7 polygons
2026-09-23 06:32:39 +0200: Memory Usage (418948K) : metal4_filler has 0 polygons
2026-09-23 06:32:39 +0200: Memory Usage (419212K) : metal4_slit has 0 polygons
2026-09-23 06:32:39 +0200: Memory Usage (419212K) : metal4 has 7 polygons
2026-09-23 06:32:39 +0200: Memory Usage (419212K) : metal4_pin has 0 polygons
2026-09-23 06:32:39 +0200: Memory Usage (419212K) : metal4_mask has 0 polygons
2026-09-23 06:32:39 +0200: Memory Usage (419476K) : metal4_nofill has 0 polygons
2026-09-23 06:32:39 +0200: Memory Usage (419476K) : metal4_text has 7 polygons
2026-09-23 06:32:39 +0200: Memory Usage (419476K) : metal4_OPC has 0 polygons
2026-09-23 06:32:39 +0200: Memory Usage (419476K) : metal4_noqrc has 0 polygons
2026-09-23 06:32:39 +0200: Memory Usage (419476K) : metal4_res has 0 polygons
2026-09-23 06:32:39 +0200: Memory Usage (419740K) : metal4_iprobe has 0 polygons
2026-09-23 06:32:39 +0200: Memory Usage (419740K) : metal4_diffprb has 0 polygons
2026-09-23 06:32:39 +0200: Memory Usage (419740K) : heattrans_drw has 0 polygons
2026-09-23 06:32:39 +0200: Memory Usage (419740K) : heatres_drw has 0 polygons
2026-09-23 06:32:39 +0200: Memory Usage (420004K) : fbe_drw has 0 polygons
2026-09-23 06:32:39 +0200: Memory Usage (420004K) : empoly_drw has 0 polygons
2026-09-23 06:32:39 +0200: Memory Usage (420004K) : digisub_drw has 0 polygons
2026-09-23 06:32:39 +0200: Memory Usage (420004K) : text_drw has 0 polygons
2026-09-23 06:32:39 +0200: Memory Usage (420004K) : via4_drw has 0 polygons
2026-09-23 06:32:39 +0200: Memory Usage (420268K) : metal5_drw has 0 polygons
2026-09-23 06:32:39 +0200: Memory Usage (420268K) : metal5_filler has 0 polygons
2026-09-23 06:32:39 +0200: Memory Usage (420268K) : metal5_slit has 0 polygons
2026-09-23 06:32:39 +0200: Memory Usage (420268K) : metal5 has 0 polygons
2026-09-23 06:32:39 +0200: Memory Usage (420532K) : metal5_pin has 0 polygons
2026-09-23 06:32:39 +0200: Memory Usage (420532K) : metal5_mask has 0 polygons
2026-09-23 06:32:39 +0200: Memory Usage (420532K) : metal5_nofill has 0 polygons
2026-09-23 06:32:39 +0200: Memory Usage (420532K) : metal5_text has 0 polygons
2026-09-23 06:32:39 +0200: Memory Usage (420532K) : metal5_OPC has 0 polygons
2026-09-23 06:32:39 +0200: Memory Usage (420796K) : metal5_noqrc has 0 polygons
2026-09-23 06:32:39 +0200: Memory Usage (420796K) : metal5_res has 0 polygons
2026-09-23 06:32:39 +0200: Memory Usage (420796K) : metal5_iprobe has 0 polygons
2026-09-23 06:32:39 +0200: Memory Usage (420796K) : metal5_diffprb has 0 polygons
2026-09-23 06:32:39 +0200: Memory Usage (421060K) : radhard_drw has 0 polygons
2026-09-23 06:32:39 +0200: Memory Usage (421060K) : memcap_drw has 0 polygons
2026-09-23 06:32:39 +0200: Memory Usage (421060K) : varicap_drw has 0 polygons
2026-09-23 06:32:39 +0200: Memory Usage (421060K) : intbondvia_drw has 0 polygons
2026-09-23 06:32:39 +0200: Memory Usage (421060K) : intbondmet_drw has 0 polygons
2026-09-23 06:32:39 +0200: Memory Usage (421324K) : devbondvia_drw has 0 polygons
2026-09-23 06:32:39 +0200: Memory Usage (421324K) : devbondmet_drw has 0 polygons
2026-09-23 06:32:39 +0200: Memory Usage (421324K) : devtrench_drw has 0 polygons
2026-09-23 06:32:39 +0200: Memory Usage (421324K) : redist_drw has 0 polygons
2026-09-23 06:32:39 +0200: Memory Usage (421324K) : graphbot_drw has 0 polygons
2026-09-23 06:32:39 +0200: Memory Usage (421588K) : graphtop_drw has 0 polygons
2026-09-23 06:32:39 +0200: Memory Usage (421588K) : antvia1_drw has 0 polygons
2026-09-23 06:32:39 +0200: Memory Usage (421588K) : antmetal2_drw has 0 polygons
2026-09-23 06:32:39 +0200: Memory Usage (421588K) : graphcont_drw has 0 polygons
2026-09-23 06:32:39 +0200: Memory Usage (421852K) : siwg_drw has 0 polygons
2026-09-23 06:32:39 +0200: Memory Usage (421852K) : siwg_filler has 0 polygons
2026-09-23 06:32:39 +0200: Memory Usage (421852K) : siwg_nofill has 0 polygons
2026-09-23 06:32:39 +0200: Memory Usage (421852K) : sigrating_drw has 0 polygons
2026-09-23 06:32:39 +0200: Memory Usage (421852K) : singrating_drw has 0 polygons
2026-09-23 06:32:39 +0200: Memory Usage (422116K) : graphpas_drw has 0 polygons
2026-09-23 06:32:39 +0200: Memory Usage (422116K) : emwind3_drw has 0 polygons
2026-09-23 06:32:39 +0200: Memory Usage (422116K) : emwihv3_drw has 0 polygons
2026-09-23 06:32:39 +0200: Memory Usage (422116K) : redbulay_drw has 0 polygons
2026-09-23 06:32:39 +0200: Memory Usage (422380K) : smos_drw has 0 polygons
2026-09-23 06:32:39 +0200: Memory Usage (422380K) : graphpad_drw has 0 polygons
2026-09-23 06:32:39 +0200: Memory Usage (422380K) : polimide_drw has 0 polygons
2026-09-23 06:32:39 +0200: Memory Usage (422380K) : polimide_pin has 0 polygons
2026-09-23 06:32:39 +0200: Memory Usage (422380K) : recog_drw has 0 polygons
2026-09-23 06:32:39 +0200: Memory Usage (422644K) : recog_pin has 0 polygons
2026-09-23 06:32:39 +0200: Memory Usage (422644K) : recog_esd has 0 polygons
2026-09-23 06:32:39 +0200: Memory Usage (422644K) : recog_diode has 0 polygons
2026-09-23 06:32:39 +0200: Memory Usage (422644K) : recog_tsv has 0 polygons
2026-09-23 06:32:39 +0200: Memory Usage (422908K) : recog_iprobe has 0 polygons
2026-09-23 06:32:39 +0200: Memory Usage (422908K) : recog_diffprb has 0 polygons
2026-09-23 06:32:39 +0200: Memory Usage (422908K) : recog_pillar has 0 polygons
2026-09-23 06:32:39 +0200: Memory Usage (423172K) : recog_sbump has 0 polygons
2026-09-23 06:32:39 +0200: Memory Usage (423172K) : recog_otp has 0 polygons
2026-09-23 06:32:39 +0200: Memory Usage (423172K) : recog_pdiode has 0 polygons
2026-09-23 06:32:39 +0200: Memory Usage (423172K) : recog_mom has 0 polygons
2026-09-23 06:32:39 +0200: Memory Usage (423436K) : recog_pcm has 0 polygons
2026-09-23 06:32:39 +0200: Memory Usage (423436K) : colopen_drw has 0 polygons
2026-09-23 06:32:39 +0200: Memory Usage (423436K) : graphmetal1_drw has 0 polygons
2026-09-23 06:32:39 +0200: Memory Usage (423436K) : graphmetal1_filler has 0 polygons
2026-09-23 06:32:39 +0200: Memory Usage (423700K) : graphmetal1_nofill has 0 polygons
2026-09-23 06:32:39 +0200: Memory Usage (423700K) : graphmetal1_slit has 0 polygons
2026-09-23 06:32:39 +0200: Memory Usage (423700K) : graphmetal1_OPC has 0 polygons
2026-09-23 06:32:39 +0200: Memory Usage (423700K) : graphmet1l_drw has 0 polygons
2026-09-23 06:32:39 +0200: Memory Usage (423964K) : graphmet1l_filler has 0 polygons
2026-09-23 06:32:39 +0200: Memory Usage (423964K) : graphmet1l_nofill has 0 polygons
2026-09-23 06:32:39 +0200: Memory Usage (423964K) : graphmet1l_slit has 0 polygons
2026-09-23 06:32:39 +0200: Memory Usage (423964K) : graphmet1l_OPC has 0 polygons
2026-09-23 06:32:39 +0200: Memory Usage (423964K) : extblock_drw has 0 polygons
2026-09-23 06:32:39 +0200: Memory Usage (424228K) : nldd_drw has 0 polygons
2026-09-23 06:32:39 +0200: Memory Usage (424228K) : pldd_drw has 0 polygons
2026-09-23 06:32:39 +0200: Memory Usage (424228K) : next_drw has 0 polygons
2026-09-23 06:32:39 +0200: Memory Usage (424228K) : pext_drw has 0 polygons
2026-09-23 06:32:39 +0200: Memory Usage (424492K) : nexthv_drw has 0 polygons
2026-09-23 06:32:39 +0200: Memory Usage (424492K) : pexthv_drw has 0 polygons
2026-09-23 06:32:39 +0200: Memory Usage (424492K) : graphgate_drw has 0 polygons
2026-09-23 06:32:39 +0200: Memory Usage (424492K) : sinwg_drw has 0 polygons
2026-09-23 06:32:39 +0200: Memory Usage (424492K) : sinwg_filler has 0 polygons
2026-09-23 06:32:39 +0200: Memory Usage (424756K) : sinwg_nofill has 0 polygons
2026-09-23 06:32:39 +0200: Memory Usage (424756K) : mempad_drw has 0 polygons
2026-09-23 06:32:39 +0200: Memory Usage (424756K) : topvia1_drw has 0 polygons
2026-09-23 06:32:39 +0200: Memory Usage (424756K) : topmetal1_drw has 1 polygons
2026-09-23 06:32:39 +0200: Memory Usage (424756K) : topmetal1_filler has 0 polygons
2026-09-23 06:32:39 +0200: Memory Usage (425020K) : topmetal1_slit has 0 polygons
2026-09-23 06:32:39 +0200: Memory Usage (425020K) : topmetal1 has 1 polygons
2026-09-23 06:32:39 +0200: Memory Usage (425020K) : topmetal1_pin has 0 polygons
2026-09-23 06:32:39 +0200: Memory Usage (425020K) : topmetal1_mask has 0 polygons
2026-09-23 06:32:39 +0200: Memory Usage (425284K) : topmetal1_nofill has 0 polygons
2026-09-23 06:32:39 +0200: Memory Usage (425284K) : topmetal1_text has 1 polygons
2026-09-23 06:32:39 +0200: Memory Usage (425284K) : topmetal1_noqrc has 0 polygons
2026-09-23 06:32:39 +0200: Memory Usage (425548K) : topmetal1_res has 0 polygons
2026-09-23 06:32:39 +0200: Memory Usage (425548K) : topmetal1_iprobe has 0 polygons
2026-09-23 06:32:39 +0200: Memory Usage (425548K) : topmetal1_diffprb has 0 polygons
2026-09-23 06:32:39 +0200: Memory Usage (425548K) : inldpwl_drw has 0 polygons
2026-09-23 06:32:39 +0200: Memory Usage (425812K) : polyres_drw has 0 polygons
2026-09-23 06:32:39 +0200: Memory Usage (425812K) : polyres_pin has 0 polygons
2026-09-23 06:32:39 +0200: Memory Usage (425812K) : vmim_drw has 0 polygons
2026-09-23 06:32:39 +0200: Memory Usage (425812K) : nbulaycut_drw has 0 polygons
2026-09-23 06:32:39 +0200: Memory Usage (425812K) : antmetal1_drw has 0 polygons
2026-09-23 06:32:39 +0200: Memory Usage (425812K) : topvia2_drw has 0 polygons
2026-09-23 06:32:39 +0200: Memory Usage (425812K) : topmetal2_drw has 0 polygons
2026-09-23 06:32:39 +0200: Memory Usage (425812K) : topmetal2_filler has 0 polygons
2026-09-23 06:32:39 +0200: Memory Usage (426076K) : topmetal2_slit has 0 polygons
2026-09-23 06:32:39 +0200: Memory Usage (426076K) : topmetal2 has 0 polygons
2026-09-23 06:32:39 +0200: Memory Usage (426076K) : topmetal2_pin has 0 polygons
2026-09-23 06:32:39 +0200: Memory Usage (426340K) : topmetal2_mask has 0 polygons
2026-09-23 06:32:39 +0200: Memory Usage (426340K) : topmetal2_nofill has 0 polygons
2026-09-23 06:32:39 +0200: Memory Usage (426340K) : topmetal2_text has 0 polygons
2026-09-23 06:32:39 +0200: Memory Usage (426340K) : topmetal2_noqrc has 0 polygons
2026-09-23 06:32:39 +0200: Memory Usage (426604K) : topmetal2_res has 0 polygons
2026-09-23 06:32:39 +0200: Memory Usage (426604K) : topmetal2_iprobe has 0 polygons
2026-09-23 06:32:39 +0200: Memory Usage (426604K) : topmetal2_diffprb has 0 polygons
2026-09-23 06:32:39 +0200: Memory Usage (426868K) : snsring_drw has 0 polygons
2026-09-23 06:32:39 +0200: Memory Usage (426868K) : sensor_drw has 0 polygons
2026-09-23 06:32:39 +0200: Memory Usage (426868K) : snsarms_drw has 0 polygons
2026-09-23 06:32:39 +0200: Memory Usage (426868K) : snscmosvia_drw has 0 polygons
2026-09-23 06:32:39 +0200: Memory Usage (427132K) : colwind_drw has 0 polygons
2026-09-23 06:32:39 +0200: Memory Usage (427132K) : flm_drw has 0 polygons
2026-09-23 06:32:39 +0200: Memory Usage (427132K) : hafniumox_drw has 0 polygons
2026-09-23 06:32:39 +0200: Memory Usage (427396K) : memvia_drw has 0 polygons
2026-09-23 06:32:39 +0200: Memory Usage (427396K) : thinfilmres_drw has 0 polygons
2026-09-23 06:32:39 +0200: Memory Usage (427396K) : rfmem_drw has 0 polygons
2026-09-23 06:32:39 +0200: Memory Usage (427396K) : norcx_drw has 0 polygons
2026-09-23 06:32:39 +0200: Memory Usage (427660K) : norcx_m2m3 has 0 polygons
2026-09-23 06:32:39 +0200: Memory Usage (427660K) : norcx_m2m4 has 0 polygons
2026-09-23 06:32:39 +0200: Memory Usage (427660K) : norcx_m2m5 has 0 polygons
2026-09-23 06:32:39 +0200: Memory Usage (427660K) : norcx_m2tm1 has 0 polygons
2026-09-23 06:32:39 +0200: Memory Usage (427924K) : norcx_m2tm2 has 0 polygons
2026-09-23 06:32:39 +0200: Memory Usage (427924K) : norcx_m3m4 has 0 polygons
2026-09-23 06:32:39 +0200: Memory Usage (427924K) : norcx_m3m5 has 0 polygons
2026-09-23 06:32:39 +0200: Memory Usage (428188K) : norcx_m3tm1 has 0 polygons
2026-09-23 06:32:39 +0200: Memory Usage (428188K) : norcx_m3tm2 has 0 polygons
2026-09-23 06:32:39 +0200: Memory Usage (428188K) : norcx_m4m5 has 0 polygons
2026-09-23 06:32:39 +0200: Memory Usage (428188K) : norcx_m4tm1 has 0 polygons
2026-09-23 06:32:39 +0200: Memory Usage (428452K) : norcx_m4tm2 has 0 polygons
2026-09-23 06:32:39 +0200: Memory Usage (428452K) : norcx_m5tm1 has 0 polygons
2026-09-23 06:32:39 +0200: Memory Usage (428452K) : norcx_m5tm2 has 0 polygons
2026-09-23 06:32:39 +0200: Memory Usage (428716K) : norcx_tm1tm2 has 0 polygons
2026-09-23 06:32:39 +0200: Memory Usage (428716K) : norcx_m1sub has 0 polygons
2026-09-23 06:32:39 +0200: Memory Usage (428716K) : norcx_m2sub has 0 polygons
2026-09-23 06:32:39 +0200: Memory Usage (428716K) : norcx_m3sub has 0 polygons
2026-09-23 06:32:39 +0200: Memory Usage (428980K) : norcx_m4sub has 0 polygons
2026-09-23 06:32:39 +0200: Memory Usage (428980K) : norcx_m5sub has 0 polygons
2026-09-23 06:32:39 +0200: Memory Usage (428980K) : norcx_tm1sub has 0 polygons
2026-09-23 06:32:39 +0200: Memory Usage (429244K) : norcx_tm2sub has 0 polygons
2026-09-23 06:32:39 +0200: Memory Usage (429244K) : snsbotvia_drw has 0 polygons
2026-09-23 06:32:39 +0200: Memory Usage (429244K) : snstopvia_drw has 0 polygons
2026-09-23 06:32:39 +0200: Memory Usage (429244K) : deepvia_drw has 0 polygons
2026-09-23 06:32:39 +0200: Memory Usage (429508K) : fgetch_drw has 0 polygons
2026-09-23 06:32:39 +0200: Memory Usage (429508K) : ctrgat_drw has 0 polygons
2026-09-23 06:32:39 +0200: Memory Usage (429508K) : fgimp_drw has 0 polygons
2026-09-23 06:32:39 +0200: Memory Usage (429508K) : emwihv_drw has 0 polygons
2026-09-23 06:32:39 +0200: Memory Usage (429772K) : lbe_drw has 0 polygons
2026-09-23 06:32:39 +0200: Memory Usage (429772K) : alcustop_drw has 0 polygons
2026-09-23 06:32:39 +0200: Memory Usage (429772K) : nometfiller_drw has 0 polygons
2026-09-23 06:32:39 +0200: Memory Usage (430036K) : prboundary_drw has 0 polygons
2026-09-23 06:32:39 +0200: Memory Usage (430036K) : exchange0_drw has 0 polygons
2026-09-23 06:32:39 +0200: Memory Usage (430036K) : exchange0_pin has 0 polygons
2026-09-23 06:32:39 +0200: Memory Usage (430036K) : exchange0_text has 0 polygons
2026-09-23 06:32:39 +0200: Memory Usage (430300K) : exchange1_drw has 0 polygons
2026-09-23 06:32:39 +0200: Memory Usage (430300K) : exchange1_pin has 0 polygons
2026-09-23 06:32:39 +0200: Memory Usage (430300K) : exchange1_text has 0 polygons
2026-09-23 06:32:39 +0200: Memory Usage (430300K) : exchange2_drw has 0 polygons
2026-09-23 06:32:39 +0200: Memory Usage (430564K) : exchange2_pin has 0 polygons
2026-09-23 06:32:39 +0200: Memory Usage (430564K) : exchange2_text has 0 polygons
2026-09-23 06:32:39 +0200: Memory Usage (430564K) : exchange3_drw has 0 polygons
2026-09-23 06:32:39 +0200: Memory Usage (430828K) : exchange3_pin has 0 polygons
2026-09-23 06:32:39 +0200: Memory Usage (430828K) : exchange3_text has 0 polygons
2026-09-23 06:32:39 +0200: Memory Usage (430828K) : exchange4_drw has 0 polygons
2026-09-23 06:32:39 +0200: Memory Usage (430828K) : exchange4_pin has 0 polygons
2026-09-23 06:32:39 +0200: Memory Usage (431092K) : exchange4_text has 0 polygons
2026-09-23 06:32:39 +0200: Memory Usage (431092K) : isonwell_drw has 0 polygons
2026-09-23 06:32:39 +0200: Memory Usage (431092K) : Total no. of polygons in the design is 89
2026-09-23 06:32:39 +0200: Memory Usage (431092K) : Starting base layers derivations
2026-09-23 06:32:39 +0200: Memory Usage (431092K) : Starting general LVS derivations
2026-09-23 06:32:39 +0200: Memory Usage (434932K) : Starting MOSFET DERIVATIONS
2026-09-23 06:32:39 +0200: Memory Usage (434932K) : Starting NMOS DERIVATIONS
2026-09-23 06:32:39 +0200: Memory Usage (434932K) : Starting PMOS DERIVATIONS
2026-09-23 06:32:39 +0200: Memory Usage (434932K) : Starting RF-MOSFET DERIVATIONS
2026-09-23 06:32:39 +0200: Memory Usage (434932K) : Starting RF-NMOS DERIVATIONS
2026-09-23 06:32:39 +0200: Memory Usage (434932K) : Starting RF-PMOS DERIVATIONS
2026-09-23 06:32:39 +0200: Memory Usage (434932K) : Starting BJT DERIVATIONS
2026-09-23 06:32:39 +0200: Memory Usage (434932K) : Starting NPN-BJT DERIVATIONS
2026-09-23 06:32:39 +0200: Memory Usage (436412K) : Starting PNP-BJT DERIVATIONS
2026-09-23 06:32:39 +0200: Memory Usage (436412K) : Starting DIODE DERIVATIONS
2026-09-23 06:32:39 +0200: Memory Usage (433696K) : Starting RESISTOR DERIVATIONS
2026-09-23 06:32:40 +0200: Memory Usage (433696K) : Starting CAP DERIVATIONS
2026-09-23 06:32:40 +0200: Memory Usage (433696K) : Starting ESD DERIVATIONS
2026-09-23 06:32:40 +0200: Memory Usage (433696K) : Starting Inductor DERIVATIONS
2026-09-23 06:32:40 +0200: Memory Usage (434220K) : Starting Taps DERIVATIONS
2026-09-23 06:32:40 +0200: Memory Usage (436860K) : Starting SG13G2 LVS connectivity setup
2026-09-23 06:32:40 +0200: Memory Usage (436860K) : Starting SG13G2 LVS connectivity setup (Inter-layer)
2026-09-23 06:32:40 +0200: Memory Usage (436860K) : Starting SG13G2 LVS connectivity setup (Global)
2026-09-23 06:32:40 +0200: Memory Usage (436860K) : Starting LVS MOSFET CONNECTIONS
2026-09-23 06:32:40 +0200: Memory Usage (436860K) : Starting LVS RF-MOSFET CONNECTIONS
2026-09-23 06:32:40 +0200: Memory Usage (436860K) : Starting LVS BJT CONNECTIONS
2026-09-23 06:32:40 +0200: Memory Usage (436860K) : Starting LVS DIODE CONNECTIONS
2026-09-23 06:32:40 +0200: Memory Usage (436860K) : Starting RESISTOR CONNECTIONS
2026-09-23 06:32:40 +0200: Memory Usage (436860K) : Starting LVS CAP CONNECTIONS
2026-09-23 06:32:40 +0200: Memory Usage (436860K) : Starting ESD CONNECTIONS
2026-09-23 06:32:40 +0200: Memory Usage (436860K) : Starting Inductor CONNECTIONS
2026-09-23 06:32:40 +0200: Memory Usage (436860K) : Starting LVS Taps CONNECTIONS
2026-09-23 06:32:40 +0200: Memory Usage (436860K) : Starting SG13G2 LVS DEVICES EXTRACTION
2026-09-23 06:32:40 +0200: Memory Usage (436860K) : Starting MOSFET EXTRACTION
2026-09-23 06:32:40 +0200: Memory Usage (436860K) : Starting NMOS EXTRACTION
2026-09-23 06:32:40 +0200: Memory Usage (436860K) : Extraction of NMOS-LV transistor
2026-09-23 06:32:40 +0200: Memory Usage (436860K) : Extraction of NMOS-HV transistor
2026-09-23 06:32:40 +0200: Memory Usage (436860K) : Starting PMOS EXTRACTION
2026-09-23 06:32:40 +0200: Memory Usage (436860K) : Extraction of PMOS-LV transistor
2026-09-23 06:32:40 +0200: Memory Usage (436860K) : Extraction of PMOS-HV transistor
2026-09-23 06:32:40 +0200: Memory Usage (436860K) : Starting RF-MOSFET EXTRACTION
2026-09-23 06:32:40 +0200: Memory Usage (436860K) : Extraction of RF-NMOS-LV transistor
2026-09-23 06:32:40 +0200: Memory Usage (436860K) : Extraction of RF-NMOS-HV transistor
2026-09-23 06:32:40 +0200: Memory Usage (436860K) : Extraction of RF-PMOS-LV transistor
2026-09-23 06:32:40 +0200: Memory Usage (436860K) : Extraction of RF-PMOS-HV transistor
2026-09-23 06:32:40 +0200: Memory Usage (436860K) : Starting BJT EXTRACTION
2026-09-23 06:32:40 +0200: Memory Usage (436860K) : Starting NPN-BJT EXTRACTION
2026-09-23 06:32:40 +0200: Memory Usage (436860K) : Extraction of npn13G2 BJT transistor
2026-09-23 06:32:40 +0200: Memory Usage (436860K) : Extraction of npn13G2L BJT transistor
2026-09-23 06:32:40 +0200: Memory Usage (436860K) : Extraction of npn13G2V BJT transistor
2026-09-23 06:32:40 +0200: Memory Usage (436860K) : Starting PNP-BJT EXTRACTION
2026-09-23 06:32:40 +0200: Memory Usage (436860K) : Extracting pnpMPA BJT
2026-09-23 06:32:40 +0200: Memory Usage (436860K) : Starting DIODE EXTRACTION
2026-09-23 06:32:40 +0200: Memory Usage (436860K) : Extracting dantenna diode
2026-09-23 06:32:40 +0200: Memory Usage (436860K) : Extracting dpantenna diode
2026-09-23 06:32:40 +0200: Memory Usage (436860K) : Extracting schottky_nbl1 diode
2026-09-23 06:32:40 +0200: Memory Usage (436860K) : Extracting isolbox diode
2026-09-23 06:32:40 +0200: Memory Usage (436860K) : Starting RESISTOR EXTRACTION
2026-09-23 06:32:40 +0200: Memory Usage (436860K) : Extracting rsil resistor
2026-09-23 06:32:40 +0200: Memory Usage (436860K) : Extracting rppd resistor
2026-09-23 06:32:40 +0200: Memory Usage (436860K) : Extracting rhigh resistor
2026-09-23 06:32:40 +0200: Memory Usage (436860K) : Extracting res_metal1 resistor
2026-09-23 06:32:40 +0200: Memory Usage (437424K) : Extracting res_metal2 resistor
2026-09-23 06:32:40 +0200: Memory Usage (437424K) : Extracting res_metal3 resistor
2026-09-23 06:32:40 +0200: Memory Usage (437424K) : Extracting res_metal4 resistor
2026-09-23 06:32:40 +0200: Memory Usage (437424K) : Extracting res_metal5 resistor
2026-09-23 06:32:40 +0200: Memory Usage (437424K) : Extracting res_topmetal1 resistor
2026-09-23 06:32:40 +0200: Memory Usage (437424K) : Extracting res_topmetal2 resistor
2026-09-23 06:32:40 +0200: Memory Usage (437424K) : Starting CAP EXTRACTION
2026-09-23 06:32:40 +0200: Memory Usage (437424K) : Extracting cap_cmim device
2026-09-23 06:32:40 +0200: Memory Usage (437424K) : Extracting rfcmim device
2026-09-23 06:32:40 +0200: Memory Usage (437424K) : Extracting sg13_hv_svaricap varactor
2026-09-23 06:32:40 +0200: Memory Usage (437424K) : Starting ESD EXTRACTION
2026-09-23 06:32:40 +0200: Memory Usage (437424K) : Extracting diodevdd_2kv ESD device
2026-09-23 06:32:40 +0200: Memory Usage (437424K) : Extracting diodevdd_4kv ESD device
2026-09-23 06:32:40 +0200: Memory Usage (437424K) : Extracting diodevss_2kv ESD device
2026-09-23 06:32:40 +0200: Memory Usage (437424K) : Extracting diodevss_4kv ESD device
2026-09-23 06:32:40 +0200: Memory Usage (437424K) : Extracting idiodevdd_2kv ESD device
2026-09-23 06:32:40 +0200: Memory Usage (437424K) : Extracting idiodevdd_4kv ESD device
2026-09-23 06:32:40 +0200: Memory Usage (437424K) : Extracting idiodevss_2kv ESD device
2026-09-23 06:32:40 +0200: Memory Usage (437424K) : Extracting idiodevss_4kv ESD device
2026-09-23 06:32:40 +0200: Memory Usage (437424K) : Extracting nmoscl_2 ESD device
2026-09-23 06:32:40 +0200: Memory Usage (437424K) : Extracting nmoscl_4 ESD device
2026-09-23 06:32:40 +0200: Memory Usage (437424K) : Starting Inductor EXTRACTION
2026-09-23 06:32:40 +0200: Memory Usage (437424K) : Extracting Inductor2 device
2026-09-23 06:32:40 +0200: Memory Usage (437424K) : Extracting Inductor3 device
2026-09-23 06:32:40 +0200: Memory Usage (437424K) : Starting Taps EXTRACTION
2026-09-23 06:32:40 +0200: Memory Usage (437424K) : Extracting ntap1 device
2026-09-23 06:32:40 +0200: Memory Usage (437424K) : Extracting ptap1 device
2026-09-23 06:32:40 +0200: Memory Usage (437424K) : Starting SG13G2 LVS RF MOS Model Mapping
2026-09-23 06:32:40 +0200: Memory Usage (437424K) : [layout_netlist] Apply RF MOS model mapping and rfmode parameter.
2026-09-23 06:32:40 +0200: Memory Usage (437424K) : Starting SG13G2 LVS Options Preparations
2026-09-23 06:32:40 +0200: Memory Usage (437424K) : NET_ONLY enabled: apply extraction netlist options and skip comparison.
2026-09-23 06:32:40 +0200: Memory Usage (437424K) : SG13G2 LVS flow: extraction -> option preparation -> write netlist -> exit.
2026-09-23 06:32:40 +0200: Memory Usage (437424K) : Starting SG13G2 LVS Simplification
2026-09-23 06:32:40 +0200: Memory Usage (437424K) : [layout_netlist] simplify: SKIPPED
2026-09-23 06:32:40 +0200: Memory Usage (437424K) : [layout_netlist] make_top_level_pins: ENABLED
2026-09-23 06:32:40 +0200: Memory Usage (437424K) : [layout_netlist] combine_devices: SKIPPED
2026-09-23 06:32:40 +0200: Memory Usage (437424K) : [layout_netlist] purge: SKIPPED
2026-09-23 06:32:40 +0200: Memory Usage (437424K) : [layout_netlist] purge_nets: SKIPPED
2026-09-23 06:32:40 +0200: Memory Usage (437424K) : LVS Total Run time 0.808674 seconds
