
Note: No compatibility mode selected!


Circuit: * g1_sense monte carlo: input-referred offset, mismatch models (mos lv+hv, rppd), 200 samples

Warning : Nodeset on non-existent node - xdut.iptat, ignored
   Please check line .nodeset v(vref_buf)=    1.040000000000000e+00     v(vped)=    1.000755000000000e+00     v(isense)=    1.000755000000000e+00     v(xdut.vp)=0.047 v(xdut.vn)=0.047 v(xdut.iptat)=0.76 v(xdut.xref.out1)=    2.510000000000000e+00     v(xdut.xbuf.out1)=    2.510000000000000e+00     v(xdut.xota.out1)=    2.510000000000000e+00     v(xdut.xref.mir)=    2.510000000000000e+00     v(xdut.xbuf.mir)=    2.510000000000000e+00     v(xdut.xota.mir)=    2.510000000000000e+00     v(xdut.xref.tail)=1.65 v(xdut.xbuf.tail)=1.65 v(xdut.xota.tail)=1.6 v(xdut.xref.fn)=0.2 v(xdut.xref.fp)=0.2 v(xdut.xbuf.fn)=0.2 v(xdut.xbuf.fp)=0.2 v(xdut.xota.fn)=0.2 v(xdut.xota.fp)=0.2

Reset re-loads circuit * g1_sense monte carlo: input-referred offset, mismatch models (mos lv+hv, rppd), 200 samples

Circuit: * g1_sense monte carlo: input-referred offset, mismatch models (mos lv+hv, rppd), 200 samples

Warning : Nodeset on non-existent node - xdut.iptat, ignored
   Please check line .nodeset v(vref_buf)=    1.040000000000000e+00     v(vped)=    1.000755000000000e+00     v(isense)=    1.000755000000000e+00     v(xdut.vp)=0.047 v(xdut.vn)=0.047 v(xdut.iptat)=0.76 v(xdut.xref.out1)=    2.510000000000000e+00     v(xdut.xbuf.out1)=    2.510000000000000e+00     v(xdut.xota.out1)=    2.510000000000000e+00     v(xdut.xref.mir)=    2.510000000000000e+00     v(xdut.xbuf.mir)=    2.510000000000000e+00     v(xdut.xota.mir)=    2.510000000000000e+00     v(xdut.xref.tail)=1.65 v(xdut.xbuf.tail)=1.65 v(xdut.xota.tail)=1.6 v(xdut.xref.fn)=0.2 v(xdut.xref.fp)=0.2 v(xdut.xbuf.fn)=0.2 v(xdut.xbuf.fp)=0.2 v(xdut.xota.fn)=0.2 v(xdut.xota.fp)=0.2

Doing analysis at TEMP = 25.000000 and TNOM = 27.000000

Using SPARSE 1.3 as Direct Linear Solver
Note: Starting dynamic gmin stepping
Note: Dynamic gmin stepping completed
 Reference value :  0.00000e+00
No. of Data Rows : 1
ROW t0_c-0.1_s0 1.01133 1.00087 1.03504 -0.0475962 -0.0469957 0.995993 -0.000962067
Doing analysis at TEMP = 25.000000 and TNOM = 27.000000

Using SPARSE 1.3 as Direct Linear Solver
Note: Starting dynamic gmin stepping
Note: Dynamic gmin stepping completed
 Reference value :  0.00000e+00
No. of Data Rows : 1
ROW t0_c-0.1_s0.025 1.51026 1.00087 1.03504 -0.0237863 -0.0231997 0.995993 -0.00097481
Doing analysis at TEMP = 25.000000 and TNOM = 27.000000

Using SPARSE 1.3 as Direct Linear Solver
Note: Starting dynamic gmin stepping
Note: Dynamic gmin stepping completed
 Reference value :  0.00000e+00
No. of Data Rows : 1
ROW t0_c-0.1_s0.05 2.0092 1.00087 1.03504 2.36587E-05 0.000597265 0.995993 -0.000987209
Doing analysis at TEMP = 25.000000 and TNOM = 27.000000

Using SPARSE 1.3 as Direct Linear Solver
Note: Starting dynamic gmin stepping
Note: Dynamic gmin stepping completed
 Reference value :  0.00000e+00
No. of Data Rows : 1
ROW t0_c0_s0 1.01152 1.00087 1.03504 0.0476436 0.0482438 0.995993 -0.00096111
Doing analysis at TEMP = 25.000000 and TNOM = 27.000000

Using SPARSE 1.3 as Direct Linear Solver
Note: Starting dynamic gmin stepping
Note: Dynamic gmin stepping completed
 Reference value :  0.00000e+00
No. of Data Rows : 1
ROW t0_c0_s0.025 1.51044 1.00087 1.03504 0.0714535 0.0720398 0.995993 -0.000973853
Doing analysis at TEMP = 25.000000 and TNOM = 27.000000

Using SPARSE 1.3 as Direct Linear Solver
Note: Starting dynamic gmin stepping
Note: Dynamic gmin stepping completed
 Reference value :  0.00000e+00
No. of Data Rows : 1
ROW t0_c0_s0.05 2.00939 1.00087 1.03504 0.0952635 0.0958368 0.995993 -0.000986252
Doing analysis at TEMP = 25.000000 and TNOM = 27.000000

Using SPARSE 1.3 as Direct Linear Solver
OSDI(debug) n.xdut.xota.xrz.nr1: WARNING: V(i1,c) voltage is greater than specified by vmax
OSDI(debug) n.xdut.xota.xrz.nr1: WARNING: V(i2,c) voltage is greater than specified by vmax
Note: Starting dynamic gmin stepping
Note: Dynamic gmin stepping completed
 Reference value :  0.00000e+00
No. of Data Rows : 1
ROW t0_c0.3_s0 1.01209 1.00087 1.03504 0.333363 0.333963 0.995993 -0.00095824
Doing analysis at TEMP = 25.000000 and TNOM = 27.000000

Using SPARSE 1.3 as Direct Linear Solver
Note: Starting dynamic gmin stepping
Note: Dynamic gmin stepping completed
 Reference value :  0.00000e+00
No. of Data Rows : 1
ROW t0_c0.3_s0.025 1.51101 1.00087 1.03504 0.357173 0.357759 0.995993 -0.000970982
Doing analysis at TEMP = 25.000000 and TNOM = 27.000000

Using SPARSE 1.3 as Direct Linear Solver
Note: Starting dynamic gmin stepping
Note: Dynamic gmin stepping completed
 Reference value :  0.00000e+00
No. of Data Rows : 1
ROW t0_c0.3_s0.05 2.00996 1.00087 1.03504 0.380983 0.381556 0.995993 -0.000983382
FINGERPRINT 0
@n.xdut.xota.xm1.nsg13_hv_pmos[w] = 9.599534810067557e-05
@n.xdut.xota.xm1.nsg13_hv_pmos[l] = 1.999869918161096e-06
@n.xdut.xota.xm1.nsg13_hv_pmos[delvto] = 4.001735089984053e-04
@n.xdut.xota.xm1.nsg13_hv_pmos[factuo] = 9.999384830613708e-01
@n.xdut.xota.xm2.nsg13_hv_pmos[w] = 9.600131757942476e-05
@n.xdut.xota.xm2.nsg13_hv_pmos[l] = 1.996555366871797e-06
@n.xdut.xota.xm2.nsg13_hv_pmos[delvto] = -2.12973195100626e-04
@n.xdut.xota.xm2.nsg13_hv_pmos[factuo] = 9.999503221370202e-01
@n.xdut.xbuf.xm1.nsg13_hv_pmos[w] = 9.599859473340339e-05
@n.xdut.xbuf.xm1.nsg13_hv_pmos[l] = 2.002388717384468e-06
@n.xdut.xbuf.xm1.nsg13_hv_pmos[delvto] = 5.414516883951128e-04
@n.xdut.xbuf.xm1.nsg13_hv_pmos[factuo] = 1.000231485625814e+00
@n.xdut.xbuf.xm2.nsg13_hv_pmos[w] = 9.599960947793371e-05
@n.xdut.xbuf.xm2.nsg13_hv_pmos[l] = 2.003863481985639e-06
@n.xdut.xbuf.xm2.nsg13_hv_pmos[delvto] = 4.910212611460151e-04
@n.xdut.xbuf.xm2.nsg13_hv_pmos[factuo] = 9.998920222440708e-01
@n.xdut.xref.xm1.nsg13_hv_pmos[w] = 9.599989085197540e-05
@n.xdut.xref.xm1.nsg13_hv_pmos[l] = 2.000963670524895e-06
@n.xdut.xref.xm1.nsg13_hv_pmos[delvto] = 5.477623830970437e-05
@n.xdut.xref.xm1.nsg13_hv_pmos[factuo] = 9.996419726459960e-01
@n.xdut.xref.xm2.nsg13_hv_pmos[w] = 9.600553171661923e-05
@n.xdut.xref.xm2.nsg13_hv_pmos[l] = 2.001448718401627e-06
@n.xdut.xref.xm2.nsg13_hv_pmos[delvto] = 2.196723627561988e-04
@n.xdut.xref.xm2.nsg13_hv_pmos[factuo] = 1.000220455431549e+00
@n.xdut.xr1n0.nr1[nsmm_rsh] = 1.035718194294904e+00
@n.xdut.xr1n0.nr1[nsmm_w] = 7.137707368821369e-01
@n.xdut.xr1n0.nr1[nsmm_l] = 2.211649925618693e+00
Doing analysis at TEMP = -40.000000 and TNOM = 27.000000

Using SPARSE 1.3 as Direct Linear Solver
Note: Starting dynamic gmin stepping
Note: Dynamic gmin stepping completed
 Reference value :  0.00000e+00
No. of Data Rows : 1
ROW t1_c-0.1_s0 1.00631 1.00084 1.03566 -0.0475974 -0.0472351 0.996595 -0.00072469
Doing analysis at TEMP = -40.000000 and TNOM = 27.000000

Using SPARSE 1.3 as Direct Linear Solver
Warning: singular matrix:  check node xdut.xbuf.cz

Note: Starting dynamic gmin stepping
Note: Dynamic gmin stepping completed
 Reference value :  0.00000e+00
No. of Data Rows : 1
ROW t1_c-0.1_s0.025 1.50527 1.00084 1.03566 -0.0237874 -0.0234374 0.996595 -0.000737205
Doing analysis at TEMP = -40.000000 and TNOM = 27.000000

Using SPARSE 1.3 as Direct Linear Solver
Note: Starting dynamic gmin stepping
Note: Dynamic gmin stepping completed
 Reference value :  0.00000e+00
No. of Data Rows : 1
ROW t1_c-0.1_s0.05 2.00426 1.00084 1.03566 2.25219E-05 0.000361389 0.996595 -0.000749436
Doing analysis at TEMP = -40.000000 and TNOM = 27.000000

Using SPARSE 1.3 as Direct Linear Solver
Note: Starting dynamic gmin stepping
Note: Dynamic gmin stepping completed
 Reference value :  0.00000e+00
No. of Data Rows : 1
ROW t1_c0_s0 1.0065 1.00084 1.03566 0.0476424 0.0480044 0.996595 -0.000723725
Doing analysis at TEMP = -40.000000 and TNOM = 27.000000

Using SPARSE 1.3 as Direct Linear Solver
Note: Starting dynamic gmin stepping
Note: Dynamic gmin stepping completed
 Reference value :  0.00000e+00
No. of Data Rows : 1
ROW t1_c0_s0.025 1.50546 1.00084 1.03566 0.0714524 0.0718022 0.996595 -0.00073624
Doing analysis at TEMP = -40.000000 and TNOM = 27.000000

Using SPARSE 1.3 as Direct Linear Solver
Note: Starting dynamic gmin stepping
Note: Dynamic gmin stepping completed
 Reference value :  0.00000e+00
No. of Data Rows : 1
ROW t1_c0_s0.05 2.00445 1.00084 1.03566 0.0952623 0.0956009 0.996595 -0.000748471
Doing analysis at TEMP = -40.000000 and TNOM = 27.000000

Using SPARSE 1.3 as Direct Linear Solver
Note: Starting dynamic gmin stepping
Note: Dynamic gmin stepping completed
 Reference value :  0.00000e+00
No. of Data Rows : 1
ROW t1_c0.3_s0 1.00707 1.00085 1.03566 0.333362 0.333723 0.996595 -0.000720829
Doing analysis at TEMP = -40.000000 and TNOM = 27.000000

Using SPARSE 1.3 as Direct Linear Solver
Note: Starting dynamic gmin stepping
Note: Dynamic gmin stepping completed
 Reference value :  0.00000e+00
No. of Data Rows : 1
ROW t1_c0.3_s0.025 1.50603 1.00085 1.03566 0.357172 0.357521 0.996595 -0.000733343
Doing analysis at TEMP = -40.000000 and TNOM = 27.000000

Using SPARSE 1.3 as Direct Linear Solver
Note: Starting dynamic gmin stepping
Note: Dynamic gmin stepping completed
 Reference value :  0.00000e+00
No. of Data Rows : 1
ROW t1_c0.3_s0.05 2.00502 1.00085 1.03566 0.380982 0.38132 0.996595 -0.000745573
FINGERPRINT 1
@n.xdut.xota.xm1.nsg13_hv_pmos[w] = 9.599534810067557e-05
@n.xdut.xota.xm1.nsg13_hv_pmos[l] = 1.999869918161096e-06
@n.xdut.xota.xm1.nsg13_hv_pmos[delvto] = 4.001735089984053e-04
@n.xdut.xota.xm1.nsg13_hv_pmos[factuo] = 9.999384830613708e-01
@n.xdut.xota.xm2.nsg13_hv_pmos[w] = 9.600131757942476e-05
@n.xdut.xota.xm2.nsg13_hv_pmos[l] = 1.996555366871797e-06
@n.xdut.xota.xm2.nsg13_hv_pmos[delvto] = -2.12973195100626e-04
@n.xdut.xota.xm2.nsg13_hv_pmos[factuo] = 9.999503221370202e-01
@n.xdut.xbuf.xm1.nsg13_hv_pmos[w] = 9.599859473340339e-05
@n.xdut.xbuf.xm1.nsg13_hv_pmos[l] = 2.002388717384468e-06
@n.xdut.xbuf.xm1.nsg13_hv_pmos[delvto] = 5.414516883951128e-04
@n.xdut.xbuf.xm1.nsg13_hv_pmos[factuo] = 1.000231485625814e+00
@n.xdut.xbuf.xm2.nsg13_hv_pmos[w] = 9.599960947793371e-05
@n.xdut.xbuf.xm2.nsg13_hv_pmos[l] = 2.003863481985639e-06
@n.xdut.xbuf.xm2.nsg13_hv_pmos[delvto] = 4.910212611460151e-04
@n.xdut.xbuf.xm2.nsg13_hv_pmos[factuo] = 9.998920222440708e-01
@n.xdut.xref.xm1.nsg13_hv_pmos[w] = 9.599989085197540e-05
@n.xdut.xref.xm1.nsg13_hv_pmos[l] = 2.000963670524895e-06
@n.xdut.xref.xm1.nsg13_hv_pmos[delvto] = 5.477623830970437e-05
@n.xdut.xref.xm1.nsg13_hv_pmos[factuo] = 9.996419726459960e-01
@n.xdut.xref.xm2.nsg13_hv_pmos[w] = 9.600553171661923e-05
@n.xdut.xref.xm2.nsg13_hv_pmos[l] = 2.001448718401627e-06
@n.xdut.xref.xm2.nsg13_hv_pmos[delvto] = 2.196723627561988e-04
@n.xdut.xref.xm2.nsg13_hv_pmos[factuo] = 1.000220455431549e+00
@n.xdut.xr1n0.nr1[nsmm_rsh] = 1.035718194294904e+00
@n.xdut.xr1n0.nr1[nsmm_w] = 7.137707368821369e-01
@n.xdut.xr1n0.nr1[nsmm_l] = 2.211649925618693e+00
Doing analysis at TEMP = 125.000000 and TNOM = 27.000000

Using SPARSE 1.3 as Direct Linear Solver
Note: Starting dynamic gmin stepping
Note: Dynamic gmin stepping completed
 Reference value :  0.00000e+00
No. of Data Rows : 1
ROW t2_c-0.1_s0 1.01927 1.00097 1.03427 -0.0475912 -0.046617 0.995251 -0.00134017
Doing analysis at TEMP = 125.000000 and TNOM = 27.000000

Using SPARSE 1.3 as Direct Linear Solver
Note: Starting dynamic gmin stepping
Note: Dynamic gmin stepping completed
 Reference value :  0.00000e+00
No. of Data Rows : 1
ROW t2_c-0.1_s0.025 1.51814 1.00097 1.03427 -0.0237813 -0.0228235 0.995251 -0.00135289
Doing analysis at TEMP = 125.000000 and TNOM = 27.000000

Using SPARSE 1.3 as Direct Linear Solver
Note: Starting dynamic gmin stepping
Note: Dynamic gmin stepping completed
 Reference value :  0.00000e+00
No. of Data Rows : 1
ROW t2_c-0.1_s0.05 2.01704 1.00097 1.03427 2.86858E-05 0.000971224 0.995251 -0.00136516
Doing analysis at TEMP = 125.000000 and TNOM = 27.000000

Using SPARSE 1.3 as Direct Linear Solver
Note: Starting dynamic gmin stepping
Note: Dynamic gmin stepping completed
 Reference value :  0.00000e+00
No. of Data Rows : 1
ROW t2_c0_s0 1.01946 1.00097 1.03427 0.0476486 0.0486227 0.995251 -0.00133923
Doing analysis at TEMP = 125.000000 and TNOM = 27.000000

Using SPARSE 1.3 as Direct Linear Solver
Note: Starting dynamic gmin stepping
Note: Dynamic gmin stepping completed
 Reference value :  0.00000e+00
No. of Data Rows : 1
ROW t2_c0_s0.025 1.51834 1.00097 1.03427 0.0714585 0.0724163 0.995251 -0.00135195
Doing analysis at TEMP = 125.000000 and TNOM = 27.000000

Using SPARSE 1.3 as Direct Linear Solver
Note: Starting dynamic gmin stepping
Note: Dynamic gmin stepping completed
 Reference value :  0.00000e+00
No. of Data Rows : 1
ROW t2_c0_s0.05 2.01724 1.00097 1.03427 0.0952685 0.096211 0.995251 -0.00136422
Doing analysis at TEMP = 125.000000 and TNOM = 27.000000

Using SPARSE 1.3 as Direct Linear Solver
Warning: singular matrix:  check node n.xdut.xr2n14.nr1#i1

Note: Starting dynamic gmin stepping
Note: Dynamic gmin stepping completed
 Reference value :  0.00000e+00
No. of Data Rows : 1
ROW t2_c0.3_s0 1.02005 1.00098 1.03427 0.333368 0.334343 0.995251 -0.00133642
Doing analysis at TEMP = 125.000000 and TNOM = 27.000000

Using SPARSE 1.3 as Direct Linear Solver
Note: Starting dynamic gmin stepping
Note: Dynamic gmin stepping completed
 Reference value :  0.00000e+00
No. of Data Rows : 1
ROW t2_c0.3_s0.025 1.51893 1.00098 1.03427 0.357178 0.358136 0.995251 -0.00134914
Doing analysis at TEMP = 125.000000 and TNOM = 27.000000

Using SPARSE 1.3 as Direct Linear Solver
Note: Starting dynamic gmin stepping
Note: Dynamic gmin stepping completed
 Reference value :  0.00000e+00
No. of Data Rows : 1
ROW t2_c0.3_s0.05 2.01783 1.00098 1.03427 0.380988 0.381931 0.995251 -0.00136141
FINGERPRINT 2
@n.xdut.xota.xm1.nsg13_hv_pmos[w] = 9.599534810067557e-05
@n.xdut.xota.xm1.nsg13_hv_pmos[l] = 1.999869918161096e-06
@n.xdut.xota.xm1.nsg13_hv_pmos[delvto] = 4.001735089984053e-04
@n.xdut.xota.xm1.nsg13_hv_pmos[factuo] = 9.999384830613708e-01
@n.xdut.xota.xm2.nsg13_hv_pmos[w] = 9.600131757942476e-05
@n.xdut.xota.xm2.nsg13_hv_pmos[l] = 1.996555366871797e-06
@n.xdut.xota.xm2.nsg13_hv_pmos[delvto] = -2.12973195100626e-04
@n.xdut.xota.xm2.nsg13_hv_pmos[factuo] = 9.999503221370202e-01
@n.xdut.xbuf.xm1.nsg13_hv_pmos[w] = 9.599859473340339e-05
@n.xdut.xbuf.xm1.nsg13_hv_pmos[l] = 2.002388717384468e-06
@n.xdut.xbuf.xm1.nsg13_hv_pmos[delvto] = 5.414516883951128e-04
@n.xdut.xbuf.xm1.nsg13_hv_pmos[factuo] = 1.000231485625814e+00
@n.xdut.xbuf.xm2.nsg13_hv_pmos[w] = 9.599960947793371e-05
@n.xdut.xbuf.xm2.nsg13_hv_pmos[l] = 2.003863481985639e-06
@n.xdut.xbuf.xm2.nsg13_hv_pmos[delvto] = 4.910212611460151e-04
@n.xdut.xbuf.xm2.nsg13_hv_pmos[factuo] = 9.998920222440708e-01
@n.xdut.xref.xm1.nsg13_hv_pmos[w] = 9.599989085197540e-05
@n.xdut.xref.xm1.nsg13_hv_pmos[l] = 2.000963670524895e-06
@n.xdut.xref.xm1.nsg13_hv_pmos[delvto] = 5.477623830970437e-05
@n.xdut.xref.xm1.nsg13_hv_pmos[factuo] = 9.996419726459960e-01
@n.xdut.xref.xm2.nsg13_hv_pmos[w] = 9.600553171661923e-05
@n.xdut.xref.xm2.nsg13_hv_pmos[l] = 2.001448718401627e-06
@n.xdut.xref.xm2.nsg13_hv_pmos[delvto] = 2.196723627561988e-04
@n.xdut.xref.xm2.nsg13_hv_pmos[factuo] = 1.000220455431549e+00
@n.xdut.xr1n0.nr1[nsmm_rsh] = 1.035718194294904e+00
@n.xdut.xr1n0.nr1[nsmm_w] = 7.137707368821369e-01
@n.xdut.xr1n0.nr1[nsmm_l] = 2.211649925618693e+00
Doing analysis at TEMP = 25.000000 and TNOM = 27.000000

Using SPARSE 1.3 as Direct Linear Solver
Note: Starting dynamic gmin stepping
Note: Dynamic gmin stepping completed
 Reference value :  0.00000e+00
No. of Data Rows : 1
ROW t3_c-0.1_s0 1.01133 1.00087 1.03504 -0.0475962 -0.0469957 0.995993 -0.000962067
Doing analysis at TEMP = 25.000000 and TNOM = 27.000000

Using SPARSE 1.3 as Direct Linear Solver
Note: Starting dynamic gmin stepping
Note: Dynamic gmin stepping completed
 Reference value :  0.00000e+00
No. of Data Rows : 1
ROW t3_c-0.1_s0.025 1.51026 1.00087 1.03504 -0.0237863 -0.0231997 0.995993 -0.00097481
Doing analysis at TEMP = 25.000000 and TNOM = 27.000000

Using SPARSE 1.3 as Direct Linear Solver
Note: Starting dynamic gmin stepping
Note: Dynamic gmin stepping completed
 Reference value :  0.00000e+00
No. of Data Rows : 1
ROW t3_c-0.1_s0.05 2.0092 1.00087 1.03504 2.36587E-05 0.000597265 0.995993 -0.000987209
Doing analysis at TEMP = 25.000000 and TNOM = 27.000000

Using SPARSE 1.3 as Direct Linear Solver
Note: Starting dynamic gmin stepping
Note: Dynamic gmin stepping completed
 Reference value :  0.00000e+00
No. of Data Rows : 1
ROW t3_c0_s0 1.01152 1.00087 1.03504 0.0476436 0.0482438 0.995993 -0.00096111
Doing analysis at TEMP = 25.000000 and TNOM = 27.000000

Using SPARSE 1.3 as Direct Linear Solver
Note: Starting dynamic gmin stepping
Note: Dynamic gmin stepping completed
 Reference value :  0.00000e+00
No. of Data Rows : 1
ROW t3_c0_s0.025 1.51044 1.00087 1.03504 0.0714535 0.0720398 0.995993 -0.000973853
Doing analysis at TEMP = 25.000000 and TNOM = 27.000000

Using SPARSE 1.3 as Direct Linear Solver
Note: Starting dynamic gmin stepping
Note: Dynamic gmin stepping completed
 Reference value :  0.00000e+00
No. of Data Rows : 1
ROW t3_c0_s0.05 2.00939 1.00087 1.03504 0.0952635 0.0958368 0.995993 -0.000986252
Doing analysis at TEMP = 25.000000 and TNOM = 27.000000

Using SPARSE 1.3 as Direct Linear Solver
OSDI(debug) n.xdut.xota.xrz.nr1: WARNING: V(i1,c) voltage is greater than specified by vmax
OSDI(debug) n.xdut.xota.xrz.nr1: WARNING: V(i2,c) voltage is greater than specified by vmax
Note: Starting dynamic gmin stepping
Note: Dynamic gmin stepping completed
 Reference value :  0.00000e+00
No. of Data Rows : 1
ROW t3_c0.3_s0 1.01209 1.00087 1.03504 0.333363 0.333963 0.995993 -0.00095824
Doing analysis at TEMP = 25.000000 and TNOM = 27.000000

Using SPARSE 1.3 as Direct Linear Solver
Note: Starting dynamic gmin stepping
Note: Dynamic gmin stepping completed
 Reference value :  0.00000e+00
No. of Data Rows : 1
ROW t3_c0.3_s0.025 1.51101 1.00087 1.03504 0.357173 0.357759 0.995993 -0.000970982
Doing analysis at TEMP = 25.000000 and TNOM = 27.000000

Using SPARSE 1.3 as Direct Linear Solver
Note: Starting dynamic gmin stepping
Note: Dynamic gmin stepping completed
 Reference value :  0.00000e+00
No. of Data Rows : 1
ROW t3_c0.3_s0.05 2.00996 1.00087 1.03504 0.380983 0.381556 0.995993 -0.000983382
FINGERPRINT 3
@n.xdut.xota.xm1.nsg13_hv_pmos[w] = 9.599534810067557e-05
@n.xdut.xota.xm1.nsg13_hv_pmos[l] = 1.999869918161096e-06
@n.xdut.xota.xm1.nsg13_hv_pmos[delvto] = 4.001735089984053e-04
@n.xdut.xota.xm1.nsg13_hv_pmos[factuo] = 9.999384830613708e-01
@n.xdut.xota.xm2.nsg13_hv_pmos[w] = 9.600131757942476e-05
@n.xdut.xota.xm2.nsg13_hv_pmos[l] = 1.996555366871797e-06
@n.xdut.xota.xm2.nsg13_hv_pmos[delvto] = -2.12973195100626e-04
@n.xdut.xota.xm2.nsg13_hv_pmos[factuo] = 9.999503221370202e-01
@n.xdut.xbuf.xm1.nsg13_hv_pmos[w] = 9.599859473340339e-05
@n.xdut.xbuf.xm1.nsg13_hv_pmos[l] = 2.002388717384468e-06
@n.xdut.xbuf.xm1.nsg13_hv_pmos[delvto] = 5.414516883951128e-04
@n.xdut.xbuf.xm1.nsg13_hv_pmos[factuo] = 1.000231485625814e+00
@n.xdut.xbuf.xm2.nsg13_hv_pmos[w] = 9.599960947793371e-05
@n.xdut.xbuf.xm2.nsg13_hv_pmos[l] = 2.003863481985639e-06
@n.xdut.xbuf.xm2.nsg13_hv_pmos[delvto] = 4.910212611460151e-04
@n.xdut.xbuf.xm2.nsg13_hv_pmos[factuo] = 9.998920222440708e-01
@n.xdut.xref.xm1.nsg13_hv_pmos[w] = 9.599989085197540e-05
@n.xdut.xref.xm1.nsg13_hv_pmos[l] = 2.000963670524895e-06
@n.xdut.xref.xm1.nsg13_hv_pmos[delvto] = 5.477623830970437e-05
@n.xdut.xref.xm1.nsg13_hv_pmos[factuo] = 9.996419726459960e-01
@n.xdut.xref.xm2.nsg13_hv_pmos[w] = 9.600553171661923e-05
@n.xdut.xref.xm2.nsg13_hv_pmos[l] = 2.001448718401627e-06
@n.xdut.xref.xm2.nsg13_hv_pmos[delvto] = 2.196723627561988e-04
@n.xdut.xref.xm2.nsg13_hv_pmos[factuo] = 1.000220455431549e+00
@n.xdut.xr1n0.nr1[nsmm_rsh] = 1.035718194294904e+00
@n.xdut.xr1n0.nr1[nsmm_w] = 7.137707368821369e-01
@n.xdut.xr1n0.nr1[nsmm_l] = 2.211649925618693e+00
QUALIFICATION_END
ngspice-46 done
