Clock SCLK
rise -> rise
    min     max
 0.0000  0.0000 source latency
 0.2692         network latency i_core.u_digital/_6765_/CLK
         0.2951 network latency i_core.u_digital/_5744_/CLK
---------------
 0.2692  0.2951 latency
         0.0259 skew

rise -> fall
    min     max
 0.0000  0.0000 source latency
 0.2979         network latency i_core.u_digital/_5706_/CLK
         0.3216 network latency i_core.u_digital/_5701_/CLK
---------------
 0.2979  0.3216 latency
         0.0237 skew

fall -> rise
    min     max
 0.0000  0.0000 source latency
 0.2991         network latency i_core.u_digital/_5706_/CLK
         0.3237 network latency i_core.u_digital/_5701_/CLK
---------------
 0.2991  0.3237 latency
         0.0246 skew

fall -> fall
    min     max
 0.0000  0.0000 source latency
 0.2687         network latency i_core.u_digital/_6765_/CLK
         0.2939 network latency i_core.u_digital/_5744_/CLK
---------------
 0.2687  0.2939 latency
         0.0252 skew


Clock osc_clk
rise -> rise
    min     max
 0.4850  0.4850 source latency
 0.8375         network latency i_core.u_digital/_6728_/CLK
         0.9129 network latency i_core.u_digital/_6134_/CLK
---------------
 1.3225  1.3979 latency
         0.0754 skew

fall -> fall
    min     max
 0.5280  0.5280 source latency
 0.8837         network latency i_core.u_digital/_6728_/CLK
         0.9619 network latency i_core.u_digital/_6120_/CLK
---------------
 1.4117  1.4899 latency
         0.0783 skew


