
Note: No compatibility mode selected!


Circuit: * g1_t2f joint c-pex: t=100.0 c, vdda=3.3 v, vdd=1.2 v, hbt=typ, mos=tt, r=typ, c=typ, mismatch=true, seed=51136

Warning: Model issue on line 788 :
  .model xbgr.xm27:sg13g2_hv_nmos_psp_rf pspnqs103va type=+1 level=103.60  ...
Unknown model type pspnqs103va - ignored

Warning: Model issue on line 809 :
  .model xbgr.xm27:sg13g2_hv_pmos_psp_rf pspnqs103va type=-1 level=103.60  ...
Unknown model type pspnqs103va - ignored

Warning: Model issue on line 788 :
  .model xbgr.xm28:sg13g2_hv_nmos_psp_rf pspnqs103va type=+1 level=103.60  ...
Unknown model type pspnqs103va - ignored

Warning: Model issue on line 809 :
  .model xbgr.xm28:sg13g2_hv_pmos_psp_rf pspnqs103va type=-1 level=103.60  ...
Unknown model type pspnqs103va - ignored

Warning: Model issue on line 679 :
  .model xbgr.xm29:sg13g2_hv_nmos_psp_rf pspnqs103va type=+1 level=103.60  ...
Unknown model type pspnqs103va - ignored

Warning: Model issue on line 700 :
  .model xbgr.xm29:sg13g2_hv_pmos_psp_rf pspnqs103va type=-1 level=103.60  ...
Unknown model type pspnqs103va - ignored

Warning: Model issue on line 679 :
  .model xbgr.xm30:sg13g2_hv_nmos_psp_rf pspnqs103va type=+1 level=103.60  ...
Unknown model type pspnqs103va - ignored

Warning: Model issue on line 700 :
  .model xbgr.xm30:sg13g2_hv_pmos_psp_rf pspnqs103va type=-1 level=103.60  ...
Unknown model type pspnqs103va - ignored

Warning: Model issue on line 679 :
  .model xbgr.xm31:sg13g2_hv_nmos_psp_rf pspnqs103va type=+1 level=103.60  ...
Unknown model type pspnqs103va - ignored

Warning: Model issue on line 700 :
  .model xbgr.xm31:sg13g2_hv_pmos_psp_rf pspnqs103va type=-1 level=103.60  ...
Unknown model type pspnqs103va - ignored

Warning: Model issue on line 679 :
  .model xbgr.xm32:sg13g2_hv_nmos_psp_rf pspnqs103va type=+1 level=103.60  ...
Unknown model type pspnqs103va - ignored

Warning: Model issue on line 700 :
  .model xbgr.xm32:sg13g2_hv_pmos_psp_rf pspnqs103va type=-1 level=103.60  ...
Unknown model type pspnqs103va - ignored

Warning: Model issue on line 679 :
  .model xbgr.xm33:sg13g2_hv_nmos_psp_rf pspnqs103va type=+1 level=103.60  ...
Unknown model type pspnqs103va - ignored

Warning: Model issue on line 700 :
  .model xbgr.xm33:sg13g2_hv_pmos_psp_rf pspnqs103va type=-1 level=103.60  ...
Unknown model type pspnqs103va - ignored

Warning: Model issue on line 679 :
  .model xbgr.xm34:sg13g2_hv_nmos_psp_rf pspnqs103va type=+1 level=103.60  ...
Unknown model type pspnqs103va - ignored

Warning: Model issue on line 700 :
  .model xbgr.xm34:sg13g2_hv_pmos_psp_rf pspnqs103va type=-1 level=103.60  ...
Unknown model type pspnqs103va - ignored

Warning: Model issue on line 679 :
  .model xbgr.xm35:sg13g2_hv_nmos_psp_rf pspnqs103va type=+1 level=103.60  ...
Unknown model type pspnqs103va - ignored

Warning: Model issue on line 700 :
  .model xbgr.xm35:sg13g2_hv_pmos_psp_rf pspnqs103va type=-1 level=103.60  ...
Unknown model type pspnqs103va - ignored

Warning: Model issue on line 679 :
  .model xbgr.xm36:sg13g2_hv_nmos_psp_rf pspnqs103va type=+1 level=103.60  ...
Unknown model type pspnqs103va - ignored

Warning: Model issue on line 700 :
  .model xbgr.xm36:sg13g2_hv_pmos_psp_rf pspnqs103va type=-1 level=103.60  ...
Unknown model type pspnqs103va - ignored

Warning: Model issue on line 679 :
  .model xbgr.xm37:sg13g2_hv_nmos_psp_rf pspnqs103va type=+1 level=103.60  ...
Unknown model type pspnqs103va - ignored

Warning: Model issue on line 700 :
  .model xbgr.xm37:sg13g2_hv_pmos_psp_rf pspnqs103va type=-1 level=103.60  ...
Unknown model type pspnqs103va - ignored

Warning: Model issue on line 788 :
  .model xbgr.xm38:sg13g2_hv_nmos_psp_rf pspnqs103va type=+1 level=103.60  ...
Unknown model type pspnqs103va - ignored

Warning: Model issue on line 809 :
  .model xbgr.xm38:sg13g2_hv_pmos_psp_rf pspnqs103va type=-1 level=103.60  ...
Unknown model type pspnqs103va - ignored

Warning: Model issue on line 788 :
  .model xbgr.xm39:sg13g2_hv_nmos_psp_rf pspnqs103va type=+1 level=103.60  ...
Unknown model type pspnqs103va - ignored

Warning: Model issue on line 809 :
  .model xbgr.xm39:sg13g2_hv_pmos_psp_rf pspnqs103va type=-1 level=103.60  ...
Unknown model type pspnqs103va - ignored

Warning: Model issue on line 788 :
  .model xbgr.xm40:sg13g2_hv_nmos_psp_rf pspnqs103va type=+1 level=103.60  ...
Unknown model type pspnqs103va - ignored

Warning: Model issue on line 809 :
  .model xbgr.xm40:sg13g2_hv_pmos_psp_rf pspnqs103va type=-1 level=103.60  ...
Unknown model type pspnqs103va - ignored

Warning: Model issue on line 788 :
  .model xbgr.xm41:sg13g2_hv_nmos_psp_rf pspnqs103va type=+1 level=103.60  ...
Unknown model type pspnqs103va - ignored

Warning: Model issue on line 809 :
  .model xbgr.xm41:sg13g2_hv_pmos_psp_rf pspnqs103va type=-1 level=103.60  ...
Unknown model type pspnqs103va - ignored

Warning: Model issue on line 788 :
  .model xbgr.xm42:sg13g2_hv_nmos_psp_rf pspnqs103va type=+1 level=103.60  ...
Unknown model type pspnqs103va - ignored

Warning: Model issue on line 809 :
  .model xbgr.xm42:sg13g2_hv_pmos_psp_rf pspnqs103va type=-1 level=103.60  ...
Unknown model type pspnqs103va - ignored

Warning: Model issue on line 788 :
  .model xbgr.xm43:sg13g2_hv_nmos_psp_rf pspnqs103va type=+1 level=103.60  ...
Unknown model type pspnqs103va - ignored

Warning: Model issue on line 809 :
  .model xbgr.xm43:sg13g2_hv_pmos_psp_rf pspnqs103va type=-1 level=103.60  ...
Unknown model type pspnqs103va - ignored

Warning: Model issue on line 788 :
  .model xbgr.xm44:sg13g2_hv_nmos_psp_rf pspnqs103va type=+1 level=103.60  ...
Unknown model type pspnqs103va - ignored

Warning: Model issue on line 809 :
  .model xbgr.xm44:sg13g2_hv_pmos_psp_rf pspnqs103va type=-1 level=103.60  ...
Unknown model type pspnqs103va - ignored

Warning: Model issue on line 788 :
  .model xbgr.xm45:sg13g2_hv_nmos_psp_rf pspnqs103va type=+1 level=103.60  ...
Unknown model type pspnqs103va - ignored

Warning: Model issue on line 809 :
  .model xbgr.xm45:sg13g2_hv_pmos_psp_rf pspnqs103va type=-1 level=103.60  ...
Unknown model type pspnqs103va - ignored

Warning: Model issue on line 788 :
  .model xbgr.xm46:sg13g2_hv_nmos_psp_rf pspnqs103va type=+1 level=103.60  ...
Unknown model type pspnqs103va - ignored

Warning: Model issue on line 809 :
  .model xbgr.xm46:sg13g2_hv_pmos_psp_rf pspnqs103va type=-1 level=103.60  ...
Unknown model type pspnqs103va - ignored

Warning: Model issue on line 788 :
  .model xbgr.xm47:sg13g2_hv_nmos_psp_rf pspnqs103va type=+1 level=103.60  ...
Unknown model type pspnqs103va - ignored

Warning: Model issue on line 809 :
  .model xbgr.xm47:sg13g2_hv_pmos_psp_rf pspnqs103va type=-1 level=103.60  ...
Unknown model type pspnqs103va - ignored

Warning: Model issue on line 788 :
  .model xbgr.xm48:sg13g2_hv_nmos_psp_rf pspnqs103va type=+1 level=103.60  ...
Unknown model type pspnqs103va - ignored

Warning: Model issue on line 809 :
  .model xbgr.xm48:sg13g2_hv_pmos_psp_rf pspnqs103va type=-1 level=103.60  ...
Unknown model type pspnqs103va - ignored

Warning: Model issue on line 788 :
  .model xbgr.xm49:sg13g2_hv_nmos_psp_rf pspnqs103va type=+1 level=103.60  ...
Unknown model type pspnqs103va - ignored

Warning: Model issue on line 809 :
  .model xbgr.xm49:sg13g2_hv_pmos_psp_rf pspnqs103va type=-1 level=103.60  ...
Unknown model type pspnqs103va - ignored

Warning: Model issue on line 788 :
  .model xbgr.xm50:sg13g2_hv_nmos_psp_rf pspnqs103va type=+1 level=103.60  ...
Unknown model type pspnqs103va - ignored

Warning: Model issue on line 809 :
  .model xbgr.xm50:sg13g2_hv_pmos_psp_rf pspnqs103va type=-1 level=103.60  ...
Unknown model type pspnqs103va - ignored

Warning: Model issue on line 788 :
  .model xbgr.xm51:sg13g2_hv_nmos_psp_rf pspnqs103va type=+1 level=103.60  ...
Unknown model type pspnqs103va - ignored

Warning: Model issue on line 809 :
  .model xbgr.xm51:sg13g2_hv_pmos_psp_rf pspnqs103va type=-1 level=103.60  ...
Unknown model type pspnqs103va - ignored

Warning: Model issue on line 788 :
  .model xbgr.xm52:sg13g2_hv_nmos_psp_rf pspnqs103va type=+1 level=103.60  ...
Unknown model type pspnqs103va - ignored

Warning: Model issue on line 809 :
  .model xbgr.xm52:sg13g2_hv_pmos_psp_rf pspnqs103va type=-1 level=103.60  ...
Unknown model type pspnqs103va - ignored

Warning: Model issue on line 788 :
  .model xbgr.xm53:sg13g2_hv_nmos_psp_rf pspnqs103va type=+1 level=103.60  ...
Unknown model type pspnqs103va - ignored

Warning: Model issue on line 809 :
  .model xbgr.xm53:sg13g2_hv_pmos_psp_rf pspnqs103va type=-1 level=103.60  ...
Unknown model type pspnqs103va - ignored

Warning: Model issue on line 788 :
  .model xbgr.xm54:sg13g2_hv_nmos_psp_rf pspnqs103va type=+1 level=103.60  ...
Unknown model type pspnqs103va - ignored

Warning: Model issue on line 809 :
  .model xbgr.xm54:sg13g2_hv_pmos_psp_rf pspnqs103va type=-1 level=103.60  ...
Unknown model type pspnqs103va - ignored

Warning: Model issue on line 679 :
  .model xt2f.xm1:sg13g2_hv_nmos_psp_rf pspnqs103va type=+1 level=103.60 t ...
Unknown model type pspnqs103va - ignored

Warning: Model issue on line 700 :
  .model xt2f.xm1:sg13g2_hv_pmos_psp_rf pspnqs103va type=-1 level=103.60 t ...
Unknown model type pspnqs103va - ignored

Warning: Model issue on line 679 :
  .model xt2f.xm2:sg13g2_hv_nmos_psp_rf pspnqs103va type=+1 level=103.60 t ...
Unknown model type pspnqs103va - ignored

Warning: Model issue on line 700 :
  .model xt2f.xm2:sg13g2_hv_pmos_psp_rf pspnqs103va type=-1 level=103.60 t ...
Unknown model type pspnqs103va - ignored

Warning: Model issue on line 679 :
  .model xt2f.xm13:sg13g2_hv_nmos_psp_rf pspnqs103va type=+1 level=103.60  ...
Unknown model type pspnqs103va - ignored

Warning: Model issue on line 700 :
  .model xt2f.xm13:sg13g2_hv_pmos_psp_rf pspnqs103va type=-1 level=103.60  ...
Unknown model type pspnqs103va - ignored

Warning: Model issue on line 679 :
  .model xt2f.xm14:sg13g2_hv_nmos_psp_rf pspnqs103va type=+1 level=103.60  ...
Unknown model type pspnqs103va - ignored

Warning: Model issue on line 700 :
  .model xt2f.xm14:sg13g2_hv_pmos_psp_rf pspnqs103va type=-1 level=103.60  ...
Unknown model type pspnqs103va - ignored

Warning: Model issue on line 890 :
  .model xt2f.xm15:sg13g2_lv_nmos_psp_rf pspnqs103va type=+1 level=103.60  ...
Unknown model type pspnqs103va - ignored

Warning: Model issue on line 912 :
  .model xt2f.xm15:sg13g2_lv_pmos_psp_rf pspnqs103va type=-1 level=103.60  ...
Unknown model type pspnqs103va - ignored

Warning: Model issue on line 914 :
  .model xt2f.xm15:nmoscl_psp_rf pspnqs103va type=+1 tr=27.0 dta=0.0 swgeo ...
Unknown model type pspnqs103va - ignored

Warning: Model issue on line 779 :
  .model xt2f.xm16:sg13g2_lv_nmos_psp_rf pspnqs103va type=+1 level=103.60  ...
Unknown model type pspnqs103va - ignored

Warning: Model issue on line 801 :
  .model xt2f.xm16:sg13g2_lv_pmos_psp_rf pspnqs103va type=-1 level=103.60  ...
Unknown model type pspnqs103va - ignored

Warning: Model issue on line 803 :
  .model xt2f.xm16:nmoscl_psp_rf pspnqs103va type=+1 tr=27.0 dta=0.0 swgeo ...
Unknown model type pspnqs103va - ignored

Warning: Model issue on line 779 :
  .model xt2f.xm17:sg13g2_lv_nmos_psp_rf pspnqs103va type=+1 level=103.60  ...
Unknown model type pspnqs103va - ignored

Warning: Model issue on line 801 :
  .model xt2f.xm17:sg13g2_lv_pmos_psp_rf pspnqs103va type=-1 level=103.60  ...
Unknown model type pspnqs103va - ignored

Warning: Model issue on line 803 :
  .model xt2f.xm17:nmoscl_psp_rf pspnqs103va type=+1 tr=27.0 dta=0.0 swgeo ...
Unknown model type pspnqs103va - ignored

Warning: Model issue on line 890 :
  .model xt2f.xm18:sg13g2_lv_nmos_psp_rf pspnqs103va type=+1 level=103.60  ...
Unknown model type pspnqs103va - ignored

Warning: Model issue on line 912 :
  .model xt2f.xm18:sg13g2_lv_pmos_psp_rf pspnqs103va type=-1 level=103.60  ...
Unknown model type pspnqs103va - ignored

Warning: Model issue on line 914 :
  .model xt2f.xm18:nmoscl_psp_rf pspnqs103va type=+1 tr=27.0 dta=0.0 swgeo ...
Unknown model type pspnqs103va - ignored

Warning: Model issue on line 890 :
  .model xt2f.xm19:sg13g2_lv_nmos_psp_rf pspnqs103va type=+1 level=103.60  ...
Unknown model type pspnqs103va - ignored

Warning: Model issue on line 912 :
  .model xt2f.xm19:sg13g2_lv_pmos_psp_rf pspnqs103va type=-1 level=103.60  ...
Unknown model type pspnqs103va - ignored

Warning: Model issue on line 914 :
  .model xt2f.xm19:nmoscl_psp_rf pspnqs103va type=+1 tr=27.0 dta=0.0 swgeo ...
Unknown model type pspnqs103va - ignored

Warning: Model issue on line 788 :
  .model xt2f.xm20:sg13g2_hv_nmos_psp_rf pspnqs103va type=+1 level=103.60  ...
Unknown model type pspnqs103va - ignored

Warning: Model issue on line 809 :
  .model xt2f.xm20:sg13g2_hv_pmos_psp_rf pspnqs103va type=-1 level=103.60  ...
Unknown model type pspnqs103va - ignored

Warning: Model issue on line 788 :
  .model xt2f.xm21:sg13g2_hv_nmos_psp_rf pspnqs103va type=+1 level=103.60  ...
Unknown model type pspnqs103va - ignored

Warning: Model issue on line 809 :
  .model xt2f.xm21:sg13g2_hv_pmos_psp_rf pspnqs103va type=-1 level=103.60  ...
Unknown model type pspnqs103va - ignored

Warning: Model issue on line 788 :
  .model xt2f.xm22:sg13g2_hv_nmos_psp_rf pspnqs103va type=+1 level=103.60  ...
Unknown model type pspnqs103va - ignored

Warning: Model issue on line 809 :
  .model xt2f.xm22:sg13g2_hv_pmos_psp_rf pspnqs103va type=-1 level=103.60  ...
Unknown model type pspnqs103va - ignored

Warning: Model issue on line 679 :
  .model xt2f.xm23:sg13g2_hv_nmos_psp_rf pspnqs103va type=+1 level=103.60  ...
Unknown model type pspnqs103va - ignored

Warning: Model issue on line 700 :
  .model xt2f.xm23:sg13g2_hv_pmos_psp_rf pspnqs103va type=-1 level=103.60  ...
Unknown model type pspnqs103va - ignored

Warning: Model issue on line 679 :
  .model xt2f.xm24:sg13g2_hv_nmos_psp_rf pspnqs103va type=+1 level=103.60  ...
Unknown model type pspnqs103va - ignored

Warning: Model issue on line 700 :
  .model xt2f.xm24:sg13g2_hv_pmos_psp_rf pspnqs103va type=-1 level=103.60  ...
Unknown model type pspnqs103va - ignored

Warning: Model issue on line 679 :
  .model xt2f.xm25:sg13g2_hv_nmos_psp_rf pspnqs103va type=+1 level=103.60  ...
Unknown model type pspnqs103va - ignored

Warning: Model issue on line 700 :
  .model xt2f.xm25:sg13g2_hv_pmos_psp_rf pspnqs103va type=-1 level=103.60  ...
Unknown model type pspnqs103va - ignored

Warning: Model issue on line 788 :
  .model xt2f.xm26:sg13g2_hv_nmos_psp_rf pspnqs103va type=+1 level=103.60  ...
Unknown model type pspnqs103va - ignored

Warning: Model issue on line 809 :
  .model xt2f.xm26:sg13g2_hv_pmos_psp_rf pspnqs103va type=-1 level=103.60  ...
Unknown model type pspnqs103va - ignored

Warning: Model issue on line 788 :
  .model xt2f.xm27:sg13g2_hv_nmos_psp_rf pspnqs103va type=+1 level=103.60  ...
Unknown model type pspnqs103va - ignored

Warning: Model issue on line 809 :
  .model xt2f.xm27:sg13g2_hv_pmos_psp_rf pspnqs103va type=-1 level=103.60  ...
Unknown model type pspnqs103va - ignored

Warning: Model issue on line 788 :
  .model xt2f.xm28:sg13g2_hv_nmos_psp_rf pspnqs103va type=+1 level=103.60  ...
Unknown model type pspnqs103va - ignored

Warning: Model issue on line 809 :
  .model xt2f.xm28:sg13g2_hv_pmos_psp_rf pspnqs103va type=-1 level=103.60  ...
Unknown model type pspnqs103va - ignored

Warning: Model issue on line 788 :
  .model xt2f.xm29:sg13g2_hv_nmos_psp_rf pspnqs103va type=+1 level=103.60  ...
Unknown model type pspnqs103va - ignored

Warning: Model issue on line 809 :
  .model xt2f.xm29:sg13g2_hv_pmos_psp_rf pspnqs103va type=-1 level=103.60  ...
Unknown model type pspnqs103va - ignored

Warning: Model issue on line 788 :
  .model xt2f.xm30:sg13g2_hv_nmos_psp_rf pspnqs103va type=+1 level=103.60  ...
Unknown model type pspnqs103va - ignored

Warning: Model issue on line 809 :
  .model xt2f.xm30:sg13g2_hv_pmos_psp_rf pspnqs103va type=-1 level=103.60  ...
Unknown model type pspnqs103va - ignored

Warning: Model issue on line 788 :
  .model xt2f.xm31:sg13g2_hv_nmos_psp_rf pspnqs103va type=+1 level=103.60  ...
Unknown model type pspnqs103va - ignored

Warning: Model issue on line 809 :
  .model xt2f.xm31:sg13g2_hv_pmos_psp_rf pspnqs103va type=-1 level=103.60  ...
Unknown model type pspnqs103va - ignored

Warning: Model issue on line 788 :
  .model xt2f.xm32:sg13g2_hv_nmos_psp_rf pspnqs103va type=+1 level=103.60  ...
Unknown model type pspnqs103va - ignored

Warning: Model issue on line 809 :
  .model xt2f.xm32:sg13g2_hv_pmos_psp_rf pspnqs103va type=-1 level=103.60  ...
Unknown model type pspnqs103va - ignored

Warning: Model issue on line 788 :
  .model xt2f.xm33:sg13g2_hv_nmos_psp_rf pspnqs103va type=+1 level=103.60  ...
Unknown model type pspnqs103va - ignored

Warning: Model issue on line 809 :
  .model xt2f.xm33:sg13g2_hv_pmos_psp_rf pspnqs103va type=-1 level=103.60  ...
Unknown model type pspnqs103va - ignored

Warning: Model issue on line 788 :
  .model xt2f.xm34:sg13g2_hv_nmos_psp_rf pspnqs103va type=+1 level=103.60  ...
Unknown model type pspnqs103va - ignored

Warning: Model issue on line 809 :
  .model xt2f.xm34:sg13g2_hv_pmos_psp_rf pspnqs103va type=-1 level=103.60  ...
Unknown model type pspnqs103va - ignored

Warning: Model issue on line 788 :
  .model xt2f.xm35:sg13g2_hv_nmos_psp_rf pspnqs103va type=+1 level=103.60  ...
Unknown model type pspnqs103va - ignored

Warning: Model issue on line 809 :
  .model xt2f.xm35:sg13g2_hv_pmos_psp_rf pspnqs103va type=-1 level=103.60  ...
Unknown model type pspnqs103va - ignored

Warning: Model issue on line 679 :
  .model xt2f.xm36:sg13g2_hv_nmos_psp_rf pspnqs103va type=+1 level=103.60  ...
Unknown model type pspnqs103va - ignored

Warning: Model issue on line 700 :
  .model xt2f.xm36:sg13g2_hv_pmos_psp_rf pspnqs103va type=-1 level=103.60  ...
Unknown model type pspnqs103va - ignored

Warning: Model issue on line 679 :
  .model xt2f.xm37:sg13g2_hv_nmos_psp_rf pspnqs103va type=+1 level=103.60  ...
Unknown model type pspnqs103va - ignored

Warning: Model issue on line 700 :
  .model xt2f.xm37:sg13g2_hv_pmos_psp_rf pspnqs103va type=-1 level=103.60  ...
Unknown model type pspnqs103va - ignored

Warning: Model issue on line 679 :
  .model xt2f.xm38:sg13g2_hv_nmos_psp_rf pspnqs103va type=+1 level=103.60  ...
Unknown model type pspnqs103va - ignored

Warning: Model issue on line 700 :
  .model xt2f.xm38:sg13g2_hv_pmos_psp_rf pspnqs103va type=-1 level=103.60  ...
Unknown model type pspnqs103va - ignored

Warning: Model issue on line 679 :
  .model xt2f.xm39:sg13g2_hv_nmos_psp_rf pspnqs103va type=+1 level=103.60  ...
Unknown model type pspnqs103va - ignored

Warning: Model issue on line 700 :
  .model xt2f.xm39:sg13g2_hv_pmos_psp_rf pspnqs103va type=-1 level=103.60  ...
Unknown model type pspnqs103va - ignored

Warning: Model issue on line 788 :
  .model xt2f.xm46:sg13g2_hv_nmos_psp_rf pspnqs103va type=+1 level=103.60  ...
Unknown model type pspnqs103va - ignored

Warning: Model issue on line 809 :
  .model xt2f.xm46:sg13g2_hv_pmos_psp_rf pspnqs103va type=-1 level=103.60  ...
Unknown model type pspnqs103va - ignored

Warning: Model issue on line 788 :
  .model xt2f.xm47:sg13g2_hv_nmos_psp_rf pspnqs103va type=+1 level=103.60  ...
Unknown model type pspnqs103va - ignored

Warning: Model issue on line 809 :
  .model xt2f.xm47:sg13g2_hv_pmos_psp_rf pspnqs103va type=-1 level=103.60  ...
Unknown model type pspnqs103va - ignored

Warning: Model issue on line 788 :
  .model xt2f.xm48:sg13g2_hv_nmos_psp_rf pspnqs103va type=+1 level=103.60  ...
Unknown model type pspnqs103va - ignored

Warning: Model issue on line 809 :
  .model xt2f.xm48:sg13g2_hv_pmos_psp_rf pspnqs103va type=-1 level=103.60  ...
Unknown model type pspnqs103va - ignored

Warning: Model issue on line 788 :
  .model xt2f.xm49:sg13g2_hv_nmos_psp_rf pspnqs103va type=+1 level=103.60  ...
Unknown model type pspnqs103va - ignored

Warning: Model issue on line 809 :
  .model xt2f.xm49:sg13g2_hv_pmos_psp_rf pspnqs103va type=-1 level=103.60  ...
Unknown model type pspnqs103va - ignored

Warning: Model issue on line 679 :
  .model xt2f.xm50:sg13g2_hv_nmos_psp_rf pspnqs103va type=+1 level=103.60  ...
Unknown model type pspnqs103va - ignored

Warning: Model issue on line 700 :
  .model xt2f.xm50:sg13g2_hv_pmos_psp_rf pspnqs103va type=-1 level=103.60  ...
Unknown model type pspnqs103va - ignored

Warning: Model issue on line 679 :
  .model xt2f.xm51:sg13g2_hv_nmos_psp_rf pspnqs103va type=+1 level=103.60  ...
Unknown model type pspnqs103va - ignored

Warning: Model issue on line 700 :
  .model xt2f.xm51:sg13g2_hv_pmos_psp_rf pspnqs103va type=-1 level=103.60  ...
Unknown model type pspnqs103va - ignored

Warning: Model issue on line 679 :
  .model xt2f.xm52:sg13g2_hv_nmos_psp_rf pspnqs103va type=+1 level=103.60  ...
Unknown model type pspnqs103va - ignored

Warning: Model issue on line 700 :
  .model xt2f.xm52:sg13g2_hv_pmos_psp_rf pspnqs103va type=-1 level=103.60  ...
Unknown model type pspnqs103va - ignored

Warning: Model issue on line 679 :
  .model xt2f.xm53:sg13g2_hv_nmos_psp_rf pspnqs103va type=+1 level=103.60  ...
Unknown model type pspnqs103va - ignored

Warning: Model issue on line 700 :
  .model xt2f.xm53:sg13g2_hv_pmos_psp_rf pspnqs103va type=-1 level=103.60  ...
Unknown model type pspnqs103va - ignored

Warning: Model issue on line 679 :
  .model xt2f.xm54:sg13g2_hv_nmos_psp_rf pspnqs103va type=+1 level=103.60  ...
Unknown model type pspnqs103va - ignored

Warning: Model issue on line 700 :
  .model xt2f.xm54:sg13g2_hv_pmos_psp_rf pspnqs103va type=-1 level=103.60  ...
Unknown model type pspnqs103va - ignored

Warning: Model issue on line 679 :
  .model xt2f.xm55:sg13g2_hv_nmos_psp_rf pspnqs103va type=+1 level=103.60  ...
Unknown model type pspnqs103va - ignored

Warning: Model issue on line 700 :
  .model xt2f.xm55:sg13g2_hv_pmos_psp_rf pspnqs103va type=-1 level=103.60  ...
Unknown model type pspnqs103va - ignored

Warning: Model issue on line 679 :
  .model xt2f.xm56:sg13g2_hv_nmos_psp_rf pspnqs103va type=+1 level=103.60  ...
Unknown model type pspnqs103va - ignored

Warning: Model issue on line 700 :
  .model xt2f.xm56:sg13g2_hv_pmos_psp_rf pspnqs103va type=-1 level=103.60  ...
Unknown model type pspnqs103va - ignored

Warning: Model issue on line 679 :
  .model xt2f.xm57:sg13g2_hv_nmos_psp_rf pspnqs103va type=+1 level=103.60  ...
Unknown model type pspnqs103va - ignored

Warning: Model issue on line 700 :
  .model xt2f.xm57:sg13g2_hv_pmos_psp_rf pspnqs103va type=-1 level=103.60  ...
Unknown model type pspnqs103va - ignored

Warning: Model issue on line 679 :
  .model xt2f.xm58:sg13g2_hv_nmos_psp_rf pspnqs103va type=+1 level=103.60  ...
Unknown model type pspnqs103va - ignored

Warning: Model issue on line 700 :
  .model xt2f.xm58:sg13g2_hv_pmos_psp_rf pspnqs103va type=-1 level=103.60  ...
Unknown model type pspnqs103va - ignored

Warning: Model issue on line 679 :
  .model xt2f.xm59:sg13g2_hv_nmos_psp_rf pspnqs103va type=+1 level=103.60  ...
Unknown model type pspnqs103va - ignored

Warning: Model issue on line 700 :
  .model xt2f.xm59:sg13g2_hv_pmos_psp_rf pspnqs103va type=-1 level=103.60  ...
Unknown model type pspnqs103va - ignored

Warning: Model issue on line 679 :
  .model xt2f.xm60:sg13g2_hv_nmos_psp_rf pspnqs103va type=+1 level=103.60  ...
Unknown model type pspnqs103va - ignored

Warning: Model issue on line 700 :
  .model xt2f.xm60:sg13g2_hv_pmos_psp_rf pspnqs103va type=-1 level=103.60  ...
Unknown model type pspnqs103va - ignored

Warning: Model issue on line 679 :
  .model xt2f.xm61:sg13g2_hv_nmos_psp_rf pspnqs103va type=+1 level=103.60  ...
Unknown model type pspnqs103va - ignored

Warning: Model issue on line 700 :
  .model xt2f.xm61:sg13g2_hv_pmos_psp_rf pspnqs103va type=-1 level=103.60  ...
Unknown model type pspnqs103va - ignored

Warning: Model issue on line 679 :
  .model xt2f.xm62:sg13g2_hv_nmos_psp_rf pspnqs103va type=+1 level=103.60  ...
Unknown model type pspnqs103va - ignored

Warning: Model issue on line 700 :
  .model xt2f.xm62:sg13g2_hv_pmos_psp_rf pspnqs103va type=-1 level=103.60  ...
Unknown model type pspnqs103va - ignored

Warning: Model issue on line 679 :
  .model xt2f.xm63:sg13g2_hv_nmos_psp_rf pspnqs103va type=+1 level=103.60  ...
Unknown model type pspnqs103va - ignored

Warning: Model issue on line 700 :
  .model xt2f.xm63:sg13g2_hv_pmos_psp_rf pspnqs103va type=-1 level=103.60  ...
Unknown model type pspnqs103va - ignored

Warning: Model issue on line 679 :
  .model xt2f.xm64:sg13g2_hv_nmos_psp_rf pspnqs103va type=+1 level=103.60  ...
Unknown model type pspnqs103va - ignored

Warning: Model issue on line 700 :
  .model xt2f.xm64:sg13g2_hv_pmos_psp_rf pspnqs103va type=-1 level=103.60  ...
Unknown model type pspnqs103va - ignored

Warning: Model issue on line 679 :
  .model xt2f.xm65:sg13g2_hv_nmos_psp_rf pspnqs103va type=+1 level=103.60  ...
Unknown model type pspnqs103va - ignored

Warning: Model issue on line 700 :
  .model xt2f.xm65:sg13g2_hv_pmos_psp_rf pspnqs103va type=-1 level=103.60  ...
Unknown model type pspnqs103va - ignored

Warning: Model issue on line 679 :
  .model xt2f.xm66:sg13g2_hv_nmos_psp_rf pspnqs103va type=+1 level=103.60  ...
Unknown model type pspnqs103va - ignored

Warning: Model issue on line 700 :
  .model xt2f.xm66:sg13g2_hv_pmos_psp_rf pspnqs103va type=-1 level=103.60  ...
Unknown model type pspnqs103va - ignored

Warning: Model issue on line 679 :
  .model xt2f.xm67:sg13g2_hv_nmos_psp_rf pspnqs103va type=+1 level=103.60  ...
Unknown model type pspnqs103va - ignored

Warning: Model issue on line 700 :
  .model xt2f.xm67:sg13g2_hv_pmos_psp_rf pspnqs103va type=-1 level=103.60  ...
Unknown model type pspnqs103va - ignored

Warning: Model issue on line 679 :
  .model xt2f.xm68:sg13g2_hv_nmos_psp_rf pspnqs103va type=+1 level=103.60  ...
Unknown model type pspnqs103va - ignored

Warning: Model issue on line 700 :
  .model xt2f.xm68:sg13g2_hv_pmos_psp_rf pspnqs103va type=-1 level=103.60  ...
Unknown model type pspnqs103va - ignored

Warning: Model issue on line 679 :
  .model xt2f.xm69:sg13g2_hv_nmos_psp_rf pspnqs103va type=+1 level=103.60  ...
Unknown model type pspnqs103va - ignored

Warning: Model issue on line 700 :
  .model xt2f.xm69:sg13g2_hv_pmos_psp_rf pspnqs103va type=-1 level=103.60  ...
Unknown model type pspnqs103va - ignored

Warning: Model issue on line 679 :
  .model xt2f.xm70:sg13g2_hv_nmos_psp_rf pspnqs103va type=+1 level=103.60  ...
Unknown model type pspnqs103va - ignored

Warning: Model issue on line 700 :
  .model xt2f.xm70:sg13g2_hv_pmos_psp_rf pspnqs103va type=-1 level=103.60  ...
Unknown model type pspnqs103va - ignored

Warning: Model issue on line 679 :
  .model xt2f.xm71:sg13g2_hv_nmos_psp_rf pspnqs103va type=+1 level=103.60  ...
Unknown model type pspnqs103va - ignored

Warning: Model issue on line 700 :
  .model xt2f.xm71:sg13g2_hv_pmos_psp_rf pspnqs103va type=-1 level=103.60  ...
Unknown model type pspnqs103va - ignored

Warning: Model issue on line 679 :
  .model xt2f.xm72:sg13g2_hv_nmos_psp_rf pspnqs103va type=+1 level=103.60  ...
Unknown model type pspnqs103va - ignored

Warning: Model issue on line 700 :
  .model xt2f.xm72:sg13g2_hv_pmos_psp_rf pspnqs103va type=-1 level=103.60  ...
Unknown model type pspnqs103va - ignored

Warning: Model issue on line 679 :
  .model xt2f.xm73:sg13g2_hv_nmos_psp_rf pspnqs103va type=+1 level=103.60  ...
Unknown model type pspnqs103va - ignored

Warning: Model issue on line 700 :
  .model xt2f.xm73:sg13g2_hv_pmos_psp_rf pspnqs103va type=-1 level=103.60  ...
Unknown model type pspnqs103va - ignored

Warning: Model issue on line 679 :
  .model xt2f.xm74:sg13g2_hv_nmos_psp_rf pspnqs103va type=+1 level=103.60  ...
Unknown model type pspnqs103va - ignored

Warning: Model issue on line 700 :
  .model xt2f.xm74:sg13g2_hv_pmos_psp_rf pspnqs103va type=-1 level=103.60  ...
Unknown model type pspnqs103va - ignored

Warning: Model issue on line 679 :
  .model xt2f.xm75:sg13g2_hv_nmos_psp_rf pspnqs103va type=+1 level=103.60  ...
Unknown model type pspnqs103va - ignored

Warning: Model issue on line 700 :
  .model xt2f.xm75:sg13g2_hv_pmos_psp_rf pspnqs103va type=-1 level=103.60  ...
Unknown model type pspnqs103va - ignored

Warning: Model issue on line 679 :
  .model xt2f.xm76:sg13g2_hv_nmos_psp_rf pspnqs103va type=+1 level=103.60  ...
Unknown model type pspnqs103va - ignored

Warning: Model issue on line 700 :
  .model xt2f.xm76:sg13g2_hv_pmos_psp_rf pspnqs103va type=-1 level=103.60  ...
Unknown model type pspnqs103va - ignored

Warning: Model issue on line 788 :
  .model xt2f.xm77:sg13g2_hv_nmos_psp_rf pspnqs103va type=+1 level=103.60  ...
Unknown model type pspnqs103va - ignored

Warning: Model issue on line 809 :
  .model xt2f.xm77:sg13g2_hv_pmos_psp_rf pspnqs103va type=-1 level=103.60  ...
Unknown model type pspnqs103va - ignored

Warning: Model issue on line 788 :
  .model xt2f.xm78:sg13g2_hv_nmos_psp_rf pspnqs103va type=+1 level=103.60  ...
Unknown model type pspnqs103va - ignored

Warning: Model issue on line 809 :
  .model xt2f.xm78:sg13g2_hv_pmos_psp_rf pspnqs103va type=-1 level=103.60  ...
Unknown model type pspnqs103va - ignored

Warning: Model issue on line 788 :
  .model xt2f.xm79:sg13g2_hv_nmos_psp_rf pspnqs103va type=+1 level=103.60  ...
Unknown model type pspnqs103va - ignored

Warning: Model issue on line 809 :
  .model xt2f.xm79:sg13g2_hv_pmos_psp_rf pspnqs103va type=-1 level=103.60  ...
Unknown model type pspnqs103va - ignored

Warning: Model issue on line 788 :
  .model xt2f.xm80:sg13g2_hv_nmos_psp_rf pspnqs103va type=+1 level=103.60  ...
Unknown model type pspnqs103va - ignored

Warning: Model issue on line 809 :
  .model xt2f.xm80:sg13g2_hv_pmos_psp_rf pspnqs103va type=-1 level=103.60  ...
Unknown model type pspnqs103va - ignored

Warning: Model issue on line 788 :
  .model xt2f.xm81:sg13g2_hv_nmos_psp_rf pspnqs103va type=+1 level=103.60  ...
Unknown model type pspnqs103va - ignored

Warning: Model issue on line 809 :
  .model xt2f.xm81:sg13g2_hv_pmos_psp_rf pspnqs103va type=-1 level=103.60  ...
Unknown model type pspnqs103va - ignored

Warning: Model issue on line 788 :
  .model xt2f.xm82:sg13g2_hv_nmos_psp_rf pspnqs103va type=+1 level=103.60  ...
Unknown model type pspnqs103va - ignored

Warning: Model issue on line 809 :
  .model xt2f.xm82:sg13g2_hv_pmos_psp_rf pspnqs103va type=-1 level=103.60  ...
Unknown model type pspnqs103va - ignored

Warning: Model issue on line 788 :
  .model xt2f.xm83:sg13g2_hv_nmos_psp_rf pspnqs103va type=+1 level=103.60  ...
Unknown model type pspnqs103va - ignored

Warning: Model issue on line 809 :
  .model xt2f.xm83:sg13g2_hv_pmos_psp_rf pspnqs103va type=-1 level=103.60  ...
Unknown model type pspnqs103va - ignored

Warning: Model issue on line 788 :
  .model xt2f.xm84:sg13g2_hv_nmos_psp_rf pspnqs103va type=+1 level=103.60  ...
Unknown model type pspnqs103va - ignored

Warning: Model issue on line 809 :
  .model xt2f.xm84:sg13g2_hv_pmos_psp_rf pspnqs103va type=-1 level=103.60  ...
Unknown model type pspnqs103va - ignored

Warning: Model issue on line 788 :
  .model xt2f.xm85:sg13g2_hv_nmos_psp_rf pspnqs103va type=+1 level=103.60  ...
Unknown model type pspnqs103va - ignored

Warning: Model issue on line 809 :
  .model xt2f.xm85:sg13g2_hv_pmos_psp_rf pspnqs103va type=-1 level=103.60  ...
Unknown model type pspnqs103va - ignored

Warning: Model issue on line 788 :
  .model xt2f.xm86:sg13g2_hv_nmos_psp_rf pspnqs103va type=+1 level=103.60  ...
Unknown model type pspnqs103va - ignored

Warning: Model issue on line 809 :
  .model xt2f.xm86:sg13g2_hv_pmos_psp_rf pspnqs103va type=-1 level=103.60  ...
Unknown model type pspnqs103va - ignored

Warning: Model issue on line 788 :
  .model xt2f.xm87:sg13g2_hv_nmos_psp_rf pspnqs103va type=+1 level=103.60  ...
Unknown model type pspnqs103va - ignored

Warning: Model issue on line 809 :
  .model xt2f.xm87:sg13g2_hv_pmos_psp_rf pspnqs103va type=-1 level=103.60  ...
Unknown model type pspnqs103va - ignored

Warning: Model issue on line 788 :
  .model xt2f.xm88:sg13g2_hv_nmos_psp_rf pspnqs103va type=+1 level=103.60  ...
Unknown model type pspnqs103va - ignored

Warning: Model issue on line 809 :
  .model xt2f.xm88:sg13g2_hv_pmos_psp_rf pspnqs103va type=-1 level=103.60  ...
Unknown model type pspnqs103va - ignored

Warning: Model issue on line 788 :
  .model xt2f.xm89:sg13g2_hv_nmos_psp_rf pspnqs103va type=+1 level=103.60  ...
Unknown model type pspnqs103va - ignored

Warning: Model issue on line 809 :
  .model xt2f.xm89:sg13g2_hv_pmos_psp_rf pspnqs103va type=-1 level=103.60  ...
Unknown model type pspnqs103va - ignored

Warning: Model issue on line 788 :
  .model xt2f.xm90:sg13g2_hv_nmos_psp_rf pspnqs103va type=+1 level=103.60  ...
Unknown model type pspnqs103va - ignored

Warning: Model issue on line 809 :
  .model xt2f.xm90:sg13g2_hv_pmos_psp_rf pspnqs103va type=-1 level=103.60  ...
Unknown model type pspnqs103va - ignored

Warning: Model issue on line 890 :
  .model xt2f.xm91:sg13g2_lv_nmos_psp_rf pspnqs103va type=+1 level=103.60  ...
Unknown model type pspnqs103va - ignored

Warning: Model issue on line 912 :
  .model xt2f.xm91:sg13g2_lv_pmos_psp_rf pspnqs103va type=-1 level=103.60  ...
Unknown model type pspnqs103va - ignored

Warning: Model issue on line 914 :
  .model xt2f.xm91:nmoscl_psp_rf pspnqs103va type=+1 tr=27.0 dta=0.0 swgeo ...
Unknown model type pspnqs103va - ignored

Doing analysis at TEMP = 100.000000 and TNOM = 27.000000

Using SPARSE 1.3 as Direct Linear Solver
OSDI(debug) n.xt2f.xr12.nr1: WARNING: V(i1,c) voltage is greater than specified by vmax
OSDI(debug) n.xt2f.xr12.nr1: WARNING: V(i2,c) voltage is greater than specified by vmax
OSDI(debug) n.xt2f.xr11.nr1: WARNING: V(i1,c) voltage is greater than specified by vmax
OSDI(debug) n.xt2f.xr11.nr1: WARNING: V(i2,c) voltage is greater than specified by vmax
OSDI(debug) n.xt2f.xr10.nr1: WARNING: V(i1,c) voltage is greater than specified by vmax
OSDI(debug) n.xt2f.xr10.nr1: WARNING: V(i2,c) voltage is greater than specified by vmax
OSDI(debug) n.xt2f.xr9.nr1: WARNING: V(i1,c) voltage is greater than specified by vmax
OSDI(debug) n.xt2f.xr9.nr1: WARNING: V(i2,c) voltage is greater than specified by vmax
OSDI(debug) n.xt2f.xr8.nr1: WARNING: V(i1,c) voltage is greater than specified by vmax
OSDI(debug) n.xt2f.xr8.nr1: WARNING: V(i2,c) voltage is greater than specified by vmax
OSDI(debug) n.xt2f.xr7.nr1: WARNING: V(i1,c) voltage is greater than specified by vmax
OSDI(debug) n.xt2f.xr7.nr1: WARNING: V(i2,c) voltage is greater than specified by vmax
OSDI(debug) n.xt2f.xr6.nr1: WARNING: V(i1,c) voltage is greater than specified by vmax
OSDI(debug) n.xt2f.xr6.nr1: WARNING: V(i2,c) voltage is greater than specified by vmax
OSDI(debug) n.xt2f.xr5.nr1: WARNING: V(i1,c) voltage is greater than specified by vmax
OSDI(debug) n.xt2f.xr5.nr1: WARNING: V(i2,c) voltage is greater than specified by vmax
OSDI(debug) n.xt2f.xr4.nr1: WARNING: V(i1,c) voltage is greater than specified by vmax
OSDI(debug) n.xt2f.xr4.nr1: WARNING: V(i2,c) voltage is greater than specified by vmax
OSDI(debug) n.xt2f.xr3.nr1: WARNING: V(i1,c) voltage is greater than specified by vmax
OSDI(debug) n.xt2f.xr3.nr1: WARNING: V(i2,c) voltage is greater than specified by vmax
OSDI(debug) n.xbgr.xr22.nr1: WARNING: V(i1,c) voltage is greater than specified by vmax
OSDI(debug) n.xbgr.xr22.nr1: WARNING: V(i2,c) voltage is greater than specified by vmax
OSDI(debug) n.xbgr.xr21.nr1: WARNING: V(i1,c) voltage is greater than specified by vmax
OSDI(debug) n.xbgr.xr21.nr1: WARNING: V(i2,c) voltage is greater than specified by vmax
OSDI(debug) n.xbgr.xr20.nr1: WARNING: V(i1,c) voltage is greater than specified by vmax
OSDI(debug) n.xbgr.xr20.nr1: WARNING: V(i2,c) voltage is greater than specified by vmax
OSDI(debug) n.xbgr.xr19.nr1: WARNING: V(i1,c) voltage is greater than specified by vmax
OSDI(debug) n.xbgr.xr19.nr1: WARNING: V(i2,c) voltage is greater than specified by vmax
OSDI(debug) n.xbgr.xr18.nr1: WARNING: V(i1,c) voltage is greater than specified by vmax
OSDI(debug) n.xbgr.xr18.nr1: WARNING: V(i2,c) voltage is greater than specified by vmax
OSDI(debug) n.xbgr.xr17.nr1: WARNING: V(i1,c) voltage is greater than specified by vmax
OSDI(debug) n.xbgr.xr17.nr1: WARNING: V(i2,c) voltage is greater than specified by vmax
OSDI(debug) n.xt2f.xr12.nr1: WARNING: V(i1,c) voltage is greater than specified by vmax
OSDI(debug) n.xt2f.xr12.nr1: WARNING: V(i2,c) voltage is greater than specified by vmax
OSDI(debug) n.xt2f.xr11.nr1: WARNING: V(i1,c) voltage is greater than specified by vmax
OSDI(debug) n.xt2f.xr11.nr1: WARNING: V(i2,c) voltage is greater than specified by vmax
OSDI(debug) n.xt2f.xr10.nr1: WARNING: V(i1,c) voltage is greater than specified by vmax
OSDI(debug) n.xt2f.xr10.nr1: WARNING: V(i2,c) voltage is greater than specified by vmax
OSDI(debug) n.xt2f.xr9.nr1: WARNING: V(i1,c) voltage is greater than specified by vmax
OSDI(debug) n.xt2f.xr9.nr1: WARNING: V(i2,c) voltage is greater than specified by vmax
OSDI(debug) n.xt2f.xr8.nr1: WARNING: V(i1,c) voltage is greater than specified by vmax
OSDI(debug) n.xt2f.xr8.nr1: WARNING: V(i2,c) voltage is greater than specified by vmax
OSDI(debug) n.xt2f.xr7.nr1: WARNING: V(i1,c) voltage is greater than specified by vmax
OSDI(debug) n.xt2f.xr7.nr1: WARNING: V(i2,c) voltage is greater than specified by vmax
OSDI(debug) n.xt2f.xr6.nr1: WARNING: V(i1,c) voltage is greater than specified by vmax
OSDI(debug) n.xt2f.xr6.nr1: WARNING: V(i2,c) voltage is gr

The temperature limiting function received NaN.
Please check your power dissipation and improve your heat sink Rth!
    This message will be shown only once.

Note: Starting dynamic gmin stepping
Note: Dynamic gmin stepping completed
eater than specified by vmax
OSDI(debug) n.xt2f.xr5.nr1: WARNING: V(i1,c) voltage is greater than specified by vmax
OSDI(debug) n.xt2f.xr5.nr1: WARNING: V(i2,c) voltage is greater than specified by vmax
OSDI(debug) n.xt2f.xr4.nr1: WARNING: V(i1,c) voltage is greater than specified by vmax
OSDI(debug) n.xt2f.xr4.nr1: WARNING: V(i2,c) voltage is greater than specified by vmax
OSDI(debug) n.xt2f.xr3.nr1: WARNING: V(i1,c) voltage is greater than specified by vmax
OSDI(debug) n.xt2f.xr3.nr1: WARNING: V(i2,c) voltage is greater than specified by vmax
OSDI(debug) n.xbgr.xr22.nr1: WARNING: V(i1,c) voltage is greater than specified by vmax
OSDI(debug) n.xbgr.xr22.nr1: WARNING: V(i2,c) voltage is greater than specified by vmax
OSDI(debug) n.xbgr.xr21.nr1: WARNING: V(i1,c) voltage is greater than specified by vmax
OSDI(debug) n.xbgr.xr21.nr1: WARNING: V(i2,c) voltage is greater than specified by vmax
OSDI(debug) n.xbgr.xr20.nr1: WARNING: V(i1,c) voltage is greater than specified by vmax
OSDI(debug) n.xbgr.xr20.nr1: WARNING: V(i2,c) voltage is greater than specified by vmax
OSDI(debug) n.xbgr.xr19.nr1: WARNING: V(i1,c) voltage is greater than specified by vmax
OSDI(debug) n.xbgr.xr19.nr1: WARNING: V(i2,c) voltage is greater than specified by vmax
OSDI(debug) n.xbgr.xr18.nr1: WARNING: V(i1,c) voltage is greater than specified by vmax
OSDI(debug) n.xbgr.xr18.nr1: WARNING: V(i2,c) voltage is greater than specified by vmax
OSDI(debug) n.xbgr.xr17.nr1: WARNING: V(i1,c) voltage is greater than specified by vmax
OSDI(debug) n.xbgr.xr17.nr1: WARNING: V(i2,c) voltage is greater than specified by vmax
 Reference value :  0.00000e+00
No. of Data Rows : 1
@n.xbgr.xm34.nsg13_hv_nmos[delvto] = -2.08813581343866e-03
@n.xbgr.xr16.nr1[nsmm_rsh] = 2.766314233289098e-01
@q.xbgr.xq56.qnpn13g2[area] = 9.674499527382492e-01
@q.xt2f.xq42.qnpn13g2[area] = 9.807114222411576e-01
@c.xt2f.xc1.c1[scale] = 9.999123826693613e-01
Doing analysis at TEMP = 100.000000 and TNOM = 27.000000

Using SPARSE 1.3 as Direct Linear Solver
OSDI(debug) n.xt2f.xr12.nr1: WARNING: V(i1,c) voltage is greater than specified by vmax
OSDI(debug) n.xt2f.xr12.nr1: WARNING: V(i2,c) voltage is greater than specified by vmax
OSDI(debug) n.xt2f.xr11.nr1: WARNING: V(i1,c) voltage is greater than specified by vmax
OSDI(debug) n.xt2f.xr11.nr1: WARNING: V(i2,c) voltage is greater than specified by vmax
OSDI(debug) n.xt2f.xr10.nr1: WARNING: V(i1,c) voltage is greater than specified by vmax
OSDI(debug) n.xt2f.xr10.nr1: WARNING: V(i2,c) voltage is greater than specified by vmax
OSDI(debug) n.xt2f.xr9.nr1: WARNING: V(i1,c) voltage is greater than specified by vmax
OSDI(debug) n.xt2f.xr9.nr1: WARNING: V(i2,c) voltage is greater than specified by vmax
OSDI(debug) n.xt2f.xr8.nr1: WARNING: V(i1,c) voltage is greater than specified by vmax
OSDI(debug) n.xt2f.xr8.nr1: WARNING: V(i2,c) voltage is greater than specified by vmax
OSDI(debug) n.xt2f.xr7.nr1: WARNING: V(i1,c) voltage is greater than specified by vmax
OSDI(debug) n.xt2f.xr7.nr1: WARNING: V(i2,c) voltage is greater than specified by vmax
OSDI(debug) n.xt2f.xr6.nr1: WARNING: V(i1,c) voltage is greater than specified by vmax
OSDI(debug) n.xt2f.xr6.nr1: WARNING: V(i2,c) voltage is greater than specified by vmax
OSDI(debug) n.xt2f.xr5.nr1: WARNING: V(i1,c) voltage is greater than specified by vmax
OSDI(debug) n.xt2f.xr5.nr1: WARNING: V(i2,c) voltage is greater than specified by vmax
OSDI(debug) n.xt2f.xr4.nr1: WARNING: V(i1,c) voltage is greater than specified by vmax
OSDI(debug) n.xt2f.xr4.nr1: WARNING: V(i2,c) voltage is greater than specified by vmax
OSDI(debug) n.xt2f.xr3.nr1: WARNING: V(i1,c) voltage is greater than specified by vmax
OSDI(debug) n.xt2f.xr3.nr1: WARNING: V(i2,c) voltage is greater than specified by vmax
OSDI(debug) n.xbgr.xr22.nr1: WARNING: V(i1,c) voltage is greater than specified by vmax
OSDI(debug) n.xbgr.xr22.nr1: WARNING: V(i2,c) voltage is greater than specified by vmax
OSDI(debug) n.xbgr.xr21.nr1: WARNING: V(i1,c) voltage is greater than specified by vmax
OSDI(debug) n.xbgr.xr21.nr1: WARNING: V(i2,c) voltage is greater than specified by vmax
OSDI(debug) n.xbgr.xr20.nr1: WARNING: V(i1,c) voltage is greater than specified by vmax
OSDI(debug) n.xbgr.xr20.nr1: WARNING: V(i2,c) voltage is greater than specified by vmax
OSDI(debug) n.xbgr.xr19.nr1: WARNING: V(i1,c) voltage is greater than specified by vmax
OSDI(debug) n.xbgr.xr19.nr1: WARNING: V(i2,c) voltage is greater than specified by vmax
OSDI(debug) n.xbgr.xr18.nr1: WARNING: V(i1,c) voltage is greater than specified by vmax
OSDI(debug) n.xbgr.xr18.nr1: WARNING: V(i2,c) voltage is greater than specified by vmax
OSDI(debug) n.xbgr.xr17.nr1: WARNING: V(i1,c) voltage is greater than specified by vmax
OSDI(debug) n.xbgr.xr17.nr1: WARNING: V(i2,c) voltage is greater than specified by vmax
OSDI(debug) n.xt2f.xr12.nr1: WARNING: V(i1,c) voltage is greater than specified by vmax
OSDI(debug) n.xt2f.xr12.nr1: WARNING: V(i2,c) voltage is greater than specified by vmax
OSDI(debug) n.xt2f.xr11.nr1: WARNING: V(i1,c) voltage is greater than specified by vmax
OSDI(debug) n.xt2f.xr11.nr1: WARNING: V(i2,c) voltage is greater than specified by vmax
OSDI(debug) n.xt2f.xr10.nr1: WARNING: V(i1,c) voltage is greater than specified by vmax
OSDI(debug) n.xt2f.xr10.nr1: WARNING: V(i2,c) voltage is greater than specified by vmax
OSDI(debug) n.xt2f.xr9.nr1: WARNING: V(i1,c) voltage is greater than specified by vmax
OSDI(debug) n.xt2f.xr9.nr1: WARNING: V(i2,c) voltage is greater than specified by vmax
OSDI(debug) n.xt2f.xr8.nr1: WARNING: V(i1,c) voltage is greater than specified by vmax
OSDI(debug) n.xt2f.xr8.nr1: WARNING: V(i2,c) voltage is greater than specified by vmax
OSDI(debug) n.xt2f.xr7.nr1: WARNING: Note: Starting dynamic gmin stepping
Note: Dynamic gmin stepping completed
V(i1,c) voltage is greater than specified by vmax
OSDI(debug) n.xt2f.xr7.nr1: WARNING: V(i2,c) voltage is greater than specified by vmax
OSDI(debug) n.xt2f.xr6.nr1: WARNING: V(i1,c) voltage is greater than specified by vmax
OSDI(debug) n.xt2f.xr6.nr1: WARNING: V(i2,c) voltage is greater than specified by vmax
OSDI(debug) n.xt2f.xr5.nr1: WARNING: V(i1,c) voltage is greater than specified by vmax
OSDI(debug) n.xt2f.xr5.nr1: WARNING: V(i2,c) voltage is greater than specified by vmax
OSDI(debug) n.xt2f.xr4.nr1: WARNING: V(i1,c) voltage is greater than specified by vmax
OSDI(debug) n.xt2f.xr4.nr1: WARNING: V(i2,c) voltage is greater than specified by vmax
OSDI(debug) n.xt2f.xr3.nr1: WARNING: V(i1,c) voltage is greater than specified by vmax
OSDI(debug) n.xt2f.xr3.nr1: WARNING: V(i2,c) voltage is greater than specified by vmax
OSDI(debug) n.xbgr.xr22.nr1: WARNING: V(i1,c) voltage is greater than specified by vmax
OSDI(debug) n.xbgr.xr22.nr1: WARNING: V(i2,c) voltage is greater than specified by vmax
OSDI(debug) n.xbgr.xr21.nr1: WARNING: V(i1,c) voltage is greater than specified by vmax
OSDI(debug) n.xbgr.xr21.nr1: WARNING: V(i2,c) voltage is greater than specified by vmax
OSDI(debug) n.xbgr.xr20.nr1: WARNING: V(i1,c) voltage is greater than specified by vmax
OSDI(debug) n.xbgr.xr20.nr1: WARNING: V(i2,c) voltage is greater than specified by vmax
OSDI(debug) n.xbgr.xr19.nr1: WARNING: V(i1,c) voltage is greater than specified by vmax
OSDI(debug) n.xbgr.xr19.nr1: WARNING: V(i2,c) voltage is greater than specified by vmax
OSDI(debug) n.xbgr.xr18.nr1: WARNING: V(i1,c) voltage is greater than specified by vmax
OSDI(debug) n.xbgr.xr18.nr1: WARNING: V(i2,c) voltage is greater than specified by vmax
OSDI(debug) n.xbgr.xr17.nr1: WARNING: V(i1,c) voltage is greater than specified by vmax
OSDI(debug) n.xbgr.xr17.nr1: WARNING: V(i2,c) voltage is greater than specified by vmax

Initial Transient Solution
--------------------------

Node                                   Voltage
----                                   -------
sub!                                         0
vdd                                        3.3
vdd12                                      1.2
r4                                           0
en                                           0
mode                                         0
xbgr.n_23                             0.212942
xbgr.xr1.dt                                  0
xbgr.n_12                              3.02912
xbgr.det                               3.24828
xbgr.xr2.dt                                  0
xbgr.n_13                              2.59328
xbgr.n_24                              2.37642
xbgr.xr3.dt                                  0
xbgr.n_14                              2.16178
xbgr.xr4.dt                                  0
xbgr.n_26                              1.94512
xbgr.xr5.dt                                  0
xbgr.n_15                              1.72773
xbgr.xr6.dt                                  0
xbgr.n_27                              1.51084
xbgr.xr7.dt                                  0
xbgr.n_16                              1.29335
xbgr.xr8.dt                                  0
xbgr.n_21                              1.07732
xbgr.xr9.dt                                  0
xbgr.n_25                              2.80884
xbgr.xr10.dt                                 0
xbgr.xr11.dt                                 0
xbgr.n_17                             0.862571
xbgr.n_22                             0.644995
xbgr.xr12.dt                                 0
xbgr.n_18                             0.426431
xbgr.xr13.dt                                 0
xbgr.xr14.dt                                 0
xbgr.xr15.dt                                 0
dvbe                                 0.0705163
xbgr.xr16.dt                                 0
xbgr.n_7                              0.974145
vref                                   1.04611
xbgr.xr17.dt                                 0
xbgr.n_2                              0.831051
xbgr.n_36                             0.902409
xbgr.xr18.dt                                 0
xbgr.xr19.dt                                 0
xbgr.n_37                             0.759537
xbgr.xr20.dt                                 0
xbgr.n_8                               0.68784
xbgr.xr21.dt                                 0
xbgr.vbe3                             0.616119
xbgr.xr22.dt                                 0
xbgr.n_6                               1.42807
xbgr.vb2                               1.49352
xbgr.xr23.dt                                 0
xbgr.n_9                                1.2974
xbgr.vd1                               1.23232
xbgr.xr24.dt                                 0
xbgr.n_19                               1.3627
xbgr.xr25.dt                                 0
xbgr.xr26.dt                                 0
xbgr.kick                          1.01185e-07
xbgr.r4n                                   3.3
vbe                                   0.615743
xbgr.b1b                            7.9396e-09
pbias                                  2.29479
xbgr.n1                                0.63633
xbgr.c2                               0.715396
pcasc                                  1.61223
xbgr.d1                                2.61801
xbgr.d2                                2.62167
xbgr.d4                                2.61826
xbgr.d5                                2.61782
xbgr.d3                                2.61896
iptat                                        1
xbgr.xq55.s1                                 0
xbgr.xq55.t                                  0
xbgr.xq56.s1                       3.10592e-09
xbgr.xq56.t                           0.037541
xbgr.xq57.s1                                 0
xbgr.xq57.t                                  0
xbgr.xq58.s1                                 0
xbgr.xq58.t                                  0
xbgr.xq59.s1                                 0
xbgr.xq59.t                                  0
xbgr.xq60.s1                       3.07563e-09
xbgr.xq60.t                          0.0379889
xbgr.xq61.s1                                 0
xbgr.xq61.t                                  0
xbgr.vd2                              0.620468
xbgr.xq62.s1                       2.69524e-09
xbgr.xq62.t                          0.0435616
xbgr.xq63.s1                                 0
xbgr.xq63.t                                  0
xbgr.xq64.s1                                 0
xbgr.xq64.t                                  0
xbgr.xq65.s1                                 0
xbgr.xq65.t                                  0
xbgr.xq66.s1                                 0
xbgr.xq66.t                                  0
xbgr.xq67.s1                       3.83443e-09
xbgr.xq67.t                        6.02303e-08
xbgr.xq68.s1                       3.63127e-09
xbgr.xq68.t                         0.00475446
xbgr.xq69.s1                       3.70996e-09
xbgr.xq69.t                         0.00475447
xbgr.xq70.s1                        2.7756e-09
xbgr.xq70.t                         0.00475445
xbgr.xq71.s1                       3.18693e-09
xbgr.xq71.t                         0.00475446
xbgr.xq72.s1                       3.62585e-09
xbgr.xq72.t                         0.00475446
xbgr.xq73.s1                       2.93725e-09
xbgr.xq73.t                         0.00475445
xbgr.xq74.s1                       2.54373e-09
xbgr.xq74.t                         0.00475444
xbgr.xq75.s1                       3.48293e-09
xbgr.xq75.t                          0.0332093
xbgr.xq76.s1                       3.34267e-09
xbgr.xq76.t                         0.00475446
xbgr.n_4                                 2.227
xbgr.xr77.dt                                 0
xbgr.n_11                              1.68019
xbgr.n_34                              1.74851
xbgr.xr78.dt                                 0
xbgr.n_10                              1.81688
xbgr.xr79.dt                                 0
xbgr.n_3                               1.95299
xbgr.n_31                              2.02158
xbgr.xr80.dt                                 0
xbgr.n_33                              1.88486
xbgr.xr81.dt                                 0
xbgr.n_5                                2.0903
xbgr.xr82.dt                                 0
xbgr.n_30                              2.15855
xbgr.xr83.dt                                 0
xbgr.xr84.dt                                 0
xbgr.xr85.dt                                 0
xbgr.xr86.dt                                 0
xt2f.vth                               1.04608
xt2f.moden                                 3.3
xt2f.vr                                1.31749
xt2f.n2                                1.18556
xt2f.xr3.dt                                  0
xt2f.n11                              0.132901
xt2f.xr4.dt                                  0
xt2f.n4                                1.05351
xt2f.xr5.dt                                  0
xt2f.n5                               0.923121
xt2f.xr6.dt                                  0
xt2f.n6                               0.791274
xt2f.n7                               0.659034
xt2f.xr7.dt                                  0
xt2f.n8                               0.528089
xt2f.xr8.dt                                  0
xt2f.n9                               0.395624
xt2f.xr9.dt                                  0
xt2f.n10                              0.264052
xt2f.xr10.dt                                 0
xt2f.xr11.dt                                 0
xt2f.xr12.dt                                 0
xt2f.cap1                          1.94531e-08
xt2f.d1g                                   3.3
xt2f.cap2                          1.97773e-08
xt2f.d2g                                   3.3
xt2f.fon                                   1.2
xt2f.lsb                           1.79557e-07
fout                               1.45743e-06
xt2f.lsa                                   1.2
xt2f.qn                                    3.3
xt2f.q                             7.89174e-08
xt2f.rn                                    3.3
xt2f.ni973                           0.0444736
xt2f.ni974                             2.73167
xt2f.sn                                    3.3
xt2f.isrc                                  3.3
xt2f.c2                            4.13221e-08
xt2f.c1                            4.46398e-08
xt2f.tail1                            0.407747
xt2f.nbias                            0.671904
xt2f.tail2                            0.406666
xt2f.xq40.s1                                 0
xt2f.xq40.t                                  0
xt2f.xq41.s1                                 0
xt2f.xq41.t                                  0
xt2f.ca1                               1.20297
xt2f.xq42.s1                       3.16685e-09
xt2f.xq42.t                          0.0951734
xt2f.cb2                               1.43241
xt2f.xq43.s1                       3.35406e-09
xt2f.xq43.t                         1.3935e-07
xt2f.ca2                               1.20329
xt2f.xq44.s1                       3.01506e-09
xt2f.xq44.t                          0.0984579
xt2f.cb1                               1.42644
xt2f.xq45.s1                       2.34444e-09
xt2f.xq45.t                        1.38769e-07
xt2f.ob2                               3.29437
xt2f.oa2                               2.28123
xt2f.ob1                               3.29425
xt2f.oa1                               2.27158
xt2f.vcg                               2.29037
xt2f.a                             4.25519e-08
xt2f.ni961                             2.69492
xt2f.ni962                           0.0454973
xt2f.ni960                         3.93053e-08
xt2f.dr                                2.61546
xt2f.db                                2.61712
xt2f.do                                    3.3
xt2f.xc1.1                         1.94531e-08
xt2f.xc2.1                         1.97773e-08
vload#branch                       5.21935e-06
vmode#branch                                 0
ven#branch                                   0
vr4#branch                                   0
vdd12#branch                      -2.28417e-09
vdd#branch                        -7.03613e-05
vsub#branch                                  0

 Reference value :  0.00000e+00 Reference value :  7.06400e-07 Reference value :  1.00613e-06 Reference value :  1.21540e-06 Reference value :  1.21709e-06 Reference value :  1.31350e-06 Reference value :  1.46906e-06 Reference value :  1.47250e-06 Reference value :  1.72955e-06 Reference value :  1.73173e-06 Reference value :  1.74512e-06 Reference value :  1.99139e-06 Reference value :  1.99346e-06 Reference value :  2.21481e-06 Reference value :  2.25637e-06 Reference value :  2.26099e-06 Reference value :  2.51716e-06 Reference value :  2.51972e-06 Reference value :  2.76551e-06 Reference value :  2.78244e-06 Reference value :  2.78774e-06 Reference value :  3.04320e-06 Reference value :  3.04583e-06 Reference value :  3.29749e-06 Reference value :  3.30836e-06 Reference value :  3.31191e-06 Reference value :  3.56888e-06 Reference value :  3.57035e-06 Reference value :  3.69889e-06 Reference value :  3.83391e-06 Reference value :  3.83746e-06 Reference value :  4.09401e-06 Reference value :  4.09644e-06 Reference value :  4.19846e-06 Reference value :  4.36011e-06 Reference value :  4.36301e-06 Reference value :  4.61593e-06 Reference value :  4.62226e-06 Reference value :  4.66474e-06 Reference value :  4.88625e-06 Reference value :  4.88986e-06 Reference value :  5.14716e-06 Reference value :  5.15062e-06 Reference value :  5.41039e-06 Reference value :  5.41325e-06 Reference value :  5.66268e-06 Reference value :  5.67449e-06 Reference value :  5.79783e-06 Reference value :  5.93858e-06 Reference value :  5.94493e-06 Reference value :  6.19975e-06 Reference value :  6.20340e-06 Reference value :  6.46372e-06 Reference value :  6.46657e-06 Reference value :  6.72299e-06 Reference value :  6.72668e-06 Reference value :  6.94887e-06 Reference value :  6.99098e-06 Reference value :  7.02922e-06 Reference value :  7.25192e-06 Reference value :  7.25562e-06 Reference value :  7.51580e-06 Reference value :  7.51935e-06 Reference value :  7.77583e-06 Reference value :  7.77880e-06 Reference value :  8.01333e-06 Reference value :  8.04305e-06 Reference value :  8.05429e-06 Reference value :  8.30389e-06 Reference value :  8.30762e-06 Reference value :  8.56805e-06 Reference value :  8.57128e-06 Reference value :  8.82767e-06 Reference value :  8.83093e-06 Reference value :  9.01813e-06 Reference value :  9.09502e-06 Reference value :  9.10188e-06 Reference value :  9.35618e-06 Reference value :  9.35983e-06 Reference value :  9.62027e-06 Reference value :  9.62386e-06 Reference value :  9.88081e-06 Reference value :  9.88434e-06 Reference value :  1.01387e-05 Reference value :  1.01476e-05 Reference value :  1.02655e-05 Reference value :  1.04084e-05 Reference value :  1.04131e-05 Reference value :  1.06726e-05 Reference value :  1.06763e-05 Reference value :  1.09336e-05 Reference value :  1.09364e-05 Reference value :  1.11921e-05 Reference value :  1.11998e-05 Reference value :  1.13827e-05 Reference value :  1.14609e-05 Reference value :  1.14685e-05 Reference value :  1.17248e-05 Reference value :  1.17286e-05 Reference value :  1.19859e-05 Reference value :  1.19895e-05 Reference value :  1.22395e-05 Reference value :  1.22517e-05 Reference value :  1.22948e-05 Reference value :  1.25126e-05 Reference value :  1.25168e-05 Reference value :  1.27768e-05 Reference value :  1.27803e-05 Reference value :  1.30372e-05 Reference value :  1.30399e-05 Reference value :  1.32826e-05 Reference value :  1.33039e-05 Reference value :  1.34053e-05 Reference value :  1.35648e-05 Reference value :  1.35700e-05 Reference value :  1.38289e-05 Reference value :  1.38326e-05 Reference value :  1.40900e-05 Reference value :  1.40929e-05 Reference value :  1.43520e-05 Reference value :  1.43561e-05 Reference value :  1.45091e-05 Reference value :  1.46171e-05 Reference value :  1.46236e-05 Reference value :  1.48811e-05 Reference value :  1.48847e-05 Reference value :  1.51421e-05 Reference value :  1.51448e-05 Reference value :  1.54007e-05 Reference value :  1.54081e-05 Reference value :  1.54711e-05 Reference value :  1.56689e-05 Reference value :  1.56729e-05 Reference value :  1.59332e-05 Reference value :  1.59369e-05 Reference value :  1.61943e-05 Reference value :  1.61979e-05 Reference value :  1.64576e-05 Reference value :  1.64606e-05 Reference value :  1.66783e-05 Reference value :  1.67216e-05 Reference value :  1.67356e-05 Reference value :  1.69855e-05 Reference value :  1.69893e-05 Reference value :  1.72468e-05 Reference value :  1.72505e-05 Reference value :  1.75108e-05 Reference value :  1.75135e-05 Reference value :  1.77702e-05 Reference value :  1.77737e-05 Reference value :  1.78712e-05 Reference value :  1.80380e-05 Reference value :  1.80460e-05 Reference value :  1.82992e-05 Reference value :  1.83028e-05 Reference value :  1.85634e-05 Reference value :  1.85660e-05 Reference value :  1.88207e-05 Reference value :  1.88259e-05 Reference value :  1.89343e-05 Reference value :  1.90900e-05 Reference value :  1.90971e-05 Reference value :  1.93514e-05 Reference value :  1.93557e-05 Reference value :  1.96156e-05 Reference value :  1.96193e-05 Reference value :  1.98768e-05 Reference value :  1.98807e-05 Reference value :  2.01408e-05 Reference value :  2.01431e-05 Reference value :  2.03607e-05 Reference value :  2.04040e-05 Reference value :  2.04668e-05 Reference value :  2.06682e-05 Reference value :  2.06735e-05 Reference value :  2.09293e-05 Reference value :  2.09329e-05 Reference value :  2.11924e-05 Reference value :  2.11950e-05 Reference value :  2.14291e-05 Reference value :  2.14561e-05 Reference value :  2.15861e-05 Reference value :  2.17203e-05 Reference value :  2.17282e-05 Reference value :  2.19817e-05 Reference value :  2.19880e-05 Reference value :  2.22459e-05 Reference value :  2.22496e-05 Reference value :  2.25073e-05 Reference value :  2.25109e-05 Reference value :  2.27704e-05 Reference value :  2.27734e-05 Reference value :  2.30257e-05 Reference value :  2.30344e-05 Reference value :  2.32327e-05 Reference value :  2.32989e-05 Reference value :  2.33755e-05 Reference value :  2.35600e-05 Reference value :  2.35674e-05 Reference value :  2.38241e-05 Reference value :  2.38278e-05 Reference value :  2.40853e-05 Reference value :  2.40890e-05 Reference value :  2.43488e-05 Reference value :  2.43514e-05 Reference value :  2.46023e-05 Reference value :  2.46126e-05 Reference value :  2.48222e-05 Reference value :  2.48769e-05 Reference value :  2.48952e-05 Reference value :  2.51381e-05 Reference value :  2.51431e-05 Reference value :  2.54022e-05 Reference value :  2.54059e-05 Reference value :  2.56632e-05 Reference value :  2.56668e-05 Reference value :  2.59265e-05 Reference value :  2.59295e-05 Reference value :  2.60823e-05 Reference value :  2.61903e-05 Reference value :  2.61976e-05 Reference value :  2.64544e-05 Reference value :  2.64580e-05 Reference value :  2.67154e-05 Reference value :  2.67184e-05 Reference value :  2.69772e-05 Reference value :  2.69815e-05 Reference value :  2.71094e-05 Reference value :  2.72424e-05 Reference value :  2.72471e-05 Reference value :  2.75064e-05 Reference value :  2.75100e-05 Reference value :  2.77671e-05 Reference value :  2.77705e-05 Reference value :  2.80304e-05 Reference value :  2.80337e-05 Reference value :  2.82616e-05 Reference value :  2.82949e-05 Reference value :  2.84283e-05 Reference value :  2.85591e-05 Reference value :  2.85659e-05 Reference value :  2.88202e-05 Reference value :  2.88241e-05 Reference value :  2.90845e-05 Reference value :  2.90875e-05 Reference value :  2.93434e-05 Reference value :  2.93474e-05 Reference value :  2.96035e-05 Reference value :  2.96118e-05 Reference value :  2.97732e-05 Reference value :  2.98729e-05 Reference value :  2.99478e-05 Reference value :  3.01371e-05 Reference value :  3.01407e-05 Reference value :  3.03982e-05 Reference value :  3.04018e-05 Reference value :  3.06615e-05 Reference value :  3.06641e-05 Reference value :  3.09134e-05 Reference value :  3.09253e-05 Reference value :  3.11249e-05 Reference value :  3.11896e-05 Reference value :  3.12079e-05 Reference value :  3.14507e-05 Reference value :  3.14544e-05 Reference value :  3.17148e-05 Reference value :  3.17185e-05 Reference value :  3.19759e-05 Reference value :  3.19792e-05
No. of Data Rows : 21083
@n.xbgr.xm34.nsg13_hv_nmos[delvto] = -2.08813581343866e-03
@n.xbgr.xr16.nr1[nsmm_rsh] = 2.766314233289098e-01
@q.xbgr.xq56.qnpn13g2[area] = 9.674499527382492e-01
@q.xt2f.xq42.qnpn13g2[area] = 9.807114222411576e-01
@c.xt2f.xc1.c1[scale] = 9.999123826693613e-01
t_a                 =  4.88721e-06
t_b                 =  1.33041e-05
freq = 1.900941690871000e+06
i33_avg             =  -7.98421e-05 from=  4.88721e-06 to=  1.33041e-05
i12_avg             =  -3.08712e-07 from=  4.88721e-06 to=  1.33041e-05
vref_avg            =  1.04620e+00 from=  4.88721e-06 to=  1.33041e-05
vth_avg             =  1.04617e+00 from=  4.88721e-06 to=  1.33041e-05
cap1_max            =  1.11226e+00 at=  8.04272e-06
fout_hi             =  1.21207e+00 at=  1.25130e-05
fout_lo             =  -6.74206e-03 at=  1.22518e-05
t_half_a            =  2.61211e-07 targ=  5.14842e-06 trig=  4.88721e-06
ngspice-47 done
