

The temperature limiting function received NaN.
Please check your power dissipation and improve your heat sink Rth!
    This message will be shown only once.

Note: Starting dynamic gmin stepping
Note: Dynamic gmin stepping completed

Note: No compatibility mode selected!


Circuit: * g1_dut npn13g2 characterisation: corner hbt_bcs, t = 175 c  (model extrapolated: outside the -40..125 c card range)

Doing analysis at TEMP = 175.000000 and TNOM = 27.000000

Using SPARSE 1.3 as Direct Linear Solver

No. of Data Rows : 701
vbe_1u              =  4.35649e-01
vbe_8u              =  5.20213e-01
vbe_10u             =  5.29307e-01
vbe_100n            =  3.40645e-01
ib_1u               =  1.42000e-09
ib_10u              =  1.33482e-08
beta_1u             =  7.04224e+02
beta_10u            =  7.49162e+02
beta_100u           =  7.57598e+02
beta_max            =  7.62936e+02 at=  5.94000e-01
vbe_1u = 4.356490e-01
vbe_8u = 5.202132e-01
vbe_10u = 5.293071e-01
vbe_100n = 3.406451e-01
dvbe_8 = 8.456420e-02
ib_1u = 1.419996e-09
ib_10u = 1.334821e-08
beta_1u = 7.042240e+02
beta_10u = 7.491624e+02
beta_100u = 7.575976e+02
beta_max = 7.629360e+02
Note: Simulation executed from .control section 
