
Note: No compatibility mode selected!


Circuit: * ls extracted macro characterization

Doing analysis at TEMP = -40.000000 and TNOM = 27.000000

Using SPARSE 1.3 as Direct Linear Solver

Initial Transient Solution
--------------------------

Node                                   Voltage
----                                   -------
sub!                                         0
vdd                                       1.08
vdda                                      2.97
x1.n_4                                    1.08
in                                           0
x1.n_3                             1.19451e-10
x1.n_5                                    2.97
out                                1.00513e-09
vin#branch                         4.98065e-11
vdda#branch                       -1.85215e-12
vdd#branch                        -5.42629e-11
vsub#branch                                  0

 Reference value :  1.66228e-07 Reference value :  7.06204e-07
No. of Data Rows : 9069
ngspice-46 done
