
Note: No compatibility mode selected!


Circuit: * ls extracted macro characterization

Doing analysis at TEMP = 125.000000 and TNOM = 27.000000

Using SPARSE 1.3 as Direct Linear Solver

Initial Transient Solution
--------------------------

Node                                   Voltage
----                                   -------
sub!                                         0
vdd                                       1.08
vdda                                      2.97
x1.n_4                                    1.08
in                                           0
x1.n_3                             2.24626e-08
x1.n_5                                    2.97
out                                7.91244e-08
vin#branch                         1.10838e-11
vdda#branch                       -1.03293e-10
vdd#branch                        -1.87161e-10
vsub#branch                                  0

 Reference value :  2.01828e-07 Reference value :  7.67851e-07
No. of Data Rows : 9047
ngspice-46 done
