max fanout

Pin                                   Limit Fanout  Slack
---------------------------------------------------------
clkbuf_leaf_58_osc_clk/X                  8     18    -10 (VIOLATED)
clkbuf_leaf_18_osc_clk/X                  8     17     -9 (VIOLATED)
clkbuf_leaf_19_osc_clk/X                  8     17     -9 (VIOLATED)
clkbuf_leaf_20_osc_clk/X                  8     17     -9 (VIOLATED)
clkbuf_leaf_21_osc_clk/X                  8     17     -9 (VIOLATED)
clkbuf_leaf_29_osc_clk/X                  8     17     -9 (VIOLATED)
clkbuf_leaf_49_osc_clk/X                  8     17     -9 (VIOLATED)
clkbuf_leaf_50_osc_clk/X                  8     17     -9 (VIOLATED)
clkbuf_leaf_52_osc_clk/X                  8     17     -9 (VIOLATED)
clkbuf_leaf_53_osc_clk/X                  8     17     -9 (VIOLATED)
clkbuf_leaf_56_osc_clk/X                  8     17     -9 (VIOLATED)
clkbuf_leaf_59_osc_clk/X                  8     17     -9 (VIOLATED)
clkbuf_leaf_61_osc_clk/X                  8     17     -9 (VIOLATED)
clkbuf_0_osc_clk/X                        8     16     -8 (VIOLATED)
clkbuf_leaf_0_osc_clk/X                   8     16     -8 (VIOLATED)
clkbuf_leaf_16_osc_clk/X                  8     16     -8 (VIOLATED)
clkbuf_leaf_17_osc_clk/X                  8     16     -8 (VIOLATED)
clkbuf_leaf_1_osc_clk/X                   8     16     -8 (VIOLATED)
clkbuf_leaf_23_osc_clk/X                  8     16     -8 (VIOLATED)
clkbuf_leaf_24_osc_clk/X                  8     16     -8 (VIOLATED)
clkbuf_leaf_26_osc_clk/X                  8     16     -8 (VIOLATED)
clkbuf_leaf_2_osc_clk/X                   8     16     -8 (VIOLATED)
clkbuf_leaf_37_osc_clk/X                  8     16     -8 (VIOLATED)
clkbuf_leaf_38_osc_clk/X                  8     16     -8 (VIOLATED)
clkbuf_leaf_3_osc_clk/X                   8     16     -8 (VIOLATED)
clkbuf_leaf_46_osc_clk/X                  8     16     -8 (VIOLATED)
clkbuf_leaf_47_osc_clk/X                  8     16     -8 (VIOLATED)
clkbuf_leaf_4_osc_clk/X                   8     16     -8 (VIOLATED)
clkbuf_leaf_51_osc_clk/X                  8     16     -8 (VIOLATED)
clkbuf_leaf_54_osc_clk/X                  8     16     -8 (VIOLATED)
clkbuf_leaf_55_osc_clk/X                  8     16     -8 (VIOLATED)
clkbuf_leaf_57_osc_clk/X                  8     16     -8 (VIOLATED)
clkbuf_leaf_5_osc_clk/X                   8     16     -8 (VIOLATED)
clkbuf_leaf_60_osc_clk/X                  8     16     -8 (VIOLATED)
clkbuf_leaf_69_osc_clk/X                  8     16     -8 (VIOLATED)
clkbuf_leaf_6_osc_clk/X                   8     16     -8 (VIOLATED)
clkbuf_leaf_71_osc_clk/X                  8     16     -8 (VIOLATED)
clkbuf_leaf_72_osc_clk/X                  8     16     -8 (VIOLATED)
clkbuf_leaf_73_osc_clk/X                  8     16     -8 (VIOLATED)
clkbuf_leaf_75_osc_clk/X                  8     16     -8 (VIOLATED)
clkbuf_leaf_76_osc_clk/X                  8     16     -8 (VIOLATED)
clkbuf_leaf_77_osc_clk/X                  8     16     -8 (VIOLATED)
clkbuf_leaf_7_osc_clk/X                   8     16     -8 (VIOLATED)
clkbuf_leaf_8_osc_clk/X                   8     16     -8 (VIOLATED)
clkbuf_leaf_9_osc_clk/X                   8     16     -8 (VIOLATED)
clkbuf_leaf_10_osc_clk/X                  8     15     -7 (VIOLATED)
clkbuf_leaf_11_osc_clk/X                  8     15     -7 (VIOLATED)
clkbuf_leaf_12_osc_clk/X                  8     15     -7 (VIOLATED)
clkbuf_leaf_13_osc_clk/X                  8     15     -7 (VIOLATED)
clkbuf_leaf_15_osc_clk/X                  8     15     -7 (VIOLATED)
clkbuf_leaf_22_osc_clk/X                  8     15     -7 (VIOLATED)
clkbuf_leaf_35_osc_clk/X                  8     15     -7 (VIOLATED)
clkbuf_leaf_39_osc_clk/X                  8     15     -7 (VIOLATED)
clkbuf_leaf_40_osc_clk/X                  8     15     -7 (VIOLATED)
clkbuf_leaf_43_osc_clk/X                  8     15     -7 (VIOLATED)
clkbuf_leaf_44_osc_clk/X                  8     15     -7 (VIOLATED)
clkbuf_leaf_45_osc_clk/X                  8     15     -7 (VIOLATED)
clkbuf_leaf_67_osc_clk/X                  8     15     -7 (VIOLATED)
clkbuf_leaf_68_osc_clk/X                  8     15     -7 (VIOLATED)
clkbuf_leaf_74_osc_clk/X                  8     15     -7 (VIOLATED)
clkbuf_leaf_14_osc_clk/X                  8     14     -6 (VIOLATED)
clkbuf_leaf_28_osc_clk/X                  8     14     -6 (VIOLATED)
clkbuf_leaf_32_osc_clk/X                  8     14     -6 (VIOLATED)
clkbuf_leaf_33_osc_clk/X                  8     14     -6 (VIOLATED)
clkbuf_leaf_42_osc_clk/X                  8     14     -6 (VIOLATED)
clkbuf_leaf_48_osc_clk/X                  8     14     -6 (VIOLATED)
clkbuf_leaf_62_osc_clk/X                  8     14     -6 (VIOLATED)
clkbuf_leaf_63_osc_clk/X                  8     14     -6 (VIOLATED)
clkbuf_leaf_64_osc_clk/X                  8     14     -6 (VIOLATED)
clkbuf_leaf_65_osc_clk/X                  8     14     -6 (VIOLATED)
clkbuf_leaf_66_osc_clk/X                  8     14     -6 (VIOLATED)
clkbuf_leaf_70_osc_clk/X                  8     14     -6 (VIOLATED)
clkbuf_leaf_27_osc_clk/X                  8     13     -5 (VIOLATED)
clkbuf_leaf_31_osc_clk/X                  8     13     -5 (VIOLATED)
clkbuf_leaf_34_osc_clk/X                  8     13     -5 (VIOLATED)
clkbuf_leaf_36_osc_clk/X                  8     13     -5 (VIOLATED)
clkbuf_leaf_41_osc_clk/X                  8     13     -5 (VIOLATED)
clkbuf_leaf_25_osc_clk/X                  8     11     -3 (VIOLATED)

