# Logfile created on 2026-09-19 15:58:00 +0200 by logger.rb/v1.5.3
2026-09-19 15:58:00 +0200: Memory Usage (802984K) : Starting running SG13G2 Klayout LVS runset on /work/build/scratch/corelvs/g1_core.gds
2026-09-19 15:58:00 +0200: Memory Usage (802984K) : Ruby Version for klayout: 3.2.3
2026-09-19 15:58:01 +0200: Memory Usage (831976K) : Loading database to memory is complete.
2026-09-19 15:58:01 +0200: Memory Usage (831976K) : SG13G2 Klayout LVS runset output at: /work/build/scratch/corelvs/lvs/g1_core.lvsdb
2026-09-19 15:58:01 +0200: Memory Usage (831976K) : Evaluate switches.
2026-09-19 15:58:01 +0200: Memory Usage (831976K) : Extracted netlist with net names: true
2026-09-19 15:58:01 +0200: Memory Usage (831976K) : Extracted netlist with comments in details: true
2026-09-19 15:58:01 +0200: Memory Usage (831976K) : Selected NET_ONLY option: false
2026-09-19 15:58:01 +0200: Memory Usage (831976K) : Selected LAYOUT_NETLIST option: (none)
2026-09-19 15:58:01 +0200: Memory Usage (831976K) : Selected IGNORE_TOP_PORTS_MISMATCH option: 
2026-09-19 15:58:01 +0200: Memory Usage (831976K) : Selected IMPLICIT_NETS option: (none)
2026-09-19 15:58:01 +0200: Memory Usage (831976K) : Selected TOP_LVL_PINS option: true
2026-09-19 15:58:01 +0200: Memory Usage (831976K) : Selected COMBINE DEVICES option: false
2026-09-19 15:58:01 +0200: Memory Usage (831976K) : Selected PURGE option: false
2026-09-19 15:58:01 +0200: Memory Usage (831976K) : Selected PURGE_NETS option: false
2026-09-19 15:58:01 +0200: Memory Usage (831976K) : Selected SIMPLIFY option: true
2026-09-19 15:58:01 +0200: Memory Usage (831976K) : Selected SERIES_RES option: true
2026-09-19 15:58:01 +0200: Memory Usage (831976K) : Selected PARALLEL_RES option: true
2026-09-19 15:58:01 +0200: Memory Usage (831976K) : Selected DISABLE_TAP_EXTRACTION option: false
2026-09-19 15:58:01 +0200: Memory Usage (831976K) : deep  mode is enabled.
2026-09-19 15:58:01 +0200: Memory Usage (852968K) : Netlist file: /work/build/scratch/corelvs/g1_core.cdl
2026-09-19 15:58:01 +0200: Memory Usage (852968K) : LVS extracted netlist at: /work/build/scratch/corelvs/lvs/g1_core_extracted.cir
2026-09-19 15:58:01 +0200: Memory Usage (852968K) : Applying SRAM integration support.
2026-09-19 15:58:01 +0200: Memory Usage (852968K) : Starting SG13G2 LVS runset
2026-09-19 15:58:01 +0200: Memory Usage (852968K) : Read in polygons from layers.
2026-09-19 15:58:01 +0200: Memory Usage (857576K) : activ_drw has 69792 polygons
2026-09-19 15:58:01 +0200: Memory Usage (857704K) : activ_filler has 29931 polygons
2026-09-19 15:58:01 +0200: Memory Usage (857832K) : activ has 99723 polygons
2026-09-19 15:58:01 +0200: Memory Usage (857832K) : activ_pin has 0 polygons
2026-09-19 15:58:01 +0200: Memory Usage (857832K) : activ_mask has 29 polygons
2026-09-19 15:58:01 +0200: Memory Usage (857832K) : activ_nofill has 26 polygons
2026-09-19 15:58:01 +0200: Memory Usage (857832K) : activ_OPC has 0 polygons
2026-09-19 15:58:01 +0200: Memory Usage (857832K) : activ_iOPC has 0 polygons
2026-09-19 15:58:01 +0200: Memory Usage (857832K) : activ_noqrc has 0 polygons
2026-09-19 15:58:01 +0200: Memory Usage (857832K) : biwind_drw has 0 polygons
2026-09-19 15:58:01 +0200: Memory Usage (857832K) : biwind_OPC has 0 polygons
2026-09-19 15:58:01 +0200: Memory Usage (857832K) : gatpoly_drw has 77674 polygons
2026-09-19 15:58:01 +0200: Memory Usage (857832K) : gatpoly_filler has 29931 polygons
2026-09-19 15:58:02 +0200: Memory Usage (858600K) : gatpoly has 107605 polygons
2026-09-19 15:58:02 +0200: Memory Usage (858600K) : gatpoly_pin has 1427 polygons
2026-09-19 15:58:02 +0200: Memory Usage (858600K) : gatpoly_nofill has 26 polygons
2026-09-19 15:58:02 +0200: Memory Usage (858600K) : gatpoly_OPC has 0 polygons
2026-09-19 15:58:02 +0200: Memory Usage (858600K) : gatpoly_iOPC has 0 polygons
2026-09-19 15:58:02 +0200: Memory Usage (858600K) : gatpoly_noqrc has 0 polygons
2026-09-19 15:58:02 +0200: Memory Usage (858984K) : cont_drw has 531791 polygons
2026-09-19 15:58:02 +0200: Memory Usage (858984K) : cont_OPC has 0 polygons
2026-09-19 15:58:02 +0200: Memory Usage (858984K) : nsd_drw has 60 polygons
2026-09-19 15:58:02 +0200: Memory Usage (858984K) : nsd_block has 29 polygons
2026-09-19 15:58:02 +0200: Memory Usage (859368K) : metal1_drw has 136293 polygons
2026-09-19 15:58:02 +0200: Memory Usage (859368K) : metal1_filler has 43781 polygons
2026-09-19 15:58:02 +0200: Memory Usage (859368K) : metal1_slit has 0 polygons
2026-09-19 15:58:02 +0200: Memory Usage (859368K) : metal1 has 180074 polygons
2026-09-19 15:58:02 +0200: Memory Usage (859368K) : metal1_pin has 47636 polygons
2026-09-19 15:58:02 +0200: Memory Usage (859368K) : metal1_mask has 0 polygons
2026-09-19 15:58:02 +0200: Memory Usage (859368K) : metal1_nofill has 26 polygons
2026-09-19 15:58:02 +0200: Memory Usage (859752K) : metal1_text has 41916 polygons
2026-09-19 15:58:02 +0200: Memory Usage (859752K) : metal1_OPC has 0 polygons
2026-09-19 15:58:02 +0200: Memory Usage (859752K) : metal1_noqrc has 0 polygons
2026-09-19 15:58:02 +0200: Memory Usage (859752K) : metal1_res has 0 polygons
2026-09-19 15:58:02 +0200: Memory Usage (859752K) : metal1_iprobe has 0 polygons
2026-09-19 15:58:02 +0200: Memory Usage (859752K) : metal1_diffprb has 0 polygons
2026-09-19 15:58:02 +0200: Memory Usage (859752K) : passiv_drw has 0 polygons
2026-09-19 15:58:02 +0200: Memory Usage (859752K) : passiv_pin has 0 polygons
2026-09-19 15:58:02 +0200: Memory Usage (859752K) : passiv_sbump has 0 polygons
2026-09-19 15:58:02 +0200: Memory Usage (859752K) : passiv_pillar has 0 polygons
2026-09-19 15:58:02 +0200: Memory Usage (859752K) : passiv_pdl has 0 polygons
2026-09-19 15:58:02 +0200: Memory Usage (860648K) : metal2_drw has 71165 polygons
2026-09-19 15:58:02 +0200: Memory Usage (860648K) : metal2_filler has 57626 polygons
2026-09-19 15:58:02 +0200: Memory Usage (860648K) : metal2_slit has 0 polygons
2026-09-19 15:58:02 +0200: Memory Usage (862056K) : metal2 has 128791 polygons
2026-09-19 15:58:02 +0200: Memory Usage (862056K) : metal2_pin has 87 polygons
2026-09-19 15:58:02 +0200: Memory Usage (862056K) : metal2_mask has 0 polygons
2026-09-19 15:58:02 +0200: Memory Usage (862056K) : metal2_nofill has 27 polygons
2026-09-19 15:58:02 +0200: Memory Usage (862056K) : metal2_text has 84 polygons
2026-09-19 15:58:02 +0200: Memory Usage (862056K) : metal2_OPC has 0 polygons
2026-09-19 15:58:02 +0200: Memory Usage (862056K) : metal2_noqrc has 0 polygons
2026-09-19 15:58:02 +0200: Memory Usage (862056K) : metal2_res has 0 polygons
2026-09-19 15:58:02 +0200: Memory Usage (862056K) : metal2_iprobe has 0 polygons
2026-09-19 15:58:02 +0200: Memory Usage (862056K) : metal2_diffprb has 0 polygons
2026-09-19 15:58:02 +0200: Memory Usage (862056K) : baspoly_drw has 0 polygons
2026-09-19 15:58:02 +0200: Memory Usage (862056K) : baspoly_pin has 0 polygons
2026-09-19 15:58:02 +0200: Memory Usage (862056K) : psd_drw has 30052 polygons
2026-09-19 15:58:02 +0200: Memory Usage (862056K) : nldb_drw has 0 polygons
2026-09-19 15:58:02 +0200: Memory Usage (862056K) : digibnd_drw has 0 polygons
2026-09-19 15:58:02 +0200: Memory Usage (862056K) : via1_drw has 24163 polygons
2026-09-19 15:58:02 +0200: Memory Usage (862056K) : backmetal1_drw has 0 polygons
2026-09-19 15:58:02 +0200: Memory Usage (862056K) : backmetal1_pin has 0 polygons
2026-09-19 15:58:02 +0200: Memory Usage (862056K) : backmetal1_mask has 0 polygons
2026-09-19 15:58:02 +0200: Memory Usage (862056K) : backmetal1_filler has 0 polygons
2026-09-19 15:58:02 +0200: Memory Usage (862056K) : backmetal1_nofill has 0 polygons
2026-09-19 15:58:02 +0200: Memory Usage (862056K) : backmetal1_slit has 0 polygons
2026-09-19 15:58:02 +0200: Memory Usage (862056K) : backmetal1_text has 0 polygons
2026-09-19 15:58:02 +0200: Memory Usage (862056K) : backmetal1_OPC has 0 polygons
2026-09-19 15:58:02 +0200: Memory Usage (862056K) : backmetal1_noqrc has 0 polygons
2026-09-19 15:58:02 +0200: Memory Usage (862056K) : backmetal1_res has 0 polygons
2026-09-19 15:58:02 +0200: Memory Usage (862056K) : backmetal1_iprobe has 0 polygons
2026-09-19 15:58:02 +0200: Memory Usage (862056K) : backmetal1_diffprb has 0 polygons
2026-09-19 15:58:02 +0200: Memory Usage (862056K) : backpassiv_drw has 0 polygons
2026-09-19 15:58:02 +0200: Memory Usage (862056K) : res_drw has 0 polygons
2026-09-19 15:58:02 +0200: Memory Usage (862056K) : sram_drw has 0 polygons
2026-09-19 15:58:03 +0200: Memory Usage (862056K) : trans_drw has 29 polygons
2026-09-19 15:58:03 +0200: Memory Usage (862056K) : ind_drw has 0 polygons
2026-09-19 15:58:03 +0200: Memory Usage (862056K) : ind_pin has 0 polygons
2026-09-19 15:58:03 +0200: Memory Usage (862056K) : ind_text has 0 polygons
2026-09-19 15:58:03 +0200: Memory Usage (862056K) : salblock_drw has 1640 polygons
2026-09-19 15:58:03 +0200: Memory Usage (862056K) : via2_drw has 22012 polygons
2026-09-19 15:58:03 +0200: Memory Usage (862056K) : metal3_drw has 37188 polygons
2026-09-19 15:58:03 +0200: Memory Usage (862056K) : metal3_filler has 28689 polygons
2026-09-19 15:58:03 +0200: Memory Usage (862056K) : metal3_slit has 0 polygons
2026-09-19 15:58:03 +0200: Memory Usage (862952K) : metal3 has 65877 polygons
2026-09-19 15:58:03 +0200: Memory Usage (862952K) : metal3_pin has 111 polygons
2026-09-19 15:58:03 +0200: Memory Usage (862952K) : metal3_mask has 0 polygons
2026-09-19 15:58:03 +0200: Memory Usage (862952K) : metal3_nofill has 39 polygons
2026-09-19 15:58:03 +0200: Memory Usage (862952K) : metal3_text has 188 polygons
2026-09-19 15:58:03 +0200: Memory Usage (862952K) : metal3_OPC has 0 polygons
2026-09-19 15:58:03 +0200: Memory Usage (862952K) : metal3_noqrc has 0 polygons
2026-09-19 15:58:03 +0200: Memory Usage (862952K) : metal3_res has 0 polygons
2026-09-19 15:58:03 +0200: Memory Usage (862952K) : metal3_iprobe has 0 polygons
2026-09-19 15:58:03 +0200: Memory Usage (862952K) : metal3_diffprb has 0 polygons
2026-09-19 15:58:03 +0200: Memory Usage (862952K) : nwell_drw has 13019 polygons
2026-09-19 15:58:03 +0200: Memory Usage (862952K) : nwell_pin has 0 polygons
2026-09-19 15:58:03 +0200: Memory Usage (862952K) : nwell_text has 0 polygons
2026-09-19 15:58:03 +0200: Memory Usage (862952K) : nbulay_drw has 0 polygons
2026-09-19 15:58:03 +0200: Memory Usage (862952K) : nbulay_pin has 0 polygons
2026-09-19 15:58:03 +0200: Memory Usage (862952K) : nbulay_block has 0 polygons
2026-09-19 15:58:03 +0200: Memory Usage (862952K) : emwind_drw has 29 polygons
2026-09-19 15:58:03 +0200: Memory Usage (862952K) : emwind_OPC has 0 polygons
2026-09-19 15:58:03 +0200: Memory Usage (862952K) : deepco_drw has 0 polygons
2026-09-19 15:58:03 +0200: Memory Usage (862952K) : mim_drw has 19 polygons
2026-09-19 15:58:03 +0200: Memory Usage (862952K) : edgeseal_drw has 0 polygons
2026-09-19 15:58:03 +0200: Memory Usage (862952K) : substrate_drw has 242 polygons
2026-09-19 15:58:03 +0200: Memory Usage (862952K) : substrate_text has 0 polygons
2026-09-19 15:58:03 +0200: Memory Usage (862952K) : dfpad_drw has 0 polygons
2026-09-19 15:58:03 +0200: Memory Usage (862952K) : dfpad_pillar has 0 polygons
2026-09-19 15:58:03 +0200: Memory Usage (862952K) : dfpad_sbump has 0 polygons
2026-09-19 15:58:03 +0200: Memory Usage (862952K) : thickgateox_drw has 1386 polygons
2026-09-19 15:58:03 +0200: Memory Usage (862952K) : pldb_drw has 0 polygons
2026-09-19 15:58:03 +0200: Memory Usage (862952K) : pwell_drw has 0 polygons
2026-09-19 15:58:03 +0200: Memory Usage (862952K) : pwell_pin has 0 polygons
2026-09-19 15:58:03 +0200: Memory Usage (862952K) : pwell_block has 0 polygons
2026-09-19 15:58:03 +0200: Memory Usage (862952K) : ic_drw has 0 polygons
2026-09-19 15:58:03 +0200: Memory Usage (862952K) : via3_drw has 6344 polygons
2026-09-19 15:58:03 +0200: Memory Usage (862952K) : metal4_drw has 6216 polygons
2026-09-19 15:58:03 +0200: Memory Usage (862952K) : metal4_filler has 32391 polygons
2026-09-19 15:58:03 +0200: Memory Usage (862952K) : metal4_slit has 0 polygons
2026-09-19 15:58:03 +0200: Memory Usage (862952K) : metal4 has 38607 polygons
2026-09-19 15:58:03 +0200: Memory Usage (862952K) : metal4_pin has 0 polygons
2026-09-19 15:58:03 +0200: Memory Usage (862952K) : metal4_mask has 0 polygons
2026-09-19 15:58:03 +0200: Memory Usage (862952K) : metal4_nofill has 25 polygons
2026-09-19 15:58:03 +0200: Memory Usage (862952K) : metal4_text has 15 polygons
2026-09-19 15:58:03 +0200: Memory Usage (862952K) : metal4_OPC has 0 polygons
2026-09-19 15:58:03 +0200: Memory Usage (862952K) : metal4_noqrc has 0 polygons
2026-09-19 15:58:03 +0200: Memory Usage (862952K) : metal4_res has 0 polygons
2026-09-19 15:58:03 +0200: Memory Usage (862952K) : metal4_iprobe has 0 polygons
2026-09-19 15:58:03 +0200: Memory Usage (862952K) : metal4_diffprb has 0 polygons
2026-09-19 15:58:03 +0200: Memory Usage (862952K) : heattrans_drw has 2046 polygons
2026-09-19 15:58:03 +0200: Memory Usage (862952K) : heatres_drw has 1242 polygons
2026-09-19 15:58:03 +0200: Memory Usage (862952K) : fbe_drw has 0 polygons
2026-09-19 15:58:03 +0200: Memory Usage (862952K) : empoly_drw has 0 polygons
2026-09-19 15:58:03 +0200: Memory Usage (862952K) : digisub_drw has 0 polygons
2026-09-19 15:58:03 +0200: Memory Usage (862952K) : text_drw has 532 polygons
2026-09-19 15:58:04 +0200: Memory Usage (862952K) : via4_drw has 3933 polygons
2026-09-19 15:58:04 +0200: Memory Usage (862952K) : metal5_drw has 2755 polygons
2026-09-19 15:58:04 +0200: Memory Usage (862952K) : metal5_filler has 32585 polygons
2026-09-19 15:58:04 +0200: Memory Usage (862952K) : metal5_slit has 0 polygons
2026-09-19 15:58:04 +0200: Memory Usage (862952K) : metal5 has 35340 polygons
2026-09-19 15:58:04 +0200: Memory Usage (862952K) : metal5_pin has 0 polygons
2026-09-19 15:58:04 +0200: Memory Usage (862952K) : metal5_mask has 0 polygons
2026-09-19 15:58:04 +0200: Memory Usage (862952K) : metal5_nofill has 25 polygons
2026-09-19 15:58:04 +0200: Memory Usage (862952K) : metal5_text has 0 polygons
2026-09-19 15:58:04 +0200: Memory Usage (862952K) : metal5_OPC has 0 polygons
2026-09-19 15:58:04 +0200: Memory Usage (862952K) : metal5_noqrc has 0 polygons
2026-09-19 15:58:04 +0200: Memory Usage (862952K) : metal5_res has 0 polygons
2026-09-19 15:58:04 +0200: Memory Usage (862952K) : metal5_iprobe has 0 polygons
2026-09-19 15:58:04 +0200: Memory Usage (862952K) : metal5_diffprb has 0 polygons
2026-09-19 15:58:04 +0200: Memory Usage (862952K) : radhard_drw has 0 polygons
2026-09-19 15:58:04 +0200: Memory Usage (862952K) : memcap_drw has 0 polygons
2026-09-19 15:58:04 +0200: Memory Usage (862952K) : varicap_drw has 0 polygons
2026-09-19 15:58:04 +0200: Memory Usage (862952K) : intbondvia_drw has 0 polygons
2026-09-19 15:58:04 +0200: Memory Usage (862952K) : intbondmet_drw has 0 polygons
2026-09-19 15:58:04 +0200: Memory Usage (862952K) : devbondvia_drw has 0 polygons
2026-09-19 15:58:04 +0200: Memory Usage (862952K) : devbondmet_drw has 0 polygons
2026-09-19 15:58:04 +0200: Memory Usage (862952K) : devtrench_drw has 0 polygons
2026-09-19 15:58:04 +0200: Memory Usage (862952K) : redist_drw has 0 polygons
2026-09-19 15:58:04 +0200: Memory Usage (862952K) : graphbot_drw has 0 polygons
2026-09-19 15:58:04 +0200: Memory Usage (862952K) : graphtop_drw has 0 polygons
2026-09-19 15:58:04 +0200: Memory Usage (862952K) : antvia1_drw has 0 polygons
2026-09-19 15:58:04 +0200: Memory Usage (862952K) : antmetal2_drw has 0 polygons
2026-09-19 15:58:04 +0200: Memory Usage (862952K) : graphcont_drw has 0 polygons
2026-09-19 15:58:04 +0200: Memory Usage (862952K) : siwg_drw has 0 polygons
2026-09-19 15:58:04 +0200: Memory Usage (862952K) : siwg_filler has 0 polygons
2026-09-19 15:58:04 +0200: Memory Usage (862952K) : siwg_nofill has 0 polygons
2026-09-19 15:58:04 +0200: Memory Usage (862952K) : sigrating_drw has 0 polygons
2026-09-19 15:58:04 +0200: Memory Usage (862952K) : singrating_drw has 0 polygons
2026-09-19 15:58:04 +0200: Memory Usage (862952K) : graphpas_drw has 0 polygons
2026-09-19 15:58:04 +0200: Memory Usage (862952K) : emwind3_drw has 0 polygons
2026-09-19 15:58:04 +0200: Memory Usage (862952K) : emwihv3_drw has 0 polygons
2026-09-19 15:58:04 +0200: Memory Usage (862952K) : redbulay_drw has 0 polygons
2026-09-19 15:58:04 +0200: Memory Usage (862952K) : smos_drw has 0 polygons
2026-09-19 15:58:04 +0200: Memory Usage (862952K) : graphpad_drw has 0 polygons
2026-09-19 15:58:04 +0200: Memory Usage (862952K) : polimide_drw has 0 polygons
2026-09-19 15:58:04 +0200: Memory Usage (862952K) : polimide_pin has 0 polygons
2026-09-19 15:58:04 +0200: Memory Usage (862952K) : recog_drw has 0 polygons
2026-09-19 15:58:04 +0200: Memory Usage (863464K) : recog_pin has 0 polygons
2026-09-19 15:58:04 +0200: Memory Usage (863464K) : recog_esd has 0 polygons
2026-09-19 15:58:04 +0200: Memory Usage (863464K) : recog_diode has 15 polygons
2026-09-19 15:58:04 +0200: Memory Usage (863464K) : recog_tsv has 0 polygons
2026-09-19 15:58:04 +0200: Memory Usage (863464K) : recog_iprobe has 0 polygons
2026-09-19 15:58:04 +0200: Memory Usage (863464K) : recog_diffprb has 0 polygons
2026-09-19 15:58:04 +0200: Memory Usage (863464K) : recog_pillar has 0 polygons
2026-09-19 15:58:04 +0200: Memory Usage (863464K) : recog_sbump has 0 polygons
2026-09-19 15:58:04 +0200: Memory Usage (863464K) : recog_otp has 0 polygons
2026-09-19 15:58:04 +0200: Memory Usage (863464K) : recog_pdiode has 0 polygons
2026-09-19 15:58:04 +0200: Memory Usage (863464K) : recog_mom has 0 polygons
2026-09-19 15:58:04 +0200: Memory Usage (863464K) : recog_pcm has 0 polygons
2026-09-19 15:58:04 +0200: Memory Usage (863464K) : colopen_drw has 0 polygons
2026-09-19 15:58:04 +0200: Memory Usage (863464K) : graphmetal1_drw has 0 polygons
2026-09-19 15:58:04 +0200: Memory Usage (863464K) : graphmetal1_filler has 0 polygons
2026-09-19 15:58:04 +0200: Memory Usage (863464K) : graphmetal1_nofill has 0 polygons
2026-09-19 15:58:04 +0200: Memory Usage (863464K) : graphmetal1_slit has 0 polygons
2026-09-19 15:58:04 +0200: Memory Usage (863464K) : graphmetal1_OPC has 0 polygons
2026-09-19 15:58:04 +0200: Memory Usage (863464K) : graphmet1l_drw has 0 polygons
2026-09-19 15:58:04 +0200: Memory Usage (863464K) : graphmet1l_filler has 0 polygons
2026-09-19 15:58:04 +0200: Memory Usage (863464K) : graphmet1l_nofill has 0 polygons
2026-09-19 15:58:04 +0200: Memory Usage (863464K) : graphmet1l_slit has 0 polygons
2026-09-19 15:58:04 +0200: Memory Usage (863464K) : graphmet1l_OPC has 0 polygons
2026-09-19 15:58:04 +0200: Memory Usage (863464K) : extblock_drw has 4916 polygons
2026-09-19 15:58:04 +0200: Memory Usage (863464K) : nldd_drw has 0 polygons
2026-09-19 15:58:04 +0200: Memory Usage (863464K) : pldd_drw has 0 polygons
2026-09-19 15:58:04 +0200: Memory Usage (863464K) : next_drw has 0 polygons
2026-09-19 15:58:04 +0200: Memory Usage (863464K) : pext_drw has 0 polygons
2026-09-19 15:58:04 +0200: Memory Usage (863464K) : nexthv_drw has 0 polygons
2026-09-19 15:58:04 +0200: Memory Usage (863464K) : pexthv_drw has 0 polygons
2026-09-19 15:58:04 +0200: Memory Usage (863464K) : graphgate_drw has 0 polygons
2026-09-19 15:58:04 +0200: Memory Usage (863464K) : sinwg_drw has 0 polygons
2026-09-19 15:58:04 +0200: Memory Usage (863464K) : sinwg_filler has 0 polygons
2026-09-19 15:58:04 +0200: Memory Usage (863464K) : sinwg_nofill has 0 polygons
2026-09-19 15:58:04 +0200: Memory Usage (863464K) : mempad_drw has 0 polygons
2026-09-19 15:58:04 +0200: Memory Usage (863464K) : topvia1_drw has 1469 polygons
2026-09-19 15:58:04 +0200: Memory Usage (863464K) : topmetal1_drw has 1360 polygons
2026-09-19 15:58:04 +0200: Memory Usage (863464K) : topmetal1_filler has 4494 polygons
2026-09-19 15:58:04 +0200: Memory Usage (863464K) : topmetal1_slit has 0 polygons
2026-09-19 15:58:04 +0200: Memory Usage (863464K) : topmetal1 has 5854 polygons
2026-09-19 15:58:04 +0200: Memory Usage (863464K) : topmetal1_pin has 10 polygons
2026-09-19 15:58:04 +0200: Memory Usage (863464K) : topmetal1_mask has 0 polygons
2026-09-19 15:58:04 +0200: Memory Usage (863464K) : topmetal1_nofill has 34 polygons
2026-09-19 15:58:04 +0200: Memory Usage (863464K) : topmetal1_text has 5 polygons
2026-09-19 15:58:04 +0200: Memory Usage (863464K) : topmetal1_noqrc has 0 polygons
2026-09-19 15:58:04 +0200: Memory Usage (863464K) : topmetal1_res has 0 polygons
2026-09-19 15:58:04 +0200: Memory Usage (863464K) : topmetal1_iprobe has 0 polygons
2026-09-19 15:58:04 +0200: Memory Usage (863464K) : topmetal1_diffprb has 0 polygons
2026-09-19 15:58:04 +0200: Memory Usage (863464K) : inldpwl_drw has 0 polygons
2026-09-19 15:58:04 +0200: Memory Usage (863464K) : polyres_drw has 1242 polygons
2026-09-19 15:58:04 +0200: Memory Usage (863464K) : polyres_pin has 0 polygons
2026-09-19 15:58:04 +0200: Memory Usage (863464K) : vmim_drw has 6010 polygons
2026-09-19 15:58:04 +0200: Memory Usage (863464K) : nbulaycut_drw has 0 polygons
2026-09-19 15:58:04 +0200: Memory Usage (863464K) : antmetal1_drw has 0 polygons
2026-09-19 15:58:05 +0200: Memory Usage (863464K) : topvia2_drw has 2850 polygons
2026-09-19 15:58:05 +0200: Memory Usage (863464K) : topmetal2_drw has 572 polygons
2026-09-19 15:58:05 +0200: Memory Usage (863464K) : topmetal2_filler has 4197 polygons
2026-09-19 15:58:05 +0200: Memory Usage (863464K) : topmetal2_slit has 0 polygons
2026-09-19 15:58:05 +0200: Memory Usage (863464K) : topmetal2 has 4769 polygons
2026-09-19 15:58:05 +0200: Memory Usage (863464K) : topmetal2_pin has 10 polygons
2026-09-19 15:58:05 +0200: Memory Usage (863464K) : topmetal2_mask has 0 polygons
2026-09-19 15:58:05 +0200: Memory Usage (863464K) : topmetal2_nofill has 34 polygons
2026-09-19 15:58:05 +0200: Memory Usage (863464K) : topmetal2_text has 2 polygons
2026-09-19 15:58:05 +0200: Memory Usage (863464K) : topmetal2_noqrc has 0 polygons
2026-09-19 15:58:05 +0200: Memory Usage (863464K) : topmetal2_res has 0 polygons
2026-09-19 15:58:05 +0200: Memory Usage (863464K) : topmetal2_iprobe has 0 polygons
2026-09-19 15:58:05 +0200: Memory Usage (863464K) : topmetal2_diffprb has 0 polygons
2026-09-19 15:58:05 +0200: Memory Usage (863464K) : snsring_drw has 0 polygons
2026-09-19 15:58:05 +0200: Memory Usage (863464K) : sensor_drw has 0 polygons
2026-09-19 15:58:05 +0200: Memory Usage (863464K) : snsarms_drw has 0 polygons
2026-09-19 15:58:05 +0200: Memory Usage (863464K) : snscmosvia_drw has 0 polygons
2026-09-19 15:58:05 +0200: Memory Usage (863464K) : colwind_drw has 0 polygons
2026-09-19 15:58:05 +0200: Memory Usage (863464K) : flm_drw has 0 polygons
2026-09-19 15:58:05 +0200: Memory Usage (863464K) : hafniumox_drw has 0 polygons
2026-09-19 15:58:05 +0200: Memory Usage (863464K) : memvia_drw has 0 polygons
2026-09-19 15:58:05 +0200: Memory Usage (863464K) : thinfilmres_drw has 0 polygons
2026-09-19 15:58:05 +0200: Memory Usage (863464K) : rfmem_drw has 0 polygons
2026-09-19 15:58:05 +0200: Memory Usage (863464K) : norcx_drw has 0 polygons
2026-09-19 15:58:05 +0200: Memory Usage (863464K) : norcx_m2m3 has 0 polygons
2026-09-19 15:58:05 +0200: Memory Usage (863464K) : norcx_m2m4 has 0 polygons
2026-09-19 15:58:05 +0200: Memory Usage (863464K) : norcx_m2m5 has 0 polygons
2026-09-19 15:58:05 +0200: Memory Usage (863464K) : norcx_m2tm1 has 0 polygons
2026-09-19 15:58:05 +0200: Memory Usage (863464K) : norcx_m2tm2 has 0 polygons
2026-09-19 15:58:05 +0200: Memory Usage (863464K) : norcx_m3m4 has 0 polygons
2026-09-19 15:58:05 +0200: Memory Usage (863464K) : norcx_m3m5 has 0 polygons
2026-09-19 15:58:05 +0200: Memory Usage (863464K) : norcx_m3tm1 has 0 polygons
2026-09-19 15:58:05 +0200: Memory Usage (863464K) : norcx_m3tm2 has 0 polygons
2026-09-19 15:58:05 +0200: Memory Usage (863464K) : norcx_m4m5 has 0 polygons
2026-09-19 15:58:05 +0200: Memory Usage (863464K) : norcx_m4tm1 has 0 polygons
2026-09-19 15:58:05 +0200: Memory Usage (863464K) : norcx_m4tm2 has 0 polygons
2026-09-19 15:58:05 +0200: Memory Usage (863464K) : norcx_m5tm1 has 0 polygons
2026-09-19 15:58:05 +0200: Memory Usage (863464K) : norcx_m5tm2 has 0 polygons
2026-09-19 15:58:05 +0200: Memory Usage (863464K) : norcx_tm1tm2 has 0 polygons
2026-09-19 15:58:05 +0200: Memory Usage (863464K) : norcx_m1sub has 0 polygons
2026-09-19 15:58:05 +0200: Memory Usage (863464K) : norcx_m2sub has 0 polygons
2026-09-19 15:58:05 +0200: Memory Usage (863720K) : norcx_m3sub has 0 polygons
2026-09-19 15:58:05 +0200: Memory Usage (863720K) : norcx_m4sub has 0 polygons
2026-09-19 15:58:05 +0200: Memory Usage (863720K) : norcx_m5sub has 0 polygons
2026-09-19 15:58:05 +0200: Memory Usage (863720K) : norcx_tm1sub has 0 polygons
2026-09-19 15:58:05 +0200: Memory Usage (863720K) : norcx_tm2sub has 0 polygons
2026-09-19 15:58:05 +0200: Memory Usage (863720K) : snsbotvia_drw has 0 polygons
2026-09-19 15:58:05 +0200: Memory Usage (863720K) : snstopvia_drw has 0 polygons
2026-09-19 15:58:05 +0200: Memory Usage (863720K) : deepvia_drw has 0 polygons
2026-09-19 15:58:05 +0200: Memory Usage (863720K) : fgetch_drw has 0 polygons
2026-09-19 15:58:05 +0200: Memory Usage (863720K) : ctrgat_drw has 0 polygons
2026-09-19 15:58:05 +0200: Memory Usage (863720K) : fgimp_drw has 0 polygons
2026-09-19 15:58:05 +0200: Memory Usage (863720K) : emwihv_drw has 0 polygons
2026-09-19 15:58:05 +0200: Memory Usage (863720K) : lbe_drw has 0 polygons
2026-09-19 15:58:05 +0200: Memory Usage (863720K) : alcustop_drw has 0 polygons
2026-09-19 15:58:05 +0200: Memory Usage (863720K) : nometfiller_drw has 22 polygons
2026-09-19 15:58:05 +0200: Memory Usage (863720K) : prboundary_drw has 0 polygons
2026-09-19 15:58:05 +0200: Memory Usage (863720K) : exchange0_drw has 0 polygons
2026-09-19 15:58:05 +0200: Memory Usage (863720K) : exchange0_pin has 0 polygons
2026-09-19 15:58:05 +0200: Memory Usage (863720K) : exchange0_text has 0 polygons
2026-09-19 15:58:05 +0200: Memory Usage (863720K) : exchange1_drw has 0 polygons
2026-09-19 15:58:05 +0200: Memory Usage (863720K) : exchange1_pin has 0 polygons
2026-09-19 15:58:05 +0200: Memory Usage (863720K) : exchange1_text has 0 polygons
2026-09-19 15:58:05 +0200: Memory Usage (863720K) : exchange2_drw has 0 polygons
2026-09-19 15:58:05 +0200: Memory Usage (863720K) : exchange2_pin has 0 polygons
2026-09-19 15:58:05 +0200: Memory Usage (863720K) : exchange2_text has 0 polygons
2026-09-19 15:58:05 +0200: Memory Usage (863720K) : exchange3_drw has 0 polygons
2026-09-19 15:58:05 +0200: Memory Usage (863720K) : exchange3_pin has 0 polygons
2026-09-19 15:58:05 +0200: Memory Usage (863720K) : exchange3_text has 0 polygons
2026-09-19 15:58:05 +0200: Memory Usage (863720K) : exchange4_drw has 0 polygons
2026-09-19 15:58:05 +0200: Memory Usage (863720K) : exchange4_pin has 0 polygons
2026-09-19 15:58:05 +0200: Memory Usage (863720K) : exchange4_text has 0 polygons
2026-09-19 15:58:05 +0200: Memory Usage (863720K) : isonwell_drw has 0 polygons
2026-09-19 15:58:05 +0200: Memory Usage (863720K) : Total no. of polygons in the design is 1413514
2026-09-19 15:58:05 +0200: Memory Usage (863720K) : Starting base layers derivations
2026-09-19 15:58:05 +0200: Memory Usage (863720K) : Starting general LVS derivations
2026-09-19 15:58:23 +0200: Memory Usage (1180160K) : Starting MOSFET DERIVATIONS
2026-09-19 15:58:28 +0200: Memory Usage (1268096K) : Starting NMOS DERIVATIONS
2026-09-19 15:58:28 +0200: Memory Usage (1268096K) : Starting PMOS DERIVATIONS
2026-09-19 15:58:30 +0200: Memory Usage (1297476K) : Starting RF-MOSFET DERIVATIONS
2026-09-19 15:58:30 +0200: Memory Usage (1297476K) : Starting RF-NMOS DERIVATIONS
2026-09-19 15:58:30 +0200: Memory Usage (1297476K) : Starting RF-PMOS DERIVATIONS
2026-09-19 15:58:30 +0200: Memory Usage (1297476K) : Starting BJT DERIVATIONS
2026-09-19 15:58:30 +0200: Memory Usage (1297476K) : Starting NPN-BJT DERIVATIONS
2026-09-19 15:58:33 +0200: Memory Usage (1298080K) : Starting PNP-BJT DERIVATIONS
2026-09-19 15:58:34 +0200: Memory Usage (1298080K) : Starting DIODE DERIVATIONS
2026-09-19 15:58:42 +0200: Memory Usage (1298576K) : Starting RESISTOR DERIVATIONS
2026-09-19 15:58:44 +0200: Memory Usage (1297424K) : Starting CAP DERIVATIONS
2026-09-19 15:58:45 +0200: Memory Usage (1385616K) : Starting ESD DERIVATIONS
2026-09-19 15:59:31 +0200: Memory Usage (1517284K) : Starting Inductor DERIVATIONS
2026-09-19 15:59:32 +0200: Memory Usage (1517284K) : Starting Taps DERIVATIONS
2026-09-19 15:59:33 +0200: Memory Usage (1517284K) : Starting SG13G2 LVS connectivity setup
2026-09-19 15:59:33 +0200: Memory Usage (1517284K) : Starting SG13G2 LVS connectivity setup (Inter-layer)
2026-09-19 15:59:33 +0200: Memory Usage (1517540K) : Starting SG13G2 LVS connectivity setup (Global)
2026-09-19 15:59:33 +0200: Memory Usage (1517540K) : Starting LVS MOSFET CONNECTIONS
2026-09-19 15:59:33 +0200: Memory Usage (1517540K) : Starting LVS RF-MOSFET CONNECTIONS
2026-09-19 15:59:33 +0200: Memory Usage (1517540K) : Starting LVS BJT CONNECTIONS
2026-09-19 15:59:33 +0200: Memory Usage (1517540K) : Starting LVS DIODE CONNECTIONS
2026-09-19 15:59:33 +0200: Memory Usage (1517540K) : Starting RESISTOR CONNECTIONS
2026-09-19 15:59:33 +0200: Memory Usage (1517540K) : Starting LVS CAP CONNECTIONS
2026-09-19 15:59:33 +0200: Memory Usage (1517540K) : Starting ESD CONNECTIONS
2026-09-19 15:59:33 +0200: Memory Usage (1517540K) : Starting Inductor CONNECTIONS
2026-09-19 15:59:33 +0200: Memory Usage (1517540K) : Starting LVS Taps CONNECTIONS
2026-09-19 15:59:33 +0200: Memory Usage (1517540K) : Starting SG13G2 LVS DEVICES EXTRACTION
2026-09-19 15:59:33 +0200: Memory Usage (1517540K) : Starting MOSFET EXTRACTION
2026-09-19 15:59:33 +0200: Memory Usage (1517540K) : Starting NMOS EXTRACTION
2026-09-19 15:59:33 +0200: Memory Usage (1517540K) : Extraction of NMOS-LV transistor
2026-09-19 15:59:34 +0200: Memory Usage (1519204K) : Extraction of NMOS-HV transistor
2026-09-19 15:59:34 +0200: Memory Usage (1519460K) : Starting PMOS EXTRACTION
2026-09-19 15:59:34 +0200: Memory Usage (1519460K) : Extraction of PMOS-LV transistor
2026-09-19 15:59:34 +0200: Memory Usage (1519460K) : Extraction of PMOS-HV transistor
2026-09-19 15:59:35 +0200: Memory Usage (1519460K) : Starting RF-MOSFET EXTRACTION
2026-09-19 15:59:35 +0200: Memory Usage (1519460K) : Extraction of RF-NMOS-LV transistor
2026-09-19 15:59:35 +0200: Memory Usage (1519460K) : Extraction of RF-NMOS-HV transistor
2026-09-19 15:59:35 +0200: Memory Usage (1519460K) : Extraction of RF-PMOS-LV transistor
2026-09-19 15:59:35 +0200: Memory Usage (1519460K) : Extraction of RF-PMOS-HV transistor
2026-09-19 15:59:35 +0200: Memory Usage (1519460K) : Starting BJT EXTRACTION
2026-09-19 15:59:35 +0200: Memory Usage (1519460K) : Starting NPN-BJT EXTRACTION
2026-09-19 15:59:35 +0200: Memory Usage (1519460K) : Extraction of npn13G2 BJT transistor
2026-09-19 15:59:35 +0200: Memory Usage (1519588K) : Extraction of npn13G2L BJT transistor
2026-09-19 15:59:35 +0200: Memory Usage (1519588K) : Extraction of npn13G2V BJT transistor
2026-09-19 15:59:35 +0200: Memory Usage (1519588K) : Starting PNP-BJT EXTRACTION
2026-09-19 15:59:35 +0200: Memory Usage (1519588K) : Extracting pnpMPA BJT
2026-09-19 15:59:35 +0200: Memory Usage (1519588K) : Starting DIODE EXTRACTION
2026-09-19 15:59:35 +0200: Memory Usage (1519588K) : Extracting dantenna diode
2026-09-19 15:59:35 +0200: Memory Usage (1519716K) : Extracting dpantenna diode
2026-09-19 15:59:35 +0200: Memory Usage (1519716K) : Extracting schottky_nbl1 diode
2026-09-19 15:59:35 +0200: Memory Usage (1519716K) : Extracting isolbox diode
2026-09-19 15:59:36 +0200: Memory Usage (1519716K) : Starting RESISTOR EXTRACTION
2026-09-19 15:59:36 +0200: Memory Usage (1519716K) : Extracting rsil resistor
2026-09-19 15:59:36 +0200: Memory Usage (1519716K) : Extracting rppd resistor
2026-09-19 15:59:36 +0200: Memory Usage (1520100K) : Extracting rhigh resistor
2026-09-19 15:59:36 +0200: Memory Usage (1520100K) : Extracting res_metal1 resistor
2026-09-19 15:59:36 +0200: Memory Usage (1520228K) : Extracting res_metal2 resistor
2026-09-19 15:59:38 +0200: Memory Usage (1520228K) : Extracting res_metal3 resistor
2026-09-19 15:59:39 +0200: Memory Usage (1520228K) : Extracting res_metal4 resistor
2026-09-19 15:59:39 +0200: Memory Usage (1520228K) : Extracting res_metal5 resistor
2026-09-19 15:59:39 +0200: Memory Usage (1520228K) : Extracting res_topmetal1 resistor
2026-09-19 15:59:39 +0200: Memory Usage (1520228K) : Extracting res_topmetal2 resistor
2026-09-19 15:59:39 +0200: Memory Usage (1520228K) : Starting CAP EXTRACTION
2026-09-19 15:59:39 +0200: Memory Usage (1520228K) : Extracting cap_cmim device
2026-09-19 15:59:39 +0200: Memory Usage (1520228K) : Extracting rfcmim device
2026-09-19 15:59:39 +0200: Memory Usage (1520228K) : Extracting sg13_hv_svaricap varactor
2026-09-19 15:59:39 +0200: Memory Usage (1520228K) : Starting ESD EXTRACTION
2026-09-19 15:59:39 +0200: Memory Usage (1520228K) : Extracting diodevdd_2kv ESD device
2026-09-19 15:59:39 +0200: Memory Usage (1520228K) : Extracting diodevdd_4kv ESD device
2026-09-19 15:59:39 +0200: Memory Usage (1520228K) : Extracting diodevss_2kv ESD device
2026-09-19 15:59:39 +0200: Memory Usage (1520228K) : Extracting diodevss_4kv ESD device
2026-09-19 15:59:39 +0200: Memory Usage (1520228K) : Extracting idiodevdd_2kv ESD device
2026-09-19 15:59:39 +0200: Memory Usage (1520228K) : Extracting idiodevdd_4kv ESD device
2026-09-19 15:59:39 +0200: Memory Usage (1520228K) : Extracting idiodevss_2kv ESD device
2026-09-19 15:59:39 +0200: Memory Usage (1520228K) : Extracting idiodevss_4kv ESD device
2026-09-19 15:59:39 +0200: Memory Usage (1520228K) : Extracting nmoscl_2 ESD device
2026-09-19 15:59:39 +0200: Memory Usage (1520228K) : Extracting nmoscl_4 ESD device
2026-09-19 15:59:39 +0200: Memory Usage (1520228K) : Starting Inductor EXTRACTION
2026-09-19 15:59:39 +0200: Memory Usage (1520228K) : Extracting Inductor2 device
2026-09-19 15:59:39 +0200: Memory Usage (1520228K) : Extracting Inductor3 device
2026-09-19 15:59:39 +0200: Memory Usage (1520228K) : Starting Taps EXTRACTION
2026-09-19 15:59:39 +0200: Memory Usage (1520228K) : Extracting ntap1 device
2026-09-19 15:59:39 +0200: Memory Usage (1520228K) : Extracting ptap1 device
2026-09-19 15:59:39 +0200: Memory Usage (1520228K) : Starting SG13G2 LVS RF MOS Model Mapping
2026-09-19 16:02:38 +0200: Memory Usage (1778428K) : [layout_netlist] Apply RF MOS model mapping and rfmode parameter.
2026-09-19 16:12:08 +0200: Memory Usage (1778684K) : Starting SG13G2 LVS Options Preparations
2026-09-19 16:12:08 +0200: Memory Usage (1778684K) : SG13G2 LVS flow: extraction -> alignment -> option preparation -> comparison.
2026-09-19 16:12:08 +0200: Memory Usage (1778684K) : Starting SG13G2 LVS Alignment
2026-09-19 16:12:08 +0200: Memory Usage (1778940K) : Starting SG13G2 LVS Simplification
2026-09-19 16:12:08 +0200: Memory Usage (1778940K) : [layout_netlist] simplify: ENABLED
2026-09-19 16:12:08 +0200: Memory Usage (1779068K) : [layout_netlist] make_top_level_pins: ENABLED
2026-09-19 16:12:08 +0200: Memory Usage (1779068K) : [layout_netlist] combine_devices: SKIPPED
2026-09-19 16:12:08 +0200: Memory Usage (1779068K) : [layout_netlist] purge: SKIPPED
2026-09-19 16:12:08 +0200: Memory Usage (1779068K) : [layout_netlist] purge_nets: SKIPPED
2026-09-19 16:12:08 +0200: Memory Usage (1779068K) : [schematic_netlist] simplify: ENABLED
2026-09-19 16:12:08 +0200: Memory Usage (1779068K) : [schematic_netlist] make_top_level_pins: ENABLED
2026-09-19 16:12:08 +0200: Memory Usage (1779068K) : [schematic_netlist] combine_devices: SKIPPED
2026-09-19 16:12:08 +0200: Memory Usage (1779068K) : [schematic_netlist] purge: SKIPPED
2026-09-19 16:12:08 +0200: Memory Usage (1779068K) : [schematic_netlist] purge_nets: SKIPPED
2026-09-19 16:12:08 +0200: Memory Usage (1779068K) : Starting SG13G2 LVS Comparison in strict port mode.
2026-09-19 16:12:08 +0200: Memory Usage (1779068K) : flag_missing_ports enabled: missing/mislabeled top-level ports are treated as errors.
2026-09-19 16:12:09 +0200: Memory Usage (1780348K) : xxxxxxxxxxxxxxxxxxxxxxxxxxxxxxxxxxxxxxxxxx
2026-09-19 16:12:09 +0200: Memory Usage (1780348K) : ERROR : Netlists don't match
2026-09-19 16:12:09 +0200: Memory Usage (1780348K) : xxxxxxxxxxxxxxxxxxxxxxxxxxxxxxxxxxxxxxxxxx
2026-09-19 16:12:09 +0200: Memory Usage (1780348K) : LVS Total Run time 848.328145 seconds
