# Logfile created on 2026-09-23 08:13:24 +0200 by logger.rb/v1.5.3
2026-09-23 08:13:24 +0200: Memory Usage (408312K) : Starting running SG13G2 Klayout LVS runset on <results>/full-io-marker-20260923-r2/io_marker_native.gds
2026-09-23 08:13:24 +0200: Memory Usage (408312K) : Ruby Version for klayout: 3.2.3
2026-09-23 08:13:24 +0200: Memory Usage (439236K) : Loading database to memory is complete.
2026-09-23 08:13:24 +0200: Memory Usage (439236K) : SG13G2 Klayout LVS runset output at: <results>/full-io-marker-lvs-original-20260923-r1/reports/io_marker_native.lvsdb
2026-09-23 08:13:24 +0200: Memory Usage (439236K) : Evaluate switches.
2026-09-23 08:13:24 +0200: Memory Usage (439236K) : Extracted netlist with net names: true
2026-09-23 08:13:24 +0200: Memory Usage (439236K) : Extracted netlist with comments in details: true
2026-09-23 08:13:24 +0200: Memory Usage (439236K) : Selected NET_ONLY option: false
2026-09-23 08:13:24 +0200: Memory Usage (439236K) : Selected LAYOUT_NETLIST option: (none)
2026-09-23 08:13:24 +0200: Memory Usage (439236K) : Selected IGNORE_TOP_PORTS_MISMATCH option: 
2026-09-23 08:13:24 +0200: Memory Usage (439236K) : Selected IMPLICIT_NETS option: (none)
2026-09-23 08:13:24 +0200: Memory Usage (439236K) : Selected TOP_LVL_PINS option: true
2026-09-23 08:13:24 +0200: Memory Usage (439236K) : Selected COMBINE DEVICES option: false
2026-09-23 08:13:24 +0200: Memory Usage (439236K) : Selected PURGE option: false
2026-09-23 08:13:24 +0200: Memory Usage (439236K) : Selected PURGE_NETS option: false
2026-09-23 08:13:24 +0200: Memory Usage (439236K) : Selected SIMPLIFY option: true
2026-09-23 08:13:24 +0200: Memory Usage (439236K) : Selected SERIES_RES option: true
2026-09-23 08:13:24 +0200: Memory Usage (439236K) : Selected PARALLEL_RES option: true
2026-09-23 08:13:24 +0200: Memory Usage (439236K) : Selected DISABLE_TAP_EXTRACTION option: false
2026-09-23 08:13:24 +0200: Memory Usage (439236K) : deep  mode is enabled.
2026-09-23 08:13:25 +0200: Memory Usage (460388K) : Netlist file: <results>/fullchip-name-interface-20260923-r1/g1_chip_top_layout_name_only.cdl
2026-09-23 08:13:25 +0200: Memory Usage (460388K) : LVS extracted netlist at: <results>/full-io-marker-lvs-original-20260923-r1/reports/io_marker_native_extracted.cir
2026-09-23 08:13:25 +0200: Memory Usage (460388K) : Applying SRAM integration support.
2026-09-23 08:13:25 +0200: Memory Usage (460388K) : Starting SG13G2 LVS runset
2026-09-23 08:13:25 +0200: Memory Usage (460388K) : Read in polygons from layers.
2026-09-23 08:13:25 +0200: Memory Usage (464184K) : activ_drw has 75318 polygons
2026-09-23 08:13:25 +0200: Memory Usage (464184K) : activ_filler has 28614 polygons
2026-09-23 08:13:25 +0200: Memory Usage (464184K) : activ has 103932 polygons
2026-09-23 08:13:25 +0200: Memory Usage (464184K) : activ_pin has 0 polygons
2026-09-23 08:13:25 +0200: Memory Usage (464184K) : activ_mask has 308 polygons
2026-09-23 08:13:25 +0200: Memory Usage (464184K) : activ_nofill has 18 polygons
2026-09-23 08:13:25 +0200: Memory Usage (464184K) : activ_OPC has 0 polygons
2026-09-23 08:13:25 +0200: Memory Usage (464184K) : activ_iOPC has 0 polygons
2026-09-23 08:13:25 +0200: Memory Usage (464184K) : activ_noqrc has 0 polygons
2026-09-23 08:13:25 +0200: Memory Usage (464184K) : biwind_drw has 0 polygons
2026-09-23 08:13:25 +0200: Memory Usage (464184K) : biwind_OPC has 0 polygons
2026-09-23 08:13:25 +0200: Memory Usage (464184K) : gatpoly_drw has 81146 polygons
2026-09-23 08:13:25 +0200: Memory Usage (464184K) : gatpoly_filler has 30397 polygons
2026-09-23 08:13:25 +0200: Memory Usage (464184K) : gatpoly has 111543 polygons
2026-09-23 08:13:25 +0200: Memory Usage (464184K) : gatpoly_pin has 1748 polygons
2026-09-23 08:13:25 +0200: Memory Usage (464184K) : gatpoly_nofill has 18 polygons
2026-09-23 08:13:25 +0200: Memory Usage (464184K) : gatpoly_OPC has 0 polygons
2026-09-23 08:13:25 +0200: Memory Usage (464184K) : gatpoly_iOPC has 0 polygons
2026-09-23 08:13:25 +0200: Memory Usage (464184K) : gatpoly_noqrc has 0 polygons
2026-09-23 08:13:26 +0200: Memory Usage (478296K) : cont_drw has 3611939 polygons
2026-09-23 08:13:26 +0200: Memory Usage (478296K) : cont_OPC has 0 polygons
2026-09-23 08:13:26 +0200: Memory Usage (478296K) : nsd_drw has 60 polygons
2026-09-23 08:13:26 +0200: Memory Usage (478296K) : nsd_block has 308 polygons
2026-09-23 08:13:26 +0200: Memory Usage (478296K) : metal1_drw has 152704 polygons
2026-09-23 08:13:26 +0200: Memory Usage (478296K) : metal1_filler has 49997 polygons
2026-09-23 08:13:26 +0200: Memory Usage (478296K) : metal1_slit has 0 polygons
2026-09-23 08:13:26 +0200: Memory Usage (478296K) : metal1 has 202701 polygons
2026-09-23 08:13:26 +0200: Memory Usage (478296K) : metal1_pin has 52450 polygons
2026-09-23 08:13:26 +0200: Memory Usage (478296K) : metal1_mask has 0 polygons
2026-09-23 08:13:26 +0200: Memory Usage (478296K) : metal1_nofill has 18 polygons
2026-09-23 08:13:26 +0200: Memory Usage (478296K) : metal1_text has 43009 polygons
2026-09-23 08:13:26 +0200: Memory Usage (478296K) : metal1_OPC has 0 polygons
2026-09-23 08:13:26 +0200: Memory Usage (478296K) : metal1_noqrc has 0 polygons
2026-09-23 08:13:26 +0200: Memory Usage (478296K) : metal1_res has 0 polygons
2026-09-23 08:13:26 +0200: Memory Usage (478296K) : metal1_iprobe has 0 polygons
2026-09-23 08:13:26 +0200: Memory Usage (478296K) : metal1_diffprb has 0 polygons
2026-09-23 08:13:26 +0200: Memory Usage (478296K) : passiv_drw has 35 polygons
2026-09-23 08:13:26 +0200: Memory Usage (478296K) : passiv_pin has 0 polygons
2026-09-23 08:13:26 +0200: Memory Usage (478296K) : passiv_sbump has 0 polygons
2026-09-23 08:13:26 +0200: Memory Usage (478296K) : passiv_pillar has 0 polygons
2026-09-23 08:13:26 +0200: Memory Usage (478296K) : passiv_pdl has 0 polygons
2026-09-23 08:13:26 +0200: Memory Usage (479320K) : metal2_drw has 82062 polygons
2026-09-23 08:13:26 +0200: Memory Usage (479320K) : metal2_filler has 62078 polygons
2026-09-23 08:13:26 +0200: Memory Usage (479320K) : metal2_slit has 0 polygons
2026-09-23 08:13:27 +0200: Memory Usage (480376K) : metal2 has 144140 polygons
2026-09-23 08:13:27 +0200: Memory Usage (480376K) : metal2_pin has 1094 polygons
2026-09-23 08:13:27 +0200: Memory Usage (480376K) : metal2_mask has 0 polygons
2026-09-23 08:13:27 +0200: Memory Usage (480376K) : metal2_nofill has 19 polygons
2026-09-23 08:13:27 +0200: Memory Usage (480376K) : metal2_text has 499 polygons
2026-09-23 08:13:27 +0200: Memory Usage (480376K) : metal2_OPC has 0 polygons
2026-09-23 08:13:27 +0200: Memory Usage (480376K) : metal2_noqrc has 0 polygons
2026-09-23 08:13:27 +0200: Memory Usage (480376K) : metal2_res has 0 polygons
2026-09-23 08:13:27 +0200: Memory Usage (480376K) : metal2_iprobe has 0 polygons
2026-09-23 08:13:27 +0200: Memory Usage (480376K) : metal2_diffprb has 0 polygons
2026-09-23 08:13:27 +0200: Memory Usage (480376K) : baspoly_drw has 0 polygons
2026-09-23 08:13:27 +0200: Memory Usage (480376K) : baspoly_pin has 0 polygons
2026-09-23 08:13:27 +0200: Memory Usage (480376K) : psd_drw has 33333 polygons
2026-09-23 08:13:27 +0200: Memory Usage (480376K) : nldb_drw has 0 polygons
2026-09-23 08:13:27 +0200: Memory Usage (480376K) : digibnd_drw has 0 polygons
2026-09-23 08:13:27 +0200: Memory Usage (480640K) : via1_drw has 92551 polygons
2026-09-23 08:13:27 +0200: Memory Usage (480640K) : backmetal1_drw has 0 polygons
2026-09-23 08:13:27 +0200: Memory Usage (480640K) : backmetal1_pin has 0 polygons
2026-09-23 08:13:27 +0200: Memory Usage (480640K) : backmetal1_mask has 0 polygons
2026-09-23 08:13:27 +0200: Memory Usage (480640K) : backmetal1_filler has 0 polygons
2026-09-23 08:13:27 +0200: Memory Usage (480640K) : backmetal1_nofill has 0 polygons
2026-09-23 08:13:27 +0200: Memory Usage (480640K) : backmetal1_slit has 0 polygons
2026-09-23 08:13:27 +0200: Memory Usage (480640K) : backmetal1_text has 0 polygons
2026-09-23 08:13:27 +0200: Memory Usage (480640K) : backmetal1_OPC has 0 polygons
2026-09-23 08:13:27 +0200: Memory Usage (480640K) : backmetal1_noqrc has 0 polygons
2026-09-23 08:13:27 +0200: Memory Usage (480640K) : backmetal1_res has 0 polygons
2026-09-23 08:13:27 +0200: Memory Usage (480640K) : backmetal1_iprobe has 0 polygons
2026-09-23 08:13:27 +0200: Memory Usage (480904K) : backmetal1_diffprb has 0 polygons
2026-09-23 08:13:27 +0200: Memory Usage (480904K) : backpassiv_drw has 0 polygons
2026-09-23 08:13:27 +0200: Memory Usage (480904K) : res_drw has 0 polygons
2026-09-23 08:13:27 +0200: Memory Usage (480904K) : sram_drw has 0 polygons
2026-09-23 08:13:27 +0200: Memory Usage (481168K) : trans_drw has 308 polygons
2026-09-23 08:13:27 +0200: Memory Usage (481168K) : ind_drw has 0 polygons
2026-09-23 08:13:27 +0200: Memory Usage (481168K) : ind_pin has 0 polygons
2026-09-23 08:13:27 +0200: Memory Usage (481168K) : ind_text has 0 polygons
2026-09-23 08:13:27 +0200: Memory Usage (481432K) : salblock_drw has 2041 polygons
2026-09-23 08:13:27 +0200: Memory Usage (482752K) : via2_drw has 113178 polygons
2026-09-23 08:13:27 +0200: Memory Usage (482752K) : metal3_drw has 43052 polygons
2026-09-23 08:13:27 +0200: Memory Usage (482752K) : metal3_filler has 33274 polygons
2026-09-23 08:13:27 +0200: Memory Usage (482752K) : metal3_slit has 0 polygons
2026-09-23 08:13:27 +0200: Memory Usage (482752K) : metal3 has 76326 polygons
2026-09-23 08:13:27 +0200: Memory Usage (482752K) : metal3_pin has 1163 polygons
2026-09-23 08:13:27 +0200: Memory Usage (482752K) : metal3_mask has 0 polygons
2026-09-23 08:13:27 +0200: Memory Usage (482752K) : metal3_nofill has 27 polygons
2026-09-23 08:13:27 +0200: Memory Usage (482752K) : metal3_text has 1199 polygons
2026-09-23 08:13:27 +0200: Memory Usage (482752K) : metal3_OPC has 0 polygons
2026-09-23 08:13:27 +0200: Memory Usage (482752K) : metal3_noqrc has 0 polygons
2026-09-23 08:13:27 +0200: Memory Usage (482752K) : metal3_res has 0 polygons
2026-09-23 08:13:27 +0200: Memory Usage (482752K) : metal3_iprobe has 0 polygons
2026-09-23 08:13:27 +0200: Memory Usage (482752K) : metal3_diffprb has 0 polygons
2026-09-23 08:13:27 +0200: Memory Usage (482752K) : nwell_drw has 14319 polygons
2026-09-23 08:13:27 +0200: Memory Usage (482752K) : nwell_pin has 0 polygons
2026-09-23 08:13:27 +0200: Memory Usage (482752K) : nwell_text has 0 polygons
2026-09-23 08:13:27 +0200: Memory Usage (482752K) : nbulay_drw has 0 polygons
2026-09-23 08:13:27 +0200: Memory Usage (482752K) : nbulay_pin has 0 polygons
2026-09-23 08:13:27 +0200: Memory Usage (482752K) : nbulay_block has 0 polygons
2026-09-23 08:13:27 +0200: Memory Usage (482752K) : emwind_drw has 308 polygons
2026-09-23 08:13:27 +0200: Memory Usage (482752K) : emwind_OPC has 0 polygons
2026-09-23 08:13:27 +0200: Memory Usage (482752K) : deepco_drw has 0 polygons
2026-09-23 08:13:27 +0200: Memory Usage (482752K) : mim_drw has 19 polygons
2026-09-23 08:13:27 +0200: Memory Usage (482752K) : edgeseal_drw has 11 polygons
2026-09-23 08:13:27 +0200: Memory Usage (482752K) : substrate_drw has 1439 polygons
2026-09-23 08:13:27 +0200: Memory Usage (482752K) : substrate_text has 0 polygons
2026-09-23 08:13:27 +0200: Memory Usage (482752K) : dfpad_drw has 24 polygons
2026-09-23 08:13:27 +0200: Memory Usage (482752K) : dfpad_pillar has 0 polygons
2026-09-23 08:13:27 +0200: Memory Usage (482752K) : dfpad_sbump has 0 polygons
2026-09-23 08:13:27 +0200: Memory Usage (482752K) : thickgateox_drw has 2077 polygons
2026-09-23 08:13:27 +0200: Memory Usage (482752K) : pldb_drw has 0 polygons
2026-09-23 08:13:27 +0200: Memory Usage (482752K) : pwell_drw has 0 polygons
2026-09-23 08:13:27 +0200: Memory Usage (482752K) : pwell_pin has 0 polygons
2026-09-23 08:13:27 +0200: Memory Usage (482752K) : pwell_block has 0 polygons
2026-09-23 08:13:27 +0200: Memory Usage (482752K) : ic_drw has 0 polygons
2026-09-23 08:13:27 +0200: Memory Usage (483544K) : via3_drw has 59633 polygons
2026-09-23 08:13:27 +0200: Memory Usage (483808K) : metal4_drw has 9011 polygons
2026-09-23 08:13:27 +0200: Memory Usage (483808K) : metal4_filler has 36905 polygons
2026-09-23 08:13:27 +0200: Memory Usage (483808K) : metal4_slit has 0 polygons
2026-09-23 08:13:27 +0200: Memory Usage (484072K) : metal4 has 45916 polygons
2026-09-23 08:13:27 +0200: Memory Usage (484072K) : metal4_pin has 1045 polygons
2026-09-23 08:13:27 +0200: Memory Usage (484072K) : metal4_mask has 0 polygons
2026-09-23 08:13:28 +0200: Memory Usage (484072K) : metal4_nofill has 22 polygons
2026-09-23 08:13:28 +0200: Memory Usage (484336K) : metal4_text has 1049 polygons
2026-09-23 08:13:28 +0200: Memory Usage (484336K) : metal4_OPC has 0 polygons
2026-09-23 08:13:28 +0200: Memory Usage (484336K) : metal4_noqrc has 0 polygons
2026-09-23 08:13:28 +0200: Memory Usage (484336K) : metal4_res has 0 polygons
2026-09-23 08:13:28 +0200: Memory Usage (484336K) : metal4_iprobe has 0 polygons
2026-09-23 08:13:28 +0200: Memory Usage (484336K) : metal4_diffprb has 0 polygons
2026-09-23 08:13:28 +0200: Memory Usage (484336K) : heattrans_drw has 2969 polygons
2026-09-23 08:13:28 +0200: Memory Usage (484336K) : heatres_drw has 1627 polygons
2026-09-23 08:13:28 +0200: Memory Usage (484336K) : fbe_drw has 0 polygons
2026-09-23 08:13:28 +0200: Memory Usage (484336K) : empoly_drw has 0 polygons
2026-09-23 08:13:28 +0200: Memory Usage (484336K) : digisub_drw has 0 polygons
2026-09-23 08:13:28 +0200: Memory Usage (484336K) : text_drw has 3355 polygons
2026-09-23 08:13:28 +0200: Memory Usage (484336K) : via4_drw has 62008 polygons
2026-09-23 08:13:28 +0200: Memory Usage (484336K) : metal5_drw has 3685 polygons
2026-09-23 08:13:28 +0200: Memory Usage (484336K) : metal5_filler has 37747 polygons
2026-09-23 08:13:28 +0200: Memory Usage (484336K) : metal5_slit has 0 polygons
2026-09-23 08:13:28 +0200: Memory Usage (484336K) : metal5 has 41432 polygons
2026-09-23 08:13:28 +0200: Memory Usage (484336K) : metal5_pin has 1032 polygons
2026-09-23 08:13:28 +0200: Memory Usage (484336K) : metal5_mask has 0 polygons
2026-09-23 08:13:28 +0200: Memory Usage (484336K) : metal5_nofill has 22 polygons
2026-09-23 08:13:28 +0200: Memory Usage (484336K) : metal5_text has 1032 polygons
2026-09-23 08:13:28 +0200: Memory Usage (484336K) : metal5_OPC has 0 polygons
2026-09-23 08:13:28 +0200: Memory Usage (484336K) : metal5_noqrc has 0 polygons
2026-09-23 08:13:28 +0200: Memory Usage (484336K) : metal5_res has 0 polygons
2026-09-23 08:13:28 +0200: Memory Usage (484336K) : metal5_iprobe has 0 polygons
2026-09-23 08:13:28 +0200: Memory Usage (484336K) : metal5_diffprb has 0 polygons
2026-09-23 08:13:28 +0200: Memory Usage (484336K) : radhard_drw has 0 polygons
2026-09-23 08:13:28 +0200: Memory Usage (484336K) : memcap_drw has 0 polygons
2026-09-23 08:13:28 +0200: Memory Usage (484336K) : varicap_drw has 0 polygons
2026-09-23 08:13:28 +0200: Memory Usage (484336K) : intbondvia_drw has 0 polygons
2026-09-23 08:13:28 +0200: Memory Usage (484336K) : intbondmet_drw has 0 polygons
2026-09-23 08:13:28 +0200: Memory Usage (484336K) : devbondvia_drw has 0 polygons
2026-09-23 08:13:28 +0200: Memory Usage (484336K) : devbondmet_drw has 0 polygons
2026-09-23 08:13:28 +0200: Memory Usage (484336K) : devtrench_drw has 0 polygons
2026-09-23 08:13:28 +0200: Memory Usage (484336K) : redist_drw has 0 polygons
2026-09-23 08:13:28 +0200: Memory Usage (484336K) : graphbot_drw has 0 polygons
2026-09-23 08:13:28 +0200: Memory Usage (484336K) : graphtop_drw has 0 polygons
2026-09-23 08:13:28 +0200: Memory Usage (484336K) : antvia1_drw has 0 polygons
2026-09-23 08:13:28 +0200: Memory Usage (484336K) : antmetal2_drw has 0 polygons
2026-09-23 08:13:28 +0200: Memory Usage (484336K) : graphcont_drw has 0 polygons
2026-09-23 08:13:28 +0200: Memory Usage (484336K) : siwg_drw has 0 polygons
2026-09-23 08:13:28 +0200: Memory Usage (484336K) : siwg_filler has 0 polygons
2026-09-23 08:13:28 +0200: Memory Usage (484336K) : siwg_nofill has 0 polygons
2026-09-23 08:13:28 +0200: Memory Usage (484336K) : sigrating_drw has 0 polygons
2026-09-23 08:13:28 +0200: Memory Usage (484336K) : singrating_drw has 0 polygons
2026-09-23 08:13:28 +0200: Memory Usage (484336K) : graphpas_drw has 0 polygons
2026-09-23 08:13:28 +0200: Memory Usage (484600K) : emwind3_drw has 0 polygons
2026-09-23 08:13:28 +0200: Memory Usage (484600K) : emwihv3_drw has 0 polygons
2026-09-23 08:13:28 +0200: Memory Usage (484600K) : redbulay_drw has 0 polygons
2026-09-23 08:13:28 +0200: Memory Usage (484600K) : smos_drw has 0 polygons
2026-09-23 08:13:28 +0200: Memory Usage (484864K) : graphpad_drw has 0 polygons
2026-09-23 08:13:28 +0200: Memory Usage (484864K) : polimide_drw has 0 polygons
2026-09-23 08:13:28 +0200: Memory Usage (484864K) : polimide_pin has 0 polygons
2026-09-23 08:13:28 +0200: Memory Usage (484864K) : recog_drw has 0 polygons
2026-09-23 08:13:28 +0200: Memory Usage (485128K) : recog_pin has 0 polygons
2026-09-23 08:13:28 +0200: Memory Usage (485128K) : recog_esd has 0 polygons
2026-09-23 08:13:28 +0200: Memory Usage (485656K) : recog_diode has 144 polygons
2026-09-23 08:13:28 +0200: Memory Usage (485656K) : recog_tsv has 0 polygons
2026-09-23 08:13:28 +0200: Memory Usage (485656K) : recog_iprobe has 0 polygons
2026-09-23 08:13:28 +0200: Memory Usage (485656K) : recog_diffprb has 0 polygons
2026-09-23 08:13:28 +0200: Memory Usage (485656K) : recog_pillar has 0 polygons
2026-09-23 08:13:28 +0200: Memory Usage (485656K) : recog_sbump has 0 polygons
2026-09-23 08:13:28 +0200: Memory Usage (485656K) : recog_otp has 0 polygons
2026-09-23 08:13:28 +0200: Memory Usage (485656K) : recog_pdiode has 0 polygons
2026-09-23 08:13:28 +0200: Memory Usage (485656K) : recog_mom has 0 polygons
2026-09-23 08:13:28 +0200: Memory Usage (485656K) : recog_pcm has 0 polygons
2026-09-23 08:13:28 +0200: Memory Usage (485656K) : colopen_drw has 0 polygons
2026-09-23 08:13:28 +0200: Memory Usage (485920K) : graphmetal1_drw has 0 polygons
2026-09-23 08:13:28 +0200: Memory Usage (485920K) : graphmetal1_filler has 0 polygons
2026-09-23 08:13:28 +0200: Memory Usage (485920K) : graphmetal1_nofill has 0 polygons
2026-09-23 08:13:28 +0200: Memory Usage (485920K) : graphmetal1_slit has 0 polygons
2026-09-23 08:13:28 +0200: Memory Usage (485920K) : graphmetal1_OPC has 0 polygons
2026-09-23 08:13:28 +0200: Memory Usage (486184K) : graphmet1l_drw has 0 polygons
2026-09-23 08:13:28 +0200: Memory Usage (486184K) : graphmet1l_filler has 0 polygons
2026-09-23 08:13:28 +0200: Memory Usage (486184K) : graphmet1l_nofill has 0 polygons
2026-09-23 08:13:28 +0200: Memory Usage (486712K) : graphmet1l_slit has 0 polygons
2026-09-23 08:13:28 +0200: Memory Usage (486712K) : graphmet1l_OPC has 0 polygons
2026-09-23 08:13:28 +0200: Memory Usage (486712K) : extblock_drw has 6098 polygons
2026-09-23 08:13:28 +0200: Memory Usage (486712K) : nldd_drw has 0 polygons
2026-09-23 08:13:28 +0200: Memory Usage (486712K) : pldd_drw has 0 polygons
2026-09-23 08:13:28 +0200: Memory Usage (486712K) : next_drw has 0 polygons
2026-09-23 08:13:28 +0200: Memory Usage (486712K) : pext_drw has 0 polygons
2026-09-23 08:13:28 +0200: Memory Usage (486712K) : nexthv_drw has 0 polygons
2026-09-23 08:13:28 +0200: Memory Usage (486712K) : pexthv_drw has 0 polygons
2026-09-23 08:13:28 +0200: Memory Usage (486712K) : graphgate_drw has 0 polygons
2026-09-23 08:13:28 +0200: Memory Usage (486712K) : sinwg_drw has 0 polygons
2026-09-23 08:13:28 +0200: Memory Usage (486712K) : sinwg_filler has 0 polygons
2026-09-23 08:13:28 +0200: Memory Usage (486712K) : sinwg_nofill has 0 polygons
2026-09-23 08:13:28 +0200: Memory Usage (486712K) : mempad_drw has 0 polygons
2026-09-23 08:13:28 +0200: Memory Usage (486712K) : topvia1_drw has 58353 polygons
2026-09-23 08:13:28 +0200: Memory Usage (486712K) : topmetal1_drw has 1927 polygons
2026-09-23 08:13:28 +0200: Memory Usage (486712K) : topmetal1_filler has 5675 polygons
2026-09-23 08:13:28 +0200: Memory Usage (486712K) : topmetal1_slit has 0 polygons
2026-09-23 08:13:28 +0200: Memory Usage (486712K) : topmetal1 has 7602 polygons
2026-09-23 08:13:28 +0200: Memory Usage (486712K) : topmetal1_pin has 1065 polygons
2026-09-23 08:13:28 +0200: Memory Usage (486712K) : topmetal1_mask has 0 polygons
2026-09-23 08:13:28 +0200: Memory Usage (486712K) : topmetal1_nofill has 26 polygons
2026-09-23 08:13:28 +0200: Memory Usage (486712K) : topmetal1_text has 1035 polygons
2026-09-23 08:13:28 +0200: Memory Usage (486712K) : topmetal1_noqrc has 0 polygons
2026-09-23 08:13:28 +0200: Memory Usage (486712K) : topmetal1_res has 0 polygons
2026-09-23 08:13:28 +0200: Memory Usage (486712K) : topmetal1_iprobe has 0 polygons
2026-09-23 08:13:28 +0200: Memory Usage (486712K) : topmetal1_diffprb has 0 polygons
2026-09-23 08:13:28 +0200: Memory Usage (486712K) : inldpwl_drw has 0 polygons
2026-09-23 08:13:28 +0200: Memory Usage (486712K) : polyres_drw has 1693 polygons
2026-09-23 08:13:28 +0200: Memory Usage (486712K) : polyres_pin has 0 polygons
2026-09-23 08:13:28 +0200: Memory Usage (486712K) : vmim_drw has 6658 polygons
2026-09-23 08:13:28 +0200: Memory Usage (486712K) : nbulaycut_drw has 0 polygons
2026-09-23 08:13:28 +0200: Memory Usage (486712K) : antmetal1_drw has 0 polygons
2026-09-23 08:13:28 +0200: Memory Usage (486712K) : topvia2_drw has 40171 polygons
2026-09-23 08:13:28 +0200: Memory Usage (486712K) : topmetal2_drw has 980 polygons
2026-09-23 08:13:28 +0200: Memory Usage (486712K) : topmetal2_filler has 7058 polygons
2026-09-23 08:13:28 +0200: Memory Usage (486712K) : topmetal2_slit has 0 polygons
2026-09-23 08:13:28 +0200: Memory Usage (486712K) : topmetal2 has 8038 polygons
2026-09-23 08:13:28 +0200: Memory Usage (486712K) : topmetal2_pin has 787 polygons
2026-09-23 08:13:28 +0200: Memory Usage (486712K) : topmetal2_mask has 0 polygons
2026-09-23 08:13:28 +0200: Memory Usage (486712K) : topmetal2_nofill has 26 polygons
2026-09-23 08:13:29 +0200: Memory Usage (486712K) : topmetal2_text has 779 polygons
2026-09-23 08:13:29 +0200: Memory Usage (486712K) : topmetal2_noqrc has 0 polygons
2026-09-23 08:13:29 +0200: Memory Usage (486712K) : topmetal2_res has 0 polygons
2026-09-23 08:13:29 +0200: Memory Usage (486712K) : topmetal2_iprobe has 0 polygons
2026-09-23 08:13:29 +0200: Memory Usage (486712K) : topmetal2_diffprb has 0 polygons
2026-09-23 08:13:29 +0200: Memory Usage (486712K) : snsring_drw has 0 polygons
2026-09-23 08:13:29 +0200: Memory Usage (486712K) : sensor_drw has 0 polygons
2026-09-23 08:13:29 +0200: Memory Usage (486712K) : snsarms_drw has 0 polygons
2026-09-23 08:13:29 +0200: Memory Usage (486712K) : snscmosvia_drw has 0 polygons
2026-09-23 08:13:29 +0200: Memory Usage (486712K) : colwind_drw has 0 polygons
2026-09-23 08:13:29 +0200: Memory Usage (486712K) : flm_drw has 0 polygons
2026-09-23 08:13:29 +0200: Memory Usage (486712K) : hafniumox_drw has 0 polygons
2026-09-23 08:13:29 +0200: Memory Usage (486712K) : memvia_drw has 0 polygons
2026-09-23 08:13:29 +0200: Memory Usage (486976K) : thinfilmres_drw has 0 polygons
2026-09-23 08:13:29 +0200: Memory Usage (486976K) : rfmem_drw has 0 polygons
2026-09-23 08:13:29 +0200: Memory Usage (486976K) : norcx_drw has 0 polygons
2026-09-23 08:13:29 +0200: Memory Usage (486976K) : norcx_m2m3 has 0 polygons
2026-09-23 08:13:29 +0200: Memory Usage (486976K) : norcx_m2m4 has 0 polygons
2026-09-23 08:13:29 +0200: Memory Usage (486976K) : norcx_m2m5 has 0 polygons
2026-09-23 08:13:29 +0200: Memory Usage (486976K) : norcx_m2tm1 has 0 polygons
2026-09-23 08:13:29 +0200: Memory Usage (486976K) : norcx_m2tm2 has 0 polygons
2026-09-23 08:13:29 +0200: Memory Usage (486976K) : norcx_m3m4 has 0 polygons
2026-09-23 08:13:29 +0200: Memory Usage (486976K) : norcx_m3m5 has 0 polygons
2026-09-23 08:13:29 +0200: Memory Usage (486976K) : norcx_m3tm1 has 0 polygons
2026-09-23 08:13:29 +0200: Memory Usage (486976K) : norcx_m3tm2 has 0 polygons
2026-09-23 08:13:29 +0200: Memory Usage (486976K) : norcx_m4m5 has 0 polygons
2026-09-23 08:13:29 +0200: Memory Usage (486976K) : norcx_m4tm1 has 0 polygons
2026-09-23 08:13:29 +0200: Memory Usage (486976K) : norcx_m4tm2 has 0 polygons
2026-09-23 08:13:29 +0200: Memory Usage (486976K) : norcx_m5tm1 has 0 polygons
2026-09-23 08:13:29 +0200: Memory Usage (486976K) : norcx_m5tm2 has 0 polygons
2026-09-23 08:13:29 +0200: Memory Usage (486976K) : norcx_tm1tm2 has 0 polygons
2026-09-23 08:13:29 +0200: Memory Usage (486976K) : norcx_m1sub has 0 polygons
2026-09-23 08:13:29 +0200: Memory Usage (486976K) : norcx_m2sub has 0 polygons
2026-09-23 08:13:29 +0200: Memory Usage (486976K) : norcx_m3sub has 0 polygons
2026-09-23 08:13:29 +0200: Memory Usage (486976K) : norcx_m4sub has 0 polygons
2026-09-23 08:13:29 +0200: Memory Usage (486976K) : norcx_m5sub has 0 polygons
2026-09-23 08:13:29 +0200: Memory Usage (486976K) : norcx_tm1sub has 0 polygons
2026-09-23 08:13:29 +0200: Memory Usage (486976K) : norcx_tm2sub has 0 polygons
2026-09-23 08:13:29 +0200: Memory Usage (486976K) : snsbotvia_drw has 0 polygons
2026-09-23 08:13:29 +0200: Memory Usage (486976K) : snstopvia_drw has 0 polygons
2026-09-23 08:13:29 +0200: Memory Usage (486976K) : deepvia_drw has 0 polygons
2026-09-23 08:13:29 +0200: Memory Usage (486976K) : fgetch_drw has 0 polygons
2026-09-23 08:13:29 +0200: Memory Usage (486976K) : ctrgat_drw has 0 polygons
2026-09-23 08:13:29 +0200: Memory Usage (486976K) : fgimp_drw has 0 polygons
2026-09-23 08:13:29 +0200: Memory Usage (486976K) : emwihv_drw has 0 polygons
2026-09-23 08:13:29 +0200: Memory Usage (486976K) : lbe_drw has 0 polygons
2026-09-23 08:13:29 +0200: Memory Usage (486976K) : alcustop_drw has 0 polygons
2026-09-23 08:13:29 +0200: Memory Usage (486976K) : nometfiller_drw has 14 polygons
2026-09-23 08:13:29 +0200: Memory Usage (486976K) : prboundary_drw has 0 polygons
2026-09-23 08:13:29 +0200: Memory Usage (486976K) : exchange0_drw has 0 polygons
2026-09-23 08:13:29 +0200: Memory Usage (486976K) : exchange0_pin has 0 polygons
2026-09-23 08:13:29 +0200: Memory Usage (486976K) : exchange0_text has 0 polygons
2026-09-23 08:13:29 +0200: Memory Usage (486976K) : exchange1_drw has 0 polygons
2026-09-23 08:13:29 +0200: Memory Usage (486976K) : exchange1_pin has 0 polygons
2026-09-23 08:13:29 +0200: Memory Usage (486976K) : exchange1_text has 0 polygons
2026-09-23 08:13:29 +0200: Memory Usage (486976K) : exchange2_drw has 0 polygons
2026-09-23 08:13:29 +0200: Memory Usage (486976K) : exchange2_pin has 0 polygons
2026-09-23 08:13:29 +0200: Memory Usage (486976K) : exchange2_text has 0 polygons
2026-09-23 08:13:29 +0200: Memory Usage (486976K) : exchange3_drw has 0 polygons
2026-09-23 08:13:29 +0200: Memory Usage (486976K) : exchange3_pin has 0 polygons
2026-09-23 08:13:29 +0200: Memory Usage (486976K) : exchange3_text has 0 polygons
2026-09-23 08:13:29 +0200: Memory Usage (486976K) : exchange4_drw has 0 polygons
2026-09-23 08:13:29 +0200: Memory Usage (486976K) : exchange4_pin has 0 polygons
2026-09-23 08:13:29 +0200: Memory Usage (486976K) : exchange4_text has 0 polygons
2026-09-23 08:13:29 +0200: Memory Usage (486976K) : isonwell_drw has 0 polygons
2026-09-23 08:13:29 +0200: Memory Usage (486976K) : Total no. of polygons in the design is 4965793
2026-09-23 08:13:29 +0200: Memory Usage (486976K) : Starting base layers derivations
2026-09-23 08:13:29 +0200: Memory Usage (486976K) : Starting general LVS derivations
2026-09-23 08:13:48 +0200: Memory Usage (781104K) : Starting MOSFET DERIVATIONS
2026-09-23 08:13:53 +0200: Memory Usage (827396K) : Starting NMOS DERIVATIONS
2026-09-23 08:13:54 +0200: Memory Usage (827396K) : Starting PMOS DERIVATIONS
2026-09-23 08:13:56 +0200: Memory Usage (881084K) : Starting RF-MOSFET DERIVATIONS
2026-09-23 08:13:56 +0200: Memory Usage (881084K) : Starting RF-NMOS DERIVATIONS
2026-09-23 08:13:56 +0200: Memory Usage (881084K) : Starting RF-PMOS DERIVATIONS
2026-09-23 08:13:56 +0200: Memory Usage (881084K) : Starting BJT DERIVATIONS
2026-09-23 08:13:56 +0200: Memory Usage (881084K) : Starting NPN-BJT DERIVATIONS
2026-09-23 08:13:58 +0200: Memory Usage (881196K) : Starting PNP-BJT DERIVATIONS
2026-09-23 08:13:59 +0200: Memory Usage (881196K) : Starting DIODE DERIVATIONS
2026-09-23 08:14:09 +0200: Memory Usage (881196K) : Starting RESISTOR DERIVATIONS
2026-09-23 08:14:11 +0200: Memory Usage (881196K) : Starting CAP DERIVATIONS
2026-09-23 08:14:13 +0200: Memory Usage (986004K) : Starting ESD DERIVATIONS
2026-09-23 08:14:53 +0200: Memory Usage (1025492K) : Starting Inductor DERIVATIONS
2026-09-23 08:14:54 +0200: Memory Usage (1025492K) : Starting Taps DERIVATIONS
2026-09-23 08:14:55 +0200: Memory Usage (1079184K) : Starting SG13G2 LVS connectivity setup
2026-09-23 08:14:55 +0200: Memory Usage (1079184K) : Starting SG13G2 LVS connectivity setup (Inter-layer)
2026-09-23 08:14:55 +0200: Memory Usage (1079184K) : Starting SG13G2 LVS connectivity setup (Global)
2026-09-23 08:14:55 +0200: Memory Usage (1079184K) : Starting LVS MOSFET CONNECTIONS
2026-09-23 08:14:55 +0200: Memory Usage (1079184K) : Starting LVS RF-MOSFET CONNECTIONS
2026-09-23 08:14:55 +0200: Memory Usage (1079184K) : Starting LVS BJT CONNECTIONS
2026-09-23 08:14:55 +0200: Memory Usage (1079184K) : Starting LVS DIODE CONNECTIONS
2026-09-23 08:14:55 +0200: Memory Usage (1079184K) : Starting RESISTOR CONNECTIONS
2026-09-23 08:14:55 +0200: Memory Usage (1079184K) : Starting LVS CAP CONNECTIONS
2026-09-23 08:14:55 +0200: Memory Usage (1079184K) : Starting ESD CONNECTIONS
2026-09-23 08:14:55 +0200: Memory Usage (1079184K) : Starting Inductor CONNECTIONS
2026-09-23 08:14:55 +0200: Memory Usage (1079184K) : Starting LVS Taps CONNECTIONS
2026-09-23 08:14:55 +0200: Memory Usage (1079184K) : Starting SG13G2 LVS DEVICES EXTRACTION
2026-09-23 08:14:55 +0200: Memory Usage (1079184K) : Starting MOSFET EXTRACTION
2026-09-23 08:14:55 +0200: Memory Usage (1079184K) : Starting NMOS EXTRACTION
2026-09-23 08:14:55 +0200: Memory Usage (1079184K) : Extraction of NMOS-LV transistor
2026-09-23 08:14:57 +0200: Memory Usage (1079380K) : Extraction of NMOS-HV transistor
2026-09-23 08:14:58 +0200: Memory Usage (1079380K) : Starting PMOS EXTRACTION
2026-09-23 08:14:58 +0200: Memory Usage (1079380K) : Extraction of PMOS-LV transistor
2026-09-23 08:14:58 +0200: Memory Usage (1079380K) : Extraction of PMOS-HV transistor
2026-09-23 08:14:58 +0200: Memory Usage (1079380K) : Starting RF-MOSFET EXTRACTION
2026-09-23 08:14:58 +0200: Memory Usage (1079380K) : Extraction of RF-NMOS-LV transistor
2026-09-23 08:14:59 +0200: Memory Usage (1079380K) : Extraction of RF-NMOS-HV transistor
2026-09-23 08:15:00 +0200: Memory Usage (1079380K) : Extraction of RF-PMOS-LV transistor
2026-09-23 08:15:00 +0200: Memory Usage (1079380K) : Extraction of RF-PMOS-HV transistor
2026-09-23 08:15:00 +0200: Memory Usage (1079380K) : Starting BJT EXTRACTION
2026-09-23 08:15:00 +0200: Memory Usage (1079380K) : Starting NPN-BJT EXTRACTION
2026-09-23 08:15:00 +0200: Memory Usage (1079380K) : Extraction of npn13G2 BJT transistor
2026-09-23 08:15:00 +0200: Memory Usage (1079480K) : Extraction of npn13G2L BJT transistor
2026-09-23 08:15:00 +0200: Memory Usage (1079480K) : Extraction of npn13G2V BJT transistor
2026-09-23 08:15:00 +0200: Memory Usage (1079480K) : Starting PNP-BJT EXTRACTION
2026-09-23 08:15:00 +0200: Memory Usage (1079480K) : Extracting pnpMPA BJT
2026-09-23 08:15:01 +0200: Memory Usage (1079488K) : Starting DIODE EXTRACTION
2026-09-23 08:15:01 +0200: Memory Usage (1079488K) : Extracting dantenna diode
2026-09-23 08:15:01 +0200: Memory Usage (1079488K) : Extracting dpantenna diode
2026-09-23 08:15:01 +0200: Memory Usage (1079488K) : Extracting schottky_nbl1 diode
2026-09-23 08:15:01 +0200: Memory Usage (1079488K) : Extracting isolbox diode
2026-09-23 08:15:01 +0200: Memory Usage (1079488K) : Starting RESISTOR EXTRACTION
2026-09-23 08:15:01 +0200: Memory Usage (1079488K) : Extracting rsil resistor
2026-09-23 08:15:01 +0200: Memory Usage (1079488K) : Extracting rppd resistor
2026-09-23 08:15:01 +0200: Memory Usage (1079492K) : Extracting rhigh resistor
2026-09-23 08:15:01 +0200: Memory Usage (1079492K) : Extracting res_metal1 resistor
2026-09-23 08:15:01 +0200: Memory Usage (1079528K) : Extracting res_metal2 resistor
2026-09-23 08:15:02 +0200: Memory Usage (1079588K) : Extracting res_metal3 resistor
2026-09-23 08:15:03 +0200: Memory Usage (1079588K) : Extracting res_metal4 resistor
2026-09-23 08:15:03 +0200: Memory Usage (1079588K) : Extracting res_metal5 resistor
2026-09-23 08:15:03 +0200: Memory Usage (1079588K) : Extracting res_topmetal1 resistor
2026-09-23 08:15:03 +0200: Memory Usage (1079588K) : Extracting res_topmetal2 resistor
2026-09-23 08:15:03 +0200: Memory Usage (1079588K) : Starting CAP EXTRACTION
2026-09-23 08:15:03 +0200: Memory Usage (1079588K) : Extracting cap_cmim device
2026-09-23 08:15:03 +0200: Memory Usage (1079588K) : Extracting rfcmim device
2026-09-23 08:15:03 +0200: Memory Usage (1079588K) : Extracting sg13_hv_svaricap varactor
2026-09-23 08:15:03 +0200: Memory Usage (1079588K) : Starting ESD EXTRACTION
2026-09-23 08:15:03 +0200: Memory Usage (1079588K) : Extracting diodevdd_2kv ESD device
2026-09-23 08:15:03 +0200: Memory Usage (1079588K) : Extracting diodevdd_4kv ESD device
2026-09-23 08:15:03 +0200: Memory Usage (1079588K) : Extracting diodevss_2kv ESD device
2026-09-23 08:15:03 +0200: Memory Usage (1079588K) : Extracting diodevss_4kv ESD device
2026-09-23 08:15:03 +0200: Memory Usage (1079588K) : Extracting idiodevdd_2kv ESD device
2026-09-23 08:15:03 +0200: Memory Usage (1079588K) : Extracting idiodevdd_4kv ESD device
2026-09-23 08:15:03 +0200: Memory Usage (1079588K) : Extracting idiodevss_2kv ESD device
2026-09-23 08:15:03 +0200: Memory Usage (1079588K) : Extracting idiodevss_4kv ESD device
2026-09-23 08:15:03 +0200: Memory Usage (1079588K) : Extracting nmoscl_2 ESD device
2026-09-23 08:15:03 +0200: Memory Usage (1079588K) : Extracting nmoscl_4 ESD device
2026-09-23 08:15:03 +0200: Memory Usage (1079588K) : Starting Inductor EXTRACTION
2026-09-23 08:15:03 +0200: Memory Usage (1079588K) : Extracting Inductor2 device
2026-09-23 08:15:03 +0200: Memory Usage (1079588K) : Extracting Inductor3 device
2026-09-23 08:15:03 +0200: Memory Usage (1079588K) : Starting Taps EXTRACTION
2026-09-23 08:15:03 +0200: Memory Usage (1079588K) : Extracting ntap1 device
2026-09-23 08:15:03 +0200: Memory Usage (1079588K) : Extracting ptap1 device
2026-09-23 08:15:03 +0200: Memory Usage (1079588K) : Starting SG13G2 LVS RF MOS Model Mapping
2026-09-23 08:17:35 +0200: Memory Usage (1336364K) : [layout_netlist] Apply RF MOS model mapping and rfmode parameter.
2026-09-23 08:19:24 +0200: Memory Usage (1336364K) : Starting SG13G2 LVS Options Preparations
2026-09-23 08:19:24 +0200: Memory Usage (1336364K) : SG13G2 LVS flow: extraction -> alignment -> option preparation -> comparison.
2026-09-23 08:19:24 +0200: Memory Usage (1336364K) : Starting SG13G2 LVS Alignment
2026-09-23 08:19:25 +0200: Memory Usage (1336608K) : Starting SG13G2 LVS Simplification
2026-09-23 08:19:25 +0200: Memory Usage (1336608K) : [layout_netlist] simplify: ENABLED
2026-09-23 08:19:25 +0200: Memory Usage (1336608K) : [layout_netlist] make_top_level_pins: ENABLED
2026-09-23 08:19:25 +0200: Memory Usage (1336608K) : [layout_netlist] combine_devices: SKIPPED
2026-09-23 08:19:25 +0200: Memory Usage (1336608K) : [layout_netlist] purge: SKIPPED
2026-09-23 08:19:25 +0200: Memory Usage (1336608K) : [layout_netlist] purge_nets: SKIPPED
2026-09-23 08:19:25 +0200: Memory Usage (1336608K) : [schematic_netlist] simplify: ENABLED
2026-09-23 08:19:26 +0200: Memory Usage (1336608K) : [schematic_netlist] make_top_level_pins: ENABLED
2026-09-23 08:19:26 +0200: Memory Usage (1336608K) : [schematic_netlist] combine_devices: SKIPPED
2026-09-23 08:19:26 +0200: Memory Usage (1336608K) : [schematic_netlist] purge: SKIPPED
2026-09-23 08:19:26 +0200: Memory Usage (1336608K) : [schematic_netlist] purge_nets: SKIPPED
2026-09-23 08:19:26 +0200: Memory Usage (1336608K) : Starting SG13G2 LVS Comparison in strict port mode.
2026-09-23 08:19:26 +0200: Memory Usage (1336608K) : flag_missing_ports enabled: missing/mislabeled top-level ports are treated as errors.
2026-09-23 08:19:26 +0200: Memory Usage (1336800K) : xxxxxxxxxxxxxxxxxxxxxxxxxxxxxxxxxxxxxxxxxx
2026-09-23 08:19:26 +0200: Memory Usage (1336800K) : ERROR : Netlists don't match
2026-09-23 08:19:26 +0200: Memory Usage (1336800K) : xxxxxxxxxxxxxxxxxxxxxxxxxxxxxxxxxxxxxxxxxx
2026-09-23 08:19:26 +0200: Memory Usage (1336800K) : LVS Total Run time 361.576296 seconds
