Startpoint: _6690_ (rising edge-triggered flip-flop clocked by osc_clk)
Endpoint: _6261_ (removal check against rising-edge clock osc_clk)
Path Group: asynchronous
Path Type: min

Fanout       Cap      Slew     Delay      Time   Description
-------------------------------------------------------------------------------------
                              0.0000    0.0000   clock osc_clk (rise edge)
                              0.0000    0.0000   clock source latency
     1    0.0497    0.0000    0.0000    0.0000 ^ osc_clk (in)
    16    0.2608    0.0398    0.0580    0.0580 ^ clkbuf_0_osc_clk/X (sg13g2_buf_16)
     5    0.0719    0.0331    0.0904    0.1485 ^ clkbuf_4_14_0_osc_clk/X (sg13g2_buf_8)
    16    0.0715    0.0321    0.0654    0.2138 ^ clkbuf_leaf_37_osc_clk/X (sg13g2_buf_8)
                    0.0335    0.0052    0.2190 ^ _6690_/CLK (sg13g2_dfrbpq_1)
     1    0.0055    0.0218    0.1198    0.3388 ^ _6690_/Q (sg13g2_dfrbpq_1)
     6    0.0676    0.1803    0.1508    0.4896 ^ fanout333/X (sg13g2_buf_1)
     4    0.0315    0.0873    0.1483    0.6380 ^ fanout153/X (sg13g2_buf_1)
     4    0.0217    0.0626    0.1023    0.7403 ^ fanout127/X (sg13g2_buf_1)
                    0.0626    0.0007    0.7410 ^ _6261_/RESET_B (sg13g2_dfrbpq_1)
                                        0.7410   data arrival time

                              0.0000    0.0000   clock osc_clk (rise edge)
                              0.0000    0.0000   clock source latency
     1    0.0530    0.0000    0.0000    0.0000 ^ osc_clk (in)
    16    0.2858    0.0429    0.0599    0.0599 ^ clkbuf_0_osc_clk/X (sg13g2_buf_16)
     5    0.0767    0.0367    0.1469    0.2068 ^ clkbuf_4_0_0_osc_clk/X (sg13g2_buf_8)
    16    0.0763    0.0337    0.0688    0.2755 ^ clkbuf_leaf_76_osc_clk/X (sg13g2_buf_8)
                    0.0345    0.0038    0.2794 ^ _6261_/CLK (sg13g2_dfrbpq_1)
                              0.0500    0.3294   clock uncertainty
                             -0.0018    0.3276   clock reconvergence pessimism
                             -0.0746    0.2530   library removal time
                                        0.2530   data required time
-------------------------------------------------------------------------------------
                                        0.2530   data required time
                                       -0.7410   data arrival time
-------------------------------------------------------------------------------------
                                        0.4880   slack (MET)


Startpoint: _6670_ (rising edge-triggered flip-flop clocked by osc_clk)
Endpoint: _6667_ (rising edge-triggered flip-flop clocked by osc_clk)
Path Group: osc_clk
Path Type: min

Fanout       Cap      Slew     Delay      Time   Description
-------------------------------------------------------------------------------------
                              0.0000    0.0000   clock osc_clk (rise edge)
                              0.0000    0.0000   clock source latency
     1    0.0497    0.0000    0.0000    0.0000 ^ osc_clk (in)
    16    0.2608    0.0398    0.0580    0.0580 ^ clkbuf_0_osc_clk/X (sg13g2_buf_16)
     5    0.0719    0.0333    0.0888    0.1468 ^ clkbuf_4_13_0_osc_clk/X (sg13g2_buf_8)
    13    0.0698    0.0313    0.0690    0.2159 ^ clkbuf_leaf_31_osc_clk/X (sg13g2_buf_8)
                    0.0318    0.0031    0.2190 ^ _6670_/CLK (sg13g2_dfrbpq_1)
     1    0.0067    0.0205    0.1201    0.3391 v _6670_/Q (sg13g2_dfrbpq_1)
     1    0.0022    0.0167    0.0372    0.3763 v _3264_/X (sg13g2_xor2_1)
                    0.0167    0.0002    0.3764 v _6667_/D (sg13g2_dfrbpq_1)
                                        0.3764   data arrival time

                              0.0000    0.0000   clock osc_clk (rise edge)
                              0.0000    0.0000   clock source latency
     1    0.0530    0.0000    0.0000    0.0000 ^ osc_clk (in)
    16    0.2858    0.0429    0.0599    0.0599 ^ clkbuf_0_osc_clk/X (sg13g2_buf_16)
     5    0.0797    0.0361    0.0942    0.1541 ^ clkbuf_4_13_0_osc_clk/X (sg13g2_buf_8)
    13    0.0797    0.0346    0.0731    0.2272 ^ clkbuf_leaf_31_osc_clk/X (sg13g2_buf_8)
                    0.0351    0.0033    0.2305 ^ _6667_/CLK (sg13g2_dfrbpq_1)
                              0.0500    0.2805   clock uncertainty
                             -0.0113    0.2692   clock reconvergence pessimism
                             -0.0190    0.2502   library hold time
                                        0.2502   data required time
-------------------------------------------------------------------------------------
                                        0.2502   data required time
                                       -0.3764   data arrival time
-------------------------------------------------------------------------------------
                                        0.1262   slack (MET)


Startpoint: _6673_ (rising edge-triggered flip-flop clocked by sclk)
Endpoint: _6674_ (rising edge-triggered flip-flop clocked by sclk)
Path Group: sclk
Path Type: min

Fanout       Cap      Slew     Delay      Time   Description
-------------------------------------------------------------------------------------
                              0.0000    0.0000   clock sclk (rise edge)
                              0.0000    0.0000   clock source latency
     2    0.0447    0.0000    0.0000    0.0000 ^ sclk (in)
     1    0.0195    0.0125    0.0407    0.0407 ^ clkbuf_regs_0_sclk/X (sg13g2_buf_16)
     8    0.1545    0.0332    0.0524    0.0931 ^ clkbuf_0_sclk_regs/X (sg13g2_buf_16)
     7    0.0297    0.0159    0.0668    0.1599 ^ clkbuf_3_3__f_sclk_regs/X (sg13g2_buf_16)
                    0.0159    0.0012    0.1611 ^ _6673_/CLK (sg13g2_dfrbpq_1)
     4    0.0157    0.0385    0.1285    0.2896 v _6673_/Q (sg13g2_dfrbpq_1)
                    0.0386    0.0007    0.2903 v _6674_/D (sg13g2_dfrbpq_1)
                                        0.2903   data arrival time

                              0.0000    0.0000   clock sclk (rise edge)
                              0.0000    0.0000   clock source latency
     2    0.0512    0.0000    0.0000    0.0000 ^ sclk (in)
     1    0.0227    0.0131    0.0418    0.0418 ^ clkbuf_regs_0_sclk/X (sg13g2_buf_16)
     8    0.1806    0.0376    0.0544    0.0962 ^ clkbuf_0_sclk_regs/X (sg13g2_buf_16)
     7    0.0338    0.0168    0.0719    0.1682 ^ clkbuf_3_3__f_sclk_regs/X (sg13g2_buf_16)
                    0.0168    0.0013    0.1694 ^ _6674_/CLK (sg13g2_dfrbpq_1)
                              0.0500    0.2194   clock uncertainty
                             -0.0082    0.2112   clock reconvergence pessimism
                             -0.0269    0.1843   library hold time
                                        0.1843   data required time
-------------------------------------------------------------------------------------
                                        0.1843   data required time
                                       -0.2903   data arrival time
-------------------------------------------------------------------------------------
                                        0.1060   slack (MET)


