time="2026-09-23T07:48:46+02:00" level=warning msg="Network file system detected as backing store.  Enforcing overlay option `force_mask=\"700\"`.  Add it to storage.conf to silence this warning"
time="2026-09-23T07:48:47+02:00" level=warning msg="Network file system detected as backing store.  Enforcing overlay option `force_mask=\"700\"`.  Add it to storage.conf to silence this warning"
Resource enforcement: CPU affinity; memory reservation only (rootless cgroups v1).
time="2026-09-23T07:48:47+02:00" level=warning msg="Network file system detected as backing store.  Enforcing overlay option `force_mask=\"700\"`.  Add it to storage.conf to silence this warning"
{
  "status": "passed conditional positive-metal-graph coefficients; no physical IR acceptance",
  "source_sha256": "baab6183c364477da1dd332e4585ae7201b3776bf0f836014744a42809e13877",
  "GDS_sha256": "4b8a82d4a19127e5975d558381cd0f1057235cf51dfbbc58e2219b0f0c4a8bd1",
  "topology_summary_sha256": "e6789336f014a8f623dabadd1e4d2cdbc323210b19e17dd26261137b7f1a087d",
  "support_summary_sha256": "abd693ea145045e5bd24042785fb31b941510681f9ea68040fb74e6c34284805",
  "script_sha256": "bd053966926fb31e9b66e1a7755dd6ee599d0221739b4a4789867026ba0e23cd",
  "math_sha256": "54015ad81bfd36d48c70d6aa7b3deeaf4f3454b057bcb4e393ca3e53de215e7d",
  "physical_current_budget": "unknown; none selected",
  "model_attachment": "not qualified",
  "physical_IR": "not run",
  "adoption": "not run",
  "rails": {
    "vdd": {
      "nodes": 10488,
      "edges": 10762,
      "bridge_count": 7440,
      "tree_diameter_upper_ohm": {
        "numerator": "63112940319311576615",
        "denominator": "144115188075855872",
        "display_ohm": 437.9339968393318
      },
      "bridge_diameter_lower_ohm": {
        "numerator": "6692422933453943",
        "denominator": "140737488355328",
        "display_ohm": 47.552524999999996
      },
      "computational_tree_endpoints": [
        3271,
        2496
      ],
      "complete_positive_current_budget_A": "unknown",
      "voltage_oscillation_formula": "D_tree * I_positive_complete",
      "display_mV_per_mA_complete_positive_budget": 437.9339968393318
    },
    "vss": {
      "nodes": 18310,
      "edges": 18549,
      "bridge_count": 2182,
      "tree_diameter_upper_ohm": {
        "numerator": "446633158377953755613",
        "denominator": "576460752303423488",
        "display_ohm": 774.7850249879037
      },
      "bridge_diameter_lower_ohm": {
        "numerator": "5897440255793605",
        "denominator": "140737488355328",
        "display_ohm": 41.90383333333333
      },
      "computational_tree_endpoints": [
        43335,
        15863
      ],
      "complete_positive_current_budget_A": "unknown",
      "voltage_oscillation_formula": "D_tree * I_positive_complete",
      "display_mV_per_mA_complete_positive_budget": 774.7850249879037
    }
  },
  "not_run": [
    "Complete current budget and external-feed attachment",
    "Continuum/intrinsic/substrate resistance",
    "Compact-model contact weights",
    "Electrical/IR/EM acceptance",
    "Fullchip adoption"
  ],
  "wall_s": 2.04152961820364
}
