

The temperature limiting function received NaN.
Please check your power dissipation and improve your heat sink Rth!
    This message will be shown only once.

Note: Starting dynamic gmin stepping
Note: Dynamic gmin stepping completed

Note: No compatibility mode selected!


Circuit: * g1_bgr testbench temp sweep: hbt=hbt_typ mos=mos_tt res=res_bcs vdd=3.3 v

Doing analysis at TEMP = 27.000000 and TNOM = 27.000000

Using SPARSE 1.3 as Direct Linear Solver
OSDI(debug) n.xbgr.xr2.nr1: WARNING: V(i2,c) voltage is greater than specified by vmax
OSDI(debug) n.xbgr.xr2.nr1: WARNING: V(i2,c) voltage is greater than specified by vmax
OSDI(debug) n.xbgr.xr2.nr1: WARNING: V(i2,c) voltage is greater than specified by vmax
OSDI(debug) n.xbgr.xr2.nr1: WARNING: V(i2,c) voltage is greater than specified by vmax
OSDI(debug) n.xbgr.xr2.nr1: WARNING: V(i2,c) voltage is greater than specified by vmax
OSDI(debug) n.xbgr.xr2.nr1: WARNING: V(i2,c) voltage is greater than specified by vmax
OSDI(debug) n.xbgr.xr2.nr1: WARNING: V(i2,c) voltage is greater than specified by vmax
OSDI(debug) n.xbgr.xr2.nr1: WARNING: V(i2,c) voltage is greater than specified by vmax
OSDI(debug) n.xbgr.xr2.nr1: WARNING: V(i2,c) voltage is greater than specified by vmax
OSDI(debug) n.xbgr.xr2.nr1: WARNING: V(i2,c) voltage is greater than specified by vmax
OSDI(debug) n.xbgr.xr2.nr1: WARNING: V(i2,c) voltage is greater than specified by vmax
OSDI(debug) n.xbgr.xr2.nr1: WARNING: V(i2,c) voltage is greater than specified by vmax
OSDI(debug) n.xbgr.xr2.nr1: WARNING: V(i2,c) voltage is greater than specified by vmax
OSDI(debug) n.xbgr.xr2.nr1: WARNING: V(i2,c) voltage is greater than specified by vmax
OSDI(debug) n.xbgr.xr2.nr1: WARNING: V(i1,c) voltage is greater than specified by vmax
OSDI(debug) n.xbgr.xr2.nr1: WARNING: V(i2,c) voltage is greater than specified by vmax
OSDI(debug) n.xbgr.xr1.nr1: WARNING: V(i1,c) voltage is greater than specified by vmax
OSDI(debug) n.xbgr.xrb.nr1: WARNING: V(i2,c) voltage is greater than specified by vmax
OSDI(debug) n.xbgr.xr2.nr1: WARNING: V(i1,c) voltage is greater than specified by vmax
OSDI(debug) n.xbgr.xr2.nr1: WARNING: V(i2,c) voltage is greater than specified by vmax
OSDI(debug) n.xbgr.xr1.nr1: WARNING: V(i1,c) voltage is greater than specified by vmax
OSDI(debug) n.xbgr.xrb.nr1: WARNING: V(i2,c) voltage is greater than specified by vmax
 Reference value : -4.00000e+01 Reference value :  1.35000e+02
No. of Data Rows : 44
v27                 =  1.04131e+00
vm40                =  1.04075e+00
v85                 =  1.04015e+00
v125                =  1.03867e+00
v150                =  1.03799e+00
v175                =  1.04004e+00
vmax_ind            =  1.04138e+00 at=  1.00000e+01
vmin_ind            =  1.03867e+00 at=  1.25000e+02
vmax_full           =  1.04138e+00 at=  1.00000e+01
vmin_full           =  1.03799e+00 at=  1.50000e+02
ip27                =  4.72743e-06
ipm40               =  3.66911e-06
ip125               =  6.24279e-06
ip175               =  7.04512e-06
itot27              =  2.56236e-05
itot175             =  3.80182e-05
dvbe27              =  5.50880e-02
tc_ind = 1.577842e+01
tc_full = 1.515079e+01
Note: Simulation executed from .control section 
