

The temperature limiting function received NaN.
Please check your power dissipation and improve your heat sink Rth!
    This message will be shown only once.

Note: Starting dynamic gmin stepping
Note: Dynamic gmin stepping completed

Note: No compatibility mode selected!


Circuit: * g1_bgr testbench temp sweep: hbt=hbt_bcs mos=mos_ss res=res_wcs vdd=3.0 v

Doing analysis at TEMP = 27.000000 and TNOM = 27.000000

Using SPARSE 1.3 as Direct Linear Solver
 Reference value : -4.00000e+01 Reference value :  1.40000e+02
No. of Data Rows : 44
v27                 =  1.02877e+00
vm40                =  1.03096e+00
v85                 =  1.02523e+00
v125                =  1.02209e+00
v150                =  1.02050e+00
v175                =  1.02248e+00
vmax_ind            =  1.03096e+00 at=  -4.00000e+01
vmin_ind            =  1.02209e+00 at=  1.25000e+02
vmax_full           =  1.03096e+00 at=  -4.00000e+01
vmin_full           =  1.02040e+00 at=  1.55000e+02
ip27                =  3.65099e-06
ipm40               =  2.83218e-06
ip125               =  4.82432e-06
ip175               =  5.45644e-06
itot27              =  1.91579e-05
itot175             =  2.85554e-05
dvbe27              =  5.50632e-02
tc_ind = 5.222461e+01
tc_full = 4.772902e+01
Note: Simulation executed from .control section 
