Startpoint: i_core.u_digital/_6690_
            (rising edge-triggered flip-flop clocked by osc_clk)
Endpoint: i_core.u_digital/_6261_
          (removal check against rising-edge clock osc_clk)
Path Group: asynchronous
Path Type: min

Fanout       Cap      Slew     Delay      Time   Description
-------------------------------------------------------------------------------------
                              0.0000    0.0000   clock osc_clk (rise edge)
                              0.0000    0.0000   clock source latency
                    0.3000    0.0000    0.0000 ^ i_core.u_digital/clkbuf_0_osc_clk/A (sg13g2_buf_16)
    16    0.2608    0.0539    0.1279    0.1279 ^ i_core.u_digital/clkbuf_0_osc_clk/X (sg13g2_buf_16)
     5    0.0719    0.0335    0.0947    0.2226 ^ i_core.u_digital/clkbuf_4_14_0_osc_clk/X (sg13g2_buf_8)
    16    0.0715    0.0321    0.0655    0.2881 ^ i_core.u_digital/clkbuf_leaf_37_osc_clk/X (sg13g2_buf_8)
                    0.0335    0.0052    0.2933 ^ i_core.u_digital/_6690_/CLK (sg13g2_dfrbpq_1)
     1    0.0055    0.0218    0.1198    0.4131 ^ i_core.u_digital/_6690_/Q (sg13g2_dfrbpq_1)
     6    0.0676    0.1803    0.1508    0.5639 ^ i_core.u_digital/fanout333/X (sg13g2_buf_1)
     4    0.0315    0.0873    0.1483    0.7123 ^ i_core.u_digital/fanout153/X (sg13g2_buf_1)
     4    0.0217    0.0626    0.1023    0.8146 ^ i_core.u_digital/fanout127/X (sg13g2_buf_1)
                    0.0626    0.0007    0.8153 ^ i_core.u_digital/_6261_/RESET_B (sg13g2_dfrbpq_1)
                                        0.8153   data arrival time

                              0.0000    0.0000   clock osc_clk (rise edge)
                              0.0000    0.0000   clock source latency
                    0.3000    0.0000    0.0000 ^ i_core.u_digital/clkbuf_0_osc_clk/A (sg13g2_buf_16)
    16    0.2858    0.0576    0.1289    0.1289 ^ i_core.u_digital/clkbuf_0_osc_clk/X (sg13g2_buf_16)
     5    0.0767    0.0369    0.1481    0.2770 ^ i_core.u_digital/clkbuf_4_0_0_osc_clk/X (sg13g2_buf_8)
    16    0.0763    0.0337    0.0688    0.3459 ^ i_core.u_digital/clkbuf_leaf_76_osc_clk/X (sg13g2_buf_8)
                    0.0345    0.0038    0.3497 ^ i_core.u_digital/_6261_/CLK (sg13g2_dfrbpq_1)
                              0.0500    0.3997   clock uncertainty
                             -0.0011    0.3987   clock reconvergence pessimism
                             -0.0746    0.3241   library removal time
                                        0.3241   data required time
-------------------------------------------------------------------------------------
                                        0.3241   data required time
                                       -0.8153   data arrival time
-------------------------------------------------------------------------------------
                                        0.4912   slack (MET)


Startpoint: i_core.u_digital/_6673_
            (rising edge-triggered flip-flop clocked by SCLK)
Endpoint: i_core.u_digital/_6674_
          (rising edge-triggered flip-flop clocked by SCLK)
Path Group: SCLK
Path Type: min

Fanout       Cap      Slew     Delay      Time   Description
-------------------------------------------------------------------------------------
                              0.0000    0.0000   clock SCLK (rise edge)
                              0.0000    0.0000   clock source latency
     2    0.1426    0.1708    0.0000    0.0000 ^ pad14_sclk/p2c (sg13g2_IOPadIn)
     1    0.0195    0.0202    0.1369    0.1369 ^ i_core.u_digital/clkbuf_regs_0_sclk/X (sg13g2_buf_16)
     8    0.1545    0.0336    0.0554    0.1923 ^ i_core.u_digital/clkbuf_0_sclk_regs/X (sg13g2_buf_16)
     7    0.0297    0.0159    0.0669    0.2592 ^ i_core.u_digital/clkbuf_3_3__f_sclk_regs/X (sg13g2_buf_16)
                    0.0160    0.0012    0.2604 ^ i_core.u_digital/_6673_/CLK (sg13g2_dfrbpq_1)
     4    0.0157    0.0385    0.1285    0.3889 v i_core.u_digital/_6673_/Q (sg13g2_dfrbpq_1)
                    0.0386    0.0007    0.3896 v i_core.u_digital/_6674_/D (sg13g2_dfrbpq_1)
                                        0.3896   data arrival time

                              0.0000    0.0000   clock SCLK (rise edge)
                              0.0000    0.0000   clock source latency
     2    0.1492    0.1769    0.0000    0.0000 ^ pad14_sclk/p2c (sg13g2_IOPadIn)
     1    0.0227    0.0210    0.1426    0.1426 ^ i_core.u_digital/clkbuf_regs_0_sclk/X (sg13g2_buf_16)
     8    0.1806    0.0379    0.0575    0.2001 ^ i_core.u_digital/clkbuf_0_sclk_regs/X (sg13g2_buf_16)
     7    0.0338    0.0168    0.0720    0.2721 ^ i_core.u_digital/clkbuf_3_3__f_sclk_regs/X (sg13g2_buf_16)
                    0.0168    0.0013    0.2734 ^ i_core.u_digital/_6674_/CLK (sg13g2_dfrbpq_1)
                              0.0500    0.3234   clock uncertainty
                             -0.0129    0.3105   clock reconvergence pessimism
                             -0.0269    0.2836   library hold time
                                        0.2836   data required time
-------------------------------------------------------------------------------------
                                        0.2836   data required time
                                       -0.3896   data arrival time
-------------------------------------------------------------------------------------
                                        0.1060   slack (MET)


Startpoint: i_core.u_digital/_6688_
            (rising edge-triggered flip-flop clocked by osc_clk)
Endpoint: i_core.u_digital/_6667_
          (rising edge-triggered flip-flop clocked by osc_clk)
Path Group: osc_clk
Path Type: min

Fanout       Cap      Slew     Delay      Time   Description
-------------------------------------------------------------------------------------
                              0.0000    0.0000   clock osc_clk (rise edge)
                              0.0000    0.0000   clock source latency
                    0.3000    0.0000    0.0000 ^ i_core.u_digital/clkbuf_0_osc_clk/A (sg13g2_buf_16)
    16    0.2608    0.0539    0.1279    0.1279 ^ i_core.u_digital/clkbuf_0_osc_clk/X (sg13g2_buf_16)
     5    0.0603    0.0298    0.1027    0.2306 ^ i_core.u_digital/clkbuf_4_7_0_osc_clk/X (sg13g2_buf_8)
    11    0.0681    0.0308    0.0708    0.3014 ^ i_core.u_digital/clkbuf_leaf_25_osc_clk/X (sg13g2_buf_8)
                    0.0311    0.0022    0.3036 ^ i_core.u_digital/_6688_/CLK (sg13g2_dfrbpq_1)
     2    0.0077    0.0224    0.1215    0.4251 v i_core.u_digital/_6688_/Q (sg13g2_dfrbpq_1)
     1    0.0022    0.0167    0.0343    0.4594 v i_core.u_digital/_3264_/X (sg13g2_xor2_1)
                    0.0167    0.0002    0.4595 v i_core.u_digital/_6667_/D (sg13g2_dfrbpq_1)
                                        0.4595   data arrival time

                              0.0000    0.0000   clock osc_clk (rise edge)
                              0.0000    0.0000   clock source latency
                    0.3000    0.0000    0.0000 ^ i_core.u_digital/clkbuf_0_osc_clk/A (sg13g2_buf_16)
    16    0.2858    0.0576    0.1289    0.1289 ^ i_core.u_digital/clkbuf_0_osc_clk/X (sg13g2_buf_16)
     5    0.0797    0.0364    0.0985    0.2275 ^ i_core.u_digital/clkbuf_4_13_0_osc_clk/X (sg13g2_buf_8)
    13    0.0797    0.0346    0.0733    0.3007 ^ i_core.u_digital/clkbuf_leaf_31_osc_clk/X (sg13g2_buf_8)
                    0.0351    0.0033    0.3041 ^ i_core.u_digital/_6667_/CLK (sg13g2_dfrbpq_1)
                              0.0500    0.3541   clock uncertainty
                             -0.0011    0.3530   clock reconvergence pessimism
                             -0.0190    0.3340   library hold time
                                        0.3340   data required time
-------------------------------------------------------------------------------------
                                        0.3340   data required time
                                       -0.4595   data arrival time
-------------------------------------------------------------------------------------
                                        0.1255   slack (MET)


