2026-09-21 16:48:44 +0200: Memory Usage (800900K) : Starting running IHP-SG13G2 Klayout DRC Density runset on /work/build/scratch/pad-outward-dummy-clean-20260921/g1_chip_top.gds
2026-09-21 16:48:44 +0200: Memory Usage (801028K) : Ruby Version for klayout: 3.2.3
2026-09-21 16:48:45 +0200: Memory Usage (831944K) : Loading database to memory is complete.
2026-09-21 16:48:45 +0200: Memory Usage (831944K) : IHP-SG13G2 Klayout DRC Density runset output at: /work/designs/g1-guardian/review/audits/pad-outward-dummy-clean-20260921/density.lyrdb
2026-09-21 16:48:45 +0200: Memory Usage (832072K) : Evaluate switches.
2026-09-21 16:48:45 +0200: Memory Usage (832072K) : Configured KLayout worker thread(s): 2.
2026-09-21 16:48:45 +0200: Memory Usage (832072K) : Deep mode enabled: reading layers and preparing general derivations.
2026-09-21 16:48:45 +0200: Memory Usage (832072K) : PreCheck DRC enabled: false
2026-09-21 16:48:45 +0200: Memory Usage (832072K) : Density sanity checks enabled: false
2026-09-21 16:48:45 +0200: Memory Usage (832072K) : Read in polygons from layers.
2026-09-21 16:48:45 +0200: Memory Usage (838344K) : activ_drw has 71868 polygons
2026-09-21 16:48:45 +0200: Memory Usage (838472K) : activ_mask has 29 polygons
2026-09-21 16:48:45 +0200: Memory Usage (838472K) : activ_filler has 29928 polygons
2026-09-21 16:48:45 +0200: Memory Usage (838600K) : gatpoly_drw has 78653 polygons
2026-09-21 16:48:45 +0200: Memory Usage (838600K) : gatpoly_filler has 29926 polygons
2026-09-21 16:48:45 +0200: Memory Usage (839112K) : metal1_drw has 143133 polygons
2026-09-21 16:48:45 +0200: Memory Usage (839112K) : metal1_filler has 43770 polygons
2026-09-21 16:48:45 +0200: Memory Usage (839112K) : metal1_slit has 0 polygons
2026-09-21 16:48:45 +0200: Memory Usage (840136K) : metal2_drw has 72867 polygons
2026-09-21 16:48:45 +0200: Memory Usage (840136K) : metal2_filler has 57655 polygons
2026-09-21 16:48:45 +0200: Memory Usage (840136K) : metal2_slit has 0 polygons
2026-09-21 16:48:45 +0200: Memory Usage (840648K) : metal3_drw has 38547 polygons
2026-09-21 16:48:45 +0200: Memory Usage (840648K) : metal3_filler has 28597 polygons
2026-09-21 16:48:45 +0200: Memory Usage (840648K) : metal3_slit has 0 polygons
2026-09-21 16:48:45 +0200: Memory Usage (840648K) : metal4_drw has 7254 polygons
2026-09-21 16:48:45 +0200: Memory Usage (840648K) : metal4_filler has 32457 polygons
2026-09-21 16:48:45 +0200: Memory Usage (840648K) : metal4_slit has 0 polygons
2026-09-21 16:48:45 +0200: Memory Usage (840648K) : metal5_drw has 3703 polygons
2026-09-21 16:48:45 +0200: Memory Usage (840648K) : metal5_filler has 32571 polygons
2026-09-21 16:48:45 +0200: Memory Usage (840648K) : metal5_slit has 0 polygons
2026-09-21 16:48:45 +0200: Memory Usage (840648K) : topmetal1_drw has 2391 polygons
2026-09-21 16:48:45 +0200: Memory Usage (840648K) : topmetal1_filler has 4491 polygons
2026-09-21 16:48:45 +0200: Memory Usage (840648K) : topmetal1_slit has 0 polygons
2026-09-21 16:48:45 +0200: Memory Usage (840648K) : topmetal2_drw has 1313 polygons
2026-09-21 16:48:45 +0200: Memory Usage (840648K) : topmetal2_filler has 4207 polygons
2026-09-21 16:48:45 +0200: Memory Usage (840648K) : topmetal2_slit has 0 polygons
2026-09-21 16:48:45 +0200: Memory Usage (840648K) : lbe_drw has 0 polygons
2026-09-21 16:48:45 +0200: Memory Usage (840648K) : prboundary_drw has 0 polygons
2026-09-21 16:48:45 +0200: Memory Usage (840648K) : edgeseal_bound has 1 polygons
2026-09-21 16:48:45 +0200: Memory Usage (840776K) : Loaded TECH DRC rules values from /foss/pdks/ihp-sg13g2/libs.tech/klayout/python/sg13g2_pycell_lib/sg13g2_tech_mod.json
2026-09-21 16:48:45 +0200: Memory Usage (840776K) : Loaded default DRC rules values from /foss/pdks/ihp-sg13g2/libs.tech/klayout/tech/drc/rule_decks/sg13g2_tech_default.json
2026-09-21 16:48:45 +0200: Memory Usage (840776K) : The following rules values were missing in tech json and default values were used:
2026-09-21 16:48:45 +0200: Memory Usage (840776K) :   - NW_f1_digibnd
2026-09-21 16:48:45 +0200: Memory Usage (840776K) :   - Cnt_c_digibnd
2026-09-21 16:48:45 +0200: Memory Usage (840776K) :   - Cnt_c_sram
2026-09-21 16:48:45 +0200: Memory Usage (840776K) :   - Sdiod_b
2026-09-21 16:48:45 +0200: Memory Usage (840776K) :   - Sdiod_c
2026-09-21 16:48:45 +0200: Memory Usage (846280K) : Density sanity markers are disabled (set -rd density_sanity=true to enable).
2026-09-21 16:48:45 +0200: Memory Usage (846408K) : Using EdgeSeal.boundary (39/4) for chip area: 1822500.0 um^2.
2026-09-21 16:48:45 +0200: Memory Usage (846408K) : Using bbox (0,0;1350,1350) for density window origin.
2026-09-21 16:48:45 +0200: Memory Usage (846536K) : Total area of the design is 1822500.0 um^2.
2026-09-21 16:48:45 +0200: Memory Usage (846536K) : Starting density IHP-SG13G2 derivations.
2026-09-21 16:48:46 +0200: Memory Usage (846536K) : Starting IHP-SG13G2 DENSITY DRC rules.
2026-09-21 16:48:46 +0200: Memory Usage (846536K) : Computing activ area and density...
2026-09-21 16:48:46 +0200: Memory Usage (854728K) : Executing rule AFil.g
2026-09-21 16:48:46 +0200: Memory Usage (854728K) : Executing rule AFil.g1
2026-09-21 16:48:46 +0200: Memory Usage (854728K) : Executing rule AFil.g2
2026-09-21 16:48:47 +0200: Memory Usage (876188K) : Executing rule AFil.g3
2026-09-21 16:48:49 +0200: Memory Usage (878724K) : Computing poly area and density...
2026-09-21 16:48:49 +0200: Memory Usage (879620K) : Executing rule GFil.g
2026-09-21 16:48:49 +0200: Memory Usage (879620K) : Computing metal1 area and density...
2026-09-21 16:48:49 +0200: Memory Usage (893956K) : Executing rule M1.j
2026-09-21 16:48:49 +0200: Memory Usage (893956K) : Executing rule M1.k
2026-09-21 16:48:49 +0200: Memory Usage (893956K) : Computing metal2 area and density...
2026-09-21 16:48:50 +0200: Memory Usage (897412K) : Computing metal3 area and density...
2026-09-21 16:48:50 +0200: Memory Usage (897412K) : Computing metal4 area and density...
2026-09-21 16:48:51 +0200: Memory Usage (897412K) : Computing metal5 area and density...
2026-09-21 16:48:51 +0200: Memory Usage (897412K) : Executing rule M2.j
2026-09-21 16:48:51 +0200: Memory Usage (897412K) : Executing rule M2.k
2026-09-21 16:48:51 +0200: Memory Usage (897412K) : Executing rule M3.j
2026-09-21 16:48:51 +0200: Memory Usage (897412K) : Executing rule M3.k
2026-09-21 16:48:51 +0200: Memory Usage (897412K) : Executing rule M4.j
2026-09-21 16:48:51 +0200: Memory Usage (897412K) : Executing rule M4.k
2026-09-21 16:48:51 +0200: Memory Usage (897412K) : Executing rule M5.j
2026-09-21 16:48:51 +0200: Memory Usage (897412K) : Executing rule M5.k
2026-09-21 16:48:51 +0200: Memory Usage (897412K) : Executing rule M1Fil.h
2026-09-21 16:48:54 +0200: Memory Usage (938848K) : Executing rule M1Fil.k
2026-09-21 16:48:58 +0200: Memory Usage (939616K) : Executing rule M2Fil.h
2026-09-21 16:49:00 +0200: Memory Usage (940216K) : Executing rule M2Fil.k
2026-09-21 16:49:01 +0200: Memory Usage (940344K) : Executing rule M3Fil.h
2026-09-21 16:49:02 +0200: Memory Usage (940344K) : Executing rule M3Fil.k
2026-09-21 16:49:03 +0200: Memory Usage (940344K) : Executing rule M4Fil.h
2026-09-21 16:49:04 +0200: Memory Usage (940344K) : Executing rule M4Fil.k
2026-09-21 16:49:04 +0200: Memory Usage (940472K) : Executing rule M5Fil.h
2026-09-21 16:49:05 +0200: Memory Usage (940472K) : Executing rule M5Fil.k
2026-09-21 16:49:05 +0200: Memory Usage (940600K) : Computing TopMetal1 area and density...
2026-09-21 16:49:05 +0200: Memory Usage (940600K) : Executing rule TM1.c
2026-09-21 16:49:05 +0200: Memory Usage (940600K) : Executing rule TM1.d
2026-09-21 16:49:05 +0200: Memory Usage (940600K) : Computing TopMetal2 area and density...
2026-09-21 16:49:05 +0200: Memory Usage (940600K) : Executing rule TM2.c
2026-09-21 16:49:05 +0200: Memory Usage (940600K) : Executing rule TM2.d
2026-09-21 16:49:05 +0200: Memory Usage (940600K) : Computing LBE area and density...
2026-09-21 16:49:05 +0200: Memory Usage (940600K) : Executing rule LBE.i
2026-09-21 16:49:05 +0200: Memory Usage (940600K) : Executing rule Slt.i_M1
2026-09-21 16:49:08 +0200: Memory Usage (941392K) : Executing rule Slt.i_M2
2026-09-21 16:49:09 +0200: Memory Usage (942288K) : Executing rule Slt.i_M3
2026-09-21 16:49:09 +0200: Memory Usage (942288K) : Executing rule Slt.i_M4
2026-09-21 16:49:09 +0200: Memory Usage (942288K) : Executing rule Slt.i_M5
2026-09-21 16:49:09 +0200: Memory Usage (942288K) : Executing rule Slt.i_TM1
2026-09-21 16:49:09 +0200: Memory Usage (942672K) : Executing rule Slt.i_TM2
2026-09-21 16:49:09 +0200: Memory Usage (942672K) : ##################################################
2026-09-21 16:49:09 +0200: Memory Usage (942672K) :                  Density Report                 #
2026-09-21 16:49:09 +0200: Memory Usage (942672K) : ##################################################
2026-09-21 16:49:09 +0200: Memory Usage (942672K) : 
2026-09-21 16:49:09 +0200: Memory Usage (942672K) : Layer areas and percentages (units: um^2)
2026-09-21 16:49:09 +0200: Memory Usage (942672K) : --------------------------------------------------
2026-09-21 16:49:09 +0200: Memory Usage (942672K) : 
2026-09-21 16:49:09 +0200: Memory Usage (942672K) : Total Area     = 1822500.00 um^2
2026-09-21 16:49:09 +0200: Memory Usage (942672K) : 
2026-09-21 16:49:09 +0200: Memory Usage (942672K) : Activ      Area      = 840403.83 µm²
2026-09-21 16:49:09 +0200: Memory Usage (942800K) : Activ      Density % = 46.11%  [Min = 35.00%,  Max = 55.00%]
2026-09-21 16:49:09 +0200: Memory Usage (942800K) : 
2026-09-21 16:49:09 +0200: Memory Usage (942800K) : GatPoly    Area      = 279867.11 µm²
2026-09-21 16:49:09 +0200: Memory Usage (942800K) : GatPoly    Density % = 15.36%  [Min = 15.00%]
2026-09-21 16:49:09 +0200: Memory Usage (942800K) : 
2026-09-21 16:49:09 +0200: Memory Usage (942800K) : Metal1     Area      = 880864.34 µm²
2026-09-21 16:49:09 +0200: Memory Usage (942800K) : Metal1     Density % = 48.33%  [Min = 35.00%,  Max = 60.00%]
2026-09-21 16:49:09 +0200: Memory Usage (942800K) : 
2026-09-21 16:49:09 +0200: Memory Usage (942800K) : Metal2     Area      = 717759.57 µm²
2026-09-21 16:49:09 +0200: Memory Usage (942800K) : Metal2     Density % = 39.38%  [Min = 35.00%,  Max = 60.00%]
2026-09-21 16:49:09 +0200: Memory Usage (942800K) : 
2026-09-21 16:49:09 +0200: Memory Usage (942800K) : Metal3     Area      = 878304.68 µm²
2026-09-21 16:49:09 +0200: Memory Usage (942800K) : Metal3     Density % = 48.19%  [Min = 35.00%,  Max = 60.00%]
2026-09-21 16:49:09 +0200: Memory Usage (942800K) : 
2026-09-21 16:49:09 +0200: Memory Usage (942800K) : Metal4     Area      = 885571.50 µm²
2026-09-21 16:49:09 +0200: Memory Usage (942800K) : Metal4     Density % = 48.59%  [Min = 35.00%,  Max = 60.00%]
2026-09-21 16:49:09 +0200: Memory Usage (942800K) : 
2026-09-21 16:49:09 +0200: Memory Usage (942800K) : Metal5     Area      = 920208.24 µm²
2026-09-21 16:49:09 +0200: Memory Usage (942800K) : Metal5     Density % = 50.49%  [Min = 35.00%,  Max = 60.00%]
2026-09-21 16:49:09 +0200: Memory Usage (942800K) : 
2026-09-21 16:49:09 +0200: Memory Usage (942800K) : TopMetal1  Area      = 946440.38 µm²
2026-09-21 16:49:09 +0200: Memory Usage (942800K) : TopMetal1  Density % = 51.93%  [Min = 25.00%,  Max = 70.00%]
2026-09-21 16:49:09 +0200: Memory Usage (942800K) : 
2026-09-21 16:49:09 +0200: Memory Usage (942800K) : TopMetal2  Area      = 810888.90 µm²
2026-09-21 16:49:09 +0200: Memory Usage (942800K) : TopMetal2  Density % = 44.49%  [Min = 25.00%,  Max = 70.00%]
2026-09-21 16:49:09 +0200: Memory Usage (942800K) : 
2026-09-21 16:49:09 +0200: Memory Usage (942800K) : LBE        Area      =  0.00 µm²
2026-09-21 16:49:09 +0200: Memory Usage (942800K) : LBE        Density % =  0.00%  [Max = 20.00%]
2026-09-21 16:49:09 +0200: Memory Usage (942800K) : 
2026-09-21 16:49:09 +0200: Memory Usage (942800K) : KLayout DRC run for density table completed in 24.76 seconds
