25-Sep-2026 14:23:13 | INFO    | Your Klayout version is: KLayout 0.30.9 (required >= 0.30.5)
25-Sep-2026 14:23:13 | INFO    | Running SG13G2 LVS checks on design ${W}/io_dev_4fd47c5e.gds on cell sg13g2_IOPadOut30mA
2026-09-25 14:23:15 +0200: Memory Usage (408908K) : Starting running SG13G2 Klayout LVS runset on ${W}/io_dev_4fd47c5e.gds
2026-09-25 14:23:15 +0200: Memory Usage (408908K) : Ruby Version for klayout: 3.2.3
2026-09-25 14:23:15 +0200: Memory Usage (438028K) : Loading database to memory is complete.
2026-09-25 14:23:15 +0200: Memory Usage (438028K) : SG13G2 Klayout LVS runset output at: ${W}/runs/devdeck_devgds_globalsub/sg13g2_IOPadOut30mA/io_dev_4fd47c5e.lvsdb
2026-09-25 14:23:15 +0200: Memory Usage (438028K) : Evaluate switches.
2026-09-25 14:23:15 +0200: Memory Usage (438028K) : Extracted netlist with net names: true
2026-09-25 14:23:15 +0200: Memory Usage (438028K) : Extracted netlist with comments in details: false
2026-09-25 14:23:15 +0200: Memory Usage (438028K) : Selected NET_ONLY option: false
2026-09-25 14:23:15 +0200: Memory Usage (438028K) : Selected LAYOUT_NETLIST option: (none)
2026-09-25 14:23:15 +0200: Memory Usage (438028K) : Selected IGNORE_TOP_PORTS_MISMATCH option: 
2026-09-25 14:23:15 +0200: Memory Usage (438028K) : Selected IMPLICIT_NETS option: (none)
2026-09-25 14:23:15 +0200: Memory Usage (438028K) : Selected TOP_LVL_PINS option: true
2026-09-25 14:23:15 +0200: Memory Usage (438028K) : Selected COMBINE DEVICES option: false
2026-09-25 14:23:15 +0200: Memory Usage (438028K) : Selected PURGE option: false
2026-09-25 14:23:15 +0200: Memory Usage (438028K) : Selected PURGE_NETS option: false
2026-09-25 14:23:15 +0200: Memory Usage (438028K) : Selected SIMPLIFY option: true
2026-09-25 14:23:15 +0200: Memory Usage (438168K) : Selected SERIES_RES option: true
2026-09-25 14:23:15 +0200: Memory Usage (438168K) : Selected PARALLEL_RES option: true
2026-09-25 14:23:15 +0200: Memory Usage (438168K) : Selected DISABLE_TAP_EXTRACTION option: false
2026-09-25 14:23:15 +0200: Memory Usage (438168K) : flat  mode is enabled.
2026-09-25 14:23:15 +0200: Memory Usage (440220K) : Netlist file: ${W}/io_dev_globalsub.cdl
2026-09-25 14:23:15 +0200: Memory Usage (440220K) : LVS extracted netlist at: ${W}/runs/devdeck_devgds_globalsub/sg13g2_IOPadOut30mA/io_dev_4fd47c5e_extracted.cir
2026-09-25 14:23:15 +0200: Memory Usage (440220K) : Applying SRAM integration support.
2026-09-25 14:23:15 +0200: Memory Usage (440220K) : Starting SG13G2 LVS runset
2026-09-25 14:23:15 +0200: Memory Usage (440220K) : Read in polygons from layers.
2026-09-25 14:23:15 +0200: Memory Usage (441184K) : activ_drw has 34 polygons
2026-09-25 14:23:15 +0200: Memory Usage (441184K) : activ_filler has 0 polygons
2026-09-25 14:23:15 +0200: Memory Usage (442176K) : activ has 34 polygons
2026-09-25 14:23:15 +0200: Memory Usage (442176K) : activ_pin has 0 polygons
2026-09-25 14:23:15 +0200: Memory Usage (442496K) : activ_mask has 0 polygons
2026-09-25 14:23:15 +0200: Memory Usage (442496K) : activ_nofill has 0 polygons
2026-09-25 14:23:15 +0200: Memory Usage (442760K) : activ_OPC has 0 polygons
2026-09-25 14:23:15 +0200: Memory Usage (442760K) : activ_iOPC has 0 polygons
2026-09-25 14:23:15 +0200: Memory Usage (443024K) : activ_noqrc has 0 polygons
2026-09-25 14:23:15 +0200: Memory Usage (443024K) : biwind_drw has 0 polygons
2026-09-25 14:23:15 +0200: Memory Usage (443288K) : biwind_OPC has 0 polygons
2026-09-25 14:23:15 +0200: Memory Usage (443552K) : gatpoly_drw has 42 polygons
2026-09-25 14:23:15 +0200: Memory Usage (443552K) : gatpoly_filler has 0 polygons
2026-09-25 14:23:15 +0200: Memory Usage (443552K) : gatpoly has 42 polygons
2026-09-25 14:23:15 +0200: Memory Usage (443816K) : gatpoly_pin has 0 polygons
2026-09-25 14:23:15 +0200: Memory Usage (443816K) : gatpoly_nofill has 0 polygons
2026-09-25 14:23:15 +0200: Memory Usage (444080K) : gatpoly_OPC has 0 polygons
2026-09-25 14:23:15 +0200: Memory Usage (444344K) : gatpoly_iOPC has 0 polygons
2026-09-25 14:23:15 +0200: Memory Usage (444344K) : gatpoly_noqrc has 0 polygons
2026-09-25 14:23:16 +0200: Memory Usage (451596K) : cont_drw has 46536 polygons
2026-09-25 14:23:16 +0200: Memory Usage (451596K) : cont_OPC has 0 polygons
2026-09-25 14:23:16 +0200: Memory Usage (451596K) : nsd_drw has 0 polygons
2026-09-25 14:23:16 +0200: Memory Usage (451596K) : nsd_block has 0 polygons
2026-09-25 14:23:16 +0200: Memory Usage (451596K) : metal1_drw has 77 polygons
2026-09-25 14:23:16 +0200: Memory Usage (451596K) : metal1_filler has 0 polygons
2026-09-25 14:23:16 +0200: Memory Usage (451596K) : metal1_slit has 0 polygons
2026-09-25 14:23:16 +0200: Memory Usage (451596K) : metal1 has 77 polygons
2026-09-25 14:23:16 +0200: Memory Usage (451596K) : metal1_pin has 20 polygons
2026-09-25 14:23:16 +0200: Memory Usage (451596K) : metal1_mask has 0 polygons
2026-09-25 14:23:16 +0200: Memory Usage (451596K) : metal1_nofill has 0 polygons
2026-09-25 14:23:16 +0200: Memory Usage (451596K) : metal1_text has 26 polygons
2026-09-25 14:23:16 +0200: Memory Usage (451596K) : metal1_OPC has 0 polygons
2026-09-25 14:23:16 +0200: Memory Usage (451596K) : metal1_noqrc has 0 polygons
2026-09-25 14:23:16 +0200: Memory Usage (451596K) : metal1_res has 0 polygons
2026-09-25 14:23:16 +0200: Memory Usage (451596K) : metal1_iprobe has 0 polygons
2026-09-25 14:23:16 +0200: Memory Usage (451596K) : metal1_diffprb has 0 polygons
2026-09-25 14:23:16 +0200: Memory Usage (451596K) : passiv_drw has 0 polygons
2026-09-25 14:23:16 +0200: Memory Usage (451596K) : passiv_pin has 0 polygons
2026-09-25 14:23:16 +0200: Memory Usage (451596K) : passiv_sbump has 0 polygons
2026-09-25 14:23:16 +0200: Memory Usage (451596K) : passiv_pillar has 0 polygons
2026-09-25 14:23:16 +0200: Memory Usage (451596K) : passiv_pdl has 0 polygons
2026-09-25 14:23:16 +0200: Memory Usage (451596K) : metal2_drw has 28 polygons
2026-09-25 14:23:16 +0200: Memory Usage (451596K) : metal2_filler has 0 polygons
2026-09-25 14:23:16 +0200: Memory Usage (451596K) : metal2_slit has 0 polygons
2026-09-25 14:23:16 +0200: Memory Usage (451596K) : metal2 has 28 polygons
2026-09-25 14:23:16 +0200: Memory Usage (451596K) : metal2_pin has 24 polygons
2026-09-25 14:23:16 +0200: Memory Usage (451596K) : metal2_mask has 0 polygons
2026-09-25 14:23:16 +0200: Memory Usage (451596K) : metal2_nofill has 0 polygons
2026-09-25 14:23:16 +0200: Memory Usage (451596K) : metal2_text has 27 polygons
2026-09-25 14:23:16 +0200: Memory Usage (451596K) : metal2_OPC has 0 polygons
2026-09-25 14:23:16 +0200: Memory Usage (451596K) : metal2_noqrc has 0 polygons
2026-09-25 14:23:16 +0200: Memory Usage (451596K) : metal2_res has 0 polygons
2026-09-25 14:23:16 +0200: Memory Usage (451596K) : metal2_iprobe has 0 polygons
2026-09-25 14:23:16 +0200: Memory Usage (451596K) : metal2_diffprb has 0 polygons
2026-09-25 14:23:16 +0200: Memory Usage (451596K) : baspoly_drw has 0 polygons
2026-09-25 14:23:16 +0200: Memory Usage (451596K) : baspoly_pin has 0 polygons
2026-09-25 14:23:16 +0200: Memory Usage (451976K) : psd_drw has 11 polygons
2026-09-25 14:23:16 +0200: Memory Usage (451976K) : nldb_drw has 0 polygons
2026-09-25 14:23:16 +0200: Memory Usage (451976K) : digibnd_drw has 0 polygons
2026-09-25 14:23:16 +0200: Memory Usage (451976K) : via1_drw has 1834 polygons
2026-09-25 14:23:16 +0200: Memory Usage (451976K) : backmetal1_drw has 0 polygons
2026-09-25 14:23:16 +0200: Memory Usage (451976K) : backmetal1_pin has 0 polygons
2026-09-25 14:23:16 +0200: Memory Usage (452240K) : backmetal1_mask has 0 polygons
2026-09-25 14:23:16 +0200: Memory Usage (452240K) : backmetal1_filler has 0 polygons
2026-09-25 14:23:16 +0200: Memory Usage (452504K) : backmetal1_nofill has 0 polygons
2026-09-25 14:23:16 +0200: Memory Usage (452504K) : backmetal1_slit has 0 polygons
2026-09-25 14:23:16 +0200: Memory Usage (452768K) : backmetal1_text has 0 polygons
2026-09-25 14:23:16 +0200: Memory Usage (452768K) : backmetal1_OPC has 0 polygons
2026-09-25 14:23:16 +0200: Memory Usage (453032K) : backmetal1_noqrc has 0 polygons
2026-09-25 14:23:16 +0200: Memory Usage (453032K) : backmetal1_res has 0 polygons
2026-09-25 14:23:16 +0200: Memory Usage (453296K) : backmetal1_iprobe has 0 polygons
2026-09-25 14:23:16 +0200: Memory Usage (453296K) : backmetal1_diffprb has 0 polygons
2026-09-25 14:23:16 +0200: Memory Usage (453560K) : backpassiv_drw has 0 polygons
2026-09-25 14:23:16 +0200: Memory Usage (453824K) : res_drw has 0 polygons
2026-09-25 14:23:16 +0200: Memory Usage (453824K) : sram_drw has 0 polygons
2026-09-25 14:23:16 +0200: Memory Usage (454088K) : trans_drw has 0 polygons
2026-09-25 14:23:16 +0200: Memory Usage (454088K) : ind_drw has 0 polygons
2026-09-25 14:23:16 +0200: Memory Usage (454352K) : ind_pin has 0 polygons
2026-09-25 14:23:16 +0200: Memory Usage (454352K) : ind_text has 0 polygons
2026-09-25 14:23:16 +0200: Memory Usage (454616K) : salblock_drw has 0 polygons
2026-09-25 14:23:16 +0200: Memory Usage (454616K) : via2_drw has 1661 polygons
2026-09-25 14:23:16 +0200: Memory Usage (455144K) : metal3_drw has 9 polygons
2026-09-25 14:23:16 +0200: Memory Usage (455144K) : metal3_filler has 0 polygons
2026-09-25 14:23:16 +0200: Memory Usage (455144K) : metal3_slit has 0 polygons
2026-09-25 14:23:16 +0200: Memory Usage (455408K) : metal3 has 9 polygons
2026-09-25 14:23:16 +0200: Memory Usage (455408K) : metal3_pin has 9 polygons
2026-09-25 14:23:16 +0200: Memory Usage (455672K) : metal3_mask has 0 polygons
2026-09-25 14:23:16 +0200: Memory Usage (455672K) : metal3_nofill has 0 polygons
2026-09-25 14:23:16 +0200: Memory Usage (455936K) : metal3_text has 9 polygons
2026-09-25 14:23:16 +0200: Memory Usage (455936K) : metal3_OPC has 0 polygons
2026-09-25 14:23:16 +0200: Memory Usage (456200K) : metal3_noqrc has 0 polygons
2026-09-25 14:23:16 +0200: Memory Usage (456200K) : metal3_res has 0 polygons
2026-09-25 14:23:16 +0200: Memory Usage (456464K) : metal3_iprobe has 0 polygons
2026-09-25 14:23:16 +0200: Memory Usage (456464K) : metal3_diffprb has 0 polygons
2026-09-25 14:23:16 +0200: Memory Usage (456728K) : nwell_drw has 5 polygons
2026-09-25 14:23:16 +0200: Memory Usage (456992K) : nwell_pin has 0 polygons
2026-09-25 14:23:16 +0200: Memory Usage (456992K) : nwell_text has 0 polygons
2026-09-25 14:23:16 +0200: Memory Usage (456992K) : nbulay_drw has 0 polygons
2026-09-25 14:23:16 +0200: Memory Usage (457256K) : nbulay_pin has 0 polygons
2026-09-25 14:23:16 +0200: Memory Usage (457520K) : nbulay_block has 0 polygons
2026-09-25 14:23:16 +0200: Memory Usage (457520K) : emwind_drw has 0 polygons
2026-09-25 14:23:16 +0200: Memory Usage (457784K) : emwind_OPC has 0 polygons
2026-09-25 14:23:16 +0200: Memory Usage (457784K) : deepco_drw has 0 polygons
2026-09-25 14:23:16 +0200: Memory Usage (458048K) : mim_drw has 0 polygons
2026-09-25 14:23:16 +0200: Memory Usage (458048K) : edgeseal_drw has 0 polygons
2026-09-25 14:23:16 +0200: Memory Usage (458312K) : substrate_drw has 4 polygons
2026-09-25 14:23:16 +0200: Memory Usage (458312K) : substrate_text has 0 polygons
2026-09-25 14:23:16 +0200: Memory Usage (458576K) : dfpad_drw has 0 polygons
2026-09-25 14:23:16 +0200: Memory Usage (458576K) : dfpad_pillar has 0 polygons
2026-09-25 14:23:16 +0200: Memory Usage (458840K) : dfpad_sbump has 0 polygons
2026-09-25 14:23:16 +0200: Memory Usage (458840K) : thickgateox_drw has 3 polygons
2026-09-25 14:23:16 +0200: Memory Usage (459104K) : pldb_drw has 0 polygons
2026-09-25 14:23:16 +0200: Memory Usage (459368K) : pwell_drw has 0 polygons
2026-09-25 14:23:16 +0200: Memory Usage (459368K) : pwell_pin has 0 polygons
2026-09-25 14:23:16 +0200: Memory Usage (459632K) : pwell_block has 0 polygons
2026-09-25 14:23:16 +0200: Memory Usage (459632K) : ic_drw has 0 polygons
2026-09-25 14:23:16 +0200: Memory Usage (459896K) : via3_drw has 2087 polygons
2026-09-25 14:23:16 +0200: Memory Usage (460424K) : metal4_drw has 8 polygons
2026-09-25 14:23:16 +0200: Memory Usage (460424K) : metal4_filler has 0 polygons
2026-09-25 14:23:16 +0200: Memory Usage (460424K) : metal4_slit has 0 polygons
2026-09-25 14:23:16 +0200: Memory Usage (460424K) : metal4 has 8 polygons
2026-09-25 14:23:16 +0200: Memory Usage (460688K) : metal4_pin has 8 polygons
2026-09-25 14:23:16 +0200: Memory Usage (460688K) : metal4_mask has 0 polygons
2026-09-25 14:23:16 +0200: Memory Usage (460952K) : metal4_nofill has 0 polygons
2026-09-25 14:23:16 +0200: Memory Usage (460952K) : metal4_text has 8 polygons
2026-09-25 14:23:16 +0200: Memory Usage (461216K) : metal4_OPC has 0 polygons
2026-09-25 14:23:16 +0200: Memory Usage (461216K) : metal4_noqrc has 0 polygons
2026-09-25 14:23:16 +0200: Memory Usage (461480K) : metal4_res has 0 polygons
2026-09-25 14:23:16 +0200: Memory Usage (461480K) : metal4_iprobe has 0 polygons
2026-09-25 14:23:16 +0200: Memory Usage (461744K) : metal4_diffprb has 0 polygons
2026-09-25 14:23:16 +0200: Memory Usage (462008K) : heattrans_drw has 0 polygons
2026-09-25 14:23:16 +0200: Memory Usage (462008K) : heatres_drw has 0 polygons
2026-09-25 14:23:16 +0200: Memory Usage (462272K) : fbe_drw has 0 polygons
2026-09-25 14:23:16 +0200: Memory Usage (462272K) : empoly_drw has 0 polygons
2026-09-25 14:23:16 +0200: Memory Usage (462536K) : digisub_drw has 0 polygons
2026-09-25 14:23:16 +0200: Memory Usage (462536K) : text_drw has 14 polygons
2026-09-25 14:23:16 +0200: Memory Usage (462800K) : via4_drw has 2371 polygons
2026-09-25 14:23:16 +0200: Memory Usage (463328K) : metal5_drw has 8 polygons
2026-09-25 14:23:16 +0200: Memory Usage (463328K) : metal5_filler has 0 polygons
2026-09-25 14:23:16 +0200: Memory Usage (463328K) : metal5_slit has 0 polygons
2026-09-25 14:23:16 +0200: Memory Usage (463328K) : metal5 has 8 polygons
2026-09-25 14:23:16 +0200: Memory Usage (463592K) : metal5_pin has 8 polygons
2026-09-25 14:23:16 +0200: Memory Usage (463592K) : metal5_mask has 0 polygons
2026-09-25 14:23:16 +0200: Memory Usage (463856K) : metal5_nofill has 0 polygons
2026-09-25 14:23:16 +0200: Memory Usage (463856K) : metal5_text has 8 polygons
2026-09-25 14:23:16 +0200: Memory Usage (463856K) : metal5_OPC has 0 polygons
2026-09-25 14:23:16 +0200: Memory Usage (464120K) : metal5_noqrc has 0 polygons
2026-09-25 14:23:16 +0200: Memory Usage (464120K) : metal5_res has 0 polygons
2026-09-25 14:23:16 +0200: Memory Usage (464384K) : metal5_iprobe has 0 polygons
2026-09-25 14:23:16 +0200: Memory Usage (464384K) : metal5_diffprb has 0 polygons
2026-09-25 14:23:16 +0200: Memory Usage (464648K) : radhard_drw has 0 polygons
2026-09-25 14:23:16 +0200: Memory Usage (464648K) : memcap_drw has 0 polygons
2026-09-25 14:23:16 +0200: Memory Usage (464912K) : varicap_drw has 0 polygons
2026-09-25 14:23:16 +0200: Memory Usage (464912K) : intbondvia_drw has 0 polygons
2026-09-25 14:23:16 +0200: Memory Usage (464912K) : intbondmet_drw has 0 polygons
2026-09-25 14:23:16 +0200: Memory Usage (465176K) : devbondvia_drw has 0 polygons
2026-09-25 14:23:16 +0200: Memory Usage (465176K) : devbondmet_drw has 0 polygons
2026-09-25 14:23:16 +0200: Memory Usage (465440K) : devtrench_drw has 0 polygons
2026-09-25 14:23:16 +0200: Memory Usage (465440K) : redist_drw has 0 polygons
2026-09-25 14:23:16 +0200: Memory Usage (465704K) : graphbot_drw has 0 polygons
2026-09-25 14:23:16 +0200: Memory Usage (465704K) : graphtop_drw has 0 polygons
2026-09-25 14:23:16 +0200: Memory Usage (465968K) : antvia1_drw has 0 polygons
2026-09-25 14:23:16 +0200: Memory Usage (465968K) : antmetal2_drw has 0 polygons
2026-09-25 14:23:16 +0200: Memory Usage (465968K) : graphcont_drw has 0 polygons
2026-09-25 14:23:16 +0200: Memory Usage (466232K) : siwg_drw has 0 polygons
2026-09-25 14:23:16 +0200: Memory Usage (466232K) : siwg_filler has 0 polygons
2026-09-25 14:23:16 +0200: Memory Usage (466496K) : siwg_nofill has 0 polygons
2026-09-25 14:23:16 +0200: Memory Usage (466496K) : sigrating_drw has 0 polygons
2026-09-25 14:23:16 +0200: Memory Usage (466760K) : singrating_drw has 0 polygons
2026-09-25 14:23:16 +0200: Memory Usage (466760K) : graphpas_drw has 0 polygons
2026-09-25 14:23:16 +0200: Memory Usage (466760K) : emwind3_drw has 0 polygons
2026-09-25 14:23:16 +0200: Memory Usage (467024K) : emwihv3_drw has 0 polygons
2026-09-25 14:23:16 +0200: Memory Usage (467024K) : redbulay_drw has 0 polygons
2026-09-25 14:23:16 +0200: Memory Usage (467288K) : smos_drw has 0 polygons
2026-09-25 14:23:16 +0200: Memory Usage (467288K) : graphpad_drw has 0 polygons
2026-09-25 14:23:16 +0200: Memory Usage (467552K) : polimide_drw has 0 polygons
2026-09-25 14:23:16 +0200: Memory Usage (467552K) : polimide_pin has 0 polygons
2026-09-25 14:23:16 +0200: Memory Usage (467552K) : recog_drw has 0 polygons
2026-09-25 14:23:16 +0200: Memory Usage (467816K) : recog_pin has 0 polygons
2026-09-25 14:23:16 +0200: Memory Usage (467816K) : recog_esd has 0 polygons
2026-09-25 14:23:16 +0200: Memory Usage (468080K) : recog_diode has 6 polygons
2026-09-25 14:23:16 +0200: Memory Usage (468080K) : recog_tsv has 0 polygons
2026-09-25 14:23:16 +0200: Memory Usage (468344K) : recog_iprobe has 0 polygons
2026-09-25 14:23:16 +0200: Memory Usage (468344K) : recog_diffprb has 0 polygons
2026-09-25 14:23:16 +0200: Memory Usage (468608K) : recog_pillar has 0 polygons
2026-09-25 14:23:16 +0200: Memory Usage (468608K) : recog_sbump has 0 polygons
2026-09-25 14:23:16 +0200: Memory Usage (468608K) : recog_otp has 0 polygons
2026-09-25 14:23:16 +0200: Memory Usage (468872K) : recog_pdiode has 0 polygons
2026-09-25 14:23:16 +0200: Memory Usage (468872K) : recog_mom has 0 polygons
2026-09-25 14:23:16 +0200: Memory Usage (469136K) : recog_momf has 0 polygons
2026-09-25 14:23:16 +0200: Memory Usage (469136K) : recog_pcm has 0 polygons
2026-09-25 14:23:16 +0200: Memory Usage (469400K) : colopen_drw has 0 polygons
2026-09-25 14:23:16 +0200: Memory Usage (469400K) : graphmetal1_drw has 0 polygons
2026-09-25 14:23:16 +0200: Memory Usage (469400K) : graphmetal1_filler has 0 polygons
2026-09-25 14:23:16 +0200: Memory Usage (469664K) : graphmetal1_nofill has 0 polygons
2026-09-25 14:23:16 +0200: Memory Usage (469664K) : graphmetal1_slit has 0 polygons
2026-09-25 14:23:16 +0200: Memory Usage (469928K) : graphmetal1_OPC has 0 polygons
2026-09-25 14:23:16 +0200: Memory Usage (469928K) : graphmet1l_drw has 0 polygons
2026-09-25 14:23:16 +0200: Memory Usage (470192K) : graphmet1l_filler has 0 polygons
2026-09-25 14:23:16 +0200: Memory Usage (470192K) : graphmet1l_nofill has 0 polygons
2026-09-25 14:23:16 +0200: Memory Usage (470456K) : graphmet1l_slit has 0 polygons
2026-09-25 14:23:16 +0200: Memory Usage (470456K) : graphmet1l_OPC has 0 polygons
2026-09-25 14:23:16 +0200: Memory Usage (470456K) : extblock_drw has 0 polygons
2026-09-25 14:23:16 +0200: Memory Usage (470720K) : nldd_drw has 0 polygons
2026-09-25 14:23:16 +0200: Memory Usage (470720K) : pldd_drw has 0 polygons
2026-09-25 14:23:16 +0200: Memory Usage (470984K) : next_drw has 0 polygons
2026-09-25 14:23:16 +0200: Memory Usage (470984K) : pext_drw has 0 polygons
2026-09-25 14:23:16 +0200: Memory Usage (471248K) : nexthv_drw has 0 polygons
2026-09-25 14:23:16 +0200: Memory Usage (471248K) : pexthv_drw has 0 polygons
2026-09-25 14:23:16 +0200: Memory Usage (471512K) : graphgate_drw has 0 polygons
2026-09-25 14:23:16 +0200: Memory Usage (471512K) : sinwg_drw has 0 polygons
2026-09-25 14:23:16 +0200: Memory Usage (471512K) : sinwg_filler has 0 polygons
2026-09-25 14:23:16 +0200: Memory Usage (471776K) : sinwg_nofill has 0 polygons
2026-09-25 14:23:16 +0200: Memory Usage (471776K) : mempad_drw has 0 polygons
2026-09-25 14:23:16 +0200: Memory Usage (472040K) : topvia1_drw has 2315 polygons
2026-09-25 14:23:16 +0200: Memory Usage (472568K) : topmetal1_drw has 8 polygons
2026-09-25 14:23:16 +0200: Memory Usage (472568K) : topmetal1_filler has 0 polygons
2026-09-25 14:23:16 +0200: Memory Usage (472568K) : topmetal1_slit has 0 polygons
2026-09-25 14:23:16 +0200: Memory Usage (472568K) : topmetal1 has 8 polygons
2026-09-25 14:23:16 +0200: Memory Usage (472568K) : topmetal1_pin has 8 polygons
2026-09-25 14:23:16 +0200: Memory Usage (472832K) : topmetal1_mask has 0 polygons
2026-09-25 14:23:16 +0200: Memory Usage (472832K) : topmetal1_nofill has 0 polygons
2026-09-25 14:23:16 +0200: Memory Usage (472832K) : topmetal1_text has 8 polygons
2026-09-25 14:23:16 +0200: Memory Usage (473096K) : topmetal1_noqrc has 0 polygons
2026-09-25 14:23:16 +0200: Memory Usage (473096K) : topmetal1_res has 0 polygons
2026-09-25 14:23:16 +0200: Memory Usage (473360K) : topmetal1_iprobe has 0 polygons
2026-09-25 14:23:16 +0200: Memory Usage (473360K) : topmetal1_diffprb has 0 polygons
2026-09-25 14:23:16 +0200: Memory Usage (473624K) : inldpwl_drw has 0 polygons
2026-09-25 14:23:16 +0200: Memory Usage (473624K) : polyres_drw has 0 polygons
2026-09-25 14:23:16 +0200: Memory Usage (473888K) : polyres_pin has 0 polygons
2026-09-25 14:23:16 +0200: Memory Usage (473888K) : vmim_drw has 0 polygons
2026-09-25 14:23:16 +0200: Memory Usage (473888K) : nbulaycut_drw has 0 polygons
2026-09-25 14:23:16 +0200: Memory Usage (474152K) : antmetal1_drw has 0 polygons
2026-09-25 14:23:16 +0200: Memory Usage (474152K) : topvia2_drw has 1593 polygons
2026-09-25 14:23:16 +0200: Memory Usage (474680K) : topmetal2_drw has 6 polygons
2026-09-25 14:23:16 +0200: Memory Usage (474680K) : topmetal2_filler has 0 polygons
2026-09-25 14:23:16 +0200: Memory Usage (474680K) : topmetal2_slit has 0 polygons
2026-09-25 14:23:16 +0200: Memory Usage (474680K) : topmetal2 has 6 polygons
2026-09-25 14:23:16 +0200: Memory Usage (474944K) : topmetal2_pin has 6 polygons
2026-09-25 14:23:16 +0200: Memory Usage (474944K) : topmetal2_mask has 0 polygons
2026-09-25 14:23:16 +0200: Memory Usage (475208K) : topmetal2_nofill has 0 polygons
2026-09-25 14:23:16 +0200: Memory Usage (475208K) : topmetal2_text has 6 polygons
2026-09-25 14:23:16 +0200: Memory Usage (475208K) : topmetal2_noqrc has 0 polygons
2026-09-25 14:23:16 +0200: Memory Usage (475472K) : topmetal2_res has 0 polygons
2026-09-25 14:23:16 +0200: Memory Usage (475472K) : topmetal2_iprobe has 0 polygons
2026-09-25 14:23:16 +0200: Memory Usage (475472K) : topmetal2_diffprb has 0 polygons
2026-09-25 14:23:16 +0200: Memory Usage (475472K) : snsring_drw has 0 polygons
2026-09-25 14:23:16 +0200: Memory Usage (475472K) : sensor_drw has 0 polygons
2026-09-25 14:23:16 +0200: Memory Usage (475472K) : snsarms_drw has 0 polygons
2026-09-25 14:23:16 +0200: Memory Usage (475472K) : snscmosvia_drw has 0 polygons
2026-09-25 14:23:16 +0200: Memory Usage (475472K) : colwind_drw has 0 polygons
2026-09-25 14:23:16 +0200: Memory Usage (475472K) : flm_drw has 0 polygons
2026-09-25 14:23:16 +0200: Memory Usage (475472K) : hafniumox_drw has 0 polygons
2026-09-25 14:23:16 +0200: Memory Usage (475472K) : memvia_drw has 0 polygons
2026-09-25 14:23:16 +0200: Memory Usage (475472K) : thinfilmres_drw has 0 polygons
2026-09-25 14:23:16 +0200: Memory Usage (475472K) : rfmem_drw has 0 polygons
2026-09-25 14:23:16 +0200: Memory Usage (475472K) : norcx_drw has 0 polygons
2026-09-25 14:23:16 +0200: Memory Usage (475472K) : norcx_m2m3 has 0 polygons
2026-09-25 14:23:16 +0200: Memory Usage (475472K) : norcx_m2m4 has 0 polygons
2026-09-25 14:23:16 +0200: Memory Usage (475472K) : norcx_m2m5 has 0 polygons
2026-09-25 14:23:16 +0200: Memory Usage (475472K) : norcx_m2tm1 has 0 polygons
2026-09-25 14:23:16 +0200: Memory Usage (475472K) : norcx_m2tm2 has 0 polygons
2026-09-25 14:23:16 +0200: Memory Usage (475472K) : norcx_m3m4 has 0 polygons
2026-09-25 14:23:16 +0200: Memory Usage (475472K) : norcx_m3m5 has 0 polygons
2026-09-25 14:23:16 +0200: Memory Usage (475472K) : norcx_m3tm1 has 0 polygons
2026-09-25 14:23:16 +0200: Memory Usage (475472K) : norcx_m3tm2 has 0 polygons
2026-09-25 14:23:16 +0200: Memory Usage (475472K) : norcx_m4m5 has 0 polygons
2026-09-25 14:23:16 +0200: Memory Usage (475472K) : norcx_m4tm1 has 0 polygons
2026-09-25 14:23:16 +0200: Memory Usage (475472K) : norcx_m4tm2 has 0 polygons
2026-09-25 14:23:16 +0200: Memory Usage (475472K) : norcx_m5tm1 has 0 polygons
2026-09-25 14:23:16 +0200: Memory Usage (475472K) : norcx_m5tm2 has 0 polygons
2026-09-25 14:23:16 +0200: Memory Usage (475472K) : norcx_tm1tm2 has 0 polygons
2026-09-25 14:23:16 +0200: Memory Usage (475472K) : norcx_m1sub has 0 polygons
2026-09-25 14:23:16 +0200: Memory Usage (475472K) : norcx_m2sub has 0 polygons
2026-09-25 14:23:16 +0200: Memory Usage (475472K) : norcx_m3sub has 0 polygons
2026-09-25 14:23:16 +0200: Memory Usage (475472K) : norcx_m4sub has 0 polygons
2026-09-25 14:23:16 +0200: Memory Usage (475472K) : norcx_m5sub has 0 polygons
2026-09-25 14:23:16 +0200: Memory Usage (475472K) : norcx_tm1sub has 0 polygons
2026-09-25 14:23:16 +0200: Memory Usage (475472K) : norcx_tm2sub has 0 polygons
2026-09-25 14:23:16 +0200: Memory Usage (475472K) : snsbotvia_drw has 0 polygons
2026-09-25 14:23:16 +0200: Memory Usage (475472K) : snstopvia_drw has 0 polygons
2026-09-25 14:23:16 +0200: Memory Usage (475472K) : deepvia_drw has 0 polygons
2026-09-25 14:23:16 +0200: Memory Usage (475472K) : fgetch_drw has 0 polygons
2026-09-25 14:23:16 +0200: Memory Usage (475472K) : ctrgat_drw has 0 polygons
2026-09-25 14:23:16 +0200: Memory Usage (475472K) : fgimp_drw has 0 polygons
2026-09-25 14:23:16 +0200: Memory Usage (475472K) : emwihv_drw has 0 polygons
2026-09-25 14:23:16 +0200: Memory Usage (475472K) : lbe_drw has 0 polygons
2026-09-25 14:23:16 +0200: Memory Usage (475472K) : alcustop_drw has 0 polygons
2026-09-25 14:23:16 +0200: Memory Usage (475472K) : nometfiller_drw has 0 polygons
2026-09-25 14:23:16 +0200: Memory Usage (475472K) : prboundary_drw has 0 polygons
2026-09-25 14:23:16 +0200: Memory Usage (475472K) : exchange0_drw has 0 polygons
2026-09-25 14:23:16 +0200: Memory Usage (475472K) : exchange0_pin has 0 polygons
2026-09-25 14:23:16 +0200: Memory Usage (475472K) : exchange0_text has 0 polygons
2026-09-25 14:23:16 +0200: Memory Usage (475472K) : exchange1_drw has 0 polygons
2026-09-25 14:23:16 +0200: Memory Usage (475472K) : exchange1_pin has 0 polygons
2026-09-25 14:23:16 +0200: Memory Usage (475472K) : exchange1_text has 0 polygons
2026-09-25 14:23:16 +0200: Memory Usage (475472K) : exchange2_drw has 0 polygons
2026-09-25 14:23:16 +0200: Memory Usage (475472K) : exchange2_pin has 0 polygons
2026-09-25 14:23:16 +0200: Memory Usage (475472K) : exchange2_text has 0 polygons
2026-09-25 14:23:16 +0200: Memory Usage (475472K) : exchange3_drw has 0 polygons
2026-09-25 14:23:16 +0200: Memory Usage (475472K) : exchange3_pin has 0 polygons
2026-09-25 14:23:16 +0200: Memory Usage (475472K) : exchange3_text has 0 polygons
2026-09-25 14:23:16 +0200: Memory Usage (475472K) : exchange4_drw has 0 polygons
2026-09-25 14:23:16 +0200: Memory Usage (475472K) : exchange4_pin has 0 polygons
2026-09-25 14:23:16 +0200: Memory Usage (475472K) : exchange4_text has 0 polygons
2026-09-25 14:23:16 +0200: Memory Usage (475472K) : isonwell_drw has 0 polygons
2026-09-25 14:23:16 +0200: Memory Usage (475472K) : Total no. of polygons in the design is 58835
2026-09-25 14:23:16 +0200: Memory Usage (475472K) : Starting base layers derivations
2026-09-25 14:23:16 +0200: Memory Usage (475472K) : Starting general LVS derivations
2026-09-25 14:23:16 +0200: Memory Usage (475472K) : Starting MOSFET DERIVATIONS
2026-09-25 14:23:16 +0200: Memory Usage (475472K) : Starting NMOS DERIVATIONS
2026-09-25 14:23:16 +0200: Memory Usage (475472K) : Starting PMOS DERIVATIONS
2026-09-25 14:23:16 +0200: Memory Usage (475472K) : Starting RF-MOSFET DERIVATIONS
2026-09-25 14:23:16 +0200: Memory Usage (475472K) : Starting RF-NMOS DERIVATIONS
2026-09-25 14:23:16 +0200: Memory Usage (475472K) : Starting RF-PMOS DERIVATIONS
2026-09-25 14:23:16 +0200: Memory Usage (475472K) : Starting BJT DERIVATIONS
2026-09-25 14:23:16 +0200: Memory Usage (475472K) : Starting NPN-BJT DERIVATIONS
2026-09-25 14:23:17 +0200: Memory Usage (477136K) : Starting PNP-BJT DERIVATIONS
2026-09-25 14:23:17 +0200: Memory Usage (477200K) : Starting DIODE DERIVATIONS
2026-09-25 14:23:17 +0200: Memory Usage (478196K) : Starting RESISTOR DERIVATIONS
2026-09-25 14:23:17 +0200: Memory Usage (478196K) : Starting CAP DERIVATIONS
2026-09-25 14:23:17 +0200: Memory Usage (478196K) : Starting CAP_CMOM DERIVATIONS
2026-09-25 14:23:17 +0200: Memory Usage (478196K) : Starting CAP_CMOMF DERIVATIONS
2026-09-25 14:23:17 +0200: Memory Usage (478196K) : Starting ESD DERIVATIONS
2026-09-25 14:23:17 +0200: Memory Usage (478720K) : Starting Inductor DERIVATIONS
2026-09-25 14:23:17 +0200: Memory Usage (478720K) : Starting Taps DERIVATIONS
2026-09-25 14:23:17 +0200: Memory Usage (478720K) : Starting SG13G2 LVS connectivity setup
2026-09-25 14:23:17 +0200: Memory Usage (478720K) : Starting SG13G2 LVS connectivity setup (Inter-layer)
2026-09-25 14:23:17 +0200: Memory Usage (478720K) : Starting SG13G2 LVS connectivity setup (Global)
2026-09-25 14:23:17 +0200: Memory Usage (478720K) : Starting LVS MOSFET CONNECTIONS
2026-09-25 14:23:17 +0200: Memory Usage (478720K) : Starting LVS RF-MOSFET CONNECTIONS
2026-09-25 14:23:17 +0200: Memory Usage (478720K) : Starting LVS BJT CONNECTIONS
2026-09-25 14:23:17 +0200: Memory Usage (478720K) : Starting LVS DIODE CONNECTIONS
2026-09-25 14:23:17 +0200: Memory Usage (478720K) : Starting RESISTOR CONNECTIONS
2026-09-25 14:23:17 +0200: Memory Usage (478720K) : Starting LVS CAP CONNECTIONS
2026-09-25 14:23:17 +0200: Memory Usage (478720K) : Starting CAP_CMOM CONNECTIONS
2026-09-25 14:23:17 +0200: Memory Usage (478720K) : Starting CAP_CMOMF CONNECTIONS
2026-09-25 14:23:17 +0200: Memory Usage (478720K) : Starting ESD CONNECTIONS
2026-09-25 14:23:17 +0200: Memory Usage (478720K) : Starting Inductor CONNECTIONS
2026-09-25 14:23:17 +0200: Memory Usage (478720K) : Starting LVS Taps CONNECTIONS
2026-09-25 14:23:17 +0200: Memory Usage (478720K) : Starting SG13G2 LVS DEVICES EXTRACTION
2026-09-25 14:23:17 +0200: Memory Usage (478720K) : Starting MOSFET EXTRACTION
2026-09-25 14:23:17 +0200: Memory Usage (478720K) : Starting NMOS EXTRACTION
2026-09-25 14:23:17 +0200: Memory Usage (478720K) : Extraction of NMOS-LV transistor
2026-09-25 14:23:17 +0200: Memory Usage (478720K) : Extraction of NMOS-HV transistor
2026-09-25 14:23:17 +0200: Memory Usage (478720K) : Starting PMOS EXTRACTION
2026-09-25 14:23:17 +0200: Memory Usage (478720K) : Extraction of PMOS-LV transistor
2026-09-25 14:23:17 +0200: Memory Usage (478720K) : Extraction of PMOS-HV transistor
2026-09-25 14:23:17 +0200: Memory Usage (478720K) : Starting RF-MOSFET EXTRACTION
2026-09-25 14:23:17 +0200: Memory Usage (478720K) : Extraction of RF-NMOS-LV transistor
2026-09-25 14:23:17 +0200: Memory Usage (478720K) : Extraction of RF-NMOS-HV transistor
2026-09-25 14:23:17 +0200: Memory Usage (478720K) : Extraction of RF-PMOS-LV transistor
2026-09-25 14:23:17 +0200: Memory Usage (478720K) : Extraction of RF-PMOS-HV transistor
2026-09-25 14:23:17 +0200: Memory Usage (478720K) : Starting BJT EXTRACTION
2026-09-25 14:23:17 +0200: Memory Usage (478720K) : Starting NPN-BJT EXTRACTION
2026-09-25 14:23:17 +0200: Memory Usage (478720K) : Extraction of npn13G2 BJT transistor
2026-09-25 14:23:17 +0200: Memory Usage (478720K) : Extraction of npn13G2L BJT transistor
2026-09-25 14:23:17 +0200: Memory Usage (478720K) : Extraction of npn13G2V BJT transistor
2026-09-25 14:23:17 +0200: Memory Usage (478720K) : Starting PNP-BJT EXTRACTION
2026-09-25 14:23:17 +0200: Memory Usage (478720K) : Extracting pnpMPA BJT
2026-09-25 14:23:17 +0200: Memory Usage (478720K) : Starting DIODE EXTRACTION
2026-09-25 14:23:17 +0200: Memory Usage (478720K) : Extracting dantenna diode
2026-09-25 14:23:17 +0200: Memory Usage (478720K) : Extracting dpantenna diode
2026-09-25 14:23:17 +0200: Memory Usage (478720K) : Extracting schottky_nbl1 diode
2026-09-25 14:23:17 +0200: Memory Usage (478720K) : Extracting isolbox diode
2026-09-25 14:23:17 +0200: Memory Usage (478720K) : Starting RESISTOR EXTRACTION
2026-09-25 14:23:17 +0200: Memory Usage (478720K) : Extracting rsil resistor
2026-09-25 14:23:17 +0200: Memory Usage (478720K) : Extracting rppd resistor
2026-09-25 14:23:17 +0200: Memory Usage (478720K) : Extracting rhigh resistor
2026-09-25 14:23:17 +0200: Memory Usage (478720K) : Extracting res_metal1 resistor
2026-09-25 14:23:17 +0200: Memory Usage (478720K) : Extracting res_metal2 resistor
2026-09-25 14:23:17 +0200: Memory Usage (478720K) : Extracting res_metal3 resistor
2026-09-25 14:23:17 +0200: Memory Usage (478720K) : Extracting res_metal4 resistor
2026-09-25 14:23:17 +0200: Memory Usage (478720K) : Extracting res_metal5 resistor
2026-09-25 14:23:17 +0200: Memory Usage (478720K) : Extracting res_topmetal1 resistor
2026-09-25 14:23:17 +0200: Memory Usage (478720K) : Extracting res_topmetal2 resistor
2026-09-25 14:23:17 +0200: Memory Usage (478720K) : Starting CAP EXTRACTION
2026-09-25 14:23:17 +0200: Memory Usage (478720K) : Extracting cap_cmim device
2026-09-25 14:23:17 +0200: Memory Usage (478720K) : Extracting rfcmim device
2026-09-25 14:23:17 +0200: Memory Usage (478720K) : Extracting sg13_hv_svaricap varactor
2026-09-25 14:23:17 +0200: Memory Usage (478720K) : Extracting cap_cmomi device
2026-09-25 14:23:17 +0200: Memory Usage (478720K) : Extracting cap_cmomf device
2026-09-25 14:23:17 +0200: Memory Usage (478720K) : Extracting sg13_moscap_n capacitor
2026-09-25 14:23:17 +0200: Memory Usage (478720K) : Extracting sg13_moscap_p capacitor
2026-09-25 14:23:17 +0200: Memory Usage (478720K) : Starting ESD EXTRACTION
2026-09-25 14:23:17 +0200: Memory Usage (478720K) : Extracting diodevdd_2kv ESD device
2026-09-25 14:23:17 +0200: Memory Usage (478720K) : Extracting diodevdd_4kv ESD device
2026-09-25 14:23:17 +0200: Memory Usage (478720K) : Extracting diodevss_2kv ESD device
2026-09-25 14:23:17 +0200: Memory Usage (478720K) : Extracting diodevss_4kv ESD device
2026-09-25 14:23:18 +0200: Memory Usage (478720K) : Extracting idiodevdd_2kv ESD device
2026-09-25 14:23:18 +0200: Memory Usage (478720K) : Extracting idiodevdd_4kv ESD device
2026-09-25 14:23:18 +0200: Memory Usage (478720K) : Extracting idiodevss_2kv ESD device
2026-09-25 14:23:18 +0200: Memory Usage (478720K) : Extracting idiodevss_4kv ESD device
2026-09-25 14:23:18 +0200: Memory Usage (478720K) : Extracting nmoscl_2 ESD device
2026-09-25 14:23:18 +0200: Memory Usage (478720K) : Extracting nmoscl_4 ESD device
2026-09-25 14:23:18 +0200: Memory Usage (478720K) : Starting Inductor EXTRACTION
2026-09-25 14:23:18 +0200: Memory Usage (478720K) : Extracting Inductor2 device
2026-09-25 14:23:18 +0200: Memory Usage (478720K) : Extracting Inductor3 device
2026-09-25 14:23:18 +0200: Memory Usage (478720K) : Starting Taps EXTRACTION
2026-09-25 14:23:18 +0200: Memory Usage (478720K) : Extracting ntap1 device
2026-09-25 14:23:18 +0200: Memory Usage (478720K) : Extracting ptap1 device
2026-09-25 14:23:18 +0200: Memory Usage (478720K) : Starting SG13G2 LVS RF MOS Model Mapping
2026-09-25 14:23:18 +0200: Memory Usage (483040K) : [layout_netlist] Apply RF MOS model mapping and rfmode parameter.
2026-09-25 14:23:18 +0200: Memory Usage (483040K) : Starting SG13G2 LVS Options Preparations
2026-09-25 14:23:18 +0200: Memory Usage (483040K) : SG13G2 LVS flow: extraction -> alignment -> option preparation -> comparison.
2026-09-25 14:23:18 +0200: Memory Usage (483040K) : Starting SG13G2 LVS Alignment
2026-09-25 14:23:18 +0200: Memory Usage (483040K) : Starting SG13G2 LVS Simplification
2026-09-25 14:23:18 +0200: Memory Usage (483040K) : [layout_netlist] simplify: ENABLED
2026-09-25 14:23:18 +0200: Memory Usage (483040K) : [layout_netlist] make_top_level_pins: ENABLED
2026-09-25 14:23:18 +0200: Memory Usage (483040K) : [layout_netlist] combine_devices: SKIPPED
2026-09-25 14:23:18 +0200: Memory Usage (483040K) : [layout_netlist] purge: SKIPPED
2026-09-25 14:23:18 +0200: Memory Usage (483040K) : [layout_netlist] purge_nets: SKIPPED
2026-09-25 14:23:18 +0200: Memory Usage (483040K) : [layout_netlist] purge_devices: SKIPPED
2026-09-25 14:23:18 +0200: Memory Usage (483040K) : [schematic_netlist] simplify: ENABLED
2026-09-25 14:23:18 +0200: Memory Usage (483040K) : [schematic_netlist] make_top_level_pins: ENABLED
2026-09-25 14:23:18 +0200: Memory Usage (483040K) : [schematic_netlist] combine_devices: SKIPPED
2026-09-25 14:23:18 +0200: Memory Usage (483040K) : [schematic_netlist] purge: SKIPPED
2026-09-25 14:23:18 +0200: Memory Usage (483040K) : [schematic_netlist] purge_nets: SKIPPED
2026-09-25 14:23:18 +0200: Memory Usage (483040K) : [schematic_netlist] purge_devices: SKIPPED
2026-09-25 14:23:18 +0200: Memory Usage (483040K) : Starting SG13G2 LVS Comparison in strict port mode.
2026-09-25 14:23:18 +0200: Memory Usage (483040K) : flag_missing_ports enabled: missing/mislabeled top-level ports are treated as errors.
2026-09-25 14:23:18 +0200: Memory Usage (483040K) : xxxxxxxxxxxxxxxxxxxxxxxxxxxxxxxxxxxxxxxxxx
2026-09-25 14:23:18 +0200: Memory Usage (483040K) : ERROR : Netlists don't match
2026-09-25 14:23:18 +0200: Memory Usage (483040K) : xxxxxxxxxxxxxxxxxxxxxxxxxxxxxxxxxxxxxxxxxx
2026-09-25 14:23:18 +0200: Memory Usage (483040K) : LVS Total Run time 3.105387 seconds
25-Sep-2026 14:23:19 | INFO    | ==============================================================================
25-Sep-2026 14:23:19 | INFO    | Important Summary
25-Sep-2026 14:23:19 | INFO    | +------------------+----------------------------------------------------------------------------------+
25-Sep-2026 14:23:19 | INFO    | | Status           | FAIL                                                                             |
25-Sep-2026 14:23:19 | INFO    | | Mode             | COMPARE                                                                          |
25-Sep-2026 14:23:19 | INFO    | | Outcome          | Comparison mode: FAIL (netlists do not match).                                   |
25-Sep-2026 14:23:19 | INFO    | | Layout           | io_dev_4fd47c5e.gds                                                              |
25-Sep-2026 14:23:19 | INFO    | | Top Cell         | sg13g2_IOPadOut30mA                                                              |
25-Sep-2026 14:23:19 | INFO    | | Results Dir      | ${W}/runs/devdeck_devgds_globalsub/sg13g2_IOPadOut30mA |
25-Sep-2026 14:23:19 | INFO    | | Warnings         | 0                                                                                |
25-Sep-2026 14:23:19 | INFO    | | Errors           | 1                                                                                |
25-Sep-2026 14:23:19 | INFO    | | Run Time (s)     | 6.553                                                                            |
25-Sep-2026 14:23:19 | INFO    | +------------------+----------------------------------------------------------------------------------+
25-Sep-2026 14:23:19 | ERROR   | Key errors:
25-Sep-2026 14:23:19 | ERROR   |   - 2026-09-25 14:23:18 +0200: Memory Usage (483040K) : ERROR : Netlists don't match
25-Sep-2026 14:23:19 | INFO    | ==============================================================================
