Clock osc_clk
rise -> rise
    min     max
 0.0000  0.0000 source latency
 0.3445         network latency _6728_/CLK
         0.4425 network latency _6134_/CLK
---------------
 0.3445  0.4425 latency
         0.0981 skew

fall -> fall
    min     max
 0.0000  0.0000 source latency
 0.3588         network latency _6728_/CLK
         0.4608 network latency _6120_/CLK
---------------
 0.3588  0.4608 latency
         0.1020 skew


Clock sclk
rise -> rise
    min     max
 0.0000  0.0000 source latency
 0.2246         network latency _6765_/CLK
         0.2487 network latency _5744_/CLK
---------------
 0.2246  0.2487 latency
         0.0242 skew

rise -> fall
    min     max
 0.0000  0.0000 source latency
 0.2641         network latency _5706_/CLK
         0.2925 network latency _5701_/CLK
---------------
 0.2641  0.2925 latency
         0.0284 skew

fall -> rise
    min     max
 0.0000  0.0000 source latency
 0.2816         network latency _5706_/CLK
         0.3114 network latency _5701_/CLK
---------------
 0.2816  0.3114 latency
         0.0297 skew

fall -> fall
    min     max
 0.0000  0.0000 source latency
 0.2381         network latency _6765_/CLK
         0.2603 network latency _5744_/CLK
---------------
 0.2381  0.2603 latency
         0.0221 skew


