Startpoint: _6781_ (rising edge-triggered flip-flop clocked by osc_clk)
Endpoint: _6054_ (recovery check against rising-edge clock osc_clk)
Path Group: asynchronous
Path Type: max

Fanout       Cap      Slew     Delay      Time   Description
-------------------------------------------------------------------------------------
                              0.0000    0.0000   clock osc_clk (rise edge)
                              0.0000    0.0000   clock source latency
     1    0.0541    0.0000    0.0000    0.0000 ^ osc_clk (in)
                                                 osc_clk (net)
     2    0.0404    0.0232    0.0681    0.0681 ^ clkbuf_0_osc_clk/X (sg13g2_buf_16)
                                                 clknet_0_osc_clk (net)
     8    0.1852    0.0579    0.0882    0.1563 ^ clkbuf_fanout_split0_osc_clk_cell/X (sg13g2_buf_16)
                                                 clkbuf_fanout_split0_osc_clk (net)
     2    0.0410    0.0345    0.1176    0.2739 ^ clkbuf_4_15_0_osc_clk/X (sg13g2_buf_8)
                                                 clknet_4_15_0_osc_clk (net)
     5    0.0727    0.0311    0.0790    0.3529 ^ clkbuf_5_31__f_osc_clk/X (sg13g2_buf_16)
                                                 clknet_5_31__leaf_osc_clk (net)
     8    0.0332    0.0296    0.0814    0.4343 ^ clkbuf_leaf_80_osc_clk/X (sg13g2_buf_8)
                                                 clknet_leaf_80_osc_clk (net)
                    0.0296    0.0013    0.4356 ^ _6781_/CLK (sg13g2_dfrbpq_1)
     1    0.0083    0.0436    0.1827    0.6182 ^ _6781_/Q (sg13g2_dfrbpq_1)
                                                 u_core.rs1 (net)
     4    0.0788    0.3250    0.2717    0.8900 ^ fanout345/X (sg13g2_buf_1)
                                                 net345 (net)
     4    0.0833    0.3439    0.3624    1.2524 ^ fanout344/X (sg13g2_buf_1)
                                                 net344 (net)
     5    0.0658    0.2735    0.3247    1.5770 ^ fanout307/X (sg13g2_buf_1)
                                                 net307 (net)
     4    0.0462    0.1941    0.2582    1.8352 ^ fanout294/X (sg13g2_buf_1)
                                                 net294 (net)
     5    0.0763    0.3159    0.3181    2.1534 ^ fanout288/X (sg13g2_buf_1)
                                                 net288 (net)
     8    0.1103    0.4538    0.4414    2.5948 ^ fanout287/X (sg13g2_buf_1)
                                                 net287 (net)
     8    0.0991    0.4077    0.4321    3.0269 ^ fanout286/X (sg13g2_buf_1)
                                                 net286 (net)
                    0.4092    0.0202    3.0471 ^ _6054_/RESET_B (sg13g2_dfrbpq_1)
                                        3.0471   data arrival time

                            100.0000  100.0000   clock osc_clk (rise edge)
                              0.0000  100.0000   clock source latency
     1    0.0515    0.0000    0.0000  100.0000 ^ osc_clk (in)
                                                 osc_clk (net)
     2    0.0351    0.0220    0.0662  100.0662 ^ clkbuf_0_osc_clk/X (sg13g2_buf_16)
                                                 clknet_0_osc_clk (net)
     8    0.1750    0.0568    0.0887  100.1548 ^ clkbuf_fanout_split1_osc_clk_cell/X (sg13g2_buf_16)
                                                 clkbuf_fanout_split1_osc_clk (net)
     2    0.0406    0.0340    0.1045  100.2593 ^ clkbuf_4_7_0_osc_clk/X (sg13g2_buf_8)
                                                 clknet_4_7_0_osc_clk (net)
     5    0.0668    0.0298    0.0760  100.3353 ^ clkbuf_5_14__f_osc_clk/X (sg13g2_buf_16)
                                                 clknet_5_14__leaf_osc_clk (net)
     8    0.0298    0.0280    0.0765  100.4118 ^ clkbuf_leaf_55_osc_clk/X (sg13g2_buf_8)
                                                 clknet_leaf_55_osc_clk (net)
                    0.0280    0.0010  100.4128 ^ _6054_/CLK (sg13g2_dfrbpq_1)
                             -0.5000   99.9128   clock uncertainty
                              0.0019   99.9147   clock reconvergence pessimism
                             -0.2395   99.6752   library recovery time
                                       99.6752   data required time
-------------------------------------------------------------------------------------
                                       99.6752   data required time
                                       -3.0471   data arrival time
-------------------------------------------------------------------------------------
                                       96.6281   slack (MET)


Startpoint: _5829_ (rising edge-triggered flip-flop clocked by osc_clk)
Endpoint: dac_soft[2] (output port clocked by osc_clk)
Path Group: osc_clk
Path Type: max

Fanout       Cap      Slew     Delay      Time   Description
-------------------------------------------------------------------------------------
                              0.0000    0.0000   clock osc_clk (rise edge)
                              0.0000    0.0000   clock source latency
     1    0.0541    0.0000    0.0000    0.0000 ^ osc_clk (in)
                                                 osc_clk (net)
     2    0.0404    0.0232    0.0681    0.0681 ^ clkbuf_0_osc_clk/X (sg13g2_buf_16)
                                                 clknet_0_osc_clk (net)
     8    0.1853    0.0595    0.0912    0.1593 ^ clkbuf_fanout_split1_osc_clk_cell/X (sg13g2_buf_16)
                                                 clkbuf_fanout_split1_osc_clk (net)
     2    0.0449    0.0359    0.1027    0.2619 ^ clkbuf_4_6_0_osc_clk/X (sg13g2_buf_8)
                                                 clknet_4_6_0_osc_clk (net)
     5    0.0738    0.0316    0.0811    0.3430 ^ clkbuf_5_12__f_osc_clk/X (sg13g2_buf_16)
                                                 clknet_5_12__leaf_osc_clk (net)
     8    0.0366    0.0310    0.0783    0.4213 ^ clkbuf_leaf_24_osc_clk/X (sg13g2_buf_8)
                                                 clknet_leaf_24_osc_clk (net)
                    0.0312    0.0018    0.4232 ^ _5829_/CLK (sg13g2_dfrbpq_1)
     3    0.0275    0.1170    0.2378    0.6610 ^ _5829_/Q (sg13g2_dfrbpq_1)
                                                 u_core.u_trip.soft_cnt[17] (net)
     8    0.0629    0.2592    0.2633    0.9243 ^ fanout357/X (sg13g2_buf_1)
                                                 net357 (net)
     2    0.0101    0.0873    0.1344    1.0586 v _4168_/Y (sg13g2_nor4_1)
                                                 _1612_ (net)
     1    0.0155    0.0607    0.1318    1.1905 v _4177_/X (sg13g2_and4_1)
                                                 _1621_ (net)
     5    0.0312    0.4396    0.3921    1.5826 ^ _4181_/Y (sg13g2_a221oi_1)
                                                 _1625_ (net)
     6    0.0257    0.3337    0.4100    1.9926 v _4186_/Y (sg13g2_nand4_1)
                                                 _1630_ (net)
     3    0.0171    0.1489    0.1943    2.1869 ^ _4202_/Y (sg13g2_nand4_1)
                                                 _1646_ (net)
     3    0.0122    0.0990    0.1410    2.3279 v _4205_/Y (sg13g2_o21ai_1)
                                                 _1649_ (net)
     3    0.0126    0.2181    0.2288    2.5567 ^ _4212_/Y (sg13g2_a221oi_1)
                                                 _1656_ (net)
     2    0.0073    0.0453    0.1685    2.7252 ^ _4222_/X (sg13g2_or4_1)
                                                 _1666_ (net)
     4    0.0155    0.1074    0.1137    2.8389 v _4226_/Y (sg13g2_a21oi_1)
                                                 _1670_ (net)
     7    0.0338    0.5999    0.5140    3.3529 ^ _4231_/Y (sg13g2_nor4_1)
                                                 _1675_ (net)
     1    0.0047    0.0469    0.2251    3.5780 ^ _4238_/X (sg13g2_or3_1)
                                                 _1680_ (net)
     2    0.0119    0.1332    0.0913    3.6694 v _4239_/Y (sg13g2_nand2_1)
                                                 net21 (net)
     1    0.0541    0.1716    0.2189    3.8882 v output21/X (sg13g2_buf_1)
                                                 dac_soft[2] (net)
                    0.1718    0.0038    3.8921 v dac_soft[2] (out)
                                        3.8921   data arrival time

                            100.0000  100.0000   clock osc_clk (rise edge)
                              0.0000  100.0000   clock network delay (propagated)
                             -0.5000   99.5000   clock uncertainty
                              0.0000   99.5000   clock reconvergence pessimism
                            -20.0000   79.5000   output external delay
                                       79.5000   data required time
-------------------------------------------------------------------------------------
                                       79.5000   data required time
                                       -3.8921   data arrival time
-------------------------------------------------------------------------------------
                                       75.6079   slack (MET)


Startpoint: _6754_ (rising edge-triggered flip-flop clocked by sclk')
Endpoint: sdo (output port clocked by sclk)
Path Group: sclk
Path Type: max

Fanout       Cap      Slew     Delay      Time   Description
-------------------------------------------------------------------------------------
                             50.0000   50.0000   clock sclk' (rise edge)
                              0.0000   50.0000   clock source latency
     2    0.0527    0.0000    0.0000   50.0000 v sclk (in)
                                                 sclk (net)
     1    0.0201    0.0195    0.0671   50.0671 v clkbuf_regs_0_sclk/X (sg13g2_buf_16)
                                                 sclk_regs (net)
     8    0.1684    0.0483    0.0879   50.1551 v clkbuf_0_sclk_regs/X (sg13g2_buf_16)
                                                 clknet_0_sclk_regs (net)
     7    0.0440    0.0249    0.0907   50.2458 v clkbuf_3_7__f_sclk_regs/X (sg13g2_buf_16)
                                                 clknet_3_7__leaf_sclk_regs (net)
     1    0.0082    0.0410    0.0489   50.2947 ^ _2920__386/Y (sg13g2_inv_1)
                                                 net386 (net)
                    0.0410    0.0006   50.2953 ^ _6754_/CLK (sg13g2_dfrbpq_1)
     1    0.0050    0.0315    0.1788   50.4740 ^ _6754_/Q (sg13g2_dfrbpq_1)
                                                 net34 (net)
     1    0.0529    0.2193    0.2011   50.6751 ^ output34/X (sg13g2_buf_1)
                                                 sdo (net)
                    0.2194    0.0038   50.6789 ^ sdo (out)
                                       50.6789   data arrival time

                            100.0000  100.0000   clock sclk (rise edge)
                              0.0000  100.0000   clock network delay (propagated)
                             -0.5000   99.5000   clock uncertainty
                              0.0000   99.5000   clock reconvergence pessimism
                            -20.0000   79.5000   output external delay
                                       79.5000   data required time
-------------------------------------------------------------------------------------
                                       79.5000   data required time
                                      -50.6789   data arrival time
-------------------------------------------------------------------------------------
                                       28.8211   slack (MET)


