Clock: osc_clk
Sources: osc_clk 
Generated: no
Virtual: yes
Propagated: no
Period: 100.000000

===========================================================================
report_clock_properties
============================================================================
Clock                   Period          Waveform
----------------------------------------------------
osc_clk             100.000000    0.000000 50.000000

===========================================================================
report_clock_latency
============================================================================
Clock osc_clk
rise -> rise
    min     max
0.000000 0.000000 source latency
0.507577         network latency _5588_/CLK
        0.666061 network latency _5977_/CLK
---------------
0.507577 0.666061 latency
        0.158484 skew

fall -> fall
    min     max
0.000000 0.000000 source latency
0.526995         network latency _5588_/CLK
        0.685525 network latency _5977_/CLK
---------------
0.526995 0.685525 latency
        0.158529 skew



===========================================================================
report_clock_min_period
============================================================================
osc_clk period_min = 7.98 fmax = 125.34
Clock: sclk
Sources: sclk 
Generated: no
Virtual: yes
Propagated: no
Period: 100.000000

===========================================================================
report_clock_properties
============================================================================
Clock                   Period          Waveform
----------------------------------------------------
sclk                100.000000    0.000000 50.000000

===========================================================================
report_clock_latency
============================================================================
Clock sclk
rise -> rise
    min     max
0.000000 0.000000 source latency
0.333147         network latency _5635_/CLK
        0.357697 network latency _5650_/CLK
---------------
0.333147 0.357697 latency
        0.024549 skew

rise -> fall
    min     max
0.000000 0.000000 source latency
0.383248         network latency _5613_/CLK
        0.408874 network latency _6665_/CLK
---------------
0.383248 0.408874 latency
        0.025626 skew

fall -> rise
    min     max
0.000000 0.000000 source latency
0.403990         network latency _5613_/CLK
        0.427438 network latency _6665_/CLK
---------------
0.403990 0.427438 latency
        0.023448 skew

fall -> fall
    min     max
0.000000 0.000000 source latency
0.351101         network latency _5635_/CLK
        0.372786 network latency _5650_/CLK
---------------
0.351101 0.372786 latency
        0.021686 skew



===========================================================================
report_clock_min_period
============================================================================
sclk period_min = 3.66 fmax = 273.41
