
===========================================================================
 report_power
============================================================================
======================= nom_slow_1p08V_125C Corner ===================================

Group                    Internal    Switching      Leakage        Total
                            Power        Power        Power        Power (Watts)
------------------------------------------------------------------------
Sequential           4.942094e-04 2.275012e-05 2.641886e-06 5.196013e-04  59.0%
Combinational        3.376966e-05 5.674039e-05 1.994515e-06 9.250457e-05  10.5%
Clock                1.622741e-04 1.056300e-04 1.182674e-06 2.690868e-04  30.5%
Macro                0.000000e+00 0.000000e+00 0.000000e+00 0.000000e+00   0.0%
Pad                  0.000000e+00 0.000000e+00 0.000000e+00 0.000000e+00   0.0%
------------------------------------------------------------------------
Total                6.902530e-04 1.851205e-04 5.819007e-06 8.811925e-04 100.0%
                            78.3%        21.0%         0.7%

