
Note: No compatibility mode selected!


Circuit: * actual_fill floating drive n; diagnostic capacitor-network ac only

Doing analysis at TEMP = 27.000000 and TNOM = 27.000000

Using SPARSE 1.3 as Direct Linear Solver

No. of Data Rows : 1
cp = -4.4273793438961263e-15
cn = 5.69429798224636251e-15
ngspice-46 done
Warning: singular matrix:  check node fill_l8_7

Note: Starting dynamic gmin stepping
Warning: singular matrix:  check node fill_l30_18

Warning: Dynamic gmin stepping failed
Note: Starting true gmin stepping
Warning: singular matrix:  check node fill_l30_18

Warning: singular matrix:  check node fill_l30_18

Warning: singular matrix:  check node fill_l30_18

Warning: singular matrix:  check node fill_l30_18

Warning: True gmin stepping failed
Note: Starting source stepping
Warning: source stepping failed
Note: Transient op started
Note: Transient op finished successfully
