2026-09-23 06:34:19 +0200: Memory Usage (408748K) : Starting running SG13G2 Klayout LVS runset on @RESULTS@/final-remaining-contexts-20260923-r1/vref_pcasc/width24/clip/no_fill.gds
2026-09-23 06:34:19 +0200: Memory Usage (408748K) : Ruby Version for klayout: 3.2.3
2026-09-23 06:34:19 +0200: Memory Usage (408748K) : Loading database to memory is complete.
2026-09-23 06:34:19 +0200: Memory Usage (408748K) : SG13G2 Klayout LVS runset output at: @RESULTS@/final-remaining-contexts-20260923-r1/vref_pcasc/width24/pex/no_fill/clip.lvsdb
2026-09-23 06:34:19 +0200: Memory Usage (408748K) : Evaluate switches.
2026-09-23 06:34:19 +0200: Memory Usage (408748K) : Extracted netlist with net names: true
2026-09-23 06:34:19 +0200: Memory Usage (408748K) : Extracted netlist with comments in details: false
2026-09-23 06:34:19 +0200: Memory Usage (408748K) : Selected NET_ONLY option: true
2026-09-23 06:34:19 +0200: Memory Usage (408748K) : Selected LAYOUT_NETLIST option: (none)
2026-09-23 06:34:19 +0200: Memory Usage (408748K) : Selected IGNORE_TOP_PORTS_MISMATCH option: 
2026-09-23 06:34:19 +0200: Memory Usage (408748K) : Selected IMPLICIT_NETS option: (none)
2026-09-23 06:34:19 +0200: Memory Usage (408748K) : Selected TOP_LVL_PINS option: true
2026-09-23 06:34:19 +0200: Memory Usage (408748K) : Selected COMBINE DEVICES option: false
2026-09-23 06:34:19 +0200: Memory Usage (408748K) : Selected PURGE option: false
2026-09-23 06:34:19 +0200: Memory Usage (408748K) : Selected PURGE_NETS option: false
2026-09-23 06:34:19 +0200: Memory Usage (408748K) : Selected SIMPLIFY option: false
2026-09-23 06:34:19 +0200: Memory Usage (408748K) : Selected SERIES_RES option: true
2026-09-23 06:34:19 +0200: Memory Usage (408748K) : Selected PARALLEL_RES option: true
2026-09-23 06:34:19 +0200: Memory Usage (408748K) : deep  mode is enabled.
2026-09-23 06:34:19 +0200: Memory Usage (408748K) : LVS extracted netlist at: @RESULTS@/final-remaining-contexts-20260923-r1/vref_pcasc/width24/pex/no_fill/cleanup.cir
2026-09-23 06:34:19 +0200: Memory Usage (408748K) : Applying SRAM integration support.
2026-09-23 06:34:19 +0200: Memory Usage (408748K) : Starting SG13G2 LVS runset
2026-09-23 06:34:19 +0200: Memory Usage (408748K) : Read in polygons from layers.
2026-09-23 06:34:19 +0200: Memory Usage (408748K) : activ_drw has 0 polygons
2026-09-23 06:34:19 +0200: Memory Usage (408748K) : activ_filler has 0 polygons
2026-09-23 06:34:19 +0200: Memory Usage (408748K) : activ has 0 polygons
2026-09-23 06:34:19 +0200: Memory Usage (408748K) : activ_pin has 0 polygons
2026-09-23 06:34:19 +0200: Memory Usage (408748K) : activ_mask has 0 polygons
2026-09-23 06:34:19 +0200: Memory Usage (408748K) : activ_nofill has 0 polygons
2026-09-23 06:34:19 +0200: Memory Usage (408748K) : activ_OPC has 0 polygons
2026-09-23 06:34:19 +0200: Memory Usage (408748K) : activ_iOPC has 0 polygons
2026-09-23 06:34:19 +0200: Memory Usage (408748K) : activ_noqrc has 0 polygons
2026-09-23 06:34:19 +0200: Memory Usage (408748K) : biwind_drw has 0 polygons
2026-09-23 06:34:19 +0200: Memory Usage (408748K) : biwind_OPC has 0 polygons
2026-09-23 06:34:19 +0200: Memory Usage (408748K) : gatpoly_drw has 0 polygons
2026-09-23 06:34:19 +0200: Memory Usage (408748K) : gatpoly_filler has 0 polygons
2026-09-23 06:34:19 +0200: Memory Usage (408748K) : gatpoly has 0 polygons
2026-09-23 06:34:19 +0200: Memory Usage (410460K) : gatpoly_pin has 0 polygons
2026-09-23 06:34:19 +0200: Memory Usage (410460K) : gatpoly_nofill has 0 polygons
2026-09-23 06:34:19 +0200: Memory Usage (410460K) : gatpoly_OPC has 0 polygons
2026-09-23 06:34:19 +0200: Memory Usage (410460K) : gatpoly_iOPC has 0 polygons
2026-09-23 06:34:19 +0200: Memory Usage (410460K) : gatpoly_noqrc has 0 polygons
2026-09-23 06:34:19 +0200: Memory Usage (410460K) : cont_drw has 0 polygons
2026-09-23 06:34:19 +0200: Memory Usage (410460K) : cont_OPC has 0 polygons
2026-09-23 06:34:19 +0200: Memory Usage (410460K) : nsd_drw has 0 polygons
2026-09-23 06:34:19 +0200: Memory Usage (410460K) : nsd_block has 0 polygons
2026-09-23 06:34:19 +0200: Memory Usage (410460K) : metal1_drw has 3 polygons
2026-09-23 06:34:19 +0200: Memory Usage (410460K) : metal1_filler has 0 polygons
2026-09-23 06:34:19 +0200: Memory Usage (411228K) : metal1_slit has 0 polygons
2026-09-23 06:34:19 +0200: Memory Usage (411228K) : metal1 has 3 polygons
2026-09-23 06:34:19 +0200: Memory Usage (411228K) : metal1_pin has 0 polygons
2026-09-23 06:34:19 +0200: Memory Usage (411712K) : metal1_mask has 0 polygons
2026-09-23 06:34:19 +0200: Memory Usage (411712K) : metal1_nofill has 0 polygons
2026-09-23 06:34:19 +0200: Memory Usage (412240K) : metal1_text has 3 polygons
2026-09-23 06:34:19 +0200: Memory Usage (412240K) : metal1_OPC has 0 polygons
2026-09-23 06:34:19 +0200: Memory Usage (412240K) : metal1_noqrc has 0 polygons
2026-09-23 06:34:19 +0200: Memory Usage (412240K) : metal1_res has 0 polygons
2026-09-23 06:34:19 +0200: Memory Usage (412240K) : metal1_iprobe has 0 polygons
2026-09-23 06:34:19 +0200: Memory Usage (412240K) : metal1_diffprb has 0 polygons
2026-09-23 06:34:19 +0200: Memory Usage (412536K) : passiv_drw has 0 polygons
2026-09-23 06:34:19 +0200: Memory Usage (412536K) : passiv_pin has 0 polygons
2026-09-23 06:34:19 +0200: Memory Usage (412536K) : passiv_sbump has 0 polygons
2026-09-23 06:34:19 +0200: Memory Usage (412796K) : passiv_pillar has 0 polygons
2026-09-23 06:34:19 +0200: Memory Usage (412796K) : passiv_pdl has 0 polygons
2026-09-23 06:34:19 +0200: Memory Usage (412880K) : metal2_drw has 1 polygons
2026-09-23 06:34:19 +0200: Memory Usage (412880K) : metal2_filler has 0 polygons
2026-09-23 06:34:19 +0200: Memory Usage (413140K) : metal2_slit has 0 polygons
2026-09-23 06:34:19 +0200: Memory Usage (413140K) : metal2 has 1 polygons
2026-09-23 06:34:19 +0200: Memory Usage (413140K) : metal2_pin has 0 polygons
2026-09-23 06:34:19 +0200: Memory Usage (413404K) : metal2_mask has 0 polygons
2026-09-23 06:34:19 +0200: Memory Usage (413404K) : metal2_nofill has 0 polygons
2026-09-23 06:34:19 +0200: Memory Usage (413404K) : metal2_text has 1 polygons
2026-09-23 06:34:19 +0200: Memory Usage (413404K) : metal2_OPC has 0 polygons
2026-09-23 06:34:19 +0200: Memory Usage (413668K) : metal2_noqrc has 0 polygons
2026-09-23 06:34:19 +0200: Memory Usage (413668K) : metal2_res has 0 polygons
2026-09-23 06:34:19 +0200: Memory Usage (413668K) : metal2_iprobe has 0 polygons
2026-09-23 06:34:19 +0200: Memory Usage (413932K) : metal2_diffprb has 0 polygons
2026-09-23 06:34:19 +0200: Memory Usage (413932K) : baspoly_drw has 0 polygons
2026-09-23 06:34:19 +0200: Memory Usage (413932K) : baspoly_pin has 0 polygons
2026-09-23 06:34:19 +0200: Memory Usage (413932K) : psd_drw has 0 polygons
2026-09-23 06:34:19 +0200: Memory Usage (414196K) : nldb_drw has 0 polygons
2026-09-23 06:34:19 +0200: Memory Usage (414196K) : digibnd_drw has 0 polygons
2026-09-23 06:34:19 +0200: Memory Usage (414196K) : via1_drw has 0 polygons
2026-09-23 06:34:19 +0200: Memory Usage (414460K) : backmetal1_drw has 0 polygons
2026-09-23 06:34:19 +0200: Memory Usage (414460K) : backmetal1_pin has 0 polygons
2026-09-23 06:34:19 +0200: Memory Usage (414460K) : backmetal1_mask has 0 polygons
2026-09-23 06:34:19 +0200: Memory Usage (414460K) : backmetal1_filler has 0 polygons
2026-09-23 06:34:19 +0200: Memory Usage (414724K) : backmetal1_nofill has 0 polygons
2026-09-23 06:34:19 +0200: Memory Usage (414724K) : backmetal1_slit has 0 polygons
2026-09-23 06:34:19 +0200: Memory Usage (414724K) : backmetal1_text has 0 polygons
2026-09-23 06:34:19 +0200: Memory Usage (414724K) : backmetal1_OPC has 0 polygons
2026-09-23 06:34:19 +0200: Memory Usage (414988K) : backmetal1_noqrc has 0 polygons
2026-09-23 06:34:19 +0200: Memory Usage (415044K) : backmetal1_res has 0 polygons
2026-09-23 06:34:19 +0200: Memory Usage (415044K) : backmetal1_iprobe has 0 polygons
2026-09-23 06:34:19 +0200: Memory Usage (415304K) : backmetal1_diffprb has 0 polygons
2026-09-23 06:34:19 +0200: Memory Usage (415304K) : backpassiv_drw has 0 polygons
2026-09-23 06:34:19 +0200: Memory Usage (415304K) : res_drw has 0 polygons
2026-09-23 06:34:19 +0200: Memory Usage (415304K) : sram_drw has 0 polygons
2026-09-23 06:34:19 +0200: Memory Usage (415568K) : trans_drw has 0 polygons
2026-09-23 06:34:19 +0200: Memory Usage (415624K) : ind_drw has 0 polygons
2026-09-23 06:34:19 +0200: Memory Usage (415624K) : ind_pin has 0 polygons
2026-09-23 06:34:19 +0200: Memory Usage (415884K) : ind_text has 0 polygons
2026-09-23 06:34:19 +0200: Memory Usage (415884K) : salblock_drw has 0 polygons
2026-09-23 06:34:19 +0200: Memory Usage (415884K) : via2_drw has 1 polygons
2026-09-23 06:34:19 +0200: Memory Usage (415884K) : metal3_drw has 8 polygons
2026-09-23 06:34:19 +0200: Memory Usage (416148K) : metal3_filler has 0 polygons
2026-09-23 06:34:19 +0200: Memory Usage (416148K) : metal3_slit has 0 polygons
2026-09-23 06:34:19 +0200: Memory Usage (416148K) : metal3 has 8 polygons
2026-09-23 06:34:19 +0200: Memory Usage (416412K) : metal3_pin has 0 polygons
2026-09-23 06:34:19 +0200: Memory Usage (416412K) : metal3_mask has 0 polygons
2026-09-23 06:34:19 +0200: Memory Usage (416412K) : metal3_nofill has 0 polygons
2026-09-23 06:34:19 +0200: Memory Usage (416676K) : metal3_text has 8 polygons
2026-09-23 06:34:19 +0200: Memory Usage (416676K) : metal3_OPC has 0 polygons
2026-09-23 06:34:19 +0200: Memory Usage (416676K) : metal3_noqrc has 0 polygons
2026-09-23 06:34:19 +0200: Memory Usage (416676K) : metal3_res has 0 polygons
2026-09-23 06:34:19 +0200: Memory Usage (416940K) : metal3_iprobe has 0 polygons
2026-09-23 06:34:19 +0200: Memory Usage (416940K) : metal3_diffprb has 0 polygons
2026-09-23 06:34:19 +0200: Memory Usage (416940K) : nwell_drw has 0 polygons
2026-09-23 06:34:19 +0200: Memory Usage (417128K) : nwell_pin has 0 polygons
2026-09-23 06:34:19 +0200: Memory Usage (417324K) : nwell_text has 0 polygons
2026-09-23 06:34:19 +0200: Memory Usage (417324K) : nbulay_drw has 0 polygons
2026-09-23 06:34:19 +0200: Memory Usage (417324K) : nbulay_pin has 0 polygons
2026-09-23 06:34:19 +0200: Memory Usage (417584K) : nbulay_block has 0 polygons
2026-09-23 06:34:19 +0200: Memory Usage (417584K) : emwind_drw has 0 polygons
2026-09-23 06:34:19 +0200: Memory Usage (417584K) : emwind_OPC has 0 polygons
2026-09-23 06:34:19 +0200: Memory Usage (417584K) : deepco_drw has 0 polygons
2026-09-23 06:34:19 +0200: Memory Usage (417848K) : mim_drw has 0 polygons
2026-09-23 06:34:19 +0200: Memory Usage (417848K) : edgeseal_drw has 0 polygons
2026-09-23 06:34:19 +0200: Memory Usage (417848K) : substrate_drw has 0 polygons
2026-09-23 06:34:19 +0200: Memory Usage (418112K) : substrate_text has 0 polygons
2026-09-23 06:34:19 +0200: Memory Usage (418112K) : dfpad_drw has 0 polygons
2026-09-23 06:34:19 +0200: Memory Usage (418112K) : dfpad_pillar has 0 polygons
2026-09-23 06:34:19 +0200: Memory Usage (418112K) : dfpad_sbump has 0 polygons
2026-09-23 06:34:19 +0200: Memory Usage (418376K) : thickgateox_drw has 0 polygons
2026-09-23 06:34:19 +0200: Memory Usage (418376K) : pldb_drw has 0 polygons
2026-09-23 06:34:19 +0200: Memory Usage (418376K) : pwell_drw has 0 polygons
2026-09-23 06:34:19 +0200: Memory Usage (418376K) : pwell_pin has 0 polygons
2026-09-23 06:34:19 +0200: Memory Usage (418376K) : pwell_block has 0 polygons
2026-09-23 06:34:19 +0200: Memory Usage (418640K) : ic_drw has 0 polygons
2026-09-23 06:34:19 +0200: Memory Usage (418640K) : via3_drw has 0 polygons
2026-09-23 06:34:19 +0200: Memory Usage (418640K) : metal4_drw has 0 polygons
2026-09-23 06:34:19 +0200: Memory Usage (418640K) : metal4_filler has 0 polygons
2026-09-23 06:34:19 +0200: Memory Usage (418904K) : metal4_slit has 0 polygons
2026-09-23 06:34:19 +0200: Memory Usage (418904K) : metal4 has 0 polygons
2026-09-23 06:34:19 +0200: Memory Usage (418904K) : metal4_pin has 0 polygons
2026-09-23 06:34:19 +0200: Memory Usage (418904K) : metal4_mask has 0 polygons
2026-09-23 06:34:19 +0200: Memory Usage (419168K) : metal4_nofill has 0 polygons
2026-09-23 06:34:19 +0200: Memory Usage (419168K) : metal4_text has 0 polygons
2026-09-23 06:34:19 +0200: Memory Usage (419168K) : metal4_OPC has 0 polygons
2026-09-23 06:34:19 +0200: Memory Usage (419168K) : metal4_noqrc has 0 polygons
2026-09-23 06:34:19 +0200: Memory Usage (419168K) : metal4_res has 0 polygons
2026-09-23 06:34:19 +0200: Memory Usage (419432K) : metal4_iprobe has 0 polygons
2026-09-23 06:34:19 +0200: Memory Usage (419432K) : metal4_diffprb has 0 polygons
2026-09-23 06:34:19 +0200: Memory Usage (419432K) : heattrans_drw has 0 polygons
2026-09-23 06:34:19 +0200: Memory Usage (419432K) : heatres_drw has 0 polygons
2026-09-23 06:34:19 +0200: Memory Usage (419696K) : fbe_drw has 0 polygons
2026-09-23 06:34:19 +0200: Memory Usage (419696K) : empoly_drw has 0 polygons
2026-09-23 06:34:19 +0200: Memory Usage (419696K) : digisub_drw has 0 polygons
2026-09-23 06:34:19 +0200: Memory Usage (419696K) : text_drw has 0 polygons
2026-09-23 06:34:19 +0200: Memory Usage (419696K) : via4_drw has 0 polygons
2026-09-23 06:34:19 +0200: Memory Usage (419960K) : metal5_drw has 0 polygons
2026-09-23 06:34:19 +0200: Memory Usage (419960K) : metal5_filler has 0 polygons
2026-09-23 06:34:19 +0200: Memory Usage (419960K) : metal5_slit has 0 polygons
2026-09-23 06:34:19 +0200: Memory Usage (419960K) : metal5 has 0 polygons
2026-09-23 06:34:19 +0200: Memory Usage (420224K) : metal5_pin has 0 polygons
2026-09-23 06:34:19 +0200: Memory Usage (420224K) : metal5_mask has 0 polygons
2026-09-23 06:34:19 +0200: Memory Usage (420224K) : metal5_nofill has 0 polygons
2026-09-23 06:34:19 +0200: Memory Usage (420224K) : metal5_text has 0 polygons
2026-09-23 06:34:19 +0200: Memory Usage (420224K) : metal5_OPC has 0 polygons
2026-09-23 06:34:19 +0200: Memory Usage (420488K) : metal5_noqrc has 0 polygons
2026-09-23 06:34:19 +0200: Memory Usage (420488K) : metal5_res has 0 polygons
2026-09-23 06:34:19 +0200: Memory Usage (420488K) : metal5_iprobe has 0 polygons
2026-09-23 06:34:19 +0200: Memory Usage (420488K) : metal5_diffprb has 0 polygons
2026-09-23 06:34:19 +0200: Memory Usage (420752K) : radhard_drw has 0 polygons
2026-09-23 06:34:19 +0200: Memory Usage (420752K) : memcap_drw has 0 polygons
2026-09-23 06:34:19 +0200: Memory Usage (420752K) : varicap_drw has 0 polygons
2026-09-23 06:34:19 +0200: Memory Usage (420752K) : intbondvia_drw has 0 polygons
2026-09-23 06:34:19 +0200: Memory Usage (420752K) : intbondmet_drw has 0 polygons
2026-09-23 06:34:19 +0200: Memory Usage (421016K) : devbondvia_drw has 0 polygons
2026-09-23 06:34:19 +0200: Memory Usage (421016K) : devbondmet_drw has 0 polygons
2026-09-23 06:34:19 +0200: Memory Usage (421016K) : devtrench_drw has 0 polygons
2026-09-23 06:34:19 +0200: Memory Usage (421016K) : redist_drw has 0 polygons
2026-09-23 06:34:19 +0200: Memory Usage (421016K) : graphbot_drw has 0 polygons
2026-09-23 06:34:19 +0200: Memory Usage (421280K) : graphtop_drw has 0 polygons
2026-09-23 06:34:19 +0200: Memory Usage (421280K) : antvia1_drw has 0 polygons
2026-09-23 06:34:19 +0200: Memory Usage (421280K) : antmetal2_drw has 0 polygons
2026-09-23 06:34:19 +0200: Memory Usage (421280K) : graphcont_drw has 0 polygons
2026-09-23 06:34:19 +0200: Memory Usage (421544K) : siwg_drw has 0 polygons
2026-09-23 06:34:19 +0200: Memory Usage (421544K) : siwg_filler has 0 polygons
2026-09-23 06:34:19 +0200: Memory Usage (421544K) : siwg_nofill has 0 polygons
2026-09-23 06:34:19 +0200: Memory Usage (421544K) : sigrating_drw has 0 polygons
2026-09-23 06:34:19 +0200: Memory Usage (421544K) : singrating_drw has 0 polygons
2026-09-23 06:34:19 +0200: Memory Usage (421808K) : graphpas_drw has 0 polygons
2026-09-23 06:34:19 +0200: Memory Usage (421808K) : emwind3_drw has 0 polygons
2026-09-23 06:34:19 +0200: Memory Usage (421808K) : emwihv3_drw has 0 polygons
2026-09-23 06:34:19 +0200: Memory Usage (421808K) : redbulay_drw has 0 polygons
2026-09-23 06:34:19 +0200: Memory Usage (421808K) : smos_drw has 0 polygons
2026-09-23 06:34:19 +0200: Memory Usage (422072K) : graphpad_drw has 0 polygons
2026-09-23 06:34:19 +0200: Memory Usage (422072K) : polimide_drw has 0 polygons
2026-09-23 06:34:19 +0200: Memory Usage (422072K) : polimide_pin has 0 polygons
2026-09-23 06:34:19 +0200: Memory Usage (422072K) : recog_drw has 0 polygons
2026-09-23 06:34:19 +0200: Memory Usage (422336K) : recog_pin has 0 polygons
2026-09-23 06:34:19 +0200: Memory Usage (422336K) : recog_esd has 0 polygons
2026-09-23 06:34:19 +0200: Memory Usage (422336K) : recog_diode has 0 polygons
2026-09-23 06:34:19 +0200: Memory Usage (422336K) : recog_tsv has 0 polygons
2026-09-23 06:34:19 +0200: Memory Usage (422600K) : recog_iprobe has 0 polygons
2026-09-23 06:34:19 +0200: Memory Usage (422600K) : recog_diffprb has 0 polygons
2026-09-23 06:34:19 +0200: Memory Usage (422600K) : recog_pillar has 0 polygons
2026-09-23 06:34:19 +0200: Memory Usage (422864K) : recog_sbump has 0 polygons
2026-09-23 06:34:19 +0200: Memory Usage (422864K) : recog_otp has 0 polygons
2026-09-23 06:34:19 +0200: Memory Usage (422864K) : recog_pdiode has 0 polygons
2026-09-23 06:34:19 +0200: Memory Usage (422864K) : recog_mom has 0 polygons
2026-09-23 06:34:19 +0200: Memory Usage (423128K) : recog_pcm has 0 polygons
2026-09-23 06:34:19 +0200: Memory Usage (423128K) : colopen_drw has 0 polygons
2026-09-23 06:34:19 +0200: Memory Usage (423128K) : graphmetal1_drw has 0 polygons
2026-09-23 06:34:19 +0200: Memory Usage (423128K) : graphmetal1_filler has 0 polygons
2026-09-23 06:34:19 +0200: Memory Usage (423392K) : graphmetal1_nofill has 0 polygons
2026-09-23 06:34:19 +0200: Memory Usage (423392K) : graphmetal1_slit has 0 polygons
2026-09-23 06:34:19 +0200: Memory Usage (423392K) : graphmetal1_OPC has 0 polygons
2026-09-23 06:34:19 +0200: Memory Usage (423392K) : graphmet1l_drw has 0 polygons
2026-09-23 06:34:19 +0200: Memory Usage (423656K) : graphmet1l_filler has 0 polygons
2026-09-23 06:34:19 +0200: Memory Usage (423656K) : graphmet1l_nofill has 0 polygons
2026-09-23 06:34:19 +0200: Memory Usage (423656K) : graphmet1l_slit has 0 polygons
2026-09-23 06:34:19 +0200: Memory Usage (423656K) : graphmet1l_OPC has 0 polygons
2026-09-23 06:34:19 +0200: Memory Usage (423656K) : extblock_drw has 0 polygons
2026-09-23 06:34:19 +0200: Memory Usage (423920K) : nldd_drw has 0 polygons
2026-09-23 06:34:19 +0200: Memory Usage (423920K) : pldd_drw has 0 polygons
2026-09-23 06:34:19 +0200: Memory Usage (423920K) : next_drw has 0 polygons
2026-09-23 06:34:19 +0200: Memory Usage (423920K) : pext_drw has 0 polygons
2026-09-23 06:34:19 +0200: Memory Usage (423920K) : nexthv_drw has 0 polygons
2026-09-23 06:34:19 +0200: Memory Usage (424184K) : pexthv_drw has 0 polygons
2026-09-23 06:34:19 +0200: Memory Usage (424184K) : graphgate_drw has 0 polygons
2026-09-23 06:34:19 +0200: Memory Usage (424184K) : sinwg_drw has 0 polygons
2026-09-23 06:34:19 +0200: Memory Usage (424184K) : sinwg_filler has 0 polygons
2026-09-23 06:34:19 +0200: Memory Usage (424448K) : sinwg_nofill has 0 polygons
2026-09-23 06:34:19 +0200: Memory Usage (424448K) : mempad_drw has 0 polygons
2026-09-23 06:34:19 +0200: Memory Usage (424448K) : topvia1_drw has 0 polygons
2026-09-23 06:34:19 +0200: Memory Usage (424448K) : topmetal1_drw has 0 polygons
2026-09-23 06:34:19 +0200: Memory Usage (424448K) : topmetal1_filler has 0 polygons
2026-09-23 06:34:19 +0200: Memory Usage (424712K) : topmetal1_slit has 0 polygons
2026-09-23 06:34:19 +0200: Memory Usage (424712K) : topmetal1 has 0 polygons
2026-09-23 06:34:19 +0200: Memory Usage (424712K) : topmetal1_pin has 0 polygons
2026-09-23 06:34:19 +0200: Memory Usage (424712K) : topmetal1_mask has 0 polygons
2026-09-23 06:34:19 +0200: Memory Usage (424976K) : topmetal1_nofill has 0 polygons
2026-09-23 06:34:19 +0200: Memory Usage (424976K) : topmetal1_text has 0 polygons
2026-09-23 06:34:19 +0200: Memory Usage (424976K) : topmetal1_noqrc has 0 polygons
2026-09-23 06:34:19 +0200: Memory Usage (424976K) : topmetal1_res has 0 polygons
2026-09-23 06:34:19 +0200: Memory Usage (425240K) : topmetal1_iprobe has 0 polygons
2026-09-23 06:34:19 +0200: Memory Usage (425240K) : topmetal1_diffprb has 0 polygons
2026-09-23 06:34:19 +0200: Memory Usage (425240K) : inldpwl_drw has 0 polygons
2026-09-23 06:34:19 +0200: Memory Usage (425504K) : polyres_drw has 0 polygons
2026-09-23 06:34:19 +0200: Memory Usage (425504K) : polyres_pin has 0 polygons
2026-09-23 06:34:19 +0200: Memory Usage (425504K) : vmim_drw has 0 polygons
2026-09-23 06:34:19 +0200: Memory Usage (425504K) : nbulaycut_drw has 0 polygons
2026-09-23 06:34:19 +0200: Memory Usage (425504K) : antmetal1_drw has 0 polygons
2026-09-23 06:34:19 +0200: Memory Usage (425504K) : topvia2_drw has 0 polygons
2026-09-23 06:34:19 +0200: Memory Usage (425504K) : topmetal2_drw has 2 polygons
2026-09-23 06:34:19 +0200: Memory Usage (425504K) : topmetal2_filler has 0 polygons
2026-09-23 06:34:19 +0200: Memory Usage (425504K) : topmetal2_slit has 0 polygons
2026-09-23 06:34:19 +0200: Memory Usage (425768K) : topmetal2 has 2 polygons
2026-09-23 06:34:19 +0200: Memory Usage (425768K) : topmetal2_pin has 0 polygons
2026-09-23 06:34:19 +0200: Memory Usage (425768K) : topmetal2_mask has 0 polygons
2026-09-23 06:34:19 +0200: Memory Usage (426032K) : topmetal2_nofill has 0 polygons
2026-09-23 06:34:19 +0200: Memory Usage (426032K) : topmetal2_text has 2 polygons
2026-09-23 06:34:19 +0200: Memory Usage (426032K) : topmetal2_noqrc has 0 polygons
2026-09-23 06:34:19 +0200: Memory Usage (426296K) : topmetal2_res has 0 polygons
2026-09-23 06:34:19 +0200: Memory Usage (426296K) : topmetal2_iprobe has 0 polygons
2026-09-23 06:34:19 +0200: Memory Usage (426296K) : topmetal2_diffprb has 0 polygons
2026-09-23 06:34:19 +0200: Memory Usage (426296K) : snsring_drw has 0 polygons
2026-09-23 06:34:19 +0200: Memory Usage (426560K) : sensor_drw has 0 polygons
2026-09-23 06:34:19 +0200: Memory Usage (426560K) : snsarms_drw has 0 polygons
2026-09-23 06:34:19 +0200: Memory Usage (426560K) : snscmosvia_drw has 0 polygons
2026-09-23 06:34:19 +0200: Memory Usage (426560K) : colwind_drw has 0 polygons
2026-09-23 06:34:19 +0200: Memory Usage (426824K) : flm_drw has 0 polygons
2026-09-23 06:34:19 +0200: Memory Usage (426824K) : hafniumox_drw has 0 polygons
2026-09-23 06:34:19 +0200: Memory Usage (426824K) : memvia_drw has 0 polygons
2026-09-23 06:34:19 +0200: Memory Usage (427088K) : thinfilmres_drw has 0 polygons
2026-09-23 06:34:19 +0200: Memory Usage (427088K) : rfmem_drw has 0 polygons
2026-09-23 06:34:19 +0200: Memory Usage (427088K) : norcx_drw has 0 polygons
2026-09-23 06:34:19 +0200: Memory Usage (427088K) : norcx_m2m3 has 0 polygons
2026-09-23 06:34:19 +0200: Memory Usage (427352K) : norcx_m2m4 has 0 polygons
2026-09-23 06:34:19 +0200: Memory Usage (427352K) : norcx_m2m5 has 0 polygons
2026-09-23 06:34:19 +0200: Memory Usage (427352K) : norcx_m2tm1 has 0 polygons
2026-09-23 06:34:19 +0200: Memory Usage (427616K) : norcx_m2tm2 has 0 polygons
2026-09-23 06:34:19 +0200: Memory Usage (427616K) : norcx_m3m4 has 0 polygons
2026-09-23 06:34:19 +0200: Memory Usage (427616K) : norcx_m3m5 has 0 polygons
2026-09-23 06:34:19 +0200: Memory Usage (427616K) : norcx_m3tm1 has 0 polygons
2026-09-23 06:34:19 +0200: Memory Usage (427880K) : norcx_m3tm2 has 0 polygons
2026-09-23 06:34:19 +0200: Memory Usage (427880K) : norcx_m4m5 has 0 polygons
2026-09-23 06:34:19 +0200: Memory Usage (427880K) : norcx_m4tm1 has 0 polygons
2026-09-23 06:34:19 +0200: Memory Usage (428144K) : norcx_m4tm2 has 0 polygons
2026-09-23 06:34:19 +0200: Memory Usage (428144K) : norcx_m5tm1 has 0 polygons
2026-09-23 06:34:19 +0200: Memory Usage (428144K) : norcx_m5tm2 has 0 polygons
2026-09-23 06:34:19 +0200: Memory Usage (428144K) : norcx_tm1tm2 has 0 polygons
2026-09-23 06:34:19 +0200: Memory Usage (428408K) : norcx_m1sub has 0 polygons
2026-09-23 06:34:19 +0200: Memory Usage (428408K) : norcx_m2sub has 0 polygons
2026-09-23 06:34:19 +0200: Memory Usage (428408K) : norcx_m3sub has 0 polygons
2026-09-23 06:34:19 +0200: Memory Usage (428672K) : norcx_m4sub has 0 polygons
2026-09-23 06:34:19 +0200: Memory Usage (428672K) : norcx_m5sub has 0 polygons
2026-09-23 06:34:19 +0200: Memory Usage (428672K) : norcx_tm1sub has 0 polygons
2026-09-23 06:34:19 +0200: Memory Usage (428672K) : norcx_tm2sub has 0 polygons
2026-09-23 06:34:19 +0200: Memory Usage (428936K) : snsbotvia_drw has 0 polygons
2026-09-23 06:34:19 +0200: Memory Usage (428936K) : snstopvia_drw has 0 polygons
2026-09-23 06:34:19 +0200: Memory Usage (428936K) : deepvia_drw has 0 polygons
2026-09-23 06:34:19 +0200: Memory Usage (428936K) : fgetch_drw has 0 polygons
2026-09-23 06:34:19 +0200: Memory Usage (429200K) : ctrgat_drw has 0 polygons
2026-09-23 06:34:19 +0200: Memory Usage (429200K) : fgimp_drw has 0 polygons
2026-09-23 06:34:19 +0200: Memory Usage (429200K) : emwihv_drw has 0 polygons
2026-09-23 06:34:19 +0200: Memory Usage (429464K) : lbe_drw has 0 polygons
2026-09-23 06:34:19 +0200: Memory Usage (429464K) : alcustop_drw has 0 polygons
2026-09-23 06:34:19 +0200: Memory Usage (429464K) : nometfiller_drw has 0 polygons
2026-09-23 06:34:19 +0200: Memory Usage (429464K) : prboundary_drw has 0 polygons
2026-09-23 06:34:19 +0200: Memory Usage (429728K) : exchange0_drw has 0 polygons
2026-09-23 06:34:19 +0200: Memory Usage (429728K) : exchange0_pin has 0 polygons
2026-09-23 06:34:19 +0200: Memory Usage (429728K) : exchange0_text has 0 polygons
2026-09-23 06:34:19 +0200: Memory Usage (429728K) : exchange1_drw has 0 polygons
2026-09-23 06:34:19 +0200: Memory Usage (429992K) : exchange1_pin has 0 polygons
2026-09-23 06:34:19 +0200: Memory Usage (429992K) : exchange1_text has 0 polygons
2026-09-23 06:34:19 +0200: Memory Usage (429992K) : exchange2_drw has 0 polygons
2026-09-23 06:34:19 +0200: Memory Usage (430256K) : exchange2_pin has 0 polygons
2026-09-23 06:34:19 +0200: Memory Usage (430256K) : exchange2_text has 0 polygons
2026-09-23 06:34:19 +0200: Memory Usage (430256K) : exchange3_drw has 0 polygons
2026-09-23 06:34:19 +0200: Memory Usage (430256K) : exchange3_pin has 0 polygons
2026-09-23 06:34:19 +0200: Memory Usage (430520K) : exchange3_text has 0 polygons
2026-09-23 06:34:19 +0200: Memory Usage (430520K) : exchange4_drw has 0 polygons
2026-09-23 06:34:19 +0200: Memory Usage (430520K) : exchange4_pin has 0 polygons
2026-09-23 06:34:19 +0200: Memory Usage (430520K) : exchange4_text has 0 polygons
2026-09-23 06:34:19 +0200: Memory Usage (430784K) : isonwell_drw has 0 polygons
2026-09-23 06:34:19 +0200: Memory Usage (430784K) : Total no. of polygons in the design is 29
2026-09-23 06:34:19 +0200: Memory Usage (430784K) : Starting base layers derivations
2026-09-23 06:34:19 +0200: Memory Usage (430784K) : Starting general LVS derivations
2026-09-23 06:34:19 +0200: Memory Usage (434716K) : Starting MOSFET DERIVATIONS
2026-09-23 06:34:19 +0200: Memory Usage (434716K) : Starting NMOS DERIVATIONS
2026-09-23 06:34:20 +0200: Memory Usage (434716K) : Starting PMOS DERIVATIONS
2026-09-23 06:34:20 +0200: Memory Usage (434716K) : Starting RF-MOSFET DERIVATIONS
2026-09-23 06:34:20 +0200: Memory Usage (434716K) : Starting RF-NMOS DERIVATIONS
2026-09-23 06:34:20 +0200: Memory Usage (434716K) : Starting RF-PMOS DERIVATIONS
2026-09-23 06:34:20 +0200: Memory Usage (434716K) : Starting BJT DERIVATIONS
2026-09-23 06:34:20 +0200: Memory Usage (434716K) : Starting NPN-BJT DERIVATIONS
2026-09-23 06:34:20 +0200: Memory Usage (436060K) : Starting PNP-BJT DERIVATIONS
2026-09-23 06:34:20 +0200: Memory Usage (433280K) : Starting DIODE DERIVATIONS
2026-09-23 06:34:20 +0200: Memory Usage (433280K) : Starting RESISTOR DERIVATIONS
2026-09-23 06:34:20 +0200: Memory Usage (433280K) : Starting CAP DERIVATIONS
2026-09-23 06:34:20 +0200: Memory Usage (433280K) : Starting ESD DERIVATIONS
2026-09-23 06:34:20 +0200: Memory Usage (433540K) : Starting Inductor DERIVATIONS
2026-09-23 06:34:20 +0200: Memory Usage (437764K) : Starting Taps DERIVATIONS
2026-09-23 06:34:20 +0200: Memory Usage (439084K) : Starting SG13G2 LVS connectivity setup
2026-09-23 06:34:20 +0200: Memory Usage (439084K) : Starting SG13G2 LVS connectivity setup (Inter-layer)
2026-09-23 06:34:20 +0200: Memory Usage (439084K) : Starting SG13G2 LVS connectivity setup (Global)
2026-09-23 06:34:20 +0200: Memory Usage (439084K) : Starting LVS MOSFET CONNECTIONS
2026-09-23 06:34:20 +0200: Memory Usage (439084K) : Starting LVS RF-MOSFET CONNECTIONS
2026-09-23 06:34:20 +0200: Memory Usage (439084K) : Starting LVS BJT CONNECTIONS
2026-09-23 06:34:20 +0200: Memory Usage (439084K) : Starting LVS DIODE CONNECTIONS
2026-09-23 06:34:20 +0200: Memory Usage (439084K) : Starting RESISTOR CONNECTIONS
2026-09-23 06:34:20 +0200: Memory Usage (439084K) : Starting LVS CAP CONNECTIONS
2026-09-23 06:34:20 +0200: Memory Usage (439084K) : Starting ESD CONNECTIONS
2026-09-23 06:34:20 +0200: Memory Usage (439084K) : Starting Inductor CONNECTIONS
2026-09-23 06:34:20 +0200: Memory Usage (439084K) : Starting LVS Taps CONNECTIONS
2026-09-23 06:34:20 +0200: Memory Usage (439084K) : Starting SG13G2 LVS DEVICES EXTRACTION
2026-09-23 06:34:20 +0200: Memory Usage (439084K) : Starting MOSFET EXTRACTION
2026-09-23 06:34:20 +0200: Memory Usage (439084K) : Starting NMOS EXTRACTION
2026-09-23 06:34:20 +0200: Memory Usage (439084K) : Extraction of NMOS-LV transistor
2026-09-23 06:34:20 +0200: Memory Usage (439084K) : Extraction of NMOS-HV transistor
2026-09-23 06:34:20 +0200: Memory Usage (439084K) : Starting PMOS EXTRACTION
2026-09-23 06:34:20 +0200: Memory Usage (439084K) : Extraction of PMOS-LV transistor
2026-09-23 06:34:20 +0200: Memory Usage (439084K) : Extraction of PMOS-HV transistor
2026-09-23 06:34:20 +0200: Memory Usage (439084K) : Starting RF-MOSFET EXTRACTION
2026-09-23 06:34:20 +0200: Memory Usage (439084K) : Extraction of RF-NMOS-LV transistor
2026-09-23 06:34:20 +0200: Memory Usage (439084K) : Extraction of RF-NMOS-HV transistor
2026-09-23 06:34:20 +0200: Memory Usage (439084K) : Extraction of RF-PMOS-LV transistor
2026-09-23 06:34:20 +0200: Memory Usage (439084K) : Extraction of RF-PMOS-HV transistor
2026-09-23 06:34:20 +0200: Memory Usage (439084K) : Starting BJT EXTRACTION
2026-09-23 06:34:20 +0200: Memory Usage (439084K) : Starting NPN-BJT EXTRACTION
2026-09-23 06:34:20 +0200: Memory Usage (439084K) : Extraction of npn13G2 BJT transistor
2026-09-23 06:34:20 +0200: Memory Usage (439084K) : Extraction of npn13G2L BJT transistor
2026-09-23 06:34:20 +0200: Memory Usage (439084K) : Extraction of npn13G2V BJT transistor
2026-09-23 06:34:20 +0200: Memory Usage (439084K) : Starting PNP-BJT EXTRACTION
2026-09-23 06:34:20 +0200: Memory Usage (439084K) : Extracting pnpMPA BJT
2026-09-23 06:34:20 +0200: Memory Usage (439084K) : Starting DIODE EXTRACTION
2026-09-23 06:34:20 +0200: Memory Usage (439084K) : Extracting dantenna diode
2026-09-23 06:34:20 +0200: Memory Usage (439084K) : Extracting dpantenna diode
2026-09-23 06:34:20 +0200: Memory Usage (439084K) : Extracting schottky_nbl1 diode
2026-09-23 06:34:20 +0200: Memory Usage (439084K) : Extracting isolbox diode
2026-09-23 06:34:20 +0200: Memory Usage (439084K) : Starting RESISTOR EXTRACTION
2026-09-23 06:34:20 +0200: Memory Usage (439084K) : Extracting rsil resistor
2026-09-23 06:34:20 +0200: Memory Usage (439084K) : Extracting rppd resistor
2026-09-23 06:34:20 +0200: Memory Usage (439084K) : Extracting rhigh resistor
2026-09-23 06:34:20 +0200: Memory Usage (439084K) : Extracting res_metal1 resistor
2026-09-23 06:34:20 +0200: Memory Usage (439084K) : Extracting res_metal2 resistor
2026-09-23 06:34:20 +0200: Memory Usage (439084K) : Extracting res_metal3 resistor
2026-09-23 06:34:20 +0200: Memory Usage (439084K) : Extracting res_metal4 resistor
2026-09-23 06:34:20 +0200: Memory Usage (439084K) : Extracting res_metal5 resistor
2026-09-23 06:34:20 +0200: Memory Usage (439084K) : Extracting res_topmetal1 resistor
2026-09-23 06:34:20 +0200: Memory Usage (439084K) : Extracting res_topmetal2 resistor
2026-09-23 06:34:20 +0200: Memory Usage (439084K) : Starting CAP EXTRACTION
2026-09-23 06:34:20 +0200: Memory Usage (439084K) : Extracting cap_cmim device
2026-09-23 06:34:20 +0200: Memory Usage (439084K) : Extracting rfcmim device
2026-09-23 06:34:20 +0200: Memory Usage (439084K) : Extracting sg13_hv_svaricap varactor
2026-09-23 06:34:20 +0200: Memory Usage (439084K) : Starting ESD EXTRACTION
2026-09-23 06:34:20 +0200: Memory Usage (439084K) : Extracting diodevdd_2kv ESD device
2026-09-23 06:34:20 +0200: Memory Usage (439084K) : Extracting diodevdd_4kv ESD device
2026-09-23 06:34:20 +0200: Memory Usage (439084K) : Extracting diodevss_2kv ESD device
2026-09-23 06:34:20 +0200: Memory Usage (439084K) : Extracting diodevss_4kv ESD device
2026-09-23 06:34:20 +0200: Memory Usage (439084K) : Extracting idiodevdd_2kv ESD device
2026-09-23 06:34:20 +0200: Memory Usage (439084K) : Extracting idiodevdd_4kv ESD device
2026-09-23 06:34:20 +0200: Memory Usage (439084K) : Extracting idiodevss_2kv ESD device
2026-09-23 06:34:20 +0200: Memory Usage (439084K) : Extracting idiodevss_4kv ESD device
2026-09-23 06:34:20 +0200: Memory Usage (439084K) : Extracting nmoscl_2 ESD device
2026-09-23 06:34:20 +0200: Memory Usage (439084K) : Extracting nmoscl_4 ESD device
2026-09-23 06:34:20 +0200: Memory Usage (439084K) : Starting Inductor EXTRACTION
2026-09-23 06:34:20 +0200: Memory Usage (439084K) : Extracting Inductor2 device
2026-09-23 06:34:20 +0200: Memory Usage (439084K) : Extracting Inductor3 device
2026-09-23 06:34:20 +0200: Memory Usage (439084K) : Starting Taps EXTRACTION
2026-09-23 06:34:20 +0200: Memory Usage (439084K) : Extracting ntap1 device
2026-09-23 06:34:20 +0200: Memory Usage (439084K) : Extracting ptap1 device
2026-09-23 06:34:20 +0200: Memory Usage (439084K) : Starting SG13G2 LVS RF MOS Model Mapping
2026-09-23 06:34:20 +0200: Memory Usage (439084K) : [layout_netlist] Apply RF MOS model mapping and rfmode parameter.
2026-09-23 06:34:20 +0200: Memory Usage (439084K) : Starting SG13G2 LVS Options Preparations
2026-09-23 06:34:20 +0200: Memory Usage (439084K) : NET_ONLY enabled: apply extraction netlist options and skip comparison.
2026-09-23 06:34:20 +0200: Memory Usage (439084K) : SG13G2 LVS flow: extraction -> option preparation -> write netlist -> exit.
2026-09-23 06:34:20 +0200: Memory Usage (439084K) : Starting SG13G2 LVS Simplification
2026-09-23 06:34:20 +0200: Memory Usage (439084K) : [layout_netlist] simplify: SKIPPED
2026-09-23 06:34:20 +0200: Memory Usage (439084K) : [layout_netlist] make_top_level_pins: ENABLED
2026-09-23 06:34:20 +0200: Memory Usage (439084K) : [layout_netlist] combine_devices: SKIPPED
2026-09-23 06:34:20 +0200: Memory Usage (439084K) : [layout_netlist] purge: SKIPPED
2026-09-23 06:34:20 +0200: Memory Usage (439084K) : [layout_netlist] purge_nets: SKIPPED
2026-09-23 06:34:20 +0200: Memory Usage (439084K) : LVS Total Run time 0.852639 seconds
