# Logfile created on 2026-09-19 14:39:29 +0200 by logger.rb/v1.5.3
2026-09-19 14:39:29 +0200: Memory Usage (803612K) : Starting running IHP-SG13G2 KLayout DRC runset on /work/build/g1_gate_lay/g1_gate_filled.gds
2026-09-19 14:39:29 +0200: Memory Usage (803612K) : Ruby Version for klayout: 3.2.3
2026-09-19 14:39:29 +0200: Memory Usage (805916K) : Loading database to memory is complete.
2026-09-19 14:39:29 +0200: Memory Usage (805916K) : IHP-SG13G2 KLayout DRC runset output at: /work/build/g1_gate_lay/drc_gate_fill2/g1_gate_filled_g1_gate_main.lyrdb
2026-09-19 14:39:29 +0200: Memory Usage (806044K) : Evaluate switches.
2026-09-19 14:39:29 +0200: Memory Usage (806044K) : tables selected: main
2026-09-19 14:39:29 +0200: Memory Usage (806044K) : KLayout will use 16 thread(s) in tiling mode.
2026-09-19 14:39:29 +0200: Memory Usage (806044K) : deep mode is enabled.
2026-09-19 14:39:29 +0200: Memory Usage (806044K) : FEOL enabled: true
2026-09-19 14:39:29 +0200: Memory Usage (806044K) : BEOL enabled: true
2026-09-19 14:39:29 +0200: Memory Usage (806044K) : OFFGRID enabled: true
2026-09-19 14:39:29 +0200: Memory Usage (806044K) : ANGLE enabled: true
2026-09-19 14:39:29 +0200: Memory Usage (806044K) : PIN enabled: true
2026-09-19 14:39:29 +0200: Memory Usage (806044K) : FORBIDDEN enabled: true
2026-09-19 14:39:29 +0200: Memory Usage (806044K) : RECOMMENDED enabled: true
2026-09-19 14:39:29 +0200: Memory Usage (806044K) : PreCheck DRC enabled: false
2026-09-19 14:39:29 +0200: Memory Usage (806044K) : CONNECTIVITY_RULES enabled: true.
2026-09-19 14:39:29 +0200: Memory Usage (806044K) : Read in polygons from layers.
2026-09-19 14:39:29 +0200: Memory Usage (808860K) : activ_drw has 198 polygons
2026-09-19 14:39:29 +0200: Memory Usage (808860K) : activ_pin has 0 polygons
2026-09-19 14:39:29 +0200: Memory Usage (808860K) : activ_mask has 0 polygons
2026-09-19 14:39:29 +0200: Memory Usage (808988K) : activ_filler has 36 polygons
2026-09-19 14:39:29 +0200: Memory Usage (808988K) : activ_nofill has 1 polygons
2026-09-19 14:39:29 +0200: Memory Usage (808988K) : activ_opc has 0 polygons
2026-09-19 14:39:29 +0200: Memory Usage (808988K) : activ_iopc has 0 polygons
2026-09-19 14:39:29 +0200: Memory Usage (808988K) : activ_noqrc has 0 polygons
2026-09-19 14:39:29 +0200: Memory Usage (808988K) : biwind_drw has 0 polygons
2026-09-19 14:39:29 +0200: Memory Usage (808988K) : biwind_opc has 0 polygons
2026-09-19 14:39:29 +0200: Memory Usage (808988K) : pemwind_drw has 0 polygons
2026-09-19 14:39:29 +0200: Memory Usage (808988K) : gatpoly_drw has 165 polygons
2026-09-19 14:39:29 +0200: Memory Usage (808988K) : gatpoly_pin has 47 polygons
2026-09-19 14:39:29 +0200: Memory Usage (808988K) : gatpoly_filler has 36 polygons
2026-09-19 14:39:29 +0200: Memory Usage (808988K) : gatpoly_nofill has 1 polygons
2026-09-19 14:39:29 +0200: Memory Usage (808988K) : gatpoly_opc has 0 polygons
2026-09-19 14:39:29 +0200: Memory Usage (808988K) : gatpoly_iopc has 0 polygons
2026-09-19 14:39:29 +0200: Memory Usage (808988K) : gatpoly_noqrc has 0 polygons
2026-09-19 14:39:29 +0200: Memory Usage (809116K) : cont_drw has 3474 polygons
2026-09-19 14:39:29 +0200: Memory Usage (809116K) : cont_opc has 0 polygons
2026-09-19 14:39:29 +0200: Memory Usage (809116K) : nsd_drw has 0 polygons
2026-09-19 14:39:29 +0200: Memory Usage (809116K) : nsd_block has 0 polygons
2026-09-19 14:39:29 +0200: Memory Usage (809116K) : metal1_drw has 506 polygons
2026-09-19 14:39:29 +0200: Memory Usage (809372K) : metal1_pin has 94 polygons
2026-09-19 14:39:29 +0200: Memory Usage (809372K) : metal1_mask has 0 polygons
2026-09-19 14:39:29 +0200: Memory Usage (809372K) : metal1_filler has 288 polygons
2026-09-19 14:39:29 +0200: Memory Usage (809372K) : metal1_nofill has 1 polygons
2026-09-19 14:39:29 +0200: Memory Usage (809372K) : metal1_slit has 0 polygons
2026-09-19 14:39:29 +0200: Memory Usage (809628K) : metal1_text has 0 polygons
2026-09-19 14:39:29 +0200: Memory Usage (809628K) : metal1_opc has 0 polygons
2026-09-19 14:39:29 +0200: Memory Usage (809628K) : metal1_noqrc has 0 polygons
2026-09-19 14:39:29 +0200: Memory Usage (809756K) : metal1_res has 0 polygons
2026-09-19 14:39:29 +0200: Memory Usage (809756K) : metal1_iprobe has 0 polygons
2026-09-19 14:39:29 +0200: Memory Usage (809884K) : metal1_diffprb has 0 polygons
2026-09-19 14:39:29 +0200: Memory Usage (809884K) : passiv_drw has 0 polygons
2026-09-19 14:39:29 +0200: Memory Usage (810012K) : passiv_pin has 0 polygons
2026-09-19 14:39:29 +0200: Memory Usage (810012K) : passiv_sbump has 0 polygons
2026-09-19 14:39:29 +0200: Memory Usage (810012K) : passiv_pillar has 0 polygons
2026-09-19 14:39:29 +0200: Memory Usage (810140K) : passiv_pdl has 0 polygons
2026-09-19 14:39:29 +0200: Memory Usage (810140K) : metal2_drw has 346 polygons
2026-09-19 14:39:29 +0200: Memory Usage (810268K) : metal2_pin has 0 polygons
2026-09-19 14:39:29 +0200: Memory Usage (810396K) : metal2_mask has 0 polygons
2026-09-19 14:39:29 +0200: Memory Usage (810396K) : metal2_filler has 284 polygons
2026-09-19 14:39:29 +0200: Memory Usage (810524K) : metal2_nofill has 1 polygons
2026-09-19 14:39:29 +0200: Memory Usage (810524K) : metal2_slit has 0 polygons
2026-09-19 14:39:29 +0200: Memory Usage (810524K) : metal2_text has 0 polygons
2026-09-19 14:39:29 +0200: Memory Usage (810652K) : metal2_opc has 0 polygons
2026-09-19 14:39:29 +0200: Memory Usage (810652K) : metal2_noqrc has 0 polygons
2026-09-19 14:39:29 +0200: Memory Usage (810780K) : metal2_res has 0 polygons
2026-09-19 14:39:29 +0200: Memory Usage (810780K) : metal2_iprobe has 0 polygons
2026-09-19 14:39:29 +0200: Memory Usage (810908K) : metal2_diffprb has 0 polygons
2026-09-19 14:39:29 +0200: Memory Usage (810908K) : baspoly_drw has 0 polygons
2026-09-19 14:39:29 +0200: Memory Usage (810908K) : baspoly_pin has 0 polygons
2026-09-19 14:39:29 +0200: Memory Usage (811036K) : psd_drw has 38 polygons
2026-09-19 14:39:29 +0200: Memory Usage (811036K) : nldb_drw has 0 polygons
2026-09-19 14:39:29 +0200: Memory Usage (811164K) : digibnd_drw has 0 polygons
2026-09-19 14:39:29 +0200: Memory Usage (811164K) : via1_drw has 133 polygons
2026-09-19 14:39:29 +0200: Memory Usage (811292K) : backmetal1_drw has 0 polygons
2026-09-19 14:39:29 +0200: Memory Usage (811292K) : backmetal1_pin has 0 polygons
2026-09-19 14:39:29 +0200: Memory Usage (811420K) : backmetal1_mask has 0 polygons
2026-09-19 14:39:29 +0200: Memory Usage (811420K) : backmetal1_filler has 0 polygons
2026-09-19 14:39:29 +0200: Memory Usage (811420K) : backmetal1_nofill has 0 polygons
2026-09-19 14:39:29 +0200: Memory Usage (811548K) : backmetal1_slit has 0 polygons
2026-09-19 14:39:29 +0200: Memory Usage (811548K) : backmetal1_text has 0 polygons
2026-09-19 14:39:29 +0200: Memory Usage (811676K) : backmetal1_opc has 0 polygons
2026-09-19 14:39:29 +0200: Memory Usage (811676K) : backmetal1_noqrc has 0 polygons
2026-09-19 14:39:29 +0200: Memory Usage (811804K) : backmetal1_res has 0 polygons
2026-09-19 14:39:29 +0200: Memory Usage (811804K) : backmetal1_iprobe has 0 polygons
2026-09-19 14:39:29 +0200: Memory Usage (811932K) : backmetal1_diffprb has 0 polygons
2026-09-19 14:39:29 +0200: Memory Usage (812060K) : backpassiv_drw has 0 polygons
2026-09-19 14:39:29 +0200: Memory Usage (812060K) : res_drw has 0 polygons
2026-09-19 14:39:29 +0200: Memory Usage (812188K) : sram_drw has 0 polygons
2026-09-19 14:39:29 +0200: Memory Usage (812188K) : trans_drw has 0 polygons
2026-09-19 14:39:29 +0200: Memory Usage (812316K) : ind_drw has 0 polygons
2026-09-19 14:39:29 +0200: Memory Usage (812316K) : ind_pin has 0 polygons
2026-09-19 14:39:29 +0200: Memory Usage (812316K) : ind_text has 0 polygons
2026-09-19 14:39:29 +0200: Memory Usage (812444K) : salblock_drw has 0 polygons
2026-09-19 14:39:29 +0200: Memory Usage (812444K) : via2_drw has 247 polygons
2026-09-19 14:39:29 +0200: Memory Usage (812572K) : metal3_drw has 130 polygons
2026-09-19 14:39:29 +0200: Memory Usage (812572K) : metal3_pin has 11 polygons
2026-09-19 14:39:29 +0200: Memory Usage (812700K) : metal3_mask has 0 polygons
2026-09-19 14:39:29 +0200: Memory Usage (812700K) : metal3_filler has 86 polygons
2026-09-19 14:39:29 +0200: Memory Usage (812828K) : metal3_nofill has 1 polygons
2026-09-19 14:39:29 +0200: Memory Usage (812828K) : metal3_slit has 0 polygons
2026-09-19 14:39:29 +0200: Memory Usage (813084K) : metal3_text has 11 polygons
2026-09-19 14:39:29 +0200: Memory Usage (813212K) : metal3_opc has 0 polygons
2026-09-19 14:39:29 +0200: Memory Usage (813212K) : metal3_noqrc has 0 polygons
2026-09-19 14:39:29 +0200: Memory Usage (813340K) : metal3_res has 0 polygons
2026-09-19 14:39:29 +0200: Memory Usage (813340K) : metal3_iprobe has 0 polygons
2026-09-19 14:39:29 +0200: Memory Usage (813468K) : metal3_diffprb has 0 polygons
2026-09-19 14:39:29 +0200: Memory Usage (813468K) : nwell_drw has 32 polygons
2026-09-19 14:39:29 +0200: Memory Usage (813596K) : nwell_pin has 0 polygons
2026-09-19 14:39:29 +0200: Memory Usage (813596K) : nbulay_drw has 0 polygons
2026-09-19 14:39:29 +0200: Memory Usage (813596K) : nbulay_pin has 0 polygons
2026-09-19 14:39:29 +0200: Memory Usage (813596K) : nbulay_block has 0 polygons
2026-09-19 14:39:29 +0200: Memory Usage (813596K) : emwind_drw has 0 polygons
2026-09-19 14:39:29 +0200: Memory Usage (813724K) : emwind_opc has 0 polygons
2026-09-19 14:39:29 +0200: Memory Usage (813724K) : deepco_drw has 0 polygons
2026-09-19 14:39:29 +0200: Memory Usage (813724K) : deepco_drw has 0 polygons
2026-09-19 14:39:29 +0200: Memory Usage (813852K) : mim_drw has 0 polygons
2026-09-19 14:39:29 +0200: Memory Usage (813852K) : edgeseal_drw has 0 polygons
2026-09-19 14:39:29 +0200: Memory Usage (813852K) : edgeseal_bound has 0 polygons
2026-09-19 14:39:29 +0200: Memory Usage (813980K) : substrate_drw has 30 polygons
2026-09-19 14:39:29 +0200: Memory Usage (813980K) : substrate_text has 0 polygons
2026-09-19 14:39:29 +0200: Memory Usage (813980K) : dfpad_drw has 0 polygons
2026-09-19 14:39:29 +0200: Memory Usage (813980K) : dfpad_pillar has 0 polygons
2026-09-19 14:39:29 +0200: Memory Usage (814108K) : dfpad_sbump has 0 polygons
2026-09-19 14:39:29 +0200: Memory Usage (814108K) : thickgateox_drw has 42 polygons
2026-09-19 14:39:29 +0200: Memory Usage (814236K) : pldb_drw has 0 polygons
2026-09-19 14:39:29 +0200: Memory Usage (814236K) : pwell_drw has 0 polygons
2026-09-19 14:39:29 +0200: Memory Usage (814236K) : pwell_pin has 0 polygons
2026-09-19 14:39:29 +0200: Memory Usage (814364K) : pwell_block has 0 polygons
2026-09-19 14:39:29 +0200: Memory Usage (814364K) : ic_drw has 0 polygons
2026-09-19 14:39:29 +0200: Memory Usage (814492K) : via3_drw has 0 polygons
2026-09-19 14:39:29 +0200: Memory Usage (814492K) : metal4_drw has 0 polygons
2026-09-19 14:39:29 +0200: Memory Usage (814620K) : metal4_pin has 0 polygons
2026-09-19 14:39:29 +0200: Memory Usage (814620K) : metal4_mask has 0 polygons
2026-09-19 14:39:29 +0200: Memory Usage (814620K) : metal4_filler has 204 polygons
2026-09-19 14:39:29 +0200: Memory Usage (814748K) : metal4_nofill has 1 polygons
2026-09-19 14:39:29 +0200: Memory Usage (814748K) : metal4_slit has 0 polygons
2026-09-19 14:39:29 +0200: Memory Usage (814876K) : metal4_text has 0 polygons
2026-09-19 14:39:29 +0200: Memory Usage (814876K) : metal4_opc has 0 polygons
2026-09-19 14:39:29 +0200: Memory Usage (815004K) : metal4_noqrc has 0 polygons
2026-09-19 14:39:29 +0200: Memory Usage (815004K) : metal4_res has 0 polygons
2026-09-19 14:39:29 +0200: Memory Usage (815004K) : metal4_iprobe has 0 polygons
2026-09-19 14:39:29 +0200: Memory Usage (815132K) : metal4_diffprb has 0 polygons
2026-09-19 14:39:29 +0200: Memory Usage (815132K) : heattrans_drw has 78 polygons
2026-09-19 14:39:29 +0200: Memory Usage (815260K) : heatres_drw has 0 polygons
2026-09-19 14:39:29 +0200: Memory Usage (815260K) : pempoly_drw has 0 polygons
2026-09-19 14:39:29 +0200: Memory Usage (815388K) : fbe_drw has 0 polygons
2026-09-19 14:39:29 +0200: Memory Usage (815388K) : empoly_drw has 0 polygons
2026-09-19 14:39:29 +0200: Memory Usage (815516K) : ldmos_drw has 0 polygons
2026-09-19 14:39:29 +0200: Memory Usage (815516K) : pbiwind_drw has 0 polygons
2026-09-19 14:39:29 +0200: Memory Usage (815516K) : digisub_drw has 0 polygons
2026-09-19 14:39:29 +0200: Memory Usage (815644K) : nodrc_drw has 0 polygons
2026-09-19 14:39:29 +0200: Memory Usage (815644K) : text_drw has 56 polygons
2026-09-19 14:39:29 +0200: Memory Usage (815644K) : via4_drw has 0 polygons
2026-09-19 14:39:29 +0200: Memory Usage (815772K) : metal5_drw has 0 polygons
2026-09-19 14:39:29 +0200: Memory Usage (815772K) : metal5_pin has 0 polygons
2026-09-19 14:39:29 +0200: Memory Usage (815772K) : metal5_mask has 0 polygons
2026-09-19 14:39:29 +0200: Memory Usage (815772K) : metal5_filler has 204 polygons
2026-09-19 14:39:29 +0200: Memory Usage (815900K) : metal5_nofill has 1 polygons
2026-09-19 14:39:29 +0200: Memory Usage (815900K) : metal5_slit has 0 polygons
2026-09-19 14:39:29 +0200: Memory Usage (816028K) : metal5_text has 0 polygons
2026-09-19 14:39:29 +0200: Memory Usage (816028K) : metal5_opc has 0 polygons
2026-09-19 14:39:29 +0200: Memory Usage (816028K) : metal5_noqrc has 0 polygons
2026-09-19 14:39:29 +0200: Memory Usage (816156K) : metal5_res has 0 polygons
2026-09-19 14:39:29 +0200: Memory Usage (816156K) : metal5_iprobe has 0 polygons
2026-09-19 14:39:29 +0200: Memory Usage (816284K) : metal5_diffprb has 0 polygons
2026-09-19 14:39:29 +0200: Memory Usage (816284K) : radhard_drw has 0 polygons
2026-09-19 14:39:29 +0200: Memory Usage (816412K) : memcap_drw has 0 polygons
2026-09-19 14:39:29 +0200: Memory Usage (816412K) : varicap_drw has 0 polygons
2026-09-19 14:39:29 +0200: Memory Usage (816412K) : flash_drw has 0 polygons
2026-09-19 14:39:29 +0200: Memory Usage (816540K) : intbondvia_drw has 0 polygons
2026-09-19 14:39:29 +0200: Memory Usage (816540K) : intbondmet_drw has 0 polygons
2026-09-19 14:39:29 +0200: Memory Usage (816668K) : devbondvia_drw has 0 polygons
2026-09-19 14:39:29 +0200: Memory Usage (816668K) : devbondmet_drw has 0 polygons
2026-09-19 14:39:29 +0200: Memory Usage (816668K) : devtrench_drw has 0 polygons
2026-09-19 14:39:29 +0200: Memory Usage (816796K) : redist_drw has 0 polygons
2026-09-19 14:39:29 +0200: Memory Usage (816796K) : graphbot_drw has 0 polygons
2026-09-19 14:39:29 +0200: Memory Usage (816924K) : graphtop_drw has 0 polygons
2026-09-19 14:39:29 +0200: Memory Usage (816924K) : antvia1_drw has 0 polygons
2026-09-19 14:39:29 +0200: Memory Usage (817052K) : antmetal2_drw has 0 polygons
2026-09-19 14:39:29 +0200: Memory Usage (817052K) : graphcont_drw has 0 polygons
2026-09-19 14:39:29 +0200: Memory Usage (817052K) : siwg_drw has 0 polygons
2026-09-19 14:39:29 +0200: Memory Usage (817180K) : siwg_filler has 0 polygons
2026-09-19 14:39:29 +0200: Memory Usage (817180K) : siwg_nofill has 0 polygons
2026-09-19 14:39:29 +0200: Memory Usage (817308K) : sigrating_drw has 0 polygons
2026-09-19 14:39:29 +0200: Memory Usage (817308K) : singrating_drw has 0 polygons
2026-09-19 14:39:29 +0200: Memory Usage (817436K) : graphpas_drw has 0 polygons
2026-09-19 14:39:29 +0200: Memory Usage (817436K) : emwind3_drw has 0 polygons
2026-09-19 14:39:29 +0200: Memory Usage (817436K) : emwihv3_drw has 0 polygons
2026-09-19 14:39:29 +0200: Memory Usage (817436K) : redbulay_drw has 0 polygons
2026-09-19 14:39:29 +0200: Memory Usage (817564K) : smos_drw has 0 polygons
2026-09-19 14:39:29 +0200: Memory Usage (817564K) : graphpad_drw has 0 polygons
2026-09-19 14:39:29 +0200: Memory Usage (817564K) : polimide_drw has 0 polygons
2026-09-19 14:39:29 +0200: Memory Usage (817692K) : polimide_pin has 0 polygons
2026-09-19 14:39:29 +0200: Memory Usage (817692K) : recog_drw has 0 polygons
2026-09-19 14:39:29 +0200: Memory Usage (817692K) : recog_pin has 0 polygons
2026-09-19 14:39:29 +0200: Memory Usage (817820K) : recog_esd has 0 polygons
2026-09-19 14:39:29 +0200: Memory Usage (817820K) : recog_diode has 0 polygons
2026-09-19 14:39:29 +0200: Memory Usage (817820K) : recog_tsv has 0 polygons
2026-09-19 14:39:29 +0200: Memory Usage (817948K) : recog_iprobe has 0 polygons
2026-09-19 14:39:29 +0200: Memory Usage (817948K) : recog_diffprb has 0 polygons
2026-09-19 14:39:29 +0200: Memory Usage (818076K) : recog_pillar has 0 polygons
2026-09-19 14:39:29 +0200: Memory Usage (818076K) : recog_sbump has 0 polygons
2026-09-19 14:39:29 +0200: Memory Usage (818076K) : recog_otp has 0 polygons
2026-09-19 14:39:29 +0200: Memory Usage (818204K) : recog_pdiode has 0 polygons
2026-09-19 14:39:29 +0200: Memory Usage (818204K) : recog_mom has 0 polygons
2026-09-19 14:39:29 +0200: Memory Usage (818332K) : recog_pcm has 0 polygons
2026-09-19 14:39:29 +0200: Memory Usage (818332K) : colopen_drw has 0 polygons
2026-09-19 14:39:29 +0200: Memory Usage (818460K) : graphmetal1_drw has 0 polygons
2026-09-19 14:39:29 +0200: Memory Usage (818460K) : graphmetal1_filler has 0 polygons
2026-09-19 14:39:29 +0200: Memory Usage (818460K) : graphmetal1_nofill has 0 polygons
2026-09-19 14:39:29 +0200: Memory Usage (818588K) : graphmetal1_slit has 0 polygons
2026-09-19 14:39:29 +0200: Memory Usage (818588K) : graphmetal1_opc has 0 polygons
2026-09-19 14:39:29 +0200: Memory Usage (818716K) : graphmet1l_drw has 0 polygons
2026-09-19 14:39:29 +0200: Memory Usage (818716K) : graphmet1l_filler has 0 polygons
2026-09-19 14:39:29 +0200: Memory Usage (818716K) : graphmet1l_nofill has 0 polygons
2026-09-19 14:39:29 +0200: Memory Usage (818844K) : graphmet1l_slit has 0 polygons
2026-09-19 14:39:29 +0200: Memory Usage (818844K) : graphmet1l_opc has 0 polygons
2026-09-19 14:39:29 +0200: Memory Usage (818972K) : extblock_drw has 0 polygons
2026-09-19 14:39:29 +0200: Memory Usage (818972K) : nldd_drw has 0 polygons
2026-09-19 14:39:29 +0200: Memory Usage (819100K) : pldd_drw has 0 polygons
2026-09-19 14:39:29 +0200: Memory Usage (819100K) : next_drw has 0 polygons
2026-09-19 14:39:29 +0200: Memory Usage (819100K) : pext_drw has 0 polygons
2026-09-19 14:39:29 +0200: Memory Usage (819228K) : nexthv_drw has 0 polygons
2026-09-19 14:39:29 +0200: Memory Usage (819228K) : pexthv_drw has 0 polygons
2026-09-19 14:39:29 +0200: Memory Usage (819356K) : graphgate_drw has 0 polygons
2026-09-19 14:39:29 +0200: Memory Usage (819356K) : sinwg_drw has 0 polygons
2026-09-19 14:39:29 +0200: Memory Usage (819484K) : sinwg_filler has 0 polygons
2026-09-19 14:39:29 +0200: Memory Usage (819484K) : sinwg_nofill has 0 polygons
2026-09-19 14:39:29 +0200: Memory Usage (819484K) : mempad_drw has 0 polygons
2026-09-19 14:39:29 +0200: Memory Usage (819612K) : topvia1_drw has 0 polygons
2026-09-19 14:39:29 +0200: Memory Usage (819612K) : topmetal1_drw has 0 polygons
2026-09-19 14:39:29 +0200: Memory Usage (819612K) : topmetal1_pin has 0 polygons
2026-09-19 14:39:29 +0200: Memory Usage (819612K) : topmetal1_mask has 0 polygons
2026-09-19 14:39:29 +0200: Memory Usage (819612K) : topmetal1_filler has 27 polygons
2026-09-19 14:39:29 +0200: Memory Usage (819612K) : topmetal1_nofill has 1 polygons
2026-09-19 14:39:29 +0200: Memory Usage (819612K) : topmetal1_slit has 0 polygons
2026-09-19 14:39:29 +0200: Memory Usage (819612K) : topmetal1_text has 0 polygons
2026-09-19 14:39:29 +0200: Memory Usage (819612K) : topmetal1_noqrc has 0 polygons
2026-09-19 14:39:29 +0200: Memory Usage (819740K) : topmetal1_res has 0 polygons
2026-09-19 14:39:29 +0200: Memory Usage (819740K) : topmetal1_iprobe has 0 polygons
2026-09-19 14:39:29 +0200: Memory Usage (819868K) : topmetal1_diffprb has 0 polygons
2026-09-19 14:39:29 +0200: Memory Usage (819868K) : inldpwl_drw has 0 polygons
2026-09-19 14:39:29 +0200: Memory Usage (819868K) : polyres_drw has 0 polygons
2026-09-19 14:39:29 +0200: Memory Usage (819996K) : polyres_pin has 0 polygons
2026-09-19 14:39:29 +0200: Memory Usage (819996K) : vmim_drw has 0 polygons
2026-09-19 14:39:29 +0200: Memory Usage (820124K) : nbulaycut_drw has 0 polygons
2026-09-19 14:39:29 +0200: Memory Usage (820124K) : antmetal1_drw has 0 polygons
2026-09-19 14:39:29 +0200: Memory Usage (820124K) : topvia2_drw has 0 polygons
2026-09-19 14:39:29 +0200: Memory Usage (820252K) : topmetal2_drw has 0 polygons
2026-09-19 14:39:29 +0200: Memory Usage (820252K) : topmetal2_pin has 0 polygons
2026-09-19 14:39:29 +0200: Memory Usage (820380K) : topmetal2_mask has 0 polygons
2026-09-19 14:39:29 +0200: Memory Usage (820380K) : topmetal2_filler has 27 polygons
2026-09-19 14:39:29 +0200: Memory Usage (820508K) : topmetal2_nofill has 1 polygons
2026-09-19 14:39:29 +0200: Memory Usage (820508K) : topmetal2_slit has 0 polygons
2026-09-19 14:39:29 +0200: Memory Usage (820508K) : topmetal2_text has 0 polygons
2026-09-19 14:39:29 +0200: Memory Usage (820636K) : topmetal2_noqrc has 0 polygons
2026-09-19 14:39:29 +0200: Memory Usage (820636K) : topmetal2_res has 0 polygons
2026-09-19 14:39:29 +0200: Memory Usage (820764K) : topmetal2_iprobe has 0 polygons
2026-09-19 14:39:29 +0200: Memory Usage (820764K) : topmetal2_diffprb has 0 polygons
2026-09-19 14:39:29 +0200: Memory Usage (820892K) : snsring_drw has 0 polygons
2026-09-19 14:39:29 +0200: Memory Usage (820892K) : sensor_drw has 0 polygons
2026-09-19 14:39:29 +0200: Memory Usage (820892K) : snsarms_drw has 0 polygons
2026-09-19 14:39:29 +0200: Memory Usage (821020K) : snscmosvia_drw has 0 polygons
2026-09-19 14:39:29 +0200: Memory Usage (821020K) : colwind_drw has 0 polygons
2026-09-19 14:39:29 +0200: Memory Usage (821148K) : flm_drw has 0 polygons
2026-09-19 14:39:29 +0200: Memory Usage (821148K) : hafniumox_drw has 0 polygons
2026-09-19 14:39:29 +0200: Memory Usage (821148K) : memvia_drw has 0 polygons
2026-09-19 14:39:29 +0200: Memory Usage (821276K) : thinfilmres_drw has 0 polygons
2026-09-19 14:39:29 +0200: Memory Usage (821276K) : rfmem_drw has 0 polygons
2026-09-19 14:39:29 +0200: Memory Usage (821404K) : norcx_drw has 0 polygons
2026-09-19 14:39:29 +0200: Memory Usage (821404K) : norcx_m2m3 has 0 polygons
2026-09-19 14:39:29 +0200: Memory Usage (821532K) : norcx_m2m4 has 0 polygons
2026-09-19 14:39:29 +0200: Memory Usage (821532K) : norcx_m2m5 has 0 polygons
2026-09-19 14:39:29 +0200: Memory Usage (821532K) : norcx_m2tm1 has 0 polygons
2026-09-19 14:39:29 +0200: Memory Usage (821660K) : norcx_m2tm2 has 0 polygons
2026-09-19 14:39:29 +0200: Memory Usage (821660K) : norcx_m3m4 has 0 polygons
2026-09-19 14:39:29 +0200: Memory Usage (821788K) : norcx_m3m5 has 0 polygons
2026-09-19 14:39:29 +0200: Memory Usage (821788K) : norcx_m3tm1 has 0 polygons
2026-09-19 14:39:29 +0200: Memory Usage (821788K) : norcx_m3tm2 has 0 polygons
2026-09-19 14:39:29 +0200: Memory Usage (821916K) : norcx_m4m5 has 0 polygons
2026-09-19 14:39:29 +0200: Memory Usage (821916K) : norcx_m4tm1 has 0 polygons
2026-09-19 14:39:29 +0200: Memory Usage (822044K) : norcx_m4tm2 has 0 polygons
2026-09-19 14:39:29 +0200: Memory Usage (822044K) : norcx_m5tm1 has 0 polygons
2026-09-19 14:39:29 +0200: Memory Usage (822172K) : norcx_m5tm2 has 0 polygons
2026-09-19 14:39:29 +0200: Memory Usage (822172K) : norcx_tm1tm2 has 0 polygons
2026-09-19 14:39:29 +0200: Memory Usage (822172K) : norcx_m1sub has 0 polygons
2026-09-19 14:39:29 +0200: Memory Usage (822300K) : norcx_m2sub has 0 polygons
2026-09-19 14:39:29 +0200: Memory Usage (822300K) : norcx_m3sub has 0 polygons
2026-09-19 14:39:29 +0200: Memory Usage (822428K) : norcx_m4sub has 0 polygons
2026-09-19 14:39:29 +0200: Memory Usage (822428K) : norcx_m5sub has 0 polygons
2026-09-19 14:39:29 +0200: Memory Usage (822556K) : norcx_tm1sub has 0 polygons
2026-09-19 14:39:29 +0200: Memory Usage (822556K) : norcx_tm2sub has 0 polygons
2026-09-19 14:39:29 +0200: Memory Usage (822556K) : snsbotvia_drw has 0 polygons
2026-09-19 14:39:29 +0200: Memory Usage (822684K) : snstopvia_drw has 0 polygons
2026-09-19 14:39:29 +0200: Memory Usage (822684K) : deepvia_drw has 0 polygons
2026-09-19 14:39:29 +0200: Memory Usage (822812K) : fgetch_drw has 0 polygons
2026-09-19 14:39:29 +0200: Memory Usage (822812K) : ctrgat_drw has 0 polygons
2026-09-19 14:39:29 +0200: Memory Usage (822812K) : fgimp_drw has 0 polygons
2026-09-19 14:39:29 +0200: Memory Usage (822940K) : emwihv_drw has 0 polygons
2026-09-19 14:39:29 +0200: Memory Usage (822940K) : lbe_drw has 0 polygons
2026-09-19 14:39:29 +0200: Memory Usage (823068K) : alcustop_drw has 0 polygons
2026-09-19 14:39:29 +0200: Memory Usage (823068K) : nometfiller_drw has 1 polygons
2026-09-19 14:39:29 +0200: Memory Usage (823196K) : prboundary_drw has 0 polygons
2026-09-19 14:39:29 +0200: Memory Usage (823196K) : exchange0_drw has 0 polygons
2026-09-19 14:39:29 +0200: Memory Usage (823196K) : exchange0_pin has 0 polygons
2026-09-19 14:39:29 +0200: Memory Usage (823324K) : exchange0_text has 0 polygons
2026-09-19 14:39:29 +0200: Memory Usage (823324K) : exchange1_drw has 0 polygons
2026-09-19 14:39:29 +0200: Memory Usage (823452K) : exchange1_pin has 0 polygons
2026-09-19 14:39:29 +0200: Memory Usage (823452K) : exchange1_text has 0 polygons
2026-09-19 14:39:29 +0200: Memory Usage (823452K) : exchange2_drw has 0 polygons
2026-09-19 14:39:29 +0200: Memory Usage (823580K) : exchange2_pin has 0 polygons
2026-09-19 14:39:29 +0200: Memory Usage (823580K) : exchange2_text has 0 polygons
2026-09-19 14:39:29 +0200: Memory Usage (823708K) : exchange3_drw has 0 polygons
2026-09-19 14:39:29 +0200: Memory Usage (823708K) : exchange3_pin has 0 polygons
2026-09-19 14:39:29 +0200: Memory Usage (823708K) : exchange3_text has 0 polygons
2026-09-19 14:39:29 +0200: Memory Usage (823836K) : exchange4_drw has 0 polygons
2026-09-19 14:39:29 +0200: Memory Usage (823836K) : exchange4_pin has 0 polygons
2026-09-19 14:39:29 +0200: Memory Usage (823964K) : exchange4_text has 0 polygons
2026-09-19 14:39:29 +0200: Memory Usage (823964K) : isonwell_drw has 0 polygons
2026-09-19 14:39:29 +0200: Memory Usage (823964K) : Total no. of polygons in the design is 6840
2026-09-19 14:39:29 +0200: Memory Usage (824092K) : Loaded TECH DRC rules values from /foss/pdks/ihp-sg13g2/libs.tech/klayout/python/sg13g2_pycell_lib/sg13g2_tech_mod.json
2026-09-19 14:39:29 +0200: Memory Usage (824092K) : Loaded default DRC rules values from /foss/pdks/ihp-sg13g2/libs.tech/klayout/tech/drc/rule_decks/sg13g2_tech_default.json
2026-09-19 14:39:29 +0200: Memory Usage (824092K) : The following rules values were missing in tech json and default values were used:
2026-09-19 14:39:29 +0200: Memory Usage (824092K) :   - NW_f1_digibnd
2026-09-19 14:39:29 +0200: Memory Usage (824092K) :   - Cnt_c_digibnd
2026-09-19 14:39:29 +0200: Memory Usage (824092K) :   - Cnt_c_sram
2026-09-19 14:39:29 +0200: Memory Usage (824092K) :   - Sdiod_b
2026-09-19 14:39:29 +0200: Memory Usage (824092K) :   - Sdiod_c
2026-09-19 14:39:29 +0200: Memory Usage (826140K) : Total area of the design is 6618.942 um^2.
2026-09-19 14:39:29 +0200: Memory Usage (826140K) : The design dimensions are 130.68 µm * 50.65 µm.
2026-09-19 14:39:29 +0200: Memory Usage (826140K) : Starting general IHP-SG13G2 derivations.
2026-09-19 14:39:29 +0200: Memory Usage (826140K) : Starting Pwell derivations
2026-09-19 14:39:29 +0200: Memory Usage (824124K) : Starting n-Activ derivations
2026-09-19 14:39:29 +0200: Memory Usage (824636K) : Starting p-Activ derivations
2026-09-19 14:39:29 +0200: Memory Usage (825020K) : Starting ptap derivations
2026-09-19 14:39:29 +0200: Memory Usage (825148K) : Starting ntap derivations
2026-09-19 14:39:29 +0200: Memory Usage (825276K) : Starting pact FET derivations
2026-09-19 14:39:29 +0200: Memory Usage (825268K) : Starting nact FET derivations
2026-09-19 14:39:29 +0200: Memory Usage (825392K) : Starting Gate derivations
2026-09-19 14:39:29 +0200: Memory Usage (825776K) : Starting cont/contbar general derivations
2026-09-19 14:39:29 +0200: Memory Usage (826160K) : Starting pad general derivations
2026-09-19 14:39:29 +0200: Memory Usage (826160K) : Starting schottky_nbl general derivations
2026-09-19 14:39:29 +0200: Memory Usage (826288K) : Starting SVaricap general derivations
2026-09-19 14:39:29 +0200: Memory Usage (826416K) : Starting HBT general derivations
2026-09-19 14:39:29 +0200: Memory Usage (826416K) : Starting IHP-SG13G2 DRC connectivity related derivations.
2026-09-19 14:39:29 +0200: Memory Usage (826416K) : Starting IHP-SG13G2 DRC connectivity setup
2026-09-19 14:39:29 +0200: Memory Usage (828336K) : Starting IHP-SG13G2 DRC rules.
2026-09-19 14:39:29 +0200: Memory Usage (828336K) : Running all FEOL rules
2026-09-19 14:39:29 +0200: Memory Usage (828336K) : Running all BEOL rules
2026-09-19 14:39:29 +0200: Memory Usage (828336K) : Running all PIN rules
2026-09-19 14:39:29 +0200: Memory Usage (828336K) : Running all FORBIDDEN rules
2026-09-19 14:39:29 +0200: Memory Usage (828336K) : Starting 5.1 NWell table
2026-09-19 14:39:29 +0200: Memory Usage (828336K) : Executing rule NW.b
2026-09-19 14:39:30 +0200: Memory Usage (829616K) : Executing rule NW.b1
2026-09-19 14:39:30 +0200: Memory Usage (829608K) : Executing rule NW.f1
2026-09-19 14:39:30 +0200: Memory Usage (829736K) : Executing rule NW.f1.digibnd
2026-09-19 14:39:30 +0200: Memory Usage (829736K) : Starting 5.2 PWell:block
2026-09-19 14:39:30 +0200: Memory Usage (829736K) : Executing rule PWB.e
2026-09-19 14:39:30 +0200: Memory Usage (829732K) : Executing rule PWB.e1
2026-09-19 14:39:30 +0200: Memory Usage (829472K) : Executing rule PWB.f
2026-09-19 14:39:30 +0200: Memory Usage (829728K) : Executing rule PWB.f1
2026-09-19 14:39:30 +0200: Memory Usage (829728K) : Starting 5.3 nBuLay table
2026-09-19 14:39:30 +0200: Memory Usage (829728K) : Executing rule NBL.b
2026-09-19 14:39:30 +0200: Memory Usage (829980K) : Executing rule NBL.c
2026-09-19 14:39:30 +0200: Memory Usage (829976K) : Executing rule NBL.d
2026-09-19 14:39:30 +0200: Memory Usage (829848K) : Executing rule NBL.e
2026-09-19 14:39:30 +0200: Memory Usage (829844K) : Executing rule NBL.f
2026-09-19 14:39:30 +0200: Memory Usage (829840K) : Starting 5.5. Activ table
2026-09-19 14:39:30 +0200: Memory Usage (829840K) : Executing rule Act.a
2026-09-19 14:39:30 +0200: Memory Usage (829840K) : Executing rule Act.b
2026-09-19 14:39:30 +0200: Memory Usage (830860K) : Starting 5.6 Activ:filler table
2026-09-19 14:39:30 +0200: Memory Usage (830860K) : Executing rule AFil.c1
2026-09-19 14:39:30 +0200: Memory Usage (831116K) : Executing rule AFil.c
2026-09-19 14:39:30 +0200: Memory Usage (831372K) : Executing rule AFil.d
2026-09-19 14:39:30 +0200: Memory Usage (831116K) : Executing rule AFil.e
2026-09-19 14:39:30 +0200: Memory Usage (831116K) : Executing rule AFil.j
2026-09-19 14:39:30 +0200: Memory Usage (831116K) : Starting 5.7. ThickGateOx table
2026-09-19 14:39:30 +0200: Memory Usage (831116K) : Executing rule TGO.f
2026-09-19 14:39:30 +0200: Memory Usage (831116K) : Starting 5.8. GatPoly table
2026-09-19 14:39:30 +0200: Memory Usage (831116K) : Executing rule Gat.a
2026-09-19 14:39:30 +0200: Memory Usage (831116K) : Executing rule Gat.b
2026-09-19 14:39:30 +0200: Memory Usage (831372K) : Executing rule Gat.d
2026-09-19 14:39:30 +0200: Memory Usage (831500K) : Executing rule Gat.a1
2026-09-19 14:39:30 +0200: Memory Usage (833412K) : Executing rule Gat.a2
2026-09-19 14:39:30 +0200: Memory Usage (833664K) : Executing rule Gat.g
2026-09-19 14:39:30 +0200: Memory Usage (833660K) : Starting 5.9 GatPoly:filler
2026-09-19 14:39:30 +0200: Memory Usage (833660K) : Executing rule GFil.d
2026-09-19 14:39:30 +0200: Memory Usage (833788K) : Executing rule GFil.e
2026-09-19 14:39:30 +0200: Memory Usage (833916K) : Executing rule GFil.i
2026-09-19 14:39:30 +0200: Memory Usage (833916K) : Starting 5.10 pSD table
2026-09-19 14:39:30 +0200: Memory Usage (833916K) : Executing rule pSD.c1
2026-09-19 14:39:30 +0200: Memory Usage (833524K) : Starting 5.14. Cont table
2026-09-19 14:39:30 +0200: Memory Usage (833524K) : Executing rule Cnt.a
2026-09-19 14:39:30 +0200: Memory Usage (833524K) : Executing rule Cnt.b
2026-09-19 14:39:30 +0200: Memory Usage (834420K) : Executing rule Cnt.c
2026-09-19 14:39:30 +0200: Memory Usage (834932K) : Executing rule Cnt.c.digibnd
2026-09-19 14:39:30 +0200: Memory Usage (834932K) : Executing rule Cnt.c.SRAM
2026-09-19 14:39:30 +0200: Memory Usage (834932K) : Executing rule Cnt.d
2026-09-19 14:39:30 +0200: Memory Usage (835060K) : Executing rule Cnt.e
2026-09-19 14:39:30 +0200: Memory Usage (835180K) : Executing rule Cnt.g1
2026-09-19 14:39:30 +0200: Memory Usage (835692K) : Executing rule Cnt.g2
2026-09-19 14:39:30 +0200: Memory Usage (835940K) : Starting 5.15. ContBar table
2026-09-19 14:39:30 +0200: Memory Usage (835940K) : Executing rule CntB.a
2026-09-19 14:39:30 +0200: Memory Usage (835940K) : Executing rule CntB.a1
2026-09-19 14:39:30 +0200: Memory Usage (835940K) : Executing rule CntB.b1
2026-09-19 14:39:30 +0200: Memory Usage (835940K) : Executing rule CntB.h1
2026-09-19 14:39:30 +0200: Memory Usage (835940K) : Starting 6.1.3 NPN Substrate-Tie table
2026-09-19 14:39:30 +0200: Memory Usage (835940K) : Executing rule npn13G2.bR 
2026-09-19 14:39:30 +0200: Memory Usage (835940K) : Executing rule npn13G2L.cR 
2026-09-19 14:39:30 +0200: Memory Usage (835940K) : Executing rule npn13G2V.cR 
2026-09-19 14:39:30 +0200: Memory Usage (835940K) : Starting 6.7 Schottky diode table
2026-09-19 14:39:30 +0200: Memory Usage (835940K) : Executing rule Sdiod.b
2026-09-19 14:39:30 +0200: Memory Usage (835940K) : Executing rule Sdiod.c
2026-09-19 14:39:30 +0200: Memory Usage (835940K) : Executing rule Sdiod.d
2026-09-19 14:39:30 +0200: Memory Usage (835940K) : Executing rule Sdiod.e
2026-09-19 14:39:30 +0200: Memory Usage (835940K) : Starting 7.2 Latch-up table
2026-09-19 14:39:30 +0200: Memory Usage (835940K) : Executing rule LU.b
2026-09-19 14:39:30 +0200: Memory Usage (836196K) : Starting 5.16. Metal1 table
2026-09-19 14:39:30 +0200: Memory Usage (836196K) : Executing rule M1.a
2026-09-19 14:39:30 +0200: Memory Usage (836196K) : Executing rule M1.b
2026-09-19 14:39:30 +0200: Memory Usage (836320K) : Executing rule M1.e
2026-09-19 14:39:30 +0200: Memory Usage (836448K) : Executing rule M1.f
2026-09-19 14:39:30 +0200: Memory Usage (836448K) : Executing rule M1.g
2026-09-19 14:39:30 +0200: Memory Usage (836704K) : Executing rule M1.i
2026-09-19 14:39:30 +0200: Memory Usage (836704K) : Starting 5.17 Metaln table
2026-09-19 14:39:30 +0200: Memory Usage (836576K) : Executing rule M2.a
2026-09-19 14:39:30 +0200: Memory Usage (836576K) : Executing rule M2.b
2026-09-19 14:39:30 +0200: Memory Usage (836832K) : Executing rule M2.e
2026-09-19 14:39:30 +0200: Memory Usage (836960K) : Executing rule M2.f
2026-09-19 14:39:30 +0200: Memory Usage (836960K) : Executing rule M2.g
2026-09-19 14:39:30 +0200: Memory Usage (836952K) : Executing rule M2.i
2026-09-19 14:39:30 +0200: Memory Usage (837080K) : Executing rule M3.a
2026-09-19 14:39:30 +0200: Memory Usage (837080K) : Executing rule M3.b
2026-09-19 14:39:30 +0200: Memory Usage (837336K) : Executing rule M3.e
2026-09-19 14:39:30 +0200: Memory Usage (837208K) : Executing rule M3.f
2026-09-19 14:39:30 +0200: Memory Usage (837208K) : Executing rule M3.g
2026-09-19 14:39:30 +0200: Memory Usage (837208K) : Executing rule M3.i
2026-09-19 14:39:30 +0200: Memory Usage (837080K) : Executing rule M4.a
2026-09-19 14:39:30 +0200: Memory Usage (837080K) : Executing rule M4.b
2026-09-19 14:39:30 +0200: Memory Usage (837336K) : Executing rule M4.e
2026-09-19 14:39:30 +0200: Memory Usage (837336K) : Executing rule M4.f
2026-09-19 14:39:30 +0200: Memory Usage (837336K) : Executing rule M4.g
2026-09-19 14:39:30 +0200: Memory Usage (837204K) : Executing rule M4.i
2026-09-19 14:39:31 +0200: Memory Usage (837072K) : Executing rule M5.a
2026-09-19 14:39:31 +0200: Memory Usage (837072K) : Executing rule M5.b
2026-09-19 14:39:31 +0200: Memory Usage (837064K) : Executing rule M5.e
2026-09-19 14:39:31 +0200: Memory Usage (837064K) : Executing rule M5.f
2026-09-19 14:39:31 +0200: Memory Usage (837064K) : Executing rule M5.g
2026-09-19 14:39:31 +0200: Memory Usage (837320K) : Executing rule M5.i
2026-09-19 14:39:31 +0200: Memory Usage (837320K) : Starting 5.18 Metaln:filler table
2026-09-19 14:39:31 +0200: Memory Usage (837320K) : Executing rule M1Fil.c
2026-09-19 14:39:31 +0200: Memory Usage (837188K) : Executing rule M1Fil.a2
2026-09-19 14:39:31 +0200: Memory Usage (837188K) : Executing rule M2Fil.c
2026-09-19 14:39:31 +0200: Memory Usage (837052K) : Executing rule M2Fil.a2
2026-09-19 14:39:31 +0200: Memory Usage (837052K) : Executing rule M3Fil.c
2026-09-19 14:39:31 +0200: Memory Usage (837052K) : Executing rule M3Fil.a2
2026-09-19 14:39:31 +0200: Memory Usage (837052K) : Executing rule M4Fil.c
2026-09-19 14:39:31 +0200: Memory Usage (837052K) : Executing rule M4Fil.a2
2026-09-19 14:39:31 +0200: Memory Usage (837052K) : Executing rule M5Fil.c
2026-09-19 14:39:31 +0200: Memory Usage (837052K) : Executing rule M5Fil.a2
2026-09-19 14:39:31 +0200: Memory Usage (837052K) : Starting 5.19. Via1 table
2026-09-19 14:39:31 +0200: Memory Usage (837052K) : Starting 5.19. Via1 table derivations
2026-09-19 14:39:31 +0200: Memory Usage (837052K) : Executing rule V1.a
2026-09-19 14:39:31 +0200: Memory Usage (837052K) : Executing rule V1.b
2026-09-19 14:39:31 +0200: Memory Usage (837176K) : Executing rule V1.c
2026-09-19 14:39:31 +0200: Memory Usage (837304K) : Starting 5.20. Vian table
2026-09-19 14:39:31 +0200: Memory Usage (837304K) : Executing rule V2.a
2026-09-19 14:39:31 +0200: Memory Usage (837304K) : Executing rule V2.b
2026-09-19 14:39:31 +0200: Memory Usage (837432K) : Executing rule V2.c
2026-09-19 14:39:31 +0200: Memory Usage (837292K) : Executing rule V3.a
2026-09-19 14:39:31 +0200: Memory Usage (837292K) : Executing rule V3.b
2026-09-19 14:39:31 +0200: Memory Usage (837292K) : Executing rule V3.c
2026-09-19 14:39:31 +0200: Memory Usage (837292K) : Executing rule V4.a
2026-09-19 14:39:31 +0200: Memory Usage (837292K) : Executing rule V4.b
2026-09-19 14:39:31 +0200: Memory Usage (837292K) : Executing rule V4.c
2026-09-19 14:39:31 +0200: Memory Usage (837292K) : Starting 5.21. TopVia1 table
2026-09-19 14:39:31 +0200: Memory Usage (837292K) : Executing rule TV1.a
2026-09-19 14:39:31 +0200: Memory Usage (837292K) : Executing rule TV1.b
2026-09-19 14:39:31 +0200: Memory Usage (837292K) : Executing rule TV1.c
2026-09-19 14:39:31 +0200: Memory Usage (837292K) : Executing rule TV1.d
2026-09-19 14:39:31 +0200: Memory Usage (837292K) : Starting 5.22. TopMetal1 table
2026-09-19 14:39:31 +0200: Memory Usage (837292K) : Executing rule TM1.a
2026-09-19 14:39:31 +0200: Memory Usage (837292K) : Executing rule TM1.b
2026-09-19 14:39:31 +0200: Memory Usage (837420K) : Starting 5.23 TopMetal1:filler table
2026-09-19 14:39:31 +0200: Memory Usage (837420K) : Executing rule TM1Fil.c
2026-09-19 14:39:31 +0200: Memory Usage (837420K) : Executing rule TM1Fil.a1
2026-09-19 14:39:31 +0200: Memory Usage (837420K) : Starting 5.24. TopVia2 table
2026-09-19 14:39:31 +0200: Memory Usage (837420K) : Executing rule TV2.a
2026-09-19 14:39:31 +0200: Memory Usage (837420K) : Executing rule TV2.b
2026-09-19 14:39:31 +0200: Memory Usage (837420K) : Executing rule TV2.c
2026-09-19 14:39:31 +0200: Memory Usage (837420K) : Executing rule TV2.d
2026-09-19 14:39:31 +0200: Memory Usage (837420K) : Starting 5.25. TopMetal2 table
2026-09-19 14:39:31 +0200: Memory Usage (837420K) : Executing rule TM2.a
2026-09-19 14:39:31 +0200: Memory Usage (837420K) : Executing rule TM2.b
2026-09-19 14:39:31 +0200: Memory Usage (837032K) : Executing rule TM2.bR
2026-09-19 14:39:31 +0200: Memory Usage (837032K) : Starting 5.26 TopMetal2:filler table
2026-09-19 14:39:31 +0200: Memory Usage (837032K) : Executing rule TM2Fil.c
2026-09-19 14:39:31 +0200: Memory Usage (837032K) : Executing rule TM2Fil.a1
2026-09-19 14:39:31 +0200: Memory Usage (837032K) : Starting 5.27. Passiv table
2026-09-19 14:39:31 +0200: Memory Usage (837032K) : Executing rule Pas.a
2026-09-19 14:39:31 +0200: Memory Usage (837032K) : Executing rule Pas.b
2026-09-19 14:39:31 +0200: Memory Usage (837032K) : Executing rule Pas.c
2026-09-19 14:39:31 +0200: Memory Usage (837032K) : Starting 6.9.2 Copper Pillar table
2026-09-19 14:39:31 +0200: Memory Usage (837032K) : Executing rule Padc.a
2026-09-19 14:39:31 +0200: Memory Usage (837032K) : Executing rule Padc.b
2026-09-19 14:39:31 +0200: Memory Usage (837032K) : Executing rule Padc.c
2026-09-19 14:39:31 +0200: Memory Usage (837032K) : Executing rule Padb.f
2026-09-19 14:39:31 +0200: Memory Usage (837032K) : Starting 6.9 Pad table
2026-09-19 14:39:31 +0200: Memory Usage (837032K) : Executing rule Pad.m
2026-09-19 14:39:31 +0200: Memory Usage (837032K) : Executing rule Pad.fR_M1
2026-09-19 14:39:31 +0200: Memory Usage (837032K) : Executing rule Pad.fR_M2
2026-09-19 14:39:31 +0200: Memory Usage (837032K) : Executing rule Pad.fR_M3
2026-09-19 14:39:31 +0200: Memory Usage (837032K) : Executing rule Pad.fR_M4
2026-09-19 14:39:31 +0200: Memory Usage (837032K) : Executing rule Pad.fR_M5
2026-09-19 14:39:31 +0200: Memory Usage (837032K) : Executing rule Pad.fR_TM1
2026-09-19 14:39:31 +0200: Memory Usage (837032K) : Executing rule Pad.fR_TM2
2026-09-19 14:39:31 +0200: Memory Usage (837032K) : Executing rule Pad.i
2026-09-19 14:39:31 +0200: Memory Usage (837032K) : Starting 6.9.1 Solder Bump
2026-09-19 14:39:31 +0200: Memory Usage (837032K) : Executing rule Padb.a
2026-09-19 14:39:31 +0200: Memory Usage (837032K) : Executing rule Padb.b
2026-09-19 14:39:31 +0200: Memory Usage (837032K) : Executing rule Padb.c
2026-09-19 14:39:31 +0200: Memory Usage (837032K) : Executing rule Padb.f
2026-09-19 14:39:31 +0200: Memory Usage (837032K) : Executing rule Padb.d
2026-09-19 14:39:31 +0200: Memory Usage (837032K) : Starting 6.10 Sealring table
2026-09-19 14:39:31 +0200: Memory Usage (837032K) : Executing rule Seal.l
2026-09-19 14:39:31 +0200: Memory Usage (837032K) : Executing rule Seal.n
2026-09-19 14:39:31 +0200: Memory Usage (837032K) : Executing rule seal.b_metal1
2026-09-19 14:39:31 +0200: Memory Usage (837032K) : Executing rule seal.b_metal2
2026-09-19 14:39:31 +0200: Memory Usage (837032K) : Executing rule seal.b_metal3
2026-09-19 14:39:31 +0200: Memory Usage (837032K) : Executing rule seal.b_metal4
2026-09-19 14:39:31 +0200: Memory Usage (837032K) : Executing rule seal.b_metal5
2026-09-19 14:39:31 +0200: Memory Usage (837032K) : Executing rule seal.b_topmetal1
2026-09-19 14:39:31 +0200: Memory Usage (837032K) : Executing rule seal.b_topmetal2
2026-09-19 14:39:31 +0200: Memory Usage (837032K) : Executing rule seal.b_activ
2026-09-19 14:39:31 +0200: Memory Usage (837032K) : Executing rule seal.b_psd
2026-09-19 14:39:31 +0200: Memory Usage (837032K) : Executing rule Seal.k
2026-09-19 14:39:31 +0200: Memory Usage (837032K) : Executing rule Seal.m
2026-09-19 14:39:31 +0200: Memory Usage (837032K) : Starting 6.11 MIM table
2026-09-19 14:39:31 +0200: Memory Usage (837032K) : Executing rule MIM.c
2026-09-19 14:39:31 +0200: Memory Usage (837160K) : Executing rule MIM.d
2026-09-19 14:39:31 +0200: Memory Usage (837160K) : Executing rule MIM.gR
2026-09-19 14:39:31 +0200: Memory Usage (837160K) : Starting 7.3 Metal Slits table
2026-09-19 14:39:31 +0200: Memory Usage (837160K) : Executing rule Slt.e1_M1
2026-09-19 14:39:31 +0200: Memory Usage (837160K) : Executing rule Slt.e1_M2
2026-09-19 14:39:31 +0200: Memory Usage (837160K) : Executing rule Slt.e1_M3
2026-09-19 14:39:31 +0200: Memory Usage (837160K) : Executing rule Slt.e1_M4
2026-09-19 14:39:31 +0200: Memory Usage (837160K) : Executing rule Slt.e1_M5
2026-09-19 14:39:31 +0200: Memory Usage (837160K) : Executing rule Slt.e1_TM1
2026-09-19 14:39:31 +0200: Memory Usage (837288K) : Executing rule Slt.e1_TM2
2026-09-19 14:39:31 +0200: Memory Usage (837288K) : Starting 9.1. LBE table
2026-09-19 14:39:31 +0200: Memory Usage (837288K) : Executing rule LBE.a
2026-09-19 14:39:31 +0200: Memory Usage (837288K) : Executing rule LBE.b
2026-09-19 14:39:31 +0200: Memory Usage (837288K) : Executing rule LBE.b1
2026-09-19 14:39:31 +0200: Memory Usage (837288K) : Executing rule LBE.c
2026-09-19 14:39:31 +0200: Memory Usage (837288K) : Executing rule LBE.d
2026-09-19 14:39:31 +0200: Memory Usage (837288K) : Executing rule LBE.h
2026-09-19 14:39:31 +0200: Memory Usage (837416K) : Starting 7.4. PIN table
2026-09-19 14:39:31 +0200: Memory Usage (837416K) : Executing rule Pin.a
2026-09-19 14:39:31 +0200: Memory Usage (837544K) : Executing rule Pin.b
2026-09-19 14:39:31 +0200: Memory Usage (837672K) : Executing rule Pin.e
2026-09-19 14:39:31 +0200: Memory Usage (837800K) : Executing rule Pin.f_M2
2026-09-19 14:39:31 +0200: Memory Usage (838056K) : Executing rule Pin.f_M3
2026-09-19 14:39:31 +0200: Memory Usage (838184K) : Executing rule Pin.f_M4
2026-09-19 14:39:31 +0200: Memory Usage (838312K) : Executing rule Pin.f_M5
2026-09-19 14:39:31 +0200: Memory Usage (838440K) : Executing rule Pin.g
2026-09-19 14:39:31 +0200: Memory Usage (838696K) : Executing rule Pin.h
2026-09-19 14:39:31 +0200: Memory Usage (838824K) : Starting 3.1. offgrid table
2026-09-19 14:39:31 +0200: Memory Usage (838824K) : Executing rule activ_drw_Offgrid
2026-09-19 14:39:31 +0200: Memory Usage (838824K) : Executing rule activ_mask_Offgrid
2026-09-19 14:39:31 +0200: Memory Usage (838824K) : Executing rule activ_filler_Offgrid
2026-09-19 14:39:31 +0200: Memory Usage (838952K) : Executing rule activ_opc_Offgrid
2026-09-19 14:39:31 +0200: Memory Usage (838952K) : Executing rule activ_iopc_Offgrid
2026-09-19 14:39:31 +0200: Memory Usage (838952K) : Executing rule biwind_drw_Offgrid
2026-09-19 14:39:31 +0200: Memory Usage (839080K) : Executing rule biwind_opc_Offgrid
2026-09-19 14:39:31 +0200: Memory Usage (839080K) : Executing rule pemwind_drw_Offgrid
2026-09-19 14:39:31 +0200: Memory Usage (839080K) : Executing rule gatpoly_drw_Offgrid
2026-09-19 14:39:31 +0200: Memory Usage (839080K) : Executing rule gatpoly_filler_Offgrid
2026-09-19 14:39:31 +0200: Memory Usage (839080K) : Executing rule gatpoly_opc_Offgrid
2026-09-19 14:39:31 +0200: Memory Usage (839080K) : Executing rule gatpoly_iopc_Offgrid
2026-09-19 14:39:31 +0200: Memory Usage (839080K) : Executing rule gatpoly_noqrc_Offgrid
2026-09-19 14:39:31 +0200: Memory Usage (839080K) : Executing rule cont_drw_Offgrid
2026-09-19 14:39:31 +0200: Memory Usage (839976K) : Executing rule cont_opc_Offgrid
2026-09-19 14:39:31 +0200: Memory Usage (839976K) : Executing rule nsd_drw_Offgrid
2026-09-19 14:39:31 +0200: Memory Usage (839976K) : Executing rule nsd_block_Offgrid
2026-09-19 14:39:31 +0200: Memory Usage (839976K) : Executing rule metal1_drw_Offgrid
2026-09-19 14:39:31 +0200: Memory Usage (839976K) : Executing rule metal1_mask_Offgrid
2026-09-19 14:39:31 +0200: Memory Usage (839976K) : Executing rule metal1_filler_Offgrid
2026-09-19 14:39:31 +0200: Memory Usage (839976K) : Executing rule metal1_slit_Offgrid
2026-09-19 14:39:31 +0200: Memory Usage (839976K) : Executing rule metal1_opc_Offgrid
2026-09-19 14:39:31 +0200: Memory Usage (839976K) : Executing rule metal1_noqrc_Offgrid
2026-09-19 14:39:31 +0200: Memory Usage (839976K) : Executing rule metal1_res_Offgrid
2026-09-19 14:39:31 +0200: Memory Usage (839976K) : Executing rule metal1_iprobe_Offgrid
2026-09-19 14:39:31 +0200: Memory Usage (839976K) : Executing rule metal1_diffprb_Offgrid
2026-09-19 14:39:31 +0200: Memory Usage (839976K) : Executing rule passiv_drw_Offgrid
2026-09-19 14:39:31 +0200: Memory Usage (839976K) : Executing rule passiv_pillar_Offgrid
2026-09-19 14:39:31 +0200: Memory Usage (839976K) : Executing rule passiv_sbump_Offgrid
2026-09-19 14:39:31 +0200: Memory Usage (839976K) : Executing rule passiv_pdl_Offgrid
2026-09-19 14:39:31 +0200: Memory Usage (839976K) : Executing rule metal2_drw_Offgrid
2026-09-19 14:39:31 +0200: Memory Usage (839976K) : Executing rule metal2_mask_Offgrid
2026-09-19 14:39:31 +0200: Memory Usage (839976K) : Executing rule metal2_filler_Offgrid
2026-09-19 14:39:31 +0200: Memory Usage (839976K) : Executing rule metal2_slit_Offgrid
2026-09-19 14:39:31 +0200: Memory Usage (839976K) : Executing rule metal2_opc_Offgrid
2026-09-19 14:39:31 +0200: Memory Usage (839976K) : Executing rule metal2_noqrc_Offgrid
2026-09-19 14:39:31 +0200: Memory Usage (839976K) : Executing rule metal2_res_Offgrid
2026-09-19 14:39:31 +0200: Memory Usage (839976K) : Executing rule metal2_iprobe_Offgrid
2026-09-19 14:39:31 +0200: Memory Usage (839976K) : Executing rule metal2_diffprb_Offgrid
2026-09-19 14:39:31 +0200: Memory Usage (839976K) : Executing rule baspoly_drw_Offgrid
2026-09-19 14:39:31 +0200: Memory Usage (839976K) : Executing rule psd_drw_Offgrid
2026-09-19 14:39:31 +0200: Memory Usage (839976K) : Executing rule nldb_drw_Offgrid
2026-09-19 14:39:31 +0200: Memory Usage (839976K) : Executing rule via1_drw_Offgrid
2026-09-19 14:39:31 +0200: Memory Usage (839976K) : Executing rule backmetal1_drw_Offgrid
2026-09-19 14:39:31 +0200: Memory Usage (839976K) : Executing rule backmetal1_mask_Offgrid
2026-09-19 14:39:31 +0200: Memory Usage (839976K) : Executing rule backmetal1_filler_Offgrid
2026-09-19 14:39:31 +0200: Memory Usage (839976K) : Executing rule backmetal1_slit_Offgrid
2026-09-19 14:39:31 +0200: Memory Usage (839976K) : Executing rule backmetal1_opc_Offgrid
2026-09-19 14:39:31 +0200: Memory Usage (839976K) : Executing rule backmetal1_noqrc_Offgrid
2026-09-19 14:39:31 +0200: Memory Usage (839976K) : Executing rule backmetal1_res_Offgrid
2026-09-19 14:39:31 +0200: Memory Usage (839976K) : Executing rule backmetal1_iprobe_Offgrid
2026-09-19 14:39:31 +0200: Memory Usage (839976K) : Executing rule backmetal1_diffprb_Offgrid
2026-09-19 14:39:31 +0200: Memory Usage (839976K) : Executing rule backpassiv_drw_Offgrid
2026-09-19 14:39:31 +0200: Memory Usage (840360K) : Executing rule salblock_drw_Offgrid
2026-09-19 14:39:31 +0200: Memory Usage (840872K) : Executing rule via2_drw_Offgrid
2026-09-19 14:39:31 +0200: Memory Usage (841512K) : Executing rule metal3_drw_Offgrid
2026-09-19 14:39:31 +0200: Memory Usage (842024K) : Executing rule metal3_mask_Offgrid
2026-09-19 14:39:31 +0200: Memory Usage (842408K) : Executing rule metal3_filler_Offgrid
2026-09-19 14:39:31 +0200: Memory Usage (842920K) : Executing rule metal3_slit_Offgrid
2026-09-19 14:39:31 +0200: Memory Usage (843432K) : Executing rule metal3_opc_Offgrid
2026-09-19 14:39:31 +0200: Memory Usage (843944K) : Executing rule metal3_noqrc_Offgrid
2026-09-19 14:39:31 +0200: Memory Usage (844456K) : Executing rule metal3_res_Offgrid
2026-09-19 14:39:31 +0200: Memory Usage (844840K) : Executing rule metal3_iprobe_Offgrid
2026-09-19 14:39:32 +0200: Memory Usage (845480K) : Executing rule metal3_diffprb_Offgrid
2026-09-19 14:39:32 +0200: Memory Usage (845992K) : Executing rule nwell_drw_Offgrid
2026-09-19 14:39:32 +0200: Memory Usage (846376K) : Executing rule nbulay_drw_Offgrid
2026-09-19 14:39:32 +0200: Memory Usage (846376K) : Executing rule nbulay_block_Offgrid
2026-09-19 14:39:32 +0200: Memory Usage (846376K) : Executing rule pwell_drw_Offgrid
2026-09-19 14:39:32 +0200: Memory Usage (846376K) : Executing rule pwell_block_Offgrid
2026-09-19 14:39:32 +0200: Memory Usage (846376K) : Executing rule emwind_drw_Offgrid
2026-09-19 14:39:32 +0200: Memory Usage (846376K) : Executing rule emwind_opc_Offgrid
2026-09-19 14:39:32 +0200: Memory Usage (846376K) : Executing rule deepco_drw_Offgrid
2026-09-19 14:39:32 +0200: Memory Usage (846376K) : Executing rule mim_drw_Offgrid
2026-09-19 14:39:32 +0200: Memory Usage (846376K) : Executing rule substrate_drw_Offgrid
2026-09-19 14:39:32 +0200: Memory Usage (846376K) : Executing rule ic_drw_Offgrid
2026-09-19 14:39:32 +0200: Memory Usage (846376K) : Executing rule via3_drw_Offgrid
2026-09-19 14:39:32 +0200: Memory Usage (846376K) : Executing rule pldb_drw_Offgrid
2026-09-19 14:39:32 +0200: Memory Usage (846376K) : Executing rule metal4_drw_Offgrid
2026-09-19 14:39:32 +0200: Memory Usage (846376K) : Executing rule metal4_mask_Offgrid
2026-09-19 14:39:32 +0200: Memory Usage (846376K) : Executing rule metal4_filler_Offgrid
2026-09-19 14:39:32 +0200: Memory Usage (846376K) : Executing rule metal4_slit_Offgrid
2026-09-19 14:39:32 +0200: Memory Usage (846376K) : Executing rule metal4_opc_Offgrid
2026-09-19 14:39:32 +0200: Memory Usage (846376K) : Executing rule metal4_noqrc_Offgrid
2026-09-19 14:39:32 +0200: Memory Usage (846376K) : Executing rule metal4_res_Offgrid
2026-09-19 14:39:32 +0200: Memory Usage (846376K) : Executing rule metal4_iprobe_Offgrid
2026-09-19 14:39:32 +0200: Memory Usage (846376K) : Executing rule metal4_diffprb_Offgrid
2026-09-19 14:39:32 +0200: Memory Usage (846376K) : Executing rule via4_drw_Offgrid
2026-09-19 14:39:32 +0200: Memory Usage (846376K) : Executing rule metal5_drw_Offgrid
2026-09-19 14:39:32 +0200: Memory Usage (846376K) : Executing rule metal5_mask_Offgrid
2026-09-19 14:39:32 +0200: Memory Usage (846376K) : Executing rule metal5_filler_Offgrid
2026-09-19 14:39:32 +0200: Memory Usage (846376K) : Executing rule metal5_slit_Offgrid
2026-09-19 14:39:32 +0200: Memory Usage (846376K) : Executing rule metal5_opc_Offgrid
2026-09-19 14:39:32 +0200: Memory Usage (846376K) : Executing rule metal5_noqrc_Offgrid
2026-09-19 14:39:32 +0200: Memory Usage (846376K) : Executing rule metal5_res_Offgrid
2026-09-19 14:39:32 +0200: Memory Usage (846376K) : Executing rule metal5_iprobe_Offgrid
2026-09-19 14:39:32 +0200: Memory Usage (846376K) : Executing rule metal5_diffprb_Offgrid
2026-09-19 14:39:32 +0200: Memory Usage (846376K) : Executing rule prboundary_drw_Offgrid
2026-09-19 14:39:32 +0200: Memory Usage (846376K) : Executing rule exchange0_drw_Offgrid
2026-09-19 14:39:32 +0200: Memory Usage (846376K) : Executing rule exchange1_drw_Offgrid
2026-09-19 14:39:32 +0200: Memory Usage (846376K) : Executing rule exchange2_drw_Offgrid
2026-09-19 14:39:32 +0200: Memory Usage (846376K) : Executing rule exchange3_drw_Offgrid
2026-09-19 14:39:32 +0200: Memory Usage (846376K) : Executing rule exchange4_drw_Offgrid
2026-09-19 14:39:32 +0200: Memory Usage (846376K) : Executing rule isonwell_drw_Offgrid
2026-09-19 14:39:32 +0200: Memory Usage (846376K) : Executing rule thickgateox_drw_Offgrid
2026-09-19 14:39:32 +0200: Memory Usage (846376K) : Executing rule pempoly_drw_Offgrid
2026-09-19 14:39:32 +0200: Memory Usage (846376K) : Executing rule fbe_drw_Offgrid
2026-09-19 14:39:32 +0200: Memory Usage (846376K) : Executing rule empoly_drw_Offgrid
2026-09-19 14:39:32 +0200: Memory Usage (846376K) : Executing rule ldmos_drw_Offgrid
2026-09-19 14:39:32 +0200: Memory Usage (846376K) : Executing rule pbiwind_drw_Offgrid
2026-09-19 14:39:32 +0200: Memory Usage (846376K) : Executing rule colopen_drw_Offgrid
2026-09-19 14:39:32 +0200: Memory Usage (846376K) : Executing rule extblock_drw_Offgrid
2026-09-19 14:39:32 +0200: Memory Usage (846376K) : Executing rule nldd_drw_Offgrid
2026-09-19 14:39:32 +0200: Memory Usage (846376K) : Executing rule pldd_drw_Offgrid
2026-09-19 14:39:32 +0200: Memory Usage (846376K) : Executing rule next_drw_Offgrid
2026-09-19 14:39:32 +0200: Memory Usage (846376K) : Executing rule pext_drw_Offgrid
2026-09-19 14:39:32 +0200: Memory Usage (846376K) : Executing rule nexthv_drw_Offgrid
2026-09-19 14:39:32 +0200: Memory Usage (846376K) : Executing rule pexthv_drw_Offgrid
2026-09-19 14:39:32 +0200: Memory Usage (846376K) : Executing rule graphgate_drw_Offgrid
2026-09-19 14:39:32 +0200: Memory Usage (846376K) : Executing rule mempad_drw_Offgrid
2026-09-19 14:39:32 +0200: Memory Usage (846376K) : Executing rule topvia1_drw_Offgrid
2026-09-19 14:39:32 +0200: Memory Usage (846376K) : Executing rule topmetal1_drw_Offgrid
2026-09-19 14:39:32 +0200: Memory Usage (846376K) : Executing rule topmetal1_mask_Offgrid
2026-09-19 14:39:32 +0200: Memory Usage (846376K) : Executing rule topmetal1_filler_Offgrid
2026-09-19 14:39:32 +0200: Memory Usage (846376K) : Executing rule topmetal1_slit_Offgrid
2026-09-19 14:39:32 +0200: Memory Usage (846376K) : Executing rule topmetal1_noqrc_Offgrid
2026-09-19 14:39:32 +0200: Memory Usage (846760K) : Executing rule topmetal1_res_Offgrid
2026-09-19 14:39:32 +0200: Memory Usage (847272K) : Executing rule topmetal1_iprobe_Offgrid
2026-09-19 14:39:32 +0200: Memory Usage (847784K) : Executing rule topmetal1_diffprb_Offgrid
2026-09-19 14:39:32 +0200: Memory Usage (848424K) : Executing rule inldpwl_drw_Offgrid
2026-09-19 14:39:32 +0200: Memory Usage (848936K) : Executing rule polyres_drw_Offgrid
2026-09-19 14:39:32 +0200: Memory Usage (849448K) : Executing rule vmim_drw_Offgrid
2026-09-19 14:39:32 +0200: Memory Usage (849960K) : Executing rule nbulaycut_drw_Offgrid
2026-09-19 14:39:32 +0200: Memory Usage (850600K) : Executing rule antmetal1_drw_Offgrid
2026-09-19 14:39:32 +0200: Memory Usage (850984K) : Executing rule topvia2_drw_Offgrid
2026-09-19 14:39:32 +0200: Memory Usage (850984K) : Executing rule topmetal2_drw_Offgrid
2026-09-19 14:39:32 +0200: Memory Usage (850984K) : Executing rule topmetal2_mask_Offgrid
2026-09-19 14:39:32 +0200: Memory Usage (850984K) : Executing rule topmetal2_filler_Offgrid
2026-09-19 14:39:32 +0200: Memory Usage (850984K) : Executing rule topmetal2_slit_Offgrid
2026-09-19 14:39:32 +0200: Memory Usage (850984K) : Executing rule topmetal2_noqrc_Offgrid
2026-09-19 14:39:32 +0200: Memory Usage (850984K) : Executing rule topmetal2_res_Offgrid
2026-09-19 14:39:32 +0200: Memory Usage (850984K) : Executing rule topmetal2_iprobe_Offgrid
2026-09-19 14:39:32 +0200: Memory Usage (850984K) : Executing rule topmetal2_diffprb_Offgrid
2026-09-19 14:39:32 +0200: Memory Usage (850984K) : Executing rule snsring_drw_Offgrid
2026-09-19 14:39:32 +0200: Memory Usage (850984K) : Executing rule sensor_drw_Offgrid
2026-09-19 14:39:32 +0200: Memory Usage (850984K) : Executing rule snsarms_drw_Offgrid
2026-09-19 14:39:32 +0200: Memory Usage (850984K) : Executing rule snscmosvia_drw_Offgrid
2026-09-19 14:39:32 +0200: Memory Usage (850984K) : Executing rule colwind_drw_Offgrid
2026-09-19 14:39:32 +0200: Memory Usage (850984K) : Executing rule flm_drw_Offgrid
2026-09-19 14:39:32 +0200: Memory Usage (850984K) : Executing rule hafniumox_drw_Offgrid
2026-09-19 14:39:32 +0200: Memory Usage (850984K) : Executing rule memvia_drw_Offgrid
2026-09-19 14:39:32 +0200: Memory Usage (850984K) : Executing rule thinfilmres_drw_Offgrid
2026-09-19 14:39:32 +0200: Memory Usage (850984K) : Executing rule rfmem_drw_Offgrid
2026-09-19 14:39:32 +0200: Memory Usage (850984K) : Executing rule snsbotvia_drw_Offgrid
2026-09-19 14:39:32 +0200: Memory Usage (850984K) : Executing rule snstopvia_drw_Offgrid
2026-09-19 14:39:32 +0200: Memory Usage (850984K) : Executing rule deepvia_drw_Offgrid
2026-09-19 14:39:32 +0200: Memory Usage (850984K) : Executing rule fgetch_drw_Offgrid
2026-09-19 14:39:32 +0200: Memory Usage (850984K) : Executing rule ctrgat_drw_Offgrid
2026-09-19 14:39:32 +0200: Memory Usage (850984K) : Executing rule fgimp_drw_Offgrid
2026-09-19 14:39:32 +0200: Memory Usage (850984K) : Executing rule emwihv_drw_Offgrid
2026-09-19 14:39:32 +0200: Memory Usage (850984K) : Executing rule lbe_drw_Offgrid
2026-09-19 14:39:32 +0200: Memory Usage (850984K) : Executing rule alcustop_drw_Offgrid
2026-09-19 14:39:32 +0200: Memory Usage (850984K) : Starting 3.2. angle table
2026-09-19 14:39:32 +0200: Memory Usage (850984K) : Executing rule activ_drw_Acute
2026-09-19 14:39:32 +0200: Memory Usage (850984K) : Executing rule activ_pin_Acute
2026-09-19 14:39:32 +0200: Memory Usage (850984K) : Executing rule activ_mask_Acute
2026-09-19 14:39:32 +0200: Memory Usage (850984K) : Executing rule activ_filler_Acute
2026-09-19 14:39:32 +0200: Memory Usage (850984K) : Executing rule activ_nofill_Acute
2026-09-19 14:39:32 +0200: Memory Usage (850984K) : Executing rule activ_opc_Acute
2026-09-19 14:39:32 +0200: Memory Usage (850984K) : Executing rule activ_iopc_Acute
2026-09-19 14:39:32 +0200: Memory Usage (850984K) : Executing rule activ_noqrc_Acute
2026-09-19 14:39:32 +0200: Memory Usage (850984K) : Executing rule biwind_drw_Acute
2026-09-19 14:39:32 +0200: Memory Usage (850984K) : Executing rule biwind_opc_Acute
2026-09-19 14:39:32 +0200: Memory Usage (850984K) : Executing rule pemwind_drw_Acute
2026-09-19 14:39:32 +0200: Memory Usage (850984K) : Executing rule gatpoly_drw_Acute
2026-09-19 14:39:32 +0200: Memory Usage (850984K) : Executing rule gatpoly_pin_Acute
2026-09-19 14:39:33 +0200: Memory Usage (850984K) : Executing rule gatpoly_filler_Acute
2026-09-19 14:39:33 +0200: Memory Usage (850984K) : Executing rule gatpoly_nofill_Acute
2026-09-19 14:39:33 +0200: Memory Usage (850984K) : Executing rule gatpoly_opc_Acute
2026-09-19 14:39:33 +0200: Memory Usage (850984K) : Executing rule gatpoly_iopc_Acute
2026-09-19 14:39:33 +0200: Memory Usage (850984K) : Executing rule gatpoly_noqrc_Acute
2026-09-19 14:39:33 +0200: Memory Usage (850984K) : Executing rule cont_drw_Acute
2026-09-19 14:39:33 +0200: Memory Usage (851624K) : Executing rule cont_opc_Acute
2026-09-19 14:39:33 +0200: Memory Usage (851624K) : Executing rule nsd_drw_Acute
2026-09-19 14:39:33 +0200: Memory Usage (851752K) : Executing rule nsd_block_Acute
2026-09-19 14:39:33 +0200: Memory Usage (851752K) : Executing rule metal1_drw_Acute
2026-09-19 14:39:33 +0200: Memory Usage (851752K) : Executing rule metal1_pin_Acute
2026-09-19 14:39:33 +0200: Memory Usage (851880K) : Executing rule metal1_mask_Acute
2026-09-19 14:39:33 +0200: Memory Usage (851880K) : Executing rule metal1_filler_Acute
2026-09-19 14:39:33 +0200: Memory Usage (851880K) : Executing rule metal1_nofill_Acute
2026-09-19 14:39:33 +0200: Memory Usage (851880K) : Executing rule metal1_slit_Acute
2026-09-19 14:39:33 +0200: Memory Usage (851880K) : Executing rule metal1_opc_Acute
2026-09-19 14:39:33 +0200: Memory Usage (851880K) : Executing rule metal1_noqrc_Acute
2026-09-19 14:39:33 +0200: Memory Usage (851880K) : Executing rule metal1_res_Acute
2026-09-19 14:39:33 +0200: Memory Usage (851880K) : Executing rule metal1_iprobe_Acute
2026-09-19 14:39:33 +0200: Memory Usage (851880K) : Executing rule metal1_diffprb_Acute
2026-09-19 14:39:33 +0200: Memory Usage (851880K) : Executing rule passiv_drw_Acute
2026-09-19 14:39:33 +0200: Memory Usage (851880K) : Executing rule passiv_pin_Acute
2026-09-19 14:39:33 +0200: Memory Usage (851880K) : Executing rule passiv_pillar_Acute
2026-09-19 14:39:33 +0200: Memory Usage (851880K) : Executing rule passiv_sbump_Acute
2026-09-19 14:39:33 +0200: Memory Usage (851880K) : Executing rule passiv_pdl_Acute
2026-09-19 14:39:33 +0200: Memory Usage (851880K) : Executing rule metal2_drw_Acute
2026-09-19 14:39:33 +0200: Memory Usage (851880K) : Executing rule metal2_pin_Acute
2026-09-19 14:39:33 +0200: Memory Usage (851880K) : Executing rule metal2_mask_Acute
2026-09-19 14:39:33 +0200: Memory Usage (851880K) : Executing rule metal2_filler_Acute
2026-09-19 14:39:33 +0200: Memory Usage (851880K) : Executing rule metal2_nofill_Acute
2026-09-19 14:39:33 +0200: Memory Usage (851880K) : Executing rule metal2_slit_Acute
2026-09-19 14:39:33 +0200: Memory Usage (851880K) : Executing rule metal2_opc_Acute
2026-09-19 14:39:33 +0200: Memory Usage (851880K) : Executing rule metal2_noqrc_Acute
2026-09-19 14:39:33 +0200: Memory Usage (851880K) : Executing rule metal2_res_Acute
2026-09-19 14:39:33 +0200: Memory Usage (851880K) : Executing rule metal2_iprobe_Acute
2026-09-19 14:39:33 +0200: Memory Usage (851880K) : Executing rule metal2_diffprb_Acute
2026-09-19 14:39:33 +0200: Memory Usage (851880K) : Executing rule baspoly_drw_Acute
2026-09-19 14:39:33 +0200: Memory Usage (851880K) : Executing rule baspoly_pin_Acute
2026-09-19 14:39:33 +0200: Memory Usage (851880K) : Executing rule psd_drw_Acute
2026-09-19 14:39:33 +0200: Memory Usage (851880K) : Executing rule nldb_drw_Acute
2026-09-19 14:39:33 +0200: Memory Usage (851880K) : Executing rule via1_drw_Acute
2026-09-19 14:39:33 +0200: Memory Usage (851880K) : Executing rule backmetal1_drw_Acute
2026-09-19 14:39:33 +0200: Memory Usage (851880K) : Executing rule backmetal1_pin_Acute
2026-09-19 14:39:33 +0200: Memory Usage (851880K) : Executing rule backmetal1_mask_Acute
2026-09-19 14:39:33 +0200: Memory Usage (851880K) : Executing rule backmetal1_filler_Acute
2026-09-19 14:39:33 +0200: Memory Usage (851880K) : Executing rule backmetal1_nofill_Acute
2026-09-19 14:39:33 +0200: Memory Usage (851880K) : Executing rule backmetal1_slit_Acute
2026-09-19 14:39:33 +0200: Memory Usage (851880K) : Executing rule backmetal1_opc_Acute
2026-09-19 14:39:33 +0200: Memory Usage (851880K) : Executing rule backmetal1_noqrc_Acute
2026-09-19 14:39:33 +0200: Memory Usage (851880K) : Executing rule backmetal1_res_Acute
2026-09-19 14:39:33 +0200: Memory Usage (851880K) : Executing rule backmetal1_iprobe_Acute
2026-09-19 14:39:33 +0200: Memory Usage (851880K) : Executing rule backmetal1_diffprb_Acute
2026-09-19 14:39:33 +0200: Memory Usage (851880K) : Executing rule backpassiv_drw_Acute
2026-09-19 14:39:33 +0200: Memory Usage (851880K) : Executing rule salblock_drw_Acute
2026-09-19 14:39:33 +0200: Memory Usage (851880K) : Executing rule via2_drw_Acute
2026-09-19 14:39:33 +0200: Memory Usage (851880K) : Executing rule metal3_drw_Acute
2026-09-19 14:39:33 +0200: Memory Usage (851880K) : Executing rule metal3_pin_Acute
2026-09-19 14:39:33 +0200: Memory Usage (851880K) : Executing rule metal3_mask_Acute
2026-09-19 14:39:33 +0200: Memory Usage (851880K) : Executing rule metal3_filler_Acute
2026-09-19 14:39:33 +0200: Memory Usage (851880K) : Executing rule metal3_nofill_Acute
2026-09-19 14:39:33 +0200: Memory Usage (851880K) : Executing rule metal3_slit_Acute
2026-09-19 14:39:33 +0200: Memory Usage (851880K) : Executing rule metal3_opc_Acute
2026-09-19 14:39:33 +0200: Memory Usage (851880K) : Executing rule metal3_noqrc_Acute
2026-09-19 14:39:33 +0200: Memory Usage (851880K) : Executing rule metal3_res_Acute
2026-09-19 14:39:33 +0200: Memory Usage (851880K) : Executing rule metal3_iprobe_Acute
2026-09-19 14:39:33 +0200: Memory Usage (851880K) : Executing rule metal3_diffprb_Acute
2026-09-19 14:39:33 +0200: Memory Usage (851880K) : Executing rule nwell_drw_Acute
2026-09-19 14:39:33 +0200: Memory Usage (851880K) : Executing rule nwell_pin_Acute
2026-09-19 14:39:33 +0200: Memory Usage (851880K) : Executing rule nbulay_drw_Acute
2026-09-19 14:39:33 +0200: Memory Usage (851880K) : Executing rule nbulay_pin_Acute
2026-09-19 14:39:33 +0200: Memory Usage (851880K) : Executing rule nbulay_block_Acute
2026-09-19 14:39:33 +0200: Memory Usage (851880K) : Executing rule pwell_drw_Acute
2026-09-19 14:39:33 +0200: Memory Usage (851880K) : Executing rule pwell_pin_Acute
2026-09-19 14:39:33 +0200: Memory Usage (851880K) : Executing rule pwell_block_Acute
2026-09-19 14:39:33 +0200: Memory Usage (851880K) : Executing rule emwind_drw_Acute
2026-09-19 14:39:33 +0200: Memory Usage (851880K) : Executing rule emwind_opc_Acute
2026-09-19 14:39:33 +0200: Memory Usage (851880K) : Executing rule deepco_drw_Acute
2026-09-19 14:39:33 +0200: Memory Usage (851880K) : Executing rule mim_drw_Acute
2026-09-19 14:39:33 +0200: Memory Usage (851880K) : Executing rule substrate_drw_Acute
2026-09-19 14:39:33 +0200: Memory Usage (851880K) : Executing rule ic_drw_Acute
2026-09-19 14:39:33 +0200: Memory Usage (851880K) : Executing rule via3_drw_Acute
2026-09-19 14:39:33 +0200: Memory Usage (851880K) : Executing rule pldb_drw_Acute
2026-09-19 14:39:33 +0200: Memory Usage (851880K) : Executing rule metal4_drw_Acute
2026-09-19 14:39:33 +0200: Memory Usage (851880K) : Executing rule metal4_pin_Acute
2026-09-19 14:39:33 +0200: Memory Usage (851880K) : Executing rule metal4_mask_Acute
2026-09-19 14:39:33 +0200: Memory Usage (851880K) : Executing rule metal4_filler_Acute
2026-09-19 14:39:33 +0200: Memory Usage (851880K) : Executing rule metal4_nofill_Acute
2026-09-19 14:39:33 +0200: Memory Usage (851880K) : Executing rule metal4_slit_Acute
2026-09-19 14:39:33 +0200: Memory Usage (851880K) : Executing rule metal4_opc_Acute
2026-09-19 14:39:33 +0200: Memory Usage (851880K) : Executing rule metal4_noqrc_Acute
2026-09-19 14:39:33 +0200: Memory Usage (851880K) : Executing rule metal4_res_Acute
2026-09-19 14:39:33 +0200: Memory Usage (851880K) : Executing rule metal4_iprobe_Acute
2026-09-19 14:39:33 +0200: Memory Usage (851880K) : Executing rule metal4_diffprb_Acute
2026-09-19 14:39:33 +0200: Memory Usage (851880K) : Executing rule via4_drw_Acute
2026-09-19 14:39:33 +0200: Memory Usage (851880K) : Executing rule metal5_drw_Acute
2026-09-19 14:39:33 +0200: Memory Usage (851880K) : Executing rule metal5_pin_Acute
2026-09-19 14:39:33 +0200: Memory Usage (851880K) : Executing rule metal5_mask_Acute
2026-09-19 14:39:33 +0200: Memory Usage (851880K) : Executing rule metal5_filler_Acute
2026-09-19 14:39:33 +0200: Memory Usage (851880K) : Executing rule metal5_nofill_Acute
2026-09-19 14:39:33 +0200: Memory Usage (851880K) : Executing rule metal5_slit_Acute
2026-09-19 14:39:33 +0200: Memory Usage (851880K) : Executing rule metal5_opc_Acute
2026-09-19 14:39:33 +0200: Memory Usage (851880K) : Executing rule metal5_noqrc_Acute
2026-09-19 14:39:33 +0200: Memory Usage (851880K) : Executing rule metal5_res_Acute
2026-09-19 14:39:33 +0200: Memory Usage (851880K) : Executing rule metal5_iprobe_Acute
2026-09-19 14:39:33 +0200: Memory Usage (851880K) : Executing rule metal5_diffprb_Acute
2026-09-19 14:39:33 +0200: Memory Usage (851880K) : Executing rule prboundary_drw_Acute
2026-09-19 14:39:33 +0200: Memory Usage (851880K) : Executing rule exchange0_drw_Acute
2026-09-19 14:39:33 +0200: Memory Usage (851880K) : Executing rule exchange0_pin_Acute
2026-09-19 14:39:34 +0200: Memory Usage (851880K) : Executing rule exchange1_drw_Acute
2026-09-19 14:39:34 +0200: Memory Usage (851880K) : Executing rule exchange1_pin_Acute
2026-09-19 14:39:34 +0200: Memory Usage (851880K) : Executing rule exchange2_drw_Acute
2026-09-19 14:39:34 +0200: Memory Usage (851880K) : Executing rule exchange2_pin_Acute
2026-09-19 14:39:34 +0200: Memory Usage (851880K) : Executing rule exchange3_drw_Acute
2026-09-19 14:39:34 +0200: Memory Usage (851880K) : Executing rule exchange3_pin_Acute
2026-09-19 14:39:34 +0200: Memory Usage (851880K) : Executing rule exchange4_drw_Acute
2026-09-19 14:39:34 +0200: Memory Usage (851880K) : Executing rule exchange4_pin_Acute
2026-09-19 14:39:34 +0200: Memory Usage (851880K) : Executing rule isonwell_drw_Acute
2026-09-19 14:39:34 +0200: Memory Usage (851880K) : Executing rule thickgateox_drw_Acute
2026-09-19 14:39:34 +0200: Memory Usage (851880K) : Executing rule pempoly_drw_Acute
2026-09-19 14:39:34 +0200: Memory Usage (851880K) : Executing rule fbe_drw_Acute
2026-09-19 14:39:34 +0200: Memory Usage (851880K) : Executing rule empoly_drw_Acute
2026-09-19 14:39:34 +0200: Memory Usage (851880K) : Executing rule ldmos_drw_Acute
2026-09-19 14:39:34 +0200: Memory Usage (851880K) : Executing rule pbiwind_drw_Acute
2026-09-19 14:39:34 +0200: Memory Usage (851880K) : Executing rule colopen_drw_Acute
2026-09-19 14:39:34 +0200: Memory Usage (851880K) : Executing rule extblock_drw_Acute
2026-09-19 14:39:34 +0200: Memory Usage (851880K) : Executing rule nldd_drw_Acute
2026-09-19 14:39:34 +0200: Memory Usage (851880K) : Executing rule pldd_drw_Acute
2026-09-19 14:39:34 +0200: Memory Usage (851880K) : Executing rule next_drw_Acute
2026-09-19 14:39:34 +0200: Memory Usage (851880K) : Executing rule pext_drw_Acute
2026-09-19 14:39:34 +0200: Memory Usage (851880K) : Executing rule nexthv_drw_Acute
2026-09-19 14:39:34 +0200: Memory Usage (851880K) : Executing rule pexthv_drw_Acute
2026-09-19 14:39:34 +0200: Memory Usage (851880K) : Executing rule graphgate_drw_Acute
2026-09-19 14:39:34 +0200: Memory Usage (851880K) : Executing rule mempad_drw_Acute
2026-09-19 14:39:34 +0200: Memory Usage (851880K) : Executing rule topvia1_drw_Acute
2026-09-19 14:39:34 +0200: Memory Usage (851880K) : Executing rule topmetal1_drw_Acute
2026-09-19 14:39:34 +0200: Memory Usage (851880K) : Executing rule topmetal1_pin_Acute
2026-09-19 14:39:34 +0200: Memory Usage (851880K) : Executing rule topmetal1_mask_Acute
2026-09-19 14:39:34 +0200: Memory Usage (851880K) : Executing rule topmetal1_filler_Acute
2026-09-19 14:39:34 +0200: Memory Usage (851880K) : Executing rule topmetal1_nofill_Acute
2026-09-19 14:39:34 +0200: Memory Usage (851880K) : Executing rule topmetal1_slit_Acute
2026-09-19 14:39:34 +0200: Memory Usage (851880K) : Executing rule topmetal1_noqrc_Acute
2026-09-19 14:39:34 +0200: Memory Usage (851880K) : Executing rule topmetal1_res_Acute
2026-09-19 14:39:34 +0200: Memory Usage (851880K) : Executing rule topmetal1_iprobe_Acute
2026-09-19 14:39:34 +0200: Memory Usage (851880K) : Executing rule topmetal1_diffprb_Acute
2026-09-19 14:39:34 +0200: Memory Usage (851880K) : Executing rule inldpwl_drw_Acute
2026-09-19 14:39:34 +0200: Memory Usage (851880K) : Executing rule polyres_drw_Acute
2026-09-19 14:39:34 +0200: Memory Usage (851880K) : Executing rule polyres_pin_Acute
2026-09-19 14:39:34 +0200: Memory Usage (851880K) : Executing rule vmim_drw_Acute
2026-09-19 14:39:34 +0200: Memory Usage (851880K) : Executing rule nbulaycut_drw_Acute
2026-09-19 14:39:34 +0200: Memory Usage (851880K) : Executing rule antmetal1_drw_Acute
2026-09-19 14:39:34 +0200: Memory Usage (851880K) : Executing rule topvia2_drw_Acute
2026-09-19 14:39:34 +0200: Memory Usage (851880K) : Executing rule topmetal2_drw_Acute
2026-09-19 14:39:34 +0200: Memory Usage (851880K) : Executing rule topmetal2_pin_Acute
2026-09-19 14:39:34 +0200: Memory Usage (851880K) : Executing rule topmetal2_mask_Acute
2026-09-19 14:39:34 +0200: Memory Usage (851880K) : Executing rule topmetal2_filler_Acute
2026-09-19 14:39:34 +0200: Memory Usage (851880K) : Executing rule topmetal2_nofill_Acute
2026-09-19 14:39:34 +0200: Memory Usage (851880K) : Executing rule topmetal2_slit_Acute
2026-09-19 14:39:34 +0200: Memory Usage (851880K) : Executing rule topmetal2_noqrc_Acute
2026-09-19 14:39:34 +0200: Memory Usage (851880K) : Executing rule topmetal2_res_Acute
2026-09-19 14:39:34 +0200: Memory Usage (851880K) : Executing rule topmetal2_iprobe_Acute
2026-09-19 14:39:34 +0200: Memory Usage (851880K) : Executing rule topmetal2_diffprb_Acute
2026-09-19 14:39:34 +0200: Memory Usage (851880K) : Executing rule snsring_drw_Acute
2026-09-19 14:39:34 +0200: Memory Usage (851880K) : Executing rule sensor_drw_Acute
2026-09-19 14:39:34 +0200: Memory Usage (851880K) : Executing rule snsarms_drw_Acute
2026-09-19 14:39:34 +0200: Memory Usage (851880K) : Executing rule snscmosvia_drw_Acute
2026-09-19 14:39:34 +0200: Memory Usage (851880K) : Executing rule colwind_drw_Acute
2026-09-19 14:39:34 +0200: Memory Usage (851880K) : Executing rule flm_drw_Acute
2026-09-19 14:39:34 +0200: Memory Usage (851880K) : Executing rule hafniumox_drw_Acute
2026-09-19 14:39:34 +0200: Memory Usage (851880K) : Executing rule memvia_drw_Acute
2026-09-19 14:39:34 +0200: Memory Usage (851880K) : Executing rule thinfilmres_drw_Acute
2026-09-19 14:39:34 +0200: Memory Usage (851880K) : Executing rule rfmem_drw_Acute
2026-09-19 14:39:34 +0200: Memory Usage (851880K) : Executing rule snsbotvia_drw_Acute
2026-09-19 14:39:34 +0200: Memory Usage (851880K) : Executing rule snstopvia_drw_Acute
2026-09-19 14:39:34 +0200: Memory Usage (851880K) : Executing rule deepvia_drw_Acute
2026-09-19 14:39:34 +0200: Memory Usage (851880K) : Executing rule fgetch_drw_Acute
2026-09-19 14:39:34 +0200: Memory Usage (851880K) : Executing rule ctrgat_drw_Acute
2026-09-19 14:39:34 +0200: Memory Usage (851880K) : Executing rule fgimp_drw_Acute
2026-09-19 14:39:34 +0200: Memory Usage (851880K) : Executing rule emwihv_drw_Acute
2026-09-19 14:39:34 +0200: Memory Usage (851880K) : Executing rule lbe_drw_Acute
2026-09-19 14:39:34 +0200: Memory Usage (851880K) : Executing rule alcustop_drw_Acute
2026-09-19 14:39:34 +0200: Memory Usage (851880K) : Executing rule cont_drw_Angle90
2026-09-19 14:39:34 +0200: Memory Usage (853828K) : Executing rule via1_drw_Angle90
2026-09-19 14:39:34 +0200: Memory Usage (853952K) : Executing rule via2_drw_Angle90
2026-09-19 14:39:34 +0200: Memory Usage (854208K) : Executing rule via3_drw_Angle90
2026-09-19 14:39:34 +0200: Memory Usage (854208K) : Executing rule via4_drw_Angle90
2026-09-19 14:39:34 +0200: Memory Usage (854208K) : Executing rule vmim_drw_Angle90
2026-09-19 14:39:34 +0200: Memory Usage (854208K) : Executing rule topvia1_drw_Angle90
2026-09-19 14:39:34 +0200: Memory Usage (854208K) : Executing rule topvia2_drw_Angle90
2026-09-19 14:39:34 +0200: Memory Usage (854208K) : Executing rule gatpoly_drw_Angle45
2026-09-19 14:39:34 +0200: Memory Usage (854592K) : Executing rule activ_drw_Angle45
2026-09-19 14:39:34 +0200: Memory Usage (854848K) : Executing rule metal1_drw_Angle45
2026-09-19 14:39:34 +0200: Memory Usage (855104K) : Executing rule metal2_drw_Angle45
2026-09-19 14:39:34 +0200: Memory Usage (855100K) : Executing rule metal3_drw_Angle45
2026-09-19 14:39:34 +0200: Memory Usage (855092K) : Executing rule metal4_drw_Angle45
2026-09-19 14:39:34 +0200: Memory Usage (855092K) : Executing rule metal5_drw_Angle45
2026-09-19 14:39:34 +0200: Memory Usage (855092K) : Executing rule topmetal1_drw_Angle45
2026-09-19 14:39:34 +0200: Memory Usage (855092K) : Executing rule topmetal2_drw_Angle45
2026-09-19 14:39:34 +0200: Memory Usage (855092K) : Starting 3.2. FORBIDDEN table
2026-09-19 14:39:34 +0200: Memory Usage (855092K) : Executing rule forbidden.biwind
2026-09-19 14:39:34 +0200: Memory Usage (855092K) : Executing rule forbidden.pemwind
2026-09-19 14:39:34 +0200: Memory Usage (855092K) : Executing rule forbidden.baspoly
2026-09-19 14:39:34 +0200: Memory Usage (855092K) : Executing rule forbidden.deepco
2026-09-19 14:39:34 +0200: Memory Usage (855092K) : Executing rule forbidden.pempoly
2026-09-19 14:39:34 +0200: Memory Usage (855092K) : Executing rule forbidden.empoly
2026-09-19 14:39:34 +0200: Memory Usage (855092K) : Executing rule forbidden.ldmos
2026-09-19 14:39:34 +0200: Memory Usage (855092K) : Executing rule forbidden.pbiwind
2026-09-19 14:39:34 +0200: Memory Usage (855092K) : Executing rule forbidden.nodrc
2026-09-19 14:39:34 +0200: Memory Usage (855092K) : Executing rule forbidden.flash
2026-09-19 14:39:34 +0200: Memory Usage (855092K) : Executing rule forbidden.colwind
2026-09-19 14:39:34 +0200: Memory Usage (855092K) : KLayout DRC run for tables 'main' completed in 5.86 seconds
