min_delay/hold group SCLK

                                      Required    Actual
Endpoint                                 Delay     Delay     Slack
------------------------------------------------------------------
i_core.u_digital/_6671_/D (sg13g2_dfrbpq_1)    0.4802    0.3493   -0.1309 (VIOLATED)
i_core.u_digital/_6674_/D (sg13g2_dfrbpq_1)    0.4775    0.3818   -0.0957 (VIOLATED)
i_core.u_digital/_6676_/D (sg13g2_dfrbpq_1)    0.4801    0.3853   -0.0948 (VIOLATED)
i_core.u_digital/_6673_/D (sg13g2_dfrbpq_1)    0.4751    0.3894   -0.0857 (VIOLATED)
i_core.u_digital/_6677_/D (sg13g2_dfrbpq_1)    0.4772    0.3919   -0.0853 (VIOLATED)
i_core.u_digital/_6672_/D (sg13g2_dfrbpq_1)    0.4793    0.3946   -0.0847 (VIOLATED)
i_core.u_digital/_5638_/D (sg13g2_dfrbpq_1)    0.4836    0.4114   -0.0723 (VIOLATED)
i_core.u_digital/_5656_/D (sg13g2_dfrbpq_1)    0.4826    0.4163   -0.0664 (VIOLATED)
i_core.u_digital/_5637_/D (sg13g2_dfrbpq_1)    0.4832    0.4226   -0.0606 (VIOLATED)
i_core.u_digital/_5641_/D (sg13g2_dfrbpq_1)    0.4965    0.4402   -0.0563 (VIOLATED)
i_core.u_digital/_5627_/D (sg13g2_dfrbpq_1)    0.4961    0.4412   -0.0549 (VIOLATED)
i_core.u_digital/_5657_/D (sg13g2_dfrbpq_1)    0.4835    0.4293   -0.0542 (VIOLATED)
i_core.u_digital/_5655_/D (sg13g2_dfrbpq_1)    0.4879    0.4360   -0.0519 (VIOLATED)
i_core.u_digital/_5648_/D (sg13g2_dfrbpq_1)    0.4951    0.4474   -0.0476 (VIOLATED)
i_core.u_digital/_5616_/D (sg13g2_dfrbpq_1)   50.5100   50.4643   -0.0457 (VIOLATED)
i_core.u_digital/_5640_/D (sg13g2_dfrbpq_1)    0.4871    0.4419   -0.0452 (VIOLATED)
i_core.u_digital/_5613_/D (sg13g2_dfrbpq_1)   50.5056   50.4608   -0.0449 (VIOLATED)
i_core.u_digital/_5614_/D (sg13g2_dfrbpq_1)   50.5070   50.4625   -0.0445 (VIOLATED)
i_core.u_digital/_6678_/D (sg13g2_dfrbpq_1)    0.4839    0.4395   -0.0444 (VIOLATED)
i_core.u_digital/_6679_/D (sg13g2_dfrbpq_1)    0.4838    0.4411   -0.0427 (VIOLATED)
i_core.u_digital/_5631_/D (sg13g2_dfrbpq_1)    0.4739    0.4313   -0.0426 (VIOLATED)
i_core.u_digital/_5639_/D (sg13g2_dfrbpq_1)    0.4842    0.4424   -0.0418 (VIOLATED)
i_core.u_digital/_5615_/D (sg13g2_dfrbpq_1)   50.5127   50.4710   -0.0417 (VIOLATED)
i_core.u_digital/_5633_/D (sg13g2_dfrbpq_1)    0.4829    0.4416   -0.0413 (VIOLATED)
i_core.u_digital/_5636_/D (sg13g2_dfrbpq_1)    0.4836    0.4426   -0.0409 (VIOLATED)
i_core.u_digital/_5630_/D (sg13g2_dfrbpq_1)    0.4744    0.4336   -0.0408 (VIOLATED)
i_core.u_digital/_5632_/D (sg13g2_dfrbpq_1)    0.4834    0.4427   -0.0406 (VIOLATED)
i_core.u_digital/_5617_/D (sg13g2_dfrbpq_1)   50.5080   50.4677   -0.0403 (VIOLATED)
i_core.u_digital/_5618_/D (sg13g2_dfrbpq_1)   50.5064   50.4670   -0.0394 (VIOLATED)
i_core.u_digital/_5645_/D (sg13g2_dfrbpq_1)    0.4824    0.4433   -0.0391 (VIOLATED)
i_core.u_digital/_5629_/D (sg13g2_dfrbpq_1)    0.4819    0.4435   -0.0384 (VIOLATED)
i_core.u_digital/_6665_/D (sg13g2_dfrbpq_1)   50.5105   50.4740   -0.0365 (VIOLATED)
i_core.u_digital/_5612_/D (sg13g2_dfrbpq_1)   50.5062   50.4734   -0.0328 (VIOLATED)
i_core.u_digital/_5634_/D (sg13g2_dfrbpq_1)    0.4830    0.4504   -0.0326 (VIOLATED)
i_core.u_digital/_5652_/D (sg13g2_dfrbpq_1)    0.4881    0.4559   -0.0322 (VIOLATED)
i_core.u_digital/_5635_/D (sg13g2_dfrbpq_1)    0.4756    0.4465   -0.0292 (VIOLATED)
i_core.u_digital/_5653_/D (sg13g2_dfrbpq_1)    0.4869    0.4610   -0.0258 (VIOLATED)
i_core.u_digital/_5646_/D (sg13g2_dfrbpq_1)    0.4833    0.4585   -0.0248 (VIOLATED)
i_core.u_digital/_5628_/D (sg13g2_dfrbpq_1)    0.4815    0.4571   -0.0243 (VIOLATED)
i_core.u_digital/_5650_/D (sg13g2_dfrbpq_1)    0.4893    0.4663   -0.0230 (VIOLATED)
i_core.u_digital/_5644_/D (sg13g2_dfrbpq_1)    0.4774    0.4551   -0.0223 (VIOLATED)
i_core.u_digital/_5654_/D (sg13g2_dfrbpq_1)    0.4881    0.4668   -0.0213 (VIOLATED)
i_core.u_digital/_6682_/D (sg13g2_dfrbpq_1)    0.4847    0.4678   -0.0168 (VIOLATED)
i_core.u_digital/_5647_/D (sg13g2_dfrbpq_1)    0.4836    0.4670   -0.0165 (VIOLATED)
i_core.u_digital/_6681_/D (sg13g2_dfrbpq_1)    0.4844    0.4679   -0.0165 (VIOLATED)
i_core.u_digital/_5651_/D (sg13g2_dfrbpq_1)    0.4764    0.4599   -0.0165 (VIOLATED)
i_core.u_digital/_5642_/D (sg13g2_dfrbpq_1)    0.4842    0.4712   -0.0130 (VIOLATED)
i_core.u_digital/_5643_/D (sg13g2_dfrbpq_1)    0.4774    0.4651   -0.0123 (VIOLATED)
i_core.u_digital/_5658_/D (sg13g2_dfrbpq_1)    0.4802    0.4721   -0.0081 (VIOLATED)
i_core.u_digital/_5649_/D (sg13g2_dfrbpq_1)    0.4834    0.4759   -0.0075 (VIOLATED)

