Clock osc_clk
rise -> rise
    min     max
 0.0000  0.0000 source latency
 0.5266         network latency _6728_/CLK
         0.6737 network latency _5748_/CLK
---------------
 0.5266  0.6737 latency
         0.1471 skew

fall -> fall
    min     max
 0.0000  0.0000 source latency
 0.5437         network latency _6728_/CLK
         0.6916 network latency _5748_/CLK
---------------
 0.5437  0.6916 latency
         0.1479 skew


Clock sclk
rise -> rise
    min     max
 0.0000  0.0000 source latency
 0.3460         network latency _6765_/CLK
         0.3731 network latency _5744_/CLK
---------------
 0.3460  0.3731 latency
         0.0271 skew

rise -> fall
    min     max
 0.0000  0.0000 source latency
 0.4067         network latency _5706_/CLK
         0.4504 network latency _5701_/CLK
---------------
 0.4067  0.4504 latency
         0.0437 skew

fall -> rise
    min     max
 0.0000  0.0000 source latency
 0.4285         network latency _5706_/CLK
         0.4727 network latency _5701_/CLK
---------------
 0.4285  0.4727 latency
         0.0443 skew

fall -> fall
    min     max
 0.0000  0.0000 source latency
 0.3632         network latency _6765_/CLK
         0.3873 network latency _5744_/CLK
---------------
 0.3632  0.3873 latency
         0.0242 skew


