Startpoint: _6781_ (rising edge-triggered flip-flop clocked by osc_clk)
Endpoint: _6054_ (recovery check against rising-edge clock osc_clk)
Path Group: asynchronous
Path Type: max

Fanout       Cap      Slew     Delay      Time   Description
-------------------------------------------------------------------------------------
                              0.0000    0.0000   clock osc_clk (rise edge)
                              0.0000    0.0000   clock source latency
     1    0.0529    0.0000    0.0000    0.0000 ^ osc_clk (in)
                                                 osc_clk (net)
     2    0.0379    0.0353    0.0980    0.0980 ^ clkbuf_0_osc_clk/X (sg13g2_buf_16)
                                                 clknet_0_osc_clk (net)
     8    0.1802    0.0892    0.1408    0.2388 ^ clkbuf_fanout_split0_osc_clk_cell/X (sg13g2_buf_16)
                                                 clkbuf_fanout_split0_osc_clk (net)
     2    0.0385    0.0509    0.1718    0.4106 ^ clkbuf_4_15_0_osc_clk/X (sg13g2_buf_8)
                                                 clknet_4_15_0_osc_clk (net)
     5    0.0696    0.0471    0.1234    0.5340 ^ clkbuf_5_31__f_osc_clk/X (sg13g2_buf_16)
                                                 clknet_5_31__leaf_osc_clk (net)
     8    0.0316    0.0448    0.1246    0.6585 ^ clkbuf_leaf_80_osc_clk/X (sg13g2_buf_8)
                                                 clknet_leaf_80_osc_clk (net)
                    0.0448    0.0012    0.6597 ^ _6781_/CLK (sg13g2_dfrbpq_1)
     1    0.0082    0.0666    0.2888    0.9486 ^ _6781_/Q (sg13g2_dfrbpq_1)
                                                 u_core.rs1 (net)
     4    0.0781    0.4980    0.4317    1.3803 ^ fanout345/X (sg13g2_buf_1)
                                                 net345 (net)
     4    0.0826    0.5274    0.5829    1.9631 ^ fanout344/X (sg13g2_buf_1)
                                                 net344 (net)
     5    0.0650    0.4179    0.5201    2.4832 ^ fanout307/X (sg13g2_buf_1)
                                                 net307 (net)
     4    0.0455    0.2947    0.4141    2.8973 ^ fanout294/X (sg13g2_buf_1)
                                                 net294 (net)
     5    0.0739    0.4728    0.5009    3.3982 ^ fanout288/X (sg13g2_buf_1)
                                                 net288 (net)
     8    0.1053    0.6696    0.6825    4.0807 ^ fanout287/X (sg13g2_buf_1)
                                                 net287 (net)
     8    0.0936    0.5958    0.6713    4.7520 ^ fanout286/X (sg13g2_buf_1)
                                                 net286 (net)
                    0.5967    0.0190    4.7711 ^ _6054_/RESET_B (sg13g2_dfrbpq_1)
                                        4.7711   data arrival time

                            100.0000  100.0000   clock osc_clk (rise edge)
                              0.0000  100.0000   clock source latency
     1    0.0506    0.0000    0.0000  100.0000 ^ osc_clk (in)
                                                 osc_clk (net)
     2    0.0333    0.0337    0.0957  100.0957 ^ clkbuf_0_osc_clk/X (sg13g2_buf_16)
                                                 clknet_0_osc_clk (net)
     8    0.1716    0.0860    0.1406  100.2363 ^ clkbuf_fanout_split1_osc_clk_cell/X (sg13g2_buf_16)
                                                 clkbuf_fanout_split1_osc_clk (net)
     2    0.0389    0.0510    0.1588  100.3951 ^ clkbuf_4_7_0_osc_clk/X (sg13g2_buf_8)
                                                 clknet_4_7_0_osc_clk (net)
     5    0.0647    0.0456    0.1204  100.5155 ^ clkbuf_5_14__f_osc_clk/X (sg13g2_buf_16)
                                                 clknet_5_14__leaf_osc_clk (net)
     8    0.0287    0.0427    0.1193  100.6348 ^ clkbuf_leaf_55_osc_clk/X (sg13g2_buf_8)
                                                 clknet_leaf_55_osc_clk (net)
                    0.0427    0.0009  100.6357 ^ _6054_/CLK (sg13g2_dfrbpq_1)
                             -0.5000  100.1357   clock uncertainty
                              0.0023  100.1380   clock reconvergence pessimism
                             -0.4139   99.7241   library recovery time
                                       99.7241   data required time
-------------------------------------------------------------------------------------
                                       99.7241   data required time
                                       -4.7711   data arrival time
-------------------------------------------------------------------------------------
                                       94.9530   slack (MET)


Startpoint: _5829_ (rising edge-triggered flip-flop clocked by osc_clk)
Endpoint: dac_soft[2] (output port clocked by osc_clk)
Path Group: osc_clk
Path Type: max

Fanout       Cap      Slew     Delay      Time   Description
-------------------------------------------------------------------------------------
                              0.0000    0.0000   clock osc_clk (rise edge)
                              0.0000    0.0000   clock source latency
     1    0.0529    0.0000    0.0000    0.0000 ^ osc_clk (in)
                                                 osc_clk (net)
     2    0.0379    0.0353    0.0980    0.0980 ^ clkbuf_0_osc_clk/X (sg13g2_buf_16)
                                                 clknet_0_osc_clk (net)
     8    0.1803    0.0895    0.1441    0.2421 ^ clkbuf_fanout_split1_osc_clk_cell/X (sg13g2_buf_16)
                                                 clkbuf_fanout_split1_osc_clk (net)
     2    0.0424    0.0533    0.1582    0.4003 ^ clkbuf_4_6_0_osc_clk/X (sg13g2_buf_8)
                                                 clknet_4_6_0_osc_clk (net)
     5    0.0707    0.0478    0.1263    0.5266 ^ clkbuf_5_12__f_osc_clk/X (sg13g2_buf_16)
                                                 clknet_5_12__leaf_osc_clk (net)
     8    0.0350    0.0471    0.1228    0.6494 ^ clkbuf_leaf_24_osc_clk/X (sg13g2_buf_8)
                                                 clknet_leaf_24_osc_clk (net)
                    0.0471    0.0018    0.6511 ^ _5829_/CLK (sg13g2_dfrbpq_1)
     3    0.0269    0.1781    0.3738    1.0249 ^ _5829_/Q (sg13g2_dfrbpq_1)
                                                 u_core.u_trip.soft_cnt[17] (net)
     8    0.0608    0.3901    0.4104    1.4353 ^ fanout357/X (sg13g2_buf_1)
                                                 net357 (net)
     2    0.0095    0.1352    0.2168    1.6521 v _4168_/Y (sg13g2_nor4_1)
                                                 _1612_ (net)
     1    0.0153    0.0978    0.2130    1.8651 v _4177_/X (sg13g2_and4_1)
                                                 _1621_ (net)
     5    0.0299    0.6560    0.6002    2.4653 ^ _4181_/Y (sg13g2_a221oi_1)
                                                 _1625_ (net)
     6    0.0241    0.5157    0.6590    3.1243 v _4186_/Y (sg13g2_nand4_1)
                                                 _1630_ (net)
     3    0.0162    0.2217    0.3081    3.4324 ^ _4202_/Y (sg13g2_nand4_1)
                                                 _1646_ (net)
     3    0.0115    0.1547    0.2264    3.6587 v _4205_/Y (sg13g2_o21ai_1)
                                                 _1649_ (net)
     3    0.0119    0.3228    0.3512    4.0099 ^ _4212_/Y (sg13g2_a221oi_1)
                                                 _1656_ (net)
     2    0.0069    0.0677    0.2742    4.2841 ^ _4222_/X (sg13g2_or4_1)
                                                 _1666_ (net)
     4    0.0148    0.1678    0.1805    4.4646 v _4226_/Y (sg13g2_a21oi_1)
                                                 _1670_ (net)
     7    0.0319    0.8862    0.7784    5.2430 ^ _4231_/Y (sg13g2_nor4_1)
                                                 _1675_ (net)
     1    0.0045    0.0717    0.3692    5.6122 ^ _4238_/X (sg13g2_or3_1)
                                                 _1680_ (net)
     2    0.0114    0.2031    0.1476    5.7598 v _4239_/Y (sg13g2_nand2_1)
                                                 net21 (net)
     1    0.0541    0.2846    0.3598    6.1197 v output21/X (sg13g2_buf_1)
                                                 dac_soft[2] (net)
                    0.2847    0.0039    6.1235 v dac_soft[2] (out)
                                        6.1235   data arrival time

                            100.0000  100.0000   clock osc_clk (rise edge)
                              0.0000  100.0000   clock network delay (propagated)
                             -0.5000   99.5000   clock uncertainty
                              0.0000   99.5000   clock reconvergence pessimism
                            -20.0000   79.5000   output external delay
                                       79.5000   data required time
-------------------------------------------------------------------------------------
                                       79.5000   data required time
                                       -6.1235   data arrival time
-------------------------------------------------------------------------------------
                                       73.3765   slack (MET)


Startpoint: _6754_ (rising edge-triggered flip-flop clocked by sclk')
Endpoint: sdo (output port clocked by sclk)
Path Group: sclk
Path Type: max

Fanout       Cap      Slew     Delay      Time   Description
-------------------------------------------------------------------------------------
                             50.0000   50.0000   clock sclk' (rise edge)
                              0.0000   50.0000   clock source latency
     2    0.0500    0.0000    0.0000   50.0000 v sclk (in)
                                                 sclk (net)
     1    0.0188    0.0301    0.0972   50.0972 v clkbuf_regs_0_sclk/X (sg13g2_buf_16)
                                                 sclk_regs (net)
     8    0.1579    0.0732    0.1385   50.2357 v clkbuf_0_sclk_regs/X (sg13g2_buf_16)
                                                 clknet_0_sclk_regs (net)
     7    0.0421    0.0378    0.1386   50.3742 v clkbuf_3_7__f_sclk_regs/X (sg13g2_buf_16)
                                                 clknet_3_7__leaf_sclk_regs (net)
     1    0.0080    0.0622    0.0725   50.4468 ^ _2920__386/Y (sg13g2_inv_1)
                                                 net386 (net)
                    0.0622    0.0006   50.4473 ^ _6754_/CLK (sg13g2_dfrbpq_1)
     1    0.0049    0.0479    0.2838   50.7312 ^ _6754_/Q (sg13g2_dfrbpq_1)
                                                 net34 (net)
     1    0.0529    0.3406    0.3184   51.0496 ^ output34/X (sg13g2_buf_1)
                                                 sdo (net)
                    0.3406    0.0038   51.0534 ^ sdo (out)
                                       51.0534   data arrival time

                            100.0000  100.0000   clock sclk (rise edge)
                              0.0000  100.0000   clock network delay (propagated)
                             -0.5000   99.5000   clock uncertainty
                              0.0000   99.5000   clock reconvergence pessimism
                            -20.0000   79.5000   output external delay
                                       79.5000   data required time
-------------------------------------------------------------------------------------
                                       79.5000   data required time
                                      -51.0534   data arrival time
-------------------------------------------------------------------------------------
                                       28.4466   slack (MET)


