time="2026-09-27T17:17:33+02:00" level=warning msg="Network file system detected as backing store.  Enforcing overlay option `force_mask=\"700\"`.  Add it to storage.conf to silence this warning"
time="2026-09-27T17:17:36+02:00" level=warning msg="Network file system detected as backing store.  Enforcing overlay option `force_mask=\"700\"`.  Add it to storage.conf to silence this warning"
Resource enforcement: CPU affinity; memory reservation only (rootless cgroups v1).
time="2026-09-27T17:17:36+02:00" level=warning msg="Network file system detected as backing store.  Enforcing overlay option `force_mask=\"700\"`.  Add it to storage.conf to silence this warning"
27-Sep-2026 17:17:44 | INFO    | KLayout version detected: 0.30.9 (required >= 0.30.5)
27-Sep-2026 17:17:44 | INFO    | Using DRC JSON file: /foss/pdks/ihp-sg13g2/libs.tech/klayout/python/sg13g2_pycell_lib/sg13g2_tech_mod.json
27-Sep-2026 17:17:44 | INFO    | Running IHP-SG13G2 density checks on design ${BULK}/r4-20260927/chip/g1_chip_top_1414_r4.gds, topcell: g1_chip_top
2026-09-27 17:17:45 +0200: Memory Usage (405472K) : Starting running IHP-SG13G2 Klayout DRC Density runset on ${BULK}/r4-20260927/chip/g1_chip_top_1414_r4.gds
2026-09-27 17:17:45 +0200: Memory Usage (405472K) : Ruby Version for klayout: 3.2.3
2026-09-27 17:17:46 +0200: Memory Usage (444524K) : Loading database to memory is complete.
2026-09-27 17:17:46 +0200: Memory Usage (444524K) : IHP-SG13G2 Klayout DRC Density runset output at: ${BULK}/r4-20260927/signoff/density/g1_chip_top_1414_r4_g1_chip_top_density.lyrdb
2026-09-27 17:17:46 +0200: Memory Usage (444524K) : Evaluate switches.
2026-09-27 17:17:46 +0200: Memory Usage (444524K) : Configured KLayout worker thread(s): 2.
2026-09-27 17:17:46 +0200: Memory Usage (444524K) : Deep mode enabled: reading layers and preparing general derivations.
2026-09-27 17:17:46 +0200: Memory Usage (444524K) : PreCheck DRC enabled: false
2026-09-27 17:17:46 +0200: Memory Usage (444524K) : Density sanity checks enabled: false
2026-09-27 17:17:46 +0200: Memory Usage (444524K) : Read in polygons from layers.
2026-09-27 17:17:46 +0200: Memory Usage (448848K) : activ_drw has 74668 polygons
2026-09-27 17:17:46 +0200: Memory Usage (448848K) : activ_mask has 308 polygons
2026-09-27 17:17:46 +0200: Memory Usage (448848K) : activ_filler has 28568 polygons
2026-09-27 17:17:46 +0200: Memory Usage (449376K) : gatpoly_drw has 82400 polygons
2026-09-27 17:17:46 +0200: Memory Usage (449376K) : gatpoly_filler has 30516 polygons
2026-09-27 17:17:46 +0200: Memory Usage (450216K) : metal1_drw has 155442 polygons
2026-09-27 17:17:46 +0200: Memory Usage (451272K) : metal1_filler has 49962 polygons
2026-09-27 17:17:46 +0200: Memory Usage (451272K) : metal1_slit has 0 polygons
2026-09-27 17:17:46 +0200: Memory Usage (452592K) : metal2_drw has 83934 polygons
2026-09-27 17:17:46 +0200: Memory Usage (453120K) : metal2_filler has 60648 polygons
2026-09-27 17:17:46 +0200: Memory Usage (453120K) : metal2_slit has 0 polygons
2026-09-27 17:17:46 +0200: Memory Usage (453912K) : metal3_drw has 45047 polygons
2026-09-27 17:17:46 +0200: Memory Usage (453912K) : metal3_filler has 32154 polygons
2026-09-27 17:17:46 +0200: Memory Usage (453912K) : metal3_slit has 0 polygons
2026-09-27 17:17:46 +0200: Memory Usage (454440K) : metal4_drw has 10171 polygons
2026-09-27 17:17:46 +0200: Memory Usage (454440K) : metal4_filler has 32361 polygons
2026-09-27 17:17:46 +0200: Memory Usage (454440K) : metal4_slit has 0 polygons
2026-09-27 17:17:46 +0200: Memory Usage (454968K) : metal5_drw has 3901 polygons
2026-09-27 17:17:46 +0200: Memory Usage (455232K) : metal5_filler has 33156 polygons
2026-09-27 17:17:46 +0200: Memory Usage (455232K) : metal5_slit has 0 polygons
2026-09-27 17:17:46 +0200: Memory Usage (456024K) : topmetal1_drw has 1934 polygons
2026-09-27 17:17:46 +0200: Memory Usage (456024K) : topmetal1_filler has 5640 polygons
2026-09-27 17:17:46 +0200: Memory Usage (456024K) : topmetal1_slit has 0 polygons
2026-09-27 17:17:46 +0200: Memory Usage (456024K) : topmetal2_drw has 986 polygons
2026-09-27 17:17:46 +0200: Memory Usage (456024K) : topmetal2_filler has 6942 polygons
2026-09-27 17:17:46 +0200: Memory Usage (456024K) : topmetal2_slit has 0 polygons
2026-09-27 17:17:46 +0200: Memory Usage (456024K) : lbe_drw has 0 polygons
2026-09-27 17:17:46 +0200: Memory Usage (456024K) : prboundary_drw has 0 polygons
2026-09-27 17:17:46 +0200: Memory Usage (456024K) : edgeseal_bound has 1 polygons
2026-09-27 17:17:46 +0200: Memory Usage (456024K) : Loaded TECH DRC rules values from /foss/pdks/ihp-sg13g2/libs.tech/klayout/python/sg13g2_pycell_lib/sg13g2_tech_mod.json
2026-09-27 17:17:46 +0200: Memory Usage (456024K) : Loaded default DRC rules values from /foss/pdks/ihp-sg13g2/libs.tech/klayout/tech/drc/rule_decks/sg13g2_tech_default.json
2026-09-27 17:17:46 +0200: Memory Usage (456024K) : The following rules values were missing in tech json and default values were used:
2026-09-27 17:17:46 +0200: Memory Usage (456024K) :   - NW_f1_digibnd
2026-09-27 17:17:46 +0200: Memory Usage (456024K) :   - Cnt_c_digibnd
2026-09-27 17:17:46 +0200: Memory Usage (456024K) :   - Cnt_c_sram
2026-09-27 17:17:46 +0200: Memory Usage (456024K) :   - Sdiod_b
2026-09-27 17:17:46 +0200: Memory Usage (456024K) :   - Sdiod_c
2026-09-27 17:17:46 +0200: Memory Usage (456248K) : Density sanity markers are disabled (set -rd density_sanity=true to enable).
2026-09-27 17:17:46 +0200: Memory Usage (456724K) : Using EdgeSeal.boundary (39/4) for chip area: 1999396.0 um^2.
2026-09-27 17:17:46 +0200: Memory Usage (456724K) : Using bbox (0,0;1414,1414) for density window origin.
2026-09-27 17:17:46 +0200: Memory Usage (456724K) : Total area of the design is 1999396.0 um^2.
2026-09-27 17:17:46 +0200: Memory Usage (456724K) : Starting density IHP-SG13G2 derivations.
2026-09-27 17:17:47 +0200: Memory Usage (468924K) : Starting IHP-SG13G2 DENSITY DRC rules.
2026-09-27 17:17:47 +0200: Memory Usage (468924K) : Computing activ area and density...
2026-09-27 17:17:47 +0200: Memory Usage (474068K) : Executing rule AFil.g
2026-09-27 17:17:47 +0200: Memory Usage (474068K) : Executing rule AFil.g1
2026-09-27 17:17:47 +0200: Memory Usage (474068K) : Executing rule AFil.g2
2026-09-27 17:17:48 +0200: Memory Usage (501348K) : Executing rule AFil.g3
2026-09-27 17:17:50 +0200: Memory Usage (501672K) : Computing poly area and density...
2026-09-27 17:17:50 +0200: Memory Usage (502200K) : Executing rule GFil.g
2026-09-27 17:17:50 +0200: Memory Usage (502200K) : Computing metal1 area and density...
2026-09-27 17:17:51 +0200: Memory Usage (511508K) : Executing rule M1.j
2026-09-27 17:17:51 +0200: Memory Usage (511508K) : Executing rule M1.k
2026-09-27 17:17:51 +0200: Memory Usage (511508K) : Computing metal2 area and density...
2026-09-27 17:17:52 +0200: Memory Usage (532096K) : Computing metal3 area and density...
2026-09-27 17:17:52 +0200: Memory Usage (532096K) : Computing metal4 area and density...
2026-09-27 17:17:52 +0200: Memory Usage (532096K) : Computing metal5 area and density...
2026-09-27 17:17:53 +0200: Memory Usage (532096K) : Executing rule M2.j
2026-09-27 17:17:53 +0200: Memory Usage (532096K) : Executing rule M2.k
2026-09-27 17:17:53 +0200: Memory Usage (532096K) : Executing rule M3.j
2026-09-27 17:17:53 +0200: Memory Usage (532096K) : Executing rule M3.k
2026-09-27 17:17:53 +0200: Memory Usage (532096K) : Executing rule M4.j
2026-09-27 17:17:53 +0200: Memory Usage (532096K) : Executing rule M4.k
2026-09-27 17:17:53 +0200: Memory Usage (532096K) : Executing rule M5.j
2026-09-27 17:17:53 +0200: Memory Usage (532096K) : Executing rule M5.k
2026-09-27 17:17:53 +0200: Memory Usage (532096K) : Executing rule M1Fil.h
2026-09-27 17:17:57 +0200: Memory Usage (560396K) : Executing rule M1Fil.k
2026-09-27 17:18:01 +0200: Memory Usage (564896K) : Executing rule M2Fil.h
2026-09-27 17:18:03 +0200: Memory Usage (570784K) : Executing rule M2Fil.k
2026-09-27 17:18:05 +0200: Memory Usage (571564K) : Executing rule M3Fil.h
2026-09-27 17:18:06 +0200: Memory Usage (571712K) : Executing rule M3Fil.k
2026-09-27 17:18:07 +0200: Memory Usage (571712K) : Executing rule M4Fil.h
2026-09-27 17:18:08 +0200: Memory Usage (571712K) : Executing rule M4Fil.k
2026-09-27 17:18:08 +0200: Memory Usage (571712K) : Executing rule M5Fil.h
2026-09-27 17:18:09 +0200: Memory Usage (571712K) : Executing rule M5Fil.k
2026-09-27 17:18:10 +0200: Memory Usage (571712K) : Computing TopMetal1 area and density...
2026-09-27 17:18:10 +0200: Memory Usage (571712K) : Executing rule TM1.c
2026-09-27 17:18:10 +0200: Memory Usage (571712K) : Executing rule TM1.d
2026-09-27 17:18:10 +0200: Memory Usage (571712K) : Computing TopMetal2 area and density...
2026-09-27 17:18:10 +0200: Memory Usage (571712K) : Executing rule TM2.c
2026-09-27 17:18:10 +0200: Memory Usage (571712K) : Executing rule TM2.d
2026-09-27 17:18:10 +0200: Memory Usage (571712K) : Computing LBE area and density...
2026-09-27 17:18:10 +0200: Memory Usage (571712K) : Executing rule LBE.i
2026-09-27 17:18:10 +0200: Memory Usage (571712K) : Executing rule Slt.i_M1
2026-09-27 17:18:13 +0200: Memory Usage (571780K) : Executing rule Slt.i_M2
2026-09-27 17:18:13 +0200: Memory Usage (572004K) : Executing rule Slt.i_M3
2026-09-27 17:18:14 +0200: Memory Usage (572004K) : Executing rule Slt.i_M4
2026-09-27 17:18:14 +0200: Memory Usage (572004K) : Executing rule Slt.i_M5
2026-09-27 17:18:14 +0200: Memory Usage (572004K) : Executing rule Slt.i_TM1
2026-09-27 17:18:14 +0200: Memory Usage (572004K) : Executing rule Slt.i_TM2
2026-09-27 17:18:14 +0200: Memory Usage (572004K) : ##################################################
2026-09-27 17:18:14 +0200: Memory Usage (572004K) :                  Density Report                 #
2026-09-27 17:18:14 +0200: Memory Usage (572004K) : ##################################################
2026-09-27 17:18:14 +0200: Memory Usage (572004K) : 
2026-09-27 17:18:14 +0200: Memory Usage (572004K) : Layer areas and percentages (units: um^2)
2026-09-27 17:18:14 +0200: Memory Usage (572004K) : --------------------------------------------------
2026-09-27 17:18:14 +0200: Memory Usage (572004K) : 
2026-09-27 17:18:14 +0200: Memory Usage (572004K) : Total Area     = 1999396.00 um^2
2026-09-27 17:18:14 +0200: Memory Usage (572004K) : 
2026-09-27 17:18:14 +0200: Memory Usage (572004K) : Activ      Area      = 883778.21 µm²
2026-09-27 17:18:14 +0200: Memory Usage (572004K) : Activ      Density % = 44.20%  [Min = 35.00%,  Max = 55.00%]
2026-09-27 17:18:14 +0200: Memory Usage (572004K) : 
2026-09-27 17:18:14 +0200: Memory Usage (572004K) : GatPoly    Area      = 300828.38 µm²
2026-09-27 17:18:14 +0200: Memory Usage (572004K) : GatPoly    Density % = 15.05%  [Min = 15.00%]
2026-09-27 17:18:14 +0200: Memory Usage (572004K) : 
2026-09-27 17:18:14 +0200: Memory Usage (572004K) : Metal1     Area      = 938897.62 µm²
2026-09-27 17:18:14 +0200: Memory Usage (572004K) : Metal1     Density % = 46.96%  [Min = 35.00%,  Max = 60.00%]
2026-09-27 17:18:14 +0200: Memory Usage (572004K) : 
2026-09-27 17:18:14 +0200: Memory Usage (572004K) : Metal2     Area      = 747308.29 µm²
2026-09-27 17:18:14 +0200: Memory Usage (572004K) : Metal2     Density % = 37.38%  [Min = 35.00%,  Max = 60.00%]
2026-09-27 17:18:14 +0200: Memory Usage (572004K) : 
2026-09-27 17:18:14 +0200: Memory Usage (572004K) : Metal3     Area      = 958278.62 µm²
2026-09-27 17:18:14 +0200: Memory Usage (572004K) : Metal3     Density % = 47.93%  [Min = 35.00%,  Max = 60.00%]
2026-09-27 17:18:14 +0200: Memory Usage (572004K) : 
2026-09-27 17:18:14 +0200: Memory Usage (572004K) : Metal4     Area      = 934735.00 µm²
2026-09-27 17:18:14 +0200: Memory Usage (572004K) : Metal4     Density % = 46.75%  [Min = 35.00%,  Max = 60.00%]
2026-09-27 17:18:14 +0200: Memory Usage (572004K) : 
2026-09-27 17:18:14 +0200: Memory Usage (572004K) : Metal5     Area      = 966803.80 µm²
2026-09-27 17:18:14 +0200: Memory Usage (572004K) : Metal5     Density % = 48.35%  [Min = 35.00%,  Max = 60.00%]
2026-09-27 17:18:14 +0200: Memory Usage (572004K) : 
2026-09-27 17:18:14 +0200: Memory Usage (572004K) : TopMetal1  Area      = 1006324.11 µm²
2026-09-27 17:18:14 +0200: Memory Usage (572004K) : TopMetal1  Density % = 50.33%  [Min = 25.00%,  Max = 70.00%]
2026-09-27 17:18:14 +0200: Memory Usage (572004K) : 
2026-09-27 17:18:14 +0200: Memory Usage (572004K) : TopMetal2  Area      = 936474.03 µm²
2026-09-27 17:18:14 +0200: Memory Usage (572004K) : TopMetal2  Density % = 46.84%  [Min = 25.00%,  Max = 70.00%]
2026-09-27 17:18:14 +0200: Memory Usage (572004K) : 
2026-09-27 17:18:14 +0200: Memory Usage (572004K) : LBE        Area      =  0.00 µm²
2026-09-27 17:18:14 +0200: Memory Usage (572004K) : LBE        Density % =  0.00%  [Max = 20.00%]
2026-09-27 17:18:14 +0200: Memory Usage (572004K) : 
2026-09-27 17:18:14 +0200: Memory Usage (572004K) : KLayout DRC run for density table completed in 28.87 seconds
27-Sep-2026 17:18:15 | INFO    | Completed running Density checks.
27-Sep-2026 17:18:15 | INFO    | =====================================================================================
27-Sep-2026 17:18:15 | INFO    | ✅ --- KLayout DRC Check Passed: No DRC violations detected in the layout. --- ✅
27-Sep-2026 17:18:15 | INFO    | =====================================================================================
27-Sep-2026 17:18:15 | INFO    | Total DRC Run time: 31.26 seconds (including execution, analysis, and reporting)
