Warning: m=xx on .subckt line will override multiplier m hierarchy!



The temperature limiting function received NaN.
Please check your power dissipation and improve your heat sink Rth!
    This message will be shown only once.

Note: Starting dynamic gmin stepping
Note: Dynamic gmin stepping completed

Note: Compatibility modes selected: hs a


Circuit: * trim range sweep at r_dac 820 ohm, v(trim) 0.800 v

Doing analysis at TEMP = 27.000000 and TNOM = 27.000000

Using SPARSE 1.3 as Direct Linear Solver
 Reference value :  0.00000e+00
No. of Data Rows : 1
v(xcomp.c_p) = 2.126954e+00
v(xcomp.c_n) = 2.219338e+00
v(xcomp.ef_p) = 1.327370e+00
v(xcomp.g_p) = 5.293167e-01
v(xcomp.e_tail) = 2.793803e-01
v(xcomp.e_scomp) = 1.634741e-02
@q.xcomp.xqdac_p.qnpn13g2[ic] = 3.382273e-04
@q.xcomp.xq3.qnpn13g2[ic] = 1.157232e-12
@q.xcomp.xqef1.qnpn13g2[ib] = 1.723593e-07
Note: Simulation executed from .control section 
