# Logfile created on 2026-09-19 13:02:08 +0200 by logger.rb/v1.5.3
2026-09-19 13:02:08 +0200: Memory Usage (802584K) : Starting running SG13G2 Klayout LVS runset on /work/designs/g1-guardian/blocks/g1_dose/layout/g1_dose_macro.gds
2026-09-19 13:02:08 +0200: Memory Usage (802584K) : Ruby Version for klayout: 3.2.3
2026-09-19 13:02:08 +0200: Memory Usage (804376K) : Loading database to memory is complete.
2026-09-19 13:02:08 +0200: Memory Usage (804376K) : SG13G2 Klayout LVS runset output at: /work/designs/g1-guardian/blocks/g1_dose/reports/lvs_macro/g1_dose_macro.lvsdb
2026-09-19 13:02:08 +0200: Memory Usage (804376K) : Evaluate switches.
2026-09-19 13:02:08 +0200: Memory Usage (804376K) : Extracted netlist with net names: true
2026-09-19 13:02:08 +0200: Memory Usage (804376K) : Extracted netlist with comments in details: false
2026-09-19 13:02:08 +0200: Memory Usage (804376K) : Selected NET_ONLY option: false
2026-09-19 13:02:08 +0200: Memory Usage (804376K) : Selected LAYOUT_NETLIST option: (none)
2026-09-19 13:02:08 +0200: Memory Usage (804376K) : Selected IGNORE_TOP_PORTS_MISMATCH option: 
2026-09-19 13:02:08 +0200: Memory Usage (804376K) : Selected IMPLICIT_NETS option: (none)
2026-09-19 13:02:08 +0200: Memory Usage (804376K) : Selected TOP_LVL_PINS option: false
2026-09-19 13:02:08 +0200: Memory Usage (804376K) : Selected COMBINE DEVICES option: false
2026-09-19 13:02:08 +0200: Memory Usage (804376K) : Selected PURGE option: false
2026-09-19 13:02:08 +0200: Memory Usage (804376K) : Selected PURGE_NETS option: false
2026-09-19 13:02:08 +0200: Memory Usage (804376K) : Selected SIMPLIFY option: true
2026-09-19 13:02:08 +0200: Memory Usage (804376K) : Selected SERIES_RES option: true
2026-09-19 13:02:08 +0200: Memory Usage (804376K) : Selected PARALLEL_RES option: true
2026-09-19 13:02:08 +0200: Memory Usage (804376K) : Selected DISABLE_TAP_EXTRACTION option: false
2026-09-19 13:02:08 +0200: Memory Usage (804376K) : deep  mode is enabled.
2026-09-19 13:02:08 +0200: Memory Usage (805144K) : Netlist file: /work/designs/g1-guardian/blocks/g1_dose/schematic/g1_dose_macro.cdl
2026-09-19 13:02:08 +0200: Memory Usage (805272K) : LVS extracted netlist at: /work/designs/g1-guardian/blocks/g1_dose/reports/lvs_macro/g1_dose_macro_extracted.cir
2026-09-19 13:02:08 +0200: Memory Usage (805272K) : Applying SRAM integration support.
2026-09-19 13:02:08 +0200: Memory Usage (805272K) : Starting SG13G2 LVS runset
2026-09-19 13:02:08 +0200: Memory Usage (805272K) : Read in polygons from layers.
2026-09-19 13:02:08 +0200: Memory Usage (807704K) : activ_drw has 11 polygons
2026-09-19 13:02:08 +0200: Memory Usage (807704K) : activ_filler has 4 polygons
2026-09-19 13:02:08 +0200: Memory Usage (807960K) : activ has 15 polygons
2026-09-19 13:02:08 +0200: Memory Usage (807960K) : activ_pin has 0 polygons
2026-09-19 13:02:08 +0200: Memory Usage (807960K) : activ_mask has 0 polygons
2026-09-19 13:02:08 +0200: Memory Usage (807960K) : activ_nofill has 1 polygons
2026-09-19 13:02:08 +0200: Memory Usage (807960K) : activ_OPC has 0 polygons
2026-09-19 13:02:08 +0200: Memory Usage (807960K) : activ_iOPC has 0 polygons
2026-09-19 13:02:08 +0200: Memory Usage (807960K) : activ_noqrc has 0 polygons
2026-09-19 13:02:08 +0200: Memory Usage (807960K) : biwind_drw has 0 polygons
2026-09-19 13:02:08 +0200: Memory Usage (807960K) : biwind_OPC has 0 polygons
2026-09-19 13:02:08 +0200: Memory Usage (807960K) : gatpoly_drw has 4 polygons
2026-09-19 13:02:08 +0200: Memory Usage (807960K) : gatpoly_filler has 4 polygons
2026-09-19 13:02:08 +0200: Memory Usage (807960K) : gatpoly has 8 polygons
2026-09-19 13:02:08 +0200: Memory Usage (807960K) : gatpoly_pin has 2 polygons
2026-09-19 13:02:08 +0200: Memory Usage (807960K) : gatpoly_nofill has 1 polygons
2026-09-19 13:02:08 +0200: Memory Usage (807960K) : gatpoly_OPC has 0 polygons
2026-09-19 13:02:08 +0200: Memory Usage (807960K) : gatpoly_iOPC has 0 polygons
2026-09-19 13:02:08 +0200: Memory Usage (807960K) : gatpoly_noqrc has 0 polygons
2026-09-19 13:02:08 +0200: Memory Usage (808216K) : cont_drw has 138 polygons
2026-09-19 13:02:08 +0200: Memory Usage (808216K) : cont_OPC has 0 polygons
2026-09-19 13:02:08 +0200: Memory Usage (808216K) : nsd_drw has 0 polygons
2026-09-19 13:02:08 +0200: Memory Usage (808216K) : nsd_block has 0 polygons
2026-09-19 13:02:09 +0200: Memory Usage (808216K) : metal1_drw has 20 polygons
2026-09-19 13:02:09 +0200: Memory Usage (808216K) : metal1_filler has 36 polygons
2026-09-19 13:02:09 +0200: Memory Usage (808216K) : metal1_slit has 0 polygons
2026-09-19 13:02:09 +0200: Memory Usage (808344K) : metal1 has 56 polygons
2026-09-19 13:02:09 +0200: Memory Usage (808344K) : metal1_pin has 5 polygons
2026-09-19 13:02:09 +0200: Memory Usage (808472K) : metal1_mask has 0 polygons
2026-09-19 13:02:09 +0200: Memory Usage (808600K) : metal1_nofill has 1 polygons
2026-09-19 13:02:09 +0200: Memory Usage (808728K) : metal1_text has 0 polygons
2026-09-19 13:02:09 +0200: Memory Usage (808856K) : metal1_OPC has 0 polygons
2026-09-19 13:02:09 +0200: Memory Usage (808856K) : metal1_noqrc has 0 polygons
2026-09-19 13:02:09 +0200: Memory Usage (808984K) : metal1_res has 0 polygons
2026-09-19 13:02:09 +0200: Memory Usage (808984K) : metal1_iprobe has 0 polygons
2026-09-19 13:02:09 +0200: Memory Usage (809112K) : metal1_diffprb has 0 polygons
2026-09-19 13:02:09 +0200: Memory Usage (809112K) : passiv_drw has 0 polygons
2026-09-19 13:02:09 +0200: Memory Usage (809112K) : passiv_pin has 0 polygons
2026-09-19 13:02:09 +0200: Memory Usage (809112K) : passiv_sbump has 0 polygons
2026-09-19 13:02:09 +0200: Memory Usage (809240K) : passiv_pillar has 0 polygons
2026-09-19 13:02:09 +0200: Memory Usage (809240K) : passiv_pdl has 0 polygons
2026-09-19 13:02:09 +0200: Memory Usage (809368K) : metal2_drw has 6 polygons
2026-09-19 13:02:09 +0200: Memory Usage (809368K) : metal2_filler has 36 polygons
2026-09-19 13:02:09 +0200: Memory Usage (809368K) : metal2_slit has 0 polygons
2026-09-19 13:02:09 +0200: Memory Usage (809624K) : metal2 has 42 polygons
2026-09-19 13:02:09 +0200: Memory Usage (809624K) : metal2_pin has 3 polygons
2026-09-19 13:02:09 +0200: Memory Usage (809752K) : metal2_mask has 0 polygons
2026-09-19 13:02:09 +0200: Memory Usage (809880K) : metal2_nofill has 1 polygons
2026-09-19 13:02:09 +0200: Memory Usage (810008K) : metal2_text has 0 polygons
2026-09-19 13:02:09 +0200: Memory Usage (810008K) : metal2_OPC has 0 polygons
2026-09-19 13:02:09 +0200: Memory Usage (810136K) : metal2_noqrc has 0 polygons
2026-09-19 13:02:09 +0200: Memory Usage (810264K) : metal2_res has 0 polygons
2026-09-19 13:02:09 +0200: Memory Usage (810392K) : metal2_iprobe has 0 polygons
2026-09-19 13:02:09 +0200: Memory Usage (810392K) : metal2_diffprb has 0 polygons
2026-09-19 13:02:09 +0200: Memory Usage (810520K) : baspoly_drw has 0 polygons
2026-09-19 13:02:09 +0200: Memory Usage (810520K) : baspoly_pin has 0 polygons
2026-09-19 13:02:09 +0200: Memory Usage (810648K) : psd_drw has 5 polygons
2026-09-19 13:02:09 +0200: Memory Usage (810648K) : nldb_drw has 0 polygons
2026-09-19 13:02:09 +0200: Memory Usage (810648K) : digibnd_drw has 0 polygons
2026-09-19 13:02:09 +0200: Memory Usage (810776K) : via1_drw has 19 polygons
2026-09-19 13:02:09 +0200: Memory Usage (810776K) : backmetal1_drw has 0 polygons
2026-09-19 13:02:09 +0200: Memory Usage (810904K) : backmetal1_pin has 0 polygons
2026-09-19 13:02:09 +0200: Memory Usage (811032K) : backmetal1_mask has 0 polygons
2026-09-19 13:02:09 +0200: Memory Usage (811032K) : backmetal1_filler has 0 polygons
2026-09-19 13:02:09 +0200: Memory Usage (811160K) : backmetal1_nofill has 0 polygons
2026-09-19 13:02:09 +0200: Memory Usage (811160K) : backmetal1_slit has 0 polygons
2026-09-19 13:02:09 +0200: Memory Usage (811288K) : backmetal1_text has 0 polygons
2026-09-19 13:02:09 +0200: Memory Usage (811416K) : backmetal1_OPC has 0 polygons
2026-09-19 13:02:09 +0200: Memory Usage (811416K) : backmetal1_noqrc has 0 polygons
2026-09-19 13:02:09 +0200: Memory Usage (811544K) : backmetal1_res has 0 polygons
2026-09-19 13:02:09 +0200: Memory Usage (811544K) : backmetal1_iprobe has 0 polygons
2026-09-19 13:02:09 +0200: Memory Usage (811544K) : backmetal1_diffprb has 0 polygons
2026-09-19 13:02:09 +0200: Memory Usage (811672K) : backpassiv_drw has 0 polygons
2026-09-19 13:02:09 +0200: Memory Usage (811800K) : res_drw has 0 polygons
2026-09-19 13:02:09 +0200: Memory Usage (811800K) : sram_drw has 0 polygons
2026-09-19 13:02:09 +0200: Memory Usage (811928K) : trans_drw has 0 polygons
2026-09-19 13:02:09 +0200: Memory Usage (812056K) : ind_drw has 0 polygons
2026-09-19 13:02:09 +0200: Memory Usage (812056K) : ind_pin has 0 polygons
2026-09-19 13:02:09 +0200: Memory Usage (812056K) : ind_text has 0 polygons
2026-09-19 13:02:09 +0200: Memory Usage (812056K) : salblock_drw has 0 polygons
2026-09-19 13:02:09 +0200: Memory Usage (812056K) : via2_drw has 4 polygons
2026-09-19 13:02:09 +0200: Memory Usage (812056K) : metal3_drw has 13 polygons
2026-09-19 13:02:09 +0200: Memory Usage (812056K) : metal3_filler has 17 polygons
2026-09-19 13:02:09 +0200: Memory Usage (812056K) : metal3_slit has 0 polygons
2026-09-19 13:02:09 +0200: Memory Usage (812056K) : metal3 has 30 polygons
2026-09-19 13:02:09 +0200: Memory Usage (812056K) : metal3_pin has 4 polygons
2026-09-19 13:02:09 +0200: Memory Usage (812056K) : metal3_mask has 0 polygons
2026-09-19 13:02:09 +0200: Memory Usage (812056K) : metal3_nofill has 3 polygons
2026-09-19 13:02:09 +0200: Memory Usage (812312K) : metal3_text has 4 polygons
2026-09-19 13:02:09 +0200: Memory Usage (812312K) : metal3_OPC has 0 polygons
2026-09-19 13:02:09 +0200: Memory Usage (812312K) : metal3_noqrc has 0 polygons
2026-09-19 13:02:09 +0200: Memory Usage (812312K) : metal3_res has 0 polygons
2026-09-19 13:02:09 +0200: Memory Usage (812312K) : metal3_iprobe has 0 polygons
2026-09-19 13:02:09 +0200: Memory Usage (812312K) : metal3_diffprb has 0 polygons
2026-09-19 13:02:09 +0200: Memory Usage (812312K) : nwell_drw has 0 polygons
2026-09-19 13:02:09 +0200: Memory Usage (812312K) : nwell_pin has 0 polygons
2026-09-19 13:02:09 +0200: Memory Usage (812312K) : nwell_text has 0 polygons
2026-09-19 13:02:09 +0200: Memory Usage (812312K) : nbulay_drw has 0 polygons
2026-09-19 13:02:09 +0200: Memory Usage (812312K) : nbulay_pin has 0 polygons
2026-09-19 13:02:09 +0200: Memory Usage (812312K) : nbulay_block has 0 polygons
2026-09-19 13:02:09 +0200: Memory Usage (812312K) : emwind_drw has 0 polygons
2026-09-19 13:02:09 +0200: Memory Usage (812312K) : emwind_OPC has 0 polygons
2026-09-19 13:02:09 +0200: Memory Usage (812312K) : deepco_drw has 0 polygons
2026-09-19 13:02:09 +0200: Memory Usage (812312K) : mim_drw has 0 polygons
2026-09-19 13:02:09 +0200: Memory Usage (812312K) : edgeseal_drw has 0 polygons
2026-09-19 13:02:09 +0200: Memory Usage (812312K) : substrate_drw has 0 polygons
2026-09-19 13:02:09 +0200: Memory Usage (812312K) : substrate_text has 0 polygons
2026-09-19 13:02:09 +0200: Memory Usage (812312K) : dfpad_drw has 0 polygons
2026-09-19 13:02:09 +0200: Memory Usage (812312K) : dfpad_pillar has 0 polygons
2026-09-19 13:02:09 +0200: Memory Usage (812312K) : dfpad_sbump has 0 polygons
2026-09-19 13:02:09 +0200: Memory Usage (812312K) : thickgateox_drw has 1 polygons
2026-09-19 13:02:09 +0200: Memory Usage (812312K) : pldb_drw has 0 polygons
2026-09-19 13:02:09 +0200: Memory Usage (812312K) : pwell_drw has 0 polygons
2026-09-19 13:02:09 +0200: Memory Usage (812312K) : pwell_pin has 0 polygons
2026-09-19 13:02:09 +0200: Memory Usage (812312K) : pwell_block has 0 polygons
2026-09-19 13:02:09 +0200: Memory Usage (812312K) : ic_drw has 0 polygons
2026-09-19 13:02:09 +0200: Memory Usage (812312K) : via3_drw has 0 polygons
2026-09-19 13:02:09 +0200: Memory Usage (812312K) : metal4_drw has 0 polygons
2026-09-19 13:02:09 +0200: Memory Usage (812312K) : metal4_filler has 0 polygons
2026-09-19 13:02:09 +0200: Memory Usage (812312K) : metal4_slit has 0 polygons
2026-09-19 13:02:09 +0200: Memory Usage (812312K) : metal4 has 0 polygons
2026-09-19 13:02:09 +0200: Memory Usage (812312K) : metal4_pin has 0 polygons
2026-09-19 13:02:09 +0200: Memory Usage (812312K) : metal4_mask has 0 polygons
2026-09-19 13:02:09 +0200: Memory Usage (812312K) : metal4_nofill has 1 polygons
2026-09-19 13:02:09 +0200: Memory Usage (812312K) : metal4_text has 0 polygons
2026-09-19 13:02:09 +0200: Memory Usage (812312K) : metal4_OPC has 0 polygons
2026-09-19 13:02:09 +0200: Memory Usage (812312K) : metal4_noqrc has 0 polygons
2026-09-19 13:02:09 +0200: Memory Usage (812312K) : metal4_res has 0 polygons
2026-09-19 13:02:09 +0200: Memory Usage (812312K) : metal4_iprobe has 0 polygons
2026-09-19 13:02:09 +0200: Memory Usage (812312K) : metal4_diffprb has 0 polygons
2026-09-19 13:02:09 +0200: Memory Usage (812312K) : heattrans_drw has 2 polygons
2026-09-19 13:02:09 +0200: Memory Usage (812312K) : heatres_drw has 0 polygons
2026-09-19 13:02:09 +0200: Memory Usage (812312K) : fbe_drw has 0 polygons
2026-09-19 13:02:09 +0200: Memory Usage (812312K) : empoly_drw has 0 polygons
2026-09-19 13:02:09 +0200: Memory Usage (812312K) : digisub_drw has 0 polygons
2026-09-19 13:02:09 +0200: Memory Usage (812312K) : text_drw has 2 polygons
2026-09-19 13:02:09 +0200: Memory Usage (812312K) : via4_drw has 0 polygons
2026-09-19 13:02:09 +0200: Memory Usage (812312K) : metal5_drw has 0 polygons
2026-09-19 13:02:09 +0200: Memory Usage (812312K) : metal5_filler has 0 polygons
2026-09-19 13:02:09 +0200: Memory Usage (812312K) : metal5_slit has 0 polygons
2026-09-19 13:02:09 +0200: Memory Usage (812312K) : metal5 has 0 polygons
2026-09-19 13:02:09 +0200: Memory Usage (812312K) : metal5_pin has 0 polygons
2026-09-19 13:02:09 +0200: Memory Usage (812312K) : metal5_mask has 0 polygons
2026-09-19 13:02:09 +0200: Memory Usage (812312K) : metal5_nofill has 1 polygons
2026-09-19 13:02:09 +0200: Memory Usage (812312K) : metal5_text has 0 polygons
2026-09-19 13:02:09 +0200: Memory Usage (812312K) : metal5_OPC has 0 polygons
2026-09-19 13:02:09 +0200: Memory Usage (812312K) : metal5_noqrc has 0 polygons
2026-09-19 13:02:09 +0200: Memory Usage (812312K) : metal5_res has 0 polygons
2026-09-19 13:02:09 +0200: Memory Usage (812312K) : metal5_iprobe has 0 polygons
2026-09-19 13:02:09 +0200: Memory Usage (812312K) : metal5_diffprb has 0 polygons
2026-09-19 13:02:09 +0200: Memory Usage (812312K) : radhard_drw has 0 polygons
2026-09-19 13:02:09 +0200: Memory Usage (812312K) : memcap_drw has 0 polygons
2026-09-19 13:02:09 +0200: Memory Usage (812312K) : varicap_drw has 0 polygons
2026-09-19 13:02:09 +0200: Memory Usage (812312K) : intbondvia_drw has 0 polygons
2026-09-19 13:02:09 +0200: Memory Usage (812312K) : intbondmet_drw has 0 polygons
2026-09-19 13:02:09 +0200: Memory Usage (812312K) : devbondvia_drw has 0 polygons
2026-09-19 13:02:09 +0200: Memory Usage (812440K) : devbondmet_drw has 0 polygons
2026-09-19 13:02:09 +0200: Memory Usage (812440K) : devtrench_drw has 0 polygons
2026-09-19 13:02:09 +0200: Memory Usage (812568K) : redist_drw has 0 polygons
2026-09-19 13:02:09 +0200: Memory Usage (812568K) : graphbot_drw has 0 polygons
2026-09-19 13:02:09 +0200: Memory Usage (812568K) : graphtop_drw has 0 polygons
2026-09-19 13:02:09 +0200: Memory Usage (812568K) : antvia1_drw has 0 polygons
2026-09-19 13:02:09 +0200: Memory Usage (812696K) : antmetal2_drw has 0 polygons
2026-09-19 13:02:09 +0200: Memory Usage (812696K) : graphcont_drw has 0 polygons
2026-09-19 13:02:09 +0200: Memory Usage (812824K) : siwg_drw has 0 polygons
2026-09-19 13:02:09 +0200: Memory Usage (812952K) : siwg_filler has 0 polygons
2026-09-19 13:02:09 +0200: Memory Usage (812952K) : siwg_nofill has 0 polygons
2026-09-19 13:02:09 +0200: Memory Usage (813080K) : sigrating_drw has 0 polygons
2026-09-19 13:02:09 +0200: Memory Usage (813080K) : singrating_drw has 0 polygons
2026-09-19 13:02:09 +0200: Memory Usage (813080K) : graphpas_drw has 0 polygons
2026-09-19 13:02:09 +0200: Memory Usage (813208K) : emwind3_drw has 0 polygons
2026-09-19 13:02:09 +0200: Memory Usage (813208K) : emwihv3_drw has 0 polygons
2026-09-19 13:02:09 +0200: Memory Usage (813336K) : redbulay_drw has 0 polygons
2026-09-19 13:02:09 +0200: Memory Usage (813336K) : smos_drw has 0 polygons
2026-09-19 13:02:09 +0200: Memory Usage (813464K) : graphpad_drw has 0 polygons
2026-09-19 13:02:09 +0200: Memory Usage (813592K) : polimide_drw has 0 polygons
2026-09-19 13:02:09 +0200: Memory Usage (813592K) : polimide_pin has 0 polygons
2026-09-19 13:02:09 +0200: Memory Usage (813720K) : recog_drw has 0 polygons
2026-09-19 13:02:09 +0200: Memory Usage (813848K) : recog_pin has 0 polygons
2026-09-19 13:02:09 +0200: Memory Usage (813848K) : recog_esd has 0 polygons
2026-09-19 13:02:09 +0200: Memory Usage (813976K) : recog_diode has 0 polygons
2026-09-19 13:02:09 +0200: Memory Usage (813976K) : recog_tsv has 0 polygons
2026-09-19 13:02:09 +0200: Memory Usage (813976K) : recog_iprobe has 0 polygons
2026-09-19 13:02:09 +0200: Memory Usage (814104K) : recog_diffprb has 0 polygons
2026-09-19 13:02:09 +0200: Memory Usage (814104K) : recog_pillar has 0 polygons
2026-09-19 13:02:09 +0200: Memory Usage (814232K) : recog_sbump has 0 polygons
2026-09-19 13:02:09 +0200: Memory Usage (814232K) : recog_otp has 0 polygons
2026-09-19 13:02:09 +0200: Memory Usage (814360K) : recog_pdiode has 0 polygons
2026-09-19 13:02:09 +0200: Memory Usage (814360K) : recog_mom has 0 polygons
2026-09-19 13:02:09 +0200: Memory Usage (814360K) : recog_pcm has 0 polygons
2026-09-19 13:02:09 +0200: Memory Usage (814488K) : colopen_drw has 0 polygons
2026-09-19 13:02:09 +0200: Memory Usage (814488K) : graphmetal1_drw has 0 polygons
2026-09-19 13:02:09 +0200: Memory Usage (814616K) : graphmetal1_filler has 0 polygons
2026-09-19 13:02:09 +0200: Memory Usage (814616K) : graphmetal1_nofill has 0 polygons
2026-09-19 13:02:09 +0200: Memory Usage (814744K) : graphmetal1_slit has 0 polygons
2026-09-19 13:02:09 +0200: Memory Usage (814744K) : graphmetal1_OPC has 0 polygons
2026-09-19 13:02:09 +0200: Memory Usage (814872K) : graphmet1l_drw has 0 polygons
2026-09-19 13:02:09 +0200: Memory Usage (815000K) : graphmet1l_filler has 0 polygons
2026-09-19 13:02:09 +0200: Memory Usage (815000K) : graphmet1l_nofill has 0 polygons
2026-09-19 13:02:09 +0200: Memory Usage (815000K) : graphmet1l_slit has 0 polygons
2026-09-19 13:02:09 +0200: Memory Usage (815128K) : graphmet1l_OPC has 0 polygons
2026-09-19 13:02:09 +0200: Memory Usage (815128K) : extblock_drw has 0 polygons
2026-09-19 13:02:09 +0200: Memory Usage (815256K) : nldd_drw has 0 polygons
2026-09-19 13:02:09 +0200: Memory Usage (815256K) : pldd_drw has 0 polygons
2026-09-19 13:02:09 +0200: Memory Usage (815384K) : next_drw has 0 polygons
2026-09-19 13:02:09 +0200: Memory Usage (815384K) : pext_drw has 0 polygons
2026-09-19 13:02:09 +0200: Memory Usage (815512K) : nexthv_drw has 0 polygons
2026-09-19 13:02:09 +0200: Memory Usage (815512K) : pexthv_drw has 0 polygons
2026-09-19 13:02:09 +0200: Memory Usage (815640K) : graphgate_drw has 0 polygons
2026-09-19 13:02:09 +0200: Memory Usage (815640K) : sinwg_drw has 0 polygons
2026-09-19 13:02:09 +0200: Memory Usage (815768K) : sinwg_filler has 0 polygons
2026-09-19 13:02:09 +0200: Memory Usage (815768K) : sinwg_nofill has 0 polygons
2026-09-19 13:02:09 +0200: Memory Usage (815896K) : mempad_drw has 0 polygons
2026-09-19 13:02:09 +0200: Memory Usage (815896K) : topvia1_drw has 0 polygons
2026-09-19 13:02:09 +0200: Memory Usage (816024K) : topmetal1_drw has 0 polygons
2026-09-19 13:02:09 +0200: Memory Usage (816024K) : topmetal1_filler has 0 polygons
2026-09-19 13:02:09 +0200: Memory Usage (816152K) : topmetal1_slit has 0 polygons
2026-09-19 13:02:09 +0200: Memory Usage (816280K) : topmetal1 has 0 polygons
2026-09-19 13:02:09 +0200: Memory Usage (816280K) : topmetal1_pin has 0 polygons
2026-09-19 13:02:09 +0200: Memory Usage (816408K) : topmetal1_mask has 0 polygons
2026-09-19 13:02:09 +0200: Memory Usage (816408K) : topmetal1_nofill has 1 polygons
2026-09-19 13:02:09 +0200: Memory Usage (816408K) : topmetal1_text has 0 polygons
2026-09-19 13:02:09 +0200: Memory Usage (816408K) : topmetal1_noqrc has 0 polygons
2026-09-19 13:02:09 +0200: Memory Usage (816536K) : topmetal1_res has 0 polygons
2026-09-19 13:02:09 +0200: Memory Usage (816536K) : topmetal1_iprobe has 0 polygons
2026-09-19 13:02:09 +0200: Memory Usage (816664K) : topmetal1_diffprb has 0 polygons
2026-09-19 13:02:09 +0200: Memory Usage (816664K) : inldpwl_drw has 0 polygons
2026-09-19 13:02:09 +0200: Memory Usage (816792K) : polyres_drw has 0 polygons
2026-09-19 13:02:09 +0200: Memory Usage (816792K) : polyres_pin has 0 polygons
2026-09-19 13:02:09 +0200: Memory Usage (816920K) : vmim_drw has 0 polygons
2026-09-19 13:02:09 +0200: Memory Usage (816920K) : nbulaycut_drw has 0 polygons
2026-09-19 13:02:09 +0200: Memory Usage (817048K) : antmetal1_drw has 0 polygons
2026-09-19 13:02:09 +0200: Memory Usage (817048K) : topvia2_drw has 0 polygons
2026-09-19 13:02:09 +0200: Memory Usage (817176K) : topmetal2_drw has 0 polygons
2026-09-19 13:02:09 +0200: Memory Usage (817176K) : topmetal2_filler has 0 polygons
2026-09-19 13:02:09 +0200: Memory Usage (817304K) : topmetal2_slit has 0 polygons
2026-09-19 13:02:09 +0200: Memory Usage (817304K) : topmetal2 has 0 polygons
2026-09-19 13:02:09 +0200: Memory Usage (817304K) : topmetal2_pin has 0 polygons
2026-09-19 13:02:09 +0200: Memory Usage (817304K) : topmetal2_mask has 0 polygons
2026-09-19 13:02:09 +0200: Memory Usage (817304K) : topmetal2_nofill has 1 polygons
2026-09-19 13:02:09 +0200: Memory Usage (817304K) : topmetal2_text has 0 polygons
2026-09-19 13:02:09 +0200: Memory Usage (817304K) : topmetal2_noqrc has 0 polygons
2026-09-19 13:02:09 +0200: Memory Usage (817304K) : topmetal2_res has 0 polygons
2026-09-19 13:02:09 +0200: Memory Usage (817304K) : topmetal2_iprobe has 0 polygons
2026-09-19 13:02:09 +0200: Memory Usage (817304K) : topmetal2_diffprb has 0 polygons
2026-09-19 13:02:09 +0200: Memory Usage (817304K) : snsring_drw has 0 polygons
2026-09-19 13:02:09 +0200: Memory Usage (817304K) : sensor_drw has 0 polygons
2026-09-19 13:02:09 +0200: Memory Usage (817304K) : snsarms_drw has 0 polygons
2026-09-19 13:02:09 +0200: Memory Usage (817304K) : snscmosvia_drw has 0 polygons
2026-09-19 13:02:09 +0200: Memory Usage (817304K) : colwind_drw has 0 polygons
2026-09-19 13:02:09 +0200: Memory Usage (817304K) : flm_drw has 0 polygons
2026-09-19 13:02:09 +0200: Memory Usage (817304K) : hafniumox_drw has 0 polygons
2026-09-19 13:02:09 +0200: Memory Usage (817304K) : memvia_drw has 0 polygons
2026-09-19 13:02:09 +0200: Memory Usage (817304K) : thinfilmres_drw has 0 polygons
2026-09-19 13:02:09 +0200: Memory Usage (817304K) : rfmem_drw has 0 polygons
2026-09-19 13:02:09 +0200: Memory Usage (817304K) : norcx_drw has 0 polygons
2026-09-19 13:02:09 +0200: Memory Usage (817304K) : norcx_m2m3 has 0 polygons
2026-09-19 13:02:09 +0200: Memory Usage (817304K) : norcx_m2m4 has 0 polygons
2026-09-19 13:02:09 +0200: Memory Usage (817304K) : norcx_m2m5 has 0 polygons
2026-09-19 13:02:09 +0200: Memory Usage (817304K) : norcx_m2tm1 has 0 polygons
2026-09-19 13:02:09 +0200: Memory Usage (817304K) : norcx_m2tm2 has 0 polygons
2026-09-19 13:02:09 +0200: Memory Usage (817304K) : norcx_m3m4 has 0 polygons
2026-09-19 13:02:09 +0200: Memory Usage (817304K) : norcx_m3m5 has 0 polygons
2026-09-19 13:02:09 +0200: Memory Usage (817304K) : norcx_m3tm1 has 0 polygons
2026-09-19 13:02:09 +0200: Memory Usage (817304K) : norcx_m3tm2 has 0 polygons
2026-09-19 13:02:09 +0200: Memory Usage (817304K) : norcx_m4m5 has 0 polygons
2026-09-19 13:02:09 +0200: Memory Usage (817304K) : norcx_m4tm1 has 0 polygons
2026-09-19 13:02:09 +0200: Memory Usage (817304K) : norcx_m4tm2 has 0 polygons
2026-09-19 13:02:09 +0200: Memory Usage (817304K) : norcx_m5tm1 has 0 polygons
2026-09-19 13:02:09 +0200: Memory Usage (817304K) : norcx_m5tm2 has 0 polygons
2026-09-19 13:02:09 +0200: Memory Usage (817304K) : norcx_tm1tm2 has 0 polygons
2026-09-19 13:02:09 +0200: Memory Usage (817304K) : norcx_m1sub has 0 polygons
2026-09-19 13:02:09 +0200: Memory Usage (817304K) : norcx_m2sub has 0 polygons
2026-09-19 13:02:09 +0200: Memory Usage (817304K) : norcx_m3sub has 0 polygons
2026-09-19 13:02:09 +0200: Memory Usage (817304K) : norcx_m4sub has 0 polygons
2026-09-19 13:02:09 +0200: Memory Usage (817304K) : norcx_m5sub has 0 polygons
2026-09-19 13:02:09 +0200: Memory Usage (817304K) : norcx_tm1sub has 0 polygons
2026-09-19 13:02:09 +0200: Memory Usage (817304K) : norcx_tm2sub has 0 polygons
2026-09-19 13:02:09 +0200: Memory Usage (817304K) : snsbotvia_drw has 0 polygons
2026-09-19 13:02:09 +0200: Memory Usage (817304K) : snstopvia_drw has 0 polygons
2026-09-19 13:02:09 +0200: Memory Usage (817304K) : deepvia_drw has 0 polygons
2026-09-19 13:02:09 +0200: Memory Usage (817304K) : fgetch_drw has 0 polygons
2026-09-19 13:02:09 +0200: Memory Usage (817304K) : ctrgat_drw has 0 polygons
2026-09-19 13:02:09 +0200: Memory Usage (817304K) : fgimp_drw has 0 polygons
2026-09-19 13:02:09 +0200: Memory Usage (817304K) : emwihv_drw has 0 polygons
2026-09-19 13:02:09 +0200: Memory Usage (817304K) : lbe_drw has 0 polygons
2026-09-19 13:02:09 +0200: Memory Usage (817304K) : alcustop_drw has 0 polygons
2026-09-19 13:02:09 +0200: Memory Usage (817304K) : nometfiller_drw has 1 polygons
2026-09-19 13:02:09 +0200: Memory Usage (817304K) : prboundary_drw has 0 polygons
2026-09-19 13:02:09 +0200: Memory Usage (817304K) : exchange0_drw has 0 polygons
2026-09-19 13:02:09 +0200: Memory Usage (817304K) : exchange0_pin has 0 polygons
2026-09-19 13:02:09 +0200: Memory Usage (817304K) : exchange0_text has 0 polygons
2026-09-19 13:02:09 +0200: Memory Usage (817304K) : exchange1_drw has 0 polygons
2026-09-19 13:02:09 +0200: Memory Usage (817304K) : exchange1_pin has 0 polygons
2026-09-19 13:02:09 +0200: Memory Usage (817304K) : exchange1_text has 0 polygons
2026-09-19 13:02:09 +0200: Memory Usage (817304K) : exchange2_drw has 0 polygons
2026-09-19 13:02:09 +0200: Memory Usage (817304K) : exchange2_pin has 0 polygons
2026-09-19 13:02:09 +0200: Memory Usage (817304K) : exchange2_text has 0 polygons
2026-09-19 13:02:09 +0200: Memory Usage (817304K) : exchange3_drw has 0 polygons
2026-09-19 13:02:09 +0200: Memory Usage (817304K) : exchange3_pin has 0 polygons
2026-09-19 13:02:09 +0200: Memory Usage (817304K) : exchange3_text has 0 polygons
2026-09-19 13:02:09 +0200: Memory Usage (817304K) : exchange4_drw has 0 polygons
2026-09-19 13:02:09 +0200: Memory Usage (817304K) : exchange4_pin has 0 polygons
2026-09-19 13:02:09 +0200: Memory Usage (817304K) : exchange4_text has 0 polygons
2026-09-19 13:02:10 +0200: Memory Usage (817304K) : isonwell_drw has 0 polygons
2026-09-19 13:02:10 +0200: Memory Usage (817304K) : Total no. of polygons in the design is 352
2026-09-19 13:02:10 +0200: Memory Usage (817304K) : Starting base layers derivations
2026-09-19 13:02:10 +0200: Memory Usage (817304K) : Starting general LVS derivations
2026-09-19 13:02:10 +0200: Memory Usage (815160K) : Starting MOSFET DERIVATIONS
2026-09-19 13:02:10 +0200: Memory Usage (815800K) : Starting NMOS DERIVATIONS
2026-09-19 13:02:10 +0200: Memory Usage (815800K) : Starting PMOS DERIVATIONS
2026-09-19 13:02:10 +0200: Memory Usage (815800K) : Starting RF-MOSFET DERIVATIONS
2026-09-19 13:02:10 +0200: Memory Usage (815800K) : Starting RF-NMOS DERIVATIONS
2026-09-19 13:02:10 +0200: Memory Usage (815800K) : Starting RF-PMOS DERIVATIONS
2026-09-19 13:02:10 +0200: Memory Usage (815800K) : Starting BJT DERIVATIONS
2026-09-19 13:02:10 +0200: Memory Usage (815800K) : Starting NPN-BJT DERIVATIONS
2026-09-19 13:02:10 +0200: Memory Usage (815928K) : Starting PNP-BJT DERIVATIONS
2026-09-19 13:02:10 +0200: Memory Usage (816056K) : Starting DIODE DERIVATIONS
2026-09-19 13:02:10 +0200: Memory Usage (817720K) : Starting RESISTOR DERIVATIONS
2026-09-19 13:02:10 +0200: Memory Usage (820920K) : Starting CAP DERIVATIONS
2026-09-19 13:02:10 +0200: Memory Usage (821560K) : Starting ESD DERIVATIONS
2026-09-19 13:02:11 +0200: Memory Usage (821688K) : Starting Inductor DERIVATIONS
2026-09-19 13:02:11 +0200: Memory Usage (821688K) : Starting Taps DERIVATIONS
2026-09-19 13:02:11 +0200: Memory Usage (822328K) : Starting SG13G2 LVS connectivity setup
2026-09-19 13:02:11 +0200: Memory Usage (822328K) : Starting SG13G2 LVS connectivity setup (Inter-layer)
2026-09-19 13:02:11 +0200: Memory Usage (822584K) : Starting SG13G2 LVS connectivity setup (Global)
2026-09-19 13:02:11 +0200: Memory Usage (822584K) : Starting LVS MOSFET CONNECTIONS
2026-09-19 13:02:11 +0200: Memory Usage (822584K) : Starting LVS RF-MOSFET CONNECTIONS
2026-09-19 13:02:11 +0200: Memory Usage (822584K) : Starting LVS BJT CONNECTIONS
2026-09-19 13:02:11 +0200: Memory Usage (822584K) : Starting LVS DIODE CONNECTIONS
2026-09-19 13:02:11 +0200: Memory Usage (822584K) : Starting RESISTOR CONNECTIONS
2026-09-19 13:02:11 +0200: Memory Usage (822584K) : Starting LVS CAP CONNECTIONS
2026-09-19 13:02:11 +0200: Memory Usage (822584K) : Starting ESD CONNECTIONS
2026-09-19 13:02:11 +0200: Memory Usage (822584K) : Starting Inductor CONNECTIONS
2026-09-19 13:02:11 +0200: Memory Usage (822584K) : Starting LVS Taps CONNECTIONS
2026-09-19 13:02:11 +0200: Memory Usage (822584K) : Starting SG13G2 LVS DEVICES EXTRACTION
2026-09-19 13:02:11 +0200: Memory Usage (822584K) : Starting MOSFET EXTRACTION
2026-09-19 13:02:11 +0200: Memory Usage (822584K) : Starting NMOS EXTRACTION
2026-09-19 13:02:11 +0200: Memory Usage (822584K) : Extraction of NMOS-LV transistor
2026-09-19 13:02:11 +0200: Memory Usage (824504K) : Extraction of NMOS-HV transistor
2026-09-19 13:02:11 +0200: Memory Usage (824888K) : Starting PMOS EXTRACTION
2026-09-19 13:02:11 +0200: Memory Usage (824888K) : Extraction of PMOS-LV transistor
2026-09-19 13:02:11 +0200: Memory Usage (824888K) : Extraction of PMOS-HV transistor
2026-09-19 13:02:11 +0200: Memory Usage (824888K) : Starting RF-MOSFET EXTRACTION
2026-09-19 13:02:11 +0200: Memory Usage (824888K) : Extraction of RF-NMOS-LV transistor
2026-09-19 13:02:11 +0200: Memory Usage (824888K) : Extraction of RF-NMOS-HV transistor
2026-09-19 13:02:11 +0200: Memory Usage (824888K) : Extraction of RF-PMOS-LV transistor
2026-09-19 13:02:11 +0200: Memory Usage (824888K) : Extraction of RF-PMOS-HV transistor
2026-09-19 13:02:11 +0200: Memory Usage (824888K) : Starting BJT EXTRACTION
2026-09-19 13:02:11 +0200: Memory Usage (824888K) : Starting NPN-BJT EXTRACTION
2026-09-19 13:02:11 +0200: Memory Usage (824888K) : Extraction of npn13G2 BJT transistor
2026-09-19 13:02:11 +0200: Memory Usage (825016K) : Extraction of npn13G2L BJT transistor
2026-09-19 13:02:11 +0200: Memory Usage (825016K) : Extraction of npn13G2V BJT transistor
2026-09-19 13:02:11 +0200: Memory Usage (825016K) : Starting PNP-BJT EXTRACTION
2026-09-19 13:02:11 +0200: Memory Usage (825016K) : Extracting pnpMPA BJT
2026-09-19 13:02:11 +0200: Memory Usage (825144K) : Starting DIODE EXTRACTION
2026-09-19 13:02:11 +0200: Memory Usage (825144K) : Extracting dantenna diode
2026-09-19 13:02:11 +0200: Memory Usage (825272K) : Extracting dpantenna diode
2026-09-19 13:02:11 +0200: Memory Usage (825272K) : Extracting schottky_nbl1 diode
2026-09-19 13:02:11 +0200: Memory Usage (825272K) : Extracting isolbox diode
2026-09-19 13:02:11 +0200: Memory Usage (825272K) : Starting RESISTOR EXTRACTION
2026-09-19 13:02:11 +0200: Memory Usage (825272K) : Extracting rsil resistor
2026-09-19 13:02:11 +0200: Memory Usage (825272K) : Extracting rppd resistor
2026-09-19 13:02:11 +0200: Memory Usage (825272K) : Extracting rhigh resistor
2026-09-19 13:02:11 +0200: Memory Usage (825272K) : Extracting res_metal1 resistor
2026-09-19 13:02:11 +0200: Memory Usage (825400K) : Extracting res_metal2 resistor
2026-09-19 13:02:11 +0200: Memory Usage (825400K) : Extracting res_metal3 resistor
2026-09-19 13:02:11 +0200: Memory Usage (825400K) : Extracting res_metal4 resistor
2026-09-19 13:02:11 +0200: Memory Usage (825400K) : Extracting res_metal5 resistor
2026-09-19 13:02:11 +0200: Memory Usage (825400K) : Extracting res_topmetal1 resistor
2026-09-19 13:02:11 +0200: Memory Usage (825400K) : Extracting res_topmetal2 resistor
2026-09-19 13:02:11 +0200: Memory Usage (825400K) : Starting CAP EXTRACTION
2026-09-19 13:02:11 +0200: Memory Usage (825400K) : Extracting cap_cmim device
2026-09-19 13:02:11 +0200: Memory Usage (825400K) : Extracting rfcmim device
2026-09-19 13:02:11 +0200: Memory Usage (825400K) : Extracting sg13_hv_svaricap varactor
2026-09-19 13:02:11 +0200: Memory Usage (825400K) : Starting ESD EXTRACTION
2026-09-19 13:02:11 +0200: Memory Usage (825400K) : Extracting diodevdd_2kv ESD device
2026-09-19 13:02:11 +0200: Memory Usage (825400K) : Extracting diodevdd_4kv ESD device
2026-09-19 13:02:11 +0200: Memory Usage (825400K) : Extracting diodevss_2kv ESD device
2026-09-19 13:02:11 +0200: Memory Usage (825400K) : Extracting diodevss_4kv ESD device
2026-09-19 13:02:11 +0200: Memory Usage (825400K) : Extracting idiodevdd_2kv ESD device
2026-09-19 13:02:11 +0200: Memory Usage (825400K) : Extracting idiodevdd_4kv ESD device
2026-09-19 13:02:11 +0200: Memory Usage (825400K) : Extracting idiodevss_2kv ESD device
2026-09-19 13:02:11 +0200: Memory Usage (825400K) : Extracting idiodevss_4kv ESD device
2026-09-19 13:02:11 +0200: Memory Usage (825400K) : Extracting nmoscl_2 ESD device
2026-09-19 13:02:11 +0200: Memory Usage (825400K) : Extracting nmoscl_4 ESD device
2026-09-19 13:02:11 +0200: Memory Usage (825400K) : Starting Inductor EXTRACTION
2026-09-19 13:02:11 +0200: Memory Usage (825400K) : Extracting Inductor2 device
2026-09-19 13:02:11 +0200: Memory Usage (825400K) : Extracting Inductor3 device
2026-09-19 13:02:11 +0200: Memory Usage (825400K) : Starting Taps EXTRACTION
2026-09-19 13:02:11 +0200: Memory Usage (825400K) : Extracting ntap1 device
2026-09-19 13:02:11 +0200: Memory Usage (825400K) : Extracting ptap1 device
2026-09-19 13:02:11 +0200: Memory Usage (825400K) : Starting SG13G2 LVS RF MOS Model Mapping
2026-09-19 13:02:11 +0200: Memory Usage (825784K) : [layout_netlist] Apply RF MOS model mapping and rfmode parameter.
2026-09-19 13:02:11 +0200: Memory Usage (825912K) : Starting SG13G2 LVS Options Preparations
2026-09-19 13:02:11 +0200: Memory Usage (825912K) : SG13G2 LVS flow: extraction -> alignment -> option preparation -> comparison.
2026-09-19 13:02:11 +0200: Memory Usage (825912K) : Starting SG13G2 LVS Alignment
2026-09-19 13:02:11 +0200: Memory Usage (826040K) : Starting SG13G2 LVS Simplification
2026-09-19 13:02:11 +0200: Memory Usage (826040K) : [layout_netlist] simplify: ENABLED
2026-09-19 13:02:11 +0200: Memory Usage (826168K) : [layout_netlist] make_top_level_pins: SKIPPED
2026-09-19 13:02:11 +0200: Memory Usage (826168K) : [layout_netlist] combine_devices: SKIPPED
2026-09-19 13:02:11 +0200: Memory Usage (826168K) : [layout_netlist] purge: SKIPPED
2026-09-19 13:02:11 +0200: Memory Usage (826168K) : [layout_netlist] purge_nets: SKIPPED
2026-09-19 13:02:11 +0200: Memory Usage (826168K) : [schematic_netlist] simplify: ENABLED
2026-09-19 13:02:11 +0200: Memory Usage (826168K) : [schematic_netlist] make_top_level_pins: SKIPPED
2026-09-19 13:02:11 +0200: Memory Usage (826168K) : [schematic_netlist] combine_devices: SKIPPED
2026-09-19 13:02:11 +0200: Memory Usage (826168K) : [schematic_netlist] purge: SKIPPED
2026-09-19 13:02:11 +0200: Memory Usage (826168K) : [schematic_netlist] purge_nets: SKIPPED
2026-09-19 13:02:11 +0200: Memory Usage (826168K) : Starting SG13G2 LVS Comparison in strict port mode.
2026-09-19 13:02:11 +0200: Memory Usage (826168K) : flag_missing_ports enabled: missing/mislabeled top-level ports are treated as errors.
2026-09-19 13:02:11 +0200: Memory Usage (826936K) : ==========================================
2026-09-19 13:02:11 +0200: Memory Usage (826936K) : INFO : Congratulations! Netlists match.
2026-09-19 13:02:11 +0200: Memory Usage (826936K) : ==========================================
2026-09-19 13:02:11 +0200: Memory Usage (827064K) : LVS Total Run time 2.960896 seconds
