time="2026-09-23T07:39:24+02:00" level=warning msg="Network file system detected as backing store.  Enforcing overlay option `force_mask=\"700\"`.  Add it to storage.conf to silence this warning"
time="2026-09-23T07:39:26+02:00" level=warning msg="Network file system detected as backing store.  Enforcing overlay option `force_mask=\"700\"`.  Add it to storage.conf to silence this warning"
Resource enforcement: CPU affinity; memory reservation only (rootless cgroups v1).
time="2026-09-23T07:39:26+02:00" level=warning msg="Network file system detected as backing store.  Enforcing overlay option `force_mask=\"700\"`.  Add it to storage.conf to silence this warning"
{
  "status": "passed scoped main DRC",
  "GDS_sha256": "ab02b653c6b0e29e7693bed55e097081e6e41f67e24c59102494e6fbc1724541",
  "candidate_metadata_sha256": "f6f58b2a9ee4cdef6f448284efcb54a0925c10192deb8291e67b74351c0528af",
  "script_sha256": "1c00e0dd3e3f45892159e1f9e45bfdae92d6ba596b9dfa487393f6717ab2b338",
  "switch_helper_sha256": "21541b289491b8fcb70c6135d2d0cd411ea27f025cc0a07222d7825368322277",
  "switches": {
    "threads": "1",
    "drc_json_default": "/foss/pdks/ihp-sg13g2/libs.tech/klayout/tech/drc/rule_decks/sg13g2_tech_default.json",
    "drc_json": "/foss/pdks/ihp-sg13g2/libs.tech/klayout/python/sg13g2_pycell_lib/sg13g2_tech_mod.json",
    "run_mode": "deep",
    "precheck_drc": "false",
    "disable_extra_rules": "false",
    "no_feol": "false",
    "no_beol": "false",
    "no_offgrid": "false",
    "no_angle": "false",
    "density_sanity": "false",
    "density": "false",
    "no_forbidden": "false",
    "no_pin": "false",
    "no_recommended": "false",
    "topcell": "placed_core_NOT_CONNECTED_FULLCHIP",
    "input": "<results>/bondpad-outward-20260923-r3/pad_outward_native.gds"
  },
  "decks": [
    {
      "name": "main",
      "returncode": 0,
      "wall_s": 430.0299992412329,
      "command": [
        "timeout",
        "--kill-after=5",
        "600",
        "python3",
        "<repository>/designs/g1-guardian/review/audits/run_core_candidate_drc.py",
        "--candidate",
        "<results>/bondpad-outward-20260923-r3",
        "--gds-name",
        "pad_outward_native.gds",
        "--output",
        "<results>/bondpad-outward-main-20260923-r1",
        "--only",
        "main",
        "--main-watchdog",
        "600",
        "--execute",
        "main"
      ],
      "watchdog_s": 600,
      "reports": [
        {
          "path": "reports/pad_outward_native_placed_core_NOT_CONNECTED_FULLCHIP_main.lyrdb",
          "sha256": "91a6c1287774652901015f941f98e889a1201fdb219594630093087a1546b3ac",
          "markers": 0,
          "categories": {}
        }
      ],
      "status": "passed"
    }
  ],
  "not_run": [
    "density/fill",
    "antenna",
    "connected fullchip LVS/PEX/currentIR/EM",
    "electrical adoption",
    "other stock deck in this independent invocation"
  ],
  "inputs_rules_unchanged": true
}
