
Note: No compatibility mode selected!


Circuit: * g1_t2f joint c-pex: t=25.0 c, vdda=3.3 v, vdd=1.2 v, hbt=typ, mos=tt, r=typ, c=typ, mismatch=true, seed=51070

Warning: Model issue on line 788 :
  .model xbgr.xm27:sg13g2_hv_nmos_psp_rf pspnqs103va type=+1 level=103.60  ...
Unknown model type pspnqs103va - ignored

Warning: Model issue on line 809 :
  .model xbgr.xm27:sg13g2_hv_pmos_psp_rf pspnqs103va type=-1 level=103.60  ...
Unknown model type pspnqs103va - ignored

Warning: Model issue on line 788 :
  .model xbgr.xm28:sg13g2_hv_nmos_psp_rf pspnqs103va type=+1 level=103.60  ...
Unknown model type pspnqs103va - ignored

Warning: Model issue on line 809 :
  .model xbgr.xm28:sg13g2_hv_pmos_psp_rf pspnqs103va type=-1 level=103.60  ...
Unknown model type pspnqs103va - ignored

Warning: Model issue on line 679 :
  .model xbgr.xm29:sg13g2_hv_nmos_psp_rf pspnqs103va type=+1 level=103.60  ...
Unknown model type pspnqs103va - ignored

Warning: Model issue on line 700 :
  .model xbgr.xm29:sg13g2_hv_pmos_psp_rf pspnqs103va type=-1 level=103.60  ...
Unknown model type pspnqs103va - ignored

Warning: Model issue on line 679 :
  .model xbgr.xm30:sg13g2_hv_nmos_psp_rf pspnqs103va type=+1 level=103.60  ...
Unknown model type pspnqs103va - ignored

Warning: Model issue on line 700 :
  .model xbgr.xm30:sg13g2_hv_pmos_psp_rf pspnqs103va type=-1 level=103.60  ...
Unknown model type pspnqs103va - ignored

Warning: Model issue on line 679 :
  .model xbgr.xm31:sg13g2_hv_nmos_psp_rf pspnqs103va type=+1 level=103.60  ...
Unknown model type pspnqs103va - ignored

Warning: Model issue on line 700 :
  .model xbgr.xm31:sg13g2_hv_pmos_psp_rf pspnqs103va type=-1 level=103.60  ...
Unknown model type pspnqs103va - ignored

Warning: Model issue on line 679 :
  .model xbgr.xm32:sg13g2_hv_nmos_psp_rf pspnqs103va type=+1 level=103.60  ...
Unknown model type pspnqs103va - ignored

Warning: Model issue on line 700 :
  .model xbgr.xm32:sg13g2_hv_pmos_psp_rf pspnqs103va type=-1 level=103.60  ...
Unknown model type pspnqs103va - ignored

Warning: Model issue on line 679 :
  .model xbgr.xm33:sg13g2_hv_nmos_psp_rf pspnqs103va type=+1 level=103.60  ...
Unknown model type pspnqs103va - ignored

Warning: Model issue on line 700 :
  .model xbgr.xm33:sg13g2_hv_pmos_psp_rf pspnqs103va type=-1 level=103.60  ...
Unknown model type pspnqs103va - ignored

Warning: Model issue on line 679 :
  .model xbgr.xm34:sg13g2_hv_nmos_psp_rf pspnqs103va type=+1 level=103.60  ...
Unknown model type pspnqs103va - ignored

Warning: Model issue on line 700 :
  .model xbgr.xm34:sg13g2_hv_pmos_psp_rf pspnqs103va type=-1 level=103.60  ...
Unknown model type pspnqs103va - ignored

Warning: Model issue on line 679 :
  .model xbgr.xm35:sg13g2_hv_nmos_psp_rf pspnqs103va type=+1 level=103.60  ...
Unknown model type pspnqs103va - ignored

Warning: Model issue on line 700 :
  .model xbgr.xm35:sg13g2_hv_pmos_psp_rf pspnqs103va type=-1 level=103.60  ...
Unknown model type pspnqs103va - ignored

Warning: Model issue on line 679 :
  .model xbgr.xm36:sg13g2_hv_nmos_psp_rf pspnqs103va type=+1 level=103.60  ...
Unknown model type pspnqs103va - ignored

Warning: Model issue on line 700 :
  .model xbgr.xm36:sg13g2_hv_pmos_psp_rf pspnqs103va type=-1 level=103.60  ...
Unknown model type pspnqs103va - ignored

Warning: Model issue on line 679 :
  .model xbgr.xm37:sg13g2_hv_nmos_psp_rf pspnqs103va type=+1 level=103.60  ...
Unknown model type pspnqs103va - ignored

Warning: Model issue on line 700 :
  .model xbgr.xm37:sg13g2_hv_pmos_psp_rf pspnqs103va type=-1 level=103.60  ...
Unknown model type pspnqs103va - ignored

Warning: Model issue on line 788 :
  .model xbgr.xm38:sg13g2_hv_nmos_psp_rf pspnqs103va type=+1 level=103.60  ...
Unknown model type pspnqs103va - ignored

Warning: Model issue on line 809 :
  .model xbgr.xm38:sg13g2_hv_pmos_psp_rf pspnqs103va type=-1 level=103.60  ...
Unknown model type pspnqs103va - ignored

Warning: Model issue on line 788 :
  .model xbgr.xm39:sg13g2_hv_nmos_psp_rf pspnqs103va type=+1 level=103.60  ...
Unknown model type pspnqs103va - ignored

Warning: Model issue on line 809 :
  .model xbgr.xm39:sg13g2_hv_pmos_psp_rf pspnqs103va type=-1 level=103.60  ...
Unknown model type pspnqs103va - ignored

Warning: Model issue on line 788 :
  .model xbgr.xm40:sg13g2_hv_nmos_psp_rf pspnqs103va type=+1 level=103.60  ...
Unknown model type pspnqs103va - ignored

Warning: Model issue on line 809 :
  .model xbgr.xm40:sg13g2_hv_pmos_psp_rf pspnqs103va type=-1 level=103.60  ...
Unknown model type pspnqs103va - ignored

Warning: Model issue on line 788 :
  .model xbgr.xm41:sg13g2_hv_nmos_psp_rf pspnqs103va type=+1 level=103.60  ...
Unknown model type pspnqs103va - ignored

Warning: Model issue on line 809 :
  .model xbgr.xm41:sg13g2_hv_pmos_psp_rf pspnqs103va type=-1 level=103.60  ...
Unknown model type pspnqs103va - ignored

Warning: Model issue on line 788 :
  .model xbgr.xm42:sg13g2_hv_nmos_psp_rf pspnqs103va type=+1 level=103.60  ...
Unknown model type pspnqs103va - ignored

Warning: Model issue on line 809 :
  .model xbgr.xm42:sg13g2_hv_pmos_psp_rf pspnqs103va type=-1 level=103.60  ...
Unknown model type pspnqs103va - ignored

Warning: Model issue on line 788 :
  .model xbgr.xm43:sg13g2_hv_nmos_psp_rf pspnqs103va type=+1 level=103.60  ...
Unknown model type pspnqs103va - ignored

Warning: Model issue on line 809 :
  .model xbgr.xm43:sg13g2_hv_pmos_psp_rf pspnqs103va type=-1 level=103.60  ...
Unknown model type pspnqs103va - ignored

Warning: Model issue on line 788 :
  .model xbgr.xm44:sg13g2_hv_nmos_psp_rf pspnqs103va type=+1 level=103.60  ...
Unknown model type pspnqs103va - ignored

Warning: Model issue on line 809 :
  .model xbgr.xm44:sg13g2_hv_pmos_psp_rf pspnqs103va type=-1 level=103.60  ...
Unknown model type pspnqs103va - ignored

Warning: Model issue on line 788 :
  .model xbgr.xm45:sg13g2_hv_nmos_psp_rf pspnqs103va type=+1 level=103.60  ...
Unknown model type pspnqs103va - ignored

Warning: Model issue on line 809 :
  .model xbgr.xm45:sg13g2_hv_pmos_psp_rf pspnqs103va type=-1 level=103.60  ...
Unknown model type pspnqs103va - ignored

Warning: Model issue on line 788 :
  .model xbgr.xm46:sg13g2_hv_nmos_psp_rf pspnqs103va type=+1 level=103.60  ...
Unknown model type pspnqs103va - ignored

Warning: Model issue on line 809 :
  .model xbgr.xm46:sg13g2_hv_pmos_psp_rf pspnqs103va type=-1 level=103.60  ...
Unknown model type pspnqs103va - ignored

Warning: Model issue on line 788 :
  .model xbgr.xm47:sg13g2_hv_nmos_psp_rf pspnqs103va type=+1 level=103.60  ...
Unknown model type pspnqs103va - ignored

Warning: Model issue on line 809 :
  .model xbgr.xm47:sg13g2_hv_pmos_psp_rf pspnqs103va type=-1 level=103.60  ...
Unknown model type pspnqs103va - ignored

Warning: Model issue on line 788 :
  .model xbgr.xm48:sg13g2_hv_nmos_psp_rf pspnqs103va type=+1 level=103.60  ...
Unknown model type pspnqs103va - ignored

Warning: Model issue on line 809 :
  .model xbgr.xm48:sg13g2_hv_pmos_psp_rf pspnqs103va type=-1 level=103.60  ...
Unknown model type pspnqs103va - ignored

Warning: Model issue on line 788 :
  .model xbgr.xm49:sg13g2_hv_nmos_psp_rf pspnqs103va type=+1 level=103.60  ...
Unknown model type pspnqs103va - ignored

Warning: Model issue on line 809 :
  .model xbgr.xm49:sg13g2_hv_pmos_psp_rf pspnqs103va type=-1 level=103.60  ...
Unknown model type pspnqs103va - ignored

Warning: Model issue on line 788 :
  .model xbgr.xm50:sg13g2_hv_nmos_psp_rf pspnqs103va type=+1 level=103.60  ...
Unknown model type pspnqs103va - ignored

Warning: Model issue on line 809 :
  .model xbgr.xm50:sg13g2_hv_pmos_psp_rf pspnqs103va type=-1 level=103.60  ...
Unknown model type pspnqs103va - ignored

Warning: Model issue on line 788 :
  .model xbgr.xm51:sg13g2_hv_nmos_psp_rf pspnqs103va type=+1 level=103.60  ...
Unknown model type pspnqs103va - ignored

Warning: Model issue on line 809 :
  .model xbgr.xm51:sg13g2_hv_pmos_psp_rf pspnqs103va type=-1 level=103.60  ...
Unknown model type pspnqs103va - ignored

Warning: Model issue on line 788 :
  .model xbgr.xm52:sg13g2_hv_nmos_psp_rf pspnqs103va type=+1 level=103.60  ...
Unknown model type pspnqs103va - ignored

Warning: Model issue on line 809 :
  .model xbgr.xm52:sg13g2_hv_pmos_psp_rf pspnqs103va type=-1 level=103.60  ...
Unknown model type pspnqs103va - ignored

Warning: Model issue on line 788 :
  .model xbgr.xm53:sg13g2_hv_nmos_psp_rf pspnqs103va type=+1 level=103.60  ...
Unknown model type pspnqs103va - ignored

Warning: Model issue on line 809 :
  .model xbgr.xm53:sg13g2_hv_pmos_psp_rf pspnqs103va type=-1 level=103.60  ...
Unknown model type pspnqs103va - ignored

Warning: Model issue on line 788 :
  .model xbgr.xm54:sg13g2_hv_nmos_psp_rf pspnqs103va type=+1 level=103.60  ...
Unknown model type pspnqs103va - ignored

Warning: Model issue on line 809 :
  .model xbgr.xm54:sg13g2_hv_pmos_psp_rf pspnqs103va type=-1 level=103.60  ...
Unknown model type pspnqs103va - ignored

Warning: Model issue on line 679 :
  .model xt2f.xm1:sg13g2_hv_nmos_psp_rf pspnqs103va type=+1 level=103.60 t ...
Unknown model type pspnqs103va - ignored

Warning: Model issue on line 700 :
  .model xt2f.xm1:sg13g2_hv_pmos_psp_rf pspnqs103va type=-1 level=103.60 t ...
Unknown model type pspnqs103va - ignored

Warning: Model issue on line 679 :
  .model xt2f.xm2:sg13g2_hv_nmos_psp_rf pspnqs103va type=+1 level=103.60 t ...
Unknown model type pspnqs103va - ignored

Warning: Model issue on line 700 :
  .model xt2f.xm2:sg13g2_hv_pmos_psp_rf pspnqs103va type=-1 level=103.60 t ...
Unknown model type pspnqs103va - ignored

Warning: Model issue on line 679 :
  .model xt2f.xm13:sg13g2_hv_nmos_psp_rf pspnqs103va type=+1 level=103.60  ...
Unknown model type pspnqs103va - ignored

Warning: Model issue on line 700 :
  .model xt2f.xm13:sg13g2_hv_pmos_psp_rf pspnqs103va type=-1 level=103.60  ...
Unknown model type pspnqs103va - ignored

Warning: Model issue on line 679 :
  .model xt2f.xm14:sg13g2_hv_nmos_psp_rf pspnqs103va type=+1 level=103.60  ...
Unknown model type pspnqs103va - ignored

Warning: Model issue on line 700 :
  .model xt2f.xm14:sg13g2_hv_pmos_psp_rf pspnqs103va type=-1 level=103.60  ...
Unknown model type pspnqs103va - ignored

Warning: Model issue on line 890 :
  .model xt2f.xm15:sg13g2_lv_nmos_psp_rf pspnqs103va type=+1 level=103.60  ...
Unknown model type pspnqs103va - ignored

Warning: Model issue on line 912 :
  .model xt2f.xm15:sg13g2_lv_pmos_psp_rf pspnqs103va type=-1 level=103.60  ...
Unknown model type pspnqs103va - ignored

Warning: Model issue on line 914 :
  .model xt2f.xm15:nmoscl_psp_rf pspnqs103va type=+1 tr=27.0 dta=0.0 swgeo ...
Unknown model type pspnqs103va - ignored

Warning: Model issue on line 779 :
  .model xt2f.xm16:sg13g2_lv_nmos_psp_rf pspnqs103va type=+1 level=103.60  ...
Unknown model type pspnqs103va - ignored

Warning: Model issue on line 801 :
  .model xt2f.xm16:sg13g2_lv_pmos_psp_rf pspnqs103va type=-1 level=103.60  ...
Unknown model type pspnqs103va - ignored

Warning: Model issue on line 803 :
  .model xt2f.xm16:nmoscl_psp_rf pspnqs103va type=+1 tr=27.0 dta=0.0 swgeo ...
Unknown model type pspnqs103va - ignored

Warning: Model issue on line 779 :
  .model xt2f.xm17:sg13g2_lv_nmos_psp_rf pspnqs103va type=+1 level=103.60  ...
Unknown model type pspnqs103va - ignored

Warning: Model issue on line 801 :
  .model xt2f.xm17:sg13g2_lv_pmos_psp_rf pspnqs103va type=-1 level=103.60  ...
Unknown model type pspnqs103va - ignored

Warning: Model issue on line 803 :
  .model xt2f.xm17:nmoscl_psp_rf pspnqs103va type=+1 tr=27.0 dta=0.0 swgeo ...
Unknown model type pspnqs103va - ignored

Warning: Model issue on line 890 :
  .model xt2f.xm18:sg13g2_lv_nmos_psp_rf pspnqs103va type=+1 level=103.60  ...
Unknown model type pspnqs103va - ignored

Warning: Model issue on line 912 :
  .model xt2f.xm18:sg13g2_lv_pmos_psp_rf pspnqs103va type=-1 level=103.60  ...
Unknown model type pspnqs103va - ignored

Warning: Model issue on line 914 :
  .model xt2f.xm18:nmoscl_psp_rf pspnqs103va type=+1 tr=27.0 dta=0.0 swgeo ...
Unknown model type pspnqs103va - ignored

Warning: Model issue on line 890 :
  .model xt2f.xm19:sg13g2_lv_nmos_psp_rf pspnqs103va type=+1 level=103.60  ...
Unknown model type pspnqs103va - ignored

Warning: Model issue on line 912 :
  .model xt2f.xm19:sg13g2_lv_pmos_psp_rf pspnqs103va type=-1 level=103.60  ...
Unknown model type pspnqs103va - ignored

Warning: Model issue on line 914 :
  .model xt2f.xm19:nmoscl_psp_rf pspnqs103va type=+1 tr=27.0 dta=0.0 swgeo ...
Unknown model type pspnqs103va - ignored

Warning: Model issue on line 788 :
  .model xt2f.xm20:sg13g2_hv_nmos_psp_rf pspnqs103va type=+1 level=103.60  ...
Unknown model type pspnqs103va - ignored

Warning: Model issue on line 809 :
  .model xt2f.xm20:sg13g2_hv_pmos_psp_rf pspnqs103va type=-1 level=103.60  ...
Unknown model type pspnqs103va - ignored

Warning: Model issue on line 788 :
  .model xt2f.xm21:sg13g2_hv_nmos_psp_rf pspnqs103va type=+1 level=103.60  ...
Unknown model type pspnqs103va - ignored

Warning: Model issue on line 809 :
  .model xt2f.xm21:sg13g2_hv_pmos_psp_rf pspnqs103va type=-1 level=103.60  ...
Unknown model type pspnqs103va - ignored

Warning: Model issue on line 788 :
  .model xt2f.xm22:sg13g2_hv_nmos_psp_rf pspnqs103va type=+1 level=103.60  ...
Unknown model type pspnqs103va - ignored

Warning: Model issue on line 809 :
  .model xt2f.xm22:sg13g2_hv_pmos_psp_rf pspnqs103va type=-1 level=103.60  ...
Unknown model type pspnqs103va - ignored

Warning: Model issue on line 679 :
  .model xt2f.xm23:sg13g2_hv_nmos_psp_rf pspnqs103va type=+1 level=103.60  ...
Unknown model type pspnqs103va - ignored

Warning: Model issue on line 700 :
  .model xt2f.xm23:sg13g2_hv_pmos_psp_rf pspnqs103va type=-1 level=103.60  ...
Unknown model type pspnqs103va - ignored

Warning: Model issue on line 679 :
  .model xt2f.xm24:sg13g2_hv_nmos_psp_rf pspnqs103va type=+1 level=103.60  ...
Unknown model type pspnqs103va - ignored

Warning: Model issue on line 700 :
  .model xt2f.xm24:sg13g2_hv_pmos_psp_rf pspnqs103va type=-1 level=103.60  ...
Unknown model type pspnqs103va - ignored

Warning: Model issue on line 679 :
  .model xt2f.xm25:sg13g2_hv_nmos_psp_rf pspnqs103va type=+1 level=103.60  ...
Unknown model type pspnqs103va - ignored

Warning: Model issue on line 700 :
  .model xt2f.xm25:sg13g2_hv_pmos_psp_rf pspnqs103va type=-1 level=103.60  ...
Unknown model type pspnqs103va - ignored

Warning: Model issue on line 788 :
  .model xt2f.xm26:sg13g2_hv_nmos_psp_rf pspnqs103va type=+1 level=103.60  ...
Unknown model type pspnqs103va - ignored

Warning: Model issue on line 809 :
  .model xt2f.xm26:sg13g2_hv_pmos_psp_rf pspnqs103va type=-1 level=103.60  ...
Unknown model type pspnqs103va - ignored

Warning: Model issue on line 788 :
  .model xt2f.xm27:sg13g2_hv_nmos_psp_rf pspnqs103va type=+1 level=103.60  ...
Unknown model type pspnqs103va - ignored

Warning: Model issue on line 809 :
  .model xt2f.xm27:sg13g2_hv_pmos_psp_rf pspnqs103va type=-1 level=103.60  ...
Unknown model type pspnqs103va - ignored

Warning: Model issue on line 788 :
  .model xt2f.xm28:sg13g2_hv_nmos_psp_rf pspnqs103va type=+1 level=103.60  ...
Unknown model type pspnqs103va - ignored

Warning: Model issue on line 809 :
  .model xt2f.xm28:sg13g2_hv_pmos_psp_rf pspnqs103va type=-1 level=103.60  ...
Unknown model type pspnqs103va - ignored

Warning: Model issue on line 788 :
  .model xt2f.xm29:sg13g2_hv_nmos_psp_rf pspnqs103va type=+1 level=103.60  ...
Unknown model type pspnqs103va - ignored

Warning: Model issue on line 809 :
  .model xt2f.xm29:sg13g2_hv_pmos_psp_rf pspnqs103va type=-1 level=103.60  ...
Unknown model type pspnqs103va - ignored

Warning: Model issue on line 788 :
  .model xt2f.xm30:sg13g2_hv_nmos_psp_rf pspnqs103va type=+1 level=103.60  ...
Unknown model type pspnqs103va - ignored

Warning: Model issue on line 809 :
  .model xt2f.xm30:sg13g2_hv_pmos_psp_rf pspnqs103va type=-1 level=103.60  ...
Unknown model type pspnqs103va - ignored

Warning: Model issue on line 788 :
  .model xt2f.xm31:sg13g2_hv_nmos_psp_rf pspnqs103va type=+1 level=103.60  ...
Unknown model type pspnqs103va - ignored

Warning: Model issue on line 809 :
  .model xt2f.xm31:sg13g2_hv_pmos_psp_rf pspnqs103va type=-1 level=103.60  ...
Unknown model type pspnqs103va - ignored

Warning: Model issue on line 788 :
  .model xt2f.xm32:sg13g2_hv_nmos_psp_rf pspnqs103va type=+1 level=103.60  ...
Unknown model type pspnqs103va - ignored

Warning: Model issue on line 809 :
  .model xt2f.xm32:sg13g2_hv_pmos_psp_rf pspnqs103va type=-1 level=103.60  ...
Unknown model type pspnqs103va - ignored

Warning: Model issue on line 788 :
  .model xt2f.xm33:sg13g2_hv_nmos_psp_rf pspnqs103va type=+1 level=103.60  ...
Unknown model type pspnqs103va - ignored

Warning: Model issue on line 809 :
  .model xt2f.xm33:sg13g2_hv_pmos_psp_rf pspnqs103va type=-1 level=103.60  ...
Unknown model type pspnqs103va - ignored

Warning: Model issue on line 788 :
  .model xt2f.xm34:sg13g2_hv_nmos_psp_rf pspnqs103va type=+1 level=103.60  ...
Unknown model type pspnqs103va - ignored

Warning: Model issue on line 809 :
  .model xt2f.xm34:sg13g2_hv_pmos_psp_rf pspnqs103va type=-1 level=103.60  ...
Unknown model type pspnqs103va - ignored

Warning: Model issue on line 788 :
  .model xt2f.xm35:sg13g2_hv_nmos_psp_rf pspnqs103va type=+1 level=103.60  ...
Unknown model type pspnqs103va - ignored

Warning: Model issue on line 809 :
  .model xt2f.xm35:sg13g2_hv_pmos_psp_rf pspnqs103va type=-1 level=103.60  ...
Unknown model type pspnqs103va - ignored

Warning: Model issue on line 679 :
  .model xt2f.xm36:sg13g2_hv_nmos_psp_rf pspnqs103va type=+1 level=103.60  ...
Unknown model type pspnqs103va - ignored

Warning: Model issue on line 700 :
  .model xt2f.xm36:sg13g2_hv_pmos_psp_rf pspnqs103va type=-1 level=103.60  ...
Unknown model type pspnqs103va - ignored

Warning: Model issue on line 679 :
  .model xt2f.xm37:sg13g2_hv_nmos_psp_rf pspnqs103va type=+1 level=103.60  ...
Unknown model type pspnqs103va - ignored

Warning: Model issue on line 700 :
  .model xt2f.xm37:sg13g2_hv_pmos_psp_rf pspnqs103va type=-1 level=103.60  ...
Unknown model type pspnqs103va - ignored

Warning: Model issue on line 679 :
  .model xt2f.xm38:sg13g2_hv_nmos_psp_rf pspnqs103va type=+1 level=103.60  ...
Unknown model type pspnqs103va - ignored

Warning: Model issue on line 700 :
  .model xt2f.xm38:sg13g2_hv_pmos_psp_rf pspnqs103va type=-1 level=103.60  ...
Unknown model type pspnqs103va - ignored

Warning: Model issue on line 679 :
  .model xt2f.xm39:sg13g2_hv_nmos_psp_rf pspnqs103va type=+1 level=103.60  ...
Unknown model type pspnqs103va - ignored

Warning: Model issue on line 700 :
  .model xt2f.xm39:sg13g2_hv_pmos_psp_rf pspnqs103va type=-1 level=103.60  ...
Unknown model type pspnqs103va - ignored

Warning: Model issue on line 788 :
  .model xt2f.xm46:sg13g2_hv_nmos_psp_rf pspnqs103va type=+1 level=103.60  ...
Unknown model type pspnqs103va - ignored

Warning: Model issue on line 809 :
  .model xt2f.xm46:sg13g2_hv_pmos_psp_rf pspnqs103va type=-1 level=103.60  ...
Unknown model type pspnqs103va - ignored

Warning: Model issue on line 788 :
  .model xt2f.xm47:sg13g2_hv_nmos_psp_rf pspnqs103va type=+1 level=103.60  ...
Unknown model type pspnqs103va - ignored

Warning: Model issue on line 809 :
  .model xt2f.xm47:sg13g2_hv_pmos_psp_rf pspnqs103va type=-1 level=103.60  ...
Unknown model type pspnqs103va - ignored

Warning: Model issue on line 788 :
  .model xt2f.xm48:sg13g2_hv_nmos_psp_rf pspnqs103va type=+1 level=103.60  ...
Unknown model type pspnqs103va - ignored

Warning: Model issue on line 809 :
  .model xt2f.xm48:sg13g2_hv_pmos_psp_rf pspnqs103va type=-1 level=103.60  ...
Unknown model type pspnqs103va - ignored

Warning: Model issue on line 788 :
  .model xt2f.xm49:sg13g2_hv_nmos_psp_rf pspnqs103va type=+1 level=103.60  ...
Unknown model type pspnqs103va - ignored

Warning: Model issue on line 809 :
  .model xt2f.xm49:sg13g2_hv_pmos_psp_rf pspnqs103va type=-1 level=103.60  ...
Unknown model type pspnqs103va - ignored

Warning: Model issue on line 679 :
  .model xt2f.xm50:sg13g2_hv_nmos_psp_rf pspnqs103va type=+1 level=103.60  ...
Unknown model type pspnqs103va - ignored

Warning: Model issue on line 700 :
  .model xt2f.xm50:sg13g2_hv_pmos_psp_rf pspnqs103va type=-1 level=103.60  ...
Unknown model type pspnqs103va - ignored

Warning: Model issue on line 679 :
  .model xt2f.xm51:sg13g2_hv_nmos_psp_rf pspnqs103va type=+1 level=103.60  ...
Unknown model type pspnqs103va - ignored

Warning: Model issue on line 700 :
  .model xt2f.xm51:sg13g2_hv_pmos_psp_rf pspnqs103va type=-1 level=103.60  ...
Unknown model type pspnqs103va - ignored

Warning: Model issue on line 679 :
  .model xt2f.xm52:sg13g2_hv_nmos_psp_rf pspnqs103va type=+1 level=103.60  ...
Unknown model type pspnqs103va - ignored

Warning: Model issue on line 700 :
  .model xt2f.xm52:sg13g2_hv_pmos_psp_rf pspnqs103va type=-1 level=103.60  ...
Unknown model type pspnqs103va - ignored

Warning: Model issue on line 679 :
  .model xt2f.xm53:sg13g2_hv_nmos_psp_rf pspnqs103va type=+1 level=103.60  ...
Unknown model type pspnqs103va - ignored

Warning: Model issue on line 700 :
  .model xt2f.xm53:sg13g2_hv_pmos_psp_rf pspnqs103va type=-1 level=103.60  ...
Unknown model type pspnqs103va - ignored

Warning: Model issue on line 679 :
  .model xt2f.xm54:sg13g2_hv_nmos_psp_rf pspnqs103va type=+1 level=103.60  ...
Unknown model type pspnqs103va - ignored

Warning: Model issue on line 700 :
  .model xt2f.xm54:sg13g2_hv_pmos_psp_rf pspnqs103va type=-1 level=103.60  ...
Unknown model type pspnqs103va - ignored

Warning: Model issue on line 679 :
  .model xt2f.xm55:sg13g2_hv_nmos_psp_rf pspnqs103va type=+1 level=103.60  ...
Unknown model type pspnqs103va - ignored

Warning: Model issue on line 700 :
  .model xt2f.xm55:sg13g2_hv_pmos_psp_rf pspnqs103va type=-1 level=103.60  ...
Unknown model type pspnqs103va - ignored

Warning: Model issue on line 679 :
  .model xt2f.xm56:sg13g2_hv_nmos_psp_rf pspnqs103va type=+1 level=103.60  ...
Unknown model type pspnqs103va - ignored

Warning: Model issue on line 700 :
  .model xt2f.xm56:sg13g2_hv_pmos_psp_rf pspnqs103va type=-1 level=103.60  ...
Unknown model type pspnqs103va - ignored

Warning: Model issue on line 679 :
  .model xt2f.xm57:sg13g2_hv_nmos_psp_rf pspnqs103va type=+1 level=103.60  ...
Unknown model type pspnqs103va - ignored

Warning: Model issue on line 700 :
  .model xt2f.xm57:sg13g2_hv_pmos_psp_rf pspnqs103va type=-1 level=103.60  ...
Unknown model type pspnqs103va - ignored

Warning: Model issue on line 679 :
  .model xt2f.xm58:sg13g2_hv_nmos_psp_rf pspnqs103va type=+1 level=103.60  ...
Unknown model type pspnqs103va - ignored

Warning: Model issue on line 700 :
  .model xt2f.xm58:sg13g2_hv_pmos_psp_rf pspnqs103va type=-1 level=103.60  ...
Unknown model type pspnqs103va - ignored

Warning: Model issue on line 679 :
  .model xt2f.xm59:sg13g2_hv_nmos_psp_rf pspnqs103va type=+1 level=103.60  ...
Unknown model type pspnqs103va - ignored

Warning: Model issue on line 700 :
  .model xt2f.xm59:sg13g2_hv_pmos_psp_rf pspnqs103va type=-1 level=103.60  ...
Unknown model type pspnqs103va - ignored

Warning: Model issue on line 679 :
  .model xt2f.xm60:sg13g2_hv_nmos_psp_rf pspnqs103va type=+1 level=103.60  ...
Unknown model type pspnqs103va - ignored

Warning: Model issue on line 700 :
  .model xt2f.xm60:sg13g2_hv_pmos_psp_rf pspnqs103va type=-1 level=103.60  ...
Unknown model type pspnqs103va - ignored

Warning: Model issue on line 679 :
  .model xt2f.xm61:sg13g2_hv_nmos_psp_rf pspnqs103va type=+1 level=103.60  ...
Unknown model type pspnqs103va - ignored

Warning: Model issue on line 700 :
  .model xt2f.xm61:sg13g2_hv_pmos_psp_rf pspnqs103va type=-1 level=103.60  ...
Unknown model type pspnqs103va - ignored

Warning: Model issue on line 679 :
  .model xt2f.xm62:sg13g2_hv_nmos_psp_rf pspnqs103va type=+1 level=103.60  ...
Unknown model type pspnqs103va - ignored

Warning: Model issue on line 700 :
  .model xt2f.xm62:sg13g2_hv_pmos_psp_rf pspnqs103va type=-1 level=103.60  ...
Unknown model type pspnqs103va - ignored

Warning: Model issue on line 679 :
  .model xt2f.xm63:sg13g2_hv_nmos_psp_rf pspnqs103va type=+1 level=103.60  ...
Unknown model type pspnqs103va - ignored

Warning: Model issue on line 700 :
  .model xt2f.xm63:sg13g2_hv_pmos_psp_rf pspnqs103va type=-1 level=103.60  ...
Unknown model type pspnqs103va - ignored

Warning: Model issue on line 679 :
  .model xt2f.xm64:sg13g2_hv_nmos_psp_rf pspnqs103va type=+1 level=103.60  ...
Unknown model type pspnqs103va - ignored

Warning: Model issue on line 700 :
  .model xt2f.xm64:sg13g2_hv_pmos_psp_rf pspnqs103va type=-1 level=103.60  ...
Unknown model type pspnqs103va - ignored

Warning: Model issue on line 679 :
  .model xt2f.xm65:sg13g2_hv_nmos_psp_rf pspnqs103va type=+1 level=103.60  ...
Unknown model type pspnqs103va - ignored

Warning: Model issue on line 700 :
  .model xt2f.xm65:sg13g2_hv_pmos_psp_rf pspnqs103va type=-1 level=103.60  ...
Unknown model type pspnqs103va - ignored

Warning: Model issue on line 679 :
  .model xt2f.xm66:sg13g2_hv_nmos_psp_rf pspnqs103va type=+1 level=103.60  ...
Unknown model type pspnqs103va - ignored

Warning: Model issue on line 700 :
  .model xt2f.xm66:sg13g2_hv_pmos_psp_rf pspnqs103va type=-1 level=103.60  ...
Unknown model type pspnqs103va - ignored

Warning: Model issue on line 679 :
  .model xt2f.xm67:sg13g2_hv_nmos_psp_rf pspnqs103va type=+1 level=103.60  ...
Unknown model type pspnqs103va - ignored

Warning: Model issue on line 700 :
  .model xt2f.xm67:sg13g2_hv_pmos_psp_rf pspnqs103va type=-1 level=103.60  ...
Unknown model type pspnqs103va - ignored

Warning: Model issue on line 679 :
  .model xt2f.xm68:sg13g2_hv_nmos_psp_rf pspnqs103va type=+1 level=103.60  ...
Unknown model type pspnqs103va - ignored

Warning: Model issue on line 700 :
  .model xt2f.xm68:sg13g2_hv_pmos_psp_rf pspnqs103va type=-1 level=103.60  ...
Unknown model type pspnqs103va - ignored

Warning: Model issue on line 679 :
  .model xt2f.xm69:sg13g2_hv_nmos_psp_rf pspnqs103va type=+1 level=103.60  ...
Unknown model type pspnqs103va - ignored

Warning: Model issue on line 700 :
  .model xt2f.xm69:sg13g2_hv_pmos_psp_rf pspnqs103va type=-1 level=103.60  ...
Unknown model type pspnqs103va - ignored

Warning: Model issue on line 679 :
  .model xt2f.xm70:sg13g2_hv_nmos_psp_rf pspnqs103va type=+1 level=103.60  ...
Unknown model type pspnqs103va - ignored

Warning: Model issue on line 700 :
  .model xt2f.xm70:sg13g2_hv_pmos_psp_rf pspnqs103va type=-1 level=103.60  ...
Unknown model type pspnqs103va - ignored

Warning: Model issue on line 679 :
  .model xt2f.xm71:sg13g2_hv_nmos_psp_rf pspnqs103va type=+1 level=103.60  ...
Unknown model type pspnqs103va - ignored

Warning: Model issue on line 700 :
  .model xt2f.xm71:sg13g2_hv_pmos_psp_rf pspnqs103va type=-1 level=103.60  ...
Unknown model type pspnqs103va - ignored

Warning: Model issue on line 679 :
  .model xt2f.xm72:sg13g2_hv_nmos_psp_rf pspnqs103va type=+1 level=103.60  ...
Unknown model type pspnqs103va - ignored

Warning: Model issue on line 700 :
  .model xt2f.xm72:sg13g2_hv_pmos_psp_rf pspnqs103va type=-1 level=103.60  ...
Unknown model type pspnqs103va - ignored

Warning: Model issue on line 679 :
  .model xt2f.xm73:sg13g2_hv_nmos_psp_rf pspnqs103va type=+1 level=103.60  ...
Unknown model type pspnqs103va - ignored

Warning: Model issue on line 700 :
  .model xt2f.xm73:sg13g2_hv_pmos_psp_rf pspnqs103va type=-1 level=103.60  ...
Unknown model type pspnqs103va - ignored

Warning: Model issue on line 679 :
  .model xt2f.xm74:sg13g2_hv_nmos_psp_rf pspnqs103va type=+1 level=103.60  ...
Unknown model type pspnqs103va - ignored

Warning: Model issue on line 700 :
  .model xt2f.xm74:sg13g2_hv_pmos_psp_rf pspnqs103va type=-1 level=103.60  ...
Unknown model type pspnqs103va - ignored

Warning: Model issue on line 679 :
  .model xt2f.xm75:sg13g2_hv_nmos_psp_rf pspnqs103va type=+1 level=103.60  ...
Unknown model type pspnqs103va - ignored

Warning: Model issue on line 700 :
  .model xt2f.xm75:sg13g2_hv_pmos_psp_rf pspnqs103va type=-1 level=103.60  ...
Unknown model type pspnqs103va - ignored

Warning: Model issue on line 679 :
  .model xt2f.xm76:sg13g2_hv_nmos_psp_rf pspnqs103va type=+1 level=103.60  ...
Unknown model type pspnqs103va - ignored

Warning: Model issue on line 700 :
  .model xt2f.xm76:sg13g2_hv_pmos_psp_rf pspnqs103va type=-1 level=103.60  ...
Unknown model type pspnqs103va - ignored

Warning: Model issue on line 788 :
  .model xt2f.xm77:sg13g2_hv_nmos_psp_rf pspnqs103va type=+1 level=103.60  ...
Unknown model type pspnqs103va - ignored

Warning: Model issue on line 809 :
  .model xt2f.xm77:sg13g2_hv_pmos_psp_rf pspnqs103va type=-1 level=103.60  ...
Unknown model type pspnqs103va - ignored

Warning: Model issue on line 788 :
  .model xt2f.xm78:sg13g2_hv_nmos_psp_rf pspnqs103va type=+1 level=103.60  ...
Unknown model type pspnqs103va - ignored

Warning: Model issue on line 809 :
  .model xt2f.xm78:sg13g2_hv_pmos_psp_rf pspnqs103va type=-1 level=103.60  ...
Unknown model type pspnqs103va - ignored

Warning: Model issue on line 788 :
  .model xt2f.xm79:sg13g2_hv_nmos_psp_rf pspnqs103va type=+1 level=103.60  ...
Unknown model type pspnqs103va - ignored

Warning: Model issue on line 809 :
  .model xt2f.xm79:sg13g2_hv_pmos_psp_rf pspnqs103va type=-1 level=103.60  ...
Unknown model type pspnqs103va - ignored

Warning: Model issue on line 788 :
  .model xt2f.xm80:sg13g2_hv_nmos_psp_rf pspnqs103va type=+1 level=103.60  ...
Unknown model type pspnqs103va - ignored

Warning: Model issue on line 809 :
  .model xt2f.xm80:sg13g2_hv_pmos_psp_rf pspnqs103va type=-1 level=103.60  ...
Unknown model type pspnqs103va - ignored

Warning: Model issue on line 788 :
  .model xt2f.xm81:sg13g2_hv_nmos_psp_rf pspnqs103va type=+1 level=103.60  ...
Unknown model type pspnqs103va - ignored

Warning: Model issue on line 809 :
  .model xt2f.xm81:sg13g2_hv_pmos_psp_rf pspnqs103va type=-1 level=103.60  ...
Unknown model type pspnqs103va - ignored

Warning: Model issue on line 788 :
  .model xt2f.xm82:sg13g2_hv_nmos_psp_rf pspnqs103va type=+1 level=103.60  ...
Unknown model type pspnqs103va - ignored

Warning: Model issue on line 809 :
  .model xt2f.xm82:sg13g2_hv_pmos_psp_rf pspnqs103va type=-1 level=103.60  ...
Unknown model type pspnqs103va - ignored

Warning: Model issue on line 788 :
  .model xt2f.xm83:sg13g2_hv_nmos_psp_rf pspnqs103va type=+1 level=103.60  ...
Unknown model type pspnqs103va - ignored

Warning: Model issue on line 809 :
  .model xt2f.xm83:sg13g2_hv_pmos_psp_rf pspnqs103va type=-1 level=103.60  ...
Unknown model type pspnqs103va - ignored

Warning: Model issue on line 788 :
  .model xt2f.xm84:sg13g2_hv_nmos_psp_rf pspnqs103va type=+1 level=103.60  ...
Unknown model type pspnqs103va - ignored

Warning: Model issue on line 809 :
  .model xt2f.xm84:sg13g2_hv_pmos_psp_rf pspnqs103va type=-1 level=103.60  ...
Unknown model type pspnqs103va - ignored

Warning: Model issue on line 788 :
  .model xt2f.xm85:sg13g2_hv_nmos_psp_rf pspnqs103va type=+1 level=103.60  ...
Unknown model type pspnqs103va - ignored

Warning: Model issue on line 809 :
  .model xt2f.xm85:sg13g2_hv_pmos_psp_rf pspnqs103va type=-1 level=103.60  ...
Unknown model type pspnqs103va - ignored

Warning: Model issue on line 788 :
  .model xt2f.xm86:sg13g2_hv_nmos_psp_rf pspnqs103va type=+1 level=103.60  ...
Unknown model type pspnqs103va - ignored

Warning: Model issue on line 809 :
  .model xt2f.xm86:sg13g2_hv_pmos_psp_rf pspnqs103va type=-1 level=103.60  ...
Unknown model type pspnqs103va - ignored

Warning: Model issue on line 788 :
  .model xt2f.xm87:sg13g2_hv_nmos_psp_rf pspnqs103va type=+1 level=103.60  ...
Unknown model type pspnqs103va - ignored

Warning: Model issue on line 809 :
  .model xt2f.xm87:sg13g2_hv_pmos_psp_rf pspnqs103va type=-1 level=103.60  ...
Unknown model type pspnqs103va - ignored

Warning: Model issue on line 788 :
  .model xt2f.xm88:sg13g2_hv_nmos_psp_rf pspnqs103va type=+1 level=103.60  ...
Unknown model type pspnqs103va - ignored

Warning: Model issue on line 809 :
  .model xt2f.xm88:sg13g2_hv_pmos_psp_rf pspnqs103va type=-1 level=103.60  ...
Unknown model type pspnqs103va - ignored

Warning: Model issue on line 788 :
  .model xt2f.xm89:sg13g2_hv_nmos_psp_rf pspnqs103va type=+1 level=103.60  ...
Unknown model type pspnqs103va - ignored

Warning: Model issue on line 809 :
  .model xt2f.xm89:sg13g2_hv_pmos_psp_rf pspnqs103va type=-1 level=103.60  ...
Unknown model type pspnqs103va - ignored

Warning: Model issue on line 788 :
  .model xt2f.xm90:sg13g2_hv_nmos_psp_rf pspnqs103va type=+1 level=103.60  ...
Unknown model type pspnqs103va - ignored

Warning: Model issue on line 809 :
  .model xt2f.xm90:sg13g2_hv_pmos_psp_rf pspnqs103va type=-1 level=103.60  ...
Unknown model type pspnqs103va - ignored

Warning: Model issue on line 890 :
  .model xt2f.xm91:sg13g2_lv_nmos_psp_rf pspnqs103va type=+1 level=103.60  ...
Unknown model type pspnqs103va - ignored

Warning: Model issue on line 912 :
  .model xt2f.xm91:sg13g2_lv_pmos_psp_rf pspnqs103va type=-1 level=103.60  ...
Unknown model type pspnqs103va - ignored

Warning: Model issue on line 914 :
  .model xt2f.xm91:nmoscl_psp_rf pspnqs103va type=+1 tr=27.0 dta=0.0 swgeo ...
Unknown model type pspnqs103va - ignored



The temperature limiting function received NaN.
Please check your power dissipation and improve your heat sink Rth!
    This message will be shown only once.

Note: Starting dynamic gmin stepping
Note: Dynamic gmin stepping completed
Note: Starting dynamic gmin stepping
Note: Dynamic gmin stepping completed
Doing analysis at TEMP = 25.000000 and TNOM = 27.000000

Using SPARSE 1.3 as Direct Linear Solver

No. of Data Rows : 1
@n.xbgr.xm34.nsg13_hv_nmos[delvto] = 4.216397935544742e-04
@n.xbgr.xr16.nr1[nsmm_rsh] = -1.48919434078415e+00
@q.xbgr.xq56.qnpn13g2[area] = 9.526614220242192e-01
@q.xt2f.xq42.qnpn13g2[area] = 1.226276738301007e+00
@c.xt2f.xc1.c1[scale] = 1.000059164661410e+00
Doing analysis at TEMP = 25.000000 and TNOM = 27.000000

Using SPARSE 1.3 as Direct Linear Solver

Initial Transient Solution
--------------------------

Node                                   Voltage
----                                   -------
sub!                                         0
vdd                                        3.3
vdd12                                      1.2
r4                                           0
en                                           0
mode                                         0
xbgr.n_23                             0.219556
xbgr.xr1.dt                                  0
xbgr.n_12                              3.03741
xbgr.det                               3.25711
xbgr.xr2.dt                                  0
xbgr.n_13                              2.60328
xbgr.n_24                              2.38766
xbgr.xr3.dt                                  0
xbgr.n_14                              2.17137
xbgr.xr4.dt                                  0
xbgr.n_26                              1.95555
xbgr.xr5.dt                                  0
xbgr.n_15                              1.73804
xbgr.xr6.dt                                  0
xbgr.n_27                              1.51889
xbgr.xr7.dt                                  0
xbgr.n_16                              1.30096
xbgr.xr8.dt                                  0
xbgr.n_21                              1.08461
xbgr.xr9.dt                                  0
xbgr.n_25                              2.82079
xbgr.xr10.dt                                 0
xbgr.xr11.dt                                 0
xbgr.n_17                             0.867092
xbgr.n_22                             0.654847
xbgr.xr12.dt                                 0
xbgr.n_18                             0.438203
xbgr.xr13.dt                                 0
xbgr.xr14.dt                                 0
xbgr.xr15.dt                                 0
dvbe                                 0.0563921
xbgr.xr16.dt                                 0
xbgr.n_7                              0.993781
vref                                   1.05113
xbgr.xr17.dt                                 0
xbgr.n_2                              0.878881
xbgr.n_36                             0.936313
xbgr.xr18.dt                                 0
xbgr.xr19.dt                                 0
xbgr.n_37                             0.821156
xbgr.xr20.dt                                 0
xbgr.n_8                              0.763628
xbgr.xr21.dt                                 0
xbgr.vbe3                             0.705808
xbgr.xr22.dt                                 0
xbgr.n_6                               1.57806
xbgr.vb2                               1.63083
xbgr.xr23.dt                                 0
xbgr.n_9                               1.47317
xbgr.vd1                                1.4203
xbgr.xr24.dt                                 0
xbgr.n_19                              1.52566
xbgr.xr25.dt                                 0
xbgr.xr26.dt                                 0
xbgr.kick                          9.46097e-10
xbgr.r4n                                   3.3
vbe                                   0.707636
xbgr.b1b                           6.87546e-11
pbias                                   2.2969
xbgr.n1                               0.724409
xbgr.c2                               0.791037
pcasc                                  1.74787
xbgr.d1                                2.75039
xbgr.d2                                2.75283
xbgr.d4                                2.75307
xbgr.d5                                2.75117
xbgr.d3                                2.75227
iptat                                        1
xbgr.xq55.s1                                 0
xbgr.xq55.t                                  0
xbgr.xq56.s1                       8.83642e-13
xbgr.xq56.t                          0.0359356
xbgr.xq57.s1                                 0
xbgr.xq57.t                                  0
xbgr.xq58.s1                                 0
xbgr.xq58.t                                  0
xbgr.xq59.s1                                 0
xbgr.xq59.t                                  0
xbgr.xq60.s1                       9.24105e-13
xbgr.xq60.t                          0.0334466
xbgr.xq61.s1                                 0
xbgr.xq61.t                                  0
xbgr.vd2                              0.710005
xbgr.xq62.s1                       8.31003e-13
xbgr.xq62.t                          0.0394389
xbgr.xq63.s1                                 0
xbgr.xq63.t                                  0
xbgr.xq64.s1                                 0
xbgr.xq64.t                                  0
xbgr.xq65.s1                                 0
xbgr.xq65.t                                  0
xbgr.xq66.s1                                 0
xbgr.xq66.t                                  0
xbgr.xq67.s1                        9.1402e-13
xbgr.xq67.t                         4.8638e-11
xbgr.xq68.s1                       9.98638e-13
xbgr.xq68.t                         0.00438502
xbgr.xq69.s1                       8.59438e-13
xbgr.xq69.t                         0.00438501
xbgr.xq70.s1                       9.55215e-13
xbgr.xq70.t                         0.00438502
xbgr.xq71.s1                       9.36724e-13
xbgr.xq71.t                         0.00438501
xbgr.xq72.s1                       8.54779e-13
xbgr.xq72.t                         0.00438501
xbgr.xq73.s1                       1.01933e-12
xbgr.xq73.t                         0.00438502
xbgr.xq74.s1                       9.48236e-13
xbgr.xq74.t                         0.00438502
xbgr.xq75.s1                       1.10911e-12
xbgr.xq75.t                          0.0398954
xbgr.xq76.s1                       1.04788e-12
xbgr.xq76.t                         0.00438502
xbgr.n_4                               2.24222
xbgr.xr77.dt                                 0
xbgr.n_11                              1.80262
xbgr.n_34                              1.85751
xbgr.xr78.dt                                 0
xbgr.n_10                              1.91261
xbgr.xr79.dt                                 0
xbgr.n_3                               2.02243
xbgr.n_31                              2.07724
xbgr.xr80.dt                                 0
xbgr.n_33                              1.96745
xbgr.xr81.dt                                 0
xbgr.n_5                               2.13211
xbgr.xr82.dt                                 0
xbgr.n_30                              2.18718
xbgr.xr83.dt                                 0
xbgr.xr84.dt                                 0
xbgr.xr85.dt                                 0
xbgr.xr86.dt                                 0
xt2f.vth                               1.05112
xt2f.moden                                 3.3
xt2f.vr                                1.05464
xt2f.n2                               0.949002
xt2f.xr3.dt                                  0
xt2f.n11                              0.104036
xt2f.xr4.dt                                  0
xt2f.n4                               0.842315
xt2f.xr5.dt                                  0
xt2f.n5                               0.736498
xt2f.xr6.dt                                  0
xt2f.n6                               0.631459
xt2f.n7                               0.525916
xt2f.xr7.dt                                  0
xt2f.n8                               0.421668
xt2f.xr8.dt                                  0
xt2f.n9                               0.315922
xt2f.xr9.dt                                  0
xt2f.n10                              0.210238
xt2f.xr10.dt                                 0
xt2f.xr11.dt                                 0
xt2f.xr12.dt                                 0
xt2f.cap1                          3.26482e-10
xt2f.d1g                                   3.3
xt2f.cap2                           3.2499e-10
xt2f.d2g                                   3.3
xt2f.fon                                   1.2
xt2f.lsb                           2.62896e-08
fout                               5.87555e-08
xt2f.lsa                                   1.2
xt2f.qn                                    3.3
xt2f.q                             1.33149e-09
xt2f.rn                                    3.3
xt2f.ni973                           0.0393119
xt2f.ni974                             2.76292
xt2f.sn                                    3.3
xt2f.isrc                                  3.3
xt2f.c2                            6.87776e-10
xt2f.c1                            7.06857e-10
xt2f.tail1                            0.333617
xt2f.nbias                            0.706574
xt2f.tail2                            0.331199
xt2f.xq40.s1                                 0
xt2f.xq40.t                                  0
xt2f.xq41.s1                                 0
xt2f.xq41.t                                  0
xt2f.ca1                               1.16983
xt2f.xq42.s1                       1.24346e-12
xt2f.xq42.t                          0.0617244
xt2f.cb2                               1.34514
xt2f.xq43.s1                       1.25741e-12
xt2f.xq43.t                        9.26688e-11
xt2f.ca2                               1.17712
xt2f.xq44.s1                       1.16718e-12
xt2f.xq44.t                          0.0684169
xt2f.cb1                               1.34043
xt2f.xq45.s1                       1.23355e-12
xt2f.xq45.t                        9.23476e-11
xt2f.ob2                               3.29509
xt2f.oa2                               2.30235
xt2f.ob1                               3.29486
xt2f.oa1                               2.29624
xt2f.vcg                               2.23548
xt2f.a                              6.9304e-10
xt2f.ni961                              2.7249
xt2f.ni962                           0.0400671
xt2f.ni960                         6.63535e-10
xt2f.dr                                2.75053
xt2f.db                                 2.7499
xt2f.do                                    3.3
xt2f.xc1.1                         3.26482e-10
xt2f.xc2.1                          3.2499e-10
vload#branch                        4.2751e-06
vmode#branch                                 0
ven#branch                                   0
vr4#branch                                   0
vdd12#branch                      -1.39463e-10
vdd#branch                        -5.65435e-05
vsub#branch                                  0

 Reference value :  0.00000e+00 Reference value :  1.25505e-06 Reference value :  1.56447e-06 Reference value :  1.89429e-06 Reference value :  2.21839e-06 Reference value :  2.54433e-06 Reference value :  2.86587e-06 Reference value :  3.18954e-06 Reference value :  3.51124e-06 Reference value :  3.83435e-06 Reference value :  4.11517e-06 Reference value :  4.37560e-06 Reference value :  4.63709e-06 Reference value :  4.97041e-06 Reference value :  5.30341e-06 Reference value :  5.68054e-06 Reference value :  6.05598e-06 Reference value :  6.37506e-06 Reference value :  6.68307e-06 Reference value :  7.02023e-06 Reference value :  7.34931e-06 Reference value :  7.61985e-06 Reference value :  7.95957e-06 Reference value :  8.28468e-06 Reference value :  8.59487e-06 Reference value :  8.93949e-06 Reference value :  9.27752e-06 Reference value :  9.59965e-06 Reference value :  9.92011e-06 Reference value :  1.02441e-05 Reference value :  1.05598e-05 Reference value :  1.08839e-05 Reference value :  1.11996e-05 Reference value :  1.14988e-05 Reference value :  1.17181e-05 Reference value :  1.20487e-05 Reference value :  1.22631e-05 Reference value :  1.25506e-05 Reference value :  1.28719e-05 Reference value :  1.31954e-05 Reference value :  1.35202e-05 Reference value :  1.38397e-05 Reference value :  1.41731e-05 Reference value :  1.44877e-05 Reference value :  1.48029e-05 Reference value :  1.51239e-05 Reference value :  1.54468e-05 Reference value :  1.57677e-05 Reference value :  1.60896e-05 Reference value :  1.64110e-05 Reference value :  1.67342e-05 Reference value :  1.70559e-05 Reference value :  1.73792e-05 Reference value :  1.77009e-05 Reference value :  1.80242e-05 Reference value :  1.83470e-05 Reference value :  1.86707e-05 Reference value :  1.89926e-05 Reference value :  1.93145e-05 Reference value :  1.96353e-05 Reference value :  1.99586e-05 Reference value :  2.02801e-05 Reference value :  2.06034e-05 Reference value :  2.09249e-05 Reference value :  2.12479e-05 Reference value :  2.15695e-05 Reference value :  2.18925e-05 Reference value :  2.22143e-05 Reference value :  2.25373e-05 Reference value :  2.28591e-05 Reference value :  2.31818e-05 Reference value :  2.35037e-05 Reference value :  2.38266e-05 Reference value :  2.41485e-05 Reference value :  2.44715e-05 Reference value :  2.47933e-05 Reference value :  2.51163e-05 Reference value :  2.54382e-05 Reference value :  2.57612e-05 Reference value :  2.60831e-05 Reference value :  2.64061e-05 Reference value :  2.67278e-05 Reference value :  2.70508e-05 Reference value :  2.73728e-05 Reference value :  2.76957e-05 Reference value :  2.80175e-05 Reference value :  2.83405e-05 Reference value :  2.86624e-05 Reference value :  2.89853e-05 Reference value :  2.93071e-05 Reference value :  2.96301e-05 Reference value :  2.99519e-05 Reference value :  3.02748e-05 Reference value :  3.05965e-05 Reference value :  3.09194e-05 Reference value :  3.12413e-05 Reference value :  3.15644e-05 Reference value :  3.18862e-05
No. of Data Rows : 18827
@n.xbgr.xm34.nsg13_hv_nmos[delvto] = 4.216397935544742e-04
@n.xbgr.xr16.nr1[nsmm_rsh] = -1.48919434078415e+00
@q.xbgr.xq56.qnpn13g2[area] = 9.526614220242192e-01
@q.xt2f.xq42.qnpn13g2[area] = 1.226276738301007e+00
@c.xt2f.xc1.c1[scale] = 1.000059164661410e+00
t_a                 =  5.77214e-06
t_b                 =  1.60895e-05
freq = 1.550778447164832e+06
i33_avg             =  -6.47655e-05 from=  5.77214e-06 to=  1.60896e-05
i12_avg             =  -2.48295e-07 from=  5.77214e-06 to=  1.60896e-05
vref_avg            =  1.05117e+00 from=  5.77214e-06 to=  1.60896e-05
vth_avg             =  1.05116e+00 from=  5.77214e-06 to=  1.60896e-05
cap1_max            =  1.10400e+00 at=  9.64052e-06
fout_hi             =  1.21485e+00 at=  1.31866e-05
fout_lo             =  -8.35792e-03 at=  1.15755e-05
t_half_a            =  3.21442e-07 targ=  6.09358e-06 trig=  5.77214e-06
ngspice-47 done
