min_delay/hold group asynchronous

                                      Required    Actual
Endpoint                                 Delay     Delay     Slack
------------------------------------------------------------------
i_core.u_digital/_6782_/RESET_B (sg13g2_dfrbpq_1)    0.4961    1.1921    0.6960 (MET)

min_delay/hold group SCLK

                                      Required    Actual
Endpoint                                 Delay     Delay     Slack
------------------------------------------------------------------
i_core.u_digital/_6764_/D (sg13g2_dfrbpq_1)    0.5494    0.8869    0.3375 (MET)

min_delay/hold group osc_clk

                                      Required    Actual
Endpoint                                 Delay     Delay     Slack
------------------------------------------------------------------
i_core.u_digital/_6050_/D (sg13g2_dfrbpq_1)    0.6512    1.0252    0.3740 (MET)

max_delay/setup group asynchronous

                                      Required    Actual
Endpoint                                 Delay     Delay     Slack
------------------------------------------------------------------
i_core.u_digital/_6054_/RESET_B (sg13g2_dfrbpq_1)   99.7595    4.8064   94.9530 (MET)

max_delay/setup group SCLK

                                      Required    Actual
Endpoint                                 Delay     Delay     Slack
------------------------------------------------------------------
SDO (bidirect)                         79.5000   60.7752   18.7248 (MET)

max_delay/setup group osc_clk

                                      Required    Actual
Endpoint                                 Delay     Delay     Slack
------------------------------------------------------------------
i_core.u_digital/_5595_/D (sg13g2_dfrbpq_1)   99.9321    6.5599   93.3722 (MET)

