2026-09-23 05:44:02 +0200: Memory Usage (405604K) : Starting running IHP-SG13G2 Klayout DRC antenna runset on @RESULTS@/final-native-poly-fill-20260923-r2/filled_native.gds
2026-09-23 05:44:02 +0200: Memory Usage (405604K) : Ruby Version for klayout: 3.2.3
2026-09-23 05:44:02 +0200: Memory Usage (438620K) : Loading database to memory is complete.
2026-09-23 05:44:02 +0200: Memory Usage (438620K) : IHP-SG13G2 Klayout DRC antenna runset output at: @RESULTS@/final-filled-antenna-20260923-r1/antenna.lyrdb
2026-09-23 05:44:02 +0200: Memory Usage (438620K) : Evaluate switches.
2026-09-23 05:44:02 +0200: Memory Usage (438620K) : KLayout will use 1 thread(s) in tiling mode.
2026-09-23 05:44:02 +0200: Memory Usage (438620K) : deep mode is enabled for antenna table.
2026-09-23 05:44:02 +0200: Memory Usage (438620K) : Read in polygons from layers.
2026-09-23 05:44:02 +0200: Memory Usage (443832K) : activ_drw has 75318 polygons
2026-09-23 05:44:03 +0200: Memory Usage (443832K) : gatpoly_drw has 81146 polygons
2026-09-23 05:44:03 +0200: Memory Usage (458616K) : cont_drw has 3611939 polygons
2026-09-23 05:44:03 +0200: Memory Usage (458616K) : nsd_block has 308 polygons
2026-09-23 05:44:03 +0200: Memory Usage (458616K) : metal1_drw has 152704 polygons
2026-09-23 05:44:03 +0200: Memory Usage (458616K) : metal2_drw has 82062 polygons
2026-09-23 05:44:03 +0200: Memory Usage (458616K) : psd_drw has 33333 polygons
2026-09-23 05:44:03 +0200: Memory Usage (458616K) : digisub_drw has 0 polygons
2026-09-23 05:44:04 +0200: Memory Usage (459512K) : via1_drw has 92551 polygons
2026-09-23 05:44:04 +0200: Memory Usage (459776K) : via2_drw has 113178 polygons
2026-09-23 05:44:04 +0200: Memory Usage (460568K) : metal3_drw has 43052 polygons
2026-09-23 05:44:04 +0200: Memory Usage (460568K) : nwell_drw has 14319 polygons
2026-09-23 05:44:04 +0200: Memory Usage (460568K) : nbulay_drw has 0 polygons
2026-09-23 05:44:04 +0200: Memory Usage (460568K) : pwell_block has 0 polygons
2026-09-23 05:44:04 +0200: Memory Usage (461096K) : via3_drw has 59633 polygons
2026-09-23 05:44:04 +0200: Memory Usage (461096K) : metal4_drw has 9011 polygons
2026-09-23 05:44:04 +0200: Memory Usage (461624K) : via4_drw has 62008 polygons
2026-09-23 05:44:04 +0200: Memory Usage (461624K) : metal5_drw has 3685 polygons
2026-09-23 05:44:04 +0200: Memory Usage (461624K) : recog_diode has 144 polygons
2026-09-23 05:44:04 +0200: Memory Usage (461624K) : recog_esd has 0 polygons
2026-09-23 05:44:04 +0200: Memory Usage (462152K) : topvia1_drw has 58353 polygons
2026-09-23 05:44:04 +0200: Memory Usage (462152K) : topmetal1_drw has 1831 polygons
2026-09-23 05:44:04 +0200: Memory Usage (462680K) : topvia2_drw has 40171 polygons
2026-09-23 05:44:04 +0200: Memory Usage (462680K) : topmetal2_drw has 956 polygons
2026-09-23 05:44:04 +0200: Memory Usage (462680K) : text_drw has 3355 polygons
2026-09-23 05:44:04 +0200: Memory Usage (462680K) : Total no. of polygons in the design is 4539057
2026-09-23 05:44:04 +0200: Memory Usage (462680K) : Loaded TECH DRC rules values from /foss/pdks/ihp-sg13g2/libs.tech/klayout/python/sg13g2_pycell_lib/sg13g2_tech_mod.json
2026-09-23 05:44:04 +0200: Memory Usage (462680K) : Loaded default DRC rules values from /foss/pdks/ihp-sg13g2/libs.tech/klayout/tech/drc/rule_decks/sg13g2_tech_default.json
2026-09-23 05:44:04 +0200: Memory Usage (462680K) : The following rules values were missing in tech json and default values were used:
2026-09-23 05:44:04 +0200: Memory Usage (462680K) :   - NW_f1_digibnd
2026-09-23 05:44:04 +0200: Memory Usage (462680K) :   - Cnt_c_digibnd
2026-09-23 05:44:04 +0200: Memory Usage (462680K) :   - Cnt_c_sram
2026-09-23 05:44:04 +0200: Memory Usage (462680K) :   - Sdiod_b
2026-09-23 05:44:04 +0200: Memory Usage (462680K) :   - Sdiod_c
2026-09-23 05:44:04 +0200: Memory Usage (465012K) : Total area of the design is 1999396.0 um^2.
2026-09-23 05:44:04 +0200: Memory Usage (465012K) : The design dimensions are 1414.0 µm * 1414.0 µm.
2026-09-23 05:44:04 +0200: Memory Usage (465012K) : Starting general IHP-SG13G2 derivations.
2026-09-23 05:44:08 +0200: Memory Usage (476332K) : Starting IHP-SG13G2 DRC rules.
2026-09-23 05:44:08 +0200: Memory Usage (476332K) : Starting 7.1 Antenna Rules table
2026-09-23 05:44:08 +0200: Memory Usage (476332K) : Executing rule Ant.a
2026-09-23 05:44:10 +0200: Memory Usage (533544K) : Executing rule Ant.c
2026-09-23 05:44:10 +0200: Memory Usage (533544K) : Starting cumulative antenna ratio calculations
2026-09-23 05:44:10 +0200: Memory Usage (533544K) : Evaluating metal1_drw ratio
2026-09-23 05:44:16 +0200: Memory Usage (557948K) : Evaluating via1_drw ratio
2026-09-23 05:44:21 +0200: Memory Usage (557948K) : Evaluating metal2_drw ratio
2026-09-23 05:44:28 +0200: Memory Usage (562756K) : Evaluating via2_drw ratio
2026-09-23 05:44:35 +0200: Memory Usage (571204K) : Evaluating metal3_drw ratio
2026-09-23 05:44:43 +0200: Memory Usage (574372K) : Evaluating via3_drw ratio
2026-09-23 05:44:49 +0200: Memory Usage (574372K) : Evaluating metal4_drw ratio
2026-09-23 05:44:56 +0200: Memory Usage (574372K) : Evaluating via4_drw ratio
2026-09-23 05:45:03 +0200: Memory Usage (582028K) : Evaluating metal5_drw ratio
2026-09-23 05:45:10 +0200: Memory Usage (583084K) : Evaluating topvia1_drw ratio
2026-09-23 05:45:18 +0200: Memory Usage (583876K) : Evaluating topmetal1_drw ratio
2026-09-23 05:45:27 +0200: Memory Usage (654064K) : Evaluating topvia2_drw ratio
2026-09-23 05:45:35 +0200: Memory Usage (654064K) : Evaluating topmetal2_drw ratio
2026-09-23 05:45:45 +0200: Memory Usage (596592K) : Evaluating diode presence
2026-09-23 05:45:45 +0200: Memory Usage (598704K) : Creating base layer with all individual ratios and diode flag
2026-09-23 05:45:51 +0200: Memory Usage (766624K) : Executing rules Ant.b and Ant.e
2026-09-23 05:45:51 +0200: Memory Usage (766624K) : Executing Ant.b_Metal1
2026-09-23 05:45:51 +0200: Memory Usage (766624K) : Executing Ant.e_Metal1
2026-09-23 05:45:51 +0200: Memory Usage (766624K) : Evaluating cumulative ratio after Metal2
2026-09-23 05:45:51 +0200: Memory Usage (766624K) : Executing Ant.b_Metal2
2026-09-23 05:45:51 +0200: Memory Usage (766624K) : Executing Ant.e_Metal2
2026-09-23 05:45:51 +0200: Memory Usage (766624K) : Evaluating cumulative ratio after Metal3
2026-09-23 05:45:51 +0200: Memory Usage (766624K) : Executing Ant.b_Metal3
2026-09-23 05:45:52 +0200: Memory Usage (766624K) : Executing Ant.e_Metal3
2026-09-23 05:45:52 +0200: Memory Usage (766624K) : Evaluating cumulative ratio after Metal4
2026-09-23 05:45:52 +0200: Memory Usage (766624K) : Executing Ant.b_Metal4
2026-09-23 05:45:52 +0200: Memory Usage (766624K) : Executing Ant.e_Metal4
2026-09-23 05:45:52 +0200: Memory Usage (766624K) : Evaluating cumulative ratio after Metal5
2026-09-23 05:45:52 +0200: Memory Usage (766624K) : Executing Ant.b_Metal5
2026-09-23 05:45:52 +0200: Memory Usage (766624K) : Executing Ant.e_Metal5
2026-09-23 05:45:52 +0200: Memory Usage (766624K) : Evaluating cumulative ratio after TopMetal1
2026-09-23 05:45:53 +0200: Memory Usage (768204K) : Executing Ant.b_TopMetal1
2026-09-23 05:45:53 +0200: Memory Usage (768204K) : Executing Ant.e_TopMetal1
2026-09-23 05:45:53 +0200: Memory Usage (768204K) : Evaluating cumulative ratio after TopMetal2
2026-09-23 05:45:53 +0200: Memory Usage (768204K) : Executing Ant.b_TopMetal2
2026-09-23 05:45:53 +0200: Memory Usage (768204K) : Executing Ant.e_TopMetal2
2026-09-23 05:45:53 +0200: Memory Usage (768204K) : Executing rules Ant.d and Ant.f
2026-09-23 05:45:53 +0200: Memory Usage (768204K) : Evaluating cumulative ratio after Via1
2026-09-23 05:45:54 +0200: Memory Usage (769524K) : Executing Ant.d_Via1
2026-09-23 05:45:54 +0200: Memory Usage (769524K) : Executing Ant.f_Via1
2026-09-23 05:45:54 +0200: Memory Usage (769524K) : Evaluating cumulative ratio after Via2
2026-09-23 05:45:54 +0200: Memory Usage (800940K) : Executing Ant.d_Via2
2026-09-23 05:45:54 +0200: Memory Usage (800940K) : Executing Ant.f_Via2
2026-09-23 05:45:54 +0200: Memory Usage (800940K) : Evaluating cumulative ratio after Via3
2026-09-23 05:45:54 +0200: Memory Usage (834204K) : Executing Ant.d_Via3
2026-09-23 05:45:55 +0200: Memory Usage (834204K) : Executing Ant.f_Via3
2026-09-23 05:45:55 +0200: Memory Usage (834204K) : Evaluating cumulative ratio after Via4
2026-09-23 05:45:55 +0200: Memory Usage (868524K) : Executing Ant.d_Via4
2026-09-23 05:45:55 +0200: Memory Usage (868788K) : Executing Ant.f_Via4
2026-09-23 05:45:55 +0200: Memory Usage (868788K) : Evaluating cumulative ratio after TopVia1
2026-09-23 05:45:55 +0200: Memory Usage (904428K) : Executing Ant.d_TopVia1
2026-09-23 05:45:56 +0200: Memory Usage (904692K) : Executing Ant.f_TopVia1
2026-09-23 05:45:56 +0200: Memory Usage (904692K) : Evaluating cumulative ratio after TopVia2
2026-09-23 05:45:56 +0200: Memory Usage (941388K) : Executing Ant.d_TopVia2
2026-09-23 05:45:56 +0200: Memory Usage (941652K) : Executing Ant.f_TopVia2
2026-09-23 05:45:56 +0200: Memory Usage (941652K) : Executing rule Ant.g
2026-09-23 05:45:57 +0200: Memory Usage (944612K) : Executing rule Ant.h
2026-09-23 05:45:57 +0200: Memory Usage (944612K) : Executing rule Ant.i
