
Note: No compatibility mode selected!


Circuit: * production ac-coupled wideband trnoise 10-seg rate map rate 1.0 gs/s seg 9

Doing analysis at TEMP = 27.000000 and TNOM = 27.000000

Using SPARSE 1.3 as Direct Linear Solver

No. of Data Rows : 1
Doing analysis at TEMP = 27.000000 and TNOM = 27.000000

Using SPARSE 1.3 as Direct Linear Solver

Initial Transient Solution
--------------------------

Node                                   Voltage
----                                   -------
gen_n                                  2.37119
xgen.b1_q1                            0.872018
xgen.e                               0.0779563
xgen.xq1.s1                        9.47062e-10
xgen.xq1.t                             3.24135
gen_p                                  2.37119
xgen.b2_q2                            0.872018
xgen.xq2.s1                        9.47062e-10
xgen.xq2.t                             3.24135
vcc_hbt                                    2.5
xgen.b_cm                                0.872
xgen.b2_ac                                   0
xgen.b1_ac                                   0
xamp.in_p_q1                           2.37082
xamp.in_n_q2                           2.37082
xamp.c1_n                              1.95117
xamp.e1_1                              1.48176
xamp.xq1.s1                        1.90688e-09
xamp.xq1.t                             6.54928
xamp.c1_p                              1.95117
xamp.e1_2                              1.48176
xamp.xq2.s1                        1.90688e-09
xamp.xq2.t                             6.54928
xamp.e1_common                         1.44741
xamp.b2_p                              1.13706
xamp.xqef1.s1                       9.9654e-10
xamp.xqef1.t                            3.4824
xamp.b2_n                              1.13706
xamp.xqef2.s1                       9.9654e-10
xamp.xqef2.t                            3.4824
amp_n                                  2.38763
xamp.e2_1                             0.301216
xamp.xq3.s1                        9.48338e-10
xamp.xq3.t                             11.0582
amp_p                                  2.38763
xamp.e2_2                             0.301216
xamp.xq4.s1                        9.48338e-10
xamp.xq4.t                             11.0582
xamp.e2_common                        0.294233
xcomp.in_p_int                         2.38759
xcomp.in_n_int                         2.38759
clk_p                                    0.775
xcomp.clk_p_int                       0.774995
clk_n                                    0.925
xcomp.clk_n_int                       0.924559
xcomp.b_latch_p                        1.56126
xcomp.xqef_in1.s1                  9.94704e-10
xcomp.xqef_in1.t                        3.3271
xcomp.b_latch_n                        1.56126
xcomp.xqef_in2.s1                  9.94704e-10
xcomp.xqef_in2.t                        3.3271
xcomp.e_track                         0.817155
xcomp.e_tail                         0.0116748
xcomp.xqclk_track.s1               3.26893e-10
xcomp.xqclk_track.t                   0.355343
xcomp.e_latch                          1.46391
xcomp.xqclk_latch.s1                5.8272e-10
xcomp.xqclk_latch.t                    32.3035
xcomp.c_n                              2.34023
xcomp.xq1.s1                       9.36527e-10
xcomp.xq1.t                           0.335461
xcomp.c_p                              2.34023
xcomp.xq2.s1                       9.36527e-10
xcomp.xq2.t                           0.335461
xcomp.xq3.s1                       9.18256e-10
xcomp.xq3.t                            9.73263
xcomp.xq4.s1                       9.18256e-10
xcomp.xq4.t                            9.73263
xcomp.ef_p                             1.50725
xcomp.xqef1.s1                       9.935e-10
xcomp.xqef1.t                          4.24437
xcomp.ef_n                             1.50725
xcomp.xqef2.s1                       9.935e-10
xcomp.xqef2.t                          4.24437
xcomp.g_p                             0.754713
xcomp.g_n                             0.754713
xcomp.cml_out_p                      0.0367696
xcomp.xqbuf1.s1                    1.00067e-09
xcomp.xqbuf1.t                        0.209938
xcomp.cml_out_n                      0.0367696
xcomp.xqbuf2.s1                    1.00067e-09
xcomp.xqbuf2.t                        0.209938
vdd                                        1.2
vclk_n#branch                      -4.4055e-06
vclk_p#branch                     -4.91743e-08
vdd#branch                                   0
vcc_hbt#branch                      -0.0097389
v.xgen.vbm#branch                   3.5587e-06

 Reference value :  4.40000e-11
 Reference value :  3.22824e-10
 Reference value :  6.30118e-10
 Reference value :  9.02353e-10
 Reference value :  1.17600e-09
 Reference value :  1.46235e-09
 Reference value :  1.73435e-09
 Reference value :  2.01741e-09
 Reference value :  2.32541e-09
 Reference value :  2.63812e-09
 Reference value :  2.94482e-09
 Reference value :  3.24035e-09
 Reference value :  3.57141e-09
 Reference value :  3.85035e-09
 Reference value :  4.12435e-09
 Reference value :  4.45000e-09
 Reference value :  4.74482e-09
 Reference value :  5.06282e-09
 Reference value :  5.38200e-09
 Reference value :  5.66941e-09
 Reference value :  5.95035e-09
 Reference value :  6.26882e-09
 Reference value :  6.58035e-09
 Reference value :  6.83835e-09
 Reference value :  7.15012e-09
 Reference value :  7.47200e-09
 Reference value :  7.72741e-09
 Reference value :  7.98812e-09
 Reference value :  8.29000e-09
 Reference value :  8.55541e-09
 Reference value :  8.85035e-09
 Reference value :  9.16941e-09
 Reference value :  9.50400e-09
 Reference value :  9.77741e-09
 Reference value :  1.00684e-08
 Reference value :  1.03581e-08
 Reference value :  1.06074e-08
 Reference value :  1.08500e-08
 Reference value :  1.11224e-08
 Reference value :  1.14454e-08
 Reference value :  1.17554e-08
 Reference value :  1.20664e-08
 Reference value :  1.23628e-08
 Reference value :  1.26494e-08
 Reference value :  1.29520e-08
 Reference value :  1.32664e-08
 Reference value :  1.35920e-08
 Reference value :  1.38384e-08
 Reference value :  1.41201e-08
 Reference value :  1.44474e-08
 Reference value :  1.47320e-08
 Reference value :  1.50340e-08
 Reference value :  1.53904e-08
 Reference value :  1.56900e-08
 Reference value :  1.59540e-08
 Reference value :  1.62621e-08
 Reference value :  1.65261e-08
 Reference value :  1.67428e-08
 Reference value :  1.69568e-08
 Reference value :  1.72174e-08
 Reference value :  1.74904e-08
 Reference value :  1.77068e-08
 Reference value :  1.79228e-08
 Reference value :  1.81788e-08
 Reference value :  1.84820e-08
 Reference value :  1.87540e-08
 Reference value :  1.90008e-08
 Reference value :  1.93508e-08
 Reference value :  1.96484e-08
 Reference value :  1.99460e-08
 Reference value :  2.02414e-08
 Reference value :  2.05374e-08
 Reference value :  2.08140e-08
 Reference value :  2.11081e-08
 Reference value :  2.14524e-08
 Reference value :  2.17524e-08
 Reference value :  2.20100e-08
 Reference value :  2.23674e-08
 Reference value :  2.26640e-08
 Reference value :  2.29661e-08
 Reference value :  2.33341e-08
 Reference value :  2.36114e-08
 Reference value :  2.38821e-08
 Reference value :  2.42168e-08
 Reference value :  2.45420e-08
 Reference value :  2.48444e-08
 Reference value :  2.51660e-08
 Reference value :  2.54864e-08
 Reference value :  2.57900e-08
 Reference value :  2.60974e-08
 Reference value :  2.64381e-08
 Reference value :  2.67084e-08
 Reference value :  2.69961e-08
 Reference value :  2.73301e-08
 Reference value :  2.76108e-08
 Reference value :  2.79148e-08
 Reference value :  2.82520e-08
 Reference value :  2.85821e-08
 Reference value :  2.88621e-08
 Reference value :  2.91874e-08
 Reference value :  2.95374e-08
 Reference value :  2.98380e-08
 Reference value :  3.01534e-08
 Reference value :  3.05121e-08
 Reference value :  3.08008e-08
 Reference value :  3.10794e-08
 Reference value :  3.14460e-08
 Reference value :  3.17394e-08
 Reference value :  3.20474e-08
 Reference value :  3.23880e-08
 Reference value :  3.27144e-08
 Reference value :  3.30280e-08
 Reference value :  3.33880e-08
 Reference value :  3.36920e-08
 Reference value :  3.40014e-08
 Reference value :  3.43604e-08
 Reference value :  3.46640e-08
 Reference value :  3.49384e-08
 Reference value :  3.52668e-08
 Reference value :  3.55884e-08
 Reference value :  3.58901e-08
 Reference value :  3.62328e-08
 Reference value :  3.65668e-08
 Reference value :  3.68740e-08
 Reference value :  3.72154e-08
 Reference value :  3.75428e-08
 Reference value :  3.78420e-08
 Reference value :  3.81701e-08
 Reference value :  3.85344e-08
 Reference value :  3.87934e-08
 Reference value :  3.90814e-08
 Reference value :  3.94044e-08
 Reference value :  3.97244e-08
 Reference value :  4.00034e-08
 Reference value :  4.03508e-08
 Reference value :  4.06741e-08
 Reference value :  4.09708e-08
 Reference value :  4.13460e-08
 Reference value :  4.16744e-08
 Reference value :  4.19880e-08
 Reference value :  4.23640e-08
 Reference value :  4.26768e-08
 Reference value :  4.29700e-08
 Reference value :  4.33354e-08
 Reference value :  4.36101e-08
 Reference value :  4.38764e-08
 Reference value :  4.41980e-08
 Reference value :  4.45428e-08
 Reference value :  4.48214e-08
 Reference value :  4.51564e-08
 Reference value :  4.55208e-08
 Reference value :  4.58104e-08
 Reference value :  4.60841e-08
 Reference value :  4.64401e-08
 Reference value :  4.67548e-08
 Reference value :  4.69928e-08
 Reference value :  4.73128e-08
 Reference value :  4.76324e-08
 Reference value :  4.79134e-08
 Reference value :  4.82094e-08
 Reference value :  4.85164e-08
 Reference value :  4.87874e-08
 Reference value :  4.91094e-08
 Reference value :  4.94781e-08
 Reference value :  4.97594e-08
 Reference value :  4.99680e-08
 Reference value :  5.02740e-08
 Reference value :  5.05908e-08
 Reference value :  5.08754e-08
 Reference value :  5.11720e-08
 Reference value :  5.14661e-08
 Reference value :  5.17180e-08
 Reference value :  5.19940e-08
 Reference value :  5.23608e-08
 Reference value :  5.26684e-08
 Reference value :  5.29440e-08
 Reference value :  5.32880e-08
 Reference value :  5.36124e-08
 Reference value :  5.38901e-08
 Reference value :  5.42001e-08
 Reference value :  5.45248e-08
 Reference value :  5.47894e-08
 Reference value :  5.50764e-08
 Reference value :  5.54181e-08
 Reference value :  5.57234e-08
 Reference value :  5.60284e-08
 Reference value :  5.63960e-08
 Reference value :  5.67048e-08
 Reference value :  5.69920e-08
 Reference value :  5.73500e-08
 Reference value :  5.76494e-08
 Reference value :  5.79320e-08
 Reference value :  5.83364e-08
 Reference value :  5.87608e-08
 Reference value :  5.91840e-08
 Reference value :  5.96500e-08
 Reference value :  6.00681e-08
 Reference value :  6.05414e-08
 Reference value :  6.09424e-08
 Reference value :  6.13281e-08
 Reference value :  6.17248e-08
 Reference value :  6.21294e-08
 Reference value :  6.25920e-08
 Reference value :  6.29788e-08
 Reference value :  6.34674e-08
 Reference value :  6.38564e-08
 Reference value :  6.43100e-08
 Reference value :  6.47244e-08
 Reference value :  6.51684e-08
 Reference value :  6.56024e-08
 Reference value :  6.60148e-08
 Reference value :  6.65008e-08
 Reference value :  6.69148e-08
 Reference value :  6.74208e-08
 Reference value :  6.78584e-08
 Reference value :  6.82964e-08
 Reference value :  6.87261e-08
 Reference value :  6.91588e-08
 Reference value :  6.96241e-08
 Reference value :  7.00000e-08
 Reference value :  7.05174e-08
 Reference value :  7.09414e-08
 Reference value :  7.14168e-08
 Reference value :  7.18200e-08
 Reference value :  7.22768e-08
 Reference value :  7.27044e-08
 Reference value :  7.31680e-08
 Reference value :  7.36294e-08
 Reference value :  7.40421e-08
 Reference value :  7.45434e-08
 Reference value :  7.49274e-08
 Reference value :  7.53940e-08
 Reference value :  7.58101e-08
 Reference value :  7.62444e-08
 Reference value :  7.66860e-08
 Reference value :  7.70644e-08
 Reference value :  7.75421e-08
 Reference value :  7.79574e-08
 Reference value :  7.84528e-08
 Reference value :  7.88514e-08
 Reference value :  7.93121e-08
 Reference value :  7.97414e-08
 Reference value :  8.01721e-08
 Reference value :  8.05841e-08
 Reference value :  8.09934e-08
 Reference value :  8.15048e-08
 Reference value :  8.18994e-08
 Reference value :  8.23624e-08
 Reference value :  8.27914e-08
 Reference value :  8.32521e-08
 Reference value :  8.37141e-08
 Reference value :  8.41560e-08
 Reference value :  8.46214e-08
 Reference value :  8.50428e-08
 Reference value :  8.55544e-08
 Reference value :  8.59561e-08
 Reference value :  8.64654e-08
 Reference value :  8.68634e-08
 Reference value :  8.73414e-08
 Reference value :  8.77864e-08
 Reference value :  8.82424e-08
 Reference value :  8.86861e-08
 Reference value :  8.91144e-08
 Reference value :  8.95940e-08
 Reference value :  9.00168e-08
 Reference value :  9.04828e-08
 Reference value :  9.08980e-08
 Reference value :  9.13764e-08
 Reference value :  9.18280e-08
 Reference value :  9.23001e-08
 Reference value :  9.27500e-08
 Reference value :  9.31854e-08
 Reference value :  9.36594e-08
 Reference value :  9.40608e-08
 Reference value :  9.45444e-08
 Reference value :  9.49324e-08
 Reference value :  9.53964e-08
 Reference value :  9.57964e-08
 Reference value :  9.62294e-08
 Reference value :  9.66708e-08
 Reference value :  9.70721e-08
 Reference value :  9.75588e-08
 Reference value :  9.79681e-08
 Reference value :  9.84560e-08
 Reference value :  9.88704e-08
 Reference value :  9.93780e-08
 Reference value :  9.98028e-08
 Reference value :  1.00239e-07
 Reference value :  1.00699e-07
 Reference value :  1.01129e-07
 Reference value :  1.01597e-07
 Reference value :  1.02014e-07
 Reference value :  1.02527e-07
 Reference value :  1.02934e-07
 Reference value :  1.03404e-07
 Reference value :  1.03860e-07
 Reference value :  1.04363e-07
 Reference value :  1.04802e-07
 Reference value :  1.05263e-07
 Reference value :  1.05712e-07
 Reference value :  1.06179e-07
 Reference value :  1.06667e-07
 Reference value :  1.07091e-07
 Reference value :  1.07577e-07
 Reference value :  1.07965e-07
 Reference value :  1.08477e-07
 Reference value :  1.08898e-07
 Reference value :  1.09392e-07
 Reference value :  1.09825e-07
 Reference value :  1.10308e-07
 Reference value :  1.10780e-07
 Reference value :  1.11258e-07
 Reference value :  1.11725e-07
 Reference value :  1.12193e-07
 Reference value :  1.12670e-07
 Reference value :  1.13081e-07
 Reference value :  1.13579e-07
 Reference value :  1.14020e-07
 Reference value :  1.14535e-07
 Reference value :  1.14954e-07
 Reference value :  1.15472e-07
 Reference value :  1.15888e-07
 Reference value :  1.16344e-07
 Reference value :  1.16755e-07
 Reference value :  1.17184e-07
 Reference value :  1.17657e-07
 Reference value :  1.18054e-07
 Reference value :  1.18536e-07
 Reference value :  1.18936e-07
 Reference value :  1.19424e-07
 Reference value :  1.19814e-07
 Reference value :  1.20244e-07
 Reference value :  1.20688e-07
 Reference value :  1.21135e-07
 Reference value :  1.21608e-07
 Reference value :  1.22000e-07
 Reference value :  1.22503e-07
 Reference value :  1.22896e-07
 Reference value :  1.23355e-07
 Reference value :  1.23800e-07
 Reference value :  1.24269e-07
 Reference value :  1.24703e-07
 Reference value :  1.25144e-07
 Reference value :  1.25616e-07
 Reference value :  1.26012e-07
 Reference value :  1.26458e-07
 Reference value :  1.26849e-07
 Reference value :  1.27306e-07
 Reference value :  1.27676e-07
 Reference value :  1.28050e-07
 Reference value :  1.28520e-07
 Reference value :  1.28935e-07
 Reference value :  1.29442e-07
 Reference value :  1.29854e-07
 Reference value :  1.30344e-07
 Reference value :  1.30755e-07
 Reference value :  1.31195e-07
 Reference value :  1.31658e-07
 Reference value :  1.32096e-07
 Reference value :  1.32571e-07
 Reference value :  1.32978e-07
 Reference value :  1.33489e-07
 Reference value :  1.33901e-07
 Reference value :  1.34372e-07
 Reference value :  1.34725e-07
 Reference value :  1.35061e-07
 Reference value :  1.35498e-07
 Reference value :  1.35862e-07
 Reference value :  1.36320e-07
 Reference value :  1.36755e-07
 Reference value :  1.37220e-07
 Reference value :  1.37690e-07
 Reference value :  1.38144e-07
 Reference value :  1.38616e-07
 Reference value :  1.39027e-07
 Reference value :  1.39523e-07
 Reference value :  1.39926e-07
 Reference value :  1.40410e-07
 Reference value :  1.40835e-07
 Reference value :  1.41267e-07
 Reference value :  1.41700e-07
 Reference value :  1.42119e-07
 Reference value :  1.42570e-07
 Reference value :  1.42921e-07
 Reference value :  1.43370e-07
 Reference value :  1.43786e-07
 Reference value :  1.44217e-07
 Reference value :  1.44601e-07
 Reference value :  1.44999e-07
 Reference value :  1.45454e-07
 Reference value :  1.45855e-07
 Reference value :  1.46319e-07
 Reference value :  1.46761e-07
 Reference value :  1.47216e-07
 Reference value :  1.47657e-07
 Reference value :  1.48078e-07
 Reference value :  1.48545e-07
 Reference value :  1.48973e-07
 Reference value :  1.49493e-07
 Reference value :  1.49888e-07
 Reference value :  1.50398e-07
 Reference value :  1.50817e-07
 Reference value :  1.51262e-07
 Reference value :  1.51691e-07
 Reference value :  1.52071e-07
 Reference value :  1.52485e-07
 Reference value :  1.52884e-07
 Reference value :  1.53371e-07
 Reference value :  1.53800e-07
 Reference value :  1.54173e-07
 Reference value :  1.54634e-07
 Reference value :  1.55063e-07
 Reference value :  1.55546e-07
 Reference value :  1.55930e-07
 Reference value :  1.56440e-07
 Reference value :  1.56870e-07
 Reference value :  1.57339e-07
 Reference value :  1.57800e-07
 Reference value :  1.58282e-07
 Reference value :  1.58742e-07
 Reference value :  1.59180e-07
 Reference value :  1.59617e-07
 Reference value :  1.60016e-07
 Reference value :  1.60488e-07
 Reference value :  1.60877e-07
 Reference value :  1.61361e-07
 Reference value :  1.61772e-07
 Reference value :  1.62208e-07
 Reference value :  1.62665e-07
 Reference value :  1.63084e-07
 Reference value :  1.63586e-07
 Reference value :  1.64034e-07
 Reference value :  1.64543e-07
 Reference value :  1.64970e-07
 Reference value :  1.65495e-07
 Reference value :  1.65914e-07
 Reference value :  1.66418e-07
 Reference value :  1.66832e-07
 Reference value :  1.67286e-07
 Reference value :  1.67735e-07
 Reference value :  1.68183e-07
 Reference value :  1.68630e-07
 Reference value :  1.69008e-07
 Reference value :  1.69499e-07
 Reference value :  1.69912e-07
 Reference value :  1.70395e-07
 Reference value :  1.70843e-07
 Reference value :  1.71277e-07
 Reference value :  1.71722e-07
 Reference value :  1.72167e-07
 Reference value :  1.72647e-07
 Reference value :  1.73054e-07
 Reference value :  1.73550e-07
 Reference value :  1.73971e-07
 Reference value :  1.74454e-07
 Reference value :  1.74836e-07
 Reference value :  1.75214e-07
 Reference value :  1.75645e-07
 Reference value :  1.76073e-07
 Reference value :  1.76562e-07
 Reference value :  1.76967e-07
 Reference value :  1.77462e-07
 Reference value :  1.77886e-07
 Reference value :  1.78379e-07
 Reference value :  1.78809e-07
 Reference value :  1.79295e-07
 Reference value :  1.79720e-07
 Reference value :  1.80168e-07
 Reference value :  1.80636e-07
 Reference value :  1.81074e-07
 Reference value :  1.81587e-07
 Reference value :  1.82008e-07
 Reference value :  1.82522e-07
 Reference value :  1.82950e-07
 Reference value :  1.83480e-07
 Reference value :  1.83912e-07
 Reference value :  1.84430e-07
 Reference value :  1.84846e-07
 Reference value :  1.85310e-07
 Reference value :  1.85738e-07
 Reference value :  1.86159e-07
 Reference value :  1.86620e-07
 Reference value :  1.87024e-07
 Reference value :  1.87486e-07
 Reference value :  1.87843e-07
 Reference value :  1.88258e-07
 Reference value :  1.88628e-07
 Reference value :  1.89024e-07
 Reference value :  1.89517e-07
 Reference value :  1.89941e-07
 Reference value :  1.90469e-07
 Reference value :  1.90867e-07
 Reference value :  1.91320e-07
 Reference value :  1.91758e-07
 Reference value :  1.92212e-07
 Reference value :  1.92656e-07
 Reference value :  1.93086e-07
 Reference value :  1.93556e-07
 Reference value :  1.93968e-07
 Reference value :  1.94482e-07
 Reference value :  1.94903e-07
 Reference value :  1.95414e-07
 Reference value :  1.95834e-07
 Reference value :  1.96322e-07
 Reference value :  1.96769e-07
 Reference value :  1.97228e-07
 Reference value :  1.97655e-07
 Reference value :  1.98107e-07
 Reference value :  1.98588e-07
 Reference value :  1.98960e-07
 Reference value :  1.99478e-07
 Reference value :  1.99884e-07
No. of Data Rows : 500008
ngspice-46 done

=== STDERR ===
Warning: singular matrix:  check node xgen.b2_ac

Note: Starting dynamic gmin stepping
Warning: singular matrix:  check node xgen.b1_ac

Warning: Dynamic gmin stepping failed
Note: Starting true gmin stepping
Warning: singular matrix:  check node xgen.b1_ac

Warning: singular matrix:  check node xgen.b1_ac

Warning: singular matrix:  check node xgen.b1_ac

Warning: singular matrix:  check node xgen.b1_ac

Warning: True gmin stepping failed
Note: Starting source stepping
Warning: source stepping failed
Note: Transient op started
Note: Transient op finished successfully
