
Note: No compatibility mode selected!


Circuit: * equal-precision ac-coupled wideband trnoise rate 5.0 gs/s seg 34

Doing analysis at TEMP = 27.000000 and TNOM = 27.000000

Using SPARSE 1.3 as Direct Linear Solver

No. of Data Rows : 1
Doing analysis at TEMP = 27.000000 and TNOM = 27.000000

Using SPARSE 1.3 as Direct Linear Solver

Initial Transient Solution
--------------------------

Node                                   Voltage
----                                   -------
gen_n                                  2.37119
xgen.b1_q1                            0.872018
xgen.e                               0.0779563
xgen.xq1.s1                        9.47062e-10
xgen.xq1.t                             3.24135
gen_p                                  2.37119
xgen.b2_q2                            0.872018
xgen.xq2.s1                        9.47062e-10
xgen.xq2.t                             3.24135
vcc_hbt                                    2.5
xgen.b_cm                                0.872
xgen.b2_ac                                   0
xgen.b1_ac                                   0
xamp.in_p_q1                           2.37082
xamp.in_n_q2                           2.37082
xamp.c1_n                              1.95117
xamp.e1_1                              1.48176
xamp.xq1.s1                        1.90688e-09
xamp.xq1.t                             6.54928
xamp.c1_p                              1.95117
xamp.e1_2                              1.48176
xamp.xq2.s1                        1.90688e-09
xamp.xq2.t                             6.54928
xamp.e1_common                         1.44741
xamp.b2_p                              1.13706
xamp.xqef1.s1                       9.9654e-10
xamp.xqef1.t                            3.4824
xamp.b2_n                              1.13706
xamp.xqef2.s1                       9.9654e-10
xamp.xqef2.t                            3.4824
amp_n                                  2.38763
xamp.e2_1                             0.301216
xamp.xq3.s1                        9.48338e-10
xamp.xq3.t                             11.0582
amp_p                                  2.38763
xamp.e2_2                             0.301216
xamp.xq4.s1                        9.48338e-10
xamp.xq4.t                             11.0582
xamp.e2_common                        0.294233
xcomp.in_p_int                         2.38759
xcomp.in_n_int                         2.38759
clk_p                                    0.775
xcomp.clk_p_int                       0.774995
clk_n                                    0.925
xcomp.clk_n_int                       0.924559
xcomp.b_latch_p                        1.56126
xcomp.xqef_in1.s1                  9.94704e-10
xcomp.xqef_in1.t                        3.3271
xcomp.b_latch_n                        1.56126
xcomp.xqef_in2.s1                  9.94704e-10
xcomp.xqef_in2.t                        3.3271
xcomp.e_track                         0.817155
xcomp.e_tail                         0.0116748
xcomp.xqclk_track.s1               3.26893e-10
xcomp.xqclk_track.t                   0.355343
xcomp.e_latch                          1.46391
xcomp.xqclk_latch.s1                5.8272e-10
xcomp.xqclk_latch.t                    32.3035
xcomp.c_n                              2.34023
xcomp.xq1.s1                       9.36527e-10
xcomp.xq1.t                           0.335461
xcomp.c_p                              2.34023
xcomp.xq2.s1                       9.36527e-10
xcomp.xq2.t                           0.335461
xcomp.xq3.s1                       9.18256e-10
xcomp.xq3.t                            9.73263
xcomp.xq4.s1                       9.18256e-10
xcomp.xq4.t                            9.73263
xcomp.ef_p                             1.50725
xcomp.xqef1.s1                       9.935e-10
xcomp.xqef1.t                          4.24437
xcomp.ef_n                             1.50725
xcomp.xqef2.s1                       9.935e-10
xcomp.xqef2.t                          4.24437
xcomp.g_p                             0.754713
xcomp.g_n                             0.754713
xcomp.cml_out_p                      0.0367696
xcomp.xqbuf1.s1                    1.00067e-09
xcomp.xqbuf1.t                        0.209938
xcomp.cml_out_n                      0.0367696
xcomp.xqbuf2.s1                    1.00067e-09
xcomp.xqbuf2.t                        0.209938
vdd                                        1.2
vclk_n#branch                      -4.4055e-06
vclk_p#branch                     -4.91743e-08
vdd#branch                                   0
vcc_hbt#branch                      -0.0097389
v.xgen.vbm#branch                   3.5587e-06

 Reference value :  1.72353e-10
 Reference value :  6.95412e-10
 Reference value :  1.22000e-09
 Reference value :  1.69600e-09
 Reference value :  2.21741e-09
 Reference value :  2.72612e-09
 Reference value :  3.24482e-09
 Reference value :  3.75435e-09
 Reference value :  4.24635e-09
 Reference value :  4.74400e-09
 Reference value :  5.24235e-09
 Reference value :  5.75141e-09
 Reference value :  6.27282e-09
 Reference value :  6.78812e-09
 Reference value :  7.32341e-09
 Reference value :  7.84212e-09
 Reference value :  8.34812e-09
 Reference value :  8.85082e-09
 Reference value :  9.38635e-09
 Reference value :  9.91400e-09
 Reference value :  1.04261e-08
 Reference value :  1.09628e-08
 Reference value :  1.14368e-08
 Reference value :  1.19541e-08
 Reference value :  1.24894e-08
 Reference value :  1.30021e-08
 Reference value :  1.35244e-08
 Reference value :  1.40294e-08
 Reference value :  1.45494e-08
 Reference value :  1.50554e-08
 Reference value :  1.55634e-08
 Reference value :  1.60620e-08
 Reference value :  1.65221e-08
 Reference value :  1.70421e-08
 Reference value :  1.75201e-08
 Reference value :  1.80081e-08
 Reference value :  1.85068e-08
 Reference value :  1.90180e-08
 Reference value :  1.95360e-08
 Reference value :  2.00520e-08
 Reference value :  2.05644e-08
 Reference value :  2.10584e-08
 Reference value :  2.15480e-08
 Reference value :  2.20524e-08
 Reference value :  2.25624e-08
 Reference value :  2.30454e-08
 Reference value :  2.35248e-08
 Reference value :  2.40321e-08
 Reference value :  2.45481e-08
 Reference value :  2.50464e-08
 Reference value :  2.55564e-08
 Reference value :  2.60728e-08
 Reference value :  2.65688e-08
 Reference value :  2.70661e-08
 Reference value :  2.75504e-08
 Reference value :  2.80368e-08
 Reference value :  2.85004e-08
 Reference value :  2.89794e-08
 Reference value :  2.94801e-08
 Reference value :  2.99541e-08
 Reference value :  3.03980e-08
 Reference value :  3.08921e-08
 Reference value :  3.13848e-08
 Reference value :  3.18580e-08
 Reference value :  3.23320e-08
 Reference value :  3.28008e-08
 Reference value :  3.32844e-08
 Reference value :  3.37828e-08
 Reference value :  3.43014e-08
 Reference value :  3.47948e-08
 Reference value :  3.52664e-08
 Reference value :  3.57774e-08
 Reference value :  3.62504e-08
 Reference value :  3.67480e-08
 Reference value :  3.72381e-08
 Reference value :  3.77388e-08
 Reference value :  3.82200e-08
 Reference value :  3.87304e-08
 Reference value :  3.92074e-08
 Reference value :  3.96834e-08
 Reference value :  4.01621e-08
 Reference value :  4.05960e-08
 Reference value :  4.10941e-08
 Reference value :  4.15760e-08
 Reference value :  4.20720e-08
 Reference value :  4.25814e-08
 Reference value :  4.30924e-08
 Reference value :  4.36001e-08
 Reference value :  4.41094e-08
 Reference value :  4.46014e-08
 Reference value :  4.51001e-08
 Reference value :  4.55864e-08
 Reference value :  4.60774e-08
 Reference value :  4.65864e-08
 Reference value :  4.70968e-08
 Reference value :  4.75828e-08
 Reference value :  4.80841e-08
 Reference value :  4.85868e-08
 Reference value :  4.90940e-08
 Reference value :  4.95940e-08
 Reference value :  5.01140e-08
 Reference value :  5.06181e-08
 Reference value :  5.11108e-08
 Reference value :  5.15968e-08
 Reference value :  5.20994e-08
 Reference value :  5.25784e-08
 Reference value :  5.30784e-08
 Reference value :  5.35621e-08
 Reference value :  5.40408e-08
 Reference value :  5.45440e-08
 Reference value :  5.49974e-08
 Reference value :  5.54961e-08
 Reference value :  5.59888e-08
 Reference value :  5.64701e-08
 Reference value :  5.69781e-08
 Reference value :  5.74681e-08
 Reference value :  5.79808e-08
 Reference value :  5.84788e-08
 Reference value :  5.89564e-08
 Reference value :  5.94560e-08
 Reference value :  5.99661e-08
 Reference value :  6.04584e-08
 Reference value :  6.09844e-08
 Reference value :  6.14881e-08
 Reference value :  6.19584e-08
 Reference value :  6.24340e-08
 Reference value :  6.29000e-08
 Reference value :  6.33884e-08
 Reference value :  6.38704e-08
 Reference value :  6.43688e-08
 Reference value :  6.48604e-08
 Reference value :  6.53394e-08
 Reference value :  6.58174e-08
 Reference value :  6.63301e-08
 Reference value :  6.68264e-08
 Reference value :  6.73384e-08
 Reference value :  6.78200e-08
 Reference value :  6.83280e-08
 Reference value :  6.87754e-08
 Reference value :  6.92781e-08
 Reference value :  6.97800e-08
 Reference value :  7.02741e-08
 Reference value :  7.07788e-08
 Reference value :  7.12741e-08
 Reference value :  7.17700e-08
 Reference value :  7.22448e-08
 Reference value :  7.27454e-08
 Reference value :  7.32154e-08
 Reference value :  7.37184e-08
 Reference value :  7.41894e-08
 Reference value :  7.46744e-08
 Reference value :  7.51748e-08
 Reference value :  7.56444e-08
 Reference value :  7.61334e-08
 Reference value :  7.66324e-08
 Reference value :  7.71368e-08
 Reference value :  7.76321e-08
 Reference value :  7.81300e-08
 Reference value :  7.86141e-08
 Reference value :  7.90941e-08
 Reference value :  7.95920e-08
 Reference value :  8.00881e-08
 Reference value :  8.05724e-08
 Reference value :  8.10701e-08
 Reference value :  8.15448e-08
 Reference value :  8.20301e-08
 Reference value :  8.25281e-08
 Reference value :  8.29964e-08
 Reference value :  8.34561e-08
 Reference value :  8.39241e-08
 Reference value :  8.44060e-08
 Reference value :  8.49020e-08
 Reference value :  8.54034e-08
 Reference value :  8.58968e-08
 Reference value :  8.63608e-08
 Reference value :  8.68508e-08
 Reference value :  8.73420e-08
 Reference value :  8.78264e-08
 Reference value :  8.83321e-08
 Reference value :  8.88201e-08
 Reference value :  8.93288e-08
 Reference value :  8.98060e-08
 Reference value :  9.03120e-08
 Reference value :  9.08044e-08
 Reference value :  9.13141e-08
 Reference value :  9.18134e-08
 Reference value :  9.23104e-08
 Reference value :  9.28024e-08
 Reference value :  9.33114e-08
 Reference value :  9.38081e-08
 Reference value :  9.43204e-08
 Reference value :  9.47994e-08
 Reference value :  9.52928e-08
 Reference value :  9.57754e-08
 Reference value :  9.62341e-08
 Reference value :  9.67154e-08
 Reference value :  9.71964e-08
 Reference value :  9.76900e-08
 Reference value :  9.81754e-08
 Reference value :  9.86640e-08
 Reference value :  9.91674e-08
 Reference value :  9.96641e-08
 Reference value :  1.00163e-07
 Reference value :  1.00652e-07
 Reference value :  1.01157e-07
 Reference value :  1.01654e-07
 Reference value :  1.02147e-07
 Reference value :  1.02632e-07
 Reference value :  1.03135e-07
 Reference value :  1.03640e-07
 Reference value :  1.04132e-07
 Reference value :  1.04629e-07
 Reference value :  1.05134e-07
 Reference value :  1.05635e-07
 Reference value :  1.06149e-07
 Reference value :  1.06653e-07
 Reference value :  1.07145e-07
 Reference value :  1.07617e-07
 Reference value :  1.08118e-07
 Reference value :  1.08600e-07
 Reference value :  1.09087e-07
 Reference value :  1.09561e-07
 Reference value :  1.09994e-07
 Reference value :  1.10457e-07
 Reference value :  1.10902e-07
 Reference value :  1.11361e-07
 Reference value :  1.11844e-07
 Reference value :  1.12335e-07
 Reference value :  1.12803e-07
 Reference value :  1.13301e-07
 Reference value :  1.13774e-07
 Reference value :  1.14277e-07
 Reference value :  1.14756e-07
 Reference value :  1.15252e-07
 Reference value :  1.15734e-07
 Reference value :  1.16200e-07
 Reference value :  1.16700e-07
 Reference value :  1.17179e-07
 Reference value :  1.17652e-07
 Reference value :  1.18143e-07
 Reference value :  1.18616e-07
 Reference value :  1.19122e-07
 Reference value :  1.19597e-07
 Reference value :  1.20080e-07
 Reference value :  1.20572e-07
 Reference value :  1.21065e-07
 Reference value :  1.21546e-07
 Reference value :  1.22010e-07
 Reference value :  1.22480e-07
 Reference value :  1.22986e-07
 Reference value :  1.23487e-07
 Reference value :  1.23978e-07
 Reference value :  1.24479e-07
 Reference value :  1.24975e-07
 Reference value :  1.25463e-07
 Reference value :  1.25942e-07
 Reference value :  1.26422e-07
 Reference value :  1.26912e-07
 Reference value :  1.27357e-07
 Reference value :  1.27861e-07
 Reference value :  1.28370e-07
 Reference value :  1.28874e-07
 Reference value :  1.29380e-07
 Reference value :  1.29882e-07
 Reference value :  1.30372e-07
 Reference value :  1.30852e-07
 Reference value :  1.31346e-07
 Reference value :  1.31847e-07
 Reference value :  1.32365e-07
 Reference value :  1.32875e-07
 Reference value :  1.33370e-07
 Reference value :  1.33864e-07
 Reference value :  1.34361e-07
 Reference value :  1.34878e-07
 Reference value :  1.35376e-07
 Reference value :  1.35891e-07
 Reference value :  1.36386e-07
 Reference value :  1.36879e-07
 Reference value :  1.37394e-07
 Reference value :  1.37900e-07
 Reference value :  1.38421e-07
 Reference value :  1.38948e-07
 Reference value :  1.39466e-07
 Reference value :  1.39978e-07
 Reference value :  1.40489e-07
 Reference value :  1.40992e-07
 Reference value :  1.41501e-07
 Reference value :  1.41986e-07
 Reference value :  1.42479e-07
 Reference value :  1.42986e-07
 Reference value :  1.43491e-07
 Reference value :  1.43989e-07
 Reference value :  1.44466e-07
 Reference value :  1.44947e-07
 Reference value :  1.45439e-07
 Reference value :  1.45951e-07
 Reference value :  1.46443e-07
 Reference value :  1.46941e-07
 Reference value :  1.47407e-07
 Reference value :  1.47904e-07
 Reference value :  1.48395e-07
 Reference value :  1.48907e-07
 Reference value :  1.49394e-07
 Reference value :  1.49877e-07
 Reference value :  1.50392e-07
 Reference value :  1.50916e-07
 Reference value :  1.51413e-07
 Reference value :  1.51916e-07
 Reference value :  1.52393e-07
 Reference value :  1.52895e-07
 Reference value :  1.53392e-07
 Reference value :  1.53884e-07
 Reference value :  1.54366e-07
 Reference value :  1.54873e-07
 Reference value :  1.55373e-07
 Reference value :  1.55855e-07
 Reference value :  1.56282e-07
 Reference value :  1.56761e-07
 Reference value :  1.57239e-07
 Reference value :  1.57750e-07
 Reference value :  1.58228e-07
 Reference value :  1.58698e-07
 Reference value :  1.59180e-07
 Reference value :  1.59659e-07
 Reference value :  1.60121e-07
 Reference value :  1.60596e-07
 Reference value :  1.61101e-07
 Reference value :  1.61602e-07
 Reference value :  1.62106e-07
 Reference value :  1.62596e-07
 Reference value :  1.63112e-07
 Reference value :  1.63594e-07
 Reference value :  1.64072e-07
 Reference value :  1.64564e-07
 Reference value :  1.65056e-07
 Reference value :  1.65526e-07
 Reference value :  1.65992e-07
 Reference value :  1.66484e-07
 Reference value :  1.66985e-07
 Reference value :  1.67490e-07
 Reference value :  1.67988e-07
 Reference value :  1.68509e-07
 Reference value :  1.69005e-07
 Reference value :  1.69493e-07
 Reference value :  1.69984e-07
 Reference value :  1.70496e-07
 Reference value :  1.70987e-07
 Reference value :  1.71485e-07
 Reference value :  1.71974e-07
 Reference value :  1.72449e-07
 Reference value :  1.72957e-07
 Reference value :  1.73456e-07
 Reference value :  1.73960e-07
 Reference value :  1.74441e-07
 Reference value :  1.74881e-07
 Reference value :  1.75372e-07
 Reference value :  1.75844e-07
 Reference value :  1.76349e-07
 Reference value :  1.76830e-07
 Reference value :  1.77325e-07
 Reference value :  1.77802e-07
 Reference value :  1.78311e-07
 Reference value :  1.78787e-07
 Reference value :  1.79284e-07
 Reference value :  1.79784e-07
 Reference value :  1.80275e-07
 Reference value :  1.80764e-07
 Reference value :  1.81252e-07
 Reference value :  1.81742e-07
 Reference value :  1.82240e-07
 Reference value :  1.82749e-07
 Reference value :  1.83267e-07
 Reference value :  1.83765e-07
 Reference value :  1.84286e-07
 Reference value :  1.84790e-07
 Reference value :  1.85301e-07
 Reference value :  1.85801e-07
 Reference value :  1.86301e-07
 Reference value :  1.86786e-07
 Reference value :  1.87294e-07
 Reference value :  1.87776e-07
 Reference value :  1.88272e-07
 Reference value :  1.88773e-07
 Reference value :  1.89272e-07
 Reference value :  1.89749e-07
 Reference value :  1.90233e-07
 Reference value :  1.90714e-07
 Reference value :  1.91202e-07
 Reference value :  1.91677e-07
 Reference value :  1.92184e-07
 Reference value :  1.92678e-07
 Reference value :  1.93135e-07
 Reference value :  1.93602e-07
 Reference value :  1.94096e-07
 Reference value :  1.94586e-07
 Reference value :  1.95112e-07
 Reference value :  1.95620e-07
 Reference value :  1.96143e-07
 Reference value :  1.96644e-07
 Reference value :  1.97154e-07
 Reference value :  1.97650e-07
 Reference value :  1.98162e-07
 Reference value :  1.98653e-07
 Reference value :  1.99168e-07
 Reference value :  1.99656e-07
No. of Data Rows : 500010
ngspice-46 done

=== STDERR ===
Warning: singular matrix:  check node xgen.b2_ac

Note: Starting dynamic gmin stepping
Warning: singular matrix:  check node xgen.b1_ac

Warning: Dynamic gmin stepping failed
Note: Starting true gmin stepping
Warning: singular matrix:  check node xgen.b1_ac

Warning: singular matrix:  check node xgen.b1_ac

Warning: singular matrix:  check node xgen.b1_ac

Warning: singular matrix:  check node xgen.b1_ac

Warning: True gmin stepping failed
Note: Starting source stepping
Warning: source stepping failed
Note: Transient op started
Note: Transient op finished successfully
