
Note: No compatibility mode selected!


Circuit: * equal-precision ac-coupled wideband trnoise rate 5.0 gs/s seg 38

Doing analysis at TEMP = 27.000000 and TNOM = 27.000000

Using SPARSE 1.3 as Direct Linear Solver

No. of Data Rows : 1
Doing analysis at TEMP = 27.000000 and TNOM = 27.000000

Using SPARSE 1.3 as Direct Linear Solver

Initial Transient Solution
--------------------------

Node                                   Voltage
----                                   -------
gen_n                                  2.37119
xgen.b1_q1                            0.872018
xgen.e                               0.0779563
xgen.xq1.s1                        9.47062e-10
xgen.xq1.t                             3.24135
gen_p                                  2.37119
xgen.b2_q2                            0.872018
xgen.xq2.s1                        9.47062e-10
xgen.xq2.t                             3.24135
vcc_hbt                                    2.5
xgen.b_cm                                0.872
xgen.b2_ac                                   0
xgen.b1_ac                                   0
xamp.in_p_q1                           2.37082
xamp.in_n_q2                           2.37082
xamp.c1_n                              1.95117
xamp.e1_1                              1.48176
xamp.xq1.s1                        1.90688e-09
xamp.xq1.t                             6.54928
xamp.c1_p                              1.95117
xamp.e1_2                              1.48176
xamp.xq2.s1                        1.90688e-09
xamp.xq2.t                             6.54928
xamp.e1_common                         1.44741
xamp.b2_p                              1.13706
xamp.xqef1.s1                       9.9654e-10
xamp.xqef1.t                            3.4824
xamp.b2_n                              1.13706
xamp.xqef2.s1                       9.9654e-10
xamp.xqef2.t                            3.4824
amp_n                                  2.38763
xamp.e2_1                             0.301216
xamp.xq3.s1                        9.48338e-10
xamp.xq3.t                             11.0582
amp_p                                  2.38763
xamp.e2_2                             0.301216
xamp.xq4.s1                        9.48338e-10
xamp.xq4.t                             11.0582
xamp.e2_common                        0.294233
xcomp.in_p_int                         2.38759
xcomp.in_n_int                         2.38759
clk_p                                    0.775
xcomp.clk_p_int                       0.774995
clk_n                                    0.925
xcomp.clk_n_int                       0.924559
xcomp.b_latch_p                        1.56126
xcomp.xqef_in1.s1                  9.94704e-10
xcomp.xqef_in1.t                        3.3271
xcomp.b_latch_n                        1.56126
xcomp.xqef_in2.s1                  9.94704e-10
xcomp.xqef_in2.t                        3.3271
xcomp.e_track                         0.817155
xcomp.e_tail                         0.0116748
xcomp.xqclk_track.s1               3.26893e-10
xcomp.xqclk_track.t                   0.355343
xcomp.e_latch                          1.46391
xcomp.xqclk_latch.s1                5.8272e-10
xcomp.xqclk_latch.t                    32.3035
xcomp.c_n                              2.34023
xcomp.xq1.s1                       9.36527e-10
xcomp.xq1.t                           0.335461
xcomp.c_p                              2.34023
xcomp.xq2.s1                       9.36527e-10
xcomp.xq2.t                           0.335461
xcomp.xq3.s1                       9.18256e-10
xcomp.xq3.t                            9.73263
xcomp.xq4.s1                       9.18256e-10
xcomp.xq4.t                            9.73263
xcomp.ef_p                             1.50725
xcomp.xqef1.s1                       9.935e-10
xcomp.xqef1.t                          4.24437
xcomp.ef_n                             1.50725
xcomp.xqef2.s1                       9.935e-10
xcomp.xqef2.t                          4.24437
xcomp.g_p                             0.754713
xcomp.g_n                             0.754713
xcomp.cml_out_p                      0.0367696
xcomp.xqbuf1.s1                    1.00067e-09
xcomp.xqbuf1.t                        0.209938
xcomp.cml_out_n                      0.0367696
xcomp.xqbuf2.s1                    1.00067e-09
xcomp.xqbuf2.t                        0.209938
vdd                                        1.2
vclk_n#branch                      -4.4055e-06
vclk_p#branch                     -4.91743e-08
vdd#branch                                   0
vcc_hbt#branch                      -0.0097389
v.xgen.vbm#branch                   3.5587e-06

 Reference value :  6.40000e-11
 Reference value :  3.94824e-10
 Reference value :  7.10000e-10
 Reference value :  1.02435e-09
 Reference value :  1.33282e-09
 Reference value :  1.65635e-09
 Reference value :  1.96812e-09
 Reference value :  2.29341e-09
 Reference value :  2.60141e-09
 Reference value :  2.92635e-09
 Reference value :  3.25341e-09
 Reference value :  3.58412e-09
 Reference value :  3.90682e-09
 Reference value :  4.23812e-09
 Reference value :  4.55412e-09
 Reference value :  4.88412e-09
 Reference value :  5.22482e-09
 Reference value :  5.54435e-09
 Reference value :  5.86800e-09
 Reference value :  6.18635e-09
 Reference value :  6.51541e-09
 Reference value :  6.83082e-09
 Reference value :  7.15341e-09
 Reference value :  7.49741e-09
 Reference value :  7.80212e-09
 Reference value :  8.09741e-09
 Reference value :  8.39835e-09
 Reference value :  8.70600e-09
 Reference value :  9.00882e-09
 Reference value :  9.33435e-09
 Reference value :  9.64541e-09
 Reference value :  1.00001e-08
 Reference value :  1.04888e-08
 Reference value :  1.09854e-08
 Reference value :  1.14800e-08
 Reference value :  1.19784e-08
 Reference value :  1.24734e-08
 Reference value :  1.29541e-08
 Reference value :  1.34421e-08
 Reference value :  1.39374e-08
 Reference value :  1.44161e-08
 Reference value :  1.49214e-08
 Reference value :  1.54040e-08
 Reference value :  1.59081e-08
 Reference value :  1.63840e-08
 Reference value :  1.68721e-08
 Reference value :  1.73444e-08
 Reference value :  1.78421e-08
 Reference value :  1.83660e-08
 Reference value :  1.88501e-08
 Reference value :  1.93540e-08
 Reference value :  1.98200e-08
 Reference value :  2.03204e-08
 Reference value :  2.08004e-08
 Reference value :  2.13000e-08
 Reference value :  2.18061e-08
 Reference value :  2.22821e-08
 Reference value :  2.27128e-08
 Reference value :  2.31521e-08
 Reference value :  2.36248e-08
 Reference value :  2.41281e-08
 Reference value :  2.45960e-08
 Reference value :  2.50984e-08
 Reference value :  2.55934e-08
 Reference value :  2.60948e-08
 Reference value :  2.65644e-08
 Reference value :  2.70560e-08
 Reference value :  2.75161e-08
 Reference value :  2.80041e-08
 Reference value :  2.85100e-08
 Reference value :  2.90094e-08
 Reference value :  2.94734e-08
 Reference value :  2.99341e-08
 Reference value :  3.04400e-08
 Reference value :  3.09604e-08
 Reference value :  3.14580e-08
 Reference value :  3.19628e-08
 Reference value :  3.24484e-08
 Reference value :  3.29600e-08
 Reference value :  3.34400e-08
 Reference value :  3.39161e-08
 Reference value :  3.44001e-08
 Reference value :  3.49000e-08
 Reference value :  3.54088e-08
 Reference value :  3.59220e-08
 Reference value :  3.64181e-08
 Reference value :  3.69380e-08
 Reference value :  3.74260e-08
 Reference value :  3.79248e-08
 Reference value :  3.84000e-08
 Reference value :  3.88374e-08
 Reference value :  3.93080e-08
 Reference value :  3.97781e-08
 Reference value :  4.02381e-08
 Reference value :  4.07174e-08
 Reference value :  4.11740e-08
 Reference value :  4.16460e-08
 Reference value :  4.21224e-08
 Reference value :  4.25984e-08
 Reference value :  4.30708e-08
 Reference value :  4.35508e-08
 Reference value :  4.40188e-08
 Reference value :  4.44908e-08
 Reference value :  4.49768e-08
 Reference value :  4.54734e-08
 Reference value :  4.59744e-08
 Reference value :  4.64668e-08
 Reference value :  4.69554e-08
 Reference value :  4.74420e-08
 Reference value :  4.79488e-08
 Reference value :  4.84434e-08
 Reference value :  4.89404e-08
 Reference value :  4.94214e-08
 Reference value :  4.98841e-08
 Reference value :  5.03561e-08
 Reference value :  5.08084e-08
 Reference value :  5.12848e-08
 Reference value :  5.17654e-08
 Reference value :  5.22214e-08
 Reference value :  5.26828e-08
 Reference value :  5.31680e-08
 Reference value :  5.36164e-08
 Reference value :  5.40841e-08
 Reference value :  5.45700e-08
 Reference value :  5.49661e-08
 Reference value :  5.53920e-08
 Reference value :  5.58774e-08
 Reference value :  5.63748e-08
 Reference value :  5.68764e-08
 Reference value :  5.73860e-08
 Reference value :  5.78564e-08
 Reference value :  5.83674e-08
 Reference value :  5.88444e-08
 Reference value :  5.93508e-08
 Reference value :  5.98321e-08
 Reference value :  6.03148e-08
 Reference value :  6.08101e-08
 Reference value :  6.13081e-08
 Reference value :  6.17940e-08
 Reference value :  6.22874e-08
 Reference value :  6.27874e-08
 Reference value :  6.32920e-08
 Reference value :  6.37984e-08
 Reference value :  6.43080e-08
 Reference value :  6.47764e-08
 Reference value :  6.52841e-08
 Reference value :  6.57800e-08
 Reference value :  6.62721e-08
 Reference value :  6.67641e-08
 Reference value :  6.72661e-08
 Reference value :  6.76541e-08
 Reference value :  6.81474e-08
 Reference value :  6.86261e-08
 Reference value :  6.91500e-08
 Reference value :  6.96620e-08
 Reference value :  7.01668e-08
 Reference value :  7.06281e-08
 Reference value :  7.11244e-08
 Reference value :  7.16101e-08
 Reference value :  7.21068e-08
 Reference value :  7.25828e-08
 Reference value :  7.30814e-08
 Reference value :  7.35881e-08
 Reference value :  7.40994e-08
 Reference value :  7.45941e-08
 Reference value :  7.50854e-08
 Reference value :  7.55780e-08
 Reference value :  7.60914e-08
 Reference value :  7.65920e-08
 Reference value :  7.70648e-08
 Reference value :  7.75660e-08
 Reference value :  7.80421e-08
 Reference value :  7.85320e-08
 Reference value :  7.90241e-08
 Reference value :  7.95184e-08
 Reference value :  7.99981e-08
 Reference value :  8.04904e-08
 Reference value :  8.09820e-08
 Reference value :  8.14934e-08
 Reference value :  8.19748e-08
 Reference value :  8.24444e-08
 Reference value :  8.29540e-08
 Reference value :  8.34608e-08
 Reference value :  8.39400e-08
 Reference value :  8.44060e-08
 Reference value :  8.48688e-08
 Reference value :  8.52754e-08
 Reference value :  8.57061e-08
 Reference value :  8.61608e-08
 Reference value :  8.66054e-08
 Reference value :  8.70840e-08
 Reference value :  8.75834e-08
 Reference value :  8.80848e-08
 Reference value :  8.85821e-08
 Reference value :  8.90800e-08
 Reference value :  8.95928e-08
 Reference value :  9.00940e-08
 Reference value :  9.05868e-08
 Reference value :  9.10928e-08
 Reference value :  9.15821e-08
 Reference value :  9.20901e-08
 Reference value :  9.25914e-08
 Reference value :  9.30954e-08
 Reference value :  9.35924e-08
 Reference value :  9.40984e-08
 Reference value :  9.45834e-08
 Reference value :  9.50868e-08
 Reference value :  9.55788e-08
 Reference value :  9.60844e-08
 Reference value :  9.65854e-08
 Reference value :  9.70824e-08
 Reference value :  9.75721e-08
 Reference value :  9.80508e-08
 Reference value :  9.85454e-08
 Reference value :  9.90400e-08
 Reference value :  9.95494e-08
 Reference value :  1.00035e-07
 Reference value :  1.00504e-07
 Reference value :  1.00972e-07
 Reference value :  1.01460e-07
 Reference value :  1.01956e-07
 Reference value :  1.02448e-07
 Reference value :  1.02954e-07
 Reference value :  1.03453e-07
 Reference value :  1.03956e-07
 Reference value :  1.04428e-07
 Reference value :  1.04926e-07
 Reference value :  1.05370e-07
 Reference value :  1.05870e-07
 Reference value :  1.06347e-07
 Reference value :  1.06787e-07
 Reference value :  1.07294e-07
 Reference value :  1.07766e-07
 Reference value :  1.08258e-07
 Reference value :  1.08759e-07
 Reference value :  1.09264e-07
 Reference value :  1.09733e-07
 Reference value :  1.10213e-07
 Reference value :  1.10689e-07
 Reference value :  1.11178e-07
 Reference value :  1.11692e-07
 Reference value :  1.12191e-07
 Reference value :  1.12694e-07
 Reference value :  1.13192e-07
 Reference value :  1.13679e-07
 Reference value :  1.14169e-07
 Reference value :  1.14665e-07
 Reference value :  1.15158e-07
 Reference value :  1.15656e-07
 Reference value :  1.16157e-07
 Reference value :  1.16669e-07
 Reference value :  1.17160e-07
 Reference value :  1.17644e-07
 Reference value :  1.18140e-07
 Reference value :  1.18592e-07
 Reference value :  1.19082e-07
 Reference value :  1.19575e-07
 Reference value :  1.20048e-07
 Reference value :  1.20528e-07
 Reference value :  1.21005e-07
 Reference value :  1.21472e-07
 Reference value :  1.21926e-07
 Reference value :  1.22414e-07
 Reference value :  1.22871e-07
 Reference value :  1.23361e-07
 Reference value :  1.23796e-07
 Reference value :  1.24308e-07
 Reference value :  1.24778e-07
 Reference value :  1.25286e-07
 Reference value :  1.25781e-07
 Reference value :  1.26267e-07
 Reference value :  1.26758e-07
 Reference value :  1.27268e-07
 Reference value :  1.27767e-07
 Reference value :  1.28251e-07
 Reference value :  1.28735e-07
 Reference value :  1.29227e-07
 Reference value :  1.29726e-07
 Reference value :  1.30210e-07
 Reference value :  1.30702e-07
 Reference value :  1.31186e-07
 Reference value :  1.31669e-07
 Reference value :  1.32181e-07
 Reference value :  1.32688e-07
 Reference value :  1.33191e-07
 Reference value :  1.33716e-07
 Reference value :  1.34150e-07
 Reference value :  1.34647e-07
 Reference value :  1.35113e-07
 Reference value :  1.35579e-07
 Reference value :  1.36069e-07
 Reference value :  1.36560e-07
 Reference value :  1.37051e-07
 Reference value :  1.37550e-07
 Reference value :  1.38018e-07
 Reference value :  1.38515e-07
 Reference value :  1.38982e-07
 Reference value :  1.39461e-07
 Reference value :  1.39949e-07
 Reference value :  1.40435e-07
 Reference value :  1.40936e-07
 Reference value :  1.41418e-07
 Reference value :  1.41917e-07
 Reference value :  1.42402e-07
 Reference value :  1.42886e-07
 Reference value :  1.43343e-07
 Reference value :  1.43814e-07
 Reference value :  1.44300e-07
 Reference value :  1.44793e-07
 Reference value :  1.45286e-07
 Reference value :  1.45762e-07
 Reference value :  1.46217e-07
 Reference value :  1.46679e-07
 Reference value :  1.47090e-07
 Reference value :  1.47546e-07
 Reference value :  1.48030e-07
 Reference value :  1.48515e-07
 Reference value :  1.49010e-07
 Reference value :  1.49512e-07
 Reference value :  1.50001e-07
 Reference value :  1.50495e-07
 Reference value :  1.50962e-07
 Reference value :  1.51443e-07
 Reference value :  1.51951e-07
 Reference value :  1.52432e-07
 Reference value :  1.52901e-07
 Reference value :  1.53357e-07
 Reference value :  1.53867e-07
 Reference value :  1.54372e-07
 Reference value :  1.54858e-07
 Reference value :  1.55358e-07
 Reference value :  1.55858e-07
 Reference value :  1.56327e-07
 Reference value :  1.56820e-07
 Reference value :  1.57282e-07
 Reference value :  1.57765e-07
 Reference value :  1.58244e-07
 Reference value :  1.58737e-07
 Reference value :  1.59210e-07
 Reference value :  1.59666e-07
 Reference value :  1.60088e-07
 Reference value :  1.60541e-07
 Reference value :  1.60994e-07
 Reference value :  1.61466e-07
 Reference value :  1.61942e-07
 Reference value :  1.62427e-07
 Reference value :  1.62911e-07
 Reference value :  1.63394e-07
 Reference value :  1.63843e-07
 Reference value :  1.64330e-07
 Reference value :  1.64801e-07
 Reference value :  1.65312e-07
 Reference value :  1.65784e-07
 Reference value :  1.66255e-07
 Reference value :  1.66720e-07
 Reference value :  1.67200e-07
 Reference value :  1.67709e-07
 Reference value :  1.68189e-07
 Reference value :  1.68686e-07
 Reference value :  1.69182e-07
 Reference value :  1.69692e-07
 Reference value :  1.70178e-07
 Reference value :  1.70666e-07
 Reference value :  1.71149e-07
 Reference value :  1.71652e-07
 Reference value :  1.72143e-07
 Reference value :  1.72605e-07
 Reference value :  1.73076e-07
 Reference value :  1.73566e-07
 Reference value :  1.74046e-07
 Reference value :  1.74529e-07
 Reference value :  1.75014e-07
 Reference value :  1.75513e-07
 Reference value :  1.75983e-07
 Reference value :  1.76464e-07
 Reference value :  1.76971e-07
 Reference value :  1.77470e-07
 Reference value :  1.77963e-07
 Reference value :  1.78432e-07
 Reference value :  1.78935e-07
 Reference value :  1.79414e-07
 Reference value :  1.79889e-07
 Reference value :  1.80370e-07
 Reference value :  1.80821e-07
 Reference value :  1.81302e-07
 Reference value :  1.81794e-07
 Reference value :  1.82240e-07
 Reference value :  1.82682e-07
 Reference value :  1.83144e-07
 Reference value :  1.83623e-07
 Reference value :  1.84134e-07
 Reference value :  1.84622e-07
 Reference value :  1.85133e-07
 Reference value :  1.85598e-07
 Reference value :  1.86083e-07
 Reference value :  1.86507e-07
 Reference value :  1.86952e-07
 Reference value :  1.87421e-07
 Reference value :  1.87909e-07
 Reference value :  1.88393e-07
 Reference value :  1.88884e-07
 Reference value :  1.89390e-07
 Reference value :  1.89890e-07
 Reference value :  1.90387e-07
 Reference value :  1.90899e-07
 Reference value :  1.91390e-07
 Reference value :  1.91880e-07
 Reference value :  1.92315e-07
 Reference value :  1.92812e-07
 Reference value :  1.93314e-07
 Reference value :  1.93802e-07
 Reference value :  1.94320e-07
 Reference value :  1.94797e-07
 Reference value :  1.95292e-07
 Reference value :  1.95778e-07
 Reference value :  1.96255e-07
 Reference value :  1.96745e-07
 Reference value :  1.97235e-07
 Reference value :  1.97719e-07
 Reference value :  1.98203e-07
 Reference value :  1.98698e-07
 Reference value :  1.99180e-07
 Reference value :  1.99645e-07
No. of Data Rows : 500007
ngspice-46 done

=== STDERR ===
Warning: singular matrix:  check node xgen.b2_ac

Note: Starting dynamic gmin stepping
Warning: singular matrix:  check node xgen.b1_ac

Warning: Dynamic gmin stepping failed
Note: Starting true gmin stepping
Warning: singular matrix:  check node xgen.b1_ac

Warning: singular matrix:  check node xgen.b1_ac

Warning: singular matrix:  check node xgen.b1_ac

Warning: singular matrix:  check node xgen.b1_ac

Warning: True gmin stepping failed
Note: Starting source stepping
Warning: source stepping failed
Note: Transient op started
Note: Transient op finished successfully
