
Note: No compatibility mode selected!


Circuit: * production ac-coupled wideband trnoise 10-seg rate map rate 3.0 gs/s seg 5

Doing analysis at TEMP = 27.000000 and TNOM = 27.000000

Using SPARSE 1.3 as Direct Linear Solver

No. of Data Rows : 1
Doing analysis at TEMP = 27.000000 and TNOM = 27.000000

Using SPARSE 1.3 as Direct Linear Solver

Initial Transient Solution
--------------------------

Node                                   Voltage
----                                   -------
gen_n                                  2.37119
xgen.b1_q1                            0.872018
xgen.e                               0.0779563
xgen.xq1.s1                        9.47062e-10
xgen.xq1.t                             3.24135
gen_p                                  2.37119
xgen.b2_q2                            0.872018
xgen.xq2.s1                        9.47062e-10
xgen.xq2.t                             3.24135
vcc_hbt                                    2.5
xgen.b_cm                                0.872
xgen.b2_ac                                   0
xgen.b1_ac                                   0
xamp.in_p_q1                           2.37082
xamp.in_n_q2                           2.37082
xamp.c1_n                              1.95117
xamp.e1_1                              1.48176
xamp.xq1.s1                        1.90688e-09
xamp.xq1.t                             6.54928
xamp.c1_p                              1.95117
xamp.e1_2                              1.48176
xamp.xq2.s1                        1.90688e-09
xamp.xq2.t                             6.54928
xamp.e1_common                         1.44741
xamp.b2_p                              1.13706
xamp.xqef1.s1                       9.9654e-10
xamp.xqef1.t                            3.4824
xamp.b2_n                              1.13706
xamp.xqef2.s1                       9.9654e-10
xamp.xqef2.t                            3.4824
amp_n                                  2.38763
xamp.e2_1                             0.301216
xamp.xq3.s1                        9.48338e-10
xamp.xq3.t                             11.0582
amp_p                                  2.38763
xamp.e2_2                             0.301216
xamp.xq4.s1                        9.48338e-10
xamp.xq4.t                             11.0582
xamp.e2_common                        0.294233
xcomp.in_p_int                         2.38759
xcomp.in_n_int                         2.38759
clk_p                                    0.775
xcomp.clk_p_int                       0.774995
clk_n                                    0.925
xcomp.clk_n_int                       0.924559
xcomp.b_latch_p                        1.56126
xcomp.xqef_in1.s1                  9.94704e-10
xcomp.xqef_in1.t                        3.3271
xcomp.b_latch_n                        1.56126
xcomp.xqef_in2.s1                  9.94704e-10
xcomp.xqef_in2.t                        3.3271
xcomp.e_track                         0.817155
xcomp.e_tail                         0.0116748
xcomp.xqclk_track.s1               3.26893e-10
xcomp.xqclk_track.t                   0.355343
xcomp.e_latch                          1.46391
xcomp.xqclk_latch.s1                5.8272e-10
xcomp.xqclk_latch.t                    32.3035
xcomp.c_n                              2.34023
xcomp.xq1.s1                       9.36527e-10
xcomp.xq1.t                           0.335461
xcomp.c_p                              2.34023
xcomp.xq2.s1                       9.36527e-10
xcomp.xq2.t                           0.335461
xcomp.xq3.s1                       9.18256e-10
xcomp.xq3.t                            9.73263
xcomp.xq4.s1                       9.18256e-10
xcomp.xq4.t                            9.73263
xcomp.ef_p                             1.50725
xcomp.xqef1.s1                       9.935e-10
xcomp.xqef1.t                          4.24437
xcomp.ef_n                             1.50725
xcomp.xqef2.s1                       9.935e-10
xcomp.xqef2.t                          4.24437
xcomp.g_p                             0.754713
xcomp.g_n                             0.754713
xcomp.cml_out_p                      0.0367696
xcomp.xqbuf1.s1                    1.00067e-09
xcomp.xqbuf1.t                        0.209938
xcomp.cml_out_n                      0.0367696
xcomp.xqbuf2.s1                    1.00067e-09
xcomp.xqbuf2.t                        0.209938
vdd                                        1.2
vclk_n#branch                      -4.4055e-06
vclk_p#branch                     -4.91743e-08
vdd#branch                                   0
vcc_hbt#branch                      -0.0097389
v.xgen.vbm#branch                   3.5587e-06

 Reference value :  3.43530e-11
 Reference value :  3.21412e-10
 Reference value :  6.01412e-10
 Reference value :  8.88353e-10
 Reference value :  1.16835e-09
 Reference value :  1.44812e-09
 Reference value :  1.73600e-09
 Reference value :  2.00836e-09
 Reference value :  2.28800e-09
 Reference value :  2.61941e-09
 Reference value :  3.05741e-09
 Reference value :  3.49812e-09
 Reference value :  3.91200e-09
 Reference value :  4.33290e-09
 Reference value :  4.78612e-09
 Reference value :  5.23800e-09
 Reference value :  5.63882e-09
 Reference value :  6.04812e-09
 Reference value :  6.49741e-09
 Reference value :  6.91141e-09
 Reference value :  7.32212e-09
 Reference value :  7.74235e-09
 Reference value :  8.16740e-09
 Reference value :  8.58235e-09
 Reference value :  9.00400e-09
 Reference value :  9.39282e-09
 Reference value :  9.81865e-09
 Reference value :  1.02288e-08
 Reference value :  1.06460e-08
 Reference value :  1.10080e-08
 Reference value :  1.13621e-08
 Reference value :  1.17161e-08
 Reference value :  1.21694e-08
 Reference value :  1.25488e-08
 Reference value :  1.29408e-08
 Reference value :  1.33594e-08
 Reference value :  1.37304e-08
 Reference value :  1.41008e-08
 Reference value :  1.44740e-08
 Reference value :  1.49074e-08
 Reference value :  1.53208e-08
 Reference value :  1.57841e-08
 Reference value :  1.61881e-08
 Reference value :  1.65980e-08
 Reference value :  1.70401e-08
 Reference value :  1.74923e-08
 Reference value :  1.79354e-08
 Reference value :  1.83721e-08
 Reference value :  1.87900e-08
 Reference value :  1.92341e-08
 Reference value :  1.96661e-08
 Reference value :  2.01414e-08
 Reference value :  2.06174e-08
 Reference value :  2.10714e-08
 Reference value :  2.15334e-08
 Reference value :  2.19680e-08
 Reference value :  2.24074e-08
 Reference value :  2.28681e-08
 Reference value :  2.32281e-08
 Reference value :  2.36314e-08
 Reference value :  2.40648e-08
 Reference value :  2.45261e-08
 Reference value :  2.49834e-08
 Reference value :  2.54494e-08
 Reference value :  2.58944e-08
 Reference value :  2.63532e-08
 Reference value :  2.68201e-08
 Reference value :  2.72320e-08
 Reference value :  2.76754e-08
 Reference value :  2.80884e-08
 Reference value :  2.84754e-08
 Reference value :  2.88874e-08
 Reference value :  2.92944e-08
 Reference value :  2.97188e-08
 Reference value :  3.01700e-08
 Reference value :  3.05961e-08
 Reference value :  3.10123e-08
 Reference value :  3.14661e-08
 Reference value :  3.18124e-08
 Reference value :  3.21701e-08
 Reference value :  3.25814e-08
 Reference value :  3.30100e-08
 Reference value :  3.34838e-08
 Reference value :  3.39434e-08
 Reference value :  3.43680e-08
 Reference value :  3.48215e-08
 Reference value :  3.51860e-08
 Reference value :  3.56288e-08
 Reference value :  3.60434e-08
 Reference value :  3.64832e-08
 Reference value :  3.69281e-08
 Reference value :  3.73614e-08
 Reference value :  3.78104e-08
 Reference value :  3.82560e-08
 Reference value :  3.87040e-08
 Reference value :  3.91748e-08
 Reference value :  3.96184e-08
 Reference value :  4.00354e-08
 Reference value :  4.05114e-08
 Reference value :  4.09288e-08
 Reference value :  4.13454e-08
 Reference value :  4.17801e-08
 Reference value :  4.22188e-08
 Reference value :  4.26048e-08
 Reference value :  4.29734e-08
 Reference value :  4.33200e-08
 Reference value :  4.37194e-08
 Reference value :  4.40624e-08
 Reference value :  4.44061e-08
 Reference value :  4.48314e-08
 Reference value :  4.52794e-08
 Reference value :  4.56888e-08
 Reference value :  4.61241e-08
 Reference value :  4.65468e-08
 Reference value :  4.69840e-08
 Reference value :  4.74228e-08
 Reference value :  4.78640e-08
 Reference value :  4.82904e-08
 Reference value :  4.87234e-08
 Reference value :  4.91904e-08
 Reference value :  4.96288e-08
 Reference value :  5.00904e-08
 Reference value :  5.05501e-08
 Reference value :  5.09728e-08
 Reference value :  5.14261e-08
 Reference value :  5.18734e-08
 Reference value :  5.23008e-08
 Reference value :  5.27714e-08
 Reference value :  5.32321e-08
 Reference value :  5.36800e-08
 Reference value :  5.41561e-08
 Reference value :  5.45941e-08
 Reference value :  5.50121e-08
 Reference value :  5.54821e-08
 Reference value :  5.59320e-08
 Reference value :  5.63563e-08
 Reference value :  5.68021e-08
 Reference value :  5.72460e-08
 Reference value :  5.76888e-08
 Reference value :  5.81508e-08
 Reference value :  5.86081e-08
 Reference value :  5.90334e-08
 Reference value :  5.95128e-08
 Reference value :  5.99524e-08
 Reference value :  6.03480e-08
 Reference value :  6.06968e-08
 Reference value :  6.11614e-08
 Reference value :  6.15904e-08
 Reference value :  6.20420e-08
 Reference value :  6.25181e-08
 Reference value :  6.29724e-08
 Reference value :  6.34120e-08
 Reference value :  6.38580e-08
 Reference value :  6.43108e-08
 Reference value :  6.47480e-08
 Reference value :  6.52144e-08
 Reference value :  6.56304e-08
 Reference value :  6.60648e-08
 Reference value :  6.65088e-08
 Reference value :  6.69141e-08
 Reference value :  6.73420e-08
 Reference value :  6.77800e-08
 Reference value :  6.82588e-08
 Reference value :  6.86599e-08
 Reference value :  6.91094e-08
 Reference value :  6.95314e-08
 Reference value :  6.99504e-08
 Reference value :  7.03864e-08
 Reference value :  7.08640e-08
 Reference value :  7.12960e-08
 Reference value :  7.17500e-08
 Reference value :  7.21968e-08
 Reference value :  7.26221e-08
 Reference value :  7.30794e-08
 Reference value :  7.35534e-08
 Reference value :  7.39840e-08
 Reference value :  7.44528e-08
 Reference value :  7.48974e-08
 Reference value :  7.53381e-08
 Reference value :  7.58124e-08
 Reference value :  7.62824e-08
 Reference value :  7.67688e-08
 Reference value :  7.72401e-08
 Reference value :  7.76734e-08
 Reference value :  7.81088e-08
 Reference value :  7.85540e-08
 Reference value :  7.89394e-08
 Reference value :  7.93648e-08
 Reference value :  7.98080e-08
 Reference value :  8.02184e-08
 Reference value :  8.06268e-08
 Reference value :  8.10261e-08
 Reference value :  8.14790e-08
 Reference value :  8.19248e-08
 Reference value :  8.23620e-08
 Reference value :  8.27948e-08
 Reference value :  8.32301e-08
 Reference value :  8.36340e-08
 Reference value :  8.40501e-08
 Reference value :  8.45161e-08
 Reference value :  8.49540e-08
 Reference value :  8.54068e-08
 Reference value :  8.57648e-08
 Reference value :  8.61848e-08
 Reference value :  8.65894e-08
 Reference value :  8.70361e-08
 Reference value :  8.74588e-08
 Reference value :  8.78724e-08
 Reference value :  8.83164e-08
 Reference value :  8.87648e-08
 Reference value :  8.92194e-08
 Reference value :  8.96474e-08
 Reference value :  9.00868e-08
 Reference value :  9.05344e-08
 Reference value :  9.09714e-08
 Reference value :  9.14064e-08
 Reference value :  9.18461e-08
 Reference value :  9.22881e-08
 Reference value :  9.27688e-08
 Reference value :  9.32284e-08
 Reference value :  9.36728e-08
 Reference value :  9.41280e-08
 Reference value :  9.45654e-08
 Reference value :  9.49474e-08
 Reference value :  9.54028e-08
 Reference value :  9.58480e-08
 Reference value :  9.62974e-08
 Reference value :  9.67681e-08
 Reference value :  9.72134e-08
 Reference value :  9.76694e-08
 Reference value :  9.81460e-08
 Reference value :  9.86181e-08
 Reference value :  9.90764e-08
 Reference value :  9.95364e-08
 Reference value :  9.99874e-08
 Reference value :  1.00457e-07
 Reference value :  1.00908e-07
 Reference value :  1.01363e-07
 Reference value :  1.01844e-07
 Reference value :  1.02302e-07
 Reference value :  1.02773e-07
 Reference value :  1.03198e-07
 Reference value :  1.03625e-07
 Reference value :  1.04090e-07
 Reference value :  1.04564e-07
 Reference value :  1.05037e-07
 Reference value :  1.05505e-07
 Reference value :  1.05924e-07
 Reference value :  1.06352e-07
 Reference value :  1.06804e-07
 Reference value :  1.07232e-07
 Reference value :  1.07695e-07
 Reference value :  1.08164e-07
 Reference value :  1.08605e-07
 Reference value :  1.09027e-07
 Reference value :  1.09500e-07
 Reference value :  1.09945e-07
 Reference value :  1.10402e-07
 Reference value :  1.10855e-07
 Reference value :  1.11309e-07
 Reference value :  1.11766e-07
 Reference value :  1.12233e-07
 Reference value :  1.12694e-07
 Reference value :  1.13187e-07
 Reference value :  1.13617e-07
 Reference value :  1.14074e-07
 Reference value :  1.14544e-07
 Reference value :  1.14984e-07
 Reference value :  1.15430e-07
 Reference value :  1.15898e-07
 Reference value :  1.16310e-07
 Reference value :  1.16779e-07
 Reference value :  1.17222e-07
 Reference value :  1.17658e-07
 Reference value :  1.18100e-07
 Reference value :  1.18557e-07
 Reference value :  1.18994e-07
 Reference value :  1.19458e-07
 Reference value :  1.19916e-07
 Reference value :  1.20346e-07
 Reference value :  1.20733e-07
 Reference value :  1.21155e-07
 Reference value :  1.21581e-07
 Reference value :  1.22046e-07
 Reference value :  1.22522e-07
 Reference value :  1.22966e-07
 Reference value :  1.23395e-07
 Reference value :  1.23878e-07
 Reference value :  1.24336e-07
 Reference value :  1.24804e-07
 Reference value :  1.25252e-07
 Reference value :  1.25710e-07
 Reference value :  1.26186e-07
 Reference value :  1.26625e-07
 Reference value :  1.27099e-07
 Reference value :  1.27569e-07
 Reference value :  1.28012e-07
 Reference value :  1.28481e-07
 Reference value :  1.28939e-07
 Reference value :  1.29416e-07
 Reference value :  1.29897e-07
 Reference value :  1.30362e-07
 Reference value :  1.30862e-07
 Reference value :  1.31318e-07
 Reference value :  1.31794e-07
 Reference value :  1.32250e-07
 Reference value :  1.32690e-07
 Reference value :  1.33175e-07
 Reference value :  1.33635e-07
 Reference value :  1.34116e-07
 Reference value :  1.34583e-07
 Reference value :  1.35052e-07
 Reference value :  1.35489e-07
 Reference value :  1.35906e-07
 Reference value :  1.36317e-07
 Reference value :  1.36801e-07
 Reference value :  1.37269e-07
 Reference value :  1.37716e-07
 Reference value :  1.38138e-07
 Reference value :  1.38583e-07
 Reference value :  1.39036e-07
 Reference value :  1.39485e-07
 Reference value :  1.39939e-07
 Reference value :  1.40366e-07
 Reference value :  1.40848e-07
 Reference value :  1.41314e-07
 Reference value :  1.41781e-07
 Reference value :  1.42239e-07
 Reference value :  1.42701e-07
 Reference value :  1.43186e-07
 Reference value :  1.43630e-07
 Reference value :  1.44098e-07
 Reference value :  1.44571e-07
 Reference value :  1.45020e-07
 Reference value :  1.45500e-07
 Reference value :  1.45949e-07
 Reference value :  1.46420e-07
 Reference value :  1.46896e-07
 Reference value :  1.47346e-07
 Reference value :  1.47777e-07
 Reference value :  1.48242e-07
 Reference value :  1.48674e-07
 Reference value :  1.49078e-07
 Reference value :  1.49546e-07
 Reference value :  1.49997e-07
 Reference value :  1.50469e-07
 Reference value :  1.50932e-07
 Reference value :  1.51392e-07
 Reference value :  1.51845e-07
 Reference value :  1.52274e-07
 Reference value :  1.52700e-07
 Reference value :  1.53171e-07
 Reference value :  1.53618e-07
 Reference value :  1.54080e-07
 Reference value :  1.54542e-07
 Reference value :  1.54985e-07
 Reference value :  1.55455e-07
 Reference value :  1.55926e-07
 Reference value :  1.56375e-07
 Reference value :  1.56840e-07
 Reference value :  1.57272e-07
 Reference value :  1.57729e-07
 Reference value :  1.58218e-07
 Reference value :  1.58680e-07
 Reference value :  1.59145e-07
 Reference value :  1.59592e-07
 Reference value :  1.60052e-07
 Reference value :  1.60526e-07
 Reference value :  1.60978e-07
 Reference value :  1.61434e-07
 Reference value :  1.61874e-07
 Reference value :  1.62337e-07
 Reference value :  1.62794e-07
 Reference value :  1.63242e-07
 Reference value :  1.63692e-07
 Reference value :  1.64164e-07
 Reference value :  1.64620e-07
 Reference value :  1.65054e-07
 Reference value :  1.65523e-07
 Reference value :  1.65975e-07
 Reference value :  1.66432e-07
 Reference value :  1.66902e-07
 Reference value :  1.67375e-07
 Reference value :  1.67852e-07
 Reference value :  1.68287e-07
 Reference value :  1.68747e-07
 Reference value :  1.69173e-07
 Reference value :  1.69631e-07
 Reference value :  1.70121e-07
 Reference value :  1.70584e-07
 Reference value :  1.70995e-07
 Reference value :  1.71490e-07
 Reference value :  1.71936e-07
 Reference value :  1.72411e-07
 Reference value :  1.72870e-07
 Reference value :  1.73291e-07
 Reference value :  1.73707e-07
 Reference value :  1.74186e-07
 Reference value :  1.74620e-07
 Reference value :  1.75070e-07
 Reference value :  1.75530e-07
 Reference value :  1.75952e-07
 Reference value :  1.76409e-07
 Reference value :  1.76880e-07
 Reference value :  1.77332e-07
 Reference value :  1.77789e-07
 Reference value :  1.78220e-07
 Reference value :  1.78649e-07
 Reference value :  1.79124e-07
 Reference value :  1.79586e-07
 Reference value :  1.80047e-07
 Reference value :  1.80450e-07
 Reference value :  1.80908e-07
 Reference value :  1.81354e-07
 Reference value :  1.81790e-07
 Reference value :  1.82171e-07
 Reference value :  1.82618e-07
 Reference value :  1.83078e-07
 Reference value :  1.83526e-07
 Reference value :  1.83953e-07
 Reference value :  1.84420e-07
 Reference value :  1.84897e-07
 Reference value :  1.85364e-07
 Reference value :  1.85808e-07
 Reference value :  1.86219e-07
 Reference value :  1.86642e-07
 Reference value :  1.87083e-07
 Reference value :  1.87440e-07
 Reference value :  1.87876e-07
 Reference value :  1.88320e-07
 Reference value :  1.88790e-07
 Reference value :  1.89241e-07
 Reference value :  1.89672e-07
 Reference value :  1.90139e-07
 Reference value :  1.90585e-07
 Reference value :  1.91042e-07
 Reference value :  1.91488e-07
 Reference value :  1.91928e-07
 Reference value :  1.92379e-07
 Reference value :  1.92858e-07
 Reference value :  1.93317e-07
 Reference value :  1.93794e-07
 Reference value :  1.94258e-07
 Reference value :  1.94715e-07
 Reference value :  1.95161e-07
 Reference value :  1.95620e-07
 Reference value :  1.96093e-07
 Reference value :  1.96581e-07
 Reference value :  1.97025e-07
 Reference value :  1.97487e-07
 Reference value :  1.97946e-07
 Reference value :  1.98420e-07
 Reference value :  1.98883e-07
 Reference value :  1.99315e-07
 Reference value :  1.99788e-07
No. of Data Rows : 511189
ngspice-46 done

=== STDERR ===
Warning: singular matrix:  check node xgen.b2_ac

Note: Starting dynamic gmin stepping
Warning: singular matrix:  check node xgen.b1_ac

Warning: Dynamic gmin stepping failed
Note: Starting true gmin stepping
Warning: singular matrix:  check node xgen.b1_ac

Warning: singular matrix:  check node xgen.b1_ac

Warning: singular matrix:  check node xgen.b1_ac

Warning: singular matrix:  check node xgen.b1_ac

Warning: True gmin stepping failed
Note: Starting source stepping
Warning: source stepping failed
Note: Transient op started
Note: Transient op finished successfully
