
Note: No compatibility mode selected!


Circuit: * production ac-coupled wideband trnoise 10-seg rate map rate 3.0 gs/s seg 2

Doing analysis at TEMP = 27.000000 and TNOM = 27.000000

Using SPARSE 1.3 as Direct Linear Solver

No. of Data Rows : 1
Doing analysis at TEMP = 27.000000 and TNOM = 27.000000

Using SPARSE 1.3 as Direct Linear Solver

Initial Transient Solution
--------------------------

Node                                   Voltage
----                                   -------
gen_n                                  2.37119
xgen.b1_q1                            0.872018
xgen.e                               0.0779563
xgen.xq1.s1                        9.47062e-10
xgen.xq1.t                             3.24135
gen_p                                  2.37119
xgen.b2_q2                            0.872018
xgen.xq2.s1                        9.47062e-10
xgen.xq2.t                             3.24135
vcc_hbt                                    2.5
xgen.b_cm                                0.872
xgen.b2_ac                                   0
xgen.b1_ac                                   0
xamp.in_p_q1                           2.37082
xamp.in_n_q2                           2.37082
xamp.c1_n                              1.95117
xamp.e1_1                              1.48176
xamp.xq1.s1                        1.90688e-09
xamp.xq1.t                             6.54928
xamp.c1_p                              1.95117
xamp.e1_2                              1.48176
xamp.xq2.s1                        1.90688e-09
xamp.xq2.t                             6.54928
xamp.e1_common                         1.44741
xamp.b2_p                              1.13706
xamp.xqef1.s1                       9.9654e-10
xamp.xqef1.t                            3.4824
xamp.b2_n                              1.13706
xamp.xqef2.s1                       9.9654e-10
xamp.xqef2.t                            3.4824
amp_n                                  2.38763
xamp.e2_1                             0.301216
xamp.xq3.s1                        9.48338e-10
xamp.xq3.t                             11.0582
amp_p                                  2.38763
xamp.e2_2                             0.301216
xamp.xq4.s1                        9.48338e-10
xamp.xq4.t                             11.0582
xamp.e2_common                        0.294233
xcomp.in_p_int                         2.38759
xcomp.in_n_int                         2.38759
clk_p                                    0.775
xcomp.clk_p_int                       0.774995
clk_n                                    0.925
xcomp.clk_n_int                       0.924559
xcomp.b_latch_p                        1.56126
xcomp.xqef_in1.s1                  9.94704e-10
xcomp.xqef_in1.t                        3.3271
xcomp.b_latch_n                        1.56126
xcomp.xqef_in2.s1                  9.94704e-10
xcomp.xqef_in2.t                        3.3271
xcomp.e_track                         0.817155
xcomp.e_tail                         0.0116748
xcomp.xqclk_track.s1               3.26893e-10
xcomp.xqclk_track.t                   0.355343
xcomp.e_latch                          1.46391
xcomp.xqclk_latch.s1                5.8272e-10
xcomp.xqclk_latch.t                    32.3035
xcomp.c_n                              2.34023
xcomp.xq1.s1                       9.36527e-10
xcomp.xq1.t                           0.335461
xcomp.c_p                              2.34023
xcomp.xq2.s1                       9.36527e-10
xcomp.xq2.t                           0.335461
xcomp.xq3.s1                       9.18256e-10
xcomp.xq3.t                            9.73263
xcomp.xq4.s1                       9.18256e-10
xcomp.xq4.t                            9.73263
xcomp.ef_p                             1.50725
xcomp.xqef1.s1                       9.935e-10
xcomp.xqef1.t                          4.24437
xcomp.ef_n                             1.50725
xcomp.xqef2.s1                       9.935e-10
xcomp.xqef2.t                          4.24437
xcomp.g_p                             0.754713
xcomp.g_n                             0.754713
xcomp.cml_out_p                      0.0367696
xcomp.xqbuf1.s1                    1.00067e-09
xcomp.xqbuf1.t                        0.209938
xcomp.cml_out_n                      0.0367696
xcomp.xqbuf2.s1                    1.00067e-09
xcomp.xqbuf2.t                        0.209938
vdd                                        1.2
vclk_n#branch                      -4.4055e-06
vclk_p#branch                     -4.91743e-08
vdd#branch                                   0
vcc_hbt#branch                      -0.0097389
v.xgen.vbm#branch                   3.5587e-06

 Reference value :  2.18000e-10
 Reference value :  6.94000e-10
 Reference value :  1.14800e-09
 Reference value :  1.59682e-09
 Reference value :  1.91082e-09
 Reference value :  2.29035e-09
 Reference value :  2.75541e-09
 Reference value :  3.21941e-09
 Reference value :  3.65341e-09
 Reference value :  4.10800e-09
 Reference value :  4.57835e-09
 Reference value :  4.98000e-09
 Reference value :  5.43012e-09
 Reference value :  5.85941e-09
 Reference value :  6.31082e-09
 Reference value :  6.77741e-09
 Reference value :  7.22882e-09
 Reference value :  7.58141e-09
 Reference value :  7.87682e-09
 Reference value :  8.23800e-09
 Reference value :  8.64682e-09
 Reference value :  9.05835e-09
 Reference value :  9.49685e-09
 Reference value :  9.91000e-09
 Reference value :  1.03124e-08
 Reference value :  1.07444e-08
 Reference value :  1.11841e-08
 Reference value :  1.16094e-08
 Reference value :  1.20468e-08
 Reference value :  1.24854e-08
 Reference value :  1.29434e-08
 Reference value :  1.33948e-08
 Reference value :  1.38561e-08
 Reference value :  1.42900e-08
 Reference value :  1.47408e-08
 Reference value :  1.51781e-08
 Reference value :  1.56074e-08
 Reference value :  1.60828e-08
 Reference value :  1.65714e-08
 Reference value :  1.70195e-08
 Reference value :  1.74850e-08
 Reference value :  1.79144e-08
 Reference value :  1.83608e-08
 Reference value :  1.88048e-08
 Reference value :  1.92560e-08
 Reference value :  1.97101e-08
 Reference value :  2.01760e-08
 Reference value :  2.06128e-08
 Reference value :  2.10274e-08
 Reference value :  2.14721e-08
 Reference value :  2.19140e-08
 Reference value :  2.23234e-08
 Reference value :  2.27480e-08
 Reference value :  2.31920e-08
 Reference value :  2.36161e-08
 Reference value :  2.39941e-08
 Reference value :  2.44414e-08
 Reference value :  2.48588e-08
 Reference value :  2.52834e-08
 Reference value :  2.57020e-08
 Reference value :  2.61448e-08
 Reference value :  2.65704e-08
 Reference value :  2.69840e-08
 Reference value :  2.74168e-08
 Reference value :  2.78394e-08
 Reference value :  2.82494e-08
 Reference value :  2.86833e-08
 Reference value :  2.91148e-08
 Reference value :  2.95501e-08
 Reference value :  2.99801e-08
 Reference value :  3.04401e-08
 Reference value :  3.08644e-08
 Reference value :  3.12668e-08
 Reference value :  3.16468e-08
 Reference value :  3.20420e-08
 Reference value :  3.24660e-08
 Reference value :  3.28980e-08
 Reference value :  3.33100e-08
 Reference value :  3.36961e-08
 Reference value :  3.40234e-08
 Reference value :  3.44628e-08
 Reference value :  3.48960e-08
 Reference value :  3.53014e-08
 Reference value :  3.57254e-08
 Reference value :  3.61623e-08
 Reference value :  3.66014e-08
 Reference value :  3.69964e-08
 Reference value :  3.74354e-08
 Reference value :  3.78784e-08
 Reference value :  3.82921e-08
 Reference value :  3.87160e-08
 Reference value :  3.91564e-08
 Reference value :  3.95841e-08
 Reference value :  4.00244e-08
 Reference value :  4.04794e-08
 Reference value :  4.09180e-08
 Reference value :  4.13640e-08
 Reference value :  4.18159e-08
 Reference value :  4.22564e-08
 Reference value :  4.27361e-08
 Reference value :  4.31900e-08
 Reference value :  4.36200e-08
 Reference value :  4.39956e-08
 Reference value :  4.44141e-08
 Reference value :  4.47968e-08
 Reference value :  4.52040e-08
 Reference value :  4.55047e-08
 Reference value :  4.59034e-08
 Reference value :  4.63564e-08
 Reference value :  4.68348e-08
 Reference value :  4.72674e-08
 Reference value :  4.77188e-08
 Reference value :  4.81840e-08
 Reference value :  4.86080e-08
 Reference value :  4.90334e-08
 Reference value :  4.95033e-08
 Reference value :  4.99464e-08
 Reference value :  5.03248e-08
 Reference value :  5.07041e-08
 Reference value :  5.11800e-08
 Reference value :  5.15364e-08
 Reference value :  5.19268e-08
 Reference value :  5.23780e-08
 Reference value :  5.28574e-08
 Reference value :  5.32921e-08
 Reference value :  5.36784e-08
 Reference value :  5.41479e-08
 Reference value :  5.46084e-08
 Reference value :  5.50674e-08
 Reference value :  5.55300e-08
 Reference value :  5.59688e-08
 Reference value :  5.63334e-08
 Reference value :  5.67981e-08
 Reference value :  5.72384e-08
 Reference value :  5.76754e-08
 Reference value :  5.80820e-08
 Reference value :  5.85424e-08
 Reference value :  5.89534e-08
 Reference value :  5.93884e-08
 Reference value :  5.98654e-08
 Reference value :  6.03054e-08
 Reference value :  6.07664e-08
 Reference value :  6.12121e-08
 Reference value :  6.16603e-08
 Reference value :  6.21380e-08
 Reference value :  6.25954e-08
 Reference value :  6.30701e-08
 Reference value :  6.35381e-08
 Reference value :  6.39880e-08
 Reference value :  6.44761e-08
 Reference value :  6.49160e-08
 Reference value :  6.53515e-08
 Reference value :  6.58100e-08
 Reference value :  6.62540e-08
 Reference value :  6.67360e-08
 Reference value :  6.72188e-08
 Reference value :  6.76524e-08
 Reference value :  6.80881e-08
 Reference value :  6.85188e-08
 Reference value :  6.89374e-08
 Reference value :  6.93841e-08
 Reference value :  6.98574e-08
 Reference value :  7.03114e-08
 Reference value :  7.07724e-08
 Reference value :  7.12364e-08
 Reference value :  7.16681e-08
 Reference value :  7.21261e-08
 Reference value :  7.25608e-08
 Reference value :  7.29974e-08
 Reference value :  7.34774e-08
 Reference value :  7.39141e-08
 Reference value :  7.43560e-08
 Reference value :  7.48169e-08
 Reference value :  7.52554e-08
 Reference value :  7.56943e-08
 Reference value :  7.61361e-08
 Reference value :  7.65501e-08
 Reference value :  7.69701e-08
 Reference value :  7.73824e-08
 Reference value :  7.77888e-08
 Reference value :  7.81908e-08
 Reference value :  7.86268e-08
 Reference value :  7.90954e-08
 Reference value :  7.95741e-08
 Reference value :  8.00028e-08
 Reference value :  8.03780e-08
 Reference value :  8.08180e-08
 Reference value :  8.12561e-08
 Reference value :  8.17088e-08
 Reference value :  8.21603e-08
 Reference value :  8.26028e-08
 Reference value :  8.30714e-08
 Reference value :  8.35140e-08
 Reference value :  8.39314e-08
 Reference value :  8.43428e-08
 Reference value :  8.48228e-08
 Reference value :  8.52600e-08
 Reference value :  8.56974e-08
 Reference value :  8.61521e-08
 Reference value :  8.66144e-08
 Reference value :  8.70744e-08
 Reference value :  8.75401e-08
 Reference value :  8.79764e-08
 Reference value :  8.83921e-08
 Reference value :  8.88448e-08
 Reference value :  8.92901e-08
 Reference value :  8.97581e-08
 Reference value :  9.01948e-08
 Reference value :  9.06144e-08
 Reference value :  9.10760e-08
 Reference value :  9.15540e-08
 Reference value :  9.20048e-08
 Reference value :  9.24661e-08
 Reference value :  9.29188e-08
 Reference value :  9.33488e-08
 Reference value :  9.38181e-08
 Reference value :  9.42424e-08
 Reference value :  9.46828e-08
 Reference value :  9.51439e-08
 Reference value :  9.55868e-08
 Reference value :  9.60103e-08
 Reference value :  9.64360e-08
 Reference value :  9.68824e-08
 Reference value :  9.73263e-08
 Reference value :  9.77834e-08
 Reference value :  9.82354e-08
 Reference value :  9.86834e-08
 Reference value :  9.91581e-08
 Reference value :  9.96194e-08
 Reference value :  1.00074e-07
 Reference value :  1.00533e-07
 Reference value :  1.00970e-07
 Reference value :  1.01401e-07
 Reference value :  1.01877e-07
 Reference value :  1.02307e-07
 Reference value :  1.02756e-07
 Reference value :  1.03216e-07
 Reference value :  1.03634e-07
 Reference value :  1.04076e-07
 Reference value :  1.04532e-07
 Reference value :  1.04954e-07
 Reference value :  1.05412e-07
 Reference value :  1.05859e-07
 Reference value :  1.06305e-07
 Reference value :  1.06748e-07
 Reference value :  1.07224e-07
 Reference value :  1.07676e-07
 Reference value :  1.08138e-07
 Reference value :  1.08562e-07
 Reference value :  1.08989e-07
 Reference value :  1.09437e-07
 Reference value :  1.09888e-07
 Reference value :  1.10307e-07
 Reference value :  1.10775e-07
 Reference value :  1.11206e-07
 Reference value :  1.11652e-07
 Reference value :  1.12105e-07
 Reference value :  1.12542e-07
 Reference value :  1.12937e-07
 Reference value :  1.13390e-07
 Reference value :  1.13851e-07
 Reference value :  1.14278e-07
 Reference value :  1.14724e-07
 Reference value :  1.15192e-07
 Reference value :  1.15610e-07
 Reference value :  1.16034e-07
 Reference value :  1.16460e-07
 Reference value :  1.16902e-07
 Reference value :  1.17324e-07
 Reference value :  1.17778e-07
 Reference value :  1.18219e-07
 Reference value :  1.18629e-07
 Reference value :  1.19078e-07
 Reference value :  1.19549e-07
 Reference value :  1.20005e-07
 Reference value :  1.20482e-07
 Reference value :  1.20931e-07
 Reference value :  1.21375e-07
 Reference value :  1.21848e-07
 Reference value :  1.22262e-07
 Reference value :  1.22634e-07
 Reference value :  1.23098e-07
 Reference value :  1.23555e-07
 Reference value :  1.23999e-07
 Reference value :  1.24486e-07
 Reference value :  1.24935e-07
 Reference value :  1.25398e-07
 Reference value :  1.25860e-07
 Reference value :  1.26308e-07
 Reference value :  1.26791e-07
 Reference value :  1.27214e-07
 Reference value :  1.27647e-07
 Reference value :  1.28105e-07
 Reference value :  1.28540e-07
 Reference value :  1.28989e-07
 Reference value :  1.29466e-07
 Reference value :  1.29902e-07
 Reference value :  1.30341e-07
 Reference value :  1.30833e-07
 Reference value :  1.31277e-07
 Reference value :  1.31728e-07
 Reference value :  1.32199e-07
 Reference value :  1.32658e-07
 Reference value :  1.33132e-07
 Reference value :  1.33601e-07
 Reference value :  1.34048e-07
 Reference value :  1.34505e-07
 Reference value :  1.34949e-07
 Reference value :  1.35411e-07
 Reference value :  1.35888e-07
 Reference value :  1.36349e-07
 Reference value :  1.36839e-07
 Reference value :  1.37256e-07
 Reference value :  1.37716e-07
 Reference value :  1.38182e-07
 Reference value :  1.38614e-07
 Reference value :  1.39072e-07
 Reference value :  1.39557e-07
 Reference value :  1.39963e-07
 Reference value :  1.40436e-07
 Reference value :  1.40902e-07
 Reference value :  1.41319e-07
 Reference value :  1.41774e-07
 Reference value :  1.42232e-07
 Reference value :  1.42692e-07
 Reference value :  1.43158e-07
 Reference value :  1.43593e-07
 Reference value :  1.44036e-07
 Reference value :  1.44485e-07
 Reference value :  1.44947e-07
 Reference value :  1.45410e-07
 Reference value :  1.45840e-07
 Reference value :  1.46296e-07
 Reference value :  1.46750e-07
 Reference value :  1.47203e-07
 Reference value :  1.47644e-07
 Reference value :  1.48115e-07
 Reference value :  1.48576e-07
 Reference value :  1.49010e-07
 Reference value :  1.49484e-07
 Reference value :  1.49931e-07
 Reference value :  1.50359e-07
 Reference value :  1.50832e-07
 Reference value :  1.51265e-07
 Reference value :  1.51719e-07
 Reference value :  1.52158e-07
 Reference value :  1.52608e-07
 Reference value :  1.53082e-07
 Reference value :  1.53561e-07
 Reference value :  1.54010e-07
 Reference value :  1.54485e-07
 Reference value :  1.54944e-07
 Reference value :  1.55389e-07
 Reference value :  1.55855e-07
 Reference value :  1.56300e-07
 Reference value :  1.56747e-07
 Reference value :  1.57180e-07
 Reference value :  1.57584e-07
 Reference value :  1.58064e-07
 Reference value :  1.58536e-07
 Reference value :  1.58993e-07
 Reference value :  1.59482e-07
 Reference value :  1.59922e-07
 Reference value :  1.60361e-07
 Reference value :  1.60829e-07
 Reference value :  1.61276e-07
 Reference value :  1.61732e-07
 Reference value :  1.62204e-07
 Reference value :  1.62646e-07
 Reference value :  1.63125e-07
 Reference value :  1.63595e-07
 Reference value :  1.64053e-07
 Reference value :  1.64530e-07
 Reference value :  1.64947e-07
 Reference value :  1.65428e-07
 Reference value :  1.65888e-07
 Reference value :  1.66359e-07
 Reference value :  1.66784e-07
 Reference value :  1.67223e-07
 Reference value :  1.67670e-07
 Reference value :  1.68157e-07
 Reference value :  1.68594e-07
 Reference value :  1.69035e-07
 Reference value :  1.69495e-07
 Reference value :  1.69925e-07
 Reference value :  1.70381e-07
 Reference value :  1.70830e-07
 Reference value :  1.71282e-07
 Reference value :  1.71763e-07
 Reference value :  1.72221e-07
 Reference value :  1.72669e-07
 Reference value :  1.73145e-07
 Reference value :  1.73577e-07
 Reference value :  1.74037e-07
 Reference value :  1.74519e-07
 Reference value :  1.74963e-07
 Reference value :  1.75396e-07
 Reference value :  1.75880e-07
 Reference value :  1.76318e-07
 Reference value :  1.76770e-07
 Reference value :  1.77226e-07
 Reference value :  1.77668e-07
 Reference value :  1.78126e-07
 Reference value :  1.78569e-07
 Reference value :  1.79026e-07
 Reference value :  1.79511e-07
 Reference value :  1.79928e-07
 Reference value :  1.80286e-07
 Reference value :  1.80637e-07
 Reference value :  1.80983e-07
 Reference value :  1.81358e-07
 Reference value :  1.81701e-07
 Reference value :  1.82124e-07
 Reference value :  1.82586e-07
 Reference value :  1.83051e-07
 Reference value :  1.83514e-07
 Reference value :  1.83964e-07
 Reference value :  1.84426e-07
 Reference value :  1.84855e-07
 Reference value :  1.85304e-07
 Reference value :  1.85748e-07
 Reference value :  1.86196e-07
 Reference value :  1.86556e-07
 Reference value :  1.87001e-07
 Reference value :  1.87460e-07
 Reference value :  1.87924e-07
 Reference value :  1.88406e-07
 Reference value :  1.88877e-07
 Reference value :  1.89322e-07
 Reference value :  1.89806e-07
 Reference value :  1.90249e-07
 Reference value :  1.90687e-07
 Reference value :  1.91154e-07
 Reference value :  1.91600e-07
 Reference value :  1.92073e-07
 Reference value :  1.92554e-07
 Reference value :  1.93001e-07
 Reference value :  1.93419e-07
 Reference value :  1.93862e-07
 Reference value :  1.94305e-07
 Reference value :  1.94753e-07
 Reference value :  1.95218e-07
 Reference value :  1.95661e-07
 Reference value :  1.96129e-07
 Reference value :  1.96576e-07
 Reference value :  1.97022e-07
 Reference value :  1.97499e-07
 Reference value :  1.97965e-07
 Reference value :  1.98464e-07
 Reference value :  1.98914e-07
 Reference value :  1.99378e-07
 Reference value :  1.99893e-07
No. of Data Rows : 511173
ngspice-46 done

=== STDERR ===
Warning: singular matrix:  check node xgen.b2_ac

Note: Starting dynamic gmin stepping
Warning: singular matrix:  check node xgen.b1_ac

Warning: Dynamic gmin stepping failed
Note: Starting true gmin stepping
Warning: singular matrix:  check node xgen.b1_ac

Warning: singular matrix:  check node xgen.b1_ac

Warning: singular matrix:  check node xgen.b1_ac

Warning: singular matrix:  check node xgen.b1_ac

Warning: True gmin stepping failed
Note: Starting source stepping
Warning: source stepping failed
Note: Transient op started
Note: Transient op finished successfully
