
Note: No compatibility mode selected!


Circuit: * equal-precision ac-coupled wideband trnoise rate 5.0 gs/s seg 44

Doing analysis at TEMP = 27.000000 and TNOM = 27.000000

Using SPARSE 1.3 as Direct Linear Solver

No. of Data Rows : 1
Doing analysis at TEMP = 27.000000 and TNOM = 27.000000

Using SPARSE 1.3 as Direct Linear Solver

Initial Transient Solution
--------------------------

Node                                   Voltage
----                                   -------
gen_n                                  2.37119
xgen.b1_q1                            0.872018
xgen.e                               0.0779563
xgen.xq1.s1                        9.47062e-10
xgen.xq1.t                             3.24135
gen_p                                  2.37119
xgen.b2_q2                            0.872018
xgen.xq2.s1                        9.47062e-10
xgen.xq2.t                             3.24135
vcc_hbt                                    2.5
xgen.b_cm                                0.872
xgen.b2_ac                                   0
xgen.b1_ac                                   0
xamp.in_p_q1                           2.37082
xamp.in_n_q2                           2.37082
xamp.c1_n                              1.95117
xamp.e1_1                              1.48176
xamp.xq1.s1                        1.90688e-09
xamp.xq1.t                             6.54928
xamp.c1_p                              1.95117
xamp.e1_2                              1.48176
xamp.xq2.s1                        1.90688e-09
xamp.xq2.t                             6.54928
xamp.e1_common                         1.44741
xamp.b2_p                              1.13706
xamp.xqef1.s1                       9.9654e-10
xamp.xqef1.t                            3.4824
xamp.b2_n                              1.13706
xamp.xqef2.s1                       9.9654e-10
xamp.xqef2.t                            3.4824
amp_n                                  2.38763
xamp.e2_1                             0.301216
xamp.xq3.s1                        9.48338e-10
xamp.xq3.t                             11.0582
amp_p                                  2.38763
xamp.e2_2                             0.301216
xamp.xq4.s1                        9.48338e-10
xamp.xq4.t                             11.0582
xamp.e2_common                        0.294233
xcomp.in_p_int                         2.38759
xcomp.in_n_int                         2.38759
clk_p                                    0.775
xcomp.clk_p_int                       0.774995
clk_n                                    0.925
xcomp.clk_n_int                       0.924559
xcomp.b_latch_p                        1.56126
xcomp.xqef_in1.s1                  9.94704e-10
xcomp.xqef_in1.t                        3.3271
xcomp.b_latch_n                        1.56126
xcomp.xqef_in2.s1                  9.94704e-10
xcomp.xqef_in2.t                        3.3271
xcomp.e_track                         0.817155
xcomp.e_tail                         0.0116748
xcomp.xqclk_track.s1               3.26893e-10
xcomp.xqclk_track.t                   0.355343
xcomp.e_latch                          1.46391
xcomp.xqclk_latch.s1                5.8272e-10
xcomp.xqclk_latch.t                    32.3035
xcomp.c_n                              2.34023
xcomp.xq1.s1                       9.36527e-10
xcomp.xq1.t                           0.335461
xcomp.c_p                              2.34023
xcomp.xq2.s1                       9.36527e-10
xcomp.xq2.t                           0.335461
xcomp.xq3.s1                       9.18256e-10
xcomp.xq3.t                            9.73263
xcomp.xq4.s1                       9.18256e-10
xcomp.xq4.t                            9.73263
xcomp.ef_p                             1.50725
xcomp.xqef1.s1                       9.935e-10
xcomp.xqef1.t                          4.24437
xcomp.ef_n                             1.50725
xcomp.xqef2.s1                       9.935e-10
xcomp.xqef2.t                          4.24437
xcomp.g_p                             0.754713
xcomp.g_n                             0.754713
xcomp.cml_out_p                      0.0367696
xcomp.xqbuf1.s1                    1.00067e-09
xcomp.xqbuf1.t                        0.209938
xcomp.cml_out_n                      0.0367696
xcomp.xqbuf2.s1                    1.00067e-09
xcomp.xqbuf2.t                        0.209938
vdd                                        1.2
vclk_n#branch                      -4.4055e-06
vclk_p#branch                     -4.91743e-08
vdd#branch                                   0
vcc_hbt#branch                      -0.0097389
v.xgen.vbm#branch                   3.5587e-06

 Reference value :  2.27412e-10
 Reference value :  7.26118e-10
 Reference value :  1.23035e-09
 Reference value :  1.70812e-09
 Reference value :  2.20812e-09
 Reference value :  2.68412e-09
 Reference value :  3.18141e-09
 Reference value :  3.66941e-09
 Reference value :  4.16141e-09
 Reference value :  4.65341e-09
 Reference value :  5.14235e-09
 Reference value :  5.61012e-09
 Reference value :  6.05482e-09
 Reference value :  6.56682e-09
 Reference value :  7.03412e-09
 Reference value :  7.53482e-09
 Reference value :  8.02400e-09
 Reference value :  8.51400e-09
 Reference value :  8.98000e-09
 Reference value :  9.46482e-09
 Reference value :  9.95635e-09
 Reference value :  1.04301e-08
 Reference value :  1.09221e-08
 Reference value :  1.14188e-08
 Reference value :  1.18920e-08
 Reference value :  1.23734e-08
 Reference value :  1.28644e-08
 Reference value :  1.33488e-08
 Reference value :  1.38341e-08
 Reference value :  1.43368e-08
 Reference value :  1.48180e-08
 Reference value :  1.53174e-08
 Reference value :  1.57984e-08
 Reference value :  1.62994e-08
 Reference value :  1.67541e-08
 Reference value :  1.72174e-08
 Reference value :  1.77201e-08
 Reference value :  1.82321e-08
 Reference value :  1.87404e-08
 Reference value :  1.92540e-08
 Reference value :  1.97514e-08
 Reference value :  2.02401e-08
 Reference value :  2.07328e-08
 Reference value :  2.12261e-08
 Reference value :  2.17288e-08
 Reference value :  2.22141e-08
 Reference value :  2.26801e-08
 Reference value :  2.31328e-08
 Reference value :  2.35828e-08
 Reference value :  2.40564e-08
 Reference value :  2.45340e-08
 Reference value :  2.50020e-08
 Reference value :  2.55084e-08
 Reference value :  2.60000e-08
 Reference value :  2.64914e-08
 Reference value :  2.69894e-08
 Reference value :  2.74820e-08
 Reference value :  2.79584e-08
 Reference value :  2.84224e-08
 Reference value :  2.89314e-08
 Reference value :  2.94048e-08
 Reference value :  2.99048e-08
 Reference value :  3.03894e-08
 Reference value :  3.08821e-08
 Reference value :  3.13688e-08
 Reference value :  3.18464e-08
 Reference value :  3.23168e-08
 Reference value :  3.27924e-08
 Reference value :  3.32334e-08
 Reference value :  3.37180e-08
 Reference value :  3.41841e-08
 Reference value :  3.46640e-08
 Reference value :  3.51661e-08
 Reference value :  3.56620e-08
 Reference value :  3.61341e-08
 Reference value :  3.66141e-08
 Reference value :  3.71320e-08
 Reference value :  3.75984e-08
 Reference value :  3.81108e-08
 Reference value :  3.86081e-08
 Reference value :  3.91040e-08
 Reference value :  3.95600e-08
 Reference value :  4.00061e-08
 Reference value :  4.04464e-08
 Reference value :  4.09321e-08
 Reference value :  4.14400e-08
 Reference value :  4.19580e-08
 Reference value :  4.24714e-08
 Reference value :  4.29541e-08
 Reference value :  4.34464e-08
 Reference value :  4.39201e-08
 Reference value :  4.43760e-08
 Reference value :  4.48328e-08
 Reference value :  4.52834e-08
 Reference value :  4.57668e-08
 Reference value :  4.62841e-08
 Reference value :  4.67481e-08
 Reference value :  4.72000e-08
 Reference value :  4.76814e-08
 Reference value :  4.81514e-08
 Reference value :  4.86304e-08
 Reference value :  4.91234e-08
 Reference value :  4.96020e-08
 Reference value :  5.00981e-08
 Reference value :  5.05860e-08
 Reference value :  5.10400e-08
 Reference value :  5.15324e-08
 Reference value :  5.20044e-08
 Reference value :  5.25154e-08
 Reference value :  5.30081e-08
 Reference value :  5.34794e-08
 Reference value :  5.39134e-08
 Reference value :  5.43704e-08
 Reference value :  5.48544e-08
 Reference value :  5.53308e-08
 Reference value :  5.58181e-08
 Reference value :  5.63100e-08
 Reference value :  5.67974e-08
 Reference value :  5.72934e-08
 Reference value :  5.77694e-08
 Reference value :  5.82540e-08
 Reference value :  5.87440e-08
 Reference value :  5.92128e-08
 Reference value :  5.96920e-08
 Reference value :  6.01844e-08
 Reference value :  6.06360e-08
 Reference value :  6.11480e-08
 Reference value :  6.16141e-08
 Reference value :  6.21174e-08
 Reference value :  6.26001e-08
 Reference value :  6.31034e-08
 Reference value :  6.35980e-08
 Reference value :  6.40948e-08
 Reference value :  6.45641e-08
 Reference value :  6.50384e-08
 Reference value :  6.55334e-08
 Reference value :  6.60020e-08
 Reference value :  6.64940e-08
 Reference value :  6.69934e-08
 Reference value :  6.74344e-08
 Reference value :  6.79334e-08
 Reference value :  6.84014e-08
 Reference value :  6.88864e-08
 Reference value :  6.93828e-08
 Reference value :  6.98664e-08
 Reference value :  7.03404e-08
 Reference value :  7.08001e-08
 Reference value :  7.12774e-08
 Reference value :  7.17521e-08
 Reference value :  7.22234e-08
 Reference value :  7.27004e-08
 Reference value :  7.31721e-08
 Reference value :  7.36428e-08
 Reference value :  7.41254e-08
 Reference value :  7.45894e-08
 Reference value :  7.50641e-08
 Reference value :  7.55501e-08
 Reference value :  7.60321e-08
 Reference value :  7.65300e-08
 Reference value :  7.70280e-08
 Reference value :  7.75344e-08
 Reference value :  7.80028e-08
 Reference value :  7.84614e-08
 Reference value :  7.88974e-08
 Reference value :  7.93668e-08
 Reference value :  7.98440e-08
 Reference value :  8.03374e-08
 Reference value :  8.08100e-08
 Reference value :  8.13248e-08
 Reference value :  8.17888e-08
 Reference value :  8.22424e-08
 Reference value :  8.27268e-08
 Reference value :  8.32004e-08
 Reference value :  8.36834e-08
 Reference value :  8.41548e-08
 Reference value :  8.46414e-08
 Reference value :  8.51134e-08
 Reference value :  8.55954e-08
 Reference value :  8.60688e-08
 Reference value :  8.65274e-08
 Reference value :  8.69361e-08
 Reference value :  8.73894e-08
 Reference value :  8.78324e-08
 Reference value :  8.83260e-08
 Reference value :  8.87708e-08
 Reference value :  8.92460e-08
 Reference value :  8.97368e-08
 Reference value :  9.01881e-08
 Reference value :  9.06588e-08
 Reference value :  9.11520e-08
 Reference value :  9.15828e-08
 Reference value :  9.20260e-08
 Reference value :  9.25220e-08
 Reference value :  9.30004e-08
 Reference value :  9.34921e-08
 Reference value :  9.39861e-08
 Reference value :  9.44788e-08
 Reference value :  9.49720e-08
 Reference value :  9.54648e-08
 Reference value :  9.59054e-08
 Reference value :  9.63774e-08
 Reference value :  9.68744e-08
 Reference value :  9.73714e-08
 Reference value :  9.78264e-08
 Reference value :  9.83100e-08
 Reference value :  9.87794e-08
 Reference value :  9.92504e-08
 Reference value :  9.97360e-08
 Reference value :  1.00208e-07
 Reference value :  1.00716e-07
 Reference value :  1.01197e-07
 Reference value :  1.01670e-07
 Reference value :  1.02147e-07
 Reference value :  1.02628e-07
 Reference value :  1.03092e-07
 Reference value :  1.03565e-07
 Reference value :  1.04040e-07
 Reference value :  1.04506e-07
 Reference value :  1.04961e-07
 Reference value :  1.05426e-07
 Reference value :  1.05907e-07
 Reference value :  1.06380e-07
 Reference value :  1.06876e-07
 Reference value :  1.07357e-07
 Reference value :  1.07812e-07
 Reference value :  1.08301e-07
 Reference value :  1.08785e-07
 Reference value :  1.09282e-07
 Reference value :  1.09761e-07
 Reference value :  1.10156e-07
 Reference value :  1.10612e-07
 Reference value :  1.11112e-07
 Reference value :  1.11570e-07
 Reference value :  1.12047e-07
 Reference value :  1.12524e-07
 Reference value :  1.12992e-07
 Reference value :  1.13454e-07
 Reference value :  1.13907e-07
 Reference value :  1.14382e-07
 Reference value :  1.14861e-07
 Reference value :  1.15338e-07
 Reference value :  1.15732e-07
 Reference value :  1.16172e-07
 Reference value :  1.16673e-07
 Reference value :  1.17162e-07
 Reference value :  1.17638e-07
 Reference value :  1.18134e-07
 Reference value :  1.18589e-07
 Reference value :  1.19035e-07
 Reference value :  1.19504e-07
 Reference value :  1.19954e-07
 Reference value :  1.20431e-07
 Reference value :  1.20892e-07
 Reference value :  1.21348e-07
 Reference value :  1.21814e-07
 Reference value :  1.22306e-07
 Reference value :  1.22776e-07
 Reference value :  1.23279e-07
 Reference value :  1.23746e-07
 Reference value :  1.24213e-07
 Reference value :  1.24701e-07
 Reference value :  1.25178e-07
 Reference value :  1.25668e-07
 Reference value :  1.26161e-07
 Reference value :  1.26646e-07
 Reference value :  1.27137e-07
 Reference value :  1.27582e-07
 Reference value :  1.28023e-07
 Reference value :  1.28517e-07
 Reference value :  1.28955e-07
 Reference value :  1.29413e-07
 Reference value :  1.29854e-07
 Reference value :  1.30362e-07
 Reference value :  1.30852e-07
 Reference value :  1.31358e-07
 Reference value :  1.31862e-07
 Reference value :  1.32371e-07
 Reference value :  1.32844e-07
 Reference value :  1.33333e-07
 Reference value :  1.33809e-07
 Reference value :  1.34316e-07
 Reference value :  1.34810e-07
 Reference value :  1.35295e-07
 Reference value :  1.35775e-07
 Reference value :  1.36245e-07
 Reference value :  1.36754e-07
 Reference value :  1.37264e-07
 Reference value :  1.37772e-07
 Reference value :  1.38288e-07
 Reference value :  1.38766e-07
 Reference value :  1.39245e-07
 Reference value :  1.39721e-07
 Reference value :  1.40198e-07
 Reference value :  1.40702e-07
 Reference value :  1.41191e-07
 Reference value :  1.41674e-07
 Reference value :  1.42162e-07
 Reference value :  1.42619e-07
 Reference value :  1.43112e-07
 Reference value :  1.43587e-07
 Reference value :  1.44047e-07
 Reference value :  1.44517e-07
 Reference value :  1.44993e-07
 Reference value :  1.45508e-07
 Reference value :  1.45999e-07
 Reference value :  1.46489e-07
 Reference value :  1.46948e-07
 Reference value :  1.47432e-07
 Reference value :  1.47932e-07
 Reference value :  1.48398e-07
 Reference value :  1.48889e-07
 Reference value :  1.49387e-07
 Reference value :  1.49892e-07
 Reference value :  1.50344e-07
 Reference value :  1.50846e-07
 Reference value :  1.51344e-07
 Reference value :  1.51851e-07
 Reference value :  1.52352e-07
 Reference value :  1.52822e-07
 Reference value :  1.53266e-07
 Reference value :  1.53750e-07
 Reference value :  1.54234e-07
 Reference value :  1.54696e-07
 Reference value :  1.55150e-07
 Reference value :  1.55597e-07
 Reference value :  1.56084e-07
 Reference value :  1.56552e-07
 Reference value :  1.57006e-07
 Reference value :  1.57478e-07
 Reference value :  1.57932e-07
 Reference value :  1.58400e-07
 Reference value :  1.58892e-07
 Reference value :  1.59366e-07
 Reference value :  1.59799e-07
 Reference value :  1.60287e-07
 Reference value :  1.60764e-07
 Reference value :  1.61238e-07
 Reference value :  1.61717e-07
 Reference value :  1.62197e-07
 Reference value :  1.62708e-07
 Reference value :  1.63198e-07
 Reference value :  1.63684e-07
 Reference value :  1.64181e-07
 Reference value :  1.64669e-07
 Reference value :  1.65155e-07
 Reference value :  1.65617e-07
 Reference value :  1.66113e-07
 Reference value :  1.66574e-07
 Reference value :  1.67062e-07
 Reference value :  1.67533e-07
 Reference value :  1.68009e-07
 Reference value :  1.68489e-07
 Reference value :  1.68985e-07
 Reference value :  1.69494e-07
 Reference value :  1.69993e-07
 Reference value :  1.70490e-07
 Reference value :  1.70961e-07
 Reference value :  1.71454e-07
 Reference value :  1.71937e-07
 Reference value :  1.72420e-07
 Reference value :  1.72918e-07
 Reference value :  1.73410e-07
 Reference value :  1.73906e-07
 Reference value :  1.74403e-07
 Reference value :  1.74896e-07
 Reference value :  1.75382e-07
 Reference value :  1.75872e-07
 Reference value :  1.76360e-07
 Reference value :  1.76813e-07
 Reference value :  1.77298e-07
 Reference value :  1.77768e-07
 Reference value :  1.78199e-07
 Reference value :  1.78699e-07
 Reference value :  1.79165e-07
 Reference value :  1.79643e-07
 Reference value :  1.80135e-07
 Reference value :  1.80626e-07
 Reference value :  1.81105e-07
 Reference value :  1.81566e-07
 Reference value :  1.82021e-07
 Reference value :  1.82516e-07
 Reference value :  1.83003e-07
 Reference value :  1.83491e-07
 Reference value :  1.83966e-07
 Reference value :  1.84458e-07
 Reference value :  1.84943e-07
 Reference value :  1.85401e-07
 Reference value :  1.85896e-07
 Reference value :  1.86354e-07
 Reference value :  1.86833e-07
 Reference value :  1.87328e-07
 Reference value :  1.87818e-07
 Reference value :  1.88303e-07
 Reference value :  1.88777e-07
 Reference value :  1.89251e-07
 Reference value :  1.89763e-07
 Reference value :  1.90242e-07
 Reference value :  1.90723e-07
 Reference value :  1.91211e-07
 Reference value :  1.91720e-07
 Reference value :  1.92197e-07
 Reference value :  1.92697e-07
 Reference value :  1.93185e-07
 Reference value :  1.93676e-07
 Reference value :  1.94147e-07
 Reference value :  1.94584e-07
 Reference value :  1.95034e-07
 Reference value :  1.95508e-07
 Reference value :  1.95978e-07
 Reference value :  1.96458e-07
 Reference value :  1.96931e-07
 Reference value :  1.97416e-07
 Reference value :  1.97916e-07
 Reference value :  1.98407e-07
 Reference value :  1.98909e-07
 Reference value :  1.99390e-07
 Reference value :  1.99888e-07
No. of Data Rows : 500010
ngspice-46 done

=== STDERR ===
Warning: singular matrix:  check node xgen.b2_ac

Note: Starting dynamic gmin stepping
Warning: singular matrix:  check node xgen.b1_ac

Warning: Dynamic gmin stepping failed
Note: Starting true gmin stepping
Warning: singular matrix:  check node xgen.b1_ac

Warning: singular matrix:  check node xgen.b1_ac

Warning: singular matrix:  check node xgen.b1_ac

Warning: singular matrix:  check node xgen.b1_ac

Warning: True gmin stepping failed
Note: Starting source stepping
Warning: source stepping failed
Note: Transient op started
Note: Transient op finished successfully
