
Note: No compatibility mode selected!


Circuit: * production ac-coupled wideband trnoise 10-seg rate map rate 3.0 gs/s seg 1

Doing analysis at TEMP = 27.000000 and TNOM = 27.000000

Using SPARSE 1.3 as Direct Linear Solver

No. of Data Rows : 1
Doing analysis at TEMP = 27.000000 and TNOM = 27.000000

Using SPARSE 1.3 as Direct Linear Solver

Initial Transient Solution
--------------------------

Node                                   Voltage
----                                   -------
gen_n                                  2.37119
xgen.b1_q1                            0.872018
xgen.e                               0.0779563
xgen.xq1.s1                        9.47062e-10
xgen.xq1.t                             3.24135
gen_p                                  2.37119
xgen.b2_q2                            0.872018
xgen.xq2.s1                        9.47062e-10
xgen.xq2.t                             3.24135
vcc_hbt                                    2.5
xgen.b_cm                                0.872
xgen.b2_ac                                   0
xgen.b1_ac                                   0
xamp.in_p_q1                           2.37082
xamp.in_n_q2                           2.37082
xamp.c1_n                              1.95117
xamp.e1_1                              1.48176
xamp.xq1.s1                        1.90688e-09
xamp.xq1.t                             6.54928
xamp.c1_p                              1.95117
xamp.e1_2                              1.48176
xamp.xq2.s1                        1.90688e-09
xamp.xq2.t                             6.54928
xamp.e1_common                         1.44741
xamp.b2_p                              1.13706
xamp.xqef1.s1                       9.9654e-10
xamp.xqef1.t                            3.4824
xamp.b2_n                              1.13706
xamp.xqef2.s1                       9.9654e-10
xamp.xqef2.t                            3.4824
amp_n                                  2.38763
xamp.e2_1                             0.301216
xamp.xq3.s1                        9.48338e-10
xamp.xq3.t                             11.0582
amp_p                                  2.38763
xamp.e2_2                             0.301216
xamp.xq4.s1                        9.48338e-10
xamp.xq4.t                             11.0582
xamp.e2_common                        0.294233
xcomp.in_p_int                         2.38759
xcomp.in_n_int                         2.38759
clk_p                                    0.775
xcomp.clk_p_int                       0.774995
clk_n                                    0.925
xcomp.clk_n_int                       0.924559
xcomp.b_latch_p                        1.56126
xcomp.xqef_in1.s1                  9.94704e-10
xcomp.xqef_in1.t                        3.3271
xcomp.b_latch_n                        1.56126
xcomp.xqef_in2.s1                  9.94704e-10
xcomp.xqef_in2.t                        3.3271
xcomp.e_track                         0.817155
xcomp.e_tail                         0.0116748
xcomp.xqclk_track.s1               3.26893e-10
xcomp.xqclk_track.t                   0.355343
xcomp.e_latch                          1.46391
xcomp.xqclk_latch.s1                5.8272e-10
xcomp.xqclk_latch.t                    32.3035
xcomp.c_n                              2.34023
xcomp.xq1.s1                       9.36527e-10
xcomp.xq1.t                           0.335461
xcomp.c_p                              2.34023
xcomp.xq2.s1                       9.36527e-10
xcomp.xq2.t                           0.335461
xcomp.xq3.s1                       9.18256e-10
xcomp.xq3.t                            9.73263
xcomp.xq4.s1                       9.18256e-10
xcomp.xq4.t                            9.73263
xcomp.ef_p                             1.50725
xcomp.xqef1.s1                       9.935e-10
xcomp.xqef1.t                          4.24437
xcomp.ef_n                             1.50725
xcomp.xqef2.s1                       9.935e-10
xcomp.xqef2.t                          4.24437
xcomp.g_p                             0.754713
xcomp.g_n                             0.754713
xcomp.cml_out_p                      0.0367696
xcomp.xqbuf1.s1                    1.00067e-09
xcomp.xqbuf1.t                        0.209938
xcomp.cml_out_n                      0.0367696
xcomp.xqbuf2.s1                    1.00067e-09
xcomp.xqbuf2.t                        0.209938
vdd                                        1.2
vclk_n#branch                      -4.4055e-06
vclk_p#branch                     -4.91743e-08
vdd#branch                                   0
vcc_hbt#branch                      -0.0097389
v.xgen.vbm#branch                   3.5587e-06

 Reference value :  1.86348e-10
 Reference value :  6.42824e-10
 Reference value :  1.08235e-09
 Reference value :  1.56482e-09
 Reference value :  1.97435e-09
 Reference value :  2.43682e-09
 Reference value :  2.89482e-09
 Reference value :  3.33635e-09
 Reference value :  3.77741e-09
 Reference value :  4.21012e-09
 Reference value :  4.63400e-09
 Reference value :  5.02634e-09
 Reference value :  5.43400e-09
 Reference value :  5.88341e-09
 Reference value :  6.32941e-09
 Reference value :  6.78000e-09
 Reference value :  7.20682e-09
 Reference value :  7.57600e-09
 Reference value :  7.92482e-09
 Reference value :  8.28600e-09
 Reference value :  8.65941e-09
 Reference value :  9.11541e-09
 Reference value :  9.55435e-09
 Reference value :  9.96635e-09
 Reference value :  1.03764e-08
 Reference value :  1.08134e-08
 Reference value :  1.11740e-08
 Reference value :  1.15728e-08
 Reference value :  1.20168e-08
 Reference value :  1.24684e-08
 Reference value :  1.28868e-08
 Reference value :  1.33004e-08
 Reference value :  1.37404e-08
 Reference value :  1.41854e-08
 Reference value :  1.46028e-08
 Reference value :  1.49986e-08
 Reference value :  1.54154e-08
 Reference value :  1.58180e-08
 Reference value :  1.62308e-08
 Reference value :  1.66428e-08
 Reference value :  1.70748e-08
 Reference value :  1.75049e-08
 Reference value :  1.79354e-08
 Reference value :  1.83554e-08
 Reference value :  1.88074e-08
 Reference value :  1.92388e-08
 Reference value :  1.96624e-08
 Reference value :  2.01024e-08
 Reference value :  2.05534e-08
 Reference value :  2.09980e-08
 Reference value :  2.14594e-08
 Reference value :  2.19034e-08
 Reference value :  2.22741e-08
 Reference value :  2.26320e-08
 Reference value :  2.30049e-08
 Reference value :  2.33668e-08
 Reference value :  2.37934e-08
 Reference value :  2.42320e-08
 Reference value :  2.46842e-08
 Reference value :  2.50554e-08
 Reference value :  2.54464e-08
 Reference value :  2.58620e-08
 Reference value :  2.63060e-08
 Reference value :  2.66941e-08
 Reference value :  2.71720e-08
 Reference value :  2.75821e-08
 Reference value :  2.80044e-08
 Reference value :  2.84200e-08
 Reference value :  2.88488e-08
 Reference value :  2.92800e-08
 Reference value :  2.96909e-08
 Reference value :  3.01501e-08
 Reference value :  3.05314e-08
 Reference value :  3.09514e-08
 Reference value :  3.13868e-08
 Reference value :  3.18488e-08
 Reference value :  3.22414e-08
 Reference value :  3.26014e-08
 Reference value :  3.30009e-08
 Reference value :  3.34084e-08
 Reference value :  3.37324e-08
 Reference value :  3.40501e-08
 Reference value :  3.44694e-08
 Reference value :  3.49240e-08
 Reference value :  3.53344e-08
 Reference value :  3.57488e-08
 Reference value :  3.61721e-08
 Reference value :  3.65548e-08
 Reference value :  3.69520e-08
 Reference value :  3.73874e-08
 Reference value :  3.78440e-08
 Reference value :  3.82528e-08
 Reference value :  3.86740e-08
 Reference value :  3.91328e-08
 Reference value :  3.95764e-08
 Reference value :  4.00321e-08
 Reference value :  4.05088e-08
 Reference value :  4.09681e-08
 Reference value :  4.14281e-08
 Reference value :  4.18860e-08
 Reference value :  4.23060e-08
 Reference value :  4.27554e-08
 Reference value :  4.31820e-08
 Reference value :  4.35848e-08
 Reference value :  4.39528e-08
 Reference value :  4.43490e-08
 Reference value :  4.47600e-08
 Reference value :  4.51888e-08
 Reference value :  4.56148e-08
 Reference value :  4.60420e-08
 Reference value :  4.64864e-08
 Reference value :  4.69308e-08
 Reference value :  4.73287e-08
 Reference value :  4.77354e-08
 Reference value :  4.81764e-08
 Reference value :  4.86124e-08
 Reference value :  4.90303e-08
 Reference value :  4.94874e-08
 Reference value :  4.99160e-08
 Reference value :  5.03640e-08
 Reference value :  5.08100e-08
 Reference value :  5.12488e-08
 Reference value :  5.16631e-08
 Reference value :  5.21028e-08
 Reference value :  5.25660e-08
 Reference value :  5.29924e-08
 Reference value :  5.34581e-08
 Reference value :  5.39208e-08
 Reference value :  5.43479e-08
 Reference value :  5.48040e-08
 Reference value :  5.52314e-08
 Reference value :  5.56763e-08
 Reference value :  5.61360e-08
 Reference value :  5.65794e-08
 Reference value :  5.70288e-08
 Reference value :  5.74914e-08
 Reference value :  5.79380e-08
 Reference value :  5.83748e-08
 Reference value :  5.88424e-08
 Reference value :  5.92924e-08
 Reference value :  5.97681e-08
 Reference value :  6.02224e-08
 Reference value :  6.06361e-08
 Reference value :  6.10921e-08
 Reference value :  6.15680e-08
 Reference value :  6.20181e-08
 Reference value :  6.24748e-08
 Reference value :  6.29401e-08
 Reference value :  6.33964e-08
 Reference value :  6.38360e-08
 Reference value :  6.42834e-08
 Reference value :  6.47548e-08
 Reference value :  6.51540e-08
 Reference value :  6.56028e-08
 Reference value :  6.60668e-08
 Reference value :  6.65440e-08
 Reference value :  6.69768e-08
 Reference value :  6.74204e-08
 Reference value :  6.78448e-08
 Reference value :  6.82754e-08
 Reference value :  6.87168e-08
 Reference value :  6.91874e-08
 Reference value :  6.96280e-08
 Reference value :  7.00764e-08
 Reference value :  7.05494e-08
 Reference value :  7.09874e-08
 Reference value :  7.14520e-08
 Reference value :  7.18940e-08
 Reference value :  7.23144e-08
 Reference value :  7.28020e-08
 Reference value :  7.32660e-08
 Reference value :  7.37180e-08
 Reference value :  7.41904e-08
 Reference value :  7.46364e-08
 Reference value :  7.50861e-08
 Reference value :  7.55164e-08
 Reference value :  7.59124e-08
 Reference value :  7.63324e-08
 Reference value :  7.67928e-08
 Reference value :  7.72408e-08
 Reference value :  7.77094e-08
 Reference value :  7.81788e-08
 Reference value :  7.86128e-08
 Reference value :  7.90534e-08
 Reference value :  7.95100e-08
 Reference value :  7.99434e-08
 Reference value :  8.03961e-08
 Reference value :  8.08628e-08
 Reference value :  8.13164e-08
 Reference value :  8.17954e-08
 Reference value :  8.22314e-08
 Reference value :  8.26754e-08
 Reference value :  8.31540e-08
 Reference value :  8.35880e-08
 Reference value :  8.40420e-08
 Reference value :  8.45104e-08
 Reference value :  8.49428e-08
 Reference value :  8.53884e-08
 Reference value :  8.58181e-08
 Reference value :  8.62444e-08
 Reference value :  8.66884e-08
 Reference value :  8.71514e-08
 Reference value :  8.75764e-08
 Reference value :  8.79768e-08
 Reference value :  8.84414e-08
 Reference value :  8.88948e-08
 Reference value :  8.93420e-08
 Reference value :  8.98328e-08
 Reference value :  9.02621e-08
 Reference value :  9.07104e-08
 Reference value :  9.11524e-08
 Reference value :  9.15848e-08
 Reference value :  9.20454e-08
 Reference value :  9.24834e-08
 Reference value :  9.28964e-08
 Reference value :  9.33844e-08
 Reference value :  9.38302e-08
 Reference value :  9.42828e-08
 Reference value :  9.47421e-08
 Reference value :  9.52101e-08
 Reference value :  9.56308e-08
 Reference value :  9.59824e-08
 Reference value :  9.63368e-08
 Reference value :  9.67020e-08
 Reference value :  9.71621e-08
 Reference value :  9.76180e-08
 Reference value :  9.80961e-08
 Reference value :  9.85440e-08
 Reference value :  9.89901e-08
 Reference value :  9.94620e-08
 Reference value :  9.99088e-08
 Reference value :  1.00375e-07
 Reference value :  1.00846e-07
 Reference value :  1.01270e-07
 Reference value :  1.01747e-07
 Reference value :  1.02183e-07
 Reference value :  1.02618e-07
 Reference value :  1.03065e-07
 Reference value :  1.03534e-07
 Reference value :  1.03962e-07
 Reference value :  1.04428e-07
 Reference value :  1.04848e-07
 Reference value :  1.05287e-07
 Reference value :  1.05756e-07
 Reference value :  1.06231e-07
 Reference value :  1.06706e-07
 Reference value :  1.07160e-07
 Reference value :  1.07555e-07
 Reference value :  1.07978e-07
 Reference value :  1.08399e-07
 Reference value :  1.08866e-07
 Reference value :  1.09331e-07
 Reference value :  1.09812e-07
 Reference value :  1.10276e-07
 Reference value :  1.10763e-07
 Reference value :  1.11228e-07
 Reference value :  1.11680e-07
 Reference value :  1.12163e-07
 Reference value :  1.12622e-07
 Reference value :  1.13088e-07
 Reference value :  1.13556e-07
 Reference value :  1.14023e-07
 Reference value :  1.14510e-07
 Reference value :  1.14952e-07
 Reference value :  1.15435e-07
 Reference value :  1.15921e-07
 Reference value :  1.16391e-07
 Reference value :  1.16874e-07
 Reference value :  1.17309e-07
 Reference value :  1.17766e-07
 Reference value :  1.18194e-07
 Reference value :  1.18631e-07
 Reference value :  1.19033e-07
 Reference value :  1.19483e-07
 Reference value :  1.19930e-07
 Reference value :  1.20400e-07
 Reference value :  1.20870e-07
 Reference value :  1.21299e-07
 Reference value :  1.21767e-07
 Reference value :  1.22180e-07
 Reference value :  1.22600e-07
 Reference value :  1.23069e-07
 Reference value :  1.23552e-07
 Reference value :  1.24008e-07
 Reference value :  1.24478e-07
 Reference value :  1.24910e-07
 Reference value :  1.25348e-07
 Reference value :  1.25812e-07
 Reference value :  1.26272e-07
 Reference value :  1.26704e-07
 Reference value :  1.27179e-07
 Reference value :  1.27632e-07
 Reference value :  1.28092e-07
 Reference value :  1.28556e-07
 Reference value :  1.28959e-07
 Reference value :  1.29429e-07
 Reference value :  1.29878e-07
 Reference value :  1.30328e-07
 Reference value :  1.30818e-07
 Reference value :  1.31267e-07
 Reference value :  1.31703e-07
 Reference value :  1.32170e-07
 Reference value :  1.32614e-07
 Reference value :  1.33074e-07
 Reference value :  1.33540e-07
 Reference value :  1.33967e-07
 Reference value :  1.34421e-07
 Reference value :  1.34852e-07
 Reference value :  1.35288e-07
 Reference value :  1.35754e-07
 Reference value :  1.36210e-07
 Reference value :  1.36649e-07
 Reference value :  1.37070e-07
 Reference value :  1.37526e-07
 Reference value :  1.37969e-07
 Reference value :  1.38428e-07
 Reference value :  1.38902e-07
 Reference value :  1.39318e-07
 Reference value :  1.39722e-07
 Reference value :  1.40197e-07
 Reference value :  1.40630e-07
 Reference value :  1.41010e-07
 Reference value :  1.41464e-07
 Reference value :  1.41902e-07
 Reference value :  1.42342e-07
 Reference value :  1.42814e-07
 Reference value :  1.43260e-07
 Reference value :  1.43733e-07
 Reference value :  1.44195e-07
 Reference value :  1.44652e-07
 Reference value :  1.45124e-07
 Reference value :  1.45584e-07
 Reference value :  1.46014e-07
 Reference value :  1.46488e-07
 Reference value :  1.46942e-07
 Reference value :  1.47390e-07
 Reference value :  1.47849e-07
 Reference value :  1.48276e-07
 Reference value :  1.48720e-07
 Reference value :  1.49182e-07
 Reference value :  1.49618e-07
 Reference value :  1.50005e-07
 Reference value :  1.50457e-07
 Reference value :  1.50912e-07
 Reference value :  1.51362e-07
 Reference value :  1.51828e-07
 Reference value :  1.52282e-07
 Reference value :  1.52756e-07
 Reference value :  1.53202e-07
 Reference value :  1.53633e-07
 Reference value :  1.54085e-07
 Reference value :  1.54545e-07
 Reference value :  1.54968e-07
 Reference value :  1.55436e-07
 Reference value :  1.55898e-07
 Reference value :  1.56343e-07
 Reference value :  1.56809e-07
 Reference value :  1.57270e-07
 Reference value :  1.57702e-07
 Reference value :  1.58178e-07
 Reference value :  1.58637e-07
 Reference value :  1.59102e-07
 Reference value :  1.59562e-07
 Reference value :  1.60032e-07
 Reference value :  1.60520e-07
 Reference value :  1.60976e-07
 Reference value :  1.61410e-07
 Reference value :  1.61865e-07
 Reference value :  1.62310e-07
 Reference value :  1.62784e-07
 Reference value :  1.63240e-07
 Reference value :  1.63706e-07
 Reference value :  1.64181e-07
 Reference value :  1.64620e-07
 Reference value :  1.65080e-07
 Reference value :  1.65550e-07
 Reference value :  1.66005e-07
 Reference value :  1.66488e-07
 Reference value :  1.66920e-07
 Reference value :  1.67354e-07
 Reference value :  1.67839e-07
 Reference value :  1.68273e-07
 Reference value :  1.68724e-07
 Reference value :  1.69179e-07
 Reference value :  1.69604e-07
 Reference value :  1.70061e-07
 Reference value :  1.70519e-07
 Reference value :  1.70970e-07
 Reference value :  1.71464e-07
 Reference value :  1.71922e-07
 Reference value :  1.72371e-07
 Reference value :  1.72842e-07
 Reference value :  1.73289e-07
 Reference value :  1.73775e-07
 Reference value :  1.74246e-07
 Reference value :  1.74684e-07
 Reference value :  1.75126e-07
 Reference value :  1.75582e-07
 Reference value :  1.76004e-07
 Reference value :  1.76470e-07
 Reference value :  1.76916e-07
 Reference value :  1.77372e-07
 Reference value :  1.77823e-07
 Reference value :  1.78274e-07
 Reference value :  1.78717e-07
 Reference value :  1.79052e-07
 Reference value :  1.79460e-07
 Reference value :  1.79931e-07
 Reference value :  1.80416e-07
 Reference value :  1.80894e-07
 Reference value :  1.81353e-07
 Reference value :  1.81824e-07
 Reference value :  1.82266e-07
 Reference value :  1.82718e-07
 Reference value :  1.83181e-07
 Reference value :  1.83636e-07
 Reference value :  1.84103e-07
 Reference value :  1.84554e-07
 Reference value :  1.84966e-07
 Reference value :  1.85431e-07
 Reference value :  1.85854e-07
 Reference value :  1.86301e-07
 Reference value :  1.86786e-07
 Reference value :  1.87252e-07
 Reference value :  1.87692e-07
 Reference value :  1.88152e-07
 Reference value :  1.88600e-07
 Reference value :  1.89062e-07
 Reference value :  1.89521e-07
 Reference value :  1.89983e-07
 Reference value :  1.90465e-07
 Reference value :  1.90877e-07
 Reference value :  1.91311e-07
 Reference value :  1.91762e-07
 Reference value :  1.92230e-07
 Reference value :  1.92696e-07
 Reference value :  1.93161e-07
 Reference value :  1.93596e-07
 Reference value :  1.94047e-07
 Reference value :  1.94468e-07
 Reference value :  1.94911e-07
 Reference value :  1.95332e-07
 Reference value :  1.95819e-07
 Reference value :  1.96256e-07
 Reference value :  1.96682e-07
 Reference value :  1.97151e-07
 Reference value :  1.97582e-07
 Reference value :  1.98020e-07
 Reference value :  1.98488e-07
 Reference value :  1.98923e-07
 Reference value :  1.99384e-07
 Reference value :  1.99841e-07
No. of Data Rows : 511178
ngspice-46 done

=== STDERR ===
Warning: singular matrix:  check node xgen.b2_ac

Note: Starting dynamic gmin stepping
Warning: singular matrix:  check node xgen.b1_ac

Warning: Dynamic gmin stepping failed
Note: Starting true gmin stepping
Warning: singular matrix:  check node xgen.b1_ac

Warning: singular matrix:  check node xgen.b1_ac

Warning: singular matrix:  check node xgen.b1_ac

Warning: singular matrix:  check node xgen.b1_ac

Warning: True gmin stepping failed
Note: Starting source stepping
Warning: source stepping failed
Note: Transient op started
Note: Transient op finished successfully
