
Note: No compatibility mode selected!


Circuit: * equal-precision ac-coupled wideband trnoise rate 2.5 gs/s seg 21

Doing analysis at TEMP = 27.000000 and TNOM = 27.000000

Using SPARSE 1.3 as Direct Linear Solver

No. of Data Rows : 1
Doing analysis at TEMP = 27.000000 and TNOM = 27.000000

Using SPARSE 1.3 as Direct Linear Solver

Initial Transient Solution
--------------------------

Node                                   Voltage
----                                   -------
gen_n                                  2.37119
xgen.b1_q1                            0.872018
xgen.e                               0.0779563
xgen.xq1.s1                        9.47062e-10
xgen.xq1.t                             3.24135
gen_p                                  2.37119
xgen.b2_q2                            0.872018
xgen.xq2.s1                        9.47062e-10
xgen.xq2.t                             3.24135
vcc_hbt                                    2.5
xgen.b_cm                                0.872
xgen.b2_ac                                   0
xgen.b1_ac                                   0
xamp.in_p_q1                           2.37082
xamp.in_n_q2                           2.37082
xamp.c1_n                              1.95117
xamp.e1_1                              1.48176
xamp.xq1.s1                        1.90688e-09
xamp.xq1.t                             6.54928
xamp.c1_p                              1.95117
xamp.e1_2                              1.48176
xamp.xq2.s1                        1.90688e-09
xamp.xq2.t                             6.54928
xamp.e1_common                         1.44741
xamp.b2_p                              1.13706
xamp.xqef1.s1                       9.9654e-10
xamp.xqef1.t                            3.4824
xamp.b2_n                              1.13706
xamp.xqef2.s1                       9.9654e-10
xamp.xqef2.t                            3.4824
amp_n                                  2.38763
xamp.e2_1                             0.301216
xamp.xq3.s1                        9.48338e-10
xamp.xq3.t                             11.0582
amp_p                                  2.38763
xamp.e2_2                             0.301216
xamp.xq4.s1                        9.48338e-10
xamp.xq4.t                             11.0582
xamp.e2_common                        0.294233
xcomp.in_p_int                         2.38759
xcomp.in_n_int                         2.38759
clk_p                                    0.775
xcomp.clk_p_int                       0.774995
clk_n                                    0.925
xcomp.clk_n_int                       0.924559
xcomp.b_latch_p                        1.56126
xcomp.xqef_in1.s1                  9.94704e-10
xcomp.xqef_in1.t                        3.3271
xcomp.b_latch_n                        1.56126
xcomp.xqef_in2.s1                  9.94704e-10
xcomp.xqef_in2.t                        3.3271
xcomp.e_track                         0.817155
xcomp.e_tail                         0.0116748
xcomp.xqclk_track.s1               3.26893e-10
xcomp.xqclk_track.t                   0.355343
xcomp.e_latch                          1.46391
xcomp.xqclk_latch.s1                5.8272e-10
xcomp.xqclk_latch.t                    32.3035
xcomp.c_n                              2.34023
xcomp.xq1.s1                       9.36527e-10
xcomp.xq1.t                           0.335461
xcomp.c_p                              2.34023
xcomp.xq2.s1                       9.36527e-10
xcomp.xq2.t                           0.335461
xcomp.xq3.s1                       9.18256e-10
xcomp.xq3.t                            9.73263
xcomp.xq4.s1                       9.18256e-10
xcomp.xq4.t                            9.73263
xcomp.ef_p                             1.50725
xcomp.xqef1.s1                       9.935e-10
xcomp.xqef1.t                          4.24437
xcomp.ef_n                             1.50725
xcomp.xqef2.s1                       9.935e-10
xcomp.xqef2.t                          4.24437
xcomp.g_p                             0.754713
xcomp.g_n                             0.754713
xcomp.cml_out_p                      0.0367696
xcomp.xqbuf1.s1                    1.00067e-09
xcomp.xqbuf1.t                        0.209938
xcomp.cml_out_n                      0.0367696
xcomp.xqbuf2.s1                    1.00067e-09
xcomp.xqbuf2.t                        0.209938
vdd                                        1.2
vclk_n#branch                      -4.4055e-06
vclk_p#branch                     -4.91743e-08
vdd#branch                                   0
vcc_hbt#branch                      -0.0097389
v.xgen.vbm#branch                   3.5587e-06

 Reference value :  1.68118e-10
 Reference value :  6.34353e-10
 Reference value :  1.12435e-09
 Reference value :  1.59682e-09
 Reference value :  2.08012e-09
 Reference value :  2.51400e-09
 Reference value :  2.98482e-09
 Reference value :  3.45082e-09
 Reference value :  3.90282e-09
 Reference value :  4.32082e-09
 Reference value :  4.78341e-09
 Reference value :  5.23482e-09
 Reference value :  5.71941e-09
 Reference value :  6.17612e-09
 Reference value :  6.60141e-09
 Reference value :  7.06400e-09
 Reference value :  7.50741e-09
 Reference value :  7.92941e-09
 Reference value :  8.32682e-09
 Reference value :  8.79282e-09
 Reference value :  9.28612e-09
 Reference value :  9.77141e-09
 Reference value :  1.02568e-08
 Reference value :  1.06974e-08
 Reference value :  1.11548e-08
 Reference value :  1.16228e-08
 Reference value :  1.20584e-08
 Reference value :  1.25380e-08
 Reference value :  1.29980e-08
 Reference value :  1.34661e-08
 Reference value :  1.39301e-08
 Reference value :  1.44128e-08
 Reference value :  1.49074e-08
 Reference value :  1.53721e-08
 Reference value :  1.58164e-08
 Reference value :  1.62548e-08
 Reference value :  1.67184e-08
 Reference value :  1.71828e-08
 Reference value :  1.76584e-08
 Reference value :  1.81104e-08
 Reference value :  1.85794e-08
 Reference value :  1.89844e-08
 Reference value :  1.94440e-08
 Reference value :  1.99024e-08
 Reference value :  2.03568e-08
 Reference value :  2.08220e-08
 Reference value :  2.13240e-08
 Reference value :  2.18161e-08
 Reference value :  2.22941e-08
 Reference value :  2.27554e-08
 Reference value :  2.32268e-08
 Reference value :  2.37164e-08
 Reference value :  2.41928e-08
 Reference value :  2.46741e-08
 Reference value :  2.51441e-08
 Reference value :  2.56280e-08
 Reference value :  2.61101e-08
 Reference value :  2.65988e-08
 Reference value :  2.70614e-08
 Reference value :  2.74988e-08
 Reference value :  2.79374e-08
 Reference value :  2.83868e-08
 Reference value :  2.87904e-08
 Reference value :  2.92468e-08
 Reference value :  2.97044e-08
 Reference value :  3.01488e-08
 Reference value :  3.06048e-08
 Reference value :  3.10680e-08
 Reference value :  3.14241e-08
 Reference value :  3.18700e-08
 Reference value :  3.23220e-08
 Reference value :  3.27644e-08
 Reference value :  3.32274e-08
 Reference value :  3.36984e-08
 Reference value :  3.41864e-08
 Reference value :  3.46608e-08
 Reference value :  3.51228e-08
 Reference value :  3.55540e-08
 Reference value :  3.60024e-08
 Reference value :  3.64700e-08
 Reference value :  3.69424e-08
 Reference value :  3.73688e-08
 Reference value :  3.78444e-08
 Reference value :  3.83014e-08
 Reference value :  3.87414e-08
 Reference value :  3.92088e-08
 Reference value :  3.96794e-08
 Reference value :  4.01388e-08
 Reference value :  4.06141e-08
 Reference value :  4.10761e-08
 Reference value :  4.14994e-08
 Reference value :  4.19714e-08
 Reference value :  4.24348e-08
 Reference value :  4.28854e-08
 Reference value :  4.33544e-08
 Reference value :  4.38064e-08
 Reference value :  4.42500e-08
 Reference value :  4.47100e-08
 Reference value :  4.51374e-08
 Reference value :  4.55768e-08
 Reference value :  4.60168e-08
 Reference value :  4.64780e-08
 Reference value :  4.69361e-08
 Reference value :  4.73934e-08
 Reference value :  4.78201e-08
 Reference value :  4.82781e-08
 Reference value :  4.87360e-08
 Reference value :  4.91928e-08
 Reference value :  4.96524e-08
 Reference value :  5.00994e-08
 Reference value :  5.05554e-08
 Reference value :  5.10280e-08
 Reference value :  5.14964e-08
 Reference value :  5.19574e-08
 Reference value :  5.24174e-08
 Reference value :  5.28980e-08
 Reference value :  5.33564e-08
 Reference value :  5.38274e-08
 Reference value :  5.42821e-08
 Reference value :  5.47400e-08
 Reference value :  5.52020e-08
 Reference value :  5.56834e-08
 Reference value :  5.61694e-08
 Reference value :  5.66384e-08
 Reference value :  5.71121e-08
 Reference value :  5.75754e-08
 Reference value :  5.80514e-08
 Reference value :  5.85340e-08
 Reference value :  5.90074e-08
 Reference value :  5.94620e-08
 Reference value :  5.99220e-08
 Reference value :  6.03744e-08
 Reference value :  6.08360e-08
 Reference value :  6.12888e-08
 Reference value :  6.17568e-08
 Reference value :  6.22420e-08
 Reference value :  6.27008e-08
 Reference value :  6.31620e-08
 Reference value :  6.36201e-08
 Reference value :  6.40641e-08
 Reference value :  6.45174e-08
 Reference value :  6.49681e-08
 Reference value :  6.54428e-08
 Reference value :  6.58864e-08
 Reference value :  6.63324e-08
 Reference value :  6.67784e-08
 Reference value :  6.72334e-08
 Reference value :  6.76994e-08
 Reference value :  6.80860e-08
 Reference value :  6.85374e-08
 Reference value :  6.89884e-08
 Reference value :  6.94354e-08
 Reference value :  6.98968e-08
 Reference value :  7.03560e-08
 Reference value :  7.08274e-08
 Reference value :  7.12980e-08
 Reference value :  7.17848e-08
 Reference value :  7.22494e-08
 Reference value :  7.27060e-08
 Reference value :  7.31280e-08
 Reference value :  7.35541e-08
 Reference value :  7.39860e-08
 Reference value :  7.44514e-08
 Reference value :  7.49288e-08
 Reference value :  7.53868e-08
 Reference value :  7.58461e-08
 Reference value :  7.62948e-08
 Reference value :  7.67404e-08
 Reference value :  7.71921e-08
 Reference value :  7.76621e-08
 Reference value :  7.81361e-08
 Reference value :  7.85988e-08
 Reference value :  7.90480e-08
 Reference value :  7.94984e-08
 Reference value :  7.99188e-08
 Reference value :  8.03304e-08
 Reference value :  8.07861e-08
 Reference value :  8.12534e-08
 Reference value :  8.17240e-08
 Reference value :  8.21988e-08
 Reference value :  8.26794e-08
 Reference value :  8.31321e-08
 Reference value :  8.35884e-08
 Reference value :  8.40448e-08
 Reference value :  8.44784e-08
 Reference value :  8.49308e-08
 Reference value :  8.53954e-08
 Reference value :  8.58654e-08
 Reference value :  8.63184e-08
 Reference value :  8.67614e-08
 Reference value :  8.71874e-08
 Reference value :  8.76454e-08
 Reference value :  8.80981e-08
 Reference value :  8.85724e-08
 Reference value :  8.90034e-08
 Reference value :  8.94694e-08
 Reference value :  8.99000e-08
 Reference value :  9.03248e-08
 Reference value :  9.07640e-08
 Reference value :  9.11904e-08
 Reference value :  9.16080e-08
 Reference value :  9.20634e-08
 Reference value :  9.25128e-08
 Reference value :  9.29428e-08
 Reference value :  9.33984e-08
 Reference value :  9.38464e-08
 Reference value :  9.42844e-08
 Reference value :  9.47144e-08
 Reference value :  9.51461e-08
 Reference value :  9.55948e-08
 Reference value :  9.60440e-08
 Reference value :  9.64441e-08
 Reference value :  9.68608e-08
 Reference value :  9.72780e-08
 Reference value :  9.77268e-08
 Reference value :  9.82000e-08
 Reference value :  9.86268e-08
 Reference value :  9.90528e-08
 Reference value :  9.94904e-08
 Reference value :  9.99068e-08
 Reference value :  1.00346e-07
 Reference value :  1.00795e-07
 Reference value :  1.01264e-07
 Reference value :  1.01731e-07
 Reference value :  1.02185e-07
 Reference value :  1.02617e-07
 Reference value :  1.03064e-07
 Reference value :  1.03520e-07
 Reference value :  1.03978e-07
 Reference value :  1.04416e-07
 Reference value :  1.04900e-07
 Reference value :  1.05387e-07
 Reference value :  1.05853e-07
 Reference value :  1.06302e-07
 Reference value :  1.06732e-07
 Reference value :  1.07192e-07
 Reference value :  1.07653e-07
 Reference value :  1.08155e-07
 Reference value :  1.08603e-07
 Reference value :  1.09039e-07
 Reference value :  1.09505e-07
 Reference value :  1.09976e-07
 Reference value :  1.10447e-07
 Reference value :  1.10892e-07
 Reference value :  1.11305e-07
 Reference value :  1.11766e-07
 Reference value :  1.12241e-07
 Reference value :  1.12705e-07
 Reference value :  1.13162e-07
 Reference value :  1.13632e-07
 Reference value :  1.14096e-07
 Reference value :  1.14564e-07
 Reference value :  1.15035e-07
 Reference value :  1.15492e-07
 Reference value :  1.15946e-07
 Reference value :  1.16410e-07
 Reference value :  1.16882e-07
 Reference value :  1.17359e-07
 Reference value :  1.17825e-07
 Reference value :  1.18307e-07
 Reference value :  1.18773e-07
 Reference value :  1.19236e-07
 Reference value :  1.19718e-07
 Reference value :  1.20187e-07
 Reference value :  1.20640e-07
 Reference value :  1.21092e-07
 Reference value :  1.21543e-07
 Reference value :  1.22001e-07
 Reference value :  1.22458e-07
 Reference value :  1.22938e-07
 Reference value :  1.23414e-07
 Reference value :  1.23859e-07
 Reference value :  1.24304e-07
 Reference value :  1.24752e-07
 Reference value :  1.25224e-07
 Reference value :  1.25712e-07
 Reference value :  1.26206e-07
 Reference value :  1.26660e-07
 Reference value :  1.27119e-07
 Reference value :  1.27586e-07
 Reference value :  1.28057e-07
 Reference value :  1.28496e-07
 Reference value :  1.28972e-07
 Reference value :  1.29434e-07
 Reference value :  1.29893e-07
 Reference value :  1.30328e-07
 Reference value :  1.30770e-07
 Reference value :  1.31248e-07
 Reference value :  1.31748e-07
 Reference value :  1.32248e-07
 Reference value :  1.32709e-07
 Reference value :  1.33166e-07
 Reference value :  1.33636e-07
 Reference value :  1.34114e-07
 Reference value :  1.34591e-07
 Reference value :  1.35047e-07
 Reference value :  1.35501e-07
 Reference value :  1.35966e-07
 Reference value :  1.36439e-07
 Reference value :  1.36920e-07
 Reference value :  1.37401e-07
 Reference value :  1.37854e-07
 Reference value :  1.38301e-07
 Reference value :  1.38750e-07
 Reference value :  1.39206e-07
 Reference value :  1.39669e-07
 Reference value :  1.40121e-07
 Reference value :  1.40593e-07
 Reference value :  1.41059e-07
 Reference value :  1.41519e-07
 Reference value :  1.41988e-07
 Reference value :  1.42409e-07
 Reference value :  1.42836e-07
 Reference value :  1.43282e-07
 Reference value :  1.43722e-07
 Reference value :  1.44193e-07
 Reference value :  1.44645e-07
 Reference value :  1.45104e-07
 Reference value :  1.45572e-07
 Reference value :  1.46038e-07
 Reference value :  1.46520e-07
 Reference value :  1.46986e-07
 Reference value :  1.47436e-07
 Reference value :  1.47844e-07
 Reference value :  1.48307e-07
 Reference value :  1.48771e-07
 Reference value :  1.49244e-07
 Reference value :  1.49696e-07
 Reference value :  1.50157e-07
 Reference value :  1.50618e-07
 Reference value :  1.51074e-07
 Reference value :  1.51542e-07
 Reference value :  1.52023e-07
 Reference value :  1.52512e-07
 Reference value :  1.53007e-07
 Reference value :  1.53478e-07
 Reference value :  1.53944e-07
 Reference value :  1.54408e-07
 Reference value :  1.54864e-07
 Reference value :  1.55335e-07
 Reference value :  1.55807e-07
 Reference value :  1.56268e-07
 Reference value :  1.56743e-07
 Reference value :  1.57205e-07
 Reference value :  1.57689e-07
 Reference value :  1.58163e-07
 Reference value :  1.58644e-07
 Reference value :  1.59099e-07
 Reference value :  1.59558e-07
 Reference value :  1.60029e-07
 Reference value :  1.60494e-07
 Reference value :  1.60969e-07
 Reference value :  1.61425e-07
 Reference value :  1.61870e-07
 Reference value :  1.62321e-07
 Reference value :  1.62748e-07
 Reference value :  1.63195e-07
 Reference value :  1.63628e-07
 Reference value :  1.64071e-07
 Reference value :  1.64516e-07
 Reference value :  1.64948e-07
 Reference value :  1.65401e-07
 Reference value :  1.65852e-07
 Reference value :  1.66311e-07
 Reference value :  1.66717e-07
 Reference value :  1.67160e-07
 Reference value :  1.67628e-07
 Reference value :  1.68106e-07
 Reference value :  1.68582e-07
 Reference value :  1.69059e-07
 Reference value :  1.69510e-07
 Reference value :  1.69956e-07
 Reference value :  1.70400e-07
 Reference value :  1.70840e-07
 Reference value :  1.71324e-07
 Reference value :  1.71808e-07
 Reference value :  1.72278e-07
 Reference value :  1.72732e-07
 Reference value :  1.73195e-07
 Reference value :  1.73666e-07
 Reference value :  1.74115e-07
 Reference value :  1.74589e-07
 Reference value :  1.75039e-07
 Reference value :  1.75498e-07
 Reference value :  1.75962e-07
 Reference value :  1.76444e-07
 Reference value :  1.76930e-07
 Reference value :  1.77380e-07
 Reference value :  1.77838e-07
 Reference value :  1.78282e-07
 Reference value :  1.78725e-07
 Reference value :  1.79171e-07
 Reference value :  1.79623e-07
 Reference value :  1.80124e-07
 Reference value :  1.80617e-07
 Reference value :  1.81091e-07
 Reference value :  1.81555e-07
 Reference value :  1.82031e-07
 Reference value :  1.82506e-07
 Reference value :  1.82996e-07
 Reference value :  1.83462e-07
 Reference value :  1.83921e-07
 Reference value :  1.84383e-07
 Reference value :  1.84836e-07
 Reference value :  1.85319e-07
 Reference value :  1.85804e-07
 Reference value :  1.86257e-07
 Reference value :  1.86726e-07
 Reference value :  1.87166e-07
 Reference value :  1.87628e-07
 Reference value :  1.88086e-07
 Reference value :  1.88556e-07
 Reference value :  1.89032e-07
 Reference value :  1.89505e-07
 Reference value :  1.89966e-07
 Reference value :  1.90422e-07
 Reference value :  1.90879e-07
 Reference value :  1.91348e-07
 Reference value :  1.91819e-07
 Reference value :  1.92293e-07
 Reference value :  1.92760e-07
 Reference value :  1.93212e-07
 Reference value :  1.93696e-07
 Reference value :  1.94180e-07
 Reference value :  1.94662e-07
 Reference value :  1.95106e-07
 Reference value :  1.95560e-07
 Reference value :  1.96024e-07
 Reference value :  1.96474e-07
 Reference value :  1.96930e-07
 Reference value :  1.97417e-07
 Reference value :  1.97899e-07
 Reference value :  1.98357e-07
 Reference value :  1.98806e-07
 Reference value :  1.99294e-07
 Reference value :  1.99704e-07
No. of Data Rows : 500026
ngspice-46 done

=== STDERR ===
Warning: singular matrix:  check node xgen.b2_ac

Note: Starting dynamic gmin stepping
Warning: singular matrix:  check node xgen.b1_ac

Warning: Dynamic gmin stepping failed
Note: Starting true gmin stepping
Warning: singular matrix:  check node xgen.b1_ac

Warning: singular matrix:  check node xgen.b1_ac

Warning: singular matrix:  check node xgen.b1_ac

Warning: singular matrix:  check node xgen.b1_ac

Warning: True gmin stepping failed
Note: Starting source stepping
Warning: source stepping failed
Note: Transient op started
Note: Transient op finished successfully
