
Note: No compatibility mode selected!


Circuit: * equal-precision ac-coupled wideband trnoise rate 1.0 gs/s seg 44

Doing analysis at TEMP = 27.000000 and TNOM = 27.000000

Using SPARSE 1.3 as Direct Linear Solver

No. of Data Rows : 1
Doing analysis at TEMP = 27.000000 and TNOM = 27.000000

Using SPARSE 1.3 as Direct Linear Solver

Initial Transient Solution
--------------------------

Node                                   Voltage
----                                   -------
gen_n                                  2.37119
xgen.b1_q1                            0.872018
xgen.e                               0.0779563
xgen.xq1.s1                        9.47062e-10
xgen.xq1.t                             3.24135
gen_p                                  2.37119
xgen.b2_q2                            0.872018
xgen.xq2.s1                        9.47062e-10
xgen.xq2.t                             3.24135
vcc_hbt                                    2.5
xgen.b_cm                                0.872
xgen.b2_ac                                   0
xgen.b1_ac                                   0
xamp.in_p_q1                           2.37082
xamp.in_n_q2                           2.37082
xamp.c1_n                              1.95117
xamp.e1_1                              1.48176
xamp.xq1.s1                        1.90688e-09
xamp.xq1.t                             6.54928
xamp.c1_p                              1.95117
xamp.e1_2                              1.48176
xamp.xq2.s1                        1.90688e-09
xamp.xq2.t                             6.54928
xamp.e1_common                         1.44741
xamp.b2_p                              1.13706
xamp.xqef1.s1                       9.9654e-10
xamp.xqef1.t                            3.4824
xamp.b2_n                              1.13706
xamp.xqef2.s1                       9.9654e-10
xamp.xqef2.t                            3.4824
amp_n                                  2.38763
xamp.e2_1                             0.301216
xamp.xq3.s1                        9.48338e-10
xamp.xq3.t                             11.0582
amp_p                                  2.38763
xamp.e2_2                             0.301216
xamp.xq4.s1                        9.48338e-10
xamp.xq4.t                             11.0582
xamp.e2_common                        0.294233
xcomp.in_p_int                         2.38759
xcomp.in_n_int                         2.38759
clk_p                                    0.775
xcomp.clk_p_int                       0.774995
clk_n                                    0.925
xcomp.clk_n_int                       0.924559
xcomp.b_latch_p                        1.56126
xcomp.xqef_in1.s1                  9.94704e-10
xcomp.xqef_in1.t                        3.3271
xcomp.b_latch_n                        1.56126
xcomp.xqef_in2.s1                  9.94704e-10
xcomp.xqef_in2.t                        3.3271
xcomp.e_track                         0.817155
xcomp.e_tail                         0.0116748
xcomp.xqclk_track.s1               3.26893e-10
xcomp.xqclk_track.t                   0.355343
xcomp.e_latch                          1.46391
xcomp.xqclk_latch.s1                5.8272e-10
xcomp.xqclk_latch.t                    32.3035
xcomp.c_n                              2.34023
xcomp.xq1.s1                       9.36527e-10
xcomp.xq1.t                           0.335461
xcomp.c_p                              2.34023
xcomp.xq2.s1                       9.36527e-10
xcomp.xq2.t                           0.335461
xcomp.xq3.s1                       9.18256e-10
xcomp.xq3.t                            9.73263
xcomp.xq4.s1                       9.18256e-10
xcomp.xq4.t                            9.73263
xcomp.ef_p                             1.50725
xcomp.xqef1.s1                       9.935e-10
xcomp.xqef1.t                          4.24437
xcomp.ef_n                             1.50725
xcomp.xqef2.s1                       9.935e-10
xcomp.xqef2.t                          4.24437
xcomp.g_p                             0.754713
xcomp.g_n                             0.754713
xcomp.cml_out_p                      0.0367696
xcomp.xqbuf1.s1                    1.00067e-09
xcomp.xqbuf1.t                        0.209938
xcomp.cml_out_n                      0.0367696
xcomp.xqbuf2.s1                    1.00067e-09
xcomp.xqbuf2.t                        0.209938
vdd                                        1.2
vclk_n#branch                      -4.4055e-06
vclk_p#branch                     -4.91743e-08
vdd#branch                                   0
vcc_hbt#branch                      -0.0097389
v.xgen.vbm#branch                   3.5587e-06

 Reference value :  2.12824e-10
 Reference value :  6.71412e-10
 Reference value :  1.15635e-09
 Reference value :  1.61400e-09
 Reference value :  2.09141e-09
 Reference value :  2.56200e-09
 Reference value :  2.98541e-09
 Reference value :  3.45212e-09
 Reference value :  3.89035e-09
 Reference value :  4.35412e-09
 Reference value :  4.82482e-09
 Reference value :  5.26282e-09
 Reference value :  5.69800e-09
 Reference value :  6.14600e-09
 Reference value :  6.61282e-09
 Reference value :  7.05941e-09
 Reference value :  7.49941e-09
 Reference value :  7.88141e-09
 Reference value :  8.33012e-09
 Reference value :  8.76035e-09
 Reference value :  9.19741e-09
 Reference value :  9.66635e-09
 Reference value :  1.00920e-08
 Reference value :  1.05764e-08
 Reference value :  1.09940e-08
 Reference value :  1.14524e-08
 Reference value :  1.18188e-08
 Reference value :  1.22800e-08
 Reference value :  1.27540e-08
 Reference value :  1.31948e-08
 Reference value :  1.36704e-08
 Reference value :  1.40821e-08
 Reference value :  1.45520e-08
 Reference value :  1.49604e-08
 Reference value :  1.54580e-08
 Reference value :  1.58788e-08
 Reference value :  1.63684e-08
 Reference value :  1.68084e-08
 Reference value :  1.72794e-08
 Reference value :  1.77194e-08
 Reference value :  1.81694e-08
 Reference value :  1.86308e-08
 Reference value :  1.90541e-08
 Reference value :  1.95600e-08
 Reference value :  1.99700e-08
 Reference value :  2.04720e-08
 Reference value :  2.08601e-08
 Reference value :  2.13584e-08
 Reference value :  2.18074e-08
 Reference value :  2.22541e-08
 Reference value :  2.27134e-08
 Reference value :  2.31601e-08
 Reference value :  2.36474e-08
 Reference value :  2.40594e-08
 Reference value :  2.45680e-08
 Reference value :  2.49854e-08
 Reference value :  2.54984e-08
 Reference value :  2.59224e-08
 Reference value :  2.64424e-08
 Reference value :  2.68800e-08
 Reference value :  2.73834e-08
 Reference value :  2.78188e-08
 Reference value :  2.83068e-08
 Reference value :  2.87684e-08
 Reference value :  2.92401e-08
 Reference value :  2.96940e-08
 Reference value :  3.01320e-08
 Reference value :  3.06168e-08
 Reference value :  3.10414e-08
 Reference value :  3.15514e-08
 Reference value :  3.19540e-08
 Reference value :  3.24574e-08
 Reference value :  3.28544e-08
 Reference value :  3.33404e-08
 Reference value :  3.37600e-08
 Reference value :  3.42068e-08
 Reference value :  3.46800e-08
 Reference value :  3.51344e-08
 Reference value :  3.56100e-08
 Reference value :  3.60481e-08
 Reference value :  3.65381e-08
 Reference value :  3.69514e-08
 Reference value :  3.74301e-08
 Reference value :  3.78340e-08
 Reference value :  3.82664e-08
 Reference value :  3.86954e-08
 Reference value :  3.91381e-08
 Reference value :  3.95774e-08
 Reference value :  3.99964e-08
 Reference value :  4.05068e-08
 Reference value :  4.09274e-08
 Reference value :  4.14208e-08
 Reference value :  4.18240e-08
 Reference value :  4.22908e-08
 Reference value :  4.27400e-08
 Reference value :  4.31960e-08
 Reference value :  4.36581e-08
 Reference value :  4.40788e-08
 Reference value :  4.45701e-08
 Reference value :  4.50024e-08
 Reference value :  4.55024e-08
 Reference value :  4.59434e-08
 Reference value :  4.64580e-08
 Reference value :  4.68781e-08
 Reference value :  4.73834e-08
 Reference value :  4.78204e-08
 Reference value :  4.83108e-08
 Reference value :  4.87688e-08
 Reference value :  4.92464e-08
 Reference value :  4.97228e-08
 Reference value :  5.01694e-08
 Reference value :  5.06504e-08
 Reference value :  5.10721e-08
 Reference value :  5.15724e-08
 Reference value :  5.20020e-08
 Reference value :  5.25264e-08
 Reference value :  5.29428e-08
 Reference value :  5.34720e-08
 Reference value :  5.39020e-08
 Reference value :  5.44061e-08
 Reference value :  5.48364e-08
 Reference value :  5.53201e-08
 Reference value :  5.57564e-08
 Reference value :  5.62021e-08
 Reference value :  5.66701e-08
 Reference value :  5.71054e-08
 Reference value :  5.75841e-08
 Reference value :  5.79974e-08
 Reference value :  5.85000e-08
 Reference value :  5.89104e-08
 Reference value :  5.94081e-08
 Reference value :  5.98421e-08
 Reference value :  6.03161e-08
 Reference value :  6.07614e-08
 Reference value :  6.12208e-08
 Reference value :  6.16781e-08
 Reference value :  6.21108e-08
 Reference value :  6.25924e-08
 Reference value :  6.29800e-08
 Reference value :  6.34540e-08
 Reference value :  6.38244e-08
 Reference value :  6.43028e-08
 Reference value :  6.47341e-08
 Reference value :  6.51654e-08
 Reference value :  6.56568e-08
 Reference value :  6.60901e-08
 Reference value :  6.65741e-08
 Reference value :  6.69914e-08
 Reference value :  6.75004e-08
 Reference value :  6.79080e-08
 Reference value :  6.84068e-08
 Reference value :  6.88528e-08
 Reference value :  6.93180e-08
 Reference value :  6.97581e-08
 Reference value :  7.02188e-08
 Reference value :  7.06674e-08
 Reference value :  7.10554e-08
 Reference value :  7.14960e-08
 Reference value :  7.18821e-08
 Reference value :  7.23424e-08
 Reference value :  7.27641e-08
 Reference value :  7.32608e-08
 Reference value :  7.37274e-08
 Reference value :  7.41714e-08
 Reference value :  7.46501e-08
 Reference value :  7.50734e-08
 Reference value :  7.55714e-08
 Reference value :  7.59944e-08
 Reference value :  7.65114e-08
 Reference value :  7.69408e-08
 Reference value :  7.74534e-08
 Reference value :  7.78694e-08
 Reference value :  7.83621e-08
 Reference value :  7.87844e-08
 Reference value :  7.92274e-08
 Reference value :  7.96980e-08
 Reference value :  8.01574e-08
 Reference value :  8.06268e-08
 Reference value :  8.10344e-08
 Reference value :  8.15054e-08
 Reference value :  8.19301e-08
 Reference value :  8.24561e-08
 Reference value :  8.28901e-08
 Reference value :  8.33914e-08
 Reference value :  8.38068e-08
 Reference value :  8.42740e-08
 Reference value :  8.47244e-08
 Reference value :  8.51848e-08
 Reference value :  8.56488e-08
 Reference value :  8.60784e-08
 Reference value :  8.65774e-08
 Reference value :  8.69961e-08
 Reference value :  8.75108e-08
 Reference value :  8.79160e-08
 Reference value :  8.84001e-08
 Reference value :  8.88268e-08
 Reference value :  8.92781e-08
 Reference value :  8.97401e-08
 Reference value :  9.01908e-08
 Reference value :  9.06224e-08
 Reference value :  9.10460e-08
 Reference value :  9.15528e-08
 Reference value :  9.19488e-08
 Reference value :  9.24461e-08
 Reference value :  9.28581e-08
 Reference value :  9.32964e-08
 Reference value :  9.37124e-08
 Reference value :  9.41520e-08
 Reference value :  9.45004e-08
 Reference value :  9.47774e-08
 Reference value :  9.50780e-08
 Reference value :  9.54140e-08
 Reference value :  9.56941e-08
 Reference value :  9.59554e-08
 Reference value :  9.63094e-08
 Reference value :  9.66101e-08
 Reference value :  9.68828e-08
 Reference value :  9.72220e-08
 Reference value :  9.75448e-08
 Reference value :  9.78374e-08
 Reference value :  9.81301e-08
 Reference value :  9.84568e-08
 Reference value :  9.87321e-08
 Reference value :  9.89888e-08
 Reference value :  9.93034e-08
 Reference value :  9.96361e-08
 Reference value :  1.00002e-07
 Reference value :  1.00478e-07
 Reference value :  1.00856e-07
 Reference value :  1.01322e-07
 Reference value :  1.01762e-07
 Reference value :  1.02190e-07
 Reference value :  1.02661e-07
 Reference value :  1.03098e-07
 Reference value :  1.03600e-07
 Reference value :  1.04042e-07
 Reference value :  1.04538e-07
 Reference value :  1.04952e-07
 Reference value :  1.05362e-07
 Reference value :  1.05808e-07
 Reference value :  1.06272e-07
 Reference value :  1.06704e-07
 Reference value :  1.07155e-07
 Reference value :  1.07634e-07
 Reference value :  1.08002e-07
 Reference value :  1.08514e-07
 Reference value :  1.08913e-07
 Reference value :  1.09428e-07
 Reference value :  1.09826e-07
 Reference value :  1.10306e-07
 Reference value :  1.10758e-07
 Reference value :  1.11189e-07
 Reference value :  1.11634e-07
 Reference value :  1.12064e-07
 Reference value :  1.12564e-07
 Reference value :  1.12994e-07
 Reference value :  1.13490e-07
 Reference value :  1.13895e-07
 Reference value :  1.14358e-07
 Reference value :  1.14768e-07
 Reference value :  1.15165e-07
 Reference value :  1.15654e-07
 Reference value :  1.16075e-07
 Reference value :  1.16532e-07
 Reference value :  1.16905e-07
 Reference value :  1.17394e-07
 Reference value :  1.17824e-07
 Reference value :  1.18294e-07
 Reference value :  1.18746e-07
 Reference value :  1.19213e-07
 Reference value :  1.19660e-07
 Reference value :  1.20115e-07
 Reference value :  1.20614e-07
 Reference value :  1.21020e-07
 Reference value :  1.21533e-07
 Reference value :  1.21961e-07
 Reference value :  1.22440e-07
 Reference value :  1.22829e-07
 Reference value :  1.23317e-07
 Reference value :  1.23762e-07
 Reference value :  1.24219e-07
 Reference value :  1.24684e-07
 Reference value :  1.25106e-07
 Reference value :  1.25591e-07
 Reference value :  1.26021e-07
 Reference value :  1.26564e-07
 Reference value :  1.27007e-07
 Reference value :  1.27551e-07
 Reference value :  1.27976e-07
 Reference value :  1.28514e-07
 Reference value :  1.28942e-07
 Reference value :  1.29470e-07
 Reference value :  1.29902e-07
 Reference value :  1.30414e-07
 Reference value :  1.30862e-07
 Reference value :  1.31363e-07
 Reference value :  1.31807e-07
 Reference value :  1.32281e-07
 Reference value :  1.32737e-07
 Reference value :  1.33222e-07
 Reference value :  1.33688e-07
 Reference value :  1.34152e-07
 Reference value :  1.34649e-07
 Reference value :  1.35086e-07
 Reference value :  1.35571e-07
 Reference value :  1.36016e-07
 Reference value :  1.36525e-07
 Reference value :  1.36933e-07
 Reference value :  1.37365e-07
 Reference value :  1.37830e-07
 Reference value :  1.38345e-07
 Reference value :  1.38802e-07
 Reference value :  1.39257e-07
 Reference value :  1.39670e-07
 Reference value :  1.40121e-07
 Reference value :  1.40608e-07
 Reference value :  1.41021e-07
 Reference value :  1.41521e-07
 Reference value :  1.41937e-07
 Reference value :  1.42453e-07
 Reference value :  1.42838e-07
 Reference value :  1.43350e-07
 Reference value :  1.43807e-07
 Reference value :  1.44304e-07
 Reference value :  1.44756e-07
 Reference value :  1.45216e-07
 Reference value :  1.45681e-07
 Reference value :  1.46107e-07
 Reference value :  1.46605e-07
 Reference value :  1.47021e-07
 Reference value :  1.47535e-07
 Reference value :  1.47962e-07
 Reference value :  1.48445e-07
 Reference value :  1.48840e-07
 Reference value :  1.49333e-07
 Reference value :  1.49787e-07
 Reference value :  1.50267e-07
 Reference value :  1.50705e-07
 Reference value :  1.51155e-07
 Reference value :  1.51613e-07
 Reference value :  1.52054e-07
 Reference value :  1.52546e-07
 Reference value :  1.52966e-07
 Reference value :  1.53473e-07
 Reference value :  1.53891e-07
 Reference value :  1.54286e-07
 Reference value :  1.54726e-07
 Reference value :  1.55187e-07
 Reference value :  1.55637e-07
 Reference value :  1.56072e-07
 Reference value :  1.56548e-07
 Reference value :  1.56961e-07
 Reference value :  1.57461e-07
 Reference value :  1.57881e-07
 Reference value :  1.58372e-07
 Reference value :  1.58804e-07
 Reference value :  1.59257e-07
 Reference value :  1.59729e-07
 Reference value :  1.60176e-07
 Reference value :  1.60642e-07
 Reference value :  1.61043e-07
 Reference value :  1.61533e-07
 Reference value :  1.61959e-07
 Reference value :  1.62402e-07
 Reference value :  1.62798e-07
 Reference value :  1.63195e-07
 Reference value :  1.63669e-07
 Reference value :  1.64104e-07
 Reference value :  1.64597e-07
 Reference value :  1.65026e-07
 Reference value :  1.65521e-07
 Reference value :  1.65943e-07
 Reference value :  1.66448e-07
 Reference value :  1.66863e-07
 Reference value :  1.67352e-07
 Reference value :  1.67768e-07
 Reference value :  1.68241e-07
 Reference value :  1.68698e-07
 Reference value :  1.69142e-07
 Reference value :  1.69621e-07
 Reference value :  1.70041e-07
 Reference value :  1.70538e-07
 Reference value :  1.70959e-07
 Reference value :  1.71479e-07
 Reference value :  1.71903e-07
 Reference value :  1.72417e-07
 Reference value :  1.72847e-07
 Reference value :  1.73326e-07
 Reference value :  1.73783e-07
 Reference value :  1.74235e-07
 Reference value :  1.74683e-07
 Reference value :  1.75098e-07
 Reference value :  1.75574e-07
 Reference value :  1.75973e-07
 Reference value :  1.76466e-07
 Reference value :  1.76874e-07
 Reference value :  1.77365e-07
 Reference value :  1.77786e-07
 Reference value :  1.78224e-07
 Reference value :  1.78633e-07
 Reference value :  1.79042e-07
 Reference value :  1.79475e-07
 Reference value :  1.79889e-07
 Reference value :  1.80392e-07
 Reference value :  1.80818e-07
 Reference value :  1.81266e-07
 Reference value :  1.81712e-07
 Reference value :  1.82146e-07
 Reference value :  1.82620e-07
 Reference value :  1.83028e-07
 Reference value :  1.83528e-07
 Reference value :  1.83941e-07
 Reference value :  1.84412e-07
 Reference value :  1.84817e-07
 Reference value :  1.85288e-07
 Reference value :  1.85729e-07
 Reference value :  1.86194e-07
 Reference value :  1.86644e-07
 Reference value :  1.87084e-07
 Reference value :  1.87566e-07
 Reference value :  1.87985e-07
 Reference value :  1.88465e-07
 Reference value :  1.88880e-07
 Reference value :  1.89287e-07
 Reference value :  1.89721e-07
 Reference value :  1.90176e-07
 Reference value :  1.90634e-07
 Reference value :  1.91055e-07
 Reference value :  1.91487e-07
 Reference value :  1.91894e-07
 Reference value :  1.92347e-07
 Reference value :  1.92730e-07
 Reference value :  1.93137e-07
 Reference value :  1.93589e-07
 Reference value :  1.94021e-07
 Reference value :  1.94468e-07
 Reference value :  1.94885e-07
 Reference value :  1.95387e-07
 Reference value :  1.95835e-07
 Reference value :  1.96291e-07
 Reference value :  1.96741e-07
 Reference value :  1.97203e-07
 Reference value :  1.97669e-07
 Reference value :  1.98126e-07
 Reference value :  1.98611e-07
 Reference value :  1.99049e-07
 Reference value :  1.99514e-07
 Reference value :  1.99952e-07
No. of Data Rows : 500008
ngspice-46 done

=== STDERR ===
Warning: singular matrix:  check node xgen.b2_ac

Note: Starting dynamic gmin stepping
Warning: singular matrix:  check node xgen.b1_ac

Warning: Dynamic gmin stepping failed
Note: Starting true gmin stepping
Warning: singular matrix:  check node xgen.b1_ac

Warning: singular matrix:  check node xgen.b1_ac

Warning: singular matrix:  check node xgen.b1_ac

Warning: singular matrix:  check node xgen.b1_ac

Warning: True gmin stepping failed
Note: Starting source stepping
Warning: source stepping failed
Note: Transient op started
Note: Transient op finished successfully
