
Note: No compatibility mode selected!


Circuit: * equal-precision ac-coupled wideband trnoise rate 1.5 gs/s seg 31

Doing analysis at TEMP = 27.000000 and TNOM = 27.000000

Using SPARSE 1.3 as Direct Linear Solver

No. of Data Rows : 1
Doing analysis at TEMP = 27.000000 and TNOM = 27.000000

Using SPARSE 1.3 as Direct Linear Solver

Initial Transient Solution
--------------------------

Node                                   Voltage
----                                   -------
gen_n                                  2.37119
xgen.b1_q1                            0.872018
xgen.e                               0.0779563
xgen.xq1.s1                        9.47062e-10
xgen.xq1.t                             3.24135
gen_p                                  2.37119
xgen.b2_q2                            0.872018
xgen.xq2.s1                        9.47062e-10
xgen.xq2.t                             3.24135
vcc_hbt                                    2.5
xgen.b_cm                                0.872
xgen.b2_ac                                   0
xgen.b1_ac                                   0
xamp.in_p_q1                           2.37082
xamp.in_n_q2                           2.37082
xamp.c1_n                              1.95117
xamp.e1_1                              1.48176
xamp.xq1.s1                        1.90688e-09
xamp.xq1.t                             6.54928
xamp.c1_p                              1.95117
xamp.e1_2                              1.48176
xamp.xq2.s1                        1.90688e-09
xamp.xq2.t                             6.54928
xamp.e1_common                         1.44741
xamp.b2_p                              1.13706
xamp.xqef1.s1                       9.9654e-10
xamp.xqef1.t                            3.4824
xamp.b2_n                              1.13706
xamp.xqef2.s1                       9.9654e-10
xamp.xqef2.t                            3.4824
amp_n                                  2.38763
xamp.e2_1                             0.301216
xamp.xq3.s1                        9.48338e-10
xamp.xq3.t                             11.0582
amp_p                                  2.38763
xamp.e2_2                             0.301216
xamp.xq4.s1                        9.48338e-10
xamp.xq4.t                             11.0582
xamp.e2_common                        0.294233
xcomp.in_p_int                         2.38759
xcomp.in_n_int                         2.38759
clk_p                                    0.775
xcomp.clk_p_int                       0.774995
clk_n                                    0.925
xcomp.clk_n_int                       0.924559
xcomp.b_latch_p                        1.56126
xcomp.xqef_in1.s1                  9.94704e-10
xcomp.xqef_in1.t                        3.3271
xcomp.b_latch_n                        1.56126
xcomp.xqef_in2.s1                  9.94704e-10
xcomp.xqef_in2.t                        3.3271
xcomp.e_track                         0.817155
xcomp.e_tail                         0.0116748
xcomp.xqclk_track.s1               3.26893e-10
xcomp.xqclk_track.t                   0.355343
xcomp.e_latch                          1.46391
xcomp.xqclk_latch.s1                5.8272e-10
xcomp.xqclk_latch.t                    32.3035
xcomp.c_n                              2.34023
xcomp.xq1.s1                       9.36527e-10
xcomp.xq1.t                           0.335461
xcomp.c_p                              2.34023
xcomp.xq2.s1                       9.36527e-10
xcomp.xq2.t                           0.335461
xcomp.xq3.s1                       9.18256e-10
xcomp.xq3.t                            9.73263
xcomp.xq4.s1                       9.18256e-10
xcomp.xq4.t                            9.73263
xcomp.ef_p                             1.50725
xcomp.xqef1.s1                       9.935e-10
xcomp.xqef1.t                          4.24437
xcomp.ef_n                             1.50725
xcomp.xqef2.s1                       9.935e-10
xcomp.xqef2.t                          4.24437
xcomp.g_p                             0.754713
xcomp.g_n                             0.754713
xcomp.cml_out_p                      0.0367696
xcomp.xqbuf1.s1                    1.00067e-09
xcomp.xqbuf1.t                        0.209938
xcomp.cml_out_n                      0.0367696
xcomp.xqbuf2.s1                    1.00067e-09
xcomp.xqbuf2.t                        0.209938
vdd                                        1.2
vclk_n#branch                      -4.4055e-06
vclk_p#branch                     -4.91743e-08
vdd#branch                                   0
vcc_hbt#branch                      -0.0097389
v.xgen.vbm#branch                   3.5587e-06

 Reference value :  6.94118e-11
 Reference value :  3.65412e-10
 Reference value :  6.70000e-10
 Reference value :  1.00612e-09
 Reference value :  1.28682e-09
 Reference value :  1.58682e-09
 Reference value :  1.87682e-09
 Reference value :  2.17635e-09
 Reference value :  2.47941e-09
 Reference value :  2.76941e-09
 Reference value :  3.09635e-09
 Reference value :  3.39635e-09
 Reference value :  3.70812e-09
 Reference value :  4.01412e-09
 Reference value :  4.32281e-09
 Reference value :  4.64200e-09
 Reference value :  4.95400e-09
 Reference value :  5.25082e-09
 Reference value :  5.55800e-09
 Reference value :  5.85812e-09
 Reference value :  6.16635e-09
 Reference value :  6.44812e-09
 Reference value :  6.77682e-09
 Reference value :  7.10000e-09
 Reference value :  7.38412e-09
 Reference value :  7.69282e-09
 Reference value :  7.98200e-09
 Reference value :  8.28672e-09
 Reference value :  8.57235e-09
 Reference value :  8.89400e-09
 Reference value :  9.18882e-09
 Reference value :  9.46612e-09
 Reference value :  9.77600e-09
 Reference value :  1.00640e-08
 Reference value :  1.03928e-08
 Reference value :  1.06664e-08
 Reference value :  1.09908e-08
 Reference value :  1.12748e-08
 Reference value :  1.16081e-08
 Reference value :  1.18864e-08
 Reference value :  1.21908e-08
 Reference value :  1.24420e-08
 Reference value :  1.27080e-08
 Reference value :  1.30340e-08
 Reference value :  1.33074e-08
 Reference value :  1.36520e-08
 Reference value :  1.39401e-08
 Reference value :  1.42748e-08
 Reference value :  1.45774e-08
 Reference value :  1.49114e-08
 Reference value :  1.51924e-08
 Reference value :  1.55181e-08
 Reference value :  1.58264e-08
 Reference value :  1.60964e-08
 Reference value :  1.64044e-08
 Reference value :  1.66924e-08
 Reference value :  1.70400e-08
 Reference value :  1.73240e-08
 Reference value :  1.76774e-08
 Reference value :  1.79740e-08
 Reference value :  1.83101e-08
 Reference value :  1.86134e-08
 Reference value :  1.89328e-08
 Reference value :  1.92228e-08
 Reference value :  1.95288e-08
 Reference value :  1.98281e-08
 Reference value :  2.01161e-08
 Reference value :  2.04384e-08
 Reference value :  2.07394e-08
 Reference value :  2.10660e-08
 Reference value :  2.13424e-08
 Reference value :  2.16861e-08
 Reference value :  2.19621e-08
 Reference value :  2.22684e-08
 Reference value :  2.25504e-08
 Reference value :  2.28514e-08
 Reference value :  2.31628e-08
 Reference value :  2.34744e-08
 Reference value :  2.37574e-08
 Reference value :  2.40248e-08
 Reference value :  2.43600e-08
 Reference value :  2.46561e-08
 Reference value :  2.50220e-08
 Reference value :  2.53148e-08
 Reference value :  2.56489e-08
 Reference value :  2.59468e-08
 Reference value :  2.62768e-08
 Reference value :  2.65708e-08
 Reference value :  2.68834e-08
 Reference value :  2.71954e-08
 Reference value :  2.75061e-08
 Reference value :  2.78128e-08
 Reference value :  2.81244e-08
 Reference value :  2.85160e-08
 Reference value :  2.89980e-08
 Reference value :  2.93901e-08
 Reference value :  2.98384e-08
 Reference value :  3.03040e-08
 Reference value :  3.07380e-08
 Reference value :  3.12121e-08
 Reference value :  3.17001e-08
 Reference value :  3.21374e-08
 Reference value :  3.25824e-08
 Reference value :  3.30188e-08
 Reference value :  3.34664e-08
 Reference value :  3.39244e-08
 Reference value :  3.44160e-08
 Reference value :  3.48660e-08
 Reference value :  3.52994e-08
 Reference value :  3.57808e-08
 Reference value :  3.62294e-08
 Reference value :  3.67144e-08
 Reference value :  3.72180e-08
 Reference value :  3.77100e-08
 Reference value :  3.81804e-08
 Reference value :  3.86481e-08
 Reference value :  3.91440e-08
 Reference value :  3.96294e-08
 Reference value :  4.00780e-08
 Reference value :  4.05520e-08
 Reference value :  4.10408e-08
 Reference value :  4.14648e-08
 Reference value :  4.19104e-08
 Reference value :  4.23834e-08
 Reference value :  4.28301e-08
 Reference value :  4.32864e-08
 Reference value :  4.37728e-08
 Reference value :  4.42500e-08
 Reference value :  4.47001e-08
 Reference value :  4.51928e-08
 Reference value :  4.56841e-08
 Reference value :  4.61428e-08
 Reference value :  4.65974e-08
 Reference value :  4.70814e-08
 Reference value :  4.75460e-08
 Reference value :  4.80128e-08
 Reference value :  4.84080e-08
 Reference value :  4.88884e-08
 Reference value :  4.93358e-08
 Reference value :  4.98344e-08
 Reference value :  5.03344e-08
 Reference value :  5.07854e-08
 Reference value :  5.12448e-08
 Reference value :  5.17454e-08
 Reference value :  5.22061e-08
 Reference value :  5.26654e-08
 Reference value :  5.31560e-08
 Reference value :  5.35988e-08
 Reference value :  5.40424e-08
 Reference value :  5.45288e-08
 Reference value :  5.49900e-08
 Reference value :  5.53701e-08
 Reference value :  5.58368e-08
 Reference value :  5.63314e-08
 Reference value :  5.67874e-08
 Reference value :  5.72614e-08
 Reference value :  5.77468e-08
 Reference value :  5.82314e-08
 Reference value :  5.86941e-08
 Reference value :  5.91840e-08
 Reference value :  5.95901e-08
 Reference value :  6.00580e-08
 Reference value :  6.05564e-08
 Reference value :  6.10054e-08
 Reference value :  6.14841e-08
 Reference value :  6.19688e-08
 Reference value :  6.24648e-08
 Reference value :  6.29368e-08
 Reference value :  6.33708e-08
 Reference value :  6.38504e-08
 Reference value :  6.42814e-08
 Reference value :  6.47064e-08
 Reference value :  6.51520e-08
 Reference value :  6.56140e-08
 Reference value :  6.60424e-08
 Reference value :  6.65360e-08
 Reference value :  6.70354e-08
 Reference value :  6.74848e-08
 Reference value :  6.79314e-08
 Reference value :  6.84084e-08
 Reference value :  6.88421e-08
 Reference value :  6.92794e-08
 Reference value :  6.97628e-08
 Reference value :  7.02160e-08
 Reference value :  7.06381e-08
 Reference value :  7.10904e-08
 Reference value :  7.15241e-08
 Reference value :  7.19574e-08
 Reference value :  7.24234e-08
 Reference value :  7.28584e-08
 Reference value :  7.33001e-08
 Reference value :  7.37660e-08
 Reference value :  7.42541e-08
 Reference value :  7.46641e-08
 Reference value :  7.51221e-08
 Reference value :  7.55924e-08
 Reference value :  7.60444e-08
 Reference value :  7.65188e-08
 Reference value :  7.69864e-08
 Reference value :  7.74034e-08
 Reference value :  7.78848e-08
 Reference value :  7.83908e-08
 Reference value :  7.88480e-08
 Reference value :  7.93144e-08
 Reference value :  7.98088e-08
 Reference value :  8.03220e-08
 Reference value :  8.07514e-08
 Reference value :  8.12088e-08
 Reference value :  8.17040e-08
 Reference value :  8.21624e-08
 Reference value :  8.26361e-08
 Reference value :  8.31114e-08
 Reference value :  8.35881e-08
 Reference value :  8.40244e-08
 Reference value :  8.45148e-08
 Reference value :  8.49961e-08
 Reference value :  8.54504e-08
 Reference value :  8.59128e-08
 Reference value :  8.64034e-08
 Reference value :  8.68184e-08
 Reference value :  8.72834e-08
 Reference value :  8.77604e-08
 Reference value :  8.82308e-08
 Reference value :  8.86664e-08
 Reference value :  8.91264e-08
 Reference value :  8.95784e-08
 Reference value :  8.99784e-08
 Reference value :  9.04048e-08
 Reference value :  9.08934e-08
 Reference value :  9.13400e-08
 Reference value :  9.18360e-08
 Reference value :  9.23081e-08
 Reference value :  9.27668e-08
 Reference value :  9.32288e-08
 Reference value :  9.37194e-08
 Reference value :  9.41828e-08
 Reference value :  9.46524e-08
 Reference value :  9.51521e-08
 Reference value :  9.56024e-08
 Reference value :  9.60608e-08
 Reference value :  9.65220e-08
 Reference value :  9.70204e-08
 Reference value :  9.74934e-08
 Reference value :  9.79728e-08
 Reference value :  9.84480e-08
 Reference value :  9.89240e-08
 Reference value :  9.93961e-08
 Reference value :  9.98854e-08
 Reference value :  1.00364e-07
 Reference value :  1.00834e-07
 Reference value :  1.01319e-07
 Reference value :  1.01773e-07
 Reference value :  1.02256e-07
 Reference value :  1.02674e-07
 Reference value :  1.03150e-07
 Reference value :  1.03658e-07
 Reference value :  1.04136e-07
 Reference value :  1.04588e-07
 Reference value :  1.05064e-07
 Reference value :  1.05498e-07
 Reference value :  1.05945e-07
 Reference value :  1.06418e-07
 Reference value :  1.06852e-07
 Reference value :  1.07269e-07
 Reference value :  1.07732e-07
 Reference value :  1.08181e-07
 Reference value :  1.08648e-07
 Reference value :  1.09134e-07
 Reference value :  1.09626e-07
 Reference value :  1.10059e-07
 Reference value :  1.10537e-07
 Reference value :  1.11032e-07
 Reference value :  1.11494e-07
 Reference value :  1.11973e-07
 Reference value :  1.12464e-07
 Reference value :  1.12941e-07
 Reference value :  1.13408e-07
 Reference value :  1.13887e-07
 Reference value :  1.14386e-07
 Reference value :  1.14857e-07
 Reference value :  1.15321e-07
 Reference value :  1.15827e-07
 Reference value :  1.16336e-07
 Reference value :  1.16807e-07
 Reference value :  1.17285e-07
 Reference value :  1.17770e-07
 Reference value :  1.18253e-07
 Reference value :  1.18692e-07
 Reference value :  1.19189e-07
 Reference value :  1.19678e-07
 Reference value :  1.20137e-07
 Reference value :  1.20599e-07
 Reference value :  1.21088e-07
 Reference value :  1.21556e-07
 Reference value :  1.22006e-07
 Reference value :  1.22487e-07
 Reference value :  1.22976e-07
 Reference value :  1.23436e-07
 Reference value :  1.23906e-07
 Reference value :  1.24386e-07
 Reference value :  1.24865e-07
 Reference value :  1.25302e-07
 Reference value :  1.25783e-07
 Reference value :  1.26251e-07
 Reference value :  1.26685e-07
 Reference value :  1.27186e-07
 Reference value :  1.27646e-07
 Reference value :  1.28067e-07
 Reference value :  1.28532e-07
 Reference value :  1.29030e-07
 Reference value :  1.29487e-07
 Reference value :  1.29962e-07
 Reference value :  1.30425e-07
 Reference value :  1.30887e-07
 Reference value :  1.31304e-07
 Reference value :  1.31794e-07
 Reference value :  1.32281e-07
 Reference value :  1.32746e-07
 Reference value :  1.33229e-07
 Reference value :  1.33720e-07
 Reference value :  1.34175e-07
 Reference value :  1.34652e-07
 Reference value :  1.35118e-07
 Reference value :  1.35567e-07
 Reference value :  1.36008e-07
 Reference value :  1.36497e-07
 Reference value :  1.36994e-07
 Reference value :  1.37435e-07
 Reference value :  1.37900e-07
 Reference value :  1.38389e-07
 Reference value :  1.38846e-07
 Reference value :  1.39304e-07
 Reference value :  1.39797e-07
 Reference value :  1.40287e-07
 Reference value :  1.40752e-07
 Reference value :  1.41226e-07
 Reference value :  1.41730e-07
 Reference value :  1.42211e-07
 Reference value :  1.42669e-07
 Reference value :  1.43170e-07
 Reference value :  1.43672e-07
 Reference value :  1.44154e-07
 Reference value :  1.44605e-07
 Reference value :  1.45117e-07
 Reference value :  1.45600e-07
 Reference value :  1.46063e-07
 Reference value :  1.46559e-07
 Reference value :  1.47038e-07
 Reference value :  1.47494e-07
 Reference value :  1.47962e-07
 Reference value :  1.48466e-07
 Reference value :  1.48953e-07
 Reference value :  1.49403e-07
 Reference value :  1.49898e-07
 Reference value :  1.50394e-07
 Reference value :  1.50868e-07
 Reference value :  1.51325e-07
 Reference value :  1.51811e-07
 Reference value :  1.52279e-07
 Reference value :  1.52746e-07
 Reference value :  1.53227e-07
 Reference value :  1.53736e-07
 Reference value :  1.54224e-07
 Reference value :  1.54688e-07
 Reference value :  1.55178e-07
 Reference value :  1.55668e-07
 Reference value :  1.56127e-07
 Reference value :  1.56593e-07
 Reference value :  1.57089e-07
 Reference value :  1.57560e-07
 Reference value :  1.58008e-07
 Reference value :  1.58513e-07
 Reference value :  1.59033e-07
 Reference value :  1.59478e-07
 Reference value :  1.59925e-07
 Reference value :  1.60426e-07
 Reference value :  1.60898e-07
 Reference value :  1.61362e-07
 Reference value :  1.61853e-07
 Reference value :  1.62350e-07
 Reference value :  1.62812e-07
 Reference value :  1.63278e-07
 Reference value :  1.63775e-07
 Reference value :  1.64247e-07
 Reference value :  1.64687e-07
 Reference value :  1.65173e-07
 Reference value :  1.65679e-07
 Reference value :  1.66066e-07
 Reference value :  1.66480e-07
 Reference value :  1.66954e-07
 Reference value :  1.67425e-07
 Reference value :  1.67902e-07
 Reference value :  1.68404e-07
 Reference value :  1.68860e-07
 Reference value :  1.69316e-07
 Reference value :  1.69796e-07
 Reference value :  1.70260e-07
 Reference value :  1.70661e-07
 Reference value :  1.71102e-07
 Reference value :  1.71524e-07
 Reference value :  1.71939e-07
 Reference value :  1.72393e-07
 Reference value :  1.72860e-07
 Reference value :  1.73316e-07
 Reference value :  1.73793e-07
 Reference value :  1.74257e-07
 Reference value :  1.74699e-07
 Reference value :  1.75150e-07
 Reference value :  1.75622e-07
 Reference value :  1.76058e-07
 Reference value :  1.76560e-07
 Reference value :  1.77064e-07
 Reference value :  1.77554e-07
 Reference value :  1.78029e-07
 Reference value :  1.78544e-07
 Reference value :  1.79042e-07
 Reference value :  1.79533e-07
 Reference value :  1.80009e-07
 Reference value :  1.80522e-07
 Reference value :  1.81023e-07
 Reference value :  1.81511e-07
 Reference value :  1.81993e-07
 Reference value :  1.82515e-07
 Reference value :  1.83013e-07
 Reference value :  1.83498e-07
 Reference value :  1.83966e-07
 Reference value :  1.84467e-07
 Reference value :  1.84948e-07
 Reference value :  1.85392e-07
 Reference value :  1.85882e-07
 Reference value :  1.86379e-07
 Reference value :  1.86850e-07
 Reference value :  1.87315e-07
 Reference value :  1.87780e-07
 Reference value :  1.88197e-07
 Reference value :  1.88599e-07
 Reference value :  1.89042e-07
 Reference value :  1.89449e-07
 Reference value :  1.89919e-07
 Reference value :  1.90419e-07
 Reference value :  1.90863e-07
 Reference value :  1.91287e-07
 Reference value :  1.91768e-07
 Reference value :  1.92203e-07
 Reference value :  1.92651e-07
 Reference value :  1.93134e-07
 Reference value :  1.93615e-07
 Reference value :  1.94082e-07
 Reference value :  1.94550e-07
 Reference value :  1.95052e-07
 Reference value :  1.95534e-07
 Reference value :  1.95990e-07
 Reference value :  1.96477e-07
 Reference value :  1.96980e-07
 Reference value :  1.97426e-07
 Reference value :  1.97900e-07
 Reference value :  1.98402e-07
 Reference value :  1.98854e-07
 Reference value :  1.99335e-07
 Reference value :  1.99846e-07
No. of Data Rows : 505590
ngspice-46 done

=== STDERR ===
Warning: singular matrix:  check node xgen.b2_ac

Note: Starting dynamic gmin stepping
Warning: singular matrix:  check node xgen.b1_ac

Warning: Dynamic gmin stepping failed
Note: Starting true gmin stepping
Warning: singular matrix:  check node xgen.b1_ac

Warning: singular matrix:  check node xgen.b1_ac

Warning: singular matrix:  check node xgen.b1_ac

Warning: singular matrix:  check node xgen.b1_ac

Warning: True gmin stepping failed
Note: Starting source stepping
Warning: source stepping failed
Note: Transient op started
Note: Transient op finished successfully
