
Note: No compatibility mode selected!


Circuit: * equal-precision ac-coupled wideband trnoise rate 5.0 gs/s seg 18

Doing analysis at TEMP = 27.000000 and TNOM = 27.000000

Using SPARSE 1.3 as Direct Linear Solver

No. of Data Rows : 1
Doing analysis at TEMP = 27.000000 and TNOM = 27.000000

Using SPARSE 1.3 as Direct Linear Solver

Initial Transient Solution
--------------------------

Node                                   Voltage
----                                   -------
gen_n                                  2.37119
xgen.b1_q1                            0.872018
xgen.e                               0.0779563
xgen.xq1.s1                        9.47062e-10
xgen.xq1.t                             3.24135
gen_p                                  2.37119
xgen.b2_q2                            0.872018
xgen.xq2.s1                        9.47062e-10
xgen.xq2.t                             3.24135
vcc_hbt                                    2.5
xgen.b_cm                                0.872
xgen.b2_ac                                   0
xgen.b1_ac                                   0
xamp.in_p_q1                           2.37082
xamp.in_n_q2                           2.37082
xamp.c1_n                              1.95117
xamp.e1_1                              1.48176
xamp.xq1.s1                        1.90688e-09
xamp.xq1.t                             6.54928
xamp.c1_p                              1.95117
xamp.e1_2                              1.48176
xamp.xq2.s1                        1.90688e-09
xamp.xq2.t                             6.54928
xamp.e1_common                         1.44741
xamp.b2_p                              1.13706
xamp.xqef1.s1                       9.9654e-10
xamp.xqef1.t                            3.4824
xamp.b2_n                              1.13706
xamp.xqef2.s1                       9.9654e-10
xamp.xqef2.t                            3.4824
amp_n                                  2.38763
xamp.e2_1                             0.301216
xamp.xq3.s1                        9.48338e-10
xamp.xq3.t                             11.0582
amp_p                                  2.38763
xamp.e2_2                             0.301216
xamp.xq4.s1                        9.48338e-10
xamp.xq4.t                             11.0582
xamp.e2_common                        0.294233
xcomp.in_p_int                         2.38759
xcomp.in_n_int                         2.38759
clk_p                                    0.775
xcomp.clk_p_int                       0.774995
clk_n                                    0.925
xcomp.clk_n_int                       0.924559
xcomp.b_latch_p                        1.56126
xcomp.xqef_in1.s1                  9.94704e-10
xcomp.xqef_in1.t                        3.3271
xcomp.b_latch_n                        1.56126
xcomp.xqef_in2.s1                  9.94704e-10
xcomp.xqef_in2.t                        3.3271
xcomp.e_track                         0.817155
xcomp.e_tail                         0.0116748
xcomp.xqclk_track.s1               3.26893e-10
xcomp.xqclk_track.t                   0.355343
xcomp.e_latch                          1.46391
xcomp.xqclk_latch.s1                5.8272e-10
xcomp.xqclk_latch.t                    32.3035
xcomp.c_n                              2.34023
xcomp.xq1.s1                       9.36527e-10
xcomp.xq1.t                           0.335461
xcomp.c_p                              2.34023
xcomp.xq2.s1                       9.36527e-10
xcomp.xq2.t                           0.335461
xcomp.xq3.s1                       9.18256e-10
xcomp.xq3.t                            9.73263
xcomp.xq4.s1                       9.18256e-10
xcomp.xq4.t                            9.73263
xcomp.ef_p                             1.50725
xcomp.xqef1.s1                       9.935e-10
xcomp.xqef1.t                          4.24437
xcomp.ef_n                             1.50725
xcomp.xqef2.s1                       9.935e-10
xcomp.xqef2.t                          4.24437
xcomp.g_p                             0.754713
xcomp.g_n                             0.754713
xcomp.cml_out_p                      0.0367696
xcomp.xqbuf1.s1                    1.00067e-09
xcomp.xqbuf1.t                        0.209938
xcomp.cml_out_n                      0.0367696
xcomp.xqbuf2.s1                    1.00067e-09
xcomp.xqbuf2.t                        0.209938
vdd                                        1.2
vclk_n#branch                      -4.4055e-06
vclk_p#branch                     -4.91743e-08
vdd#branch                                   0
vcc_hbt#branch                      -0.0097389
v.xgen.vbm#branch                   3.5587e-06

 Reference value :  2.24824e-10
 Reference value :  7.40000e-10
 Reference value :  1.26235e-09
 Reference value :  1.76082e-09
 Reference value :  2.23341e-09
 Reference value :  2.72212e-09
 Reference value :  3.21741e-09
 Reference value :  3.73341e-09
 Reference value :  4.23082e-09
 Reference value :  4.73482e-09
 Reference value :  5.25341e-09
 Reference value :  5.74000e-09
 Reference value :  6.24835e-09
 Reference value :  6.76682e-09
 Reference value :  7.26882e-09
 Reference value :  7.78235e-09
 Reference value :  8.29541e-09
 Reference value :  8.81682e-09
 Reference value :  9.34035e-09
 Reference value :  9.88882e-09
 Reference value :  1.03914e-08
 Reference value :  1.08780e-08
 Reference value :  1.13904e-08
 Reference value :  1.19081e-08
 Reference value :  1.24321e-08
 Reference value :  1.29274e-08
 Reference value :  1.34184e-08
 Reference value :  1.39340e-08
 Reference value :  1.44141e-08
 Reference value :  1.49154e-08
 Reference value :  1.53888e-08
 Reference value :  1.58914e-08
 Reference value :  1.63980e-08
 Reference value :  1.69100e-08
 Reference value :  1.73894e-08
 Reference value :  1.79194e-08
 Reference value :  1.84314e-08
 Reference value :  1.89068e-08
 Reference value :  1.93888e-08
 Reference value :  1.98914e-08
 Reference value :  2.03854e-08
 Reference value :  2.08880e-08
 Reference value :  2.13824e-08
 Reference value :  2.18804e-08
 Reference value :  2.23594e-08
 Reference value :  2.28368e-08
 Reference value :  2.33360e-08
 Reference value :  2.38394e-08
 Reference value :  2.43624e-08
 Reference value :  2.48554e-08
 Reference value :  2.53728e-08
 Reference value :  2.58848e-08
 Reference value :  2.63988e-08
 Reference value :  2.69221e-08
 Reference value :  2.74394e-08
 Reference value :  2.79500e-08
 Reference value :  2.84621e-08
 Reference value :  2.89560e-08
 Reference value :  2.93981e-08
 Reference value :  2.99128e-08
 Reference value :  3.04094e-08
 Reference value :  3.09244e-08
 Reference value :  3.14041e-08
 Reference value :  3.19214e-08
 Reference value :  3.24054e-08
 Reference value :  3.28900e-08
 Reference value :  3.33774e-08
 Reference value :  3.38754e-08
 Reference value :  3.43748e-08
 Reference value :  3.48688e-08
 Reference value :  3.53564e-08
 Reference value :  3.58600e-08
 Reference value :  3.63461e-08
 Reference value :  3.68344e-08
 Reference value :  3.73280e-08
 Reference value :  3.77924e-08
 Reference value :  3.82900e-08
 Reference value :  3.87800e-08
 Reference value :  3.92774e-08
 Reference value :  3.97861e-08
 Reference value :  4.02874e-08
 Reference value :  4.07894e-08
 Reference value :  4.12894e-08
 Reference value :  4.17694e-08
 Reference value :  4.22534e-08
 Reference value :  4.27461e-08
 Reference value :  4.32408e-08
 Reference value :  4.37544e-08
 Reference value :  4.42594e-08
 Reference value :  4.47334e-08
 Reference value :  4.52108e-08
 Reference value :  4.57314e-08
 Reference value :  4.62244e-08
 Reference value :  4.67260e-08
 Reference value :  4.72008e-08
 Reference value :  4.76864e-08
 Reference value :  4.81684e-08
 Reference value :  4.86521e-08
 Reference value :  4.91284e-08
 Reference value :  4.96254e-08
 Reference value :  5.01104e-08
 Reference value :  5.06068e-08
 Reference value :  5.10301e-08
 Reference value :  5.13961e-08
 Reference value :  5.18094e-08
 Reference value :  5.22414e-08
 Reference value :  5.26768e-08
 Reference value :  5.31554e-08
 Reference value :  5.36254e-08
 Reference value :  5.40944e-08
 Reference value :  5.45601e-08
 Reference value :  5.50388e-08
 Reference value :  5.55414e-08
 Reference value :  5.60344e-08
 Reference value :  5.65408e-08
 Reference value :  5.70201e-08
 Reference value :  5.75168e-08
 Reference value :  5.79961e-08
 Reference value :  5.84804e-08
 Reference value :  5.89761e-08
 Reference value :  5.94168e-08
 Reference value :  5.99181e-08
 Reference value :  6.04108e-08
 Reference value :  6.09148e-08
 Reference value :  6.14160e-08
 Reference value :  6.18940e-08
 Reference value :  6.23844e-08
 Reference value :  6.28904e-08
 Reference value :  6.33828e-08
 Reference value :  6.38761e-08
 Reference value :  6.43754e-08
 Reference value :  6.48654e-08
 Reference value :  6.53614e-08
 Reference value :  6.58684e-08
 Reference value :  6.63620e-08
 Reference value :  6.68488e-08
 Reference value :  6.73688e-08
 Reference value :  6.78594e-08
 Reference value :  6.83574e-08
 Reference value :  6.88514e-08
 Reference value :  6.93448e-08
 Reference value :  6.98168e-08
 Reference value :  7.03240e-08
 Reference value :  7.08220e-08
 Reference value :  7.13188e-08
 Reference value :  7.17668e-08
 Reference value :  7.22680e-08
 Reference value :  7.27720e-08
 Reference value :  7.32684e-08
 Reference value :  7.37704e-08
 Reference value :  7.42648e-08
 Reference value :  7.47664e-08
 Reference value :  7.52720e-08
 Reference value :  7.57700e-08
 Reference value :  7.62521e-08
 Reference value :  7.67421e-08
 Reference value :  7.71980e-08
 Reference value :  7.77034e-08
 Reference value :  7.81864e-08
 Reference value :  7.86621e-08
 Reference value :  7.91144e-08
 Reference value :  7.95834e-08
 Reference value :  8.00524e-08
 Reference value :  8.05388e-08
 Reference value :  8.10160e-08
 Reference value :  8.15020e-08
 Reference value :  8.19700e-08
 Reference value :  8.24644e-08
 Reference value :  8.29584e-08
 Reference value :  8.34328e-08
 Reference value :  8.39500e-08
 Reference value :  8.44561e-08
 Reference value :  8.49534e-08
 Reference value :  8.54468e-08
 Reference value :  8.59308e-08
 Reference value :  8.63881e-08
 Reference value :  8.68880e-08
 Reference value :  8.73734e-08
 Reference value :  8.78604e-08
 Reference value :  8.83701e-08
 Reference value :  8.88608e-08
 Reference value :  8.93668e-08
 Reference value :  8.98804e-08
 Reference value :  9.03794e-08
 Reference value :  9.08900e-08
 Reference value :  9.13868e-08
 Reference value :  9.19154e-08
 Reference value :  9.24320e-08
 Reference value :  9.29460e-08
 Reference value :  9.34480e-08
 Reference value :  9.39644e-08
 Reference value :  9.44680e-08
 Reference value :  9.49601e-08
 Reference value :  9.54681e-08
 Reference value :  9.59824e-08
 Reference value :  9.65014e-08
 Reference value :  9.70068e-08
 Reference value :  9.75288e-08
 Reference value :  9.80224e-08
 Reference value :  9.85354e-08
 Reference value :  9.89668e-08
 Reference value :  9.94864e-08
 Reference value :  1.00010e-07
 Reference value :  1.00504e-07
 Reference value :  1.00989e-07
 Reference value :  1.01496e-07
 Reference value :  1.01993e-07
 Reference value :  1.02484e-07
 Reference value :  1.03004e-07
 Reference value :  1.03539e-07
 Reference value :  1.04073e-07
 Reference value :  1.04557e-07
 Reference value :  1.05058e-07
 Reference value :  1.05578e-07
 Reference value :  1.06093e-07
 Reference value :  1.06601e-07
 Reference value :  1.07138e-07
 Reference value :  1.07628e-07
 Reference value :  1.08110e-07
 Reference value :  1.08613e-07
 Reference value :  1.09134e-07
 Reference value :  1.09640e-07
 Reference value :  1.10155e-07
 Reference value :  1.10650e-07
 Reference value :  1.11132e-07
 Reference value :  1.11598e-07
 Reference value :  1.12121e-07
 Reference value :  1.12598e-07
 Reference value :  1.13111e-07
 Reference value :  1.13588e-07
 Reference value :  1.14077e-07
 Reference value :  1.14579e-07
 Reference value :  1.15092e-07
 Reference value :  1.15575e-07
 Reference value :  1.16065e-07
 Reference value :  1.16554e-07
 Reference value :  1.17024e-07
 Reference value :  1.17503e-07
 Reference value :  1.17960e-07
 Reference value :  1.18468e-07
 Reference value :  1.18962e-07
 Reference value :  1.19435e-07
 Reference value :  1.19923e-07
 Reference value :  1.20408e-07
 Reference value :  1.20906e-07
 Reference value :  1.21400e-07
 Reference value :  1.21911e-07
 Reference value :  1.22404e-07
 Reference value :  1.22901e-07
 Reference value :  1.23387e-07
 Reference value :  1.23881e-07
 Reference value :  1.24383e-07
 Reference value :  1.24898e-07
 Reference value :  1.25385e-07
 Reference value :  1.25895e-07
 Reference value :  1.26398e-07
 Reference value :  1.26896e-07
 Reference value :  1.27392e-07
 Reference value :  1.27909e-07
 Reference value :  1.28319e-07
 Reference value :  1.28804e-07
 Reference value :  1.29297e-07
 Reference value :  1.29789e-07
 Reference value :  1.30301e-07
 Reference value :  1.30796e-07
 Reference value :  1.31293e-07
 Reference value :  1.31770e-07
 Reference value :  1.32258e-07
 Reference value :  1.32740e-07
 Reference value :  1.33216e-07
 Reference value :  1.33728e-07
 Reference value :  1.34236e-07
 Reference value :  1.34731e-07
 Reference value :  1.35219e-07
 Reference value :  1.35722e-07
 Reference value :  1.36195e-07
 Reference value :  1.36688e-07
 Reference value :  1.37166e-07
 Reference value :  1.37635e-07
 Reference value :  1.38145e-07
 Reference value :  1.38641e-07
 Reference value :  1.39148e-07
 Reference value :  1.39636e-07
 Reference value :  1.40135e-07
 Reference value :  1.40628e-07
 Reference value :  1.41127e-07
 Reference value :  1.41596e-07
 Reference value :  1.42054e-07
 Reference value :  1.42554e-07
 Reference value :  1.43031e-07
 Reference value :  1.43550e-07
 Reference value :  1.44048e-07
 Reference value :  1.44573e-07
 Reference value :  1.45083e-07
 Reference value :  1.45576e-07
 Reference value :  1.46085e-07
 Reference value :  1.46574e-07
 Reference value :  1.47068e-07
 Reference value :  1.47570e-07
 Reference value :  1.48075e-07
 Reference value :  1.48564e-07
 Reference value :  1.49048e-07
 Reference value :  1.49544e-07
 Reference value :  1.50045e-07
 Reference value :  1.50532e-07
 Reference value :  1.51030e-07
 Reference value :  1.51568e-07
 Reference value :  1.52073e-07
 Reference value :  1.52587e-07
 Reference value :  1.53103e-07
 Reference value :  1.53607e-07
 Reference value :  1.54141e-07
 Reference value :  1.54658e-07
 Reference value :  1.55174e-07
 Reference value :  1.55710e-07
 Reference value :  1.56220e-07
 Reference value :  1.56735e-07
 Reference value :  1.57172e-07
 Reference value :  1.57673e-07
 Reference value :  1.58109e-07
 Reference value :  1.58578e-07
 Reference value :  1.59064e-07
 Reference value :  1.59582e-07
 Reference value :  1.60056e-07
 Reference value :  1.60577e-07
 Reference value :  1.61019e-07
 Reference value :  1.61509e-07
 Reference value :  1.61989e-07
 Reference value :  1.62453e-07
 Reference value :  1.62958e-07
 Reference value :  1.63466e-07
 Reference value :  1.63972e-07
 Reference value :  1.64475e-07
 Reference value :  1.64938e-07
 Reference value :  1.65442e-07
 Reference value :  1.65955e-07
 Reference value :  1.66442e-07
 Reference value :  1.66946e-07
 Reference value :  1.67441e-07
 Reference value :  1.67915e-07
 Reference value :  1.68438e-07
 Reference value :  1.68938e-07
 Reference value :  1.69442e-07
 Reference value :  1.69961e-07
 Reference value :  1.70453e-07
 Reference value :  1.70909e-07
 Reference value :  1.71394e-07
 Reference value :  1.71892e-07
 Reference value :  1.72393e-07
 Reference value :  1.72912e-07
 Reference value :  1.73393e-07
 Reference value :  1.73918e-07
 Reference value :  1.74436e-07
 Reference value :  1.74954e-07
 Reference value :  1.75455e-07
 Reference value :  1.75960e-07
 Reference value :  1.76484e-07
 Reference value :  1.76978e-07
 Reference value :  1.77486e-07
 Reference value :  1.77942e-07
 Reference value :  1.78405e-07
 Reference value :  1.78901e-07
 Reference value :  1.79400e-07
 Reference value :  1.79886e-07
 Reference value :  1.80380e-07
 Reference value :  1.80850e-07
 Reference value :  1.81353e-07
 Reference value :  1.81845e-07
 Reference value :  1.82348e-07
 Reference value :  1.82846e-07
 Reference value :  1.83290e-07
 Reference value :  1.83766e-07
 Reference value :  1.84246e-07
 Reference value :  1.84739e-07
 Reference value :  1.85224e-07
 Reference value :  1.85734e-07
 Reference value :  1.86224e-07
 Reference value :  1.86722e-07
 Reference value :  1.87216e-07
 Reference value :  1.87686e-07
 Reference value :  1.88174e-07
 Reference value :  1.88648e-07
 Reference value :  1.89145e-07
 Reference value :  1.89622e-07
 Reference value :  1.90109e-07
 Reference value :  1.90564e-07
 Reference value :  1.91051e-07
 Reference value :  1.91559e-07
 Reference value :  1.92069e-07
 Reference value :  1.92578e-07
 Reference value :  1.93071e-07
 Reference value :  1.93575e-07
 Reference value :  1.94063e-07
 Reference value :  1.94541e-07
 Reference value :  1.95017e-07
 Reference value :  1.95533e-07
 Reference value :  1.96021e-07
 Reference value :  1.96505e-07
 Reference value :  1.96953e-07
 Reference value :  1.97431e-07
 Reference value :  1.97938e-07
 Reference value :  1.98420e-07
 Reference value :  1.98923e-07
 Reference value :  1.99424e-07
 Reference value :  1.99927e-07
No. of Data Rows : 500017
ngspice-46 done

=== STDERR ===
Warning: singular matrix:  check node xgen.b2_ac

Note: Starting dynamic gmin stepping
Warning: singular matrix:  check node xgen.b1_ac

Warning: Dynamic gmin stepping failed
Note: Starting true gmin stepping
Warning: singular matrix:  check node xgen.b1_ac

Warning: singular matrix:  check node xgen.b1_ac

Warning: singular matrix:  check node xgen.b1_ac

Warning: singular matrix:  check node xgen.b1_ac

Warning: True gmin stepping failed
Note: Starting source stepping
Warning: source stepping failed
Note: Transient op started
Note: Transient op finished successfully
