
Note: No compatibility mode selected!


Circuit: * g1_dose off-current baseline: corner mos_ss, t = -40 c

Doing analysis at TEMP = -40.000000 and TNOM = 27.000000

Using SPARSE 1.3 as Direct Linear Solver

No. of Data Rows : 1
id_std_v01 = 9.824394e-13
id_elt_v01 = 9.710256e-13
ratio_v01 = 1.011754e+00
Doing analysis at TEMP = -40.000000 and TNOM = 27.000000

Using SPARSE 1.3 as Direct Linear Solver

No. of Data Rows : 1
id_std_v12 = 3.290046e-12
id_elt_v12 = 3.263879e-12
ratio_v12 = 1.008017e+00
Doing analysis at TEMP = -40.000000 and TNOM = 27.000000

Using SPARSE 1.3 as Direct Linear Solver
 Reference value : -1.10000e-01 Reference value :  4.60000e-01 Reference value :  1.06000e+00
No. of Data Rows : 151
Doing analysis at TEMP = -40.000000 and TNOM = 27.000000

Using SPARSE 1.3 as Direct Linear Solver
 Reference value :  1.40000e-01 Reference value :  7.30000e-01
No. of Data Rows : 151
Note: Simulation executed from .control section 
