
Note: No compatibility mode selected!


Circuit: * g1_dose off-current baseline: corner mos_ss, t = 27 c

Doing analysis at TEMP = 27.000000 and TNOM = 27.000000

Using SPARSE 1.3 as Direct Linear Solver

No. of Data Rows : 1
id_std_v01 = 9.995668e-11
id_elt_v01 = 9.909950e-11
ratio_v01 = 1.008650e+00
Doing analysis at TEMP = 27.000000 and TNOM = 27.000000

Using SPARSE 1.3 as Direct Linear Solver

No. of Data Rows : 1
id_std_v12 = 2.728038e-10
id_elt_v12 = 2.710163e-10
ratio_v12 = 1.006595e+00
Doing analysis at TEMP = 27.000000 and TNOM = 27.000000

Using SPARSE 1.3 as Direct Linear Solver
 Reference value : -1.10000e-01 Reference value :  4.50000e-01 Reference value :  9.80000e-01
No. of Data Rows : 151
Doing analysis at TEMP = 27.000000 and TNOM = 27.000000

Using SPARSE 1.3 as Direct Linear Solver
 Reference value :  7.00000e-02 Reference value :  6.20000e-01 Reference value :  1.19000e+00
No. of Data Rows : 151
Note: Simulation executed from .control section 
