
Note: No compatibility mode selected!


Circuit: * g1_dose g1_dose_pair_pcell off-current baseline: corner mos_tt, t = -40 c

Doing analysis at TEMP = -40.000000 and TNOM = 27.000000

Using SPARSE 1.3 as Direct Linear Solver

No. of Data Rows : 1
id_hv_v01 = 1.773805e-16
id_lv_v01 = 6.746048e-13
ratio_v01 = 3.803152e+03
Doing analysis at TEMP = -40.000000 and TNOM = 27.000000

Using SPARSE 1.3 as Direct Linear Solver

No. of Data Rows : 1
id_hv_v12 = 5.650209e-16
id_lv_v12 = 5.036531e-12
ratio_v12 = 8.913883e+03
Doing analysis at TEMP = -40.000000 and TNOM = 27.000000

Using SPARSE 1.3 as Direct Linear Solver

No. of Data Rows : 1
id_hv_v33 = 2.559536e-15
Doing analysis at TEMP = -40.000000 and TNOM = 27.000000

Using SPARSE 1.3 as Direct Linear Solver
 Reference value : -1.60000e-01 Reference value :  4.50000e-01 Reference value :  1.00000e+00 Reference value :  1.53000e+00 Reference value :  2.06000e+00 Reference value :  2.69000e+00
No. of Data Rows : 361
Note: Simulation executed from .control section 
