2026-09-18 20:49:33 +0200: Memory Usage (804224K) : Starting running IHP-SG13G2 KLayout DRC runset on /work/designs/g1-guardian/blocks/g1_padring/flow/runs/ring-1200/64-klayout-filler/g1_chip_top.gds
2026-09-18 20:49:33 +0200: Memory Usage (804352K) : Ruby Version for klayout: 3.2.3
2026-09-18 20:49:33 +0200: Memory Usage (826784K) : Loading database to memory is complete.
2026-09-18 20:49:33 +0200: Memory Usage (826784K) : IHP-SG13G2 KLayout DRC runset output at: /work/designs/g1-guardian/blocks/g1_padring/flow/runs/ring-1200/82-klayout-drc/reports/drc.klayout.lyrdb
2026-09-18 20:49:33 +0200: Memory Usage (827040K) : Evaluate switches.
2026-09-18 20:49:33 +0200: Memory Usage (827040K) : tables selected: main
2026-09-18 20:49:33 +0200: Memory Usage (827040K) : KLayout will use 12 thread(s) in tiling mode.
2026-09-18 20:49:33 +0200: Memory Usage (827040K) : deep mode is enabled.
2026-09-18 20:49:33 +0200: Memory Usage (827040K) : FEOL enabled: true
2026-09-18 20:49:33 +0200: Memory Usage (827040K) : BEOL enabled: true
2026-09-18 20:49:33 +0200: Memory Usage (827040K) : OFFGRID enabled: true
2026-09-18 20:49:33 +0200: Memory Usage (827040K) : ANGLE enabled: true
2026-09-18 20:49:33 +0200: Memory Usage (827040K) : PIN enabled: true
2026-09-18 20:49:33 +0200: Memory Usage (827040K) : FORBIDDEN enabled: true
2026-09-18 20:49:33 +0200: Memory Usage (827040K) : RECOMMENDED enabled: false
2026-09-18 20:49:33 +0200: Memory Usage (827040K) : PreCheck DRC enabled: false
2026-09-18 20:49:33 +0200: Memory Usage (827040K) : CONNECTIVITY_RULES enabled: true.
2026-09-18 20:49:33 +0200: Memory Usage (827040K) : Read in polygons from layers.
2026-09-18 20:49:33 +0200: Memory Usage (831520K) : activ_drw has 71582 polygons
2026-09-18 20:49:34 +0200: Memory Usage (831648K) : activ_pin has 0 polygons
2026-09-18 20:49:34 +0200: Memory Usage (831648K) : activ_mask has 0 polygons
2026-09-18 20:49:34 +0200: Memory Usage (831648K) : activ_filler has 22635 polygons
2026-09-18 20:49:34 +0200: Memory Usage (831648K) : activ_nofill has 0 polygons
2026-09-18 20:49:34 +0200: Memory Usage (831648K) : activ_opc has 0 polygons
2026-09-18 20:49:34 +0200: Memory Usage (831648K) : activ_iopc has 0 polygons
2026-09-18 20:49:34 +0200: Memory Usage (831648K) : activ_noqrc has 0 polygons
2026-09-18 20:49:34 +0200: Memory Usage (831648K) : biwind_drw has 0 polygons
2026-09-18 20:49:34 +0200: Memory Usage (831648K) : biwind_opc has 0 polygons
2026-09-18 20:49:34 +0200: Memory Usage (831648K) : pemwind_drw has 0 polygons
2026-09-18 20:49:34 +0200: Memory Usage (832032K) : gatpoly_drw has 53288 polygons
2026-09-18 20:49:34 +0200: Memory Usage (832160K) : gatpoly_pin has 18 polygons
2026-09-18 20:49:34 +0200: Memory Usage (832288K) : gatpoly_filler has 22635 polygons
2026-09-18 20:49:34 +0200: Memory Usage (832288K) : gatpoly_nofill has 0 polygons
2026-09-18 20:49:34 +0200: Memory Usage (832288K) : gatpoly_opc has 0 polygons
2026-09-18 20:49:34 +0200: Memory Usage (832288K) : gatpoly_iopc has 0 polygons
2026-09-18 20:49:34 +0200: Memory Usage (832288K) : gatpoly_noqrc has 0 polygons
2026-09-18 20:49:34 +0200: Memory Usage (844320K) : cont_drw has 2715714 polygons
2026-09-18 20:49:34 +0200: Memory Usage (844448K) : cont_opc has 0 polygons
2026-09-18 20:49:34 +0200: Memory Usage (844448K) : nsd_drw has 0 polygons
2026-09-18 20:49:34 +0200: Memory Usage (844448K) : nsd_block has 0 polygons
2026-09-18 20:49:34 +0200: Memory Usage (844576K) : metal1_drw has 59908 polygons
2026-09-18 20:49:34 +0200: Memory Usage (844576K) : metal1_pin has 35826 polygons
2026-09-18 20:49:34 +0200: Memory Usage (844576K) : metal1_mask has 0 polygons
2026-09-18 20:49:34 +0200: Memory Usage (844576K) : metal1_filler has 30385 polygons
2026-09-18 20:49:34 +0200: Memory Usage (844576K) : metal1_nofill has 0 polygons
2026-09-18 20:49:34 +0200: Memory Usage (844576K) : metal1_slit has 0 polygons
2026-09-18 20:49:34 +0200: Memory Usage (844960K) : metal1_text has 35754 polygons
2026-09-18 20:49:34 +0200: Memory Usage (844960K) : metal1_opc has 0 polygons
2026-09-18 20:49:34 +0200: Memory Usage (844960K) : metal1_noqrc has 0 polygons
2026-09-18 20:49:34 +0200: Memory Usage (844960K) : metal1_res has 0 polygons
2026-09-18 20:49:34 +0200: Memory Usage (844960K) : metal1_iprobe has 0 polygons
2026-09-18 20:49:34 +0200: Memory Usage (844960K) : metal1_diffprb has 0 polygons
2026-09-18 20:49:34 +0200: Memory Usage (844960K) : passiv_drw has 36 polygons
2026-09-18 20:49:34 +0200: Memory Usage (844960K) : passiv_pin has 0 polygons
2026-09-18 20:49:34 +0200: Memory Usage (844960K) : passiv_sbump has 0 polygons
2026-09-18 20:49:34 +0200: Memory Usage (844960K) : passiv_pillar has 0 polygons
2026-09-18 20:49:34 +0200: Memory Usage (844960K) : passiv_pdl has 0 polygons
2026-09-18 20:49:34 +0200: Memory Usage (844960K) : metal2_drw has 3359 polygons
2026-09-18 20:49:34 +0200: Memory Usage (844960K) : metal2_pin has 436 polygons
2026-09-18 20:49:34 +0200: Memory Usage (844960K) : metal2_mask has 0 polygons
2026-09-18 20:49:34 +0200: Memory Usage (844960K) : metal2_filler has 50450 polygons
2026-09-18 20:49:34 +0200: Memory Usage (844960K) : metal2_nofill has 0 polygons
2026-09-18 20:49:34 +0200: Memory Usage (844960K) : metal2_slit has 0 polygons
2026-09-18 20:49:34 +0200: Memory Usage (844960K) : metal2_text has 435 polygons
2026-09-18 20:49:34 +0200: Memory Usage (844960K) : metal2_opc has 0 polygons
2026-09-18 20:49:34 +0200: Memory Usage (844960K) : metal2_noqrc has 0 polygons
2026-09-18 20:49:34 +0200: Memory Usage (844960K) : metal2_res has 0 polygons
2026-09-18 20:49:34 +0200: Memory Usage (844960K) : metal2_iprobe has 0 polygons
2026-09-18 20:49:34 +0200: Memory Usage (844960K) : metal2_diffprb has 0 polygons
2026-09-18 20:49:34 +0200: Memory Usage (844960K) : baspoly_drw has 0 polygons
2026-09-18 20:49:34 +0200: Memory Usage (844960K) : baspoly_pin has 0 polygons
2026-09-18 20:49:34 +0200: Memory Usage (844960K) : psd_drw has 35903 polygons
2026-09-18 20:49:34 +0200: Memory Usage (844960K) : nldb_drw has 0 polygons
2026-09-18 20:49:34 +0200: Memory Usage (844960K) : digibnd_drw has 0 polygons
2026-09-18 20:49:34 +0200: Memory Usage (844960K) : via1_drw has 57991 polygons
2026-09-18 20:49:34 +0200: Memory Usage (844960K) : backmetal1_drw has 0 polygons
2026-09-18 20:49:34 +0200: Memory Usage (844960K) : backmetal1_pin has 0 polygons
2026-09-18 20:49:34 +0200: Memory Usage (844960K) : backmetal1_mask has 0 polygons
2026-09-18 20:49:34 +0200: Memory Usage (844960K) : backmetal1_filler has 0 polygons
2026-09-18 20:49:34 +0200: Memory Usage (844960K) : backmetal1_nofill has 0 polygons
2026-09-18 20:49:34 +0200: Memory Usage (844960K) : backmetal1_slit has 0 polygons
2026-09-18 20:49:34 +0200: Memory Usage (844960K) : backmetal1_text has 0 polygons
2026-09-18 20:49:34 +0200: Memory Usage (844960K) : backmetal1_opc has 0 polygons
2026-09-18 20:49:34 +0200: Memory Usage (844960K) : backmetal1_noqrc has 0 polygons
2026-09-18 20:49:34 +0200: Memory Usage (844960K) : backmetal1_res has 0 polygons
2026-09-18 20:49:34 +0200: Memory Usage (844960K) : backmetal1_iprobe has 0 polygons
2026-09-18 20:49:34 +0200: Memory Usage (844960K) : backmetal1_diffprb has 0 polygons
2026-09-18 20:49:34 +0200: Memory Usage (844960K) : backpassiv_drw has 0 polygons
2026-09-18 20:49:34 +0200: Memory Usage (844960K) : res_drw has 0 polygons
2026-09-18 20:49:34 +0200: Memory Usage (844960K) : sram_drw has 0 polygons
2026-09-18 20:49:34 +0200: Memory Usage (844960K) : trans_drw has 0 polygons
2026-09-18 20:49:34 +0200: Memory Usage (844960K) : ind_drw has 0 polygons
2026-09-18 20:49:34 +0200: Memory Usage (844960K) : ind_pin has 0 polygons
2026-09-18 20:49:34 +0200: Memory Usage (844960K) : ind_text has 0 polygons
2026-09-18 20:49:34 +0200: Memory Usage (844960K) : salblock_drw has 36 polygons
2026-09-18 20:49:34 +0200: Memory Usage (845600K) : via2_drw has 89196 polygons
2026-09-18 20:49:34 +0200: Memory Usage (845600K) : metal3_drw has 2668 polygons
2026-09-18 20:49:34 +0200: Memory Usage (845600K) : metal3_pin has 667 polygons
2026-09-18 20:49:34 +0200: Memory Usage (845600K) : metal3_mask has 0 polygons
2026-09-18 20:49:34 +0200: Memory Usage (845600K) : metal3_filler has 27758 polygons
2026-09-18 20:49:34 +0200: Memory Usage (845600K) : metal3_nofill has 0 polygons
2026-09-18 20:49:34 +0200: Memory Usage (845600K) : metal3_slit has 0 polygons
2026-09-18 20:49:34 +0200: Memory Usage (845728K) : metal3_text has 667 polygons
2026-09-18 20:49:34 +0200: Memory Usage (845728K) : metal3_opc has 0 polygons
2026-09-18 20:49:34 +0200: Memory Usage (845728K) : metal3_noqrc has 0 polygons
2026-09-18 20:49:34 +0200: Memory Usage (845728K) : metal3_res has 0 polygons
2026-09-18 20:49:34 +0200: Memory Usage (845728K) : metal3_iprobe has 0 polygons
2026-09-18 20:49:34 +0200: Memory Usage (845728K) : metal3_diffprb has 0 polygons
2026-09-18 20:49:34 +0200: Memory Usage (845984K) : nwell_drw has 18210 polygons
2026-09-18 20:49:34 +0200: Memory Usage (845984K) : nwell_pin has 0 polygons
2026-09-18 20:49:34 +0200: Memory Usage (845984K) : nbulay_drw has 0 polygons
2026-09-18 20:49:34 +0200: Memory Usage (845984K) : nbulay_pin has 0 polygons
2026-09-18 20:49:34 +0200: Memory Usage (845984K) : nbulay_block has 0 polygons
2026-09-18 20:49:34 +0200: Memory Usage (845984K) : emwind_drw has 0 polygons
2026-09-18 20:49:34 +0200: Memory Usage (845984K) : emwind_opc has 0 polygons
2026-09-18 20:49:34 +0200: Memory Usage (845984K) : deepco_drw has 0 polygons
2026-09-18 20:49:34 +0200: Memory Usage (845984K) : deepco_drw has 0 polygons
2026-09-18 20:49:34 +0200: Memory Usage (845984K) : mim_drw has 0 polygons
2026-09-18 20:49:34 +0200: Memory Usage (846112K) : edgeseal_drw has 24 polygons
2026-09-18 20:49:34 +0200: Memory Usage (846112K) : edgeseal_bound has 1 polygons
2026-09-18 20:49:34 +0200: Memory Usage (846112K) : substrate_drw has 717 polygons
2026-09-18 20:49:34 +0200: Memory Usage (846112K) : substrate_text has 0 polygons
2026-09-18 20:49:35 +0200: Memory Usage (846112K) : dfpad_drw has 24 polygons
2026-09-18 20:49:35 +0200: Memory Usage (846112K) : dfpad_pillar has 0 polygons
2026-09-18 20:49:35 +0200: Memory Usage (846112K) : dfpad_sbump has 0 polygons
2026-09-18 20:49:35 +0200: Memory Usage (846112K) : thickgateox_drw has 57 polygons
2026-09-18 20:49:35 +0200: Memory Usage (846112K) : pldb_drw has 0 polygons
2026-09-18 20:49:35 +0200: Memory Usage (846112K) : pwell_drw has 0 polygons
2026-09-18 20:49:35 +0200: Memory Usage (846112K) : pwell_pin has 0 polygons
2026-09-18 20:49:35 +0200: Memory Usage (846112K) : pwell_block has 0 polygons
2026-09-18 20:49:35 +0200: Memory Usage (846112K) : ic_drw has 0 polygons
2026-09-18 20:49:35 +0200: Memory Usage (846112K) : via3_drw has 54194 polygons
2026-09-18 20:49:35 +0200: Memory Usage (846112K) : metal4_drw has 2265 polygons
2026-09-18 20:49:35 +0200: Memory Usage (846112K) : metal4_pin has 640 polygons
2026-09-18 20:49:35 +0200: Memory Usage (846112K) : metal4_mask has 0 polygons
2026-09-18 20:49:35 +0200: Memory Usage (846112K) : metal4_filler has 28014 polygons
2026-09-18 20:49:35 +0200: Memory Usage (846112K) : metal4_nofill has 0 polygons
2026-09-18 20:49:35 +0200: Memory Usage (846112K) : metal4_slit has 0 polygons
2026-09-18 20:49:35 +0200: Memory Usage (846112K) : metal4_text has 640 polygons
2026-09-18 20:49:35 +0200: Memory Usage (846112K) : metal4_opc has 0 polygons
2026-09-18 20:49:35 +0200: Memory Usage (846112K) : metal4_noqrc has 0 polygons
2026-09-18 20:49:35 +0200: Memory Usage (846112K) : metal4_res has 0 polygons
2026-09-18 20:49:35 +0200: Memory Usage (846112K) : metal4_iprobe has 0 polygons
2026-09-18 20:49:35 +0200: Memory Usage (846112K) : metal4_diffprb has 0 polygons
2026-09-18 20:49:35 +0200: Memory Usage (846112K) : heattrans_drw has 18 polygons
2026-09-18 20:49:35 +0200: Memory Usage (846112K) : heatres_drw has 20 polygons
2026-09-18 20:49:35 +0200: Memory Usage (846112K) : pempoly_drw has 0 polygons
2026-09-18 20:49:35 +0200: Memory Usage (846112K) : fbe_drw has 0 polygons
2026-09-18 20:49:35 +0200: Memory Usage (846112K) : empoly_drw has 0 polygons
2026-09-18 20:49:35 +0200: Memory Usage (846112K) : ldmos_drw has 0 polygons
2026-09-18 20:49:35 +0200: Memory Usage (846112K) : pbiwind_drw has 0 polygons
2026-09-18 20:49:35 +0200: Memory Usage (846112K) : digisub_drw has 0 polygons
2026-09-18 20:49:35 +0200: Memory Usage (846112K) : nodrc_drw has 0 polygons
2026-09-18 20:49:35 +0200: Memory Usage (846112K) : text_drw has 644 polygons
2026-09-18 20:49:35 +0200: Memory Usage (846112K) : via4_drw has 61008 polygons
2026-09-18 20:49:35 +0200: Memory Usage (846112K) : metal5_drw has 3072 polygons
2026-09-18 20:49:35 +0200: Memory Usage (846112K) : metal5_pin has 640 polygons
2026-09-18 20:49:35 +0200: Memory Usage (846112K) : metal5_mask has 0 polygons
2026-09-18 20:49:35 +0200: Memory Usage (846112K) : metal5_filler has 27844 polygons
2026-09-18 20:49:35 +0200: Memory Usage (846112K) : metal5_nofill has 0 polygons
2026-09-18 20:49:35 +0200: Memory Usage (846112K) : metal5_slit has 0 polygons
2026-09-18 20:49:35 +0200: Memory Usage (846240K) : metal5_text has 640 polygons
2026-09-18 20:49:35 +0200: Memory Usage (846240K) : metal5_opc has 0 polygons
2026-09-18 20:49:35 +0200: Memory Usage (846240K) : metal5_noqrc has 0 polygons
2026-09-18 20:49:35 +0200: Memory Usage (846240K) : metal5_res has 0 polygons
2026-09-18 20:49:35 +0200: Memory Usage (846240K) : metal5_iprobe has 0 polygons
2026-09-18 20:49:35 +0200: Memory Usage (846240K) : metal5_diffprb has 0 polygons
2026-09-18 20:49:35 +0200: Memory Usage (846240K) : radhard_drw has 0 polygons
2026-09-18 20:49:35 +0200: Memory Usage (846240K) : memcap_drw has 0 polygons
2026-09-18 20:49:35 +0200: Memory Usage (846240K) : varicap_drw has 0 polygons
2026-09-18 20:49:35 +0200: Memory Usage (846240K) : flash_drw has 0 polygons
2026-09-18 20:49:35 +0200: Memory Usage (846368K) : intbondvia_drw has 0 polygons
2026-09-18 20:49:35 +0200: Memory Usage (846368K) : intbondmet_drw has 0 polygons
2026-09-18 20:49:35 +0200: Memory Usage (846368K) : devbondvia_drw has 0 polygons
2026-09-18 20:49:35 +0200: Memory Usage (846368K) : devbondmet_drw has 0 polygons
2026-09-18 20:49:35 +0200: Memory Usage (846496K) : devtrench_drw has 0 polygons
2026-09-18 20:49:35 +0200: Memory Usage (846496K) : redist_drw has 0 polygons
2026-09-18 20:49:35 +0200: Memory Usage (846496K) : graphbot_drw has 0 polygons
2026-09-18 20:49:35 +0200: Memory Usage (846624K) : graphtop_drw has 0 polygons
2026-09-18 20:49:35 +0200: Memory Usage (846624K) : antvia1_drw has 0 polygons
2026-09-18 20:49:35 +0200: Memory Usage (846752K) : antmetal2_drw has 0 polygons
2026-09-18 20:49:35 +0200: Memory Usage (846752K) : graphcont_drw has 0 polygons
2026-09-18 20:49:35 +0200: Memory Usage (846880K) : siwg_drw has 0 polygons
2026-09-18 20:49:35 +0200: Memory Usage (846880K) : siwg_filler has 0 polygons
2026-09-18 20:49:35 +0200: Memory Usage (846880K) : siwg_nofill has 0 polygons
2026-09-18 20:49:35 +0200: Memory Usage (846880K) : sigrating_drw has 0 polygons
2026-09-18 20:49:35 +0200: Memory Usage (846880K) : singrating_drw has 0 polygons
2026-09-18 20:49:35 +0200: Memory Usage (846880K) : graphpas_drw has 0 polygons
2026-09-18 20:49:35 +0200: Memory Usage (846880K) : emwind3_drw has 0 polygons
2026-09-18 20:49:35 +0200: Memory Usage (846880K) : emwihv3_drw has 0 polygons
2026-09-18 20:49:35 +0200: Memory Usage (846880K) : redbulay_drw has 0 polygons
2026-09-18 20:49:35 +0200: Memory Usage (846880K) : smos_drw has 0 polygons
2026-09-18 20:49:35 +0200: Memory Usage (846880K) : graphpad_drw has 0 polygons
2026-09-18 20:49:35 +0200: Memory Usage (846880K) : polimide_drw has 0 polygons
2026-09-18 20:49:35 +0200: Memory Usage (846880K) : polimide_pin has 0 polygons
2026-09-18 20:49:35 +0200: Memory Usage (846880K) : recog_drw has 0 polygons
2026-09-18 20:49:35 +0200: Memory Usage (846880K) : recog_pin has 0 polygons
2026-09-18 20:49:35 +0200: Memory Usage (846880K) : recog_esd has 0 polygons
2026-09-18 20:49:35 +0200: Memory Usage (846880K) : recog_diode has 122 polygons
2026-09-18 20:49:35 +0200: Memory Usage (846880K) : recog_tsv has 0 polygons
2026-09-18 20:49:35 +0200: Memory Usage (846880K) : recog_iprobe has 0 polygons
2026-09-18 20:49:35 +0200: Memory Usage (846880K) : recog_diffprb has 0 polygons
2026-09-18 20:49:35 +0200: Memory Usage (846880K) : recog_pillar has 0 polygons
2026-09-18 20:49:35 +0200: Memory Usage (846880K) : recog_sbump has 0 polygons
2026-09-18 20:49:35 +0200: Memory Usage (846880K) : recog_otp has 0 polygons
2026-09-18 20:49:35 +0200: Memory Usage (846880K) : recog_pdiode has 0 polygons
2026-09-18 20:49:35 +0200: Memory Usage (846880K) : recog_mom has 0 polygons
2026-09-18 20:49:35 +0200: Memory Usage (846880K) : recog_pcm has 0 polygons
2026-09-18 20:49:35 +0200: Memory Usage (846880K) : colopen_drw has 0 polygons
2026-09-18 20:49:35 +0200: Memory Usage (846880K) : graphmetal1_drw has 0 polygons
2026-09-18 20:49:35 +0200: Memory Usage (846880K) : graphmetal1_filler has 0 polygons
2026-09-18 20:49:35 +0200: Memory Usage (846880K) : graphmetal1_nofill has 0 polygons
2026-09-18 20:49:35 +0200: Memory Usage (846880K) : graphmetal1_slit has 0 polygons
2026-09-18 20:49:35 +0200: Memory Usage (846880K) : graphmetal1_opc has 0 polygons
2026-09-18 20:49:35 +0200: Memory Usage (846880K) : graphmet1l_drw has 0 polygons
2026-09-18 20:49:35 +0200: Memory Usage (846880K) : graphmet1l_filler has 0 polygons
2026-09-18 20:49:35 +0200: Memory Usage (846880K) : graphmet1l_nofill has 0 polygons
2026-09-18 20:49:35 +0200: Memory Usage (846880K) : graphmet1l_slit has 0 polygons
2026-09-18 20:49:35 +0200: Memory Usage (846880K) : graphmet1l_opc has 0 polygons
2026-09-18 20:49:35 +0200: Memory Usage (846880K) : extblock_drw has 86 polygons
2026-09-18 20:49:35 +0200: Memory Usage (846880K) : nldd_drw has 0 polygons
2026-09-18 20:49:35 +0200: Memory Usage (846880K) : pldd_drw has 0 polygons
2026-09-18 20:49:35 +0200: Memory Usage (846880K) : next_drw has 0 polygons
2026-09-18 20:49:35 +0200: Memory Usage (846880K) : pext_drw has 0 polygons
2026-09-18 20:49:35 +0200: Memory Usage (846880K) : nexthv_drw has 0 polygons
2026-09-18 20:49:35 +0200: Memory Usage (846880K) : pexthv_drw has 0 polygons
2026-09-18 20:49:35 +0200: Memory Usage (846880K) : graphgate_drw has 0 polygons
2026-09-18 20:49:35 +0200: Memory Usage (846880K) : sinwg_drw has 0 polygons
2026-09-18 20:49:35 +0200: Memory Usage (846880K) : sinwg_filler has 0 polygons
2026-09-18 20:49:35 +0200: Memory Usage (846880K) : sinwg_nofill has 0 polygons
2026-09-18 20:49:35 +0200: Memory Usage (846880K) : mempad_drw has 0 polygons
2026-09-18 20:49:35 +0200: Memory Usage (847264K) : topvia1_drw has 57228 polygons
2026-09-18 20:49:35 +0200: Memory Usage (847264K) : topmetal1_drw has 1747 polygons
2026-09-18 20:49:35 +0200: Memory Usage (847264K) : topmetal1_pin has 660 polygons
2026-09-18 20:49:35 +0200: Memory Usage (847264K) : topmetal1_mask has 0 polygons
2026-09-18 20:49:35 +0200: Memory Usage (847264K) : topmetal1_filler has 4343 polygons
2026-09-18 20:49:35 +0200: Memory Usage (847264K) : topmetal1_nofill has 0 polygons
2026-09-18 20:49:35 +0200: Memory Usage (847264K) : topmetal1_slit has 0 polygons
2026-09-18 20:49:35 +0200: Memory Usage (847264K) : topmetal1_text has 640 polygons
2026-09-18 20:49:35 +0200: Memory Usage (847264K) : topmetal1_noqrc has 0 polygons
2026-09-18 20:49:35 +0200: Memory Usage (847264K) : topmetal1_res has 0 polygons
2026-09-18 20:49:35 +0200: Memory Usage (847264K) : topmetal1_iprobe has 0 polygons
2026-09-18 20:49:35 +0200: Memory Usage (847264K) : topmetal1_diffprb has 0 polygons
2026-09-18 20:49:35 +0200: Memory Usage (847264K) : inldpwl_drw has 0 polygons
2026-09-18 20:49:35 +0200: Memory Usage (847264K) : polyres_drw has 20 polygons
2026-09-18 20:49:35 +0200: Memory Usage (847264K) : polyres_pin has 0 polygons
2026-09-18 20:49:35 +0200: Memory Usage (847264K) : vmim_drw has 0 polygons
2026-09-18 20:49:35 +0200: Memory Usage (847264K) : nbulaycut_drw has 0 polygons
2026-09-18 20:49:35 +0200: Memory Usage (847264K) : antmetal1_drw has 0 polygons
2026-09-18 20:49:35 +0200: Memory Usage (847776K) : topvia2_drw has 40560 polygons
2026-09-18 20:49:35 +0200: Memory Usage (847776K) : topmetal2_drw has 739 polygons
2026-09-18 20:49:35 +0200: Memory Usage (847904K) : topmetal2_pin has 502 polygons
2026-09-18 20:49:35 +0200: Memory Usage (847904K) : topmetal2_mask has 0 polygons
2026-09-18 20:49:35 +0200: Memory Usage (847904K) : topmetal2_filler has 4342 polygons
2026-09-18 20:49:35 +0200: Memory Usage (847904K) : topmetal2_nofill has 0 polygons
2026-09-18 20:49:35 +0200: Memory Usage (847904K) : topmetal2_slit has 0 polygons
2026-09-18 20:49:35 +0200: Memory Usage (848160K) : topmetal2_text has 502 polygons
2026-09-18 20:49:35 +0200: Memory Usage (848160K) : topmetal2_noqrc has 0 polygons
2026-09-18 20:49:35 +0200: Memory Usage (848160K) : topmetal2_res has 0 polygons
2026-09-18 20:49:35 +0200: Memory Usage (848160K) : topmetal2_iprobe has 0 polygons
2026-09-18 20:49:35 +0200: Memory Usage (848160K) : topmetal2_diffprb has 0 polygons
2026-09-18 20:49:35 +0200: Memory Usage (848160K) : snsring_drw has 0 polygons
2026-09-18 20:49:35 +0200: Memory Usage (848160K) : sensor_drw has 0 polygons
2026-09-18 20:49:35 +0200: Memory Usage (848160K) : snsarms_drw has 0 polygons
2026-09-18 20:49:35 +0200: Memory Usage (848160K) : snscmosvia_drw has 0 polygons
2026-09-18 20:49:35 +0200: Memory Usage (848160K) : colwind_drw has 0 polygons
2026-09-18 20:49:35 +0200: Memory Usage (848160K) : flm_drw has 0 polygons
2026-09-18 20:49:35 +0200: Memory Usage (848160K) : hafniumox_drw has 0 polygons
2026-09-18 20:49:35 +0200: Memory Usage (848160K) : memvia_drw has 0 polygons
2026-09-18 20:49:35 +0200: Memory Usage (848160K) : thinfilmres_drw has 0 polygons
2026-09-18 20:49:35 +0200: Memory Usage (848160K) : rfmem_drw has 0 polygons
2026-09-18 20:49:35 +0200: Memory Usage (848160K) : norcx_drw has 0 polygons
2026-09-18 20:49:35 +0200: Memory Usage (848160K) : norcx_m2m3 has 0 polygons
2026-09-18 20:49:35 +0200: Memory Usage (848160K) : norcx_m2m4 has 0 polygons
2026-09-18 20:49:35 +0200: Memory Usage (848160K) : norcx_m2m5 has 0 polygons
2026-09-18 20:49:35 +0200: Memory Usage (848160K) : norcx_m2tm1 has 0 polygons
2026-09-18 20:49:35 +0200: Memory Usage (848160K) : norcx_m2tm2 has 0 polygons
2026-09-18 20:49:36 +0200: Memory Usage (848160K) : norcx_m3m4 has 0 polygons
2026-09-18 20:49:36 +0200: Memory Usage (848160K) : norcx_m3m5 has 0 polygons
2026-09-18 20:49:36 +0200: Memory Usage (848160K) : norcx_m3tm1 has 0 polygons
2026-09-18 20:49:36 +0200: Memory Usage (848160K) : norcx_m3tm2 has 0 polygons
2026-09-18 20:49:36 +0200: Memory Usage (848160K) : norcx_m4m5 has 0 polygons
2026-09-18 20:49:36 +0200: Memory Usage (848160K) : norcx_m4tm1 has 0 polygons
2026-09-18 20:49:36 +0200: Memory Usage (848160K) : norcx_m4tm2 has 0 polygons
2026-09-18 20:49:36 +0200: Memory Usage (848160K) : norcx_m5tm1 has 0 polygons
2026-09-18 20:49:36 +0200: Memory Usage (848160K) : norcx_m5tm2 has 0 polygons
2026-09-18 20:49:36 +0200: Memory Usage (848160K) : norcx_tm1tm2 has 0 polygons
2026-09-18 20:49:36 +0200: Memory Usage (848160K) : norcx_m1sub has 0 polygons
2026-09-18 20:49:36 +0200: Memory Usage (848160K) : norcx_m2sub has 0 polygons
2026-09-18 20:49:36 +0200: Memory Usage (848160K) : norcx_m3sub has 0 polygons
2026-09-18 20:49:36 +0200: Memory Usage (848160K) : norcx_m4sub has 0 polygons
2026-09-18 20:49:36 +0200: Memory Usage (848160K) : norcx_m5sub has 0 polygons
2026-09-18 20:49:36 +0200: Memory Usage (848160K) : norcx_tm1sub has 0 polygons
2026-09-18 20:49:36 +0200: Memory Usage (848160K) : norcx_tm2sub has 0 polygons
2026-09-18 20:49:36 +0200: Memory Usage (848160K) : snsbotvia_drw has 0 polygons
2026-09-18 20:49:36 +0200: Memory Usage (848160K) : snstopvia_drw has 0 polygons
2026-09-18 20:49:36 +0200: Memory Usage (848160K) : deepvia_drw has 0 polygons
2026-09-18 20:49:36 +0200: Memory Usage (848160K) : fgetch_drw has 0 polygons
2026-09-18 20:49:36 +0200: Memory Usage (848160K) : ctrgat_drw has 0 polygons
2026-09-18 20:49:36 +0200: Memory Usage (848160K) : fgimp_drw has 0 polygons
2026-09-18 20:49:36 +0200: Memory Usage (848160K) : emwihv_drw has 0 polygons
2026-09-18 20:49:36 +0200: Memory Usage (848160K) : lbe_drw has 0 polygons
2026-09-18 20:49:36 +0200: Memory Usage (848160K) : alcustop_drw has 0 polygons
2026-09-18 20:49:36 +0200: Memory Usage (848160K) : nometfiller_drw has 0 polygons
2026-09-18 20:49:36 +0200: Memory Usage (848160K) : prboundary_drw has 0 polygons
2026-09-18 20:49:36 +0200: Memory Usage (848160K) : exchange0_drw has 0 polygons
2026-09-18 20:49:36 +0200: Memory Usage (848160K) : exchange0_pin has 0 polygons
2026-09-18 20:49:36 +0200: Memory Usage (848160K) : exchange0_text has 0 polygons
2026-09-18 20:49:36 +0200: Memory Usage (848160K) : exchange1_drw has 0 polygons
2026-09-18 20:49:36 +0200: Memory Usage (848160K) : exchange1_pin has 0 polygons
2026-09-18 20:49:36 +0200: Memory Usage (848160K) : exchange1_text has 0 polygons
2026-09-18 20:49:36 +0200: Memory Usage (848160K) : exchange2_drw has 0 polygons
2026-09-18 20:49:36 +0200: Memory Usage (848160K) : exchange2_pin has 0 polygons
2026-09-18 20:49:36 +0200: Memory Usage (848160K) : exchange2_text has 0 polygons
2026-09-18 20:49:36 +0200: Memory Usage (848160K) : exchange3_drw has 0 polygons
2026-09-18 20:49:36 +0200: Memory Usage (848160K) : exchange3_pin has 0 polygons
2026-09-18 20:49:36 +0200: Memory Usage (848160K) : exchange3_text has 0 polygons
2026-09-18 20:49:36 +0200: Memory Usage (848160K) : exchange4_drw has 0 polygons
2026-09-18 20:49:36 +0200: Memory Usage (848160K) : exchange4_pin has 0 polygons
2026-09-18 20:49:36 +0200: Memory Usage (848160K) : exchange4_text has 0 polygons
2026-09-18 20:49:36 +0200: Memory Usage (848160K) : isonwell_drw has 0 polygons
2026-09-18 20:49:36 +0200: Memory Usage (848160K) : Total no. of polygons in the design is 3627510
2026-09-18 20:49:36 +0200: Memory Usage (848160K) : Loaded TECH DRC rules values from /foss/pdks/ihp-sg13g2/libs.tech/klayout/python/sg13g2_pycell_lib/sg13g2_tech_mod.json
2026-09-18 20:49:36 +0200: Memory Usage (848160K) : Loaded default DRC rules values from /foss/pdks/ihp-sg13g2/libs.tech/klayout/tech/drc/rule_decks/sg13g2_tech_default.json
2026-09-18 20:49:36 +0200: Memory Usage (848160K) : The following rules values were missing in tech json and default values were used:
2026-09-18 20:49:36 +0200: Memory Usage (848160K) :   - NW_f1_digibnd
2026-09-18 20:49:36 +0200: Memory Usage (848160K) :   - Cnt_c_digibnd
2026-09-18 20:49:36 +0200: Memory Usage (848160K) :   - Cnt_c_sram
2026-09-18 20:49:36 +0200: Memory Usage (848160K) :   - Sdiod_b
2026-09-18 20:49:36 +0200: Memory Usage (848160K) :   - Sdiod_c
2026-09-18 20:49:36 +0200: Memory Usage (851616K) : Total area of the design is 1440000.0 um^2.
2026-09-18 20:49:36 +0200: Memory Usage (851616K) : The design dimensions are 1200.0 µm * 1200.0 µm.
2026-09-18 20:49:36 +0200: Memory Usage (851616K) : Starting general IHP-SG13G2 derivations.
2026-09-18 20:49:36 +0200: Memory Usage (851616K) : Starting Pwell derivations
2026-09-18 20:49:36 +0200: Memory Usage (858940K) : Starting n-Activ derivations
2026-09-18 20:49:37 +0200: Memory Usage (872884K) : Starting p-Activ derivations
2026-09-18 20:49:37 +0200: Memory Usage (885812K) : Starting ptap derivations
2026-09-18 20:49:37 +0200: Memory Usage (894388K) : Starting ntap derivations
2026-09-18 20:49:38 +0200: Memory Usage (906164K) : Starting pact FET derivations
2026-09-18 20:49:38 +0200: Memory Usage (906244K) : Starting nact FET derivations
2026-09-18 20:49:38 +0200: Memory Usage (914300K) : Starting Gate derivations
2026-09-18 20:49:38 +0200: Memory Usage (920572K) : Starting cont/contbar general derivations
2026-09-18 20:49:43 +0200: Memory Usage (1241448K) : Starting pad general derivations
2026-09-18 20:49:43 +0200: Memory Usage (1241704K) : Starting schottky_nbl general derivations
2026-09-18 20:49:44 +0200: Memory Usage (1242088K) : Starting SVaricap general derivations
2026-09-18 20:49:44 +0200: Memory Usage (1242340K) : Starting HBT general derivations
2026-09-18 20:49:44 +0200: Memory Usage (1242340K) : Starting IHP-SG13G2 DRC connectivity related derivations.
2026-09-18 20:49:45 +0200: Memory Usage (1255908K) : Starting IHP-SG13G2 DRC connectivity setup
2026-09-18 20:49:52 +0200: Memory Usage (1280100K) : Starting IHP-SG13G2 DRC rules.
2026-09-18 20:49:52 +0200: Memory Usage (1280100K) : Running all FEOL rules
2026-09-18 20:49:52 +0200: Memory Usage (1280100K) : Running all BEOL rules
2026-09-18 20:49:52 +0200: Memory Usage (1280100K) : Running all PIN rules
2026-09-18 20:49:52 +0200: Memory Usage (1280100K) : Running all FORBIDDEN rules
2026-09-18 20:49:52 +0200: Memory Usage (1280100K) : Starting 5.1 NWell table
2026-09-18 20:49:52 +0200: Memory Usage (1280100K) : Executing rule NW.b
2026-09-18 20:49:53 +0200: Memory Usage (1287396K) : Executing rule NW.b1
2026-09-18 20:49:53 +0200: Memory Usage (1293540K) : Executing rule NW.f1
2026-09-18 20:49:53 +0200: Memory Usage (1293540K) : Executing rule NW.f1.digibnd
2026-09-18 20:49:53 +0200: Memory Usage (1293540K) : Starting 5.2 PWell:block
2026-09-18 20:49:53 +0200: Memory Usage (1293540K) : Executing rule PWB.e
2026-09-18 20:49:53 +0200: Memory Usage (1293668K) : Executing rule PWB.e1
2026-09-18 20:49:53 +0200: Memory Usage (1299552K) : Executing rule PWB.f
2026-09-18 20:49:53 +0200: Memory Usage (1299808K) : Executing rule PWB.f1
2026-09-18 20:49:54 +0200: Memory Usage (1304928K) : Starting 5.3 nBuLay table
2026-09-18 20:49:54 +0200: Memory Usage (1304928K) : Executing rule NBL.b
2026-09-18 20:49:54 +0200: Memory Usage (1304928K) : Executing rule NBL.c
2026-09-18 20:49:54 +0200: Memory Usage (1305056K) : Executing rule NBL.d
2026-09-18 20:49:54 +0200: Memory Usage (1305056K) : Executing rule NBL.e
2026-09-18 20:49:54 +0200: Memory Usage (1305568K) : Executing rule NBL.f
2026-09-18 20:49:54 +0200: Memory Usage (1307872K) : Starting 5.5. Activ table
2026-09-18 20:49:54 +0200: Memory Usage (1307872K) : Executing rule Act.a
2026-09-18 20:49:55 +0200: Memory Usage (1307872K) : Executing rule Act.b
2026-09-18 20:49:55 +0200: Memory Usage (1324896K) : Starting 5.6 Activ:filler table
2026-09-18 20:49:55 +0200: Memory Usage (1324896K) : Tiling mode is enabled for Activ:filler table.
2026-09-18 20:49:55 +0200: Memory Usage (1324896K) : Executing rule AFil.c1
2026-09-18 20:49:56 +0200: Memory Usage (1331424K) : Executing rule AFil.c
2026-09-18 20:50:03 +0200: Memory Usage (1571020K) : Executing rule AFil.d
2026-09-18 20:50:03 +0200: Memory Usage (1571660K) : Executing rule AFil.e
2026-09-18 20:50:03 +0200: Memory Usage (1571788K) : Executing rule AFil.j
2026-09-18 20:50:03 +0200: Memory Usage (1572044K) : deep mode is enabled after Activ:filler table.
2026-09-18 20:50:03 +0200: Memory Usage (1572044K) : Starting 5.7. ThickGateOx table
2026-09-18 20:50:03 +0200: Memory Usage (1572044K) : Executing rule TGO.f
2026-09-18 20:50:03 +0200: Memory Usage (1572044K) : Starting 5.8. GatPoly table
2026-09-18 20:50:03 +0200: Memory Usage (1572044K) : Executing rule Gat.a
2026-09-18 20:50:03 +0200: Memory Usage (1572044K) : Executing rule Gat.b
2026-09-18 20:50:03 +0200: Memory Usage (1572300K) : Executing rule Gat.d
2026-09-18 20:50:04 +0200: Memory Usage (1572428K) : Executing rule Gat.a1
2026-09-18 20:50:04 +0200: Memory Usage (1585740K) : Executing rule Gat.a2
2026-09-18 20:50:05 +0200: Memory Usage (1591620K) : Executing rule Gat.g
2026-09-18 20:50:05 +0200: Memory Usage (1591876K) : Starting 5.9 GatPoly:filler
2026-09-18 20:50:05 +0200: Memory Usage (1591876K) : Tiling mode is enabled for GatPoly:filler table.
2026-09-18 20:50:05 +0200: Memory Usage (1591876K) : Executing rule GFil.d
2026-09-18 20:50:11 +0200: Memory Usage (1676020K) : Executing rule GFil.e
2026-09-18 20:50:11 +0200: Memory Usage (1677812K) : Executing rule GFil.i
2026-09-18 20:50:11 +0200: Memory Usage (1677812K) : deep mode is enabled after GatPoly:filler table.
2026-09-18 20:50:11 +0200: Memory Usage (1677812K) : Starting 5.10 pSD table
2026-09-18 20:50:11 +0200: Memory Usage (1677812K) : Executing rule pSD.c1
2026-09-18 20:50:11 +0200: Memory Usage (1679596K) : Starting 5.14. Cont table
2026-09-18 20:50:11 +0200: Memory Usage (1679596K) : Executing rule Cnt.a
2026-09-18 20:50:18 +0200: Memory Usage (1971496K) : Executing rule Cnt.b
2026-09-18 20:50:20 +0200: Memory Usage (2060072K) : Executing rule Cnt.c
2026-09-18 20:50:38 +0200: Memory Usage (2363468K) : Executing rule Cnt.c.digibnd
2026-09-18 20:50:38 +0200: Memory Usage (2363468K) : Executing rule Cnt.c.SRAM
2026-09-18 20:50:38 +0200: Memory Usage (2363468K) : Executing rule Cnt.d
2026-09-18 20:50:39 +0200: Memory Usage (2363596K) : Executing rule Cnt.e
2026-09-18 20:50:39 +0200: Memory Usage (2363596K) : Executing rule Cnt.g1
2026-09-18 20:50:44 +0200: Memory Usage (2487600K) : Executing rule Cnt.g2
2026-09-18 20:50:53 +0200: Memory Usage (2444108K) : Starting 5.15. ContBar table
2026-09-18 20:50:53 +0200: Memory Usage (2444108K) : Executing rule CntB.a
2026-09-18 20:51:02 +0200: Memory Usage (2565192K) : Executing rule CntB.a1
2026-09-18 20:51:02 +0200: Memory Usage (2565192K) : Executing rule CntB.b1
2026-09-18 20:51:02 +0200: Memory Usage (2565320K) : Executing rule CntB.h1
2026-09-18 20:51:02 +0200: Memory Usage (2565448K) : Starting 6.1.3 NPN Substrate-Tie table
2026-09-18 20:51:02 +0200: Memory Usage (2565448K) : Starting 6.7 Schottky diode table
2026-09-18 20:51:02 +0200: Memory Usage (2565448K) : Executing rule Sdiod.b
2026-09-18 20:51:02 +0200: Memory Usage (2565448K) : Executing rule Sdiod.c
2026-09-18 20:51:03 +0200: Memory Usage (2565448K) : Executing rule Sdiod.d
2026-09-18 20:51:03 +0200: Memory Usage (2565448K) : Executing rule Sdiod.e
2026-09-18 20:51:03 +0200: Memory Usage (2565448K) : Starting 7.2 Latch-up table
2026-09-18 20:51:03 +0200: Memory Usage (2565448K) : Executing rule LU.b
2026-09-18 20:51:04 +0200: Memory Usage (2565568K) : Starting 5.16. Metal1 table
2026-09-18 20:51:04 +0200: Memory Usage (2565568K) : Executing rule M1.a
2026-09-18 20:51:05 +0200: Memory Usage (2565568K) : Executing rule M1.b
2026-09-18 20:51:07 +0200: Memory Usage (2579392K) : Executing rule M1.e
2026-09-18 20:51:10 +0200: Memory Usage (2579256K) : Executing rule M1.f
2026-09-18 20:51:11 +0200: Memory Usage (2579256K) : Executing rule M1.g
2026-09-18 20:51:11 +0200: Memory Usage (2579376K) : Executing rule M1.i
2026-09-18 20:51:11 +0200: Memory Usage (2579760K) : Starting 5.17 Metaln table
2026-09-18 20:51:11 +0200: Memory Usage (2579760K) : Executing rule M2.a
2026-09-18 20:51:11 +0200: Memory Usage (2579760K) : Executing rule M2.b
2026-09-18 20:51:11 +0200: Memory Usage (2579756K) : Executing rule M2.e
2026-09-18 20:51:12 +0200: Memory Usage (2579884K) : Executing rule M2.f
2026-09-18 20:51:12 +0200: Memory Usage (2579884K) : Executing rule M2.g
2026-09-18 20:51:12 +0200: Memory Usage (2580012K) : Executing rule M2.i
2026-09-18 20:51:12 +0200: Memory Usage (2580140K) : Executing rule M3.a
2026-09-18 20:51:12 +0200: Memory Usage (2580140K) : Executing rule M3.b
2026-09-18 20:51:12 +0200: Memory Usage (2580268K) : Executing rule M3.e
2026-09-18 20:51:12 +0200: Memory Usage (2580268K) : Executing rule M3.f
2026-09-18 20:51:12 +0200: Memory Usage (2580140K) : Executing rule M3.g
2026-09-18 20:51:12 +0200: Memory Usage (2580012K) : Executing rule M3.i
2026-09-18 20:51:12 +0200: Memory Usage (2580012K) : Executing rule M4.a
2026-09-18 20:51:12 +0200: Memory Usage (2580012K) : Executing rule M4.b
2026-09-18 20:51:12 +0200: Memory Usage (2582956K) : Executing rule M4.e
2026-09-18 20:51:13 +0200: Memory Usage (2582828K) : Executing rule M4.f
2026-09-18 20:51:13 +0200: Memory Usage (2582956K) : Executing rule M4.g
2026-09-18 20:51:13 +0200: Memory Usage (2582956K) : Executing rule M4.i
2026-09-18 20:51:13 +0200: Memory Usage (2582956K) : Executing rule M5.a
2026-09-18 20:51:13 +0200: Memory Usage (2582956K) : Executing rule M5.b
2026-09-18 20:51:13 +0200: Memory Usage (2585772K) : Executing rule M5.e
2026-09-18 20:51:13 +0200: Memory Usage (2585772K) : Executing rule M5.f
2026-09-18 20:51:13 +0200: Memory Usage (2585900K) : Executing rule M5.g
2026-09-18 20:51:13 +0200: Memory Usage (2585900K) : Executing rule M5.i
2026-09-18 20:51:13 +0200: Memory Usage (2585772K) : Starting 5.18 Metaln:filler table
2026-09-18 20:51:13 +0200: Memory Usage (2585772K) : Tiling mode is enabled for Metaln:filler table.
2026-09-18 20:51:13 +0200: Memory Usage (2585772K) : Executing rule M1Fil.c
2026-09-18 20:51:14 +0200: Memory Usage (2622704K) : Executing rule M1Fil.a2
2026-09-18 20:51:14 +0200: Memory Usage (2622704K) : Executing rule M2Fil.c
2026-09-18 20:51:14 +0200: Memory Usage (2622832K) : Executing rule M2Fil.a2
2026-09-18 20:51:14 +0200: Memory Usage (2622704K) : Executing rule M3Fil.c
2026-09-18 20:51:15 +0200: Memory Usage (2622832K) : Executing rule M3Fil.a2
2026-09-18 20:51:15 +0200: Memory Usage (2622832K) : Executing rule M4Fil.c
2026-09-18 20:51:15 +0200: Memory Usage (2622832K) : Executing rule M4Fil.a2
2026-09-18 20:51:15 +0200: Memory Usage (2622704K) : Executing rule M5Fil.c
2026-09-18 20:51:15 +0200: Memory Usage (2622704K) : Executing rule M5Fil.a2
2026-09-18 20:51:15 +0200: Memory Usage (2622564K) : deep mode is enabled after Metaln:filler table.
2026-09-18 20:51:15 +0200: Memory Usage (2622564K) : Starting 5.19. Via1 table
2026-09-18 20:51:15 +0200: Memory Usage (2622564K) : Starting 5.19. Via1 table derivations
2026-09-18 20:51:15 +0200: Memory Usage (2622692K) : Executing rule V1.a
2026-09-18 20:51:15 +0200: Memory Usage (2622560K) : Executing rule V1.b
2026-09-18 20:51:15 +0200: Memory Usage (2622432K) : Executing rule V1.c
2026-09-18 20:51:16 +0200: Memory Usage (2622428K) : Starting 5.20. Vian table
2026-09-18 20:51:16 +0200: Memory Usage (2622556K) : Executing rule V2.a
2026-09-18 20:51:16 +0200: Memory Usage (2622556K) : Executing rule V2.b
2026-09-18 20:51:16 +0200: Memory Usage (2622556K) : Executing rule V2.c
2026-09-18 20:51:17 +0200: Memory Usage (2622556K) : Executing rule V3.a
2026-09-18 20:51:17 +0200: Memory Usage (2622556K) : Executing rule V3.b
2026-09-18 20:51:17 +0200: Memory Usage (2622428K) : Executing rule V3.c
2026-09-18 20:51:17 +0200: Memory Usage (2622812K) : Executing rule V4.a
2026-09-18 20:51:17 +0200: Memory Usage (2622812K) : Executing rule V4.b
2026-09-18 20:51:17 +0200: Memory Usage (2622680K) : Executing rule V4.c
2026-09-18 20:51:18 +0200: Memory Usage (2622808K) : Starting 5.21. TopVia1 table
2026-09-18 20:51:18 +0200: Memory Usage (2622808K) : Executing rule TV1.a
2026-09-18 20:51:18 +0200: Memory Usage (2622808K) : Executing rule TV1.b
2026-09-18 20:51:18 +0200: Memory Usage (2622936K) : Executing rule TV1.c
2026-09-18 20:51:18 +0200: Memory Usage (2622680K) : Executing rule TV1.d
2026-09-18 20:51:18 +0200: Memory Usage (2622808K) : Starting 5.22. TopMetal1 table
2026-09-18 20:51:18 +0200: Memory Usage (2622808K) : Executing rule TM1.a
2026-09-18 20:51:18 +0200: Memory Usage (2622808K) : Executing rule TM1.b
2026-09-18 20:51:18 +0200: Memory Usage (2622808K) : Starting 5.23 TopMetal1:filler table
2026-09-18 20:51:18 +0200: Memory Usage (2622808K) : Tiling mode is enabled for TopMetal1:filler table.
2026-09-18 20:51:18 +0200: Memory Usage (2622808K) : Executing rule TM1Fil.c
2026-09-18 20:51:18 +0200: Memory Usage (2622808K) : Executing rule TM1Fil.a1
2026-09-18 20:51:18 +0200: Memory Usage (2622808K) : deep mode is enabled after TopMetal1:filler table.
2026-09-18 20:51:18 +0200: Memory Usage (2622808K) : Starting 5.24. TopVia2 table
2026-09-18 20:51:18 +0200: Memory Usage (2622808K) : Executing rule TV2.a
2026-09-18 20:51:18 +0200: Memory Usage (2622808K) : Executing rule TV2.b
2026-09-18 20:51:18 +0200: Memory Usage (2622936K) : Executing rule TV2.c
2026-09-18 20:51:19 +0200: Memory Usage (2622804K) : Executing rule TV2.d
2026-09-18 20:51:19 +0200: Memory Usage (2622676K) : Starting 5.25. TopMetal2 table
2026-09-18 20:51:19 +0200: Memory Usage (2622676K) : Executing rule TM2.a
2026-09-18 20:51:19 +0200: Memory Usage (2622676K) : Executing rule TM2.b
2026-09-18 20:51:19 +0200: Memory Usage (2622804K) : Starting 5.26 TopMetal2:filler table
2026-09-18 20:51:19 +0200: Memory Usage (2622804K) : Tiling mode is enabled for TopMetal2:filler table.
2026-09-18 20:51:19 +0200: Memory Usage (2622804K) : Executing rule TM2Fil.c
2026-09-18 20:51:19 +0200: Memory Usage (2622932K) : Executing rule TM2Fil.a1
2026-09-18 20:51:19 +0200: Memory Usage (2622932K) : deep mode is enabled after TopMetal2:filler table.
2026-09-18 20:51:19 +0200: Memory Usage (2622932K) : Starting 5.27. Passiv table
2026-09-18 20:51:19 +0200: Memory Usage (2622932K) : Executing rule Pas.a
2026-09-18 20:51:19 +0200: Memory Usage (2622932K) : Executing rule Pas.b
2026-09-18 20:51:19 +0200: Memory Usage (2623188K) : Executing rule Pas.c
2026-09-18 20:51:19 +0200: Memory Usage (2623304K) : Starting 6.9.2 Copper Pillar table
2026-09-18 20:51:19 +0200: Memory Usage (2623304K) : Executing rule Padc.a
2026-09-18 20:51:19 +0200: Memory Usage (2623304K) : Executing rule Padc.b
2026-09-18 20:51:19 +0200: Memory Usage (2623304K) : Executing rule Padc.c
2026-09-18 20:51:19 +0200: Memory Usage (2623304K) : Executing rule Padb.f
2026-09-18 20:51:19 +0200: Memory Usage (2623304K) : Starting 6.9 Pad table
2026-09-18 20:51:19 +0200: Memory Usage (2623304K) : Executing rule Pad.m
2026-09-18 20:51:19 +0200: Memory Usage (2623304K) : Executing rule Pad.i
2026-09-18 20:51:19 +0200: Memory Usage (2623304K) : Starting 6.9.1 Solder Bump
2026-09-18 20:51:19 +0200: Memory Usage (2623304K) : Executing rule Padb.a
2026-09-18 20:51:19 +0200: Memory Usage (2623304K) : Executing rule Padb.b
2026-09-18 20:51:19 +0200: Memory Usage (2623304K) : Executing rule Padb.c
2026-09-18 20:51:19 +0200: Memory Usage (2623304K) : Executing rule Padb.f
2026-09-18 20:51:19 +0200: Memory Usage (2623304K) : Executing rule Padb.d
2026-09-18 20:51:19 +0200: Memory Usage (2623304K) : Starting 6.10 Sealring table
2026-09-18 20:51:19 +0200: Memory Usage (2623304K) : Tiling mode is enabled for Seal.l rule.
2026-09-18 20:51:19 +0200: Memory Usage (2623304K) : Executing rule Seal.l
2026-09-18 20:51:30 +0200: Memory Usage (2686580K) : deep mode is enabled after Seal.l rule.
2026-09-18 20:51:30 +0200: Memory Usage (2686580K) : Executing rule Seal.n
2026-09-18 20:51:30 +0200: Memory Usage (2686452K) : Executing rule seal.b_metal1
2026-09-18 20:51:30 +0200: Memory Usage (2686444K) : Executing rule seal.b_metal2
2026-09-18 20:51:30 +0200: Memory Usage (2686444K) : Executing rule seal.b_metal3
2026-09-18 20:51:30 +0200: Memory Usage (2686308K) : Executing rule seal.b_metal4
2026-09-18 20:51:30 +0200: Memory Usage (2686308K) : Executing rule seal.b_metal5
2026-09-18 20:51:30 +0200: Memory Usage (2686304K) : Executing rule seal.b_topmetal1
2026-09-18 20:51:30 +0200: Memory Usage (2686432K) : Executing rule seal.b_topmetal2
2026-09-18 20:51:30 +0200: Memory Usage (2686172K) : Executing rule seal.b_activ
2026-09-18 20:51:31 +0200: Memory Usage (2686300K) : Executing rule seal.b_psd
2026-09-18 20:51:31 +0200: Memory Usage (2686556K) : Executing rule Seal.k
2026-09-18 20:51:31 +0200: Memory Usage (2686556K) : Executing rule Seal.m
2026-09-18 20:51:31 +0200: Memory Usage (2686556K) : Starting 6.11 MIM table
2026-09-18 20:51:31 +0200: Memory Usage (2686556K) : Executing rule MIM.c
2026-09-18 20:51:31 +0200: Memory Usage (2686556K) : Executing rule MIM.d
2026-09-18 20:51:31 +0200: Memory Usage (2686556K) : Starting 7.3 Metal Slits table
2026-09-18 20:51:31 +0200: Memory Usage (2686556K) : Executing rule Slt.e1_M1
2026-09-18 20:51:31 +0200: Memory Usage (2686556K) : Executing rule Slt.e1_M2
2026-09-18 20:51:31 +0200: Memory Usage (2686556K) : Executing rule Slt.e1_M3
2026-09-18 20:51:31 +0200: Memory Usage (2686556K) : Executing rule Slt.e1_M4
2026-09-18 20:51:31 +0200: Memory Usage (2686556K) : Executing rule Slt.e1_M5
2026-09-18 20:51:31 +0200: Memory Usage (2686556K) : Executing rule Slt.e1_TM1
2026-09-18 20:51:31 +0200: Memory Usage (2686556K) : Executing rule Slt.e1_TM2
2026-09-18 20:51:31 +0200: Memory Usage (2686556K) : Starting 9.1. LBE table
2026-09-18 20:51:31 +0200: Memory Usage (2686556K) : Executing rule LBE.a
2026-09-18 20:51:31 +0200: Memory Usage (2686556K) : Executing rule LBE.b
2026-09-18 20:51:31 +0200: Memory Usage (2686556K) : Executing rule LBE.b1
2026-09-18 20:51:31 +0200: Memory Usage (2686556K) : Executing rule LBE.c
2026-09-18 20:51:31 +0200: Memory Usage (2686556K) : Executing rule LBE.d
2026-09-18 20:51:31 +0200: Memory Usage (2686556K) : Executing rule LBE.h
2026-09-18 20:51:31 +0200: Memory Usage (2686556K) : Starting 7.4. PIN table
2026-09-18 20:51:31 +0200: Memory Usage (2686556K) : Executing rule Pin.a
2026-09-18 20:51:31 +0200: Memory Usage (2686556K) : Executing rule Pin.b
2026-09-18 20:51:31 +0200: Memory Usage (2686680K) : Executing rule Pin.e
2026-09-18 20:51:31 +0200: Memory Usage (2686808K) : Executing rule Pin.f_M2
2026-09-18 20:51:31 +0200: Memory Usage (2686552K) : Executing rule Pin.f_M3
2026-09-18 20:51:31 +0200: Memory Usage (2686548K) : Executing rule Pin.f_M4
2026-09-18 20:51:32 +0200: Memory Usage (2686412K) : Executing rule Pin.f_M5
2026-09-18 20:51:32 +0200: Memory Usage (2686412K) : Executing rule Pin.g
2026-09-18 20:51:32 +0200: Memory Usage (2686540K) : Executing rule Pin.h
2026-09-18 20:51:32 +0200: Memory Usage (2686540K) : Starting 3.1. offgrid table
2026-09-18 20:51:32 +0200: Memory Usage (2686540K) : Executing rule activ_drw_Offgrid
2026-09-18 20:51:32 +0200: Memory Usage (2686540K) : Executing rule activ_mask_Offgrid
2026-09-18 20:51:32 +0200: Memory Usage (2686540K) : Executing rule activ_filler_Offgrid
2026-09-18 20:51:32 +0200: Memory Usage (2687308K) : Executing rule activ_opc_Offgrid
2026-09-18 20:51:32 +0200: Memory Usage (2687308K) : Executing rule activ_iopc_Offgrid
2026-09-18 20:51:32 +0200: Memory Usage (2687308K) : Executing rule biwind_drw_Offgrid
2026-09-18 20:51:32 +0200: Memory Usage (2687308K) : Executing rule biwind_opc_Offgrid
2026-09-18 20:51:32 +0200: Memory Usage (2687308K) : Executing rule pemwind_drw_Offgrid
2026-09-18 20:51:32 +0200: Memory Usage (2687436K) : Executing rule gatpoly_drw_Offgrid
2026-09-18 20:51:32 +0200: Memory Usage (2687436K) : Executing rule gatpoly_filler_Offgrid
2026-09-18 20:51:32 +0200: Memory Usage (2687436K) : Executing rule gatpoly_opc_Offgrid
2026-09-18 20:51:32 +0200: Memory Usage (2687436K) : Executing rule gatpoly_iopc_Offgrid
2026-09-18 20:51:32 +0200: Memory Usage (2687436K) : Executing rule gatpoly_noqrc_Offgrid
2026-09-18 20:51:32 +0200: Memory Usage (2687564K) : Executing rule cont_drw_Offgrid
2026-09-18 20:51:53 +0200: Memory Usage (2755128K) : Executing rule cont_opc_Offgrid
2026-09-18 20:51:53 +0200: Memory Usage (2755128K) : Executing rule nsd_drw_Offgrid
2026-09-18 20:51:53 +0200: Memory Usage (2755128K) : Executing rule nsd_block_Offgrid
2026-09-18 20:51:53 +0200: Memory Usage (2755128K) : Executing rule metal1_drw_Offgrid
2026-09-18 20:51:54 +0200: Memory Usage (2753788K) : Executing rule metal1_mask_Offgrid
2026-09-18 20:51:54 +0200: Memory Usage (2753788K) : Executing rule metal1_filler_Offgrid
2026-09-18 20:51:54 +0200: Memory Usage (2753788K) : Executing rule metal1_slit_Offgrid
2026-09-18 20:51:54 +0200: Memory Usage (2753788K) : Executing rule metal1_opc_Offgrid
2026-09-18 20:51:54 +0200: Memory Usage (2753788K) : Executing rule metal1_noqrc_Offgrid
2026-09-18 20:51:54 +0200: Memory Usage (2753788K) : Executing rule metal1_res_Offgrid
2026-09-18 20:51:54 +0200: Memory Usage (2753788K) : Executing rule metal1_iprobe_Offgrid
2026-09-18 20:51:54 +0200: Memory Usage (2753788K) : Executing rule metal1_diffprb_Offgrid
2026-09-18 20:51:54 +0200: Memory Usage (2753788K) : Executing rule passiv_drw_Offgrid
2026-09-18 20:51:54 +0200: Memory Usage (2753788K) : Executing rule passiv_pillar_Offgrid
2026-09-18 20:51:54 +0200: Memory Usage (2753788K) : Executing rule passiv_sbump_Offgrid
2026-09-18 20:51:54 +0200: Memory Usage (2753788K) : Executing rule passiv_pdl_Offgrid
2026-09-18 20:51:54 +0200: Memory Usage (2753788K) : Executing rule metal2_drw_Offgrid
2026-09-18 20:51:54 +0200: Memory Usage (2753788K) : Executing rule metal2_mask_Offgrid
2026-09-18 20:51:54 +0200: Memory Usage (2752892K) : Executing rule metal2_filler_Offgrid
2026-09-18 20:51:55 +0200: Memory Usage (2752892K) : Executing rule metal2_slit_Offgrid
2026-09-18 20:51:55 +0200: Memory Usage (2752892K) : Executing rule metal2_opc_Offgrid
2026-09-18 20:51:55 +0200: Memory Usage (2752892K) : Executing rule metal2_noqrc_Offgrid
2026-09-18 20:51:55 +0200: Memory Usage (2752892K) : Executing rule metal2_res_Offgrid
2026-09-18 20:51:55 +0200: Memory Usage (2752892K) : Executing rule metal2_iprobe_Offgrid
2026-09-18 20:51:55 +0200: Memory Usage (2752892K) : Executing rule metal2_diffprb_Offgrid
2026-09-18 20:51:55 +0200: Memory Usage (2752892K) : Executing rule baspoly_drw_Offgrid
2026-09-18 20:51:55 +0200: Memory Usage (2752892K) : Executing rule psd_drw_Offgrid
2026-09-18 20:51:55 +0200: Memory Usage (2752764K) : Executing rule nldb_drw_Offgrid
2026-09-18 20:51:55 +0200: Memory Usage (2752764K) : Executing rule via1_drw_Offgrid
2026-09-18 20:51:56 +0200: Memory Usage (2753916K) : Executing rule backmetal1_drw_Offgrid
2026-09-18 20:51:56 +0200: Memory Usage (2753916K) : Executing rule backmetal1_mask_Offgrid
2026-09-18 20:51:56 +0200: Memory Usage (2753916K) : Executing rule backmetal1_filler_Offgrid
2026-09-18 20:51:56 +0200: Memory Usage (2753916K) : Executing rule backmetal1_slit_Offgrid
2026-09-18 20:51:56 +0200: Memory Usage (2753916K) : Executing rule backmetal1_opc_Offgrid
2026-09-18 20:51:56 +0200: Memory Usage (2753916K) : Executing rule backmetal1_noqrc_Offgrid
2026-09-18 20:51:56 +0200: Memory Usage (2753916K) : Executing rule backmetal1_res_Offgrid
2026-09-18 20:51:56 +0200: Memory Usage (2753916K) : Executing rule backmetal1_iprobe_Offgrid
2026-09-18 20:51:56 +0200: Memory Usage (2753916K) : Executing rule backmetal1_diffprb_Offgrid
2026-09-18 20:51:56 +0200: Memory Usage (2753916K) : Executing rule backpassiv_drw_Offgrid
2026-09-18 20:51:56 +0200: Memory Usage (2753916K) : Executing rule salblock_drw_Offgrid
2026-09-18 20:51:56 +0200: Memory Usage (2753660K) : Executing rule via2_drw_Offgrid
2026-09-18 20:51:56 +0200: Memory Usage (2753660K) : Executing rule metal3_drw_Offgrid
2026-09-18 20:51:56 +0200: Memory Usage (2753660K) : Executing rule metal3_mask_Offgrid
2026-09-18 20:51:56 +0200: Memory Usage (2753660K) : Executing rule metal3_filler_Offgrid
2026-09-18 20:51:57 +0200: Memory Usage (2755196K) : Executing rule metal3_slit_Offgrid
2026-09-18 20:51:57 +0200: Memory Usage (2755196K) : Executing rule metal3_opc_Offgrid
2026-09-18 20:51:57 +0200: Memory Usage (2755196K) : Executing rule metal3_noqrc_Offgrid
2026-09-18 20:51:57 +0200: Memory Usage (2755196K) : Executing rule metal3_res_Offgrid
2026-09-18 20:51:57 +0200: Memory Usage (2755196K) : Executing rule metal3_iprobe_Offgrid
2026-09-18 20:51:57 +0200: Memory Usage (2755324K) : Executing rule metal3_diffprb_Offgrid
2026-09-18 20:51:57 +0200: Memory Usage (2755324K) : Executing rule nwell_drw_Offgrid
2026-09-18 20:51:57 +0200: Memory Usage (2755324K) : Executing rule nbulay_drw_Offgrid
2026-09-18 20:51:57 +0200: Memory Usage (2755324K) : Executing rule nbulay_block_Offgrid
2026-09-18 20:51:57 +0200: Memory Usage (2755324K) : Executing rule pwell_drw_Offgrid
2026-09-18 20:51:57 +0200: Memory Usage (2755452K) : Executing rule pwell_block_Offgrid
2026-09-18 20:51:57 +0200: Memory Usage (2754036K) : Executing rule emwind_drw_Offgrid
2026-09-18 20:51:57 +0200: Memory Usage (2754036K) : Executing rule emwind_opc_Offgrid
2026-09-18 20:51:57 +0200: Memory Usage (2754036K) : Executing rule deepco_drw_Offgrid
2026-09-18 20:51:57 +0200: Memory Usage (2754036K) : Executing rule mim_drw_Offgrid
2026-09-18 20:51:57 +0200: Memory Usage (2754036K) : Executing rule substrate_drw_Offgrid
2026-09-18 20:51:57 +0200: Memory Usage (2754036K) : Executing rule ic_drw_Offgrid
2026-09-18 20:51:57 +0200: Memory Usage (2754036K) : Executing rule via3_drw_Offgrid
2026-09-18 20:51:58 +0200: Memory Usage (2753524K) : Executing rule pldb_drw_Offgrid
2026-09-18 20:51:58 +0200: Memory Usage (2753524K) : Executing rule metal4_drw_Offgrid
2026-09-18 20:51:58 +0200: Memory Usage (2753524K) : Executing rule metal4_mask_Offgrid
2026-09-18 20:51:58 +0200: Memory Usage (2753524K) : Executing rule metal4_filler_Offgrid
2026-09-18 20:51:58 +0200: Memory Usage (2753524K) : Executing rule metal4_slit_Offgrid
2026-09-18 20:51:58 +0200: Memory Usage (2753524K) : Executing rule metal4_opc_Offgrid
2026-09-18 20:51:58 +0200: Memory Usage (2753524K) : Executing rule metal4_noqrc_Offgrid
2026-09-18 20:51:58 +0200: Memory Usage (2753524K) : Executing rule metal4_res_Offgrid
2026-09-18 20:51:58 +0200: Memory Usage (2753524K) : Executing rule metal4_iprobe_Offgrid
2026-09-18 20:51:58 +0200: Memory Usage (2753524K) : Executing rule metal4_diffprb_Offgrid
2026-09-18 20:51:58 +0200: Memory Usage (2753524K) : Executing rule via4_drw_Offgrid
2026-09-18 20:51:58 +0200: Memory Usage (2756408K) : Executing rule metal5_drw_Offgrid
2026-09-18 20:51:59 +0200: Memory Usage (2756408K) : Executing rule metal5_mask_Offgrid
2026-09-18 20:51:59 +0200: Memory Usage (2756408K) : Executing rule metal5_filler_Offgrid
2026-09-18 20:51:59 +0200: Memory Usage (2756568K) : Executing rule metal5_slit_Offgrid
2026-09-18 20:51:59 +0200: Memory Usage (2756568K) : Executing rule metal5_opc_Offgrid
2026-09-18 20:51:59 +0200: Memory Usage (2756568K) : Executing rule metal5_noqrc_Offgrid
2026-09-18 20:51:59 +0200: Memory Usage (2756176K) : Executing rule metal5_res_Offgrid
2026-09-18 20:51:59 +0200: Memory Usage (2756176K) : Executing rule metal5_iprobe_Offgrid
2026-09-18 20:51:59 +0200: Memory Usage (2756176K) : Executing rule metal5_diffprb_Offgrid
2026-09-18 20:51:59 +0200: Memory Usage (2756176K) : Executing rule prboundary_drw_Offgrid
2026-09-18 20:51:59 +0200: Memory Usage (2756176K) : Executing rule exchange0_drw_Offgrid
2026-09-18 20:51:59 +0200: Memory Usage (2756132K) : Executing rule exchange1_drw_Offgrid
2026-09-18 20:51:59 +0200: Memory Usage (2756360K) : Executing rule exchange2_drw_Offgrid
2026-09-18 20:51:59 +0200: Memory Usage (2756360K) : Executing rule exchange3_drw_Offgrid
2026-09-18 20:51:59 +0200: Memory Usage (2756360K) : Executing rule exchange4_drw_Offgrid
2026-09-18 20:51:59 +0200: Memory Usage (2756360K) : Executing rule isonwell_drw_Offgrid
2026-09-18 20:51:59 +0200: Memory Usage (2756360K) : Executing rule thickgateox_drw_Offgrid
2026-09-18 20:51:59 +0200: Memory Usage (2756360K) : Executing rule pempoly_drw_Offgrid
2026-09-18 20:51:59 +0200: Memory Usage (2756360K) : Executing rule fbe_drw_Offgrid
2026-09-18 20:51:59 +0200: Memory Usage (2756360K) : Executing rule empoly_drw_Offgrid
2026-09-18 20:51:59 +0200: Memory Usage (2756360K) : Executing rule ldmos_drw_Offgrid
2026-09-18 20:51:59 +0200: Memory Usage (2756360K) : Executing rule pbiwind_drw_Offgrid
2026-09-18 20:51:59 +0200: Memory Usage (2756360K) : Executing rule colopen_drw_Offgrid
2026-09-18 20:51:59 +0200: Memory Usage (2756360K) : Executing rule extblock_drw_Offgrid
2026-09-18 20:51:59 +0200: Memory Usage (2756056K) : Executing rule nldd_drw_Offgrid
2026-09-18 20:51:59 +0200: Memory Usage (2756056K) : Executing rule pldd_drw_Offgrid
2026-09-18 20:51:59 +0200: Memory Usage (2756056K) : Executing rule next_drw_Offgrid
2026-09-18 20:51:59 +0200: Memory Usage (2756056K) : Executing rule pext_drw_Offgrid
2026-09-18 20:51:59 +0200: Memory Usage (2756056K) : Executing rule nexthv_drw_Offgrid
2026-09-18 20:51:59 +0200: Memory Usage (2756056K) : Executing rule pexthv_drw_Offgrid
2026-09-18 20:52:00 +0200: Memory Usage (2756056K) : Executing rule graphgate_drw_Offgrid
2026-09-18 20:52:00 +0200: Memory Usage (2756056K) : Executing rule mempad_drw_Offgrid
2026-09-18 20:52:00 +0200: Memory Usage (2756056K) : Executing rule topvia1_drw_Offgrid
2026-09-18 20:52:00 +0200: Memory Usage (2755928K) : Executing rule topmetal1_drw_Offgrid
2026-09-18 20:52:00 +0200: Memory Usage (2755928K) : Executing rule topmetal1_mask_Offgrid
2026-09-18 20:52:00 +0200: Memory Usage (2755928K) : Executing rule topmetal1_filler_Offgrid
2026-09-18 20:52:00 +0200: Memory Usage (2755928K) : Executing rule topmetal1_slit_Offgrid
2026-09-18 20:52:00 +0200: Memory Usage (2755928K) : Executing rule topmetal1_noqrc_Offgrid
2026-09-18 20:52:00 +0200: Memory Usage (2755928K) : Executing rule topmetal1_res_Offgrid
2026-09-18 20:52:00 +0200: Memory Usage (2755928K) : Executing rule topmetal1_iprobe_Offgrid
2026-09-18 20:52:00 +0200: Memory Usage (2755928K) : Executing rule topmetal1_diffprb_Offgrid
2026-09-18 20:52:00 +0200: Memory Usage (2755928K) : Executing rule inldpwl_drw_Offgrid
2026-09-18 20:52:00 +0200: Memory Usage (2755800K) : Executing rule polyres_drw_Offgrid
2026-09-18 20:52:00 +0200: Memory Usage (2755800K) : Executing rule vmim_drw_Offgrid
2026-09-18 20:52:00 +0200: Memory Usage (2755800K) : Executing rule nbulaycut_drw_Offgrid
2026-09-18 20:52:00 +0200: Memory Usage (2755800K) : Executing rule antmetal1_drw_Offgrid
2026-09-18 20:52:01 +0200: Memory Usage (2755800K) : Executing rule topvia2_drw_Offgrid
2026-09-18 20:52:01 +0200: Memory Usage (2755800K) : Executing rule topmetal2_drw_Offgrid
2026-09-18 20:52:01 +0200: Memory Usage (2755800K) : Executing rule topmetal2_mask_Offgrid
2026-09-18 20:52:01 +0200: Memory Usage (2755800K) : Executing rule topmetal2_filler_Offgrid
2026-09-18 20:52:01 +0200: Memory Usage (2755800K) : Executing rule topmetal2_slit_Offgrid
2026-09-18 20:52:01 +0200: Memory Usage (2755800K) : Executing rule topmetal2_noqrc_Offgrid
2026-09-18 20:52:01 +0200: Memory Usage (2755800K) : Executing rule topmetal2_res_Offgrid
2026-09-18 20:52:01 +0200: Memory Usage (2755800K) : Executing rule topmetal2_iprobe_Offgrid
2026-09-18 20:52:01 +0200: Memory Usage (2755800K) : Executing rule topmetal2_diffprb_Offgrid
2026-09-18 20:52:01 +0200: Memory Usage (2755800K) : Executing rule snsring_drw_Offgrid
2026-09-18 20:52:01 +0200: Memory Usage (2755800K) : Executing rule sensor_drw_Offgrid
2026-09-18 20:52:01 +0200: Memory Usage (2755800K) : Executing rule snsarms_drw_Offgrid
2026-09-18 20:52:01 +0200: Memory Usage (2755800K) : Executing rule snscmosvia_drw_Offgrid
2026-09-18 20:52:01 +0200: Memory Usage (2755800K) : Executing rule colwind_drw_Offgrid
2026-09-18 20:52:01 +0200: Memory Usage (2755800K) : Executing rule flm_drw_Offgrid
2026-09-18 20:52:01 +0200: Memory Usage (2755800K) : Executing rule hafniumox_drw_Offgrid
2026-09-18 20:52:01 +0200: Memory Usage (2755800K) : Executing rule memvia_drw_Offgrid
2026-09-18 20:52:01 +0200: Memory Usage (2755800K) : Executing rule thinfilmres_drw_Offgrid
2026-09-18 20:52:01 +0200: Memory Usage (2755800K) : Executing rule rfmem_drw_Offgrid
2026-09-18 20:52:01 +0200: Memory Usage (2755800K) : Executing rule snsbotvia_drw_Offgrid
2026-09-18 20:52:01 +0200: Memory Usage (2755800K) : Executing rule snstopvia_drw_Offgrid
2026-09-18 20:52:01 +0200: Memory Usage (2755672K) : Executing rule deepvia_drw_Offgrid
2026-09-18 20:52:01 +0200: Memory Usage (2755672K) : Executing rule fgetch_drw_Offgrid
2026-09-18 20:52:01 +0200: Memory Usage (2755672K) : Executing rule ctrgat_drw_Offgrid
2026-09-18 20:52:02 +0200: Memory Usage (2755672K) : Executing rule fgimp_drw_Offgrid
2026-09-18 20:52:02 +0200: Memory Usage (2755672K) : Executing rule emwihv_drw_Offgrid
2026-09-18 20:52:02 +0200: Memory Usage (2755672K) : Executing rule lbe_drw_Offgrid
2026-09-18 20:52:02 +0200: Memory Usage (2755672K) : Executing rule alcustop_drw_Offgrid
2026-09-18 20:52:02 +0200: Memory Usage (2755672K) : Starting 3.2. angle table
2026-09-18 20:52:02 +0200: Memory Usage (2755672K) : Executing rule activ_drw_Acute
2026-09-18 20:52:02 +0200: Memory Usage (2755800K) : Executing rule activ_pin_Acute
2026-09-18 20:52:02 +0200: Memory Usage (2755800K) : Executing rule activ_mask_Acute
2026-09-18 20:52:02 +0200: Memory Usage (2755800K) : Executing rule activ_filler_Acute
2026-09-18 20:52:02 +0200: Memory Usage (2755800K) : Executing rule activ_nofill_Acute
2026-09-18 20:52:02 +0200: Memory Usage (2755800K) : Executing rule activ_opc_Acute
2026-09-18 20:52:02 +0200: Memory Usage (2755800K) : Executing rule activ_iopc_Acute
2026-09-18 20:52:02 +0200: Memory Usage (2755800K) : Executing rule activ_noqrc_Acute
2026-09-18 20:52:02 +0200: Memory Usage (2755800K) : Executing rule biwind_drw_Acute
2026-09-18 20:52:02 +0200: Memory Usage (2755800K) : Executing rule biwind_opc_Acute
2026-09-18 20:52:02 +0200: Memory Usage (2755800K) : Executing rule pemwind_drw_Acute
2026-09-18 20:52:02 +0200: Memory Usage (2755800K) : Executing rule gatpoly_drw_Acute
2026-09-18 20:52:02 +0200: Memory Usage (2755800K) : Executing rule gatpoly_pin_Acute
2026-09-18 20:52:02 +0200: Memory Usage (2755800K) : Executing rule gatpoly_filler_Acute
2026-09-18 20:52:02 +0200: Memory Usage (2755800K) : Executing rule gatpoly_nofill_Acute
2026-09-18 20:52:03 +0200: Memory Usage (2755800K) : Executing rule gatpoly_opc_Acute
2026-09-18 20:52:03 +0200: Memory Usage (2755800K) : Executing rule gatpoly_iopc_Acute
2026-09-18 20:52:03 +0200: Memory Usage (2755800K) : Executing rule gatpoly_noqrc_Acute
2026-09-18 20:52:03 +0200: Memory Usage (2755800K) : Executing rule cont_drw_Acute
2026-09-18 20:52:16 +0200: Memory Usage (2761652K) : Executing rule cont_opc_Acute
2026-09-18 20:52:16 +0200: Memory Usage (2761652K) : Executing rule nsd_drw_Acute
2026-09-18 20:52:16 +0200: Memory Usage (2761652K) : Executing rule nsd_block_Acute
2026-09-18 20:52:16 +0200: Memory Usage (2761652K) : Executing rule metal1_drw_Acute
2026-09-18 20:52:16 +0200: Memory Usage (2761652K) : Executing rule metal1_pin_Acute
2026-09-18 20:52:17 +0200: Memory Usage (2761652K) : Executing rule metal1_mask_Acute
2026-09-18 20:52:17 +0200: Memory Usage (2761652K) : Executing rule metal1_filler_Acute
2026-09-18 20:52:17 +0200: Memory Usage (2761652K) : Executing rule metal1_nofill_Acute
2026-09-18 20:52:17 +0200: Memory Usage (2761652K) : Executing rule metal1_slit_Acute
2026-09-18 20:52:17 +0200: Memory Usage (2761652K) : Executing rule metal1_opc_Acute
2026-09-18 20:52:17 +0200: Memory Usage (2761652K) : Executing rule metal1_noqrc_Acute
2026-09-18 20:52:17 +0200: Memory Usage (2761652K) : Executing rule metal1_res_Acute
2026-09-18 20:52:17 +0200: Memory Usage (2761652K) : Executing rule metal1_iprobe_Acute
2026-09-18 20:52:17 +0200: Memory Usage (2761652K) : Executing rule metal1_diffprb_Acute
2026-09-18 20:52:17 +0200: Memory Usage (2761652K) : Executing rule passiv_drw_Acute
2026-09-18 20:52:17 +0200: Memory Usage (2761652K) : Executing rule passiv_pin_Acute
2026-09-18 20:52:17 +0200: Memory Usage (2761652K) : Executing rule passiv_pillar_Acute
2026-09-18 20:52:17 +0200: Memory Usage (2761652K) : Executing rule passiv_sbump_Acute
2026-09-18 20:52:17 +0200: Memory Usage (2761652K) : Executing rule passiv_pdl_Acute
2026-09-18 20:52:17 +0200: Memory Usage (2761652K) : Executing rule metal2_drw_Acute
2026-09-18 20:52:17 +0200: Memory Usage (2761652K) : Executing rule metal2_pin_Acute
2026-09-18 20:52:18 +0200: Memory Usage (2761652K) : Executing rule metal2_mask_Acute
2026-09-18 20:52:18 +0200: Memory Usage (2761652K) : Executing rule metal2_filler_Acute
2026-09-18 20:52:18 +0200: Memory Usage (2761652K) : Executing rule metal2_nofill_Acute
2026-09-18 20:52:18 +0200: Memory Usage (2761652K) : Executing rule metal2_slit_Acute
2026-09-18 20:52:18 +0200: Memory Usage (2761652K) : Executing rule metal2_opc_Acute
2026-09-18 20:52:18 +0200: Memory Usage (2761652K) : Executing rule metal2_noqrc_Acute
2026-09-18 20:52:18 +0200: Memory Usage (2761652K) : Executing rule metal2_res_Acute
2026-09-18 20:52:18 +0200: Memory Usage (2761652K) : Executing rule metal2_iprobe_Acute
2026-09-18 20:52:18 +0200: Memory Usage (2761652K) : Executing rule metal2_diffprb_Acute
2026-09-18 20:52:18 +0200: Memory Usage (2761652K) : Executing rule baspoly_drw_Acute
2026-09-18 20:52:18 +0200: Memory Usage (2761652K) : Executing rule baspoly_pin_Acute
2026-09-18 20:52:18 +0200: Memory Usage (2761652K) : Executing rule psd_drw_Acute
2026-09-18 20:52:18 +0200: Memory Usage (2761652K) : Executing rule nldb_drw_Acute
2026-09-18 20:52:18 +0200: Memory Usage (2761652K) : Executing rule via1_drw_Acute
2026-09-18 20:52:19 +0200: Memory Usage (2761652K) : Executing rule backmetal1_drw_Acute
2026-09-18 20:52:19 +0200: Memory Usage (2761652K) : Executing rule backmetal1_pin_Acute
2026-09-18 20:52:19 +0200: Memory Usage (2761652K) : Executing rule backmetal1_mask_Acute
2026-09-18 20:52:19 +0200: Memory Usage (2761652K) : Executing rule backmetal1_filler_Acute
2026-09-18 20:52:19 +0200: Memory Usage (2761652K) : Executing rule backmetal1_nofill_Acute
2026-09-18 20:52:19 +0200: Memory Usage (2761652K) : Executing rule backmetal1_slit_Acute
2026-09-18 20:52:19 +0200: Memory Usage (2761652K) : Executing rule backmetal1_opc_Acute
2026-09-18 20:52:19 +0200: Memory Usage (2761652K) : Executing rule backmetal1_noqrc_Acute
2026-09-18 20:52:19 +0200: Memory Usage (2761652K) : Executing rule backmetal1_res_Acute
2026-09-18 20:52:19 +0200: Memory Usage (2761652K) : Executing rule backmetal1_iprobe_Acute
2026-09-18 20:52:19 +0200: Memory Usage (2761652K) : Executing rule backmetal1_diffprb_Acute
2026-09-18 20:52:19 +0200: Memory Usage (2761652K) : Executing rule backpassiv_drw_Acute
2026-09-18 20:52:19 +0200: Memory Usage (2761652K) : Executing rule salblock_drw_Acute
2026-09-18 20:52:19 +0200: Memory Usage (2761652K) : Executing rule via2_drw_Acute
2026-09-18 20:52:19 +0200: Memory Usage (2761652K) : Executing rule metal3_drw_Acute
2026-09-18 20:52:20 +0200: Memory Usage (2761652K) : Executing rule metal3_pin_Acute
2026-09-18 20:52:20 +0200: Memory Usage (2761652K) : Executing rule metal3_mask_Acute
2026-09-18 20:52:20 +0200: Memory Usage (2761652K) : Executing rule metal3_filler_Acute
2026-09-18 20:52:20 +0200: Memory Usage (2761652K) : Executing rule metal3_nofill_Acute
2026-09-18 20:52:20 +0200: Memory Usage (2761652K) : Executing rule metal3_slit_Acute
2026-09-18 20:52:20 +0200: Memory Usage (2761652K) : Executing rule metal3_opc_Acute
2026-09-18 20:52:20 +0200: Memory Usage (2761652K) : Executing rule metal3_noqrc_Acute
2026-09-18 20:52:20 +0200: Memory Usage (2761652K) : Executing rule metal3_res_Acute
2026-09-18 20:52:20 +0200: Memory Usage (2761652K) : Executing rule metal3_iprobe_Acute
2026-09-18 20:52:20 +0200: Memory Usage (2761652K) : Executing rule metal3_diffprb_Acute
2026-09-18 20:52:20 +0200: Memory Usage (2761652K) : Executing rule nwell_drw_Acute
2026-09-18 20:52:20 +0200: Memory Usage (2761652K) : Executing rule nwell_pin_Acute
2026-09-18 20:52:20 +0200: Memory Usage (2761652K) : Executing rule nbulay_drw_Acute
2026-09-18 20:52:20 +0200: Memory Usage (2761652K) : Executing rule nbulay_pin_Acute
2026-09-18 20:52:20 +0200: Memory Usage (2761652K) : Executing rule nbulay_block_Acute
2026-09-18 20:52:20 +0200: Memory Usage (2761652K) : Executing rule pwell_drw_Acute
2026-09-18 20:52:20 +0200: Memory Usage (2761652K) : Executing rule pwell_pin_Acute
2026-09-18 20:52:20 +0200: Memory Usage (2761652K) : Executing rule pwell_block_Acute
2026-09-18 20:52:20 +0200: Memory Usage (2761652K) : Executing rule emwind_drw_Acute
2026-09-18 20:52:20 +0200: Memory Usage (2761652K) : Executing rule emwind_opc_Acute
2026-09-18 20:52:20 +0200: Memory Usage (2761652K) : Executing rule deepco_drw_Acute
2026-09-18 20:52:20 +0200: Memory Usage (2761652K) : Executing rule mim_drw_Acute
2026-09-18 20:52:20 +0200: Memory Usage (2761652K) : Executing rule substrate_drw_Acute
2026-09-18 20:52:20 +0200: Memory Usage (2761652K) : Executing rule ic_drw_Acute
2026-09-18 20:52:21 +0200: Memory Usage (2761652K) : Executing rule via3_drw_Acute
2026-09-18 20:52:21 +0200: Memory Usage (2761652K) : Executing rule pldb_drw_Acute
2026-09-18 20:52:21 +0200: Memory Usage (2761652K) : Executing rule metal4_drw_Acute
2026-09-18 20:52:21 +0200: Memory Usage (2761652K) : Executing rule metal4_pin_Acute
2026-09-18 20:52:21 +0200: Memory Usage (2761652K) : Executing rule metal4_mask_Acute
2026-09-18 20:52:21 +0200: Memory Usage (2761652K) : Executing rule metal4_filler_Acute
2026-09-18 20:52:21 +0200: Memory Usage (2761652K) : Executing rule metal4_nofill_Acute
2026-09-18 20:52:21 +0200: Memory Usage (2761652K) : Executing rule metal4_slit_Acute
2026-09-18 20:52:21 +0200: Memory Usage (2761652K) : Executing rule metal4_opc_Acute
2026-09-18 20:52:21 +0200: Memory Usage (2761652K) : Executing rule metal4_noqrc_Acute
2026-09-18 20:52:21 +0200: Memory Usage (2761652K) : Executing rule metal4_res_Acute
2026-09-18 20:52:21 +0200: Memory Usage (2761652K) : Executing rule metal4_iprobe_Acute
2026-09-18 20:52:21 +0200: Memory Usage (2761652K) : Executing rule metal4_diffprb_Acute
2026-09-18 20:52:21 +0200: Memory Usage (2761652K) : Executing rule via4_drw_Acute
2026-09-18 20:52:22 +0200: Memory Usage (2761652K) : Executing rule metal5_drw_Acute
2026-09-18 20:52:22 +0200: Memory Usage (2761652K) : Executing rule metal5_pin_Acute
2026-09-18 20:52:22 +0200: Memory Usage (2761652K) : Executing rule metal5_mask_Acute
2026-09-18 20:52:22 +0200: Memory Usage (2761652K) : Executing rule metal5_filler_Acute
2026-09-18 20:52:22 +0200: Memory Usage (2761652K) : Executing rule metal5_nofill_Acute
2026-09-18 20:52:22 +0200: Memory Usage (2761652K) : Executing rule metal5_slit_Acute
2026-09-18 20:52:22 +0200: Memory Usage (2761652K) : Executing rule metal5_opc_Acute
2026-09-18 20:52:22 +0200: Memory Usage (2761652K) : Executing rule metal5_noqrc_Acute
2026-09-18 20:52:22 +0200: Memory Usage (2761652K) : Executing rule metal5_res_Acute
2026-09-18 20:52:22 +0200: Memory Usage (2761652K) : Executing rule metal5_iprobe_Acute
2026-09-18 20:52:22 +0200: Memory Usage (2761652K) : Executing rule metal5_diffprb_Acute
2026-09-18 20:52:22 +0200: Memory Usage (2761652K) : Executing rule prboundary_drw_Acute
2026-09-18 20:52:22 +0200: Memory Usage (2761652K) : Executing rule exchange0_drw_Acute
2026-09-18 20:52:22 +0200: Memory Usage (2761652K) : Executing rule exchange0_pin_Acute
2026-09-18 20:52:22 +0200: Memory Usage (2761652K) : Executing rule exchange1_drw_Acute
2026-09-18 20:52:22 +0200: Memory Usage (2761652K) : Executing rule exchange1_pin_Acute
2026-09-18 20:52:22 +0200: Memory Usage (2761652K) : Executing rule exchange2_drw_Acute
2026-09-18 20:52:22 +0200: Memory Usage (2761652K) : Executing rule exchange2_pin_Acute
2026-09-18 20:52:22 +0200: Memory Usage (2761652K) : Executing rule exchange3_drw_Acute
2026-09-18 20:52:22 +0200: Memory Usage (2761652K) : Executing rule exchange3_pin_Acute
2026-09-18 20:52:23 +0200: Memory Usage (2761652K) : Executing rule exchange4_drw_Acute
2026-09-18 20:52:23 +0200: Memory Usage (2761652K) : Executing rule exchange4_pin_Acute
2026-09-18 20:52:23 +0200: Memory Usage (2761652K) : Executing rule isonwell_drw_Acute
2026-09-18 20:52:23 +0200: Memory Usage (2761652K) : Executing rule thickgateox_drw_Acute
2026-09-18 20:52:23 +0200: Memory Usage (2761652K) : Executing rule pempoly_drw_Acute
2026-09-18 20:52:23 +0200: Memory Usage (2761652K) : Executing rule fbe_drw_Acute
2026-09-18 20:52:23 +0200: Memory Usage (2761652K) : Executing rule empoly_drw_Acute
2026-09-18 20:52:23 +0200: Memory Usage (2761652K) : Executing rule ldmos_drw_Acute
2026-09-18 20:52:23 +0200: Memory Usage (2761652K) : Executing rule pbiwind_drw_Acute
2026-09-18 20:52:23 +0200: Memory Usage (2761652K) : Executing rule colopen_drw_Acute
2026-09-18 20:52:23 +0200: Memory Usage (2761652K) : Executing rule extblock_drw_Acute
2026-09-18 20:52:23 +0200: Memory Usage (2761652K) : Executing rule nldd_drw_Acute
2026-09-18 20:52:23 +0200: Memory Usage (2761652K) : Executing rule pldd_drw_Acute
2026-09-18 20:52:23 +0200: Memory Usage (2761652K) : Executing rule next_drw_Acute
2026-09-18 20:52:23 +0200: Memory Usage (2761652K) : Executing rule pext_drw_Acute
2026-09-18 20:52:23 +0200: Memory Usage (2761652K) : Executing rule nexthv_drw_Acute
2026-09-18 20:52:23 +0200: Memory Usage (2761652K) : Executing rule pexthv_drw_Acute
2026-09-18 20:52:23 +0200: Memory Usage (2761652K) : Executing rule graphgate_drw_Acute
2026-09-18 20:52:23 +0200: Memory Usage (2761652K) : Executing rule mempad_drw_Acute
2026-09-18 20:52:23 +0200: Memory Usage (2761652K) : Executing rule topvia1_drw_Acute
2026-09-18 20:52:23 +0200: Memory Usage (2761652K) : Executing rule topmetal1_drw_Acute
2026-09-18 20:52:24 +0200: Memory Usage (2761652K) : Executing rule topmetal1_pin_Acute
2026-09-18 20:52:24 +0200: Memory Usage (2761652K) : Executing rule topmetal1_mask_Acute
2026-09-18 20:52:24 +0200: Memory Usage (2761652K) : Executing rule topmetal1_filler_Acute
2026-09-18 20:52:24 +0200: Memory Usage (2761652K) : Executing rule topmetal1_nofill_Acute
2026-09-18 20:52:24 +0200: Memory Usage (2761652K) : Executing rule topmetal1_slit_Acute
2026-09-18 20:52:24 +0200: Memory Usage (2761652K) : Executing rule topmetal1_noqrc_Acute
2026-09-18 20:52:24 +0200: Memory Usage (2761652K) : Executing rule topmetal1_res_Acute
2026-09-18 20:52:24 +0200: Memory Usage (2761652K) : Executing rule topmetal1_iprobe_Acute
2026-09-18 20:52:24 +0200: Memory Usage (2761652K) : Executing rule topmetal1_diffprb_Acute
2026-09-18 20:52:24 +0200: Memory Usage (2761652K) : Executing rule inldpwl_drw_Acute
2026-09-18 20:52:24 +0200: Memory Usage (2761652K) : Executing rule polyres_drw_Acute
2026-09-18 20:52:24 +0200: Memory Usage (2761652K) : Executing rule polyres_pin_Acute
2026-09-18 20:52:24 +0200: Memory Usage (2761652K) : Executing rule vmim_drw_Acute
2026-09-18 20:52:24 +0200: Memory Usage (2761652K) : Executing rule nbulaycut_drw_Acute
2026-09-18 20:52:24 +0200: Memory Usage (2761652K) : Executing rule antmetal1_drw_Acute
2026-09-18 20:52:24 +0200: Memory Usage (2761652K) : Executing rule topvia2_drw_Acute
2026-09-18 20:52:24 +0200: Memory Usage (2761652K) : Executing rule topmetal2_drw_Acute
2026-09-18 20:52:24 +0200: Memory Usage (2761652K) : Executing rule topmetal2_pin_Acute
2026-09-18 20:52:24 +0200: Memory Usage (2761652K) : Executing rule topmetal2_mask_Acute
2026-09-18 20:52:24 +0200: Memory Usage (2761652K) : Executing rule topmetal2_filler_Acute
2026-09-18 20:52:24 +0200: Memory Usage (2761652K) : Executing rule topmetal2_nofill_Acute
2026-09-18 20:52:24 +0200: Memory Usage (2761652K) : Executing rule topmetal2_slit_Acute
2026-09-18 20:52:24 +0200: Memory Usage (2761652K) : Executing rule topmetal2_noqrc_Acute
2026-09-18 20:52:25 +0200: Memory Usage (2761652K) : Executing rule topmetal2_res_Acute
2026-09-18 20:52:25 +0200: Memory Usage (2761652K) : Executing rule topmetal2_iprobe_Acute
2026-09-18 20:52:25 +0200: Memory Usage (2761652K) : Executing rule topmetal2_diffprb_Acute
2026-09-18 20:52:25 +0200: Memory Usage (2761652K) : Executing rule snsring_drw_Acute
2026-09-18 20:52:25 +0200: Memory Usage (2761652K) : Executing rule sensor_drw_Acute
2026-09-18 20:52:25 +0200: Memory Usage (2761652K) : Executing rule snsarms_drw_Acute
2026-09-18 20:52:25 +0200: Memory Usage (2761652K) : Executing rule snscmosvia_drw_Acute
2026-09-18 20:52:25 +0200: Memory Usage (2761652K) : Executing rule colwind_drw_Acute
2026-09-18 20:52:25 +0200: Memory Usage (2761652K) : Executing rule flm_drw_Acute
2026-09-18 20:52:25 +0200: Memory Usage (2761652K) : Executing rule hafniumox_drw_Acute
2026-09-18 20:52:25 +0200: Memory Usage (2761652K) : Executing rule memvia_drw_Acute
2026-09-18 20:52:25 +0200: Memory Usage (2761652K) : Executing rule thinfilmres_drw_Acute
2026-09-18 20:52:25 +0200: Memory Usage (2761652K) : Executing rule rfmem_drw_Acute
2026-09-18 20:52:25 +0200: Memory Usage (2761652K) : Executing rule snsbotvia_drw_Acute
2026-09-18 20:52:25 +0200: Memory Usage (2761652K) : Executing rule snstopvia_drw_Acute
2026-09-18 20:52:25 +0200: Memory Usage (2761652K) : Executing rule deepvia_drw_Acute
2026-09-18 20:52:25 +0200: Memory Usage (2761652K) : Executing rule fgetch_drw_Acute
2026-09-18 20:52:25 +0200: Memory Usage (2761652K) : Executing rule ctrgat_drw_Acute
2026-09-18 20:52:25 +0200: Memory Usage (2761652K) : Executing rule fgimp_drw_Acute
2026-09-18 20:52:25 +0200: Memory Usage (2761652K) : Executing rule emwihv_drw_Acute
2026-09-18 20:52:25 +0200: Memory Usage (2761652K) : Executing rule lbe_drw_Acute
2026-09-18 20:52:25 +0200: Memory Usage (2761652K) : Executing rule alcustop_drw_Acute
2026-09-18 20:52:25 +0200: Memory Usage (2761652K) : Executing rule cont_drw_Angle90
2026-09-18 20:52:56 +0200: Memory Usage (3981956K) : Executing rule via1_drw_Angle90
2026-09-18 20:52:57 +0200: Memory Usage (3982212K) : Executing rule via2_drw_Angle90
2026-09-18 20:52:57 +0200: Memory Usage (3982212K) : Executing rule via3_drw_Angle90
2026-09-18 20:52:58 +0200: Memory Usage (3982340K) : Executing rule via4_drw_Angle90
2026-09-18 20:52:58 +0200: Memory Usage (3982340K) : Executing rule vmim_drw_Angle90
2026-09-18 20:52:58 +0200: Memory Usage (3982340K) : Executing rule topvia1_drw_Angle90
2026-09-18 20:52:59 +0200: Memory Usage (3982336K) : Executing rule topvia2_drw_Angle90
2026-09-18 20:52:59 +0200: Memory Usage (3982464K) : Executing rule gatpoly_drw_Angle45
2026-09-18 20:53:00 +0200: Memory Usage (3982592K) : Executing rule activ_drw_Angle45
2026-09-18 20:53:01 +0200: Memory Usage (3982848K) : Executing rule metal1_drw_Angle45
2026-09-18 20:53:05 +0200: Memory Usage (3982976K) : Executing rule metal2_drw_Angle45
2026-09-18 20:53:05 +0200: Memory Usage (3982972K) : Executing rule metal3_drw_Angle45
2026-09-18 20:53:05 +0200: Memory Usage (3983100K) : Executing rule metal4_drw_Angle45
2026-09-18 20:53:06 +0200: Memory Usage (4020732K) : Executing rule metal5_drw_Angle45
2026-09-18 20:53:06 +0200: Memory Usage (4020732K) : Executing rule topmetal1_drw_Angle45
2026-09-18 20:53:06 +0200: Memory Usage (4020732K) : Executing rule topmetal2_drw_Angle45
2026-09-18 20:53:06 +0200: Memory Usage (4020860K) : Starting 3.2. FORBIDDEN table
2026-09-18 20:53:06 +0200: Memory Usage (4020860K) : Executing rule forbidden.biwind
2026-09-18 20:53:06 +0200: Memory Usage (4020860K) : Executing rule forbidden.pemwind
2026-09-18 20:53:06 +0200: Memory Usage (4020860K) : Executing rule forbidden.baspoly
2026-09-18 20:53:06 +0200: Memory Usage (4020860K) : Executing rule forbidden.deepco
2026-09-18 20:53:06 +0200: Memory Usage (4020860K) : Executing rule forbidden.pempoly
2026-09-18 20:53:06 +0200: Memory Usage (4020860K) : Executing rule forbidden.empoly
2026-09-18 20:53:06 +0200: Memory Usage (4020860K) : Executing rule forbidden.ldmos
2026-09-18 20:53:06 +0200: Memory Usage (4020860K) : Executing rule forbidden.pbiwind
2026-09-18 20:53:06 +0200: Memory Usage (4020860K) : Executing rule forbidden.nodrc
2026-09-18 20:53:06 +0200: Memory Usage (4020860K) : Executing rule forbidden.flash
2026-09-18 20:53:06 +0200: Memory Usage (4020860K) : Executing rule forbidden.colwind
2026-09-18 20:53:06 +0200: Memory Usage (4020860K) : KLayout DRC run for tables 'main' completed in 213.01 seconds
