OpenROAD 26Q1-1024-gdcf36133a 
Features included (+) or not (-): +GPU +GUI +Python
This program is licensed under the BSD-3 license. See the LICENSE file for details.
Components of this program may be licensed under more restrictive licenses which must be honored.
[INFO ORD-0030] Using 1 thread(s).
[INFO] Using clock SCLK…
[INFO] Setting output delay to: 20
[INFO] Setting input delay to: 20
[INFO] Setting load to: 0.006
[INFO] Setting clock uncertainty to: 0.25
[INFO] Setting clock transition to: 0.15
[INFO] Setting timing derate to: 5%
[INFO] Sourcing /work/designs/g1-guardian/blocks/g1_padring/flow/../../g1_ctrl/layout/g1_digital_top.sdc
[WARNING STA-0363] pin 'i_core.u_digital/clkbuf_0_osc_clk/A' not found.
[WARNING STA-0419] transition time can not be specified for virtual clocks.
[WARNING STA-0450] virtual clock osc_clk can not be propagated.
[WARNING GRT-0008] The read_guides command does not allow parasitics estimation from the guides file.
[INFO DRT-0149] Reading tech and libs.
[WARNING DRT-0349] LEF58_ENCLOSURE with no CUTCLASS is not supported. Skipping for layer Cont
[WARNING DRT-0349] LEF58_ENCLOSURE with no CUTCLASS is not supported. Skipping for layer Via1
[WARNING DRT-0349] LEF58_ENCLOSURE with no CUTCLASS is not supported. Skipping for layer Via1
[WARNING DRT-0349] LEF58_ENCLOSURE with no CUTCLASS is not supported. Skipping for layer Via2
[WARNING DRT-0349] LEF58_ENCLOSURE with no CUTCLASS is not supported. Skipping for layer Via3
[WARNING DRT-0349] LEF58_ENCLOSURE with no CUTCLASS is not supported. Skipping for layer Via4
[WARNING DRT-0349] LEF58_ENCLOSURE with no CUTCLASS is not supported. Skipping for layer TopVia1
[WARNING DRT-0349] LEF58_ENCLOSURE with no CUTCLASS is not supported. Skipping for layer TopVia1
[WARNING DRT-0349] LEF58_ENCLOSURE with no CUTCLASS is not supported. Skipping for layer TopVia2
[WARNING DRT-0349] LEF58_ENCLOSURE with no CUTCLASS is not supported. Skipping for layer TopVia2

Units:                1000
Number of layers:     15
Number of macros:     117
Number of vias:       85
Number of viarulegen: 6

[INFO DRT-0150] Reading design.

Design:                   g1_chip_top
Die area:                 ( 0 0 ) ( 1414000 1414000 )
Number of track patterns: 14
Number of DEF vias:       0
Number of components:     4904
Number of terminals:      22
Number of snets:          22
Number of nets:           68

[WARNING DRT-0419] No routing tracks pass through the center of Term i_core.u_ls_en/in
[WARNING DRT-0419] No routing tracks pass through the center of Term i_core.u_ls_mode/in
[WARNING DRT-0419] No routing tracks pass through the center of Term i_core.u_ls_r4/in
[INFO DRT-0167] List of default vias:
  Layer Via2
    default via: Via2_YX
  Layer Via3
    default via: Via3_XY
  Layer Via4
    default via: Via4_YX
  Layer TopVia1
    default via: TopVia1EWNS
  Layer TopVia2
    default via: TopVia2EWNS
[INFO DRT-0162] Library cell analysis.
[INFO DRT-0163] Instance analysis.
[INFO DRT-0164] Number of unique instances = 151.
[INFO DRT-0168] Init region query.
[INFO DRT-0024]   Complete GatPoly.
[INFO DRT-0024]   Complete Cont.
[INFO DRT-0024]   Complete Metal1.
[INFO DRT-0024]   Complete Via1.
[INFO DRT-0024]   Complete Metal2.
[INFO DRT-0024]   Complete Via2.
[INFO DRT-0024]   Complete Metal3.
[INFO DRT-0024]   Complete Via3.
[INFO DRT-0024]   Complete Metal4.
[INFO DRT-0024]   Complete Via4.
[INFO DRT-0024]   Complete Metal5.
[INFO DRT-0024]   Complete TopVia1.
[INFO DRT-0024]   Complete TopMetal1.
[INFO DRT-0024]   Complete TopVia2.
[INFO DRT-0024]   Complete TopMetal2.
[INFO DRT-0033] GatPoly shape region query size = 1.
[INFO DRT-0033] Cont shape region query size = 0.
[INFO DRT-0033] Metal1 shape region query size = 46942.
[INFO DRT-0033] Via1 shape region query size = 140.
[INFO DRT-0033] Metal2 shape region query size = 679.
[INFO DRT-0033] Via2 shape region query size = 140.
[INFO DRT-0033] Metal3 shape region query size = 1768.
[INFO DRT-0033] Via3 shape region query size = 0.
[INFO DRT-0033] Metal4 shape region query size = 1612.
[INFO DRT-0033] Via4 shape region query size = 0.
[INFO DRT-0033] Metal5 shape region query size = 1608.
[INFO DRT-0033] TopVia1 shape region query size = 0.
[INFO DRT-0033] TopMetal1 shape region query size = 1269.
[INFO DRT-0033] TopVia2 shape region query size = 0.
[INFO DRT-0033] TopMetal2 shape region query size = 993.
[INFO DRT-0165] Start pin access.
[INFO DRT-0078]   Complete 335 pins.
[INFO DRT-0081]   Complete 8 unique inst patterns.
[INFO DRT-0084]   Complete 2 groups.
#scanned instances     = 4904
#unique  instances     = 69
#stdCellGenAp          = 11
#stdCellValidPlanarAp  = 0
#stdCellValidViaAp     = 11
#stdCellPinNoAp        = 0
#stdCellPinCnt         = 1
#instTermValidViaApCnt = 0
#macroGenAp            = 3379
#macroValidPlanarAp    = 1678
#macroValidViaAp       = 1120
#macroNoAp             = 0
[INFO DRT-0166] Complete pin access.
[INFO DRT-0267] cpu time = 00:00:03, elapsed time = 00:00:03, memory = 220.26 (MB), peak = 236.18 (MB)

[INFO DRT-0157] Number of guides:     498

[INFO DRT-0169] Post process guides.
[INFO DRT-0176] GCELLGRID X 0 DO 196 STEP 7200 ;
[INFO DRT-0177] GCELLGRID Y 0 DO 196 STEP 7200 ;
[INFO DRT-0028]   Complete GatPoly.
[INFO DRT-0028]   Complete Cont.
[INFO DRT-0028]   Complete Metal1.
[INFO DRT-0028]   Complete Via1.
[INFO DRT-0028]   Complete Metal2.
[INFO DRT-0028]   Complete Via2.
[INFO DRT-0028]   Complete Metal3.
[INFO DRT-0028]   Complete Via3.
[INFO DRT-0028]   Complete Metal4.
[INFO DRT-0028]   Complete Via4.
[INFO DRT-0028]   Complete Metal5.
[INFO DRT-0028]   Complete TopVia1.
[INFO DRT-0028]   Complete TopMetal1.
[INFO DRT-0028]   Complete TopVia2.
[INFO DRT-0028]   Complete TopMetal2.
[INFO DRT-0178] Init guide query.
[INFO DRT-0035]   Complete GatPoly (guide).
[INFO DRT-0035]   Complete Cont (guide).
[INFO DRT-0035]   Complete Metal1 (guide).
[INFO DRT-0035]   Complete Via1 (guide).
[INFO DRT-0035]   Complete Metal2 (guide).
[INFO DRT-0035]   Complete Via2 (guide).
[INFO DRT-0035]   Complete Metal3 (guide).
[INFO DRT-0035]   Complete Via3 (guide).
[INFO DRT-0035]   Complete Metal4 (guide).
[INFO DRT-0035]   Complete Via4 (guide).
[INFO DRT-0035]   Complete Metal5 (guide).
[INFO DRT-0035]   Complete TopVia1 (guide).
[INFO DRT-0035]   Complete TopMetal1 (guide).
[INFO DRT-0035]   Complete TopVia2 (guide).
[INFO DRT-0035]   Complete TopMetal2 (guide).
[INFO DRT-0036] GatPoly guide region query size = 0.
[INFO DRT-0036] Cont guide region query size = 0.
[INFO DRT-0036] Metal1 guide region query size = 8.
[INFO DRT-0036] Via1 guide region query size = 0.
[INFO DRT-0036] Metal2 guide region query size = 40.
[INFO DRT-0036] Via2 guide region query size = 0.
[INFO DRT-0036] Metal3 guide region query size = 140.
[INFO DRT-0036] Via3 guide region query size = 0.
[INFO DRT-0036] Metal4 guide region query size = 107.
[INFO DRT-0036] Via4 guide region query size = 0.
[INFO DRT-0036] Metal5 guide region query size = 35.
[INFO DRT-0036] TopVia1 guide region query size = 0.
[INFO DRT-0036] TopMetal1 guide region query size = 5.
[INFO DRT-0036] TopVia2 guide region query size = 0.
[INFO DRT-0036] TopMetal2 guide region query size = 2.
[INFO DRT-0179] Init gr pin query.
[INFO DRT-0267] cpu time = 00:00:00, elapsed time = 00:00:00, memory = 220.41 (MB), peak = 236.18 (MB)
[INFO DRT-0245] skipped writing guide updates to database.
[INFO DRT-0185] Post process initialize RPin region query.
[INFO DRT-0181] Start track assignment.
[INFO DRT-0184] Done with 152 vertical wires in 4 frboxes and 185 horizontal wires in 4 frboxes.
[INFO DRT-0186] Done with 39 vertical wires in 4 frboxes and 43 horizontal wires in 4 frboxes.
[INFO DRT-0182] Complete track assignment.
[INFO DRT-0267] cpu time = 00:00:01, elapsed time = 00:00:01, memory = 277.03 (MB), peak = 277.03 (MB)
[INFO DRT-0187] Start routing data preparation.
[INFO DRT-0267] cpu time = 00:00:00, elapsed time = 00:00:00, memory = 277.03 (MB), peak = 277.03 (MB)
[INFO DRT-0194] Start detail routing.
[INFO DRT-0195] Start 0th optimization iteration.
    Completing 10% with 0 violations.
    elapsed time = 00:00:01, memory = 277.30 (MB).
    Completing 20% with 0 violations.
    elapsed time = 00:00:04, memory = 277.30 (MB).
    Completing 30% with 2 violations.
    elapsed time = 00:00:04, memory = 277.30 (MB).
    Completing 40% with 2 violations.
    elapsed time = 00:00:06, memory = 277.30 (MB).
    Completing 50% with 2 violations.
    elapsed time = 00:00:09, memory = 277.30 (MB).
    Completing 60% with 5 violations.
    elapsed time = 00:00:09, memory = 277.30 (MB).
    Completing 70% with 5 violations.
    elapsed time = 00:00:13, memory = 277.30 (MB).
    Completing 80% with 20 violations.
    elapsed time = 00:00:13, memory = 277.30 (MB).
    Completing 90% with 20 violations.
    elapsed time = 00:00:13, memory = 277.30 (MB).
    Completing 100% with 23 violations.
    elapsed time = 00:00:15, memory = 277.30 (MB).
[INFO DRT-0199]   Number of violations = 85.
Viol/Layer      Metal2 Metal3   Via3 Metal4 To..l1
Metal Spacing        3      4      0      2      2
Recheck             50     12      0      0      0
Short                0      8      3      1      0
[INFO DRT-0267] cpu time = 00:00:15, elapsed time = 00:00:15, memory = 632.28 (MB), peak = 632.28 (MB)
Total wire length = 25502 um.
Total wire length on LAYER Metal1 = 0 um.
Total wire length on LAYER Metal2 = 1855 um.
Total wire length on LAYER Metal3 = 8994 um.
Total wire length on LAYER Metal4 = 9391 um.
Total wire length on LAYER Metal5 = 4089 um.
Total wire length on LAYER TopMetal1 = 362 um.
Total wire length on LAYER TopMetal2 = 810 um.
Total number of vias = 295.
Up-via summary (total 295):

-----------------
   GatPoly      0
    Metal1     10
    Metal2     49
    Metal3    157
    Metal4     69
    Metal5      6
 TopMetal1      4
-----------------
          295


[INFO DRT-0195] Start 1st optimization iteration.
    Completing 10% with 85 violations.
    elapsed time = 00:00:00, memory = 632.57 (MB).
    Completing 20% with 85 violations.
    elapsed time = 00:00:01, memory = 632.57 (MB).
    Completing 30% with 71 violations.
    elapsed time = 00:00:02, memory = 632.57 (MB).
    Completing 40% with 71 violations.
    elapsed time = 00:00:04, memory = 632.57 (MB).
    Completing 50% with 71 violations.
    elapsed time = 00:00:06, memory = 632.57 (MB).
    Completing 60% with 70 violations.
    elapsed time = 00:00:06, memory = 632.57 (MB).
    Completing 70% with 70 violations.
    elapsed time = 00:00:07, memory = 632.57 (MB).
    Completing 80% with 37 violations.
    elapsed time = 00:00:13, memory = 632.57 (MB).
    Completing 90% with 37 violations.
    elapsed time = 00:00:16, memory = 632.57 (MB).
    Completing 100% with 7 violations.
    elapsed time = 00:00:19, memory = 632.57 (MB).
[INFO DRT-0199]   Number of violations = 7.
Viol/Layer      Metal3 Metal4 To..l1
Metal Spacing        1      1      4
Short                1      0      0
[INFO DRT-0267] cpu time = 00:00:19, elapsed time = 00:00:19, memory = 632.57 (MB), peak = 632.57 (MB)
Total wire length = 25483 um.
Total wire length on LAYER Metal1 = 0 um.
Total wire length on LAYER Metal2 = 1860 um.
Total wire length on LAYER Metal3 = 8972 um.
Total wire length on LAYER Metal4 = 9378 um.
Total wire length on LAYER Metal5 = 4090 um.
Total wire length on LAYER TopMetal1 = 362 um.
Total wire length on LAYER TopMetal2 = 818 um.
Total number of vias = 291.
Up-via summary (total 291):

-----------------
   GatPoly      0
    Metal1     10
    Metal2     49
    Metal3    155
    Metal4     67
    Metal5      6
 TopMetal1      4
-----------------
          291


[INFO DRT-0195] Start 2nd optimization iteration.
    Completing 10% with 7 violations.
    elapsed time = 00:00:00, memory = 632.57 (MB).
    Completing 20% with 7 violations.
    elapsed time = 00:00:00, memory = 632.57 (MB).
    Completing 30% with 7 violations.
    elapsed time = 00:00:00, memory = 632.57 (MB).
    Completing 40% with 7 violations.
    elapsed time = 00:00:00, memory = 632.57 (MB).
    Completing 50% with 7 violations.
    elapsed time = 00:00:00, memory = 632.57 (MB).
    Completing 60% with 7 violations.
    elapsed time = 00:00:00, memory = 632.57 (MB).
    Completing 70% with 7 violations.
    elapsed time = 00:00:00, memory = 632.57 (MB).
    Completing 80% with 3 violations.
    elapsed time = 00:00:00, memory = 632.57 (MB).
    Completing 90% with 3 violations.
    elapsed time = 00:00:00, memory = 632.57 (MB).
    Completing 100% with 1 violations.
    elapsed time = 00:00:00, memory = 632.57 (MB).
[INFO DRT-0199]   Number of violations = 1.
Viol/Layer      Metal4
Metal Spacing        1
[INFO DRT-0267] cpu time = 00:00:00, elapsed time = 00:00:00, memory = 632.57 (MB), peak = 632.57 (MB)
Total wire length = 25555 um.
Total wire length on LAYER Metal1 = 0 um.
Total wire length on LAYER Metal2 = 1860 um.
Total wire length on LAYER Metal3 = 8971 um.
Total wire length on LAYER Metal4 = 9371 um.
Total wire length on LAYER Metal5 = 4174 um.
Total wire length on LAYER TopMetal1 = 363 um.
Total wire length on LAYER TopMetal2 = 814 um.
Total number of vias = 289.
Up-via summary (total 289):

-----------------
   GatPoly      0
    Metal1     10
    Metal2     49
    Metal3    153
    Metal4     67
    Metal5      6
 TopMetal1      4
-----------------
          289


[INFO DRT-0195] Start 3rd guides tiles iteration.
    Completing 50% with 1 violations.
    elapsed time = 00:00:00, memory = 632.57 (MB).
    Completing 100% with 0 violations.
    elapsed time = 00:00:00, memory = 632.57 (MB).
[INFO DRT-0199]   Number of violations = 0.
[INFO DRT-0267] cpu time = 00:00:00, elapsed time = 00:00:00, memory = 632.57 (MB), peak = 632.57 (MB)
Total wire length = 25564 um.
Total wire length on LAYER Metal1 = 0 um.
Total wire length on LAYER Metal2 = 1860 um.
Total wire length on LAYER Metal3 = 8972 um.
Total wire length on LAYER Metal4 = 9371 um.
Total wire length on LAYER Metal5 = 4182 um.
Total wire length on LAYER TopMetal1 = 363 um.
Total wire length on LAYER TopMetal2 = 814 um.
Total number of vias = 291.
Up-via summary (total 291):

-----------------
   GatPoly      0
    Metal1     10
    Metal2     49
    Metal3    153
    Metal4     69
    Metal5      6
 TopMetal1      4
-----------------
          291


[INFO DRT-0198] Complete detail routing.
Total wire length = 25564 um.
Total wire length on LAYER Metal1 = 0 um.
Total wire length on LAYER Metal2 = 1860 um.
Total wire length on LAYER Metal3 = 8972 um.
Total wire length on LAYER Metal4 = 9371 um.
Total wire length on LAYER Metal5 = 4182 um.
Total wire length on LAYER TopMetal1 = 363 um.
Total wire length on LAYER TopMetal2 = 814 um.
Total number of vias = 291.
Up-via summary (total 291):

-----------------
   GatPoly      0
    Metal1     10
    Metal2     49
    Metal3    153
    Metal4     69
    Metal5      6
 TopMetal1      4
-----------------
          291


[INFO DRT-0267] cpu time = 00:00:35, elapsed time = 00:00:36, memory = 632.57 (MB), peak = 632.57 (MB)

[INFO DRT-0180] Post processing.
