# Logfile created on 2026-09-22 19:08:15 +0200 by logger.rb/v1.5.3
2026-09-22 19:08:15 +0200: Memory Usage (408548K) : Starting running IHP-SG13G2 KLayout DRC runset on /work/build/scratch/bgr-mos-contact-prototypes-20260922-r2/bgr_mos_proto_06.gds
2026-09-22 19:08:15 +0200: Memory Usage (408548K) : Ruby Version for klayout: 3.2.3
2026-09-22 19:08:15 +0200: Memory Usage (408548K) : Loading database to memory is complete.
2026-09-22 19:08:15 +0200: Memory Usage (408548K) : IHP-SG13G2 KLayout DRC runset output at: /work/build/scratch/bgr-mos-stock-20260922-r1/bgr_mos_proto_06-drc/bgr_mos_proto_06_bgr_mos_proto_06_main.lyrdb
2026-09-22 19:08:15 +0200: Memory Usage (408548K) : Evaluate switches.
2026-09-22 19:08:15 +0200: Memory Usage (408548K) : tables selected: main
2026-09-22 19:08:15 +0200: Memory Usage (408548K) : KLayout will use 128 thread(s) in tiling mode.
2026-09-22 19:08:15 +0200: Memory Usage (408548K) : deep mode is enabled.
2026-09-22 19:08:15 +0200: Memory Usage (408548K) : FEOL enabled: true
2026-09-22 19:08:15 +0200: Memory Usage (408548K) : BEOL enabled: true
2026-09-22 19:08:15 +0200: Memory Usage (408548K) : OFFGRID enabled: true
2026-09-22 19:08:15 +0200: Memory Usage (408548K) : ANGLE enabled: true
2026-09-22 19:08:15 +0200: Memory Usage (408548K) : PIN enabled: true
2026-09-22 19:08:15 +0200: Memory Usage (408548K) : FORBIDDEN enabled: true
2026-09-22 19:08:15 +0200: Memory Usage (408548K) : RECOMMENDED enabled: true
2026-09-22 19:08:15 +0200: Memory Usage (408548K) : PreCheck DRC enabled: false
2026-09-22 19:08:15 +0200: Memory Usage (408548K) : CONNECTIVITY_RULES enabled: true.
2026-09-22 19:08:15 +0200: Memory Usage (408548K) : Read in polygons from layers.
2026-09-22 19:08:15 +0200: Memory Usage (408548K) : activ_drw has 4 polygons
2026-09-22 19:08:15 +0200: Memory Usage (408548K) : activ_pin has 0 polygons
2026-09-22 19:08:15 +0200: Memory Usage (408548K) : activ_mask has 0 polygons
2026-09-22 19:08:15 +0200: Memory Usage (408548K) : activ_filler has 0 polygons
2026-09-22 19:08:15 +0200: Memory Usage (408548K) : activ_nofill has 0 polygons
2026-09-22 19:08:15 +0200: Memory Usage (408548K) : activ_opc has 0 polygons
2026-09-22 19:08:15 +0200: Memory Usage (408548K) : activ_iopc has 0 polygons
2026-09-22 19:08:15 +0200: Memory Usage (408548K) : activ_noqrc has 0 polygons
2026-09-22 19:08:15 +0200: Memory Usage (408548K) : biwind_drw has 0 polygons
2026-09-22 19:08:15 +0200: Memory Usage (408548K) : biwind_opc has 0 polygons
2026-09-22 19:08:15 +0200: Memory Usage (408548K) : pemwind_drw has 0 polygons
2026-09-22 19:08:15 +0200: Memory Usage (408548K) : gatpoly_drw has 2 polygons
2026-09-22 19:08:15 +0200: Memory Usage (408548K) : gatpoly_pin has 1 polygons
2026-09-22 19:08:15 +0200: Memory Usage (408548K) : gatpoly_filler has 0 polygons
2026-09-22 19:08:15 +0200: Memory Usage (408548K) : gatpoly_nofill has 0 polygons
2026-09-22 19:08:15 +0200: Memory Usage (410736K) : gatpoly_opc has 0 polygons
2026-09-22 19:08:15 +0200: Memory Usage (410736K) : gatpoly_iopc has 0 polygons
2026-09-22 19:08:15 +0200: Memory Usage (410736K) : gatpoly_noqrc has 0 polygons
2026-09-22 19:08:15 +0200: Memory Usage (410736K) : cont_drw has 41 polygons
2026-09-22 19:08:15 +0200: Memory Usage (410736K) : cont_opc has 0 polygons
2026-09-22 19:08:15 +0200: Memory Usage (410736K) : nsd_drw has 0 polygons
2026-09-22 19:08:15 +0200: Memory Usage (410736K) : nsd_block has 0 polygons
2026-09-22 19:08:15 +0200: Memory Usage (410736K) : metal1_drw has 7 polygons
2026-09-22 19:08:15 +0200: Memory Usage (410736K) : metal1_pin has 5 polygons
2026-09-22 19:08:15 +0200: Memory Usage (410736K) : metal1_mask has 0 polygons
2026-09-22 19:08:15 +0200: Memory Usage (410996K) : metal1_filler has 0 polygons
2026-09-22 19:08:15 +0200: Memory Usage (410996K) : metal1_nofill has 0 polygons
2026-09-22 19:08:15 +0200: Memory Usage (410996K) : metal1_slit has 0 polygons
2026-09-22 19:08:15 +0200: Memory Usage (410996K) : metal1_text has 3 polygons
2026-09-22 19:08:15 +0200: Memory Usage (411500K) : metal1_opc has 0 polygons
2026-09-22 19:08:15 +0200: Memory Usage (411500K) : metal1_noqrc has 0 polygons
2026-09-22 19:08:15 +0200: Memory Usage (411500K) : metal1_res has 0 polygons
2026-09-22 19:08:15 +0200: Memory Usage (411500K) : metal1_iprobe has 0 polygons
2026-09-22 19:08:15 +0200: Memory Usage (411500K) : metal1_diffprb has 0 polygons
2026-09-22 19:08:15 +0200: Memory Usage (411764K) : passiv_drw has 0 polygons
2026-09-22 19:08:15 +0200: Memory Usage (411764K) : passiv_pin has 0 polygons
2026-09-22 19:08:15 +0200: Memory Usage (411764K) : passiv_sbump has 0 polygons
2026-09-22 19:08:15 +0200: Memory Usage (411764K) : passiv_pillar has 0 polygons
2026-09-22 19:08:15 +0200: Memory Usage (411764K) : passiv_pdl has 0 polygons
2026-09-22 19:08:15 +0200: Memory Usage (411764K) : metal2_drw has 0 polygons
2026-09-22 19:08:15 +0200: Memory Usage (412028K) : metal2_pin has 0 polygons
2026-09-22 19:08:15 +0200: Memory Usage (412028K) : metal2_mask has 0 polygons
2026-09-22 19:08:15 +0200: Memory Usage (412028K) : metal2_filler has 0 polygons
2026-09-22 19:08:15 +0200: Memory Usage (412028K) : metal2_nofill has 0 polygons
2026-09-22 19:08:15 +0200: Memory Usage (412028K) : metal2_slit has 0 polygons
2026-09-22 19:08:15 +0200: Memory Usage (412028K) : metal2_text has 0 polygons
2026-09-22 19:08:15 +0200: Memory Usage (412028K) : metal2_opc has 0 polygons
2026-09-22 19:08:15 +0200: Memory Usage (412028K) : metal2_noqrc has 0 polygons
2026-09-22 19:08:15 +0200: Memory Usage (412028K) : metal2_res has 0 polygons
2026-09-22 19:08:15 +0200: Memory Usage (412028K) : metal2_iprobe has 0 polygons
2026-09-22 19:08:15 +0200: Memory Usage (412028K) : metal2_diffprb has 0 polygons
2026-09-22 19:08:15 +0200: Memory Usage (412028K) : baspoly_drw has 0 polygons
2026-09-22 19:08:15 +0200: Memory Usage (412292K) : baspoly_pin has 0 polygons
2026-09-22 19:08:15 +0200: Memory Usage (412292K) : psd_drw has 1 polygons
2026-09-22 19:08:15 +0200: Memory Usage (412292K) : nldb_drw has 0 polygons
2026-09-22 19:08:15 +0200: Memory Usage (412292K) : digibnd_drw has 0 polygons
2026-09-22 19:08:15 +0200: Memory Usage (412292K) : via1_drw has 0 polygons
2026-09-22 19:08:15 +0200: Memory Usage (412556K) : backmetal1_drw has 0 polygons
2026-09-22 19:08:15 +0200: Memory Usage (412556K) : backmetal1_pin has 0 polygons
2026-09-22 19:08:15 +0200: Memory Usage (412556K) : backmetal1_mask has 0 polygons
2026-09-22 19:08:15 +0200: Memory Usage (412556K) : backmetal1_filler has 0 polygons
2026-09-22 19:08:15 +0200: Memory Usage (412820K) : backmetal1_nofill has 0 polygons
2026-09-22 19:08:15 +0200: Memory Usage (412820K) : backmetal1_slit has 0 polygons
2026-09-22 19:08:15 +0200: Memory Usage (412820K) : backmetal1_text has 0 polygons
2026-09-22 19:08:15 +0200: Memory Usage (412820K) : backmetal1_opc has 0 polygons
2026-09-22 19:08:15 +0200: Memory Usage (412820K) : backmetal1_noqrc has 0 polygons
2026-09-22 19:08:15 +0200: Memory Usage (413084K) : backmetal1_res has 0 polygons
2026-09-22 19:08:15 +0200: Memory Usage (413084K) : backmetal1_iprobe has 0 polygons
2026-09-22 19:08:15 +0200: Memory Usage (413216K) : backmetal1_diffprb has 0 polygons
2026-09-22 19:08:15 +0200: Memory Usage (413216K) : backpassiv_drw has 0 polygons
2026-09-22 19:08:15 +0200: Memory Usage (413216K) : res_drw has 0 polygons
2026-09-22 19:08:15 +0200: Memory Usage (413476K) : sram_drw has 0 polygons
2026-09-22 19:08:15 +0200: Memory Usage (413476K) : trans_drw has 0 polygons
2026-09-22 19:08:15 +0200: Memory Usage (413476K) : ind_drw has 0 polygons
2026-09-22 19:08:15 +0200: Memory Usage (413476K) : ind_pin has 0 polygons
2026-09-22 19:08:15 +0200: Memory Usage (413476K) : ind_text has 0 polygons
2026-09-22 19:08:15 +0200: Memory Usage (413740K) : salblock_drw has 0 polygons
2026-09-22 19:08:15 +0200: Memory Usage (413740K) : via2_drw has 0 polygons
2026-09-22 19:08:15 +0200: Memory Usage (413740K) : metal3_drw has 0 polygons
2026-09-22 19:08:15 +0200: Memory Usage (413740K) : metal3_pin has 0 polygons
2026-09-22 19:08:15 +0200: Memory Usage (413740K) : metal3_mask has 0 polygons
2026-09-22 19:08:15 +0200: Memory Usage (414004K) : metal3_filler has 0 polygons
2026-09-22 19:08:15 +0200: Memory Usage (414004K) : metal3_nofill has 0 polygons
2026-09-22 19:08:15 +0200: Memory Usage (414004K) : metal3_slit has 0 polygons
2026-09-22 19:08:15 +0200: Memory Usage (414004K) : metal3_text has 0 polygons
2026-09-22 19:08:15 +0200: Memory Usage (414272K) : metal3_opc has 0 polygons
2026-09-22 19:08:15 +0200: Memory Usage (414272K) : metal3_noqrc has 0 polygons
2026-09-22 19:08:15 +0200: Memory Usage (414272K) : metal3_res has 0 polygons
2026-09-22 19:08:15 +0200: Memory Usage (414272K) : metal3_iprobe has 0 polygons
2026-09-22 19:08:15 +0200: Memory Usage (414532K) : metal3_diffprb has 0 polygons
2026-09-22 19:08:15 +0200: Memory Usage (414532K) : nwell_drw has 2 polygons
2026-09-22 19:08:15 +0200: Memory Usage (414532K) : nwell_pin has 0 polygons
2026-09-22 19:08:15 +0200: Memory Usage (414532K) : nbulay_drw has 0 polygons
2026-09-22 19:08:15 +0200: Memory Usage (414532K) : nbulay_pin has 0 polygons
2026-09-22 19:08:15 +0200: Memory Usage (414532K) : nbulay_block has 0 polygons
2026-09-22 19:08:15 +0200: Memory Usage (414532K) : emwind_drw has 0 polygons
2026-09-22 19:08:15 +0200: Memory Usage (414796K) : emwind_opc has 0 polygons
2026-09-22 19:08:15 +0200: Memory Usage (414796K) : deepco_drw has 0 polygons
2026-09-22 19:08:15 +0200: Memory Usage (414796K) : deepco_drw has 0 polygons
2026-09-22 19:08:15 +0200: Memory Usage (414796K) : mim_drw has 0 polygons
2026-09-22 19:08:15 +0200: Memory Usage (414796K) : edgeseal_drw has 0 polygons
2026-09-22 19:08:15 +0200: Memory Usage (414796K) : edgeseal_bound has 0 polygons
2026-09-22 19:08:15 +0200: Memory Usage (414796K) : substrate_drw has 1 polygons
2026-09-22 19:08:15 +0200: Memory Usage (415060K) : substrate_text has 0 polygons
2026-09-22 19:08:15 +0200: Memory Usage (415060K) : dfpad_drw has 0 polygons
2026-09-22 19:08:15 +0200: Memory Usage (415060K) : dfpad_pillar has 0 polygons
2026-09-22 19:08:15 +0200: Memory Usage (415060K) : dfpad_sbump has 0 polygons
2026-09-22 19:08:15 +0200: Memory Usage (415060K) : thickgateox_drw has 2 polygons
2026-09-22 19:08:15 +0200: Memory Usage (415060K) : pldb_drw has 0 polygons
2026-09-22 19:08:15 +0200: Memory Usage (415324K) : pwell_drw has 0 polygons
2026-09-22 19:08:15 +0200: Memory Usage (415324K) : pwell_pin has 0 polygons
2026-09-22 19:08:15 +0200: Memory Usage (415324K) : pwell_block has 0 polygons
2026-09-22 19:08:15 +0200: Memory Usage (415324K) : ic_drw has 0 polygons
2026-09-22 19:08:15 +0200: Memory Usage (415324K) : via3_drw has 0 polygons
2026-09-22 19:08:15 +0200: Memory Usage (415588K) : metal4_drw has 0 polygons
2026-09-22 19:08:15 +0200: Memory Usage (415588K) : metal4_pin has 0 polygons
2026-09-22 19:08:15 +0200: Memory Usage (415588K) : metal4_mask has 0 polygons
2026-09-22 19:08:15 +0200: Memory Usage (415588K) : metal4_filler has 0 polygons
2026-09-22 19:08:15 +0200: Memory Usage (415588K) : metal4_nofill has 0 polygons
2026-09-22 19:08:15 +0200: Memory Usage (415852K) : metal4_slit has 0 polygons
2026-09-22 19:08:15 +0200: Memory Usage (415852K) : metal4_text has 0 polygons
2026-09-22 19:08:15 +0200: Memory Usage (415852K) : metal4_opc has 0 polygons
2026-09-22 19:08:15 +0200: Memory Usage (415852K) : metal4_noqrc has 0 polygons
2026-09-22 19:08:15 +0200: Memory Usage (415852K) : metal4_res has 0 polygons
2026-09-22 19:08:15 +0200: Memory Usage (416116K) : metal4_iprobe has 0 polygons
2026-09-22 19:08:15 +0200: Memory Usage (416116K) : metal4_diffprb has 0 polygons
2026-09-22 19:08:15 +0200: Memory Usage (416116K) : heattrans_drw has 1 polygons
2026-09-22 19:08:15 +0200: Memory Usage (416116K) : heatres_drw has 0 polygons
2026-09-22 19:08:15 +0200: Memory Usage (416380K) : pempoly_drw has 0 polygons
2026-09-22 19:08:15 +0200: Memory Usage (416380K) : fbe_drw has 0 polygons
2026-09-22 19:08:15 +0200: Memory Usage (416380K) : empoly_drw has 0 polygons
2026-09-22 19:08:15 +0200: Memory Usage (416380K) : ldmos_drw has 0 polygons
2026-09-22 19:08:15 +0200: Memory Usage (416380K) : pbiwind_drw has 0 polygons
2026-09-22 19:08:15 +0200: Memory Usage (416644K) : digisub_drw has 0 polygons
2026-09-22 19:08:15 +0200: Memory Usage (416644K) : nodrc_drw has 0 polygons
2026-09-22 19:08:15 +0200: Memory Usage (416644K) : text_drw has 1 polygons
2026-09-22 19:08:15 +0200: Memory Usage (416644K) : via4_drw has 0 polygons
2026-09-22 19:08:15 +0200: Memory Usage (416644K) : metal5_drw has 0 polygons
2026-09-22 19:08:15 +0200: Memory Usage (416644K) : metal5_pin has 0 polygons
2026-09-22 19:08:15 +0200: Memory Usage (416644K) : metal5_mask has 0 polygons
2026-09-22 19:08:15 +0200: Memory Usage (416908K) : metal5_filler has 0 polygons
2026-09-22 19:08:15 +0200: Memory Usage (416908K) : metal5_nofill has 0 polygons
2026-09-22 19:08:15 +0200: Memory Usage (416908K) : metal5_slit has 0 polygons
2026-09-22 19:08:15 +0200: Memory Usage (416908K) : metal5_text has 0 polygons
2026-09-22 19:08:15 +0200: Memory Usage (416908K) : metal5_opc has 0 polygons
2026-09-22 19:08:15 +0200: Memory Usage (416908K) : metal5_noqrc has 0 polygons
2026-09-22 19:08:15 +0200: Memory Usage (417172K) : metal5_res has 0 polygons
2026-09-22 19:08:15 +0200: Memory Usage (417172K) : metal5_iprobe has 0 polygons
2026-09-22 19:08:15 +0200: Memory Usage (417172K) : metal5_diffprb has 0 polygons
2026-09-22 19:08:15 +0200: Memory Usage (417172K) : radhard_drw has 0 polygons
2026-09-22 19:08:15 +0200: Memory Usage (417436K) : memcap_drw has 0 polygons
2026-09-22 19:08:15 +0200: Memory Usage (417436K) : varicap_drw has 0 polygons
2026-09-22 19:08:15 +0200: Memory Usage (417436K) : flash_drw has 0 polygons
2026-09-22 19:08:15 +0200: Memory Usage (417436K) : intbondvia_drw has 0 polygons
2026-09-22 19:08:15 +0200: Memory Usage (417436K) : intbondmet_drw has 0 polygons
2026-09-22 19:08:15 +0200: Memory Usage (417700K) : devbondvia_drw has 0 polygons
2026-09-22 19:08:15 +0200: Memory Usage (417700K) : devbondmet_drw has 0 polygons
2026-09-22 19:08:15 +0200: Memory Usage (417700K) : devtrench_drw has 0 polygons
2026-09-22 19:08:15 +0200: Memory Usage (417700K) : redist_drw has 0 polygons
2026-09-22 19:08:15 +0200: Memory Usage (417700K) : graphbot_drw has 0 polygons
2026-09-22 19:08:15 +0200: Memory Usage (417964K) : graphtop_drw has 0 polygons
2026-09-22 19:08:15 +0200: Memory Usage (417964K) : antvia1_drw has 0 polygons
2026-09-22 19:08:15 +0200: Memory Usage (417964K) : antmetal2_drw has 0 polygons
2026-09-22 19:08:15 +0200: Memory Usage (417964K) : graphcont_drw has 0 polygons
2026-09-22 19:08:15 +0200: Memory Usage (417964K) : siwg_drw has 0 polygons
2026-09-22 19:08:15 +0200: Memory Usage (418228K) : siwg_filler has 0 polygons
2026-09-22 19:08:15 +0200: Memory Usage (418228K) : siwg_nofill has 0 polygons
2026-09-22 19:08:15 +0200: Memory Usage (418228K) : sigrating_drw has 0 polygons
2026-09-22 19:08:15 +0200: Memory Usage (418228K) : singrating_drw has 0 polygons
2026-09-22 19:08:15 +0200: Memory Usage (418228K) : graphpas_drw has 0 polygons
2026-09-22 19:08:15 +0200: Memory Usage (418492K) : emwind3_drw has 0 polygons
2026-09-22 19:08:15 +0200: Memory Usage (418492K) : emwihv3_drw has 0 polygons
2026-09-22 19:08:15 +0200: Memory Usage (418492K) : redbulay_drw has 0 polygons
2026-09-22 19:08:15 +0200: Memory Usage (418492K) : smos_drw has 0 polygons
2026-09-22 19:08:15 +0200: Memory Usage (418492K) : graphpad_drw has 0 polygons
2026-09-22 19:08:15 +0200: Memory Usage (418492K) : polimide_drw has 0 polygons
2026-09-22 19:08:15 +0200: Memory Usage (418756K) : polimide_pin has 0 polygons
2026-09-22 19:08:15 +0200: Memory Usage (418756K) : recog_drw has 0 polygons
2026-09-22 19:08:15 +0200: Memory Usage (418756K) : recog_pin has 0 polygons
2026-09-22 19:08:15 +0200: Memory Usage (418756K) : recog_esd has 0 polygons
2026-09-22 19:08:15 +0200: Memory Usage (418756K) : recog_diode has 0 polygons
2026-09-22 19:08:15 +0200: Memory Usage (418756K) : recog_tsv has 0 polygons
2026-09-22 19:08:15 +0200: Memory Usage (418756K) : recog_iprobe has 0 polygons
2026-09-22 19:08:15 +0200: Memory Usage (419020K) : recog_diffprb has 0 polygons
2026-09-22 19:08:15 +0200: Memory Usage (419020K) : recog_pillar has 0 polygons
2026-09-22 19:08:15 +0200: Memory Usage (419020K) : recog_sbump has 0 polygons
2026-09-22 19:08:15 +0200: Memory Usage (419020K) : recog_otp has 0 polygons
2026-09-22 19:08:15 +0200: Memory Usage (419020K) : recog_pdiode has 0 polygons
2026-09-22 19:08:15 +0200: Memory Usage (419284K) : recog_mom has 0 polygons
2026-09-22 19:08:15 +0200: Memory Usage (419284K) : recog_pcm has 0 polygons
2026-09-22 19:08:15 +0200: Memory Usage (419284K) : colopen_drw has 0 polygons
2026-09-22 19:08:15 +0200: Memory Usage (419284K) : graphmetal1_drw has 0 polygons
2026-09-22 19:08:15 +0200: Memory Usage (419548K) : graphmetal1_filler has 0 polygons
2026-09-22 19:08:15 +0200: Memory Usage (419548K) : graphmetal1_nofill has 0 polygons
2026-09-22 19:08:15 +0200: Memory Usage (419548K) : graphmetal1_slit has 0 polygons
2026-09-22 19:08:15 +0200: Memory Usage (419548K) : graphmetal1_opc has 0 polygons
2026-09-22 19:08:15 +0200: Memory Usage (419548K) : graphmet1l_drw has 0 polygons
2026-09-22 19:08:15 +0200: Memory Usage (419812K) : graphmet1l_filler has 0 polygons
2026-09-22 19:08:15 +0200: Memory Usage (419812K) : graphmet1l_nofill has 0 polygons
2026-09-22 19:08:15 +0200: Memory Usage (419812K) : graphmet1l_slit has 0 polygons
2026-09-22 19:08:15 +0200: Memory Usage (419812K) : graphmet1l_opc has 0 polygons
2026-09-22 19:08:15 +0200: Memory Usage (419812K) : extblock_drw has 0 polygons
2026-09-22 19:08:15 +0200: Memory Usage (420076K) : nldd_drw has 0 polygons
2026-09-22 19:08:15 +0200: Memory Usage (420076K) : pldd_drw has 0 polygons
2026-09-22 19:08:15 +0200: Memory Usage (420076K) : next_drw has 0 polygons
2026-09-22 19:08:15 +0200: Memory Usage (420076K) : pext_drw has 0 polygons
2026-09-22 19:08:15 +0200: Memory Usage (420076K) : nexthv_drw has 0 polygons
2026-09-22 19:08:15 +0200: Memory Usage (420340K) : pexthv_drw has 0 polygons
2026-09-22 19:08:15 +0200: Memory Usage (420340K) : graphgate_drw has 0 polygons
2026-09-22 19:08:15 +0200: Memory Usage (420340K) : sinwg_drw has 0 polygons
2026-09-22 19:08:15 +0200: Memory Usage (420340K) : sinwg_filler has 0 polygons
2026-09-22 19:08:15 +0200: Memory Usage (420340K) : sinwg_nofill has 0 polygons
2026-09-22 19:08:15 +0200: Memory Usage (420604K) : mempad_drw has 0 polygons
2026-09-22 19:08:15 +0200: Memory Usage (420604K) : topvia1_drw has 0 polygons
2026-09-22 19:08:15 +0200: Memory Usage (420604K) : topmetal1_drw has 0 polygons
2026-09-22 19:08:15 +0200: Memory Usage (420604K) : topmetal1_pin has 0 polygons
2026-09-22 19:08:15 +0200: Memory Usage (420604K) : topmetal1_mask has 0 polygons
2026-09-22 19:08:15 +0200: Memory Usage (420604K) : topmetal1_filler has 0 polygons
2026-09-22 19:08:15 +0200: Memory Usage (420604K) : topmetal1_nofill has 0 polygons
2026-09-22 19:08:15 +0200: Memory Usage (420604K) : topmetal1_slit has 0 polygons
2026-09-22 19:08:15 +0200: Memory Usage (420604K) : topmetal1_text has 0 polygons
2026-09-22 19:08:15 +0200: Memory Usage (420604K) : topmetal1_noqrc has 0 polygons
2026-09-22 19:08:15 +0200: Memory Usage (420604K) : topmetal1_res has 0 polygons
2026-09-22 19:08:15 +0200: Memory Usage (420604K) : topmetal1_iprobe has 0 polygons
2026-09-22 19:08:15 +0200: Memory Usage (420868K) : topmetal1_diffprb has 0 polygons
2026-09-22 19:08:15 +0200: Memory Usage (420868K) : inldpwl_drw has 0 polygons
2026-09-22 19:08:15 +0200: Memory Usage (420868K) : polyres_drw has 0 polygons
2026-09-22 19:08:15 +0200: Memory Usage (420868K) : polyres_pin has 0 polygons
2026-09-22 19:08:15 +0200: Memory Usage (420868K) : vmim_drw has 0 polygons
2026-09-22 19:08:15 +0200: Memory Usage (421132K) : nbulaycut_drw has 0 polygons
2026-09-22 19:08:15 +0200: Memory Usage (421132K) : antmetal1_drw has 0 polygons
2026-09-22 19:08:15 +0200: Memory Usage (421132K) : topvia2_drw has 0 polygons
2026-09-22 19:08:15 +0200: Memory Usage (421132K) : topmetal2_drw has 0 polygons
2026-09-22 19:08:15 +0200: Memory Usage (421132K) : topmetal2_pin has 0 polygons
2026-09-22 19:08:15 +0200: Memory Usage (421396K) : topmetal2_mask has 0 polygons
2026-09-22 19:08:15 +0200: Memory Usage (421396K) : topmetal2_filler has 0 polygons
2026-09-22 19:08:15 +0200: Memory Usage (421396K) : topmetal2_nofill has 0 polygons
2026-09-22 19:08:15 +0200: Memory Usage (421396K) : topmetal2_slit has 0 polygons
2026-09-22 19:08:15 +0200: Memory Usage (421660K) : topmetal2_text has 0 polygons
2026-09-22 19:08:15 +0200: Memory Usage (421660K) : topmetal2_noqrc has 0 polygons
2026-09-22 19:08:15 +0200: Memory Usage (421660K) : topmetal2_res has 0 polygons
2026-09-22 19:08:15 +0200: Memory Usage (421660K) : topmetal2_iprobe has 0 polygons
2026-09-22 19:08:15 +0200: Memory Usage (421660K) : topmetal2_diffprb has 0 polygons
2026-09-22 19:08:15 +0200: Memory Usage (421924K) : snsring_drw has 0 polygons
2026-09-22 19:08:15 +0200: Memory Usage (421924K) : sensor_drw has 0 polygons
2026-09-22 19:08:15 +0200: Memory Usage (421924K) : snsarms_drw has 0 polygons
2026-09-22 19:08:15 +0200: Memory Usage (421924K) : snscmosvia_drw has 0 polygons
2026-09-22 19:08:15 +0200: Memory Usage (421924K) : colwind_drw has 0 polygons
2026-09-22 19:08:15 +0200: Memory Usage (421924K) : flm_drw has 0 polygons
2026-09-22 19:08:15 +0200: Memory Usage (422188K) : hafniumox_drw has 0 polygons
2026-09-22 19:08:15 +0200: Memory Usage (422188K) : memvia_drw has 0 polygons
2026-09-22 19:08:15 +0200: Memory Usage (422188K) : thinfilmres_drw has 0 polygons
2026-09-22 19:08:15 +0200: Memory Usage (422188K) : rfmem_drw has 0 polygons
2026-09-22 19:08:15 +0200: Memory Usage (422452K) : norcx_drw has 0 polygons
2026-09-22 19:08:15 +0200: Memory Usage (422452K) : norcx_m2m3 has 0 polygons
2026-09-22 19:08:15 +0200: Memory Usage (422452K) : norcx_m2m4 has 0 polygons
2026-09-22 19:08:15 +0200: Memory Usage (422452K) : norcx_m2m5 has 0 polygons
2026-09-22 19:08:15 +0200: Memory Usage (422452K) : norcx_m2tm1 has 0 polygons
2026-09-22 19:08:15 +0200: Memory Usage (422716K) : norcx_m2tm2 has 0 polygons
2026-09-22 19:08:15 +0200: Memory Usage (422716K) : norcx_m3m4 has 0 polygons
2026-09-22 19:08:15 +0200: Memory Usage (422716K) : norcx_m3m5 has 0 polygons
2026-09-22 19:08:15 +0200: Memory Usage (422716K) : norcx_m3tm1 has 0 polygons
2026-09-22 19:08:15 +0200: Memory Usage (422716K) : norcx_m3tm2 has 0 polygons
2026-09-22 19:08:15 +0200: Memory Usage (422980K) : norcx_m4m5 has 0 polygons
2026-09-22 19:08:15 +0200: Memory Usage (422980K) : norcx_m4tm1 has 0 polygons
2026-09-22 19:08:15 +0200: Memory Usage (422980K) : norcx_m4tm2 has 0 polygons
2026-09-22 19:08:15 +0200: Memory Usage (422980K) : norcx_m5tm1 has 0 polygons
2026-09-22 19:08:15 +0200: Memory Usage (422980K) : norcx_m5tm2 has 0 polygons
2026-09-22 19:08:15 +0200: Memory Usage (423244K) : norcx_tm1tm2 has 0 polygons
2026-09-22 19:08:15 +0200: Memory Usage (423244K) : norcx_m1sub has 0 polygons
2026-09-22 19:08:15 +0200: Memory Usage (423244K) : norcx_m2sub has 0 polygons
2026-09-22 19:08:15 +0200: Memory Usage (423244K) : norcx_m3sub has 0 polygons
2026-09-22 19:08:15 +0200: Memory Usage (423244K) : norcx_m4sub has 0 polygons
2026-09-22 19:08:15 +0200: Memory Usage (423508K) : norcx_m5sub has 0 polygons
2026-09-22 19:08:15 +0200: Memory Usage (423508K) : norcx_tm1sub has 0 polygons
2026-09-22 19:08:15 +0200: Memory Usage (423508K) : norcx_tm2sub has 0 polygons
2026-09-22 19:08:15 +0200: Memory Usage (423508K) : snsbotvia_drw has 0 polygons
2026-09-22 19:08:15 +0200: Memory Usage (423508K) : snstopvia_drw has 0 polygons
2026-09-22 19:08:15 +0200: Memory Usage (423772K) : deepvia_drw has 0 polygons
2026-09-22 19:08:15 +0200: Memory Usage (423772K) : fgetch_drw has 0 polygons
2026-09-22 19:08:15 +0200: Memory Usage (423772K) : ctrgat_drw has 0 polygons
2026-09-22 19:08:15 +0200: Memory Usage (423772K) : fgimp_drw has 0 polygons
2026-09-22 19:08:15 +0200: Memory Usage (423772K) : emwihv_drw has 0 polygons
2026-09-22 19:08:15 +0200: Memory Usage (424036K) : lbe_drw has 0 polygons
2026-09-22 19:08:15 +0200: Memory Usage (424036K) : alcustop_drw has 0 polygons
2026-09-22 19:08:15 +0200: Memory Usage (424036K) : nometfiller_drw has 0 polygons
2026-09-22 19:08:15 +0200: Memory Usage (424036K) : prboundary_drw has 0 polygons
2026-09-22 19:08:15 +0200: Memory Usage (424036K) : exchange0_drw has 0 polygons
2026-09-22 19:08:15 +0200: Memory Usage (424300K) : exchange0_pin has 0 polygons
2026-09-22 19:08:15 +0200: Memory Usage (424300K) : exchange0_text has 0 polygons
2026-09-22 19:08:15 +0200: Memory Usage (424300K) : exchange1_drw has 0 polygons
2026-09-22 19:08:15 +0200: Memory Usage (424300K) : exchange1_pin has 0 polygons
2026-09-22 19:08:15 +0200: Memory Usage (424300K) : exchange1_text has 0 polygons
2026-09-22 19:08:15 +0200: Memory Usage (424564K) : exchange2_drw has 0 polygons
2026-09-22 19:08:15 +0200: Memory Usage (424564K) : exchange2_pin has 0 polygons
2026-09-22 19:08:15 +0200: Memory Usage (424564K) : exchange2_text has 0 polygons
2026-09-22 19:08:15 +0200: Memory Usage (424564K) : exchange3_drw has 0 polygons
2026-09-22 19:08:15 +0200: Memory Usage (424564K) : exchange3_pin has 0 polygons
2026-09-22 19:08:15 +0200: Memory Usage (424828K) : exchange3_text has 0 polygons
2026-09-22 19:08:15 +0200: Memory Usage (424828K) : exchange4_drw has 0 polygons
2026-09-22 19:08:15 +0200: Memory Usage (424828K) : exchange4_pin has 0 polygons
2026-09-22 19:08:15 +0200: Memory Usage (424828K) : exchange4_text has 0 polygons
2026-09-22 19:08:15 +0200: Memory Usage (424828K) : isonwell_drw has 0 polygons
2026-09-22 19:08:15 +0200: Memory Usage (424828K) : Total no. of polygons in the design is 71
2026-09-22 19:08:15 +0200: Memory Usage (424828K) : Loaded TECH DRC rules values from /foss/pdks/ihp-sg13g2/libs.tech/klayout/python/sg13g2_pycell_lib/sg13g2_tech_mod.json
2026-09-22 19:08:15 +0200: Memory Usage (424828K) : Loaded default DRC rules values from /foss/pdks/ihp-sg13g2/libs.tech/klayout/tech/drc/rule_decks/sg13g2_tech_default.json
2026-09-22 19:08:15 +0200: Memory Usage (424828K) : The following rules values were missing in tech json and default values were used:
2026-09-22 19:08:15 +0200: Memory Usage (424828K) :   - NW_f1_digibnd
2026-09-22 19:08:15 +0200: Memory Usage (424828K) :   - Cnt_c_digibnd
2026-09-22 19:08:15 +0200: Memory Usage (424828K) :   - Cnt_c_sram
2026-09-22 19:08:15 +0200: Memory Usage (424828K) :   - Sdiod_b
2026-09-22 19:08:15 +0200: Memory Usage (424828K) :   - Sdiod_c
2026-09-22 19:08:15 +0200: Memory Usage (425084K) : Total area of the design is 101.5808 um^2.
2026-09-22 19:08:15 +0200: Memory Usage (425084K) : The design dimensions are 9.920000000000002 µm * 10.240000000000002 µm.
2026-09-22 19:08:15 +0200: Memory Usage (425084K) : Starting general IHP-SG13G2 derivations.
2026-09-22 19:08:15 +0200: Memory Usage (425084K) : Starting Pwell derivations
2026-09-22 19:08:15 +0200: Memory Usage (430424K) : Starting n-Activ derivations
2026-09-22 19:08:15 +0200: Memory Usage (430584K) : Starting p-Activ derivations
2026-09-22 19:08:15 +0200: Memory Usage (430680K) : Starting ptap derivations
2026-09-22 19:08:15 +0200: Memory Usage (430584K) : Starting ntap derivations
2026-09-22 19:08:15 +0200: Memory Usage (430672K) : Starting pact FET derivations
2026-09-22 19:08:15 +0200: Memory Usage (430508K) : Starting nact FET derivations
2026-09-22 19:08:15 +0200: Memory Usage (430600K) : Starting Gate derivations
2026-09-22 19:08:15 +0200: Memory Usage (430696K) : Starting cont/contbar general derivations
2026-09-22 19:08:15 +0200: Memory Usage (430696K) : Starting pad general derivations
2026-09-22 19:08:15 +0200: Memory Usage (430696K) : Starting schottky_nbl general derivations
2026-09-22 19:08:15 +0200: Memory Usage (430696K) : Starting SVaricap general derivations
2026-09-22 19:08:15 +0200: Memory Usage (430532K) : Starting HBT general derivations
2026-09-22 19:08:15 +0200: Memory Usage (430532K) : Starting IHP-SG13G2 DRC connectivity related derivations.
2026-09-22 19:08:15 +0200: Memory Usage (430532K) : Starting IHP-SG13G2 DRC connectivity setup
2026-09-22 19:08:15 +0200: Memory Usage (430532K) : Starting IHP-SG13G2 DRC rules.
2026-09-22 19:08:15 +0200: Memory Usage (430532K) : Running all FEOL rules
2026-09-22 19:08:15 +0200: Memory Usage (430532K) : Running all BEOL rules
2026-09-22 19:08:15 +0200: Memory Usage (430532K) : Running all PIN rules
2026-09-22 19:08:15 +0200: Memory Usage (430532K) : Running all FORBIDDEN rules
2026-09-22 19:08:15 +0200: Memory Usage (430532K) : Starting 5.1 NWell table
2026-09-22 19:08:15 +0200: Memory Usage (430532K) : Executing rule NW.b
2026-09-22 19:08:15 +0200: Memory Usage (431548K) : Executing rule NW.b1
2026-09-22 19:08:15 +0200: Memory Usage (431720K) : Executing rule NW.f1
2026-09-22 19:08:15 +0200: Memory Usage (431720K) : Executing rule NW.f1.digibnd
2026-09-22 19:08:15 +0200: Memory Usage (431720K) : Starting 5.2 PWell:block
2026-09-22 19:08:15 +0200: Memory Usage (431720K) : Executing rule PWB.e
2026-09-22 19:08:15 +0200: Memory Usage (431720K) : Executing rule PWB.e1
2026-09-22 19:08:15 +0200: Memory Usage (431720K) : Executing rule PWB.f
2026-09-22 19:08:15 +0200: Memory Usage (431720K) : Executing rule PWB.f1
2026-09-22 19:08:15 +0200: Memory Usage (431720K) : Starting 5.3 nBuLay table
2026-09-22 19:08:15 +0200: Memory Usage (431720K) : Executing rule NBL.b
2026-09-22 19:08:15 +0200: Memory Usage (431552K) : Executing rule NBL.c
2026-09-22 19:08:15 +0200: Memory Usage (431648K) : Executing rule NBL.d
2026-09-22 19:08:15 +0200: Memory Usage (431744K) : Executing rule NBL.e
2026-09-22 19:08:15 +0200: Memory Usage (431576K) : Executing rule NBL.f
2026-09-22 19:08:15 +0200: Memory Usage (431576K) : Starting 5.5. Activ table
2026-09-22 19:08:15 +0200: Memory Usage (431576K) : Executing rule Act.a
2026-09-22 19:08:15 +0200: Memory Usage (431576K) : Executing rule Act.b
2026-09-22 19:08:15 +0200: Memory Usage (431736K) : Starting 5.6 Activ:filler table
2026-09-22 19:08:15 +0200: Memory Usage (431736K) : Executing rule AFil.c1
2026-09-22 19:08:15 +0200: Memory Usage (431736K) : Executing rule AFil.c
2026-09-22 19:08:15 +0200: Memory Usage (431736K) : Executing rule AFil.d
2026-09-22 19:08:15 +0200: Memory Usage (431736K) : Executing rule AFil.e
2026-09-22 19:08:15 +0200: Memory Usage (431736K) : Executing rule AFil.j
2026-09-22 19:08:15 +0200: Memory Usage (431736K) : Starting 5.7. ThickGateOx table
2026-09-22 19:08:15 +0200: Memory Usage (431736K) : Executing rule TGO.f
2026-09-22 19:08:15 +0200: Memory Usage (431736K) : Starting 5.8. GatPoly table
2026-09-22 19:08:15 +0200: Memory Usage (431736K) : Executing rule Gat.a
2026-09-22 19:08:15 +0200: Memory Usage (431736K) : Executing rule Gat.b
2026-09-22 19:08:16 +0200: Memory Usage (431896K) : Executing rule Gat.d
2026-09-22 19:08:16 +0200: Memory Usage (431732K) : Executing rule Gat.a1
2026-09-22 19:08:16 +0200: Memory Usage (432008K) : Executing rule Gat.a2
2026-09-22 19:08:16 +0200: Memory Usage (431932K) : Executing rule Gat.g
2026-09-22 19:08:16 +0200: Memory Usage (432084K) : Starting 5.9 GatPoly:filler
2026-09-22 19:08:16 +0200: Memory Usage (432084K) : Executing rule GFil.d
2026-09-22 19:08:16 +0200: Memory Usage (432084K) : Executing rule GFil.e
2026-09-22 19:08:16 +0200: Memory Usage (432084K) : Executing rule GFil.i
2026-09-22 19:08:16 +0200: Memory Usage (432084K) : Starting 5.10 pSD table
2026-09-22 19:08:16 +0200: Memory Usage (432084K) : Executing rule pSD.c1
2026-09-22 19:08:16 +0200: Memory Usage (432016K) : Starting 5.14. Cont table
2026-09-22 19:08:16 +0200: Memory Usage (432016K) : Executing rule Cnt.a
2026-09-22 19:08:16 +0200: Memory Usage (432016K) : Executing rule Cnt.b
2026-09-22 19:08:16 +0200: Memory Usage (432116K) : Executing rule Cnt.c
2026-09-22 19:08:16 +0200: Memory Usage (431960K) : Executing rule Cnt.c.digibnd
2026-09-22 19:08:16 +0200: Memory Usage (431960K) : Executing rule Cnt.c.SRAM
2026-09-22 19:08:16 +0200: Memory Usage (431960K) : Executing rule Cnt.d
2026-09-22 19:08:16 +0200: Memory Usage (432052K) : Executing rule Cnt.e
2026-09-22 19:08:16 +0200: Memory Usage (431980K) : Executing rule Cnt.g1
2026-09-22 19:08:16 +0200: Memory Usage (432184K) : Executing rule Cnt.g2
2026-09-22 19:08:16 +0200: Memory Usage (432128K) : Starting 5.15. ContBar table
2026-09-22 19:08:16 +0200: Memory Usage (432128K) : Executing rule CntB.a
2026-09-22 19:08:16 +0200: Memory Usage (432128K) : Executing rule CntB.a1
2026-09-22 19:08:16 +0200: Memory Usage (432128K) : Executing rule CntB.b1
2026-09-22 19:08:16 +0200: Memory Usage (432128K) : Executing rule CntB.h1
2026-09-22 19:08:16 +0200: Memory Usage (432128K) : Starting 6.1.3 NPN Substrate-Tie table
2026-09-22 19:08:16 +0200: Memory Usage (432128K) : Executing rule npn13G2.bR 
2026-09-22 19:08:16 +0200: Memory Usage (432128K) : Executing rule npn13G2L.cR 
2026-09-22 19:08:16 +0200: Memory Usage (432128K) : Executing rule npn13G2V.cR 
2026-09-22 19:08:16 +0200: Memory Usage (432128K) : Starting 6.7 Schottky diode table
2026-09-22 19:08:16 +0200: Memory Usage (432128K) : Executing rule Sdiod.b
2026-09-22 19:08:16 +0200: Memory Usage (432128K) : Executing rule Sdiod.c
2026-09-22 19:08:16 +0200: Memory Usage (432128K) : Executing rule Sdiod.d
2026-09-22 19:08:16 +0200: Memory Usage (432128K) : Executing rule Sdiod.e
2026-09-22 19:08:16 +0200: Memory Usage (432128K) : Starting 7.2 Latch-up table
2026-09-22 19:08:16 +0200: Memory Usage (432128K) : Executing rule LU.b
2026-09-22 19:08:16 +0200: Memory Usage (432128K) : Starting 5.16. Metal1 table
2026-09-22 19:08:16 +0200: Memory Usage (432128K) : Executing rule M1.a
2026-09-22 19:08:16 +0200: Memory Usage (432128K) : Executing rule M1.b
2026-09-22 19:08:16 +0200: Memory Usage (432260K) : Executing rule M1.e
2026-09-22 19:08:16 +0200: Memory Usage (432096K) : Executing rule M1.f
2026-09-22 19:08:16 +0200: Memory Usage (432096K) : Executing rule M1.g
2026-09-22 19:08:16 +0200: Memory Usage (432192K) : Executing rule M1.i
2026-09-22 19:08:16 +0200: Memory Usage (432024K) : Starting 5.17 Metaln table
2026-09-22 19:08:16 +0200: Memory Usage (432024K) : Executing rule M2.a
2026-09-22 19:08:16 +0200: Memory Usage (432024K) : Executing rule M2.b
2026-09-22 19:08:16 +0200: Memory Usage (432024K) : Executing rule M2.e
2026-09-22 19:08:16 +0200: Memory Usage (432024K) : Executing rule M2.f
2026-09-22 19:08:16 +0200: Memory Usage (432024K) : Executing rule M2.g
2026-09-22 19:08:16 +0200: Memory Usage (432120K) : Executing rule M2.i
2026-09-22 19:08:16 +0200: Memory Usage (432216K) : Executing rule M3.a
2026-09-22 19:08:16 +0200: Memory Usage (432216K) : Executing rule M3.b
2026-09-22 19:08:16 +0200: Memory Usage (432216K) : Executing rule M3.e
2026-09-22 19:08:16 +0200: Memory Usage (432216K) : Executing rule M3.f
2026-09-22 19:08:16 +0200: Memory Usage (432216K) : Executing rule M3.g
2026-09-22 19:08:16 +0200: Memory Usage (432048K) : Executing rule M3.i
2026-09-22 19:08:16 +0200: Memory Usage (432144K) : Executing rule M4.a
2026-09-22 19:08:16 +0200: Memory Usage (432144K) : Executing rule M4.b
2026-09-22 19:08:16 +0200: Memory Usage (432144K) : Executing rule M4.e
2026-09-22 19:08:16 +0200: Memory Usage (432144K) : Executing rule M4.f
2026-09-22 19:08:16 +0200: Memory Usage (432144K) : Executing rule M4.g
2026-09-22 19:08:16 +0200: Memory Usage (432240K) : Executing rule M4.i
2026-09-22 19:08:16 +0200: Memory Usage (432072K) : Executing rule M5.a
2026-09-22 19:08:16 +0200: Memory Usage (432072K) : Executing rule M5.b
2026-09-22 19:08:16 +0200: Memory Usage (432072K) : Executing rule M5.e
2026-09-22 19:08:16 +0200: Memory Usage (432072K) : Executing rule M5.f
2026-09-22 19:08:16 +0200: Memory Usage (432072K) : Executing rule M5.g
2026-09-22 19:08:16 +0200: Memory Usage (432168K) : Executing rule M5.i
2026-09-22 19:08:16 +0200: Memory Usage (432264K) : Starting 5.18 Metaln:filler table
2026-09-22 19:08:16 +0200: Memory Usage (432264K) : Executing rule M1Fil.c
2026-09-22 19:08:16 +0200: Memory Usage (432264K) : Executing rule M1Fil.a2
2026-09-22 19:08:16 +0200: Memory Usage (432264K) : Executing rule M2Fil.c
2026-09-22 19:08:16 +0200: Memory Usage (432264K) : Executing rule M2Fil.a2
2026-09-22 19:08:16 +0200: Memory Usage (432264K) : Executing rule M3Fil.c
2026-09-22 19:08:16 +0200: Memory Usage (432264K) : Executing rule M3Fil.a2
2026-09-22 19:08:16 +0200: Memory Usage (432264K) : Executing rule M4Fil.c
2026-09-22 19:08:16 +0200: Memory Usage (432264K) : Executing rule M4Fil.a2
2026-09-22 19:08:16 +0200: Memory Usage (432264K) : Executing rule M5Fil.c
2026-09-22 19:08:16 +0200: Memory Usage (432264K) : Executing rule M5Fil.a2
2026-09-22 19:08:16 +0200: Memory Usage (432264K) : Starting 5.19. Via1 table
2026-09-22 19:08:16 +0200: Memory Usage (432264K) : Starting 5.19. Via1 table derivations
2026-09-22 19:08:16 +0200: Memory Usage (432264K) : Executing rule V1.a
2026-09-22 19:08:16 +0200: Memory Usage (432264K) : Executing rule V1.b
2026-09-22 19:08:16 +0200: Memory Usage (432264K) : Executing rule V1.c
2026-09-22 19:08:16 +0200: Memory Usage (432264K) : Starting 5.20. Vian table
2026-09-22 19:08:16 +0200: Memory Usage (432264K) : Executing rule V2.a
2026-09-22 19:08:16 +0200: Memory Usage (432264K) : Executing rule V2.b
2026-09-22 19:08:16 +0200: Memory Usage (432264K) : Executing rule V2.c
2026-09-22 19:08:16 +0200: Memory Usage (432264K) : Executing rule V3.a
2026-09-22 19:08:16 +0200: Memory Usage (432264K) : Executing rule V3.b
2026-09-22 19:08:16 +0200: Memory Usage (432264K) : Executing rule V3.c
2026-09-22 19:08:16 +0200: Memory Usage (432264K) : Executing rule V4.a
2026-09-22 19:08:16 +0200: Memory Usage (432264K) : Executing rule V4.b
2026-09-22 19:08:16 +0200: Memory Usage (432264K) : Executing rule V4.c
2026-09-22 19:08:16 +0200: Memory Usage (432264K) : Starting 5.21. TopVia1 table
2026-09-22 19:08:16 +0200: Memory Usage (432264K) : Executing rule TV1.a
2026-09-22 19:08:16 +0200: Memory Usage (432264K) : Executing rule TV1.b
2026-09-22 19:08:16 +0200: Memory Usage (432264K) : Executing rule TV1.c
2026-09-22 19:08:16 +0200: Memory Usage (432264K) : Executing rule TV1.d
2026-09-22 19:08:16 +0200: Memory Usage (432264K) : Starting 5.22. TopMetal1 table
2026-09-22 19:08:16 +0200: Memory Usage (432264K) : Executing rule TM1.a
2026-09-22 19:08:16 +0200: Memory Usage (432264K) : Executing rule TM1.b
2026-09-22 19:08:16 +0200: Memory Usage (432264K) : Starting 5.23 TopMetal1:filler table
2026-09-22 19:08:16 +0200: Memory Usage (432264K) : Executing rule TM1Fil.c
2026-09-22 19:08:16 +0200: Memory Usage (432264K) : Executing rule TM1Fil.a1
2026-09-22 19:08:16 +0200: Memory Usage (432264K) : Starting 5.24. TopVia2 table
2026-09-22 19:08:16 +0200: Memory Usage (432264K) : Executing rule TV2.a
2026-09-22 19:08:16 +0200: Memory Usage (432264K) : Executing rule TV2.b
2026-09-22 19:08:16 +0200: Memory Usage (432264K) : Executing rule TV2.c
2026-09-22 19:08:16 +0200: Memory Usage (432264K) : Executing rule TV2.d
2026-09-22 19:08:16 +0200: Memory Usage (432264K) : Starting 5.25. TopMetal2 table
2026-09-22 19:08:16 +0200: Memory Usage (432264K) : Executing rule TM2.a
2026-09-22 19:08:16 +0200: Memory Usage (432264K) : Executing rule TM2.b
2026-09-22 19:08:16 +0200: Memory Usage (432264K) : Executing rule TM2.bR
2026-09-22 19:08:16 +0200: Memory Usage (432264K) : Starting 5.26 TopMetal2:filler table
2026-09-22 19:08:16 +0200: Memory Usage (432264K) : Executing rule TM2Fil.c
2026-09-22 19:08:16 +0200: Memory Usage (432264K) : Executing rule TM2Fil.a1
2026-09-22 19:08:16 +0200: Memory Usage (432264K) : Starting 5.27. Passiv table
2026-09-22 19:08:16 +0200: Memory Usage (432264K) : Executing rule Pas.a
2026-09-22 19:08:16 +0200: Memory Usage (432264K) : Executing rule Pas.b
2026-09-22 19:08:16 +0200: Memory Usage (432264K) : Executing rule Pas.c
2026-09-22 19:08:16 +0200: Memory Usage (432264K) : Starting 6.9.2 Copper Pillar table
2026-09-22 19:08:16 +0200: Memory Usage (432264K) : Executing rule Padc.a
2026-09-22 19:08:16 +0200: Memory Usage (432264K) : Executing rule Padc.b
2026-09-22 19:08:16 +0200: Memory Usage (432264K) : Executing rule Padc.c
2026-09-22 19:08:16 +0200: Memory Usage (432264K) : Executing rule Padb.f
2026-09-22 19:08:16 +0200: Memory Usage (432264K) : Starting 6.9 Pad table
2026-09-22 19:08:16 +0200: Memory Usage (432264K) : Executing rule Pad.m
2026-09-22 19:08:16 +0200: Memory Usage (432264K) : Executing rule Pad.fR_M1
2026-09-22 19:08:16 +0200: Memory Usage (432264K) : Executing rule Pad.fR_M2
2026-09-22 19:08:16 +0200: Memory Usage (432264K) : Executing rule Pad.fR_M3
2026-09-22 19:08:16 +0200: Memory Usage (432264K) : Executing rule Pad.fR_M4
2026-09-22 19:08:16 +0200: Memory Usage (432264K) : Executing rule Pad.fR_M5
2026-09-22 19:08:16 +0200: Memory Usage (432264K) : Executing rule Pad.fR_TM1
2026-09-22 19:08:16 +0200: Memory Usage (432264K) : Executing rule Pad.fR_TM2
2026-09-22 19:08:16 +0200: Memory Usage (432264K) : Executing rule Pad.i
2026-09-22 19:08:16 +0200: Memory Usage (432264K) : Starting 6.9.1 Solder Bump
2026-09-22 19:08:16 +0200: Memory Usage (432264K) : Executing rule Padb.a
2026-09-22 19:08:16 +0200: Memory Usage (432264K) : Executing rule Padb.b
2026-09-22 19:08:16 +0200: Memory Usage (432264K) : Executing rule Padb.c
2026-09-22 19:08:16 +0200: Memory Usage (432264K) : Executing rule Padb.f
2026-09-22 19:08:16 +0200: Memory Usage (432264K) : Executing rule Padb.d
2026-09-22 19:08:16 +0200: Memory Usage (432264K) : Starting 6.10 Sealring table
2026-09-22 19:08:16 +0200: Memory Usage (432264K) : Executing rule Seal.l
2026-09-22 19:08:16 +0200: Memory Usage (432264K) : Executing rule Seal.n
2026-09-22 19:08:16 +0200: Memory Usage (432264K) : Executing rule seal.b_metal1
2026-09-22 19:08:16 +0200: Memory Usage (432264K) : Executing rule seal.b_metal2
2026-09-22 19:08:16 +0200: Memory Usage (432264K) : Executing rule seal.b_metal3
2026-09-22 19:08:16 +0200: Memory Usage (432264K) : Executing rule seal.b_metal4
2026-09-22 19:08:16 +0200: Memory Usage (432264K) : Executing rule seal.b_metal5
2026-09-22 19:08:16 +0200: Memory Usage (432264K) : Executing rule seal.b_topmetal1
2026-09-22 19:08:16 +0200: Memory Usage (432264K) : Executing rule seal.b_topmetal2
2026-09-22 19:08:16 +0200: Memory Usage (432264K) : Executing rule seal.b_activ
2026-09-22 19:08:16 +0200: Memory Usage (432264K) : Executing rule seal.b_psd
2026-09-22 19:08:16 +0200: Memory Usage (432264K) : Executing rule Seal.k
2026-09-22 19:08:16 +0200: Memory Usage (432264K) : Executing rule Seal.m
2026-09-22 19:08:16 +0200: Memory Usage (432276K) : Starting 6.11 MIM table
2026-09-22 19:08:16 +0200: Memory Usage (432276K) : Executing rule MIM.c
2026-09-22 19:08:16 +0200: Memory Usage (432276K) : Executing rule MIM.d
2026-09-22 19:08:16 +0200: Memory Usage (432276K) : Executing rule MIM.gR
2026-09-22 19:08:16 +0200: Memory Usage (432276K) : Starting 7.3 Metal Slits table
2026-09-22 19:08:16 +0200: Memory Usage (432276K) : Executing rule Slt.e1_M1
2026-09-22 19:08:16 +0200: Memory Usage (432340K) : Executing rule Slt.e1_M2
2026-09-22 19:08:16 +0200: Memory Usage (432340K) : Executing rule Slt.e1_M3
2026-09-22 19:08:16 +0200: Memory Usage (432340K) : Executing rule Slt.e1_M4
2026-09-22 19:08:16 +0200: Memory Usage (432340K) : Executing rule Slt.e1_M5
2026-09-22 19:08:16 +0200: Memory Usage (432404K) : Executing rule Slt.e1_TM1
2026-09-22 19:08:16 +0200: Memory Usage (432404K) : Executing rule Slt.e1_TM2
2026-09-22 19:08:16 +0200: Memory Usage (432404K) : Starting 9.1. LBE table
2026-09-22 19:08:16 +0200: Memory Usage (432404K) : Executing rule LBE.a
2026-09-22 19:08:16 +0200: Memory Usage (432468K) : Executing rule LBE.b
2026-09-22 19:08:16 +0200: Memory Usage (432468K) : Executing rule LBE.b1
2026-09-22 19:08:16 +0200: Memory Usage (432468K) : Executing rule LBE.c
2026-09-22 19:08:16 +0200: Memory Usage (432468K) : Executing rule LBE.d
2026-09-22 19:08:16 +0200: Memory Usage (432532K) : Executing rule LBE.h
2026-09-22 19:08:16 +0200: Memory Usage (432532K) : Starting 7.4. PIN table
2026-09-22 19:08:16 +0200: Memory Usage (432532K) : Executing rule Pin.a
2026-09-22 19:08:16 +0200: Memory Usage (432532K) : Executing rule Pin.b
2026-09-22 19:08:16 +0200: Memory Usage (432532K) : Executing rule Pin.e
2026-09-22 19:08:17 +0200: Memory Usage (432596K) : Executing rule Pin.f_M2
2026-09-22 19:08:17 +0200: Memory Usage (432596K) : Executing rule Pin.f_M3
2026-09-22 19:08:17 +0200: Memory Usage (432856K) : Executing rule Pin.f_M4
2026-09-22 19:08:17 +0200: Memory Usage (433032K) : Executing rule Pin.f_M5
2026-09-22 19:08:17 +0200: Memory Usage (433032K) : Executing rule Pin.g
2026-09-22 19:08:17 +0200: Memory Usage (433032K) : Executing rule Pin.h
2026-09-22 19:08:17 +0200: Memory Usage (433032K) : Starting 3.1. offgrid table
2026-09-22 19:08:17 +0200: Memory Usage (433032K) : Executing rule activ_drw_Offgrid
2026-09-22 19:08:17 +0200: Memory Usage (433032K) : Executing rule activ_mask_Offgrid
2026-09-22 19:08:17 +0200: Memory Usage (433032K) : Executing rule activ_filler_Offgrid
2026-09-22 19:08:17 +0200: Memory Usage (433032K) : Executing rule activ_opc_Offgrid
2026-09-22 19:08:17 +0200: Memory Usage (433032K) : Executing rule activ_iopc_Offgrid
2026-09-22 19:08:17 +0200: Memory Usage (433032K) : Executing rule biwind_drw_Offgrid
2026-09-22 19:08:17 +0200: Memory Usage (433032K) : Executing rule biwind_opc_Offgrid
2026-09-22 19:08:17 +0200: Memory Usage (433032K) : Executing rule pemwind_drw_Offgrid
2026-09-22 19:08:17 +0200: Memory Usage (433032K) : Executing rule gatpoly_drw_Offgrid
2026-09-22 19:08:17 +0200: Memory Usage (433032K) : Executing rule gatpoly_filler_Offgrid
2026-09-22 19:08:17 +0200: Memory Usage (433032K) : Executing rule gatpoly_opc_Offgrid
2026-09-22 19:08:17 +0200: Memory Usage (433032K) : Executing rule gatpoly_iopc_Offgrid
2026-09-22 19:08:17 +0200: Memory Usage (433032K) : Executing rule gatpoly_noqrc_Offgrid
2026-09-22 19:08:17 +0200: Memory Usage (433032K) : Executing rule cont_drw_Offgrid
2026-09-22 19:08:17 +0200: Memory Usage (433032K) : Executing rule cont_opc_Offgrid
2026-09-22 19:08:17 +0200: Memory Usage (433032K) : Executing rule nsd_drw_Offgrid
2026-09-22 19:08:17 +0200: Memory Usage (433032K) : Executing rule nsd_block_Offgrid
2026-09-22 19:08:17 +0200: Memory Usage (433032K) : Executing rule metal1_drw_Offgrid
2026-09-22 19:08:17 +0200: Memory Usage (433032K) : Executing rule metal1_mask_Offgrid
2026-09-22 19:08:17 +0200: Memory Usage (433032K) : Executing rule metal1_filler_Offgrid
2026-09-22 19:08:17 +0200: Memory Usage (433032K) : Executing rule metal1_slit_Offgrid
2026-09-22 19:08:17 +0200: Memory Usage (433032K) : Executing rule metal1_opc_Offgrid
2026-09-22 19:08:17 +0200: Memory Usage (433032K) : Executing rule metal1_noqrc_Offgrid
2026-09-22 19:08:17 +0200: Memory Usage (433032K) : Executing rule metal1_res_Offgrid
2026-09-22 19:08:17 +0200: Memory Usage (433032K) : Executing rule metal1_iprobe_Offgrid
2026-09-22 19:08:17 +0200: Memory Usage (433032K) : Executing rule metal1_diffprb_Offgrid
2026-09-22 19:08:17 +0200: Memory Usage (433032K) : Executing rule passiv_drw_Offgrid
2026-09-22 19:08:17 +0200: Memory Usage (433032K) : Executing rule passiv_pillar_Offgrid
2026-09-22 19:08:17 +0200: Memory Usage (433032K) : Executing rule passiv_sbump_Offgrid
2026-09-22 19:08:17 +0200: Memory Usage (433032K) : Executing rule passiv_pdl_Offgrid
2026-09-22 19:08:17 +0200: Memory Usage (433032K) : Executing rule metal2_drw_Offgrid
2026-09-22 19:08:17 +0200: Memory Usage (433032K) : Executing rule metal2_mask_Offgrid
2026-09-22 19:08:17 +0200: Memory Usage (433032K) : Executing rule metal2_filler_Offgrid
2026-09-22 19:08:17 +0200: Memory Usage (433032K) : Executing rule metal2_slit_Offgrid
2026-09-22 19:08:17 +0200: Memory Usage (433032K) : Executing rule metal2_opc_Offgrid
2026-09-22 19:08:17 +0200: Memory Usage (433556K) : Executing rule metal2_noqrc_Offgrid
2026-09-22 19:08:17 +0200: Memory Usage (433820K) : Executing rule metal2_res_Offgrid
2026-09-22 19:08:17 +0200: Memory Usage (433820K) : Executing rule metal2_iprobe_Offgrid
2026-09-22 19:08:17 +0200: Memory Usage (434084K) : Executing rule metal2_diffprb_Offgrid
2026-09-22 19:08:17 +0200: Memory Usage (434348K) : Executing rule baspoly_drw_Offgrid
2026-09-22 19:08:17 +0200: Memory Usage (434876K) : Executing rule psd_drw_Offgrid
2026-09-22 19:08:17 +0200: Memory Usage (435404K) : Executing rule nldb_drw_Offgrid
2026-09-22 19:08:17 +0200: Memory Usage (435668K) : Executing rule via1_drw_Offgrid
2026-09-22 19:08:17 +0200: Memory Usage (436196K) : Executing rule backmetal1_drw_Offgrid
2026-09-22 19:08:17 +0200: Memory Usage (436724K) : Executing rule backmetal1_mask_Offgrid
2026-09-22 19:08:17 +0200: Memory Usage (437252K) : Executing rule backmetal1_filler_Offgrid
2026-09-22 19:08:17 +0200: Memory Usage (437516K) : Executing rule backmetal1_slit_Offgrid
2026-09-22 19:08:17 +0200: Memory Usage (438044K) : Executing rule backmetal1_opc_Offgrid
2026-09-22 19:08:17 +0200: Memory Usage (438572K) : Executing rule backmetal1_noqrc_Offgrid
2026-09-22 19:08:17 +0200: Memory Usage (438572K) : Executing rule backmetal1_res_Offgrid
2026-09-22 19:08:17 +0200: Memory Usage (438572K) : Executing rule backmetal1_iprobe_Offgrid
2026-09-22 19:08:17 +0200: Memory Usage (438572K) : Executing rule backmetal1_diffprb_Offgrid
2026-09-22 19:08:17 +0200: Memory Usage (438836K) : Executing rule backpassiv_drw_Offgrid
2026-09-22 19:08:17 +0200: Memory Usage (439100K) : Executing rule salblock_drw_Offgrid
2026-09-22 19:08:17 +0200: Memory Usage (439364K) : Executing rule via2_drw_Offgrid
2026-09-22 19:08:17 +0200: Memory Usage (439628K) : Executing rule metal3_drw_Offgrid
2026-09-22 19:08:17 +0200: Memory Usage (439628K) : Executing rule metal3_mask_Offgrid
2026-09-22 19:08:17 +0200: Memory Usage (439628K) : Executing rule metal3_filler_Offgrid
2026-09-22 19:08:17 +0200: Memory Usage (439628K) : Executing rule metal3_slit_Offgrid
2026-09-22 19:08:17 +0200: Memory Usage (436536K) : Executing rule metal3_opc_Offgrid
2026-09-22 19:08:17 +0200: Memory Usage (436536K) : Executing rule metal3_noqrc_Offgrid
2026-09-22 19:08:17 +0200: Memory Usage (436536K) : Executing rule metal3_res_Offgrid
2026-09-22 19:08:17 +0200: Memory Usage (436536K) : Executing rule metal3_iprobe_Offgrid
2026-09-22 19:08:17 +0200: Memory Usage (436536K) : Executing rule metal3_diffprb_Offgrid
2026-09-22 19:08:17 +0200: Memory Usage (436536K) : Executing rule nwell_drw_Offgrid
2026-09-22 19:08:17 +0200: Memory Usage (436536K) : Executing rule nbulay_drw_Offgrid
2026-09-22 19:08:17 +0200: Memory Usage (436536K) : Executing rule nbulay_block_Offgrid
2026-09-22 19:08:17 +0200: Memory Usage (436536K) : Executing rule pwell_drw_Offgrid
2026-09-22 19:08:17 +0200: Memory Usage (436536K) : Executing rule pwell_block_Offgrid
2026-09-22 19:08:17 +0200: Memory Usage (436536K) : Executing rule emwind_drw_Offgrid
2026-09-22 19:08:17 +0200: Memory Usage (436536K) : Executing rule emwind_opc_Offgrid
2026-09-22 19:08:17 +0200: Memory Usage (436536K) : Executing rule deepco_drw_Offgrid
2026-09-22 19:08:17 +0200: Memory Usage (436536K) : Executing rule mim_drw_Offgrid
2026-09-22 19:08:17 +0200: Memory Usage (436536K) : Executing rule substrate_drw_Offgrid
2026-09-22 19:08:17 +0200: Memory Usage (436536K) : Executing rule ic_drw_Offgrid
2026-09-22 19:08:17 +0200: Memory Usage (436536K) : Executing rule via3_drw_Offgrid
2026-09-22 19:08:17 +0200: Memory Usage (436536K) : Executing rule pldb_drw_Offgrid
2026-09-22 19:08:17 +0200: Memory Usage (436536K) : Executing rule metal4_drw_Offgrid
2026-09-22 19:08:17 +0200: Memory Usage (436536K) : Executing rule metal4_mask_Offgrid
2026-09-22 19:08:17 +0200: Memory Usage (436536K) : Executing rule metal4_filler_Offgrid
2026-09-22 19:08:17 +0200: Memory Usage (436536K) : Executing rule metal4_slit_Offgrid
2026-09-22 19:08:17 +0200: Memory Usage (436536K) : Executing rule metal4_opc_Offgrid
2026-09-22 19:08:17 +0200: Memory Usage (436536K) : Executing rule metal4_noqrc_Offgrid
2026-09-22 19:08:17 +0200: Memory Usage (436536K) : Executing rule metal4_res_Offgrid
2026-09-22 19:08:17 +0200: Memory Usage (436536K) : Executing rule metal4_iprobe_Offgrid
2026-09-22 19:08:17 +0200: Memory Usage (436536K) : Executing rule metal4_diffprb_Offgrid
2026-09-22 19:08:17 +0200: Memory Usage (436536K) : Executing rule via4_drw_Offgrid
2026-09-22 19:08:17 +0200: Memory Usage (436536K) : Executing rule metal5_drw_Offgrid
2026-09-22 19:08:17 +0200: Memory Usage (436536K) : Executing rule metal5_mask_Offgrid
2026-09-22 19:08:17 +0200: Memory Usage (436536K) : Executing rule metal5_filler_Offgrid
2026-09-22 19:08:17 +0200: Memory Usage (436536K) : Executing rule metal5_slit_Offgrid
2026-09-22 19:08:17 +0200: Memory Usage (436536K) : Executing rule metal5_opc_Offgrid
2026-09-22 19:08:17 +0200: Memory Usage (436536K) : Executing rule metal5_noqrc_Offgrid
2026-09-22 19:08:17 +0200: Memory Usage (436536K) : Executing rule metal5_res_Offgrid
2026-09-22 19:08:17 +0200: Memory Usage (436536K) : Executing rule metal5_iprobe_Offgrid
2026-09-22 19:08:17 +0200: Memory Usage (436536K) : Executing rule metal5_diffprb_Offgrid
2026-09-22 19:08:17 +0200: Memory Usage (436536K) : Executing rule prboundary_drw_Offgrid
2026-09-22 19:08:17 +0200: Memory Usage (436536K) : Executing rule exchange0_drw_Offgrid
2026-09-22 19:08:17 +0200: Memory Usage (436536K) : Executing rule exchange1_drw_Offgrid
2026-09-22 19:08:17 +0200: Memory Usage (436536K) : Executing rule exchange2_drw_Offgrid
2026-09-22 19:08:17 +0200: Memory Usage (436536K) : Executing rule exchange3_drw_Offgrid
2026-09-22 19:08:17 +0200: Memory Usage (436536K) : Executing rule exchange4_drw_Offgrid
2026-09-22 19:08:17 +0200: Memory Usage (436536K) : Executing rule isonwell_drw_Offgrid
2026-09-22 19:08:17 +0200: Memory Usage (436536K) : Executing rule thickgateox_drw_Offgrid
2026-09-22 19:08:17 +0200: Memory Usage (437060K) : Executing rule pempoly_drw_Offgrid
2026-09-22 19:08:17 +0200: Memory Usage (437588K) : Executing rule fbe_drw_Offgrid
2026-09-22 19:08:17 +0200: Memory Usage (437852K) : Executing rule empoly_drw_Offgrid
2026-09-22 19:08:17 +0200: Memory Usage (438380K) : Executing rule ldmos_drw_Offgrid
2026-09-22 19:08:17 +0200: Memory Usage (438908K) : Executing rule pbiwind_drw_Offgrid
2026-09-22 19:08:17 +0200: Memory Usage (439172K) : Executing rule colopen_drw_Offgrid
2026-09-22 19:08:17 +0200: Memory Usage (439436K) : Executing rule extblock_drw_Offgrid
2026-09-22 19:08:17 +0200: Memory Usage (439436K) : Executing rule nldd_drw_Offgrid
2026-09-22 19:08:17 +0200: Memory Usage (439436K) : Executing rule pldd_drw_Offgrid
2026-09-22 19:08:17 +0200: Memory Usage (439436K) : Executing rule next_drw_Offgrid
2026-09-22 19:08:17 +0200: Memory Usage (439436K) : Executing rule pext_drw_Offgrid
2026-09-22 19:08:17 +0200: Memory Usage (439436K) : Executing rule nexthv_drw_Offgrid
2026-09-22 19:08:17 +0200: Memory Usage (439436K) : Executing rule pexthv_drw_Offgrid
2026-09-22 19:08:17 +0200: Memory Usage (439436K) : Executing rule graphgate_drw_Offgrid
2026-09-22 19:08:17 +0200: Memory Usage (439436K) : Executing rule mempad_drw_Offgrid
2026-09-22 19:08:17 +0200: Memory Usage (439436K) : Executing rule topvia1_drw_Offgrid
2026-09-22 19:08:17 +0200: Memory Usage (439436K) : Executing rule topmetal1_drw_Offgrid
2026-09-22 19:08:17 +0200: Memory Usage (439436K) : Executing rule topmetal1_mask_Offgrid
2026-09-22 19:08:17 +0200: Memory Usage (439436K) : Executing rule topmetal1_filler_Offgrid
2026-09-22 19:08:17 +0200: Memory Usage (439436K) : Executing rule topmetal1_slit_Offgrid
2026-09-22 19:08:17 +0200: Memory Usage (439436K) : Executing rule topmetal1_noqrc_Offgrid
2026-09-22 19:08:17 +0200: Memory Usage (439436K) : Executing rule topmetal1_res_Offgrid
2026-09-22 19:08:17 +0200: Memory Usage (439436K) : Executing rule topmetal1_iprobe_Offgrid
2026-09-22 19:08:17 +0200: Memory Usage (439436K) : Executing rule topmetal1_diffprb_Offgrid
2026-09-22 19:08:17 +0200: Memory Usage (439436K) : Executing rule inldpwl_drw_Offgrid
2026-09-22 19:08:17 +0200: Memory Usage (439436K) : Executing rule polyres_drw_Offgrid
2026-09-22 19:08:17 +0200: Memory Usage (439436K) : Executing rule vmim_drw_Offgrid
2026-09-22 19:08:17 +0200: Memory Usage (439436K) : Executing rule nbulaycut_drw_Offgrid
2026-09-22 19:08:17 +0200: Memory Usage (439436K) : Executing rule antmetal1_drw_Offgrid
2026-09-22 19:08:17 +0200: Memory Usage (439436K) : Executing rule topvia2_drw_Offgrid
2026-09-22 19:08:17 +0200: Memory Usage (439436K) : Executing rule topmetal2_drw_Offgrid
2026-09-22 19:08:17 +0200: Memory Usage (439436K) : Executing rule topmetal2_mask_Offgrid
2026-09-22 19:08:17 +0200: Memory Usage (439436K) : Executing rule topmetal2_filler_Offgrid
2026-09-22 19:08:17 +0200: Memory Usage (439436K) : Executing rule topmetal2_slit_Offgrid
2026-09-22 19:08:17 +0200: Memory Usage (439436K) : Executing rule topmetal2_noqrc_Offgrid
2026-09-22 19:08:17 +0200: Memory Usage (439436K) : Executing rule topmetal2_res_Offgrid
2026-09-22 19:08:17 +0200: Memory Usage (439436K) : Executing rule topmetal2_iprobe_Offgrid
2026-09-22 19:08:17 +0200: Memory Usage (439436K) : Executing rule topmetal2_diffprb_Offgrid
2026-09-22 19:08:17 +0200: Memory Usage (439436K) : Executing rule snsring_drw_Offgrid
2026-09-22 19:08:17 +0200: Memory Usage (439436K) : Executing rule sensor_drw_Offgrid
2026-09-22 19:08:17 +0200: Memory Usage (439436K) : Executing rule snsarms_drw_Offgrid
2026-09-22 19:08:17 +0200: Memory Usage (439436K) : Executing rule snscmosvia_drw_Offgrid
2026-09-22 19:08:17 +0200: Memory Usage (439436K) : Executing rule colwind_drw_Offgrid
2026-09-22 19:08:17 +0200: Memory Usage (439436K) : Executing rule flm_drw_Offgrid
2026-09-22 19:08:17 +0200: Memory Usage (439436K) : Executing rule hafniumox_drw_Offgrid
2026-09-22 19:08:17 +0200: Memory Usage (439436K) : Executing rule memvia_drw_Offgrid
2026-09-22 19:08:17 +0200: Memory Usage (439436K) : Executing rule thinfilmres_drw_Offgrid
2026-09-22 19:08:17 +0200: Memory Usage (439436K) : Executing rule rfmem_drw_Offgrid
2026-09-22 19:08:17 +0200: Memory Usage (439436K) : Executing rule snsbotvia_drw_Offgrid
2026-09-22 19:08:17 +0200: Memory Usage (439436K) : Executing rule snstopvia_drw_Offgrid
2026-09-22 19:08:17 +0200: Memory Usage (439436K) : Executing rule deepvia_drw_Offgrid
2026-09-22 19:08:17 +0200: Memory Usage (439436K) : Executing rule fgetch_drw_Offgrid
2026-09-22 19:08:17 +0200: Memory Usage (439436K) : Executing rule ctrgat_drw_Offgrid
2026-09-22 19:08:17 +0200: Memory Usage (439436K) : Executing rule fgimp_drw_Offgrid
2026-09-22 19:08:17 +0200: Memory Usage (439436K) : Executing rule emwihv_drw_Offgrid
2026-09-22 19:08:17 +0200: Memory Usage (439436K) : Executing rule lbe_drw_Offgrid
2026-09-22 19:08:17 +0200: Memory Usage (439436K) : Executing rule alcustop_drw_Offgrid
2026-09-22 19:08:17 +0200: Memory Usage (439436K) : Starting 3.2. angle table
2026-09-22 19:08:17 +0200: Memory Usage (439436K) : Executing rule activ_drw_Acute
2026-09-22 19:08:17 +0200: Memory Usage (439436K) : Executing rule activ_pin_Acute
2026-09-22 19:08:17 +0200: Memory Usage (439436K) : Executing rule activ_mask_Acute
2026-09-22 19:08:17 +0200: Memory Usage (439436K) : Executing rule activ_filler_Acute
2026-09-22 19:08:17 +0200: Memory Usage (439436K) : Executing rule activ_nofill_Acute
2026-09-22 19:08:17 +0200: Memory Usage (439436K) : Executing rule activ_opc_Acute
2026-09-22 19:08:17 +0200: Memory Usage (439436K) : Executing rule activ_iopc_Acute
2026-09-22 19:08:17 +0200: Memory Usage (439436K) : Executing rule activ_noqrc_Acute
2026-09-22 19:08:17 +0200: Memory Usage (439436K) : Executing rule biwind_drw_Acute
2026-09-22 19:08:17 +0200: Memory Usage (439436K) : Executing rule biwind_opc_Acute
2026-09-22 19:08:17 +0200: Memory Usage (439436K) : Executing rule pemwind_drw_Acute
2026-09-22 19:08:17 +0200: Memory Usage (439436K) : Executing rule gatpoly_drw_Acute
2026-09-22 19:08:17 +0200: Memory Usage (439436K) : Executing rule gatpoly_pin_Acute
2026-09-22 19:08:17 +0200: Memory Usage (439436K) : Executing rule gatpoly_filler_Acute
2026-09-22 19:08:17 +0200: Memory Usage (439436K) : Executing rule gatpoly_nofill_Acute
2026-09-22 19:08:17 +0200: Memory Usage (439436K) : Executing rule gatpoly_opc_Acute
2026-09-22 19:08:17 +0200: Memory Usage (439436K) : Executing rule gatpoly_iopc_Acute
2026-09-22 19:08:17 +0200: Memory Usage (439436K) : Executing rule gatpoly_noqrc_Acute
2026-09-22 19:08:17 +0200: Memory Usage (439436K) : Executing rule cont_drw_Acute
2026-09-22 19:08:17 +0200: Memory Usage (439436K) : Executing rule cont_opc_Acute
2026-09-22 19:08:17 +0200: Memory Usage (439436K) : Executing rule nsd_drw_Acute
2026-09-22 19:08:17 +0200: Memory Usage (439436K) : Executing rule nsd_block_Acute
2026-09-22 19:08:17 +0200: Memory Usage (439436K) : Executing rule metal1_drw_Acute
2026-09-22 19:08:17 +0200: Memory Usage (439436K) : Executing rule metal1_pin_Acute
2026-09-22 19:08:17 +0200: Memory Usage (439436K) : Executing rule metal1_mask_Acute
2026-09-22 19:08:17 +0200: Memory Usage (439436K) : Executing rule metal1_filler_Acute
2026-09-22 19:08:17 +0200: Memory Usage (439436K) : Executing rule metal1_nofill_Acute
2026-09-22 19:08:17 +0200: Memory Usage (439436K) : Executing rule metal1_slit_Acute
2026-09-22 19:08:17 +0200: Memory Usage (439436K) : Executing rule metal1_opc_Acute
2026-09-22 19:08:17 +0200: Memory Usage (439436K) : Executing rule metal1_noqrc_Acute
2026-09-22 19:08:17 +0200: Memory Usage (439436K) : Executing rule metal1_res_Acute
2026-09-22 19:08:17 +0200: Memory Usage (439436K) : Executing rule metal1_iprobe_Acute
2026-09-22 19:08:17 +0200: Memory Usage (439436K) : Executing rule metal1_diffprb_Acute
2026-09-22 19:08:17 +0200: Memory Usage (439436K) : Executing rule passiv_drw_Acute
2026-09-22 19:08:17 +0200: Memory Usage (439436K) : Executing rule passiv_pin_Acute
2026-09-22 19:08:17 +0200: Memory Usage (439436K) : Executing rule passiv_pillar_Acute
2026-09-22 19:08:17 +0200: Memory Usage (439436K) : Executing rule passiv_sbump_Acute
2026-09-22 19:08:17 +0200: Memory Usage (439436K) : Executing rule passiv_pdl_Acute
2026-09-22 19:08:17 +0200: Memory Usage (439436K) : Executing rule metal2_drw_Acute
2026-09-22 19:08:17 +0200: Memory Usage (439436K) : Executing rule metal2_pin_Acute
2026-09-22 19:08:17 +0200: Memory Usage (439436K) : Executing rule metal2_mask_Acute
2026-09-22 19:08:17 +0200: Memory Usage (439436K) : Executing rule metal2_filler_Acute
2026-09-22 19:08:17 +0200: Memory Usage (439436K) : Executing rule metal2_nofill_Acute
2026-09-22 19:08:17 +0200: Memory Usage (439436K) : Executing rule metal2_slit_Acute
2026-09-22 19:08:18 +0200: Memory Usage (439436K) : Executing rule metal2_opc_Acute
2026-09-22 19:08:18 +0200: Memory Usage (439436K) : Executing rule metal2_noqrc_Acute
2026-09-22 19:08:18 +0200: Memory Usage (439436K) : Executing rule metal2_res_Acute
2026-09-22 19:08:18 +0200: Memory Usage (439436K) : Executing rule metal2_iprobe_Acute
2026-09-22 19:08:18 +0200: Memory Usage (439436K) : Executing rule metal2_diffprb_Acute
2026-09-22 19:08:18 +0200: Memory Usage (439436K) : Executing rule baspoly_drw_Acute
2026-09-22 19:08:18 +0200: Memory Usage (439436K) : Executing rule baspoly_pin_Acute
2026-09-22 19:08:18 +0200: Memory Usage (439436K) : Executing rule psd_drw_Acute
2026-09-22 19:08:18 +0200: Memory Usage (439436K) : Executing rule nldb_drw_Acute
2026-09-22 19:08:18 +0200: Memory Usage (439460K) : Executing rule via1_drw_Acute
2026-09-22 19:08:18 +0200: Memory Usage (439460K) : Executing rule backmetal1_drw_Acute
2026-09-22 19:08:18 +0200: Memory Usage (439528K) : Executing rule backmetal1_pin_Acute
2026-09-22 19:08:18 +0200: Memory Usage (439788K) : Executing rule backmetal1_mask_Acute
2026-09-22 19:08:18 +0200: Memory Usage (440308K) : Executing rule backmetal1_filler_Acute
2026-09-22 19:08:18 +0200: Memory Usage (440568K) : Executing rule backmetal1_nofill_Acute
2026-09-22 19:08:18 +0200: Memory Usage (440568K) : Executing rule backmetal1_slit_Acute
2026-09-22 19:08:18 +0200: Memory Usage (440568K) : Executing rule backmetal1_opc_Acute
2026-09-22 19:08:18 +0200: Memory Usage (440568K) : Executing rule backmetal1_noqrc_Acute
2026-09-22 19:08:18 +0200: Memory Usage (440568K) : Executing rule backmetal1_res_Acute
2026-09-22 19:08:18 +0200: Memory Usage (440568K) : Executing rule backmetal1_iprobe_Acute
2026-09-22 19:08:18 +0200: Memory Usage (440568K) : Executing rule backmetal1_diffprb_Acute
2026-09-22 19:08:18 +0200: Memory Usage (440568K) : Executing rule backpassiv_drw_Acute
2026-09-22 19:08:18 +0200: Memory Usage (440568K) : Executing rule salblock_drw_Acute
2026-09-22 19:08:18 +0200: Memory Usage (440568K) : Executing rule via2_drw_Acute
2026-09-22 19:08:18 +0200: Memory Usage (440568K) : Executing rule metal3_drw_Acute
2026-09-22 19:08:18 +0200: Memory Usage (440568K) : Executing rule metal3_pin_Acute
2026-09-22 19:08:18 +0200: Memory Usage (440568K) : Executing rule metal3_mask_Acute
2026-09-22 19:08:18 +0200: Memory Usage (440568K) : Executing rule metal3_filler_Acute
2026-09-22 19:08:18 +0200: Memory Usage (440568K) : Executing rule metal3_nofill_Acute
2026-09-22 19:08:18 +0200: Memory Usage (440568K) : Executing rule metal3_slit_Acute
2026-09-22 19:08:18 +0200: Memory Usage (440568K) : Executing rule metal3_opc_Acute
2026-09-22 19:08:18 +0200: Memory Usage (440568K) : Executing rule metal3_noqrc_Acute
2026-09-22 19:08:18 +0200: Memory Usage (440568K) : Executing rule metal3_res_Acute
2026-09-22 19:08:18 +0200: Memory Usage (440568K) : Executing rule metal3_iprobe_Acute
2026-09-22 19:08:18 +0200: Memory Usage (440568K) : Executing rule metal3_diffprb_Acute
2026-09-22 19:08:18 +0200: Memory Usage (440568K) : Executing rule nwell_drw_Acute
2026-09-22 19:08:18 +0200: Memory Usage (440568K) : Executing rule nwell_pin_Acute
2026-09-22 19:08:18 +0200: Memory Usage (440568K) : Executing rule nbulay_drw_Acute
2026-09-22 19:08:18 +0200: Memory Usage (440568K) : Executing rule nbulay_pin_Acute
2026-09-22 19:08:18 +0200: Memory Usage (440568K) : Executing rule nbulay_block_Acute
2026-09-22 19:08:18 +0200: Memory Usage (440568K) : Executing rule pwell_drw_Acute
2026-09-22 19:08:18 +0200: Memory Usage (440568K) : Executing rule pwell_pin_Acute
2026-09-22 19:08:18 +0200: Memory Usage (440568K) : Executing rule pwell_block_Acute
2026-09-22 19:08:18 +0200: Memory Usage (440568K) : Executing rule emwind_drw_Acute
2026-09-22 19:08:18 +0200: Memory Usage (440568K) : Executing rule emwind_opc_Acute
2026-09-22 19:08:18 +0200: Memory Usage (440568K) : Executing rule deepco_drw_Acute
2026-09-22 19:08:18 +0200: Memory Usage (440568K) : Executing rule mim_drw_Acute
2026-09-22 19:08:18 +0200: Memory Usage (440568K) : Executing rule substrate_drw_Acute
2026-09-22 19:08:18 +0200: Memory Usage (440568K) : Executing rule ic_drw_Acute
2026-09-22 19:08:18 +0200: Memory Usage (440568K) : Executing rule via3_drw_Acute
2026-09-22 19:08:18 +0200: Memory Usage (440568K) : Executing rule pldb_drw_Acute
2026-09-22 19:08:18 +0200: Memory Usage (440568K) : Executing rule metal4_drw_Acute
2026-09-22 19:08:18 +0200: Memory Usage (440568K) : Executing rule metal4_pin_Acute
2026-09-22 19:08:18 +0200: Memory Usage (440568K) : Executing rule metal4_mask_Acute
2026-09-22 19:08:18 +0200: Memory Usage (440568K) : Executing rule metal4_filler_Acute
2026-09-22 19:08:18 +0200: Memory Usage (440568K) : Executing rule metal4_nofill_Acute
2026-09-22 19:08:18 +0200: Memory Usage (440568K) : Executing rule metal4_slit_Acute
2026-09-22 19:08:18 +0200: Memory Usage (440568K) : Executing rule metal4_opc_Acute
2026-09-22 19:08:18 +0200: Memory Usage (440568K) : Executing rule metal4_noqrc_Acute
2026-09-22 19:08:18 +0200: Memory Usage (440568K) : Executing rule metal4_res_Acute
2026-09-22 19:08:18 +0200: Memory Usage (440568K) : Executing rule metal4_iprobe_Acute
2026-09-22 19:08:18 +0200: Memory Usage (440568K) : Executing rule metal4_diffprb_Acute
2026-09-22 19:08:18 +0200: Memory Usage (440568K) : Executing rule via4_drw_Acute
2026-09-22 19:08:18 +0200: Memory Usage (440568K) : Executing rule metal5_drw_Acute
2026-09-22 19:08:18 +0200: Memory Usage (440568K) : Executing rule metal5_pin_Acute
2026-09-22 19:08:18 +0200: Memory Usage (440568K) : Executing rule metal5_mask_Acute
2026-09-22 19:08:18 +0200: Memory Usage (440568K) : Executing rule metal5_filler_Acute
2026-09-22 19:08:18 +0200: Memory Usage (440568K) : Executing rule metal5_nofill_Acute
2026-09-22 19:08:18 +0200: Memory Usage (440568K) : Executing rule metal5_slit_Acute
2026-09-22 19:08:18 +0200: Memory Usage (440568K) : Executing rule metal5_opc_Acute
2026-09-22 19:08:18 +0200: Memory Usage (440568K) : Executing rule metal5_noqrc_Acute
2026-09-22 19:08:18 +0200: Memory Usage (440568K) : Executing rule metal5_res_Acute
2026-09-22 19:08:18 +0200: Memory Usage (440568K) : Executing rule metal5_iprobe_Acute
2026-09-22 19:08:18 +0200: Memory Usage (440568K) : Executing rule metal5_diffprb_Acute
2026-09-22 19:08:18 +0200: Memory Usage (440568K) : Executing rule prboundary_drw_Acute
2026-09-22 19:08:18 +0200: Memory Usage (440568K) : Executing rule exchange0_drw_Acute
2026-09-22 19:08:18 +0200: Memory Usage (440568K) : Executing rule exchange0_pin_Acute
2026-09-22 19:08:18 +0200: Memory Usage (440568K) : Executing rule exchange1_drw_Acute
2026-09-22 19:08:18 +0200: Memory Usage (440568K) : Executing rule exchange1_pin_Acute
2026-09-22 19:08:18 +0200: Memory Usage (440568K) : Executing rule exchange2_drw_Acute
2026-09-22 19:08:18 +0200: Memory Usage (440568K) : Executing rule exchange2_pin_Acute
2026-09-22 19:08:18 +0200: Memory Usage (440568K) : Executing rule exchange3_drw_Acute
2026-09-22 19:08:18 +0200: Memory Usage (440568K) : Executing rule exchange3_pin_Acute
2026-09-22 19:08:18 +0200: Memory Usage (440568K) : Executing rule exchange4_drw_Acute
2026-09-22 19:08:18 +0200: Memory Usage (440568K) : Executing rule exchange4_pin_Acute
2026-09-22 19:08:18 +0200: Memory Usage (440568K) : Executing rule isonwell_drw_Acute
2026-09-22 19:08:18 +0200: Memory Usage (440568K) : Executing rule thickgateox_drw_Acute
2026-09-22 19:08:18 +0200: Memory Usage (440568K) : Executing rule pempoly_drw_Acute
2026-09-22 19:08:18 +0200: Memory Usage (440568K) : Executing rule fbe_drw_Acute
2026-09-22 19:08:18 +0200: Memory Usage (440568K) : Executing rule empoly_drw_Acute
2026-09-22 19:08:18 +0200: Memory Usage (440568K) : Executing rule ldmos_drw_Acute
2026-09-22 19:08:18 +0200: Memory Usage (440568K) : Executing rule pbiwind_drw_Acute
2026-09-22 19:08:18 +0200: Memory Usage (440568K) : Executing rule colopen_drw_Acute
2026-09-22 19:08:18 +0200: Memory Usage (440568K) : Executing rule extblock_drw_Acute
2026-09-22 19:08:18 +0200: Memory Usage (440568K) : Executing rule nldd_drw_Acute
2026-09-22 19:08:18 +0200: Memory Usage (440568K) : Executing rule pldd_drw_Acute
2026-09-22 19:08:18 +0200: Memory Usage (440568K) : Executing rule next_drw_Acute
2026-09-22 19:08:18 +0200: Memory Usage (440568K) : Executing rule pext_drw_Acute
2026-09-22 19:08:18 +0200: Memory Usage (440568K) : Executing rule nexthv_drw_Acute
2026-09-22 19:08:18 +0200: Memory Usage (440568K) : Executing rule pexthv_drw_Acute
2026-09-22 19:08:18 +0200: Memory Usage (440568K) : Executing rule graphgate_drw_Acute
2026-09-22 19:08:18 +0200: Memory Usage (440568K) : Executing rule mempad_drw_Acute
2026-09-22 19:08:18 +0200: Memory Usage (440568K) : Executing rule topvia1_drw_Acute
2026-09-22 19:08:18 +0200: Memory Usage (440568K) : Executing rule topmetal1_drw_Acute
2026-09-22 19:08:18 +0200: Memory Usage (440568K) : Executing rule topmetal1_pin_Acute
2026-09-22 19:08:18 +0200: Memory Usage (440568K) : Executing rule topmetal1_mask_Acute
2026-09-22 19:08:18 +0200: Memory Usage (440568K) : Executing rule topmetal1_filler_Acute
2026-09-22 19:08:18 +0200: Memory Usage (440568K) : Executing rule topmetal1_nofill_Acute
2026-09-22 19:08:18 +0200: Memory Usage (440568K) : Executing rule topmetal1_slit_Acute
2026-09-22 19:08:18 +0200: Memory Usage (440568K) : Executing rule topmetal1_noqrc_Acute
2026-09-22 19:08:18 +0200: Memory Usage (440568K) : Executing rule topmetal1_res_Acute
2026-09-22 19:08:18 +0200: Memory Usage (440568K) : Executing rule topmetal1_iprobe_Acute
2026-09-22 19:08:18 +0200: Memory Usage (440568K) : Executing rule topmetal1_diffprb_Acute
2026-09-22 19:08:18 +0200: Memory Usage (440568K) : Executing rule inldpwl_drw_Acute
2026-09-22 19:08:18 +0200: Memory Usage (440568K) : Executing rule polyres_drw_Acute
2026-09-22 19:08:18 +0200: Memory Usage (440568K) : Executing rule polyres_pin_Acute
2026-09-22 19:08:18 +0200: Memory Usage (440568K) : Executing rule vmim_drw_Acute
2026-09-22 19:08:18 +0200: Memory Usage (440568K) : Executing rule nbulaycut_drw_Acute
2026-09-22 19:08:18 +0200: Memory Usage (440568K) : Executing rule antmetal1_drw_Acute
2026-09-22 19:08:18 +0200: Memory Usage (440568K) : Executing rule topvia2_drw_Acute
2026-09-22 19:08:18 +0200: Memory Usage (440568K) : Executing rule topmetal2_drw_Acute
2026-09-22 19:08:18 +0200: Memory Usage (440568K) : Executing rule topmetal2_pin_Acute
2026-09-22 19:08:18 +0200: Memory Usage (440568K) : Executing rule topmetal2_mask_Acute
2026-09-22 19:08:18 +0200: Memory Usage (440568K) : Executing rule topmetal2_filler_Acute
2026-09-22 19:08:18 +0200: Memory Usage (440568K) : Executing rule topmetal2_nofill_Acute
2026-09-22 19:08:18 +0200: Memory Usage (440568K) : Executing rule topmetal2_slit_Acute
2026-09-22 19:08:18 +0200: Memory Usage (440568K) : Executing rule topmetal2_noqrc_Acute
2026-09-22 19:08:18 +0200: Memory Usage (440568K) : Executing rule topmetal2_res_Acute
2026-09-22 19:08:18 +0200: Memory Usage (440568K) : Executing rule topmetal2_iprobe_Acute
2026-09-22 19:08:18 +0200: Memory Usage (440568K) : Executing rule topmetal2_diffprb_Acute
2026-09-22 19:08:18 +0200: Memory Usage (440568K) : Executing rule snsring_drw_Acute
2026-09-22 19:08:18 +0200: Memory Usage (440568K) : Executing rule sensor_drw_Acute
2026-09-22 19:08:18 +0200: Memory Usage (440568K) : Executing rule snsarms_drw_Acute
2026-09-22 19:08:18 +0200: Memory Usage (440568K) : Executing rule snscmosvia_drw_Acute
2026-09-22 19:08:18 +0200: Memory Usage (440568K) : Executing rule colwind_drw_Acute
2026-09-22 19:08:18 +0200: Memory Usage (440568K) : Executing rule flm_drw_Acute
2026-09-22 19:08:18 +0200: Memory Usage (440568K) : Executing rule hafniumox_drw_Acute
2026-09-22 19:08:18 +0200: Memory Usage (440568K) : Executing rule memvia_drw_Acute
2026-09-22 19:08:18 +0200: Memory Usage (440568K) : Executing rule thinfilmres_drw_Acute
2026-09-22 19:08:18 +0200: Memory Usage (440568K) : Executing rule rfmem_drw_Acute
2026-09-22 19:08:18 +0200: Memory Usage (440568K) : Executing rule snsbotvia_drw_Acute
2026-09-22 19:08:18 +0200: Memory Usage (440568K) : Executing rule snstopvia_drw_Acute
2026-09-22 19:08:18 +0200: Memory Usage (440568K) : Executing rule deepvia_drw_Acute
2026-09-22 19:08:18 +0200: Memory Usage (440568K) : Executing rule fgetch_drw_Acute
2026-09-22 19:08:18 +0200: Memory Usage (440568K) : Executing rule ctrgat_drw_Acute
2026-09-22 19:08:18 +0200: Memory Usage (440568K) : Executing rule fgimp_drw_Acute
2026-09-22 19:08:18 +0200: Memory Usage (440568K) : Executing rule emwihv_drw_Acute
2026-09-22 19:08:18 +0200: Memory Usage (440568K) : Executing rule lbe_drw_Acute
2026-09-22 19:08:18 +0200: Memory Usage (440568K) : Executing rule alcustop_drw_Acute
2026-09-22 19:08:18 +0200: Memory Usage (440568K) : Executing rule cont_drw_Angle90
2026-09-22 19:08:18 +0200: Memory Usage (440476K) : Executing rule via1_drw_Angle90
2026-09-22 19:08:18 +0200: Memory Usage (440476K) : Executing rule via2_drw_Angle90
2026-09-22 19:08:18 +0200: Memory Usage (440476K) : Executing rule via3_drw_Angle90
2026-09-22 19:08:18 +0200: Memory Usage (440476K) : Executing rule via4_drw_Angle90
2026-09-22 19:08:18 +0200: Memory Usage (440476K) : Executing rule vmim_drw_Angle90
2026-09-22 19:08:18 +0200: Memory Usage (440476K) : Executing rule topvia1_drw_Angle90
2026-09-22 19:08:18 +0200: Memory Usage (440476K) : Executing rule topvia2_drw_Angle90
2026-09-22 19:08:18 +0200: Memory Usage (440476K) : Executing rule gatpoly_drw_Angle45
2026-09-22 19:08:18 +0200: Memory Usage (440788K) : Executing rule activ_drw_Angle45
2026-09-22 19:08:18 +0200: Memory Usage (440884K) : Executing rule metal1_drw_Angle45
2026-09-22 19:08:18 +0200: Memory Usage (440732K) : Executing rule metal2_drw_Angle45
2026-09-22 19:08:18 +0200: Memory Usage (440732K) : Executing rule metal3_drw_Angle45
2026-09-22 19:08:18 +0200: Memory Usage (440732K) : Executing rule metal4_drw_Angle45
2026-09-22 19:08:18 +0200: Memory Usage (440732K) : Executing rule metal5_drw_Angle45
2026-09-22 19:08:18 +0200: Memory Usage (440732K) : Executing rule topmetal1_drw_Angle45
2026-09-22 19:08:18 +0200: Memory Usage (440732K) : Executing rule topmetal2_drw_Angle45
2026-09-22 19:08:18 +0200: Memory Usage (440732K) : Starting 3.2. FORBIDDEN table
2026-09-22 19:08:18 +0200: Memory Usage (440732K) : Executing rule forbidden.biwind
2026-09-22 19:08:18 +0200: Memory Usage (440732K) : Executing rule forbidden.pemwind
2026-09-22 19:08:18 +0200: Memory Usage (440732K) : Executing rule forbidden.baspoly
2026-09-22 19:08:18 +0200: Memory Usage (440732K) : Executing rule forbidden.deepco
2026-09-22 19:08:18 +0200: Memory Usage (440732K) : Executing rule forbidden.pempoly
2026-09-22 19:08:18 +0200: Memory Usage (440732K) : Executing rule forbidden.empoly
2026-09-22 19:08:18 +0200: Memory Usage (440732K) : Executing rule forbidden.ldmos
2026-09-22 19:08:18 +0200: Memory Usage (440732K) : Executing rule forbidden.pbiwind
2026-09-22 19:08:18 +0200: Memory Usage (440732K) : Executing rule forbidden.nodrc
2026-09-22 19:08:18 +0200: Memory Usage (440732K) : Executing rule forbidden.flash
2026-09-22 19:08:18 +0200: Memory Usage (440732K) : Executing rule forbidden.colwind
2026-09-22 19:08:18 +0200: Memory Usage (440732K) : KLayout DRC run for tables 'main' completed in 3.59 seconds
