time="2026-09-23T02:00:10+02:00" level=warning msg="Network file system detected as backing store.  Enforcing overlay option `force_mask=\"700\"`.  Add it to storage.conf to silence this warning"
time="2026-09-23T02:00:11+02:00" level=warning msg="Network file system detected as backing store.  Enforcing overlay option `force_mask=\"700\"`.  Add it to storage.conf to silence this warning"
Resource enforcement: CPU affinity; memory reservation only (rootless cgroups v1).
time="2026-09-23T02:00:13+02:00" level=warning msg="Network file system detected as backing store.  Enforcing overlay option `force_mask=\"700\"`.  Add it to storage.conf to silence this warning"
{
  "status": "passed all external BTerm metal bindings",
  "GDS_sha256": "830e71f5bc224a137826de25638b571cb8057106a81ff1f46760d18b21e6bc58",
  "DEF_sha256": "7e00861c04e17d36c0f00f9ce88e152fbee04cb88ebc0c07e07a38045dc84697",
  "observations_sha256": "1b7571df7c69d6fa642d0eb78c7fc7f8706ea8e894f4594177b9c57c691cf0a8",
  "script_sha256": "5a59c343807e8eb3e8b838a4f6d4b63e09e2deefb4e1a7f73137605d66bccc04",
  "logical_BTerms": 22,
  "physical_ports": 24,
  "ports": [
    {
      "pin": "D_ELT",
      "net": "D_ELT",
      "port": 0,
      "layer": 134,
      "bbox_dbu": [
        71000,
        584000,
        141000,
        654000
      ],
      "declared_area_um2": 4900.0,
      "uncovered_area_um2": 0.0,
      "actual_components": [
        [
          "placed_core_NOT_CONNECTED_FULLCHIP",
          18446744073709537500
        ]
      ],
      "same_net_ITerm_components": [
        [
          "placed_core_NOT_CONNECTED_FULLCHIP",
          18446744073709537500
        ]
      ],
      "status": "passed"
    },
    {
      "pin": "D_STD",
      "net": "D_STD",
      "port": 0,
      "layer": 134,
      "bbox_dbu": [
        71000,
        472000,
        141000,
        542000
      ],
      "declared_area_um2": 4900.0,
      "uncovered_area_um2": 0.0,
      "actual_components": [
        [
          "placed_core_NOT_CONNECTED_FULLCHIP",
          18446744073709537499
        ]
      ],
      "same_net_ITerm_components": [
        [
          "placed_core_NOT_CONNECTED_FULLCHIP",
          18446744073709537499
        ]
      ],
      "status": "passed"
    },
    {
      "pin": "EN",
      "net": "EN",
      "port": 0,
      "layer": 134,
      "bbox_dbu": [
        1273000,
        920000,
        1343000,
        990000
      ],
      "declared_area_um2": 4900.0,
      "uncovered_area_um2": 0.0,
      "actual_components": [
        [
          "placed_core_NOT_CONNECTED_FULLCHIP",
          18446744073709537349
        ]
      ],
      "same_net_ITerm_components": [
        [
          "placed_core_NOT_CONNECTED_FULLCHIP",
          18446744073709537349
        ]
      ],
      "status": "passed"
    },
    {
      "pin": "FAULT_N",
      "net": "FAULT_N",
      "port": 0,
      "layer": 134,
      "bbox_dbu": [
        1273000,
        808000,
        1343000,
        878000
      ],
      "declared_area_um2": 4900.0,
      "uncovered_area_um2": 0.0,
      "actual_components": [
        [
          "placed_core_NOT_CONNECTED_FULLCHIP",
          18446744073709537487
        ]
      ],
      "same_net_ITerm_components": [
        [
          "placed_core_NOT_CONNECTED_FULLCHIP",
          18446744073709537487
        ]
      ],
      "status": "passed"
    },
    {
      "pin": "GATE",
      "net": "GATE",
      "port": 0,
      "layer": 134,
      "bbox_dbu": [
        1273000,
        696000,
        1343000,
        766000
      ],
      "declared_area_um2": 4900.0,
      "uncovered_area_um2": 0.0,
      "actual_components": [
        [
          "placed_core_NOT_CONNECTED_FULLCHIP",
          18446744073709537491
        ]
      ],
      "same_net_ITerm_components": [
        [
          "placed_core_NOT_CONNECTED_FULLCHIP",
          18446744073709537491
        ]
      ],
      "status": "passed"
    },
    {
      "pin": "G_SHARED",
      "net": "G_SHARED",
      "port": 0,
      "layer": 134,
      "bbox_dbu": [
        71000,
        360000,
        141000,
        430000
      ],
      "declared_area_um2": 4900.0,
      "uncovered_area_um2": 0.0,
      "actual_components": [
        [
          "placed_core_NOT_CONNECTED_FULLCHIP",
          18446744073709537611
        ]
      ],
      "same_net_ITerm_components": [
        [
          "placed_core_NOT_CONNECTED_FULLCHIP",
          18446744073709537611
        ]
      ],
      "status": "passed"
    },
    {
      "pin": "HBT_B",
      "net": "HBT_B",
      "port": 0,
      "layer": 134,
      "bbox_dbu": [
        71000,
        808000,
        141000,
        878000
      ],
      "declared_area_um2": 4900.0,
      "uncovered_area_um2": 0.0,
      "actual_components": [
        [
          "placed_core_NOT_CONNECTED_FULLCHIP",
          18446744073709537502
        ]
      ],
      "same_net_ITerm_components": [
        [
          "placed_core_NOT_CONNECTED_FULLCHIP",
          18446744073709537502
        ]
      ],
      "status": "passed"
    },
    {
      "pin": "HBT_C",
      "net": "HBT_C",
      "port": 0,
      "layer": 134,
      "bbox_dbu": [
        71000,
        920000,
        141000,
        990000
      ],
      "declared_area_um2": 4900.0,
      "uncovered_area_um2": 0.0,
      "actual_components": [
        [
          "placed_core_NOT_CONNECTED_FULLCHIP",
          18446744073709537503
        ]
      ],
      "same_net_ITerm_components": [
        [
          "placed_core_NOT_CONNECTED_FULLCHIP",
          18446744073709537503
        ]
      ],
      "status": "passed"
    },
    {
      "pin": "HBT_E",
      "net": "HBT_E",
      "port": 0,
      "layer": 134,
      "bbox_dbu": [
        71000,
        696000,
        141000,
        766000
      ],
      "declared_area_um2": 4900.0,
      "uncovered_area_um2": 0.0,
      "actual_components": [
        [
          "placed_core_NOT_CONNECTED_FULLCHIP",
          18446744073709537501
        ]
      ],
      "same_net_ITerm_components": [
        [
          "placed_core_NOT_CONNECTED_FULLCHIP",
          18446744073709537501
        ]
      ],
      "status": "passed"
    },
    {
      "pin": "IOVDD",
      "net": "IOVDD",
      "port": 0,
      "layer": 134,
      "bbox_dbu": [
        584000,
        71000,
        654000,
        141000
      ],
      "declared_area_um2": 4900.0,
      "uncovered_area_um2": 0.0,
      "actual_components": [
        [
          "placed_core_NOT_CONNECTED_FULLCHIP",
          18446744073709537339
        ]
      ],
      "same_net_ITerm_components": [
        [
          "placed_core_NOT_CONNECTED_FULLCHIP",
          18446744073709537339
        ]
      ],
      "status": "passed"
    },
    {
      "pin": "IOVSS",
      "net": "IOVSS",
      "port": 0,
      "layer": 134,
      "bbox_dbu": [
        920000,
        71000,
        990000,
        141000
      ],
      "declared_area_um2": 4900.0,
      "uncovered_area_um2": 0.0,
      "actual_components": [
        [
          "placed_core_NOT_CONNECTED_FULLCHIP",
          18446744073709537337
        ]
      ],
      "same_net_ITerm_components": [
        [
          "placed_core_NOT_CONNECTED_FULLCHIP",
          18446744073709537337
        ]
      ],
      "status": "passed"
    },
    {
      "pin": "IOVSS",
      "net": "IOVSS",
      "port": 1,
      "layer": 134,
      "bbox_dbu": [
        696000,
        71000,
        766000,
        141000
      ],
      "declared_area_um2": 4900.0,
      "uncovered_area_um2": 0.0,
      "actual_components": [
        [
          "placed_core_NOT_CONNECTED_FULLCHIP",
          18446744073709537337
        ]
      ],
      "same_net_ITerm_components": [
        [
          "placed_core_NOT_CONNECTED_FULLCHIP",
          18446744073709537337
        ]
      ],
      "status": "passed"
    },
    {
      "pin": "SCLK",
      "net": "SCLK",
      "port": 0,
      "layer": 134,
      "bbox_dbu": [
        472000,
        1273000,
        542000,
        1343000
      ],
      "declared_area_um2": 4900.0,
      "uncovered_area_um2": 0.0,
      "actual_components": [
        [
          "placed_core_NOT_CONNECTED_FULLCHIP",
          18446744073709537347
        ]
      ],
      "same_net_ITerm_components": [
        [
          "placed_core_NOT_CONNECTED_FULLCHIP",
          18446744073709537347
        ]
      ],
      "status": "passed"
    },
    {
      "pin": "SDI",
      "net": "SDI",
      "port": 0,
      "layer": 134,
      "bbox_dbu": [
        584000,
        1273000,
        654000,
        1343000
      ],
      "declared_area_um2": 4900.0,
      "uncovered_area_um2": 0.0,
      "actual_components": [
        [
          "placed_core_NOT_CONNECTED_FULLCHIP",
          18446744073709537348
        ]
      ],
      "same_net_ITerm_components": [
        [
          "placed_core_NOT_CONNECTED_FULLCHIP",
          18446744073709537348
        ]
      ],
      "status": "passed"
    },
    {
      "pin": "SDO",
      "net": "SDO",
      "port": 0,
      "layer": 134,
      "bbox_dbu": [
        696000,
        1273000,
        766000,
        1343000
      ],
      "declared_area_um2": 4900.0,
      "uncovered_area_um2": 0.0,
      "actual_components": [
        [
          "placed_core_NOT_CONNECTED_FULLCHIP",
          18446744073709537488
        ]
      ],
      "same_net_ITerm_components": [
        [
          "placed_core_NOT_CONNECTED_FULLCHIP",
          18446744073709537488
        ]
      ],
      "status": "passed"
    },
    {
      "pin": "SENSE_N",
      "net": "SENSE_N",
      "port": 0,
      "layer": 134,
      "bbox_dbu": [
        1273000,
        584000,
        1343000,
        654000
      ],
      "declared_area_um2": 4900.0,
      "uncovered_area_um2": 0.0,
      "actual_components": [
        [
          "placed_core_NOT_CONNECTED_FULLCHIP",
          18446744073709537619
        ]
      ],
      "same_net_ITerm_components": [
        [
          "placed_core_NOT_CONNECTED_FULLCHIP",
          18446744073709537619
        ]
      ],
      "status": "passed"
    },
    {
      "pin": "SENSE_P",
      "net": "SENSE_P",
      "port": 0,
      "layer": 134,
      "bbox_dbu": [
        1273000,
        472000,
        1343000,
        542000
      ],
      "declared_area_um2": 4900.0,
      "uncovered_area_um2": 0.0,
      "actual_components": [
        [
          "placed_core_NOT_CONNECTED_FULLCHIP",
          18446744073709537620
        ]
      ],
      "same_net_ITerm_components": [
        [
          "placed_core_NOT_CONNECTED_FULLCHIP",
          18446744073709537620
        ]
      ],
      "status": "passed"
    },
    {
      "pin": "TEMP_OUT",
      "net": "TEMP_OUT",
      "port": 0,
      "layer": 134,
      "bbox_dbu": [
        808000,
        1273000,
        878000,
        1343000
      ],
      "declared_area_um2": 4900.0,
      "uncovered_area_um2": 0.0,
      "actual_components": [
        [
          "placed_core_NOT_CONNECTED_FULLCHIP",
          18446744073709537332
        ]
      ],
      "same_net_ITerm_components": [
        [
          "placed_core_NOT_CONNECTED_FULLCHIP",
          18446744073709537332
        ]
      ],
      "status": "passed"
    },
    {
      "pin": "TRIP_SET",
      "net": "TRIP_SET",
      "port": 0,
      "layer": 134,
      "bbox_dbu": [
        360000,
        1273000,
        430000,
        1343000
      ],
      "declared_area_um2": 4900.0,
      "uncovered_area_um2": 0.0,
      "actual_components": [
        [
          "placed_core_NOT_CONNECTED_FULLCHIP",
          18446744073709537618
        ]
      ],
      "same_net_ITerm_components": [
        [
          "placed_core_NOT_CONNECTED_FULLCHIP",
          18446744073709537618
        ]
      ],
      "status": "passed"
    },
    {
      "pin": "VDD",
      "net": "VDD",
      "port": 0,
      "layer": 134,
      "bbox_dbu": [
        360000,
        71000,
        430000,
        141000
      ],
      "declared_area_um2": 4900.0,
      "uncovered_area_um2": 0.0,
      "actual_components": [
        [
          "placed_core_NOT_CONNECTED_FULLCHIP",
          18446744073709537335
        ]
      ],
      "same_net_ITerm_components": [
        [
          "placed_core_NOT_CONNECTED_FULLCHIP",
          18446744073709537335
        ]
      ],
      "status": "passed"
    },
    {
      "pin": "VDDA",
      "net": "VDDA",
      "port": 0,
      "layer": 134,
      "bbox_dbu": [
        1273000,
        360000,
        1343000,
        430000
      ],
      "declared_area_um2": 4900.0,
      "uncovered_area_um2": 0.0,
      "actual_components": [
        [
          "placed_core_NOT_CONNECTED_FULLCHIP",
          3
        ]
      ],
      "same_net_ITerm_components": [
        [
          "placed_core_NOT_CONNECTED_FULLCHIP",
          3
        ]
      ],
      "status": "passed"
    },
    {
      "pin": "VREF",
      "net": "VREF",
      "port": 0,
      "layer": 134,
      "bbox_dbu": [
        920000,
        1273000,
        990000,
        1343000
      ],
      "declared_area_um2": 4900.0,
      "uncovered_area_um2": 0.0,
      "actual_components": [
        [
          "placed_core_NOT_CONNECTED_FULLCHIP",
          18446744073709537617
        ]
      ],
      "same_net_ITerm_components": [
        [
          "placed_core_NOT_CONNECTED_FULLCHIP",
          18446744073709537617
        ]
      ],
      "status": "passed"
    },
    {
      "pin": "VSS",
      "net": "VSS",
      "port": 0,
      "layer": 134,
      "bbox_dbu": [
        808000,
        71000,
        878000,
        141000
      ],
      "declared_area_um2": 4900.0,
      "uncovered_area_um2": 0.0,
      "actual_components": [
        [
          "placed_core_NOT_CONNECTED_FULLCHIP",
          18446744073709537333
        ]
      ],
      "same_net_ITerm_components": [
        [
          "placed_core_NOT_CONNECTED_FULLCHIP",
          18446744073709537333
        ]
      ],
      "status": "passed"
    },
    {
      "pin": "VSS",
      "net": "VSS",
      "port": 1,
      "layer": 134,
      "bbox_dbu": [
        472000,
        71000,
        542000,
        141000
      ],
      "declared_area_um2": 4900.0,
      "uncovered_area_um2": 0.0,
      "actual_components": [
        [
          "placed_core_NOT_CONNECTED_FULLCHIP",
          18446744073709537333
        ]
      ],
      "same_net_ITerm_components": [
        [
          "placed_core_NOT_CONNECTED_FULLCHIP",
          18446744073709537333
        ]
      ],
      "status": "passed"
    }
  ],
  "errors": [],
  "scope": "Exact entire port rectangle coverage and connection to its same-logical-net native bondpad ITerm; no label joining",
  "not_run": [
    "all supply terminals joined",
    "device-aware fullchip LVS",
    "currentIR/EM",
    "bonding or measured continuity"
  ]
}
