# Logfile created on 2026-09-23 03:30:43 +0200 by logger.rb/v1.5.3
2026-09-23 03:30:43 +0200: Memory Usage (407464K) : Starting running IHP-SG13G2 KLayout DRC runset on <results-root>/antenna-early-join-20260923-r1/sealed_native.gds
2026-09-23 03:30:43 +0200: Memory Usage (407464K) : Ruby Version for klayout: 3.2.3
2026-09-23 03:30:44 +0200: Memory Usage (437860K) : Loading database to memory is complete.
2026-09-23 03:30:44 +0200: Memory Usage (437860K) : IHP-SG13G2 KLayout DRC runset output at: <results-root>/antenna-early-join-main-20260923-r1/reports/sealed_native_placed_core_NOT_CONNECTED_FULLCHIP_main.lyrdb
2026-09-23 03:30:44 +0200: Memory Usage (437860K) : Evaluate switches.
2026-09-23 03:30:44 +0200: Memory Usage (437860K) : tables selected: main
2026-09-23 03:30:44 +0200: Memory Usage (437860K) : KLayout will use 1 thread(s) in tiling mode.
2026-09-23 03:30:44 +0200: Memory Usage (437860K) : deep mode is enabled.
2026-09-23 03:30:44 +0200: Memory Usage (437860K) : FEOL enabled: true
2026-09-23 03:30:44 +0200: Memory Usage (437860K) : BEOL enabled: true
2026-09-23 03:30:44 +0200: Memory Usage (437860K) : OFFGRID enabled: true
2026-09-23 03:30:44 +0200: Memory Usage (437860K) : ANGLE enabled: true
2026-09-23 03:30:44 +0200: Memory Usage (437860K) : PIN enabled: true
2026-09-23 03:30:44 +0200: Memory Usage (437860K) : FORBIDDEN enabled: true
2026-09-23 03:30:44 +0200: Memory Usage (437860K) : RECOMMENDED enabled: true
2026-09-23 03:30:44 +0200: Memory Usage (437860K) : PreCheck DRC enabled: false
2026-09-23 03:30:44 +0200: Memory Usage (437860K) : CONNECTIVITY_RULES enabled: true.
2026-09-23 03:30:44 +0200: Memory Usage (437860K) : Read in polygons from layers.
2026-09-23 03:30:44 +0200: Memory Usage (442284K) : activ_drw has 75318 polygons
2026-09-23 03:30:44 +0200: Memory Usage (442284K) : activ_pin has 0 polygons
2026-09-23 03:30:44 +0200: Memory Usage (442284K) : activ_mask has 308 polygons
2026-09-23 03:30:44 +0200: Memory Usage (442284K) : activ_filler has 859 polygons
2026-09-23 03:30:44 +0200: Memory Usage (442284K) : activ_nofill has 18 polygons
2026-09-23 03:30:44 +0200: Memory Usage (442284K) : activ_opc has 0 polygons
2026-09-23 03:30:44 +0200: Memory Usage (442284K) : activ_iopc has 0 polygons
2026-09-23 03:30:44 +0200: Memory Usage (442284K) : activ_noqrc has 0 polygons
2026-09-23 03:30:44 +0200: Memory Usage (442284K) : biwind_drw has 0 polygons
2026-09-23 03:30:44 +0200: Memory Usage (442284K) : biwind_opc has 0 polygons
2026-09-23 03:30:44 +0200: Memory Usage (442284K) : pemwind_drw has 0 polygons
2026-09-23 03:30:44 +0200: Memory Usage (442548K) : gatpoly_drw has 81146 polygons
2026-09-23 03:30:44 +0200: Memory Usage (442548K) : gatpoly_pin has 1748 polygons
2026-09-23 03:30:44 +0200: Memory Usage (442548K) : gatpoly_filler has 859 polygons
2026-09-23 03:30:44 +0200: Memory Usage (442548K) : gatpoly_nofill has 18 polygons
2026-09-23 03:30:44 +0200: Memory Usage (442548K) : gatpoly_opc has 0 polygons
2026-09-23 03:30:44 +0200: Memory Usage (442548K) : gatpoly_iopc has 0 polygons
2026-09-23 03:30:44 +0200: Memory Usage (442548K) : gatpoly_noqrc has 0 polygons
2026-09-23 03:30:44 +0200: Memory Usage (456012K) : cont_drw has 3611939 polygons
2026-09-23 03:30:44 +0200: Memory Usage (456012K) : cont_opc has 0 polygons
2026-09-23 03:30:44 +0200: Memory Usage (456012K) : nsd_drw has 60 polygons
2026-09-23 03:30:44 +0200: Memory Usage (456012K) : nsd_block has 308 polygons
2026-09-23 03:30:44 +0200: Memory Usage (456276K) : metal1_drw has 152615 polygons
2026-09-23 03:30:45 +0200: Memory Usage (456276K) : metal1_pin has 52450 polygons
2026-09-23 03:30:45 +0200: Memory Usage (456276K) : metal1_mask has 0 polygons
2026-09-23 03:30:45 +0200: Memory Usage (456276K) : metal1_filler has 1828 polygons
2026-09-23 03:30:45 +0200: Memory Usage (456276K) : metal1_nofill has 18 polygons
2026-09-23 03:30:45 +0200: Memory Usage (456276K) : metal1_slit has 0 polygons
2026-09-23 03:30:45 +0200: Memory Usage (456276K) : metal1_text has 43009 polygons
2026-09-23 03:30:45 +0200: Memory Usage (456276K) : metal1_opc has 0 polygons
2026-09-23 03:30:45 +0200: Memory Usage (456276K) : metal1_noqrc has 0 polygons
2026-09-23 03:30:45 +0200: Memory Usage (456276K) : metal1_res has 0 polygons
2026-09-23 03:30:45 +0200: Memory Usage (456276K) : metal1_iprobe has 0 polygons
2026-09-23 03:30:45 +0200: Memory Usage (456276K) : metal1_diffprb has 0 polygons
2026-09-23 03:30:45 +0200: Memory Usage (456276K) : passiv_drw has 35 polygons
2026-09-23 03:30:45 +0200: Memory Usage (456276K) : passiv_pin has 0 polygons
2026-09-23 03:30:45 +0200: Memory Usage (456276K) : passiv_sbump has 0 polygons
2026-09-23 03:30:45 +0200: Memory Usage (456276K) : passiv_pillar has 0 polygons
2026-09-23 03:30:45 +0200: Memory Usage (456276K) : passiv_pdl has 0 polygons
2026-09-23 03:30:45 +0200: Memory Usage (457096K) : metal2_drw has 81967 polygons
2026-09-23 03:30:45 +0200: Memory Usage (457096K) : metal2_pin has 1094 polygons
2026-09-23 03:30:45 +0200: Memory Usage (457096K) : metal2_mask has 0 polygons
2026-09-23 03:30:45 +0200: Memory Usage (457096K) : metal2_filler has 1897 polygons
2026-09-23 03:30:45 +0200: Memory Usage (457096K) : metal2_nofill has 19 polygons
2026-09-23 03:30:45 +0200: Memory Usage (457096K) : metal2_slit has 0 polygons
2026-09-23 03:30:45 +0200: Memory Usage (457096K) : metal2_text has 499 polygons
2026-09-23 03:30:45 +0200: Memory Usage (457096K) : metal2_opc has 0 polygons
2026-09-23 03:30:45 +0200: Memory Usage (457096K) : metal2_noqrc has 0 polygons
2026-09-23 03:30:45 +0200: Memory Usage (457096K) : metal2_res has 0 polygons
2026-09-23 03:30:45 +0200: Memory Usage (457096K) : metal2_iprobe has 0 polygons
2026-09-23 03:30:45 +0200: Memory Usage (457096K) : metal2_diffprb has 0 polygons
2026-09-23 03:30:45 +0200: Memory Usage (457096K) : baspoly_drw has 0 polygons
2026-09-23 03:30:45 +0200: Memory Usage (457096K) : baspoly_pin has 0 polygons
2026-09-23 03:30:45 +0200: Memory Usage (457096K) : psd_drw has 33333 polygons
2026-09-23 03:30:45 +0200: Memory Usage (457096K) : nldb_drw has 0 polygons
2026-09-23 03:30:45 +0200: Memory Usage (457096K) : digibnd_drw has 0 polygons
2026-09-23 03:30:45 +0200: Memory Usage (458152K) : via1_drw has 92362 polygons
2026-09-23 03:30:45 +0200: Memory Usage (458152K) : backmetal1_drw has 0 polygons
2026-09-23 03:30:45 +0200: Memory Usage (458152K) : backmetal1_pin has 0 polygons
2026-09-23 03:30:45 +0200: Memory Usage (458152K) : backmetal1_mask has 0 polygons
2026-09-23 03:30:45 +0200: Memory Usage (458152K) : backmetal1_filler has 0 polygons
2026-09-23 03:30:45 +0200: Memory Usage (458152K) : backmetal1_nofill has 0 polygons
2026-09-23 03:30:45 +0200: Memory Usage (458152K) : backmetal1_slit has 0 polygons
2026-09-23 03:30:45 +0200: Memory Usage (458152K) : backmetal1_text has 0 polygons
2026-09-23 03:30:45 +0200: Memory Usage (458152K) : backmetal1_opc has 0 polygons
2026-09-23 03:30:45 +0200: Memory Usage (458152K) : backmetal1_noqrc has 0 polygons
2026-09-23 03:30:45 +0200: Memory Usage (458152K) : backmetal1_res has 0 polygons
2026-09-23 03:30:45 +0200: Memory Usage (458152K) : backmetal1_iprobe has 0 polygons
2026-09-23 03:30:45 +0200: Memory Usage (458152K) : backmetal1_diffprb has 0 polygons
2026-09-23 03:30:45 +0200: Memory Usage (458152K) : backpassiv_drw has 0 polygons
2026-09-23 03:30:45 +0200: Memory Usage (458152K) : res_drw has 0 polygons
2026-09-23 03:30:45 +0200: Memory Usage (458152K) : sram_drw has 0 polygons
2026-09-23 03:30:45 +0200: Memory Usage (458152K) : trans_drw has 308 polygons
2026-09-23 03:30:45 +0200: Memory Usage (458152K) : ind_drw has 0 polygons
2026-09-23 03:30:45 +0200: Memory Usage (458152K) : ind_pin has 0 polygons
2026-09-23 03:30:45 +0200: Memory Usage (458152K) : ind_text has 0 polygons
2026-09-23 03:30:45 +0200: Memory Usage (458152K) : salblock_drw has 2041 polygons
2026-09-23 03:30:45 +0200: Memory Usage (458416K) : via2_drw has 112985 polygons
2026-09-23 03:30:45 +0200: Memory Usage (458944K) : metal3_drw has 43019 polygons
2026-09-23 03:30:45 +0200: Memory Usage (458944K) : metal3_pin has 1163 polygons
2026-09-23 03:30:45 +0200: Memory Usage (458944K) : metal3_mask has 0 polygons
2026-09-23 03:30:45 +0200: Memory Usage (458944K) : metal3_filler has 1119 polygons
2026-09-23 03:30:45 +0200: Memory Usage (458944K) : metal3_nofill has 27 polygons
2026-09-23 03:30:45 +0200: Memory Usage (458944K) : metal3_slit has 0 polygons
2026-09-23 03:30:45 +0200: Memory Usage (458944K) : metal3_text has 1199 polygons
2026-09-23 03:30:45 +0200: Memory Usage (458944K) : metal3_opc has 0 polygons
2026-09-23 03:30:45 +0200: Memory Usage (458944K) : metal3_noqrc has 0 polygons
2026-09-23 03:30:45 +0200: Memory Usage (458944K) : metal3_res has 0 polygons
2026-09-23 03:30:45 +0200: Memory Usage (458944K) : metal3_iprobe has 0 polygons
2026-09-23 03:30:45 +0200: Memory Usage (458944K) : metal3_diffprb has 0 polygons
2026-09-23 03:30:45 +0200: Memory Usage (458944K) : nwell_drw has 14319 polygons
2026-09-23 03:30:45 +0200: Memory Usage (458944K) : nwell_pin has 0 polygons
2026-09-23 03:30:45 +0200: Memory Usage (458944K) : nbulay_drw has 0 polygons
2026-09-23 03:30:45 +0200: Memory Usage (458944K) : nbulay_pin has 0 polygons
2026-09-23 03:30:45 +0200: Memory Usage (458944K) : nbulay_block has 0 polygons
2026-09-23 03:30:45 +0200: Memory Usage (458944K) : emwind_drw has 308 polygons
2026-09-23 03:30:45 +0200: Memory Usage (458944K) : emwind_opc has 0 polygons
2026-09-23 03:30:45 +0200: Memory Usage (458944K) : deepco_drw has 0 polygons
2026-09-23 03:30:45 +0200: Memory Usage (458944K) : deepco_drw has 0 polygons
2026-09-23 03:30:45 +0200: Memory Usage (458944K) : mim_drw has 19 polygons
2026-09-23 03:30:45 +0200: Memory Usage (458944K) : edgeseal_drw has 11 polygons
2026-09-23 03:30:45 +0200: Memory Usage (458944K) : edgeseal_bound has 1 polygons
2026-09-23 03:30:45 +0200: Memory Usage (458944K) : substrate_drw has 1439 polygons
2026-09-23 03:30:45 +0200: Memory Usage (458944K) : substrate_text has 0 polygons
2026-09-23 03:30:45 +0200: Memory Usage (458944K) : dfpad_drw has 24 polygons
2026-09-23 03:30:45 +0200: Memory Usage (458944K) : dfpad_pillar has 0 polygons
2026-09-23 03:30:45 +0200: Memory Usage (458944K) : dfpad_sbump has 0 polygons
2026-09-23 03:30:45 +0200: Memory Usage (458944K) : thickgateox_drw has 2077 polygons
2026-09-23 03:30:45 +0200: Memory Usage (458944K) : pldb_drw has 0 polygons
2026-09-23 03:30:45 +0200: Memory Usage (458944K) : pwell_drw has 0 polygons
2026-09-23 03:30:45 +0200: Memory Usage (458944K) : pwell_pin has 0 polygons
2026-09-23 03:30:45 +0200: Memory Usage (458944K) : pwell_block has 0 polygons
2026-09-23 03:30:45 +0200: Memory Usage (458944K) : ic_drw has 0 polygons
2026-09-23 03:30:45 +0200: Memory Usage (459736K) : via3_drw has 59130 polygons
2026-09-23 03:30:45 +0200: Memory Usage (460000K) : metal4_drw has 8971 polygons
2026-09-23 03:30:45 +0200: Memory Usage (460000K) : metal4_pin has 1045 polygons
2026-09-23 03:30:45 +0200: Memory Usage (460000K) : metal4_mask has 0 polygons
2026-09-23 03:30:45 +0200: Memory Usage (460000K) : metal4_filler has 0 polygons
2026-09-23 03:30:45 +0200: Memory Usage (460000K) : metal4_nofill has 22 polygons
2026-09-23 03:30:45 +0200: Memory Usage (460000K) : metal4_slit has 0 polygons
2026-09-23 03:30:45 +0200: Memory Usage (460000K) : metal4_text has 1049 polygons
2026-09-23 03:30:45 +0200: Memory Usage (460000K) : metal4_opc has 0 polygons
2026-09-23 03:30:45 +0200: Memory Usage (460000K) : metal4_noqrc has 0 polygons
2026-09-23 03:30:45 +0200: Memory Usage (460000K) : metal4_res has 0 polygons
2026-09-23 03:30:45 +0200: Memory Usage (460000K) : metal4_iprobe has 0 polygons
2026-09-23 03:30:45 +0200: Memory Usage (460000K) : metal4_diffprb has 0 polygons
2026-09-23 03:30:45 +0200: Memory Usage (460000K) : heattrans_drw has 2969 polygons
2026-09-23 03:30:45 +0200: Memory Usage (460000K) : heatres_drw has 1627 polygons
2026-09-23 03:30:45 +0200: Memory Usage (460000K) : pempoly_drw has 0 polygons
2026-09-23 03:30:45 +0200: Memory Usage (460000K) : fbe_drw has 0 polygons
2026-09-23 03:30:45 +0200: Memory Usage (460000K) : empoly_drw has 0 polygons
2026-09-23 03:30:45 +0200: Memory Usage (460264K) : ldmos_drw has 0 polygons
2026-09-23 03:30:45 +0200: Memory Usage (460264K) : pbiwind_drw has 0 polygons
2026-09-23 03:30:45 +0200: Memory Usage (460264K) : digisub_drw has 0 polygons
2026-09-23 03:30:45 +0200: Memory Usage (460264K) : nodrc_drw has 0 polygons
2026-09-23 03:30:45 +0200: Memory Usage (461056K) : text_drw has 3355 polygons
2026-09-23 03:30:46 +0200: Memory Usage (461056K) : via4_drw has 61631 polygons
2026-09-23 03:30:46 +0200: Memory Usage (461056K) : metal5_drw has 3650 polygons
2026-09-23 03:30:46 +0200: Memory Usage (461056K) : metal5_pin has 1032 polygons
2026-09-23 03:30:46 +0200: Memory Usage (461056K) : metal5_mask has 0 polygons
2026-09-23 03:30:46 +0200: Memory Usage (461056K) : metal5_filler has 0 polygons
2026-09-23 03:30:46 +0200: Memory Usage (461056K) : metal5_nofill has 22 polygons
2026-09-23 03:30:46 +0200: Memory Usage (461056K) : metal5_slit has 0 polygons
2026-09-23 03:30:46 +0200: Memory Usage (461056K) : metal5_text has 1032 polygons
2026-09-23 03:30:46 +0200: Memory Usage (461056K) : metal5_opc has 0 polygons
2026-09-23 03:30:46 +0200: Memory Usage (461056K) : metal5_noqrc has 0 polygons
2026-09-23 03:30:46 +0200: Memory Usage (461056K) : metal5_res has 0 polygons
2026-09-23 03:30:46 +0200: Memory Usage (461056K) : metal5_iprobe has 0 polygons
2026-09-23 03:30:46 +0200: Memory Usage (461056K) : metal5_diffprb has 0 polygons
2026-09-23 03:30:46 +0200: Memory Usage (461056K) : radhard_drw has 0 polygons
2026-09-23 03:30:46 +0200: Memory Usage (461056K) : memcap_drw has 0 polygons
2026-09-23 03:30:46 +0200: Memory Usage (461056K) : varicap_drw has 0 polygons
2026-09-23 03:30:46 +0200: Memory Usage (461056K) : flash_drw has 0 polygons
2026-09-23 03:30:46 +0200: Memory Usage (461056K) : intbondvia_drw has 0 polygons
2026-09-23 03:30:46 +0200: Memory Usage (461056K) : intbondmet_drw has 0 polygons
2026-09-23 03:30:46 +0200: Memory Usage (461056K) : devbondvia_drw has 0 polygons
2026-09-23 03:30:46 +0200: Memory Usage (461056K) : devbondmet_drw has 0 polygons
2026-09-23 03:30:46 +0200: Memory Usage (461056K) : devtrench_drw has 0 polygons
2026-09-23 03:30:46 +0200: Memory Usage (461056K) : redist_drw has 0 polygons
2026-09-23 03:30:46 +0200: Memory Usage (461056K) : graphbot_drw has 0 polygons
2026-09-23 03:30:46 +0200: Memory Usage (461056K) : graphtop_drw has 0 polygons
2026-09-23 03:30:46 +0200: Memory Usage (461056K) : antvia1_drw has 0 polygons
2026-09-23 03:30:46 +0200: Memory Usage (461056K) : antmetal2_drw has 0 polygons
2026-09-23 03:30:46 +0200: Memory Usage (461056K) : graphcont_drw has 0 polygons
2026-09-23 03:30:46 +0200: Memory Usage (461056K) : siwg_drw has 0 polygons
2026-09-23 03:30:46 +0200: Memory Usage (461056K) : siwg_filler has 0 polygons
2026-09-23 03:30:46 +0200: Memory Usage (461056K) : siwg_nofill has 0 polygons
2026-09-23 03:30:46 +0200: Memory Usage (461056K) : sigrating_drw has 0 polygons
2026-09-23 03:30:46 +0200: Memory Usage (461056K) : singrating_drw has 0 polygons
2026-09-23 03:30:46 +0200: Memory Usage (461056K) : graphpas_drw has 0 polygons
2026-09-23 03:30:46 +0200: Memory Usage (461056K) : emwind3_drw has 0 polygons
2026-09-23 03:30:46 +0200: Memory Usage (461056K) : emwihv3_drw has 0 polygons
2026-09-23 03:30:46 +0200: Memory Usage (461056K) : redbulay_drw has 0 polygons
2026-09-23 03:30:46 +0200: Memory Usage (461056K) : smos_drw has 0 polygons
2026-09-23 03:30:46 +0200: Memory Usage (461056K) : graphpad_drw has 0 polygons
2026-09-23 03:30:46 +0200: Memory Usage (461056K) : polimide_drw has 0 polygons
2026-09-23 03:30:46 +0200: Memory Usage (461056K) : polimide_pin has 0 polygons
2026-09-23 03:30:46 +0200: Memory Usage (461056K) : recog_drw has 0 polygons
2026-09-23 03:30:46 +0200: Memory Usage (461056K) : recog_pin has 0 polygons
2026-09-23 03:30:46 +0200: Memory Usage (461056K) : recog_esd has 0 polygons
2026-09-23 03:30:46 +0200: Memory Usage (461056K) : recog_diode has 144 polygons
2026-09-23 03:30:46 +0200: Memory Usage (461056K) : recog_tsv has 0 polygons
2026-09-23 03:30:46 +0200: Memory Usage (461056K) : recog_iprobe has 0 polygons
2026-09-23 03:30:46 +0200: Memory Usage (461056K) : recog_diffprb has 0 polygons
2026-09-23 03:30:46 +0200: Memory Usage (461056K) : recog_pillar has 0 polygons
2026-09-23 03:30:46 +0200: Memory Usage (461056K) : recog_sbump has 0 polygons
2026-09-23 03:30:46 +0200: Memory Usage (461056K) : recog_otp has 0 polygons
2026-09-23 03:30:46 +0200: Memory Usage (461056K) : recog_pdiode has 0 polygons
2026-09-23 03:30:46 +0200: Memory Usage (461056K) : recog_mom has 0 polygons
2026-09-23 03:30:46 +0200: Memory Usage (461056K) : recog_pcm has 0 polygons
2026-09-23 03:30:46 +0200: Memory Usage (461056K) : colopen_drw has 0 polygons
2026-09-23 03:30:46 +0200: Memory Usage (461056K) : graphmetal1_drw has 0 polygons
2026-09-23 03:30:46 +0200: Memory Usage (461056K) : graphmetal1_filler has 0 polygons
2026-09-23 03:30:46 +0200: Memory Usage (461056K) : graphmetal1_nofill has 0 polygons
2026-09-23 03:30:46 +0200: Memory Usage (461320K) : graphmetal1_slit has 0 polygons
2026-09-23 03:30:46 +0200: Memory Usage (461320K) : graphmetal1_opc has 0 polygons
2026-09-23 03:30:46 +0200: Memory Usage (461320K) : graphmet1l_drw has 0 polygons
2026-09-23 03:30:46 +0200: Memory Usage (461320K) : graphmet1l_filler has 0 polygons
2026-09-23 03:30:46 +0200: Memory Usage (461320K) : graphmet1l_nofill has 0 polygons
2026-09-23 03:30:46 +0200: Memory Usage (461584K) : graphmet1l_slit has 0 polygons
2026-09-23 03:30:46 +0200: Memory Usage (461584K) : graphmet1l_opc has 0 polygons
2026-09-23 03:30:46 +0200: Memory Usage (461584K) : extblock_drw has 6098 polygons
2026-09-23 03:30:46 +0200: Memory Usage (461848K) : nldd_drw has 0 polygons
2026-09-23 03:30:46 +0200: Memory Usage (461848K) : pldd_drw has 0 polygons
2026-09-23 03:30:46 +0200: Memory Usage (461848K) : next_drw has 0 polygons
2026-09-23 03:30:46 +0200: Memory Usage (461848K) : pext_drw has 0 polygons
2026-09-23 03:30:46 +0200: Memory Usage (461848K) : nexthv_drw has 0 polygons
2026-09-23 03:30:46 +0200: Memory Usage (462112K) : pexthv_drw has 0 polygons
2026-09-23 03:30:46 +0200: Memory Usage (462112K) : graphgate_drw has 0 polygons
2026-09-23 03:30:46 +0200: Memory Usage (462112K) : sinwg_drw has 0 polygons
2026-09-23 03:30:46 +0200: Memory Usage (462112K) : sinwg_filler has 0 polygons
2026-09-23 03:30:46 +0200: Memory Usage (462112K) : sinwg_nofill has 0 polygons
2026-09-23 03:30:46 +0200: Memory Usage (462376K) : mempad_drw has 0 polygons
2026-09-23 03:30:46 +0200: Memory Usage (463432K) : topvia1_drw has 58229 polygons
2026-09-23 03:30:46 +0200: Memory Usage (463432K) : topmetal1_drw has 1799 polygons
2026-09-23 03:30:46 +0200: Memory Usage (463432K) : topmetal1_pin has 1065 polygons
2026-09-23 03:30:46 +0200: Memory Usage (463432K) : topmetal1_mask has 0 polygons
2026-09-23 03:30:46 +0200: Memory Usage (463432K) : topmetal1_filler has 0 polygons
2026-09-23 03:30:46 +0200: Memory Usage (463432K) : topmetal1_nofill has 26 polygons
2026-09-23 03:30:46 +0200: Memory Usage (463432K) : topmetal1_slit has 0 polygons
2026-09-23 03:30:46 +0200: Memory Usage (463432K) : topmetal1_text has 1035 polygons
2026-09-23 03:30:46 +0200: Memory Usage (463432K) : topmetal1_noqrc has 0 polygons
2026-09-23 03:30:46 +0200: Memory Usage (463432K) : topmetal1_res has 0 polygons
2026-09-23 03:30:46 +0200: Memory Usage (463432K) : topmetal1_iprobe has 0 polygons
2026-09-23 03:30:46 +0200: Memory Usage (463432K) : topmetal1_diffprb has 0 polygons
2026-09-23 03:30:46 +0200: Memory Usage (463432K) : inldpwl_drw has 0 polygons
2026-09-23 03:30:46 +0200: Memory Usage (463432K) : polyres_drw has 1627 polygons
2026-09-23 03:30:46 +0200: Memory Usage (463696K) : polyres_pin has 0 polygons
2026-09-23 03:30:46 +0200: Memory Usage (463696K) : vmim_drw has 6658 polygons
2026-09-23 03:30:46 +0200: Memory Usage (463960K) : nbulaycut_drw has 0 polygons
2026-09-23 03:30:46 +0200: Memory Usage (463960K) : antmetal1_drw has 0 polygons
2026-09-23 03:30:46 +0200: Memory Usage (464752K) : topvia2_drw has 40109 polygons
2026-09-23 03:30:46 +0200: Memory Usage (464752K) : topmetal2_drw has 938 polygons
2026-09-23 03:30:46 +0200: Memory Usage (464752K) : topmetal2_pin has 787 polygons
2026-09-23 03:30:46 +0200: Memory Usage (464752K) : topmetal2_mask has 0 polygons
2026-09-23 03:30:46 +0200: Memory Usage (464752K) : topmetal2_filler has 0 polygons
2026-09-23 03:30:46 +0200: Memory Usage (464752K) : topmetal2_nofill has 26 polygons
2026-09-23 03:30:46 +0200: Memory Usage (464752K) : topmetal2_slit has 0 polygons
2026-09-23 03:30:46 +0200: Memory Usage (464752K) : topmetal2_text has 779 polygons
2026-09-23 03:30:46 +0200: Memory Usage (464752K) : topmetal2_noqrc has 0 polygons
2026-09-23 03:30:46 +0200: Memory Usage (464752K) : topmetal2_res has 0 polygons
2026-09-23 03:30:46 +0200: Memory Usage (464752K) : topmetal2_iprobe has 0 polygons
2026-09-23 03:30:46 +0200: Memory Usage (464752K) : topmetal2_diffprb has 0 polygons
2026-09-23 03:30:46 +0200: Memory Usage (464752K) : snsring_drw has 0 polygons
2026-09-23 03:30:46 +0200: Memory Usage (464752K) : sensor_drw has 0 polygons
2026-09-23 03:30:46 +0200: Memory Usage (464752K) : snsarms_drw has 0 polygons
2026-09-23 03:30:46 +0200: Memory Usage (464752K) : snscmosvia_drw has 0 polygons
2026-09-23 03:30:46 +0200: Memory Usage (464752K) : colwind_drw has 0 polygons
2026-09-23 03:30:46 +0200: Memory Usage (464752K) : flm_drw has 0 polygons
2026-09-23 03:30:46 +0200: Memory Usage (464752K) : hafniumox_drw has 0 polygons
2026-09-23 03:30:46 +0200: Memory Usage (464752K) : memvia_drw has 0 polygons
2026-09-23 03:30:46 +0200: Memory Usage (464752K) : thinfilmres_drw has 0 polygons
2026-09-23 03:30:46 +0200: Memory Usage (464752K) : rfmem_drw has 0 polygons
2026-09-23 03:30:46 +0200: Memory Usage (464752K) : norcx_drw has 0 polygons
2026-09-23 03:30:46 +0200: Memory Usage (464752K) : norcx_m2m3 has 0 polygons
2026-09-23 03:30:46 +0200: Memory Usage (464752K) : norcx_m2m4 has 0 polygons
2026-09-23 03:30:46 +0200: Memory Usage (464752K) : norcx_m2m5 has 0 polygons
2026-09-23 03:30:46 +0200: Memory Usage (464752K) : norcx_m2tm1 has 0 polygons
2026-09-23 03:30:46 +0200: Memory Usage (464752K) : norcx_m2tm2 has 0 polygons
2026-09-23 03:30:46 +0200: Memory Usage (464752K) : norcx_m3m4 has 0 polygons
2026-09-23 03:30:46 +0200: Memory Usage (464752K) : norcx_m3m5 has 0 polygons
2026-09-23 03:30:46 +0200: Memory Usage (464752K) : norcx_m3tm1 has 0 polygons
2026-09-23 03:30:46 +0200: Memory Usage (464752K) : norcx_m3tm2 has 0 polygons
2026-09-23 03:30:46 +0200: Memory Usage (464752K) : norcx_m4m5 has 0 polygons
2026-09-23 03:30:46 +0200: Memory Usage (464752K) : norcx_m4tm1 has 0 polygons
2026-09-23 03:30:46 +0200: Memory Usage (464752K) : norcx_m4tm2 has 0 polygons
2026-09-23 03:30:46 +0200: Memory Usage (464752K) : norcx_m5tm1 has 0 polygons
2026-09-23 03:30:46 +0200: Memory Usage (464752K) : norcx_m5tm2 has 0 polygons
2026-09-23 03:30:46 +0200: Memory Usage (464752K) : norcx_tm1tm2 has 0 polygons
2026-09-23 03:30:46 +0200: Memory Usage (464752K) : norcx_m1sub has 0 polygons
2026-09-23 03:30:46 +0200: Memory Usage (464752K) : norcx_m2sub has 0 polygons
2026-09-23 03:30:46 +0200: Memory Usage (464752K) : norcx_m3sub has 0 polygons
2026-09-23 03:30:46 +0200: Memory Usage (464752K) : norcx_m4sub has 0 polygons
2026-09-23 03:30:46 +0200: Memory Usage (464752K) : norcx_m5sub has 0 polygons
2026-09-23 03:30:46 +0200: Memory Usage (464752K) : norcx_tm1sub has 0 polygons
2026-09-23 03:30:46 +0200: Memory Usage (464752K) : norcx_tm2sub has 0 polygons
2026-09-23 03:30:46 +0200: Memory Usage (464752K) : snsbotvia_drw has 0 polygons
2026-09-23 03:30:46 +0200: Memory Usage (464752K) : snstopvia_drw has 0 polygons
2026-09-23 03:30:46 +0200: Memory Usage (464752K) : deepvia_drw has 0 polygons
2026-09-23 03:30:46 +0200: Memory Usage (464752K) : fgetch_drw has 0 polygons
2026-09-23 03:30:46 +0200: Memory Usage (464752K) : ctrgat_drw has 0 polygons
2026-09-23 03:30:46 +0200: Memory Usage (464752K) : fgimp_drw has 0 polygons
2026-09-23 03:30:46 +0200: Memory Usage (464752K) : emwihv_drw has 0 polygons
2026-09-23 03:30:46 +0200: Memory Usage (464752K) : lbe_drw has 0 polygons
2026-09-23 03:30:46 +0200: Memory Usage (464752K) : alcustop_drw has 0 polygons
2026-09-23 03:30:46 +0200: Memory Usage (464752K) : nometfiller_drw has 14 polygons
2026-09-23 03:30:46 +0200: Memory Usage (464752K) : prboundary_drw has 0 polygons
2026-09-23 03:30:46 +0200: Memory Usage (464752K) : exchange0_drw has 0 polygons
2026-09-23 03:30:46 +0200: Memory Usage (464752K) : exchange0_pin has 0 polygons
2026-09-23 03:30:46 +0200: Memory Usage (464752K) : exchange0_text has 0 polygons
2026-09-23 03:30:46 +0200: Memory Usage (464752K) : exchange1_drw has 0 polygons
2026-09-23 03:30:46 +0200: Memory Usage (464752K) : exchange1_pin has 0 polygons
2026-09-23 03:30:46 +0200: Memory Usage (464752K) : exchange1_text has 0 polygons
2026-09-23 03:30:46 +0200: Memory Usage (464752K) : exchange2_drw has 0 polygons
2026-09-23 03:30:46 +0200: Memory Usage (464752K) : exchange2_pin has 0 polygons
2026-09-23 03:30:46 +0200: Memory Usage (464752K) : exchange2_text has 0 polygons
2026-09-23 03:30:46 +0200: Memory Usage (464752K) : exchange3_drw has 0 polygons
2026-09-23 03:30:46 +0200: Memory Usage (464752K) : exchange3_pin has 0 polygons
2026-09-23 03:30:46 +0200: Memory Usage (464752K) : exchange3_text has 0 polygons
2026-09-23 03:30:46 +0200: Memory Usage (464752K) : exchange4_drw has 0 polygons
2026-09-23 03:30:46 +0200: Memory Usage (464752K) : exchange4_pin has 0 polygons
2026-09-23 03:30:46 +0200: Memory Usage (464752K) : exchange4_text has 0 polygons
2026-09-23 03:30:46 +0200: Memory Usage (464752K) : isonwell_drw has 0 polygons
2026-09-23 03:30:46 +0200: Memory Usage (464752K) : Total no. of polygons in the design is 4678635
2026-09-23 03:30:46 +0200: Memory Usage (464752K) : Loaded TECH DRC rules values from /foss/pdks/ihp-sg13g2/libs.tech/klayout/python/sg13g2_pycell_lib/sg13g2_tech_mod.json
2026-09-23 03:30:46 +0200: Memory Usage (464752K) : Loaded default DRC rules values from /foss/pdks/ihp-sg13g2/libs.tech/klayout/tech/drc/rule_decks/sg13g2_tech_default.json
2026-09-23 03:30:46 +0200: Memory Usage (464752K) : The following rules values were missing in tech json and default values were used:
2026-09-23 03:30:46 +0200: Memory Usage (464752K) :   - NW_f1_digibnd
2026-09-23 03:30:46 +0200: Memory Usage (464752K) :   - Cnt_c_digibnd
2026-09-23 03:30:46 +0200: Memory Usage (464752K) :   - Cnt_c_sram
2026-09-23 03:30:46 +0200: Memory Usage (464752K) :   - Sdiod_b
2026-09-23 03:30:46 +0200: Memory Usage (464752K) :   - Sdiod_c
2026-09-23 03:30:46 +0200: Memory Usage (465448K) : Total area of the design is 1999396.0 um^2.
2026-09-23 03:30:46 +0200: Memory Usage (465448K) : The design dimensions are 1414.0 µm * 1414.0 µm.
2026-09-23 03:30:46 +0200: Memory Usage (465448K) : Starting general IHP-SG13G2 derivations.
2026-09-23 03:30:46 +0200: Memory Usage (465448K) : Starting Pwell derivations
2026-09-23 03:30:47 +0200: Memory Usage (482452K) : Starting n-Activ derivations
2026-09-23 03:30:47 +0200: Memory Usage (490740K) : Starting p-Activ derivations
2026-09-23 03:30:48 +0200: Memory Usage (490768K) : Starting ptap derivations
2026-09-23 03:30:48 +0200: Memory Usage (491128K) : Starting ntap derivations
2026-09-23 03:30:49 +0200: Memory Usage (491128K) : Starting pact FET derivations
2026-09-23 03:30:49 +0200: Memory Usage (491144K) : Starting nact FET derivations
2026-09-23 03:30:50 +0200: Memory Usage (491144K) : Starting Gate derivations
2026-09-23 03:30:50 +0200: Memory Usage (491144K) : Starting cont/contbar general derivations
2026-09-23 03:30:58 +0200: Memory Usage (785552K) : Starting pad general derivations
2026-09-23 03:30:58 +0200: Memory Usage (785552K) : Starting schottky_nbl general derivations
2026-09-23 03:30:58 +0200: Memory Usage (785560K) : Starting SVaricap general derivations
2026-09-23 03:30:59 +0200: Memory Usage (785560K) : Starting HBT general derivations
2026-09-23 03:30:59 +0200: Memory Usage (785672K) : Starting IHP-SG13G2 DRC connectivity related derivations.
2026-09-23 03:30:59 +0200: Memory Usage (785672K) : Starting IHP-SG13G2 DRC connectivity setup
2026-09-23 03:31:15 +0200: Memory Usage (809808K) : Starting IHP-SG13G2 DRC rules.
2026-09-23 03:31:15 +0200: Memory Usage (809808K) : Running all FEOL rules
2026-09-23 03:31:15 +0200: Memory Usage (809808K) : Running all BEOL rules
2026-09-23 03:31:15 +0200: Memory Usage (809808K) : Running all PIN rules
2026-09-23 03:31:15 +0200: Memory Usage (809808K) : Running all FORBIDDEN rules
2026-09-23 03:31:15 +0200: Memory Usage (809808K) : Starting 5.1 NWell table
2026-09-23 03:31:15 +0200: Memory Usage (809808K) : Executing rule NW.b
2026-09-23 03:31:16 +0200: Memory Usage (810184K) : Executing rule NW.b1
2026-09-23 03:31:16 +0200: Memory Usage (810184K) : Executing rule NW.f1
2026-09-23 03:31:16 +0200: Memory Usage (810196K) : Executing rule NW.f1.digibnd
2026-09-23 03:31:16 +0200: Memory Usage (810196K) : Starting 5.2 PWell:block
2026-09-23 03:31:16 +0200: Memory Usage (810196K) : Executing rule PWB.e
2026-09-23 03:31:16 +0200: Memory Usage (810196K) : Executing rule PWB.e1
2026-09-23 03:31:16 +0200: Memory Usage (810196K) : Executing rule PWB.f
2026-09-23 03:31:17 +0200: Memory Usage (810196K) : Executing rule PWB.f1
2026-09-23 03:31:17 +0200: Memory Usage (810196K) : Starting 5.3 nBuLay table
2026-09-23 03:31:17 +0200: Memory Usage (810196K) : Executing rule NBL.b
2026-09-23 03:31:17 +0200: Memory Usage (810200K) : Executing rule NBL.c
2026-09-23 03:31:17 +0200: Memory Usage (810200K) : Executing rule NBL.d
2026-09-23 03:31:17 +0200: Memory Usage (810200K) : Executing rule NBL.e
2026-09-23 03:31:17 +0200: Memory Usage (810264K) : Executing rule NBL.f
2026-09-23 03:31:17 +0200: Memory Usage (810264K) : Starting 5.5. Activ table
2026-09-23 03:31:17 +0200: Memory Usage (810264K) : Executing rule Act.a
2026-09-23 03:31:17 +0200: Memory Usage (810264K) : Executing rule Act.b
2026-09-23 03:31:19 +0200: Memory Usage (813060K) : Starting 5.6 Activ:filler table
2026-09-23 03:31:19 +0200: Memory Usage (813060K) : Tiling mode is enabled for Activ:filler table.
2026-09-23 03:31:19 +0200: Memory Usage (813060K) : Executing rule AFil.c1
2026-09-23 03:31:20 +0200: Memory Usage (820036K) : Executing rule AFil.c
2026-09-23 03:31:42 +0200: Memory Usage (809320K) : Executing rule AFil.d
2026-09-23 03:31:42 +0200: Memory Usage (810376K) : Executing rule AFil.e
2026-09-23 03:31:42 +0200: Memory Usage (810376K) : Executing rule AFil.j
2026-09-23 03:31:42 +0200: Memory Usage (810376K) : deep mode is enabled after Activ:filler table.
2026-09-23 03:31:42 +0200: Memory Usage (810376K) : Starting 5.7. ThickGateOx table
2026-09-23 03:31:42 +0200: Memory Usage (810376K) : Executing rule TGO.f
2026-09-23 03:31:43 +0200: Memory Usage (810376K) : Starting 5.8. GatPoly table
2026-09-23 03:31:43 +0200: Memory Usage (810376K) : Executing rule Gat.a
2026-09-23 03:31:43 +0200: Memory Usage (810376K) : Executing rule Gat.b
2026-09-23 03:31:43 +0200: Memory Usage (810376K) : Executing rule Gat.d
2026-09-23 03:31:43 +0200: Memory Usage (810376K) : Executing rule Gat.a1
2026-09-23 03:31:44 +0200: Memory Usage (810476K) : Executing rule Gat.a2
2026-09-23 03:31:44 +0200: Memory Usage (810476K) : Executing rule Gat.g
2026-09-23 03:31:44 +0200: Memory Usage (810908K) : Starting 5.9 GatPoly:filler
2026-09-23 03:31:45 +0200: Memory Usage (819244K) : Tiling mode is enabled for GatPoly:filler table.
2026-09-23 03:31:45 +0200: Memory Usage (819244K) : Executing rule GFil.d
2026-09-23 03:32:02 +0200: Memory Usage (859556K) : Executing rule GFil.e
2026-09-23 03:32:03 +0200: Memory Usage (859556K) : Executing rule GFil.i
2026-09-23 03:32:03 +0200: Memory Usage (859560K) : deep mode is enabled after GatPoly:filler table.
2026-09-23 03:32:03 +0200: Memory Usage (859560K) : Starting 5.10 pSD table
2026-09-23 03:32:03 +0200: Memory Usage (859560K) : Executing rule pSD.c1
2026-09-23 03:32:04 +0200: Memory Usage (859560K) : Starting 5.14. Cont table
2026-09-23 03:32:04 +0200: Memory Usage (859560K) : Executing rule Cnt.a
2026-09-23 03:32:16 +0200: Memory Usage (1196920K) : Executing rule Cnt.b
2026-09-23 03:32:23 +0200: Memory Usage (1196920K) : Executing rule Cnt.c
2026-09-23 03:32:54 +0200: Memory Usage (1285160K) : Executing rule Cnt.c.digibnd
2026-09-23 03:32:54 +0200: Memory Usage (1285160K) : Executing rule Cnt.c.SRAM
2026-09-23 03:32:54 +0200: Memory Usage (1285160K) : Executing rule Cnt.d
2026-09-23 03:32:55 +0200: Memory Usage (1285160K) : Executing rule Cnt.e
2026-09-23 03:32:55 +0200: Memory Usage (1285160K) : Executing rule Cnt.g1
2026-09-23 03:33:06 +0200: Memory Usage (1344960K) : Executing rule Cnt.g2
2026-09-23 03:33:22 +0200: Memory Usage (1294068K) : Starting 5.15. ContBar table
2026-09-23 03:33:22 +0200: Memory Usage (1294068K) : Executing rule CntB.a
2026-09-23 03:33:41 +0200: Memory Usage (1447256K) : Executing rule CntB.a1
2026-09-23 03:33:41 +0200: Memory Usage (1447256K) : Executing rule CntB.b1
2026-09-23 03:33:41 +0200: Memory Usage (1447284K) : Executing rule CntB.h1
2026-09-23 03:33:41 +0200: Memory Usage (1397164K) : Starting 6.1.3 NPN Substrate-Tie table
2026-09-23 03:33:41 +0200: Memory Usage (1397164K) : Executing rule npn13G2.bR 
2026-09-23 03:33:41 +0200: Memory Usage (1397164K) : Executing rule npn13G2L.cR 
2026-09-23 03:33:42 +0200: Memory Usage (1397164K) : Executing rule npn13G2V.cR 
2026-09-23 03:33:42 +0200: Memory Usage (1397164K) : Starting 6.7 Schottky diode table
2026-09-23 03:33:42 +0200: Memory Usage (1397164K) : Executing rule Sdiod.b
2026-09-23 03:33:42 +0200: Memory Usage (1397164K) : Executing rule Sdiod.c
2026-09-23 03:33:42 +0200: Memory Usage (1397164K) : Executing rule Sdiod.d
2026-09-23 03:33:42 +0200: Memory Usage (1397164K) : Executing rule Sdiod.e
2026-09-23 03:33:42 +0200: Memory Usage (1397164K) : Starting 7.2 Latch-up table
2026-09-23 03:33:42 +0200: Memory Usage (1397164K) : Executing rule LU.b
2026-09-23 03:33:44 +0200: Memory Usage (1397164K) : Starting 5.16. Metal1 table
2026-09-23 03:33:44 +0200: Memory Usage (1397164K) : Executing rule M1.a
2026-09-23 03:33:45 +0200: Memory Usage (1397164K) : Executing rule M1.b
2026-09-23 03:33:54 +0200: Memory Usage (1397164K) : Executing rule M1.e
2026-09-23 03:33:58 +0200: Memory Usage (1412680K) : Executing rule M1.f
2026-09-23 03:33:59 +0200: Memory Usage (1412680K) : Executing rule M1.g
2026-09-23 03:34:00 +0200: Memory Usage (1412680K) : Executing rule M1.i
2026-09-23 03:34:00 +0200: Memory Usage (1412680K) : Starting 5.17 Metaln table
2026-09-23 03:34:00 +0200: Memory Usage (1412680K) : Executing rule M2.a
2026-09-23 03:34:01 +0200: Memory Usage (1412680K) : Executing rule M2.b
2026-09-23 03:34:03 +0200: Memory Usage (1412680K) : Executing rule M2.e
2026-09-23 03:34:03 +0200: Memory Usage (1412680K) : Executing rule M2.f
2026-09-23 03:34:03 +0200: Memory Usage (1412680K) : Executing rule M2.g
2026-09-23 03:34:04 +0200: Memory Usage (1412680K) : Executing rule M2.i
2026-09-23 03:34:04 +0200: Memory Usage (1412680K) : Executing rule M3.a
2026-09-23 03:34:04 +0200: Memory Usage (1412680K) : Executing rule M3.b
2026-09-23 03:34:05 +0200: Memory Usage (1412680K) : Executing rule M3.e
2026-09-23 03:34:06 +0200: Memory Usage (1412680K) : Executing rule M3.f
2026-09-23 03:34:06 +0200: Memory Usage (1412680K) : Executing rule M3.g
2026-09-23 03:34:06 +0200: Memory Usage (1412680K) : Executing rule M3.i
2026-09-23 03:34:06 +0200: Memory Usage (1412680K) : Executing rule M4.a
2026-09-23 03:34:06 +0200: Memory Usage (1412680K) : Executing rule M4.b
2026-09-23 03:34:06 +0200: Memory Usage (1412680K) : Executing rule M4.e
2026-09-23 03:34:06 +0200: Memory Usage (1412680K) : Executing rule M4.f
2026-09-23 03:34:06 +0200: Memory Usage (1412680K) : Executing rule M4.g
2026-09-23 03:34:07 +0200: Memory Usage (1412680K) : Executing rule M4.i
2026-09-23 03:34:07 +0200: Memory Usage (1412680K) : Executing rule M5.a
2026-09-23 03:34:07 +0200: Memory Usage (1412680K) : Executing rule M5.b
2026-09-23 03:34:07 +0200: Memory Usage (1412680K) : Executing rule M5.e
2026-09-23 03:34:07 +0200: Memory Usage (1412680K) : Executing rule M5.f
2026-09-23 03:34:07 +0200: Memory Usage (1412680K) : Executing rule M5.g
2026-09-23 03:34:07 +0200: Memory Usage (1412680K) : Executing rule M5.i
2026-09-23 03:34:07 +0200: Memory Usage (1412680K) : Starting 5.18 Metaln:filler table
2026-09-23 03:34:07 +0200: Memory Usage (1412680K) : Tiling mode is enabled for Metaln:filler table.
2026-09-23 03:34:07 +0200: Memory Usage (1412680K) : Executing rule M1Fil.c
2026-09-23 03:34:09 +0200: Memory Usage (1412684K) : Executing rule M1Fil.a2
2026-09-23 03:34:09 +0200: Memory Usage (1412684K) : Executing rule M2Fil.c
2026-09-23 03:34:10 +0200: Memory Usage (1412684K) : Executing rule M2Fil.a2
2026-09-23 03:34:10 +0200: Memory Usage (1412684K) : Executing rule M3Fil.c
2026-09-23 03:34:11 +0200: Memory Usage (1412684K) : Executing rule M3Fil.a2
2026-09-23 03:34:11 +0200: Memory Usage (1412684K) : Executing rule M4Fil.c
2026-09-23 03:34:11 +0200: Memory Usage (1412684K) : Executing rule M4Fil.a2
2026-09-23 03:34:11 +0200: Memory Usage (1412684K) : Executing rule M5Fil.c
2026-09-23 03:34:11 +0200: Memory Usage (1412684K) : Executing rule M5Fil.a2
2026-09-23 03:34:11 +0200: Memory Usage (1412684K) : deep mode is enabled after Metaln:filler table.
2026-09-23 03:34:11 +0200: Memory Usage (1412684K) : Starting 5.19. Via1 table
2026-09-23 03:34:11 +0200: Memory Usage (1412684K) : Starting 5.19. Via1 table derivations
2026-09-23 03:34:11 +0200: Memory Usage (1412684K) : Executing rule V1.a
2026-09-23 03:34:11 +0200: Memory Usage (1412684K) : Executing rule V1.b
2026-09-23 03:34:12 +0200: Memory Usage (1412684K) : Executing rule V1.c
2026-09-23 03:34:13 +0200: Memory Usage (1412684K) : Starting 5.20. Vian table
2026-09-23 03:34:13 +0200: Memory Usage (1412684K) : Executing rule V2.a
2026-09-23 03:34:13 +0200: Memory Usage (1412684K) : Executing rule V2.b
2026-09-23 03:34:14 +0200: Memory Usage (1412684K) : Executing rule V2.c
2026-09-23 03:34:15 +0200: Memory Usage (1433660K) : Executing rule V3.a
2026-09-23 03:34:16 +0200: Memory Usage (1433660K) : Executing rule V3.b
2026-09-23 03:34:16 +0200: Memory Usage (1433660K) : Executing rule V3.c
2026-09-23 03:34:17 +0200: Memory Usage (1433660K) : Executing rule V4.a
2026-09-23 03:34:17 +0200: Memory Usage (1433660K) : Executing rule V4.b
2026-09-23 03:34:17 +0200: Memory Usage (1433660K) : Executing rule V4.c
2026-09-23 03:34:18 +0200: Memory Usage (1433660K) : Starting 5.21. TopVia1 table
2026-09-23 03:34:18 +0200: Memory Usage (1433660K) : Executing rule TV1.a
2026-09-23 03:34:18 +0200: Memory Usage (1433660K) : Executing rule TV1.b
2026-09-23 03:34:18 +0200: Memory Usage (1433660K) : Executing rule TV1.c
2026-09-23 03:34:18 +0200: Memory Usage (1433660K) : Executing rule TV1.d
2026-09-23 03:34:18 +0200: Memory Usage (1433660K) : Starting 5.22. TopMetal1 table
2026-09-23 03:34:18 +0200: Memory Usage (1433660K) : Executing rule TM1.a
2026-09-23 03:34:19 +0200: Memory Usage (1433660K) : Executing rule TM1.b
2026-09-23 03:34:19 +0200: Memory Usage (1433660K) : Starting 5.23 TopMetal1:filler table
2026-09-23 03:34:19 +0200: Memory Usage (1433660K) : Tiling mode is enabled for TopMetal1:filler table.
2026-09-23 03:34:19 +0200: Memory Usage (1433660K) : Executing rule TM1Fil.c
2026-09-23 03:34:19 +0200: Memory Usage (1433660K) : Executing rule TM1Fil.a1
2026-09-23 03:34:19 +0200: Memory Usage (1433660K) : deep mode is enabled after TopMetal1:filler table.
2026-09-23 03:34:19 +0200: Memory Usage (1433660K) : Starting 5.24. TopVia2 table
2026-09-23 03:34:19 +0200: Memory Usage (1433660K) : Executing rule TV2.a
2026-09-23 03:34:19 +0200: Memory Usage (1433660K) : Executing rule TV2.b
2026-09-23 03:34:19 +0200: Memory Usage (1433660K) : Executing rule TV2.c
2026-09-23 03:34:19 +0200: Memory Usage (1433660K) : Executing rule TV2.d
2026-09-23 03:34:19 +0200: Memory Usage (1433660K) : Starting 5.25. TopMetal2 table
2026-09-23 03:34:19 +0200: Memory Usage (1433660K) : Executing rule TM2.a
2026-09-23 03:34:19 +0200: Memory Usage (1433660K) : Executing rule TM2.b
2026-09-23 03:34:19 +0200: Memory Usage (1433660K) : Executing rule TM2.bR
2026-09-23 03:34:20 +0200: Memory Usage (1433660K) : Starting 5.26 TopMetal2:filler table
2026-09-23 03:34:20 +0200: Memory Usage (1433660K) : Tiling mode is enabled for TopMetal2:filler table.
2026-09-23 03:34:20 +0200: Memory Usage (1433660K) : Executing rule TM2Fil.c
2026-09-23 03:34:20 +0200: Memory Usage (1433660K) : Executing rule TM2Fil.a1
2026-09-23 03:34:20 +0200: Memory Usage (1433660K) : deep mode is enabled after TopMetal2:filler table.
2026-09-23 03:34:20 +0200: Memory Usage (1433660K) : Starting 5.27. Passiv table
2026-09-23 03:34:20 +0200: Memory Usage (1433660K) : Executing rule Pas.a
2026-09-23 03:34:20 +0200: Memory Usage (1433660K) : Executing rule Pas.b
2026-09-23 03:34:20 +0200: Memory Usage (1433660K) : Executing rule Pas.c
2026-09-23 03:34:20 +0200: Memory Usage (1433660K) : Starting 6.9.2 Copper Pillar table
2026-09-23 03:34:20 +0200: Memory Usage (1433660K) : Executing rule Padc.a
2026-09-23 03:34:20 +0200: Memory Usage (1433660K) : Executing rule Padc.b
2026-09-23 03:34:20 +0200: Memory Usage (1433660K) : Executing rule Padc.c
2026-09-23 03:34:20 +0200: Memory Usage (1433660K) : Executing rule Padb.f
2026-09-23 03:34:20 +0200: Memory Usage (1433660K) : Starting 6.9 Pad table
2026-09-23 03:34:20 +0200: Memory Usage (1433660K) : Executing rule Pad.m
2026-09-23 03:34:20 +0200: Memory Usage (1433660K) : Executing rule Pad.fR_M1
2026-09-23 03:34:20 +0200: Memory Usage (1433660K) : Executing rule Pad.fR_M2
2026-09-23 03:34:20 +0200: Memory Usage (1433660K) : Executing rule Pad.fR_M3
2026-09-23 03:34:20 +0200: Memory Usage (1433660K) : Executing rule Pad.fR_M4
2026-09-23 03:34:20 +0200: Memory Usage (1433660K) : Executing rule Pad.fR_M5
2026-09-23 03:34:20 +0200: Memory Usage (1433660K) : Executing rule Pad.fR_TM1
2026-09-23 03:34:20 +0200: Memory Usage (1433688K) : Executing rule Pad.fR_TM2
2026-09-23 03:34:20 +0200: Memory Usage (1433688K) : Executing rule Pad.i
2026-09-23 03:34:20 +0200: Memory Usage (1433688K) : Starting 6.9.1 Solder Bump
2026-09-23 03:34:20 +0200: Memory Usage (1433688K) : Executing rule Padb.a
2026-09-23 03:34:20 +0200: Memory Usage (1433688K) : Executing rule Padb.b
2026-09-23 03:34:20 +0200: Memory Usage (1433688K) : Executing rule Padb.c
2026-09-23 03:34:20 +0200: Memory Usage (1433688K) : Executing rule Padb.f
2026-09-23 03:34:20 +0200: Memory Usage (1433696K) : Executing rule Padb.d
2026-09-23 03:34:20 +0200: Memory Usage (1433696K) : Starting 6.10 Sealring table
2026-09-23 03:34:20 +0200: Memory Usage (1433696K) : Tiling mode is enabled for Seal.l rule.
2026-09-23 03:34:20 +0200: Memory Usage (1433696K) : Executing rule Seal.l
2026-09-23 03:34:36 +0200: Memory Usage (1434208K) : deep mode is enabled after Seal.l rule.
2026-09-23 03:34:36 +0200: Memory Usage (1434208K) : Executing rule Seal.n
2026-09-23 03:34:36 +0200: Memory Usage (1434208K) : Executing rule seal.b_metal1
2026-09-23 03:34:36 +0200: Memory Usage (1434208K) : Executing rule seal.b_metal2
2026-09-23 03:34:36 +0200: Memory Usage (1434208K) : Executing rule seal.b_metal3
2026-09-23 03:34:36 +0200: Memory Usage (1434208K) : Executing rule seal.b_metal4
2026-09-23 03:34:36 +0200: Memory Usage (1434208K) : Executing rule seal.b_metal5
2026-09-23 03:34:36 +0200: Memory Usage (1434208K) : Executing rule seal.b_topmetal1
2026-09-23 03:34:36 +0200: Memory Usage (1434208K) : Executing rule seal.b_topmetal2
2026-09-23 03:34:36 +0200: Memory Usage (1434208K) : Executing rule seal.b_activ
2026-09-23 03:34:36 +0200: Memory Usage (1434208K) : Executing rule seal.b_psd
2026-09-23 03:34:36 +0200: Memory Usage (1434208K) : Executing rule Seal.k
2026-09-23 03:34:36 +0200: Memory Usage (1434208K) : Executing rule Seal.m
2026-09-23 03:34:36 +0200: Memory Usage (1434208K) : Starting 6.11 MIM table
2026-09-23 03:34:36 +0200: Memory Usage (1434208K) : Executing rule MIM.c
2026-09-23 03:34:36 +0200: Memory Usage (1434208K) : Executing rule MIM.d
2026-09-23 03:34:36 +0200: Memory Usage (1434208K) : Executing rule MIM.gR
2026-09-23 03:34:36 +0200: Memory Usage (1434208K) : Starting 7.3 Metal Slits table
2026-09-23 03:34:36 +0200: Memory Usage (1434208K) : Executing rule Slt.e1_M1
2026-09-23 03:34:36 +0200: Memory Usage (1434208K) : Executing rule Slt.e1_M2
2026-09-23 03:34:36 +0200: Memory Usage (1434208K) : Executing rule Slt.e1_M3
2026-09-23 03:34:36 +0200: Memory Usage (1434208K) : Executing rule Slt.e1_M4
2026-09-23 03:34:36 +0200: Memory Usage (1434208K) : Executing rule Slt.e1_M5
2026-09-23 03:34:36 +0200: Memory Usage (1434208K) : Executing rule Slt.e1_TM1
2026-09-23 03:34:36 +0200: Memory Usage (1434208K) : Executing rule Slt.e1_TM2
2026-09-23 03:34:36 +0200: Memory Usage (1434208K) : Starting 9.1. LBE table
2026-09-23 03:34:36 +0200: Memory Usage (1434208K) : Executing rule LBE.a
2026-09-23 03:34:36 +0200: Memory Usage (1434208K) : Executing rule LBE.b
2026-09-23 03:34:36 +0200: Memory Usage (1434208K) : Executing rule LBE.b1
2026-09-23 03:34:36 +0200: Memory Usage (1434208K) : Executing rule LBE.c
2026-09-23 03:34:36 +0200: Memory Usage (1434208K) : Executing rule LBE.d
2026-09-23 03:34:36 +0200: Memory Usage (1434208K) : Executing rule LBE.h
2026-09-23 03:34:36 +0200: Memory Usage (1434208K) : Starting 7.4. PIN table
2026-09-23 03:34:36 +0200: Memory Usage (1434208K) : Executing rule Pin.a
2026-09-23 03:34:36 +0200: Memory Usage (1434208K) : Executing rule Pin.b
2026-09-23 03:34:36 +0200: Memory Usage (1434208K) : Executing rule Pin.e
2026-09-23 03:34:37 +0200: Memory Usage (1434208K) : Executing rule Pin.f_M2
2026-09-23 03:34:37 +0200: Memory Usage (1434208K) : Executing rule Pin.f_M3
2026-09-23 03:34:37 +0200: Memory Usage (1434208K) : Executing rule Pin.f_M4
2026-09-23 03:34:37 +0200: Memory Usage (1434208K) : Executing rule Pin.f_M5
2026-09-23 03:34:37 +0200: Memory Usage (1434208K) : Executing rule Pin.g
2026-09-23 03:34:37 +0200: Memory Usage (1434208K) : Executing rule Pin.h
2026-09-23 03:34:37 +0200: Memory Usage (1434208K) : Starting 3.1. offgrid table
2026-09-23 03:34:37 +0200: Memory Usage (1434208K) : Executing rule activ_drw_Offgrid
2026-09-23 03:34:37 +0200: Memory Usage (1434236K) : Executing rule activ_mask_Offgrid
2026-09-23 03:34:37 +0200: Memory Usage (1434236K) : Executing rule activ_filler_Offgrid
2026-09-23 03:34:38 +0200: Memory Usage (1434236K) : Executing rule activ_opc_Offgrid
2026-09-23 03:34:38 +0200: Memory Usage (1434236K) : Executing rule activ_iopc_Offgrid
2026-09-23 03:34:38 +0200: Memory Usage (1434236K) : Executing rule biwind_drw_Offgrid
2026-09-23 03:34:38 +0200: Memory Usage (1434236K) : Executing rule biwind_opc_Offgrid
2026-09-23 03:34:38 +0200: Memory Usage (1434236K) : Executing rule pemwind_drw_Offgrid
2026-09-23 03:34:38 +0200: Memory Usage (1434236K) : Executing rule gatpoly_drw_Offgrid
2026-09-23 03:34:38 +0200: Memory Usage (1434236K) : Executing rule gatpoly_filler_Offgrid
2026-09-23 03:34:38 +0200: Memory Usage (1434236K) : Executing rule gatpoly_opc_Offgrid
2026-09-23 03:34:38 +0200: Memory Usage (1434236K) : Executing rule gatpoly_iopc_Offgrid
2026-09-23 03:34:38 +0200: Memory Usage (1434236K) : Executing rule gatpoly_noqrc_Offgrid
2026-09-23 03:34:38 +0200: Memory Usage (1434236K) : Executing rule cont_drw_Offgrid
2026-09-23 03:35:04 +0200: Memory Usage (1483176K) : Executing rule cont_opc_Offgrid
2026-09-23 03:35:04 +0200: Memory Usage (1483176K) : Executing rule nsd_drw_Offgrid
2026-09-23 03:35:04 +0200: Memory Usage (1483176K) : Executing rule nsd_block_Offgrid
2026-09-23 03:35:04 +0200: Memory Usage (1483176K) : Executing rule metal1_drw_Offgrid
2026-09-23 03:35:05 +0200: Memory Usage (1483176K) : Executing rule metal1_mask_Offgrid
2026-09-23 03:35:05 +0200: Memory Usage (1483176K) : Executing rule metal1_filler_Offgrid
2026-09-23 03:35:05 +0200: Memory Usage (1483176K) : Executing rule metal1_slit_Offgrid
2026-09-23 03:35:05 +0200: Memory Usage (1483176K) : Executing rule metal1_opc_Offgrid
2026-09-23 03:35:05 +0200: Memory Usage (1483176K) : Executing rule metal1_noqrc_Offgrid
2026-09-23 03:35:05 +0200: Memory Usage (1483176K) : Executing rule metal1_res_Offgrid
2026-09-23 03:35:05 +0200: Memory Usage (1483176K) : Executing rule metal1_iprobe_Offgrid
2026-09-23 03:35:05 +0200: Memory Usage (1483176K) : Executing rule metal1_diffprb_Offgrid
2026-09-23 03:35:05 +0200: Memory Usage (1483176K) : Executing rule passiv_drw_Offgrid
2026-09-23 03:35:05 +0200: Memory Usage (1483176K) : Executing rule passiv_pillar_Offgrid
2026-09-23 03:35:05 +0200: Memory Usage (1483176K) : Executing rule passiv_sbump_Offgrid
2026-09-23 03:35:05 +0200: Memory Usage (1483176K) : Executing rule passiv_pdl_Offgrid
2026-09-23 03:35:05 +0200: Memory Usage (1483176K) : Executing rule metal2_drw_Offgrid
2026-09-23 03:35:06 +0200: Memory Usage (1483176K) : Executing rule metal2_mask_Offgrid
2026-09-23 03:35:06 +0200: Memory Usage (1483176K) : Executing rule metal2_filler_Offgrid
2026-09-23 03:35:06 +0200: Memory Usage (1483176K) : Executing rule metal2_slit_Offgrid
2026-09-23 03:35:06 +0200: Memory Usage (1483176K) : Executing rule metal2_opc_Offgrid
2026-09-23 03:35:06 +0200: Memory Usage (1483176K) : Executing rule metal2_noqrc_Offgrid
2026-09-23 03:35:06 +0200: Memory Usage (1483176K) : Executing rule metal2_res_Offgrid
2026-09-23 03:35:06 +0200: Memory Usage (1483176K) : Executing rule metal2_iprobe_Offgrid
2026-09-23 03:35:06 +0200: Memory Usage (1483176K) : Executing rule metal2_diffprb_Offgrid
2026-09-23 03:35:06 +0200: Memory Usage (1483176K) : Executing rule baspoly_drw_Offgrid
2026-09-23 03:35:06 +0200: Memory Usage (1483176K) : Executing rule psd_drw_Offgrid
2026-09-23 03:35:07 +0200: Memory Usage (1483176K) : Executing rule nldb_drw_Offgrid
2026-09-23 03:35:07 +0200: Memory Usage (1483176K) : Executing rule via1_drw_Offgrid
2026-09-23 03:35:07 +0200: Memory Usage (1483176K) : Executing rule backmetal1_drw_Offgrid
2026-09-23 03:35:07 +0200: Memory Usage (1483176K) : Executing rule backmetal1_mask_Offgrid
2026-09-23 03:35:07 +0200: Memory Usage (1483176K) : Executing rule backmetal1_filler_Offgrid
2026-09-23 03:35:07 +0200: Memory Usage (1483176K) : Executing rule backmetal1_slit_Offgrid
2026-09-23 03:35:07 +0200: Memory Usage (1483176K) : Executing rule backmetal1_opc_Offgrid
2026-09-23 03:35:07 +0200: Memory Usage (1483176K) : Executing rule backmetal1_noqrc_Offgrid
2026-09-23 03:35:07 +0200: Memory Usage (1483176K) : Executing rule backmetal1_res_Offgrid
2026-09-23 03:35:07 +0200: Memory Usage (1483176K) : Executing rule backmetal1_iprobe_Offgrid
2026-09-23 03:35:07 +0200: Memory Usage (1483176K) : Executing rule backmetal1_diffprb_Offgrid
2026-09-23 03:35:08 +0200: Memory Usage (1483176K) : Executing rule backpassiv_drw_Offgrid
2026-09-23 03:35:08 +0200: Memory Usage (1483176K) : Executing rule salblock_drw_Offgrid
2026-09-23 03:35:08 +0200: Memory Usage (1483176K) : Executing rule via2_drw_Offgrid
2026-09-23 03:35:08 +0200: Memory Usage (1483176K) : Executing rule metal3_drw_Offgrid
2026-09-23 03:35:09 +0200: Memory Usage (1483176K) : Executing rule metal3_mask_Offgrid
2026-09-23 03:35:09 +0200: Memory Usage (1483176K) : Executing rule metal3_filler_Offgrid
2026-09-23 03:35:09 +0200: Memory Usage (1483176K) : Executing rule metal3_slit_Offgrid
2026-09-23 03:35:09 +0200: Memory Usage (1483176K) : Executing rule metal3_opc_Offgrid
2026-09-23 03:35:09 +0200: Memory Usage (1483176K) : Executing rule metal3_noqrc_Offgrid
2026-09-23 03:35:09 +0200: Memory Usage (1483176K) : Executing rule metal3_res_Offgrid
2026-09-23 03:35:09 +0200: Memory Usage (1483176K) : Executing rule metal3_iprobe_Offgrid
2026-09-23 03:35:09 +0200: Memory Usage (1483176K) : Executing rule metal3_diffprb_Offgrid
2026-09-23 03:35:09 +0200: Memory Usage (1483176K) : Executing rule nwell_drw_Offgrid
2026-09-23 03:35:09 +0200: Memory Usage (1483176K) : Executing rule nbulay_drw_Offgrid
2026-09-23 03:35:09 +0200: Memory Usage (1483176K) : Executing rule nbulay_block_Offgrid
2026-09-23 03:35:09 +0200: Memory Usage (1483176K) : Executing rule pwell_drw_Offgrid
2026-09-23 03:35:09 +0200: Memory Usage (1483176K) : Executing rule pwell_block_Offgrid
2026-09-23 03:35:09 +0200: Memory Usage (1483176K) : Executing rule emwind_drw_Offgrid
2026-09-23 03:35:09 +0200: Memory Usage (1483176K) : Executing rule emwind_opc_Offgrid
2026-09-23 03:35:09 +0200: Memory Usage (1483176K) : Executing rule deepco_drw_Offgrid
2026-09-23 03:35:09 +0200: Memory Usage (1483176K) : Executing rule mim_drw_Offgrid
2026-09-23 03:35:09 +0200: Memory Usage (1483176K) : Executing rule substrate_drw_Offgrid
2026-09-23 03:35:09 +0200: Memory Usage (1483176K) : Executing rule ic_drw_Offgrid
2026-09-23 03:35:09 +0200: Memory Usage (1483176K) : Executing rule via3_drw_Offgrid
2026-09-23 03:35:10 +0200: Memory Usage (1483176K) : Executing rule pldb_drw_Offgrid
2026-09-23 03:35:10 +0200: Memory Usage (1483176K) : Executing rule metal4_drw_Offgrid
2026-09-23 03:35:10 +0200: Memory Usage (1483176K) : Executing rule metal4_mask_Offgrid
2026-09-23 03:35:10 +0200: Memory Usage (1483176K) : Executing rule metal4_filler_Offgrid
2026-09-23 03:35:10 +0200: Memory Usage (1483176K) : Executing rule metal4_slit_Offgrid
2026-09-23 03:35:10 +0200: Memory Usage (1483176K) : Executing rule metal4_opc_Offgrid
2026-09-23 03:35:10 +0200: Memory Usage (1483176K) : Executing rule metal4_noqrc_Offgrid
2026-09-23 03:35:10 +0200: Memory Usage (1483176K) : Executing rule metal4_res_Offgrid
2026-09-23 03:35:10 +0200: Memory Usage (1483176K) : Executing rule metal4_iprobe_Offgrid
2026-09-23 03:35:10 +0200: Memory Usage (1483176K) : Executing rule metal4_diffprb_Offgrid
2026-09-23 03:35:10 +0200: Memory Usage (1483176K) : Executing rule via4_drw_Offgrid
2026-09-23 03:35:11 +0200: Memory Usage (1483176K) : Executing rule metal5_drw_Offgrid
2026-09-23 03:35:11 +0200: Memory Usage (1483176K) : Executing rule metal5_mask_Offgrid
2026-09-23 03:35:11 +0200: Memory Usage (1483176K) : Executing rule metal5_filler_Offgrid
2026-09-23 03:35:11 +0200: Memory Usage (1483176K) : Executing rule metal5_slit_Offgrid
2026-09-23 03:35:11 +0200: Memory Usage (1483176K) : Executing rule metal5_opc_Offgrid
2026-09-23 03:35:11 +0200: Memory Usage (1483176K) : Executing rule metal5_noqrc_Offgrid
2026-09-23 03:35:11 +0200: Memory Usage (1483176K) : Executing rule metal5_res_Offgrid
2026-09-23 03:35:11 +0200: Memory Usage (1483176K) : Executing rule metal5_iprobe_Offgrid
2026-09-23 03:35:11 +0200: Memory Usage (1483176K) : Executing rule metal5_diffprb_Offgrid
2026-09-23 03:35:11 +0200: Memory Usage (1483176K) : Executing rule prboundary_drw_Offgrid
2026-09-23 03:35:11 +0200: Memory Usage (1483176K) : Executing rule exchange0_drw_Offgrid
2026-09-23 03:35:11 +0200: Memory Usage (1483176K) : Executing rule exchange1_drw_Offgrid
2026-09-23 03:35:11 +0200: Memory Usage (1483176K) : Executing rule exchange2_drw_Offgrid
2026-09-23 03:35:11 +0200: Memory Usage (1483176K) : Executing rule exchange3_drw_Offgrid
2026-09-23 03:35:11 +0200: Memory Usage (1483176K) : Executing rule exchange4_drw_Offgrid
2026-09-23 03:35:11 +0200: Memory Usage (1483176K) : Executing rule isonwell_drw_Offgrid
2026-09-23 03:35:11 +0200: Memory Usage (1483176K) : Executing rule thickgateox_drw_Offgrid
2026-09-23 03:35:11 +0200: Memory Usage (1483176K) : Executing rule pempoly_drw_Offgrid
2026-09-23 03:35:11 +0200: Memory Usage (1483176K) : Executing rule fbe_drw_Offgrid
2026-09-23 03:35:11 +0200: Memory Usage (1483176K) : Executing rule empoly_drw_Offgrid
2026-09-23 03:35:11 +0200: Memory Usage (1483176K) : Executing rule ldmos_drw_Offgrid
2026-09-23 03:35:11 +0200: Memory Usage (1483176K) : Executing rule pbiwind_drw_Offgrid
2026-09-23 03:35:11 +0200: Memory Usage (1483176K) : Executing rule colopen_drw_Offgrid
2026-09-23 03:35:11 +0200: Memory Usage (1483176K) : Executing rule extblock_drw_Offgrid
2026-09-23 03:35:11 +0200: Memory Usage (1483176K) : Executing rule nldd_drw_Offgrid
2026-09-23 03:35:11 +0200: Memory Usage (1483176K) : Executing rule pldd_drw_Offgrid
2026-09-23 03:35:11 +0200: Memory Usage (1483176K) : Executing rule next_drw_Offgrid
2026-09-23 03:35:11 +0200: Memory Usage (1483176K) : Executing rule pext_drw_Offgrid
2026-09-23 03:35:11 +0200: Memory Usage (1483176K) : Executing rule nexthv_drw_Offgrid
2026-09-23 03:35:11 +0200: Memory Usage (1483176K) : Executing rule pexthv_drw_Offgrid
2026-09-23 03:35:11 +0200: Memory Usage (1483176K) : Executing rule graphgate_drw_Offgrid
2026-09-23 03:35:11 +0200: Memory Usage (1483176K) : Executing rule mempad_drw_Offgrid
2026-09-23 03:35:11 +0200: Memory Usage (1483176K) : Executing rule topvia1_drw_Offgrid
2026-09-23 03:35:12 +0200: Memory Usage (1483176K) : Executing rule topmetal1_drw_Offgrid
2026-09-23 03:35:12 +0200: Memory Usage (1483176K) : Executing rule topmetal1_mask_Offgrid
2026-09-23 03:35:12 +0200: Memory Usage (1483176K) : Executing rule topmetal1_filler_Offgrid
2026-09-23 03:35:12 +0200: Memory Usage (1483176K) : Executing rule topmetal1_slit_Offgrid
2026-09-23 03:35:12 +0200: Memory Usage (1483176K) : Executing rule topmetal1_noqrc_Offgrid
2026-09-23 03:35:12 +0200: Memory Usage (1483176K) : Executing rule topmetal1_res_Offgrid
2026-09-23 03:35:12 +0200: Memory Usage (1483176K) : Executing rule topmetal1_iprobe_Offgrid
2026-09-23 03:35:12 +0200: Memory Usage (1483176K) : Executing rule topmetal1_diffprb_Offgrid
2026-09-23 03:35:12 +0200: Memory Usage (1483176K) : Executing rule inldpwl_drw_Offgrid
2026-09-23 03:35:12 +0200: Memory Usage (1483176K) : Executing rule polyres_drw_Offgrid
2026-09-23 03:35:12 +0200: Memory Usage (1483176K) : Executing rule vmim_drw_Offgrid
2026-09-23 03:35:12 +0200: Memory Usage (1483176K) : Executing rule nbulaycut_drw_Offgrid
2026-09-23 03:35:12 +0200: Memory Usage (1483176K) : Executing rule antmetal1_drw_Offgrid
2026-09-23 03:35:12 +0200: Memory Usage (1483176K) : Executing rule topvia2_drw_Offgrid
2026-09-23 03:35:13 +0200: Memory Usage (1483176K) : Executing rule topmetal2_drw_Offgrid
2026-09-23 03:35:13 +0200: Memory Usage (1483176K) : Executing rule topmetal2_mask_Offgrid
2026-09-23 03:35:13 +0200: Memory Usage (1483176K) : Executing rule topmetal2_filler_Offgrid
2026-09-23 03:35:13 +0200: Memory Usage (1483176K) : Executing rule topmetal2_slit_Offgrid
2026-09-23 03:35:13 +0200: Memory Usage (1483176K) : Executing rule topmetal2_noqrc_Offgrid
2026-09-23 03:35:13 +0200: Memory Usage (1483176K) : Executing rule topmetal2_res_Offgrid
2026-09-23 03:35:13 +0200: Memory Usage (1483176K) : Executing rule topmetal2_iprobe_Offgrid
2026-09-23 03:35:13 +0200: Memory Usage (1483176K) : Executing rule topmetal2_diffprb_Offgrid
2026-09-23 03:35:13 +0200: Memory Usage (1483176K) : Executing rule snsring_drw_Offgrid
2026-09-23 03:35:13 +0200: Memory Usage (1483176K) : Executing rule sensor_drw_Offgrid
2026-09-23 03:35:13 +0200: Memory Usage (1483176K) : Executing rule snsarms_drw_Offgrid
2026-09-23 03:35:13 +0200: Memory Usage (1483176K) : Executing rule snscmosvia_drw_Offgrid
2026-09-23 03:35:13 +0200: Memory Usage (1483176K) : Executing rule colwind_drw_Offgrid
2026-09-23 03:35:13 +0200: Memory Usage (1483176K) : Executing rule flm_drw_Offgrid
2026-09-23 03:35:13 +0200: Memory Usage (1483176K) : Executing rule hafniumox_drw_Offgrid
2026-09-23 03:35:13 +0200: Memory Usage (1483176K) : Executing rule memvia_drw_Offgrid
2026-09-23 03:35:13 +0200: Memory Usage (1483176K) : Executing rule thinfilmres_drw_Offgrid
2026-09-23 03:35:13 +0200: Memory Usage (1483176K) : Executing rule rfmem_drw_Offgrid
2026-09-23 03:35:13 +0200: Memory Usage (1483176K) : Executing rule snsbotvia_drw_Offgrid
2026-09-23 03:35:13 +0200: Memory Usage (1483176K) : Executing rule snstopvia_drw_Offgrid
2026-09-23 03:35:13 +0200: Memory Usage (1483176K) : Executing rule deepvia_drw_Offgrid
2026-09-23 03:35:13 +0200: Memory Usage (1483176K) : Executing rule fgetch_drw_Offgrid
2026-09-23 03:35:13 +0200: Memory Usage (1483176K) : Executing rule ctrgat_drw_Offgrid
2026-09-23 03:35:13 +0200: Memory Usage (1483176K) : Executing rule fgimp_drw_Offgrid
2026-09-23 03:35:13 +0200: Memory Usage (1483176K) : Executing rule emwihv_drw_Offgrid
2026-09-23 03:35:13 +0200: Memory Usage (1483176K) : Executing rule lbe_drw_Offgrid
2026-09-23 03:35:13 +0200: Memory Usage (1483176K) : Executing rule alcustop_drw_Offgrid
2026-09-23 03:35:14 +0200: Memory Usage (1483176K) : Starting 3.2. angle table
2026-09-23 03:35:14 +0200: Memory Usage (1483176K) : Executing rule activ_drw_Acute
2026-09-23 03:35:14 +0200: Memory Usage (1483176K) : Executing rule activ_pin_Acute
2026-09-23 03:35:14 +0200: Memory Usage (1483176K) : Executing rule activ_mask_Acute
2026-09-23 03:35:14 +0200: Memory Usage (1483176K) : Executing rule activ_filler_Acute
2026-09-23 03:35:14 +0200: Memory Usage (1483176K) : Executing rule activ_nofill_Acute
2026-09-23 03:35:14 +0200: Memory Usage (1483176K) : Executing rule activ_opc_Acute
2026-09-23 03:35:14 +0200: Memory Usage (1483176K) : Executing rule activ_iopc_Acute
2026-09-23 03:35:14 +0200: Memory Usage (1483176K) : Executing rule activ_noqrc_Acute
2026-09-23 03:35:14 +0200: Memory Usage (1483176K) : Executing rule biwind_drw_Acute
2026-09-23 03:35:14 +0200: Memory Usage (1483176K) : Executing rule biwind_opc_Acute
2026-09-23 03:35:14 +0200: Memory Usage (1483176K) : Executing rule pemwind_drw_Acute
2026-09-23 03:35:14 +0200: Memory Usage (1483176K) : Executing rule gatpoly_drw_Acute
2026-09-23 03:35:15 +0200: Memory Usage (1483176K) : Executing rule gatpoly_pin_Acute
2026-09-23 03:35:15 +0200: Memory Usage (1483176K) : Executing rule gatpoly_filler_Acute
2026-09-23 03:35:15 +0200: Memory Usage (1483176K) : Executing rule gatpoly_nofill_Acute
2026-09-23 03:35:15 +0200: Memory Usage (1483176K) : Executing rule gatpoly_opc_Acute
2026-09-23 03:35:15 +0200: Memory Usage (1483176K) : Executing rule gatpoly_iopc_Acute
2026-09-23 03:35:15 +0200: Memory Usage (1483176K) : Executing rule gatpoly_noqrc_Acute
2026-09-23 03:35:15 +0200: Memory Usage (1483176K) : Executing rule cont_drw_Acute
2026-09-23 03:35:42 +0200: Memory Usage (1491436K) : Executing rule cont_opc_Acute
2026-09-23 03:35:42 +0200: Memory Usage (1491436K) : Executing rule nsd_drw_Acute
2026-09-23 03:35:42 +0200: Memory Usage (1491436K) : Executing rule nsd_block_Acute
2026-09-23 03:35:42 +0200: Memory Usage (1491436K) : Executing rule metal1_drw_Acute
2026-09-23 03:35:43 +0200: Memory Usage (1489644K) : Executing rule metal1_pin_Acute
2026-09-23 03:35:44 +0200: Memory Usage (1488492K) : Executing rule metal1_mask_Acute
2026-09-23 03:35:44 +0200: Memory Usage (1488492K) : Executing rule metal1_filler_Acute
2026-09-23 03:35:44 +0200: Memory Usage (1488492K) : Executing rule metal1_nofill_Acute
2026-09-23 03:35:44 +0200: Memory Usage (1488492K) : Executing rule metal1_slit_Acute
2026-09-23 03:35:44 +0200: Memory Usage (1488492K) : Executing rule metal1_opc_Acute
2026-09-23 03:35:44 +0200: Memory Usage (1488492K) : Executing rule metal1_noqrc_Acute
2026-09-23 03:35:44 +0200: Memory Usage (1488492K) : Executing rule metal1_res_Acute
2026-09-23 03:35:44 +0200: Memory Usage (1488492K) : Executing rule metal1_iprobe_Acute
2026-09-23 03:35:44 +0200: Memory Usage (1488492K) : Executing rule metal1_diffprb_Acute
2026-09-23 03:35:44 +0200: Memory Usage (1488492K) : Executing rule passiv_drw_Acute
2026-09-23 03:35:44 +0200: Memory Usage (1487724K) : Executing rule passiv_pin_Acute
2026-09-23 03:35:44 +0200: Memory Usage (1487724K) : Executing rule passiv_pillar_Acute
2026-09-23 03:35:44 +0200: Memory Usage (1487724K) : Executing rule passiv_sbump_Acute
2026-09-23 03:35:44 +0200: Memory Usage (1487724K) : Executing rule passiv_pdl_Acute
2026-09-23 03:35:44 +0200: Memory Usage (1487724K) : Executing rule metal2_drw_Acute
2026-09-23 03:35:45 +0200: Memory Usage (1487276K) : Executing rule metal2_pin_Acute
2026-09-23 03:35:45 +0200: Memory Usage (1487276K) : Executing rule metal2_mask_Acute
2026-09-23 03:35:45 +0200: Memory Usage (1487276K) : Executing rule metal2_filler_Acute
2026-09-23 03:35:46 +0200: Memory Usage (1487276K) : Executing rule metal2_nofill_Acute
2026-09-23 03:35:46 +0200: Memory Usage (1487276K) : Executing rule metal2_slit_Acute
2026-09-23 03:35:46 +0200: Memory Usage (1486956K) : Executing rule metal2_opc_Acute
2026-09-23 03:35:46 +0200: Memory Usage (1486956K) : Executing rule metal2_noqrc_Acute
2026-09-23 03:35:46 +0200: Memory Usage (1486956K) : Executing rule metal2_res_Acute
2026-09-23 03:35:46 +0200: Memory Usage (1486956K) : Executing rule metal2_iprobe_Acute
2026-09-23 03:35:46 +0200: Memory Usage (1486956K) : Executing rule metal2_diffprb_Acute
2026-09-23 03:35:46 +0200: Memory Usage (1486956K) : Executing rule baspoly_drw_Acute
2026-09-23 03:35:46 +0200: Memory Usage (1486956K) : Executing rule baspoly_pin_Acute
2026-09-23 03:35:46 +0200: Memory Usage (1486956K) : Executing rule psd_drw_Acute
2026-09-23 03:35:46 +0200: Memory Usage (1486764K) : Executing rule nldb_drw_Acute
2026-09-23 03:35:46 +0200: Memory Usage (1486764K) : Executing rule via1_drw_Acute
2026-09-23 03:35:47 +0200: Memory Usage (1490540K) : Executing rule backmetal1_drw_Acute
2026-09-23 03:35:47 +0200: Memory Usage (1490540K) : Executing rule backmetal1_pin_Acute
2026-09-23 03:35:47 +0200: Memory Usage (1490540K) : Executing rule backmetal1_mask_Acute
2026-09-23 03:35:47 +0200: Memory Usage (1490540K) : Executing rule backmetal1_filler_Acute
2026-09-23 03:35:47 +0200: Memory Usage (1490540K) : Executing rule backmetal1_nofill_Acute
2026-09-23 03:35:47 +0200: Memory Usage (1490540K) : Executing rule backmetal1_slit_Acute
2026-09-23 03:35:47 +0200: Memory Usage (1490540K) : Executing rule backmetal1_opc_Acute
2026-09-23 03:35:47 +0200: Memory Usage (1490540K) : Executing rule backmetal1_noqrc_Acute
2026-09-23 03:35:48 +0200: Memory Usage (1490540K) : Executing rule backmetal1_res_Acute
2026-09-23 03:35:48 +0200: Memory Usage (1490604K) : Executing rule backmetal1_iprobe_Acute
2026-09-23 03:35:48 +0200: Memory Usage (1490604K) : Executing rule backmetal1_diffprb_Acute
2026-09-23 03:35:48 +0200: Memory Usage (1490668K) : Executing rule backpassiv_drw_Acute
2026-09-23 03:35:48 +0200: Memory Usage (1490732K) : Executing rule salblock_drw_Acute
2026-09-23 03:35:48 +0200: Memory Usage (1490732K) : Executing rule via2_drw_Acute
2026-09-23 03:35:49 +0200: Memory Usage (1492076K) : Executing rule metal3_drw_Acute
2026-09-23 03:35:49 +0200: Memory Usage (1489324K) : Executing rule metal3_pin_Acute
2026-09-23 03:35:49 +0200: Memory Usage (1489324K) : Executing rule metal3_mask_Acute
2026-09-23 03:35:50 +0200: Memory Usage (1489324K) : Executing rule metal3_filler_Acute
2026-09-23 03:35:50 +0200: Memory Usage (1489324K) : Executing rule metal3_nofill_Acute
2026-09-23 03:35:50 +0200: Memory Usage (1489324K) : Executing rule metal3_slit_Acute
2026-09-23 03:35:50 +0200: Memory Usage (1487660K) : Executing rule metal3_opc_Acute
2026-09-23 03:35:50 +0200: Memory Usage (1487660K) : Executing rule metal3_noqrc_Acute
2026-09-23 03:35:50 +0200: Memory Usage (1487660K) : Executing rule metal3_res_Acute
2026-09-23 03:35:50 +0200: Memory Usage (1487660K) : Executing rule metal3_iprobe_Acute
2026-09-23 03:35:50 +0200: Memory Usage (1487660K) : Executing rule metal3_diffprb_Acute
2026-09-23 03:35:50 +0200: Memory Usage (1487660K) : Executing rule nwell_drw_Acute
2026-09-23 03:35:50 +0200: Memory Usage (1487660K) : Executing rule nwell_pin_Acute
2026-09-23 03:35:50 +0200: Memory Usage (1486828K) : Executing rule nbulay_drw_Acute
2026-09-23 03:35:50 +0200: Memory Usage (1486828K) : Executing rule nbulay_pin_Acute
2026-09-23 03:35:51 +0200: Memory Usage (1486828K) : Executing rule nbulay_block_Acute
2026-09-23 03:35:51 +0200: Memory Usage (1486828K) : Executing rule pwell_drw_Acute
2026-09-23 03:35:51 +0200: Memory Usage (1486828K) : Executing rule pwell_pin_Acute
2026-09-23 03:35:51 +0200: Memory Usage (1486828K) : Executing rule pwell_block_Acute
2026-09-23 03:35:51 +0200: Memory Usage (1486828K) : Executing rule emwind_drw_Acute
2026-09-23 03:35:51 +0200: Memory Usage (1486828K) : Executing rule emwind_opc_Acute
2026-09-23 03:35:51 +0200: Memory Usage (1486828K) : Executing rule deepco_drw_Acute
2026-09-23 03:35:51 +0200: Memory Usage (1486828K) : Executing rule mim_drw_Acute
2026-09-23 03:35:51 +0200: Memory Usage (1486828K) : Executing rule substrate_drw_Acute
2026-09-23 03:35:51 +0200: Memory Usage (1486572K) : Executing rule ic_drw_Acute
2026-09-23 03:35:51 +0200: Memory Usage (1486572K) : Executing rule via3_drw_Acute
2026-09-23 03:35:52 +0200: Memory Usage (1487980K) : Executing rule pldb_drw_Acute
2026-09-23 03:35:52 +0200: Memory Usage (1487980K) : Executing rule metal4_drw_Acute
2026-09-23 03:35:52 +0200: Memory Usage (1487980K) : Executing rule metal4_pin_Acute
2026-09-23 03:35:52 +0200: Memory Usage (1487980K) : Executing rule metal4_mask_Acute
2026-09-23 03:35:52 +0200: Memory Usage (1487980K) : Executing rule metal4_filler_Acute
2026-09-23 03:35:52 +0200: Memory Usage (1487980K) : Executing rule metal4_nofill_Acute
2026-09-23 03:35:52 +0200: Memory Usage (1487148K) : Executing rule metal4_slit_Acute
2026-09-23 03:35:52 +0200: Memory Usage (1487148K) : Executing rule metal4_opc_Acute
2026-09-23 03:35:52 +0200: Memory Usage (1487148K) : Executing rule metal4_noqrc_Acute
2026-09-23 03:35:52 +0200: Memory Usage (1487148K) : Executing rule metal4_res_Acute
2026-09-23 03:35:52 +0200: Memory Usage (1487148K) : Executing rule metal4_iprobe_Acute
2026-09-23 03:35:52 +0200: Memory Usage (1487148K) : Executing rule metal4_diffprb_Acute
2026-09-23 03:35:52 +0200: Memory Usage (1487148K) : Executing rule via4_drw_Acute
2026-09-23 03:35:53 +0200: Memory Usage (1488364K) : Executing rule metal5_drw_Acute
2026-09-23 03:35:53 +0200: Memory Usage (1488364K) : Executing rule metal5_pin_Acute
2026-09-23 03:35:53 +0200: Memory Usage (1487788K) : Executing rule metal5_mask_Acute
2026-09-23 03:35:54 +0200: Memory Usage (1487788K) : Executing rule metal5_filler_Acute
2026-09-23 03:35:54 +0200: Memory Usage (1487788K) : Executing rule metal5_nofill_Acute
2026-09-23 03:35:54 +0200: Memory Usage (1487788K) : Executing rule metal5_slit_Acute
2026-09-23 03:35:54 +0200: Memory Usage (1487788K) : Executing rule metal5_opc_Acute
2026-09-23 03:35:54 +0200: Memory Usage (1487788K) : Executing rule metal5_noqrc_Acute
2026-09-23 03:35:54 +0200: Memory Usage (1487788K) : Executing rule metal5_res_Acute
2026-09-23 03:35:54 +0200: Memory Usage (1487788K) : Executing rule metal5_iprobe_Acute
2026-09-23 03:35:54 +0200: Memory Usage (1487788K) : Executing rule metal5_diffprb_Acute
2026-09-23 03:35:54 +0200: Memory Usage (1487532K) : Executing rule prboundary_drw_Acute
2026-09-23 03:35:54 +0200: Memory Usage (1487532K) : Executing rule exchange0_drw_Acute
2026-09-23 03:35:54 +0200: Memory Usage (1487532K) : Executing rule exchange0_pin_Acute
2026-09-23 03:35:54 +0200: Memory Usage (1487532K) : Executing rule exchange1_drw_Acute
2026-09-23 03:35:54 +0200: Memory Usage (1487532K) : Executing rule exchange1_pin_Acute
2026-09-23 03:35:54 +0200: Memory Usage (1487532K) : Executing rule exchange2_drw_Acute
2026-09-23 03:35:54 +0200: Memory Usage (1487532K) : Executing rule exchange2_pin_Acute
2026-09-23 03:35:54 +0200: Memory Usage (1487532K) : Executing rule exchange3_drw_Acute
2026-09-23 03:35:54 +0200: Memory Usage (1487532K) : Executing rule exchange3_pin_Acute
2026-09-23 03:35:54 +0200: Memory Usage (1487532K) : Executing rule exchange4_drw_Acute
2026-09-23 03:35:54 +0200: Memory Usage (1487532K) : Executing rule exchange4_pin_Acute
2026-09-23 03:35:54 +0200: Memory Usage (1487532K) : Executing rule isonwell_drw_Acute
2026-09-23 03:35:54 +0200: Memory Usage (1487532K) : Executing rule thickgateox_drw_Acute
2026-09-23 03:35:54 +0200: Memory Usage (1487532K) : Executing rule pempoly_drw_Acute
2026-09-23 03:35:54 +0200: Memory Usage (1487404K) : Executing rule fbe_drw_Acute
2026-09-23 03:35:54 +0200: Memory Usage (1487404K) : Executing rule empoly_drw_Acute
2026-09-23 03:35:55 +0200: Memory Usage (1487404K) : Executing rule ldmos_drw_Acute
2026-09-23 03:35:55 +0200: Memory Usage (1487404K) : Executing rule pbiwind_drw_Acute
2026-09-23 03:35:55 +0200: Memory Usage (1487404K) : Executing rule colopen_drw_Acute
2026-09-23 03:35:55 +0200: Memory Usage (1487404K) : Executing rule extblock_drw_Acute
2026-09-23 03:35:55 +0200: Memory Usage (1487404K) : Executing rule nldd_drw_Acute
2026-09-23 03:35:55 +0200: Memory Usage (1487404K) : Executing rule pldd_drw_Acute
2026-09-23 03:35:55 +0200: Memory Usage (1487404K) : Executing rule next_drw_Acute
2026-09-23 03:35:55 +0200: Memory Usage (1487404K) : Executing rule pext_drw_Acute
2026-09-23 03:35:55 +0200: Memory Usage (1487404K) : Executing rule nexthv_drw_Acute
2026-09-23 03:35:55 +0200: Memory Usage (1487404K) : Executing rule pexthv_drw_Acute
2026-09-23 03:35:55 +0200: Memory Usage (1487404K) : Executing rule graphgate_drw_Acute
2026-09-23 03:35:55 +0200: Memory Usage (1487404K) : Executing rule mempad_drw_Acute
2026-09-23 03:35:55 +0200: Memory Usage (1487404K) : Executing rule topvia1_drw_Acute
2026-09-23 03:35:56 +0200: Memory Usage (1487852K) : Executing rule topmetal1_drw_Acute
2026-09-23 03:35:56 +0200: Memory Usage (1487852K) : Executing rule topmetal1_pin_Acute
2026-09-23 03:35:56 +0200: Memory Usage (1487852K) : Executing rule topmetal1_mask_Acute
2026-09-23 03:35:56 +0200: Memory Usage (1487852K) : Executing rule topmetal1_filler_Acute
2026-09-23 03:35:56 +0200: Memory Usage (1487852K) : Executing rule topmetal1_nofill_Acute
2026-09-23 03:35:56 +0200: Memory Usage (1487660K) : Executing rule topmetal1_slit_Acute
2026-09-23 03:35:56 +0200: Memory Usage (1487660K) : Executing rule topmetal1_noqrc_Acute
2026-09-23 03:35:56 +0200: Memory Usage (1487660K) : Executing rule topmetal1_res_Acute
2026-09-23 03:35:56 +0200: Memory Usage (1487660K) : Executing rule topmetal1_iprobe_Acute
2026-09-23 03:35:56 +0200: Memory Usage (1487660K) : Executing rule topmetal1_diffprb_Acute
2026-09-23 03:35:56 +0200: Memory Usage (1487660K) : Executing rule inldpwl_drw_Acute
2026-09-23 03:35:56 +0200: Memory Usage (1487660K) : Executing rule polyres_drw_Acute
2026-09-23 03:35:57 +0200: Memory Usage (1487660K) : Executing rule polyres_pin_Acute
2026-09-23 03:35:57 +0200: Memory Usage (1487660K) : Executing rule vmim_drw_Acute
2026-09-23 03:35:57 +0200: Memory Usage (1487596K) : Executing rule nbulaycut_drw_Acute
2026-09-23 03:35:57 +0200: Memory Usage (1487596K) : Executing rule antmetal1_drw_Acute
2026-09-23 03:35:57 +0200: Memory Usage (1487596K) : Executing rule topvia2_drw_Acute
2026-09-23 03:35:57 +0200: Memory Usage (1487596K) : Executing rule topmetal2_drw_Acute
2026-09-23 03:35:57 +0200: Memory Usage (1487596K) : Executing rule topmetal2_pin_Acute
2026-09-23 03:35:58 +0200: Memory Usage (1487596K) : Executing rule topmetal2_mask_Acute
2026-09-23 03:35:58 +0200: Memory Usage (1487596K) : Executing rule topmetal2_filler_Acute
2026-09-23 03:35:58 +0200: Memory Usage (1487596K) : Executing rule topmetal2_nofill_Acute
2026-09-23 03:35:58 +0200: Memory Usage (1487596K) : Executing rule topmetal2_slit_Acute
2026-09-23 03:35:58 +0200: Memory Usage (1487596K) : Executing rule topmetal2_noqrc_Acute
2026-09-23 03:35:58 +0200: Memory Usage (1487596K) : Executing rule topmetal2_res_Acute
2026-09-23 03:35:58 +0200: Memory Usage (1487596K) : Executing rule topmetal2_iprobe_Acute
2026-09-23 03:35:58 +0200: Memory Usage (1487596K) : Executing rule topmetal2_diffprb_Acute
2026-09-23 03:35:58 +0200: Memory Usage (1487596K) : Executing rule snsring_drw_Acute
2026-09-23 03:35:58 +0200: Memory Usage (1487596K) : Executing rule sensor_drw_Acute
2026-09-23 03:35:58 +0200: Memory Usage (1487596K) : Executing rule snsarms_drw_Acute
2026-09-23 03:35:58 +0200: Memory Usage (1487596K) : Executing rule snscmosvia_drw_Acute
2026-09-23 03:35:58 +0200: Memory Usage (1487596K) : Executing rule colwind_drw_Acute
2026-09-23 03:35:58 +0200: Memory Usage (1487596K) : Executing rule flm_drw_Acute
2026-09-23 03:35:58 +0200: Memory Usage (1487596K) : Executing rule hafniumox_drw_Acute
2026-09-23 03:35:58 +0200: Memory Usage (1487596K) : Executing rule memvia_drw_Acute
2026-09-23 03:35:58 +0200: Memory Usage (1487596K) : Executing rule thinfilmres_drw_Acute
2026-09-23 03:35:58 +0200: Memory Usage (1487596K) : Executing rule rfmem_drw_Acute
2026-09-23 03:35:58 +0200: Memory Usage (1487596K) : Executing rule snsbotvia_drw_Acute
2026-09-23 03:35:58 +0200: Memory Usage (1487596K) : Executing rule snstopvia_drw_Acute
2026-09-23 03:35:58 +0200: Memory Usage (1487596K) : Executing rule deepvia_drw_Acute
2026-09-23 03:35:58 +0200: Memory Usage (1487596K) : Executing rule fgetch_drw_Acute
2026-09-23 03:35:58 +0200: Memory Usage (1487596K) : Executing rule ctrgat_drw_Acute
2026-09-23 03:35:58 +0200: Memory Usage (1487596K) : Executing rule fgimp_drw_Acute
2026-09-23 03:35:58 +0200: Memory Usage (1487596K) : Executing rule emwihv_drw_Acute
2026-09-23 03:35:58 +0200: Memory Usage (1487596K) : Executing rule lbe_drw_Acute
2026-09-23 03:35:59 +0200: Memory Usage (1487596K) : Executing rule alcustop_drw_Acute
2026-09-23 03:35:59 +0200: Memory Usage (1487596K) : Executing rule cont_drw_Angle90
2026-09-23 03:36:41 +0200: Memory Usage (2930004K) : Executing rule via1_drw_Angle90
2026-09-23 03:36:43 +0200: Memory Usage (2733920K) : Executing rule via2_drw_Angle90
2026-09-23 03:36:44 +0200: Memory Usage (2733920K) : Executing rule via3_drw_Angle90
2026-09-23 03:36:45 +0200: Memory Usage (2733920K) : Executing rule via4_drw_Angle90
2026-09-23 03:36:45 +0200: Memory Usage (2733920K) : Executing rule vmim_drw_Angle90
2026-09-23 03:36:45 +0200: Memory Usage (2733920K) : Executing rule topvia1_drw_Angle90
2026-09-23 03:36:46 +0200: Memory Usage (2733920K) : Executing rule topvia2_drw_Angle90
2026-09-23 03:36:47 +0200: Memory Usage (2733920K) : Executing rule gatpoly_drw_Angle45
2026-09-23 03:36:47 +0200: Memory Usage (2733932K) : Executing rule activ_drw_Angle45
2026-09-23 03:36:49 +0200: Memory Usage (2733932K) : Executing rule metal1_drw_Angle45
2026-09-23 03:36:56 +0200: Memory Usage (2733932K) : Executing rule metal2_drw_Angle45
2026-09-23 03:36:58 +0200: Memory Usage (2733932K) : Executing rule metal3_drw_Angle45
2026-09-23 03:36:59 +0200: Memory Usage (2733932K) : Executing rule metal4_drw_Angle45
2026-09-23 03:37:00 +0200: Memory Usage (2733932K) : Executing rule metal5_drw_Angle45
2026-09-23 03:37:00 +0200: Memory Usage (2733932K) : Executing rule topmetal1_drw_Angle45
2026-09-23 03:37:00 +0200: Memory Usage (2733932K) : Executing rule topmetal2_drw_Angle45
2026-09-23 03:37:00 +0200: Memory Usage (2733932K) : Starting 3.2. FORBIDDEN table
2026-09-23 03:37:00 +0200: Memory Usage (2733932K) : Executing rule forbidden.biwind
2026-09-23 03:37:00 +0200: Memory Usage (2733932K) : Executing rule forbidden.pemwind
2026-09-23 03:37:00 +0200: Memory Usage (2733932K) : Executing rule forbidden.baspoly
2026-09-23 03:37:00 +0200: Memory Usage (2733932K) : Executing rule forbidden.deepco
2026-09-23 03:37:00 +0200: Memory Usage (2733932K) : Executing rule forbidden.pempoly
2026-09-23 03:37:00 +0200: Memory Usage (2733932K) : Executing rule forbidden.empoly
2026-09-23 03:37:00 +0200: Memory Usage (2733932K) : Executing rule forbidden.ldmos
2026-09-23 03:37:00 +0200: Memory Usage (2733932K) : Executing rule forbidden.pbiwind
2026-09-23 03:37:00 +0200: Memory Usage (2733932K) : Executing rule forbidden.nodrc
2026-09-23 03:37:00 +0200: Memory Usage (2733932K) : Executing rule forbidden.flash
2026-09-23 03:37:00 +0200: Memory Usage (2733932K) : Executing rule forbidden.colwind
2026-09-23 03:37:00 +0200: Memory Usage (2733932K) : KLayout DRC run for tables 'main' completed in 377.08 seconds
