

The temperature limiting function received NaN.
Please check your power dissipation and improve your heat sink Rth!
    This message will be shown only once.


Note: No compatibility mode selected!


Circuit: * c76-v1 ac deck — track-phase loading with the p1_hybrid b copy (deck only, unrun)

Doing analysis at TEMP = 27.000000 and TNOM = 27.000000

Using SPARSE 1.3 as Direct Linear Solver
OSDI(debug) n.xampa.xre2_2.nr1: WARNING: V(i1,c) voltage is greater than specified by vmax
OSDI(debug) n.xampa.xre2_2.nr1: WARNING: V(i2,c) voltage is greater than specified by vmax
OSDI(debug) n.xampa.xre2_1.nr1: WARNING: V(i1,c) voltage is greater than specified by vmax
OSDI(debug) n.xampa.xre2_1.nr1: WARNING: V(i2,c) voltage is greater than specified by vmax
OSDI(debug) n.xampa.xrdeg_s2.nr1: WARNING: V(i1,c) voltage is greater than specified by vmax
OSDI(debug) n.xampa.xrdeg_s2.nr1: WARNING: V(i2,c) voltage is greater than specified by vmax
OSDI(debug) n.xampa.xre2_2.nr1: WARNING: V(i1,c) voltage is greater than specified by vmax
OSDI(debug) n.xampa.xre2_2.nr1: WARNING: V(i2,c) voltage is greater than specified by vmax
OSDI(debug) n.xampa.xre2_1.nr1: WARNING: V(i1,c) voltage is greater than specified by vmax
OSDI(debug) n.xampa.xre2_1.nr1: WARNING: V(i2,c) voltage is greater than specified by vmax
OSDI(debug) n.xampa.xrc2_1.nr1: WARNING: V(i1,c) voltage is greater than specified by vmax
OSDI(debug) n.xampa.xrc2_1.nr1: WARNING: V(i2,c) voltage is greater than specified by vmax
OSDI(debug) n.xampa.xrc2_2.nr1: WARNING: V(i1,c) voltage is greater than specified by vmax
OSDI(debug) n.xampa.xrc2_2.nr1: OSDI(debug) n.xampa.xrb2_2.nr1: WARNING: V(i2,c) voltage is greater than specified by vmax
WARNING: V(i1,c) voltage is greater than specified by vmax
OSDI(debug) n.xampa.xrb2_2.nr1: WARNING: V(i2,c) voltage is greater than specified by vmax
OSDI(debug) n.xampa.xrb2_1.nr1: OSDI(debug) n.xampa.xrdeg_s1.nr1: OSDI(debug) n.xampa.xrbdiv2.nr1: OSDI(debug) n.xampa.xrptat.nr1: OSDI(debug) n.xampa.xre1_1.nr1: WARNING: V(i1,c) voltage is greater than specified by vmax
OSDI(debug) n.xampa.xre1_2.nr1: WARNING: V(i1,c) voltage is greater than specified by vmax
OSDI(debug) n.xampa.xre1_1.nr1: WARNING: V(i2,c) voltage is greater than specified by vmax
OSDI(debug) n.xampa.xrb2_1.nr1: OSDI(debug) n.xampa.xrc1_2.nr1: WARNING: V(i1,c) voltage is greater than specified by vmax
OSDI(debug) n.xampa.xrbdiv1.nr1: WARNING: V(i1,c) voltage is greater than specified by vmax
OSDI(debug) n.xampa.xrc1_2.nr1: WARNING: V(i2,c) voltage is greater than specified by vmax
OSDI(debug) n.xampa.xrc1_1.nr1: WARNING: V(i1,c) voltage is greater than specified by vmax
OSDI(debug) n.xampa.xrc1_1.nr1: WARNING: V(i2,c) voltage is greater than specified by vmax
WARNING: V(i1,c) voltage is greater than specified by vmax
WARNING: V(i1,c) voltage is greater than specified by vmax
OSDI(debug) n.xampa.xrptat.nr1: OSDI(debug) n.xampa.xrbdiv1.nr1: WARNING: V(i2,c) voltage is greater than specified by vmax
OSDI(debug) n.xampa.xrdeg_p1.nr1: WARNING: V(i1,c) voltage is greater than specified by vmax
OSDI(debug) n.xampa.xrdeg_s1.nr1: WARNING: V(i1,c) voltage is greater than specified by vmax
WARNING: V(i2,c) voltage is greater than specified by vmax
OSDI(debug) n.xampa.xre1_2.nr1: WARNING: V(i2,c) voltage is greater than specified by vmax
OSDI(debug) n.xampa.xrdeg_p1.nr1: WARNING: V(i2,c) voltage is greater than specified by vmax
WARNING: V(i1,c) voltage is greater than specified by vmax
OSDI(debug) n.xampa.xrbdiv2.nr1: WARNING: V(i2,c) voltage is greater than specified by vmax
WARNING: V(i2,c) voltage is greater than specified by vmax
WARNING: V(i2,c) voltage is greater than specified by vmax
OSDI(debug) n.xampa.xrdeg_s2.nr1: WARNING: V(i1,c) voltage is greater than specified by vmax
OSDI(debug) n.xampa.xrdeg_s2.nr1: WARNING: V(i2,c) voltage is greater than specified by vmax
OSDI(debug) n.xampa.xre2_2.nr1: WARNING: V(i1,c) voltage is greater than specified by vmax
OSDI(debug) n.xampa.xre2_2.nr1: WARNING: V(i2,c) voltage is greater than specified by vmax
OSDI(debug) n.xampa.xre2_1.nr1: WARNING: V(i1,c) voltage is greater than specified by vmax
OSDI(debug) n.xampa.xre2_1.nr1: WARNING: V(i2,c) voltage is greater than specified by vmax
OSDI(debug) n.xampaNote: Starting dynamic gmin stepping
Note: Dynamic gmin stepping completed
.xrc2_1.nr1: WARNING: V(i1,c) voltage is greater than specified by vmax
OSDI(debug) n.xampa.xrc2_1.nr1: WARNING: V(i2,c) voltage is greater than specified by vmax
OSDI(debug) n.xampa.xrdeg_p1.nr1: WARNING: V(i1,c) voltage is greater than specified by vmax
OSDI(debug) n.xampa.xrdeg_p1.nr1: WARNING: V(i2,c) voltage is greater than specified by vmax
OSDI(debug) n.xampa.xre1_2.nr1: WARNING: V(i1,c) voltage is greater than specified by vmax
OSDI(debug) n.xampa.xre1_2.nr1: WARNING: V(i2,c) voltage is greater than specified by vmax
OSDI(debug) n.xampa.xre1_1.nr1: WARNING: V(i1,c) voltage is greater than specified by vmax
OSDI(debug) n.xampa.xre1_1.nr1: WARNING: V(i2,c) voltage is greater than specified by vmax
OSDI(debug) n.xampa.xrc1_2.nr1: WARNING: V(i1,c) voltage is greater than specified by vmax
OSDI(debug) n.xampa.xrc1_2.nr1: WARNING: V(i2,c) voltage is greater than specified by vmax
OSDI(debug) n.xampa.xrc1_1.nr1: WARNING: V(i1,c) voltage is greater than specified by vmax
OSDI(debug) n.xampa.xrc1_1.nr1: WARNING: V(i2,c) voltage is greater than specified by vmax
OSDI(debug) n.xampa.xrc2_2.nr1: WARNING: V(i1,c) voltage is greater than specified by vmax
OSDI(debug) n.xampa.xrc2_2.nr1: WARNING: V(i2,c) voltage is greater than specified by vmax
OSDI(debug) n.xampa.xrb2_2.nr1: WARNING: V(i1,c) voltage is greater than specified by vmax
OSDI(debug) n.xampa.xrb2_2.nr1: WARNING: V(i2,c) voltage is greater than specified by vmax
OSDI(debug) n.xampa.xrb2_1.nr1: WARNING: V(i1,c) voltage is greater than specified by vmax
OSDI(debug) n.xampa.xrb2_1.nr1: WARNING: V(i2,c) voltage is greater than specified by vmax
OSDI(debug) n.xampa.xrbdiv2.nr1: WARNING: V(i1,c) voltage is greater than specified by vmax
OSDI(debug) n.xampa.xrbdiv2.nr1: WARNING: V(i2,c) voltage is greater than specified by vmax
OSDI(debug) n.xampa.xrbdiv1.nr1: WARNING: V(i1,c) voltage is greater than specified by vmax
OSDI(debug) n.xampa.xrbdiv1.nr1: WARNING: V(i2,c) voltage is greater than specified by vmax
OSDI(debug) n.xampa.xrdeg_s1.nr1: WARNING: V(i1,c) voltage is greater than specified by vmax
OSDI(debug) n.xampa.xrdeg_s1.nr1: WARNING: V(i2,c) voltage is greater than specified by vmax
OSDI(debug) n.xampa.xrptat.nr1: WARNING: V(i1,c) voltage is greater than specified by vmax
OSDI(debug) n.xampa.xrptat.nr1: WARNING: V(i2,c) voltage is greater than specified by vmax
 Reference value :  0.00000e+00
No. of Data Rows : 1
binary raw file "evidence/c76-V1-AC-TRACKPHASE-HYBRID-CANDIDATE-ONLY.op.raw"
Doing analysis at TEMP = 27.000000 and TNOM = 27.000000

Using SPARSE 1.3 as Direct Linear Solver
OSDI(debug) n.xampa.xre2_1.nr1: OSDI(debug) n.xampa.xre2_2.nr1: WARNING: V(i1,c) voltage is greater than specified by vmax
OSDI(debug) n.xampa.xre2_2.nr1: WARNING: V(i2,c) voltage is greater than specified by vmax
WARNING: V(i1,c) voltage is greater than specified by vmax
OSDI(debug) n.xampa.xre2_1.nr1: WARNING: V(i2,c) voltage is greater than specified by vmax
OSDI(debug) n.xampa.xrdeg_s2.nr1: WARNING: V(i1,c) voltage is greater than specified by vmax
OSDI(debug) n.xampa.xre2_2.nr1: OSDI(debug) n.xampa.xrdeg_s2.nr1: WARNING: V(i1,c) voltage is greater than specified by vmax
WARNING: V(i2,c) voltage is greater than specified by vmax
OSDI(debug) n.xampa.xre2_2.nr1: WARNING: V(i2,c) voltage is greater than specified by vmax
OSDI(debug) n.xampa.xrc2_1.nr1: OSDI(debug) n.xampa.xrb2_1.nr1: OSDI(debug) n.xampa.xrbdiv1.nr1: WARNING: V(i1,c) voltage is greater than specified by vmax
OSDI(debug) n.xampa.xrbdiv2.nr1: OSDI(debug) n.xampa.xrb2_1.nr1: WARNING: V(i1,c) voltage is greater than specified by vmax
OSDI(debug) n.xampa.xrb2_2.nr1: OSDI(debug) n.xampa.xre2_1.nr1: WARNING: V(i1,c) voltage is greater than specified by vmax
WARNING: V(i1,c) voltage is greater than specified by vmax
WARNING: V(i2,c) voltage is greater than specified by vmax
OSDI(debug) n.xampa.xrb2_2.nr1: OSDI(debug) n.xampa.xrc2_1.nr1: WARNING: V(i1,c) voltage is greater than specified by vmax
OSDI(debug) n.xampa.xrptat.nr1: WARNING: V(i1,c) voltage is greater than specified by vmax
WARNING: V(i2,c) voltage is greater than specified by vmax
OSDI(debug) n.xampa.xrdeg_s1.nr1: OSDI(debug) n.xampa.xrbdiv1.nr1: WARNING: V(i1,c) voltage is greater than specified by vmax
OSDI(debug) n.xampa.xrdeg_p1.nr1: WARNING: V(i1,c) voltage is greater than specified by vmax
OSDI(debug) n.xampa.xrptat.nr1: WARNING: V(i2,c) voltage is greater than specified by vmax
WARNING: V(i2,c) voltage is greater than specified by vmax
WARNING: V(i1,c) voltage is greater than specified by vmax
OSDI(debug) n.xampa.xrdeg_p1.nr1: WARNING: V(i2,c) voltage is greater than specified by vmax
OSDI(debug) n.xampa.xre1_2.nr1: OSDI(debug) n.xampa.xre1_1.nr1: OSDI(debug) n.xampa.xrc1_2.nr1: OSDI(debug) n.xampa.xrdeg_s1.nr1: WARNING: V(i1,c) voltage is greater than specified by vmax
WARNING: V(i2,c) voltage is greater than specified by vmax
WARNING: V(i2,c) voltage is greater than specified by vmax
OSDI(debug) n.xampa.xre1_2.nr1: WARNING: V(i2,c) voltage is greater than specified by vmax
OSDI(debug) n.xampa.xrbdiv2.nr1: OSDI(debug) n.xampa.xrc1_1.nr1: OSDI(debug) n.xampa.xre2_1.nr1: WARNING: V(i1,c) voltage is greater than specified by vmax
WARNING: V(i1,c) voltage is greater than specified by vmax
OSDI(debug) n.xampa.xrc2_2.nr1: WARNING: V(i2,c) voltage is greater than specified by vmax
WARNING: V(i1,c) voltage is greater than specified by vmax
OSDI(debug) n.xampa.xre1_1.nr1: WARNING: V(i2,c) voltage is greater than specified by vmax
OSDI(debug) n.xampa.xrc1_2.nr1: WARNING: V(i2,c) voltage is greater than specified by vmax
WARNING: V(i1,c) voltage is greater than specified by vmax
OSDI(debug) n.xampa.xrc2_2.nr1: WARNING: V(i2,c) voltage is greater than specified by vmax
OSDI(debug) n.xampa.xrc1_1.nr1: WARNING: V(i2,c) voltage is greater than specified by vmax
WARNING: V(i2,c) voltage is greater than specified by vmax
OSDI(debug) n.xampa.xrdeg_s2.nr1: WARNING: V(i1,c) voltage is greater than specified by vmax
OSDI(debug) n.xampa.xrdeg_s2.nr1: WARNING: V(i2,c) voltage is greater than specified by vmax
OSDI(debug) n.xampa.xre2_2.nr1: WARNING: V(i1,c) voltage is greater than specified by vmax
OSDI(debug) n.xampa.xre2_2.nr1: WARNING: V(i2,c) voltage is greater than specified by vmax
OSDI(debug) n.xampa.xre2_1.nr1: WARNING: V(i1,c) voltage is greater than specified by vmax
OSDI(debug) n.xampa.xre2_1.nr1: WARNING: V(i2,c) voltage is greater than specified by vmax
OSDI(debug) n.xampa.xrc2_1.nr1: WARNING: V(i1,c) voltage Note: Starting dynamic gmin stepping
Note: Dynamic gmin stepping completed
is greater than specified by vmax
OSDI(debug) n.xampa.xrptat.nr1: WARNING: V(i1,c) voltage is greater than specified by vmax
OSDI(debug) n.xampa.xrptat.nr1: WARNING: V(i2,c) voltage is greater than specified by vmax
OSDI(debug) n.xampa.xrdeg_p1.nr1: WARNING: V(i1,c) voltage is greater than specified by vmax
OSDI(debug) n.xampa.xrc2_1.nr1: OSDI(debug) n.xampa.xrdeg_p1.nr1: WARNING: V(i2,c) voltage is greater than specified by vmax
OSDI(debug) n.xampa.xre1_2.nr1: WARNING: V(i1,c) voltage is greater than specified by vmax
OSDI(debug) n.xampa.xre1_2.nr1: WARNING: V(i2,c) voltage is greater than specified by vmax
OSDI(debug) n.xampa.xre1_1.nr1: WARNING: V(i1,c) voltage is greater than specified by vmax
OSDI(debug) n.xampa.xre1_1.nr1: WARNING: V(i2,c) voltage is greater than specified by vmax
WARNING: V(i2,c) voltage is greater than specified by vmax
OSDI(debug) n.xampa.xrc1_1.nr1: WARNING: V(i1,c) voltage is greater than specified by vmax
OSDI(debug) n.xampa.xrc2_2.nr1: OSDI(debug) n.xampa.xrc1_2.nr1: OSDI(debug) n.xampa.xrb2_1.nr1: OSDI(debug) n.xampa.xrc1_1.nr1: WARNING: V(i1,c) voltage is greater than specified by vmax
OSDI(debug) n.xampa.xrc2_2.nr1: WARNING: V(i2,c) voltage is greater than specified by vmax
WARNING: V(i2,c) voltage is greater than specified by vmax
WARNING: V(i1,c) voltage is greater than specified by vmax
OSDI(debug) n.xampa.xrc1_2.nr1: WARNING: V(i2,c) voltage is greater than specified by vmax
WARNING: V(i1,c) voltage is greater than specified by vmax
OSDI(debug) n.xampa.xrb2_1.nr1: WARNING: V(i2,c) voltage is greater than specified by vmax
OSDI(debug) n.xampa.xrbdiv1.nr1: OSDI(debug) n.xampa.xrdeg_s1.nr1: WARNING: V(i1,c) voltage is greater than specified by vmax
WARNING: V(i1,c) voltage is greater than specified by vmax
OSDI(debug) n.xampa.xrdeg_s1.nr1: OSDI(debug) n.xampa.xrbdiv1.nr1: WARNING: V(i2,c) voltage is greater than specified by vmax
WARNING: V(i2,c) voltage is greater than specified by vmax
OSDI(debug) n.xampa.xrbdiv2.nr1: WARNING: V(i1,c) voltage is greater than specified by vmax
OSDI(debug) n.xampa.xrbdiv2.nr1: WARNING: V(i2,c) voltage is greater than specified by vmax
OSDI(debug) n.xampa.xrb2_2.nr1: WARNING: V(i1,c) voltage is greater than specified by vmax
OSDI(debug) n.xampa.xrb2_2.nr1: WARNING: V(i2,c) voltage is greater than specified by vmax
 Reference value :  1.00000e+06
No. of Data Rows : 201
binary raw file "evidence/c76-V1-AC-TRACKPHASE-HYBRID-CANDIDATE-ONLY.raw"
ga_mag_10m          =  1.17717e+01
ga_mag_100m         =  1.65207e+01
ga_mag_1g           =  1.67225e+01
ga_mag_2g5          =  1.65870e+01
ga_mag_5g           =  1.61227e+01
ga_ph_10m           =  5.81850e-01
ga_ph_100m          =  1.01881e-01
ga_ph_1g            =  -5.62468e-02
ga_ph_2g5           =  -1.63253e-01
ga_ph_5g            =  -3.27885e-01
gb_mag_10m          =  1.11117e+01
gb_mag_100m         =  1.55885e+01
gb_mag_1g           =  1.54759e+01
gb_mag_2g5          =  1.40812e+01
gb_mag_5g           =  1.13345e+01
gb_ph_10m           =  5.80065e-01
gb_ph_100m          =  8.68488e-02
gb_ph_1g            =  -2.02794e-01
gb_ph_2g5           =  -4.93323e-01
gb_ph_5g            =  -8.39844e-01
load_mag_10m        =  9.99685e-01
load_mag_100m       =  9.99509e-01
load_mag_1g         =  1.00050e+00
load_mag_2g5        =  1.00430e+00
load_mag_5g         =  1.00911e+00
load_ph_10m         =  -3.47290e-04
load_ph_100m        =  -5.16340e-04
load_ph_1g          =  -4.95791e-03
load_ph_2g5         =  -1.49363e-02
load_ph_5g          =  -3.80171e-02
ydm_mag_10m         =  1.06238e-06
ydm_mag_100m        =  1.39877e-06
ydm_mag_1g          =  9.93298e-06
ydm_mag_2g5         =  3.10383e-05
ydm_mag_5g          =  7.86949e-05
ydm_ph_10m          =  8.89643e-02
ydm_ph_100m         =  7.36306e-01
ydm_ph_1g           =  1.68365e+00
ydm_ph_2g5          =  1.89319e+00
ydm_ph_5g           =  1.89458e+00
ga_mag_10m = 1.177174e+01
ga_mag_100m = 1.652071e+01
ga_mag_1g = 1.672254e+01
ga_mag_2g5 = 1.658696e+01
ga_mag_5g = 1.612273e+01
ga_ph_10m = 5.818502e-01
ga_ph_100m = 1.018814e-01
ga_ph_1g = -5.62468e-02
ga_ph_2g5 = -1.63253e-01
ga_ph_5g = -3.27885e-01
gb_mag_10m = 1.111168e+01
gb_mag_100m = 1.558855e+01
gb_mag_1g = 1.547589e+01
gb_mag_2g5 = 1.408115e+01
gb_mag_5g = 1.133454e+01
gb_ph_10m = 5.800648e-01
gb_ph_100m = 8.684877e-02
gb_ph_1g = -2.02794e-01
gb_ph_2g5 = -4.93323e-01
gb_ph_5g = -8.39844e-01
load_mag_10m = 9.996853e-01
load_mag_100m = 9.995094e-01
load_mag_1g = 1.000500e+00
load_mag_2g5 = 1.004298e+00
load_mag_5g = 1.009112e+00
load_ph_10m = -3.47290e-04
load_ph_100m = -5.16340e-04
load_ph_1g = -4.95791e-03
load_ph_2g5 = -1.49363e-02
load_ph_5g = -3.80171e-02
ydm_mag_10m = 1.062375e-06
ydm_mag_100m = 1.398774e-06
ydm_mag_1g = 9.932975e-06
ydm_mag_2g5 = 3.103833e-05
ydm_mag_5g = 7.869492e-05
ydm_ph_10m = 8.896433e-02
ydm_ph_100m = 7.363062e-01
ydm_ph_1g = 1.683650e+00
ydm_ph_2g5 = 1.893188e+00
ydm_ph_5g = 1.894582e+00
ngspice-46 done
