Startpoint: i_core.u_digital/_6665_
            (rising edge-triggered flip-flop clocked by SCLK')
Endpoint: SDO (output port clocked by SCLK)
Path Group: SCLK
Path Type: max

Fanout       Cap      Slew     Delay      Time   Description
-------------------------------------------------------------------------------------
                             50.0000   50.0000   clock SCLK' (rise edge)
                              0.0000   50.0000   clock source latency
     2    0.1422    0.3189    0.0000   50.0000 v pad14_sclk/p2c (sg13g2_IOPadIn)
     1    0.0193    0.0403    0.2526   50.2526 v i_core.u_digital/clkbuf_regs_0_sclk/X (sg13g2_buf_16)
     8    0.1529    0.0721    0.1405   50.3932 v i_core.u_digital/clkbuf_0_sclk_regs/X (sg13g2_buf_16)
     7    0.0357    0.0360    0.1480   50.5412 v i_core.u_digital/clkbuf_3_7__f_sclk_regs/X (sg13g2_buf_16)
     1    0.0054    0.0468    0.0554   50.5965 ^ i_core.u_digital/_2856__369/Y (sg13g2_inv_1)
                    0.0468    0.0003   50.5969 ^ i_core.u_digital/_6665_/CLK (sg13g2_dfrbpq_1)
     1    0.0037    0.0416    0.2700   50.8669 ^ i_core.u_digital/_6665_/Q (sg13g2_dfrbpq_1)
     1    0.0972    0.6179    0.4934   51.3602 ^ i_core.u_digital/output35/X (sg13g2_buf_1)
     2    0.0060    0.4030    2.3883   53.7486 ^ pad16_sdo/pad (sg13g2_IOPadOut4mA)
                    0.3022    0.0000   53.7486 ^ SDO (inout)
                                       53.7486   data arrival time

                            100.0000  100.0000   clock SCLK (rise edge)
                              0.0000  100.0000   clock network delay (propagated)
                             -0.2500   99.7500   clock uncertainty
                              0.0000   99.7500   clock reconvergence pessimism
                            -20.0000   79.7500   output external delay
                                       79.7500   data required time
-------------------------------------------------------------------------------------
                                       79.7500   data required time
                                      -53.7486   data arrival time
-------------------------------------------------------------------------------------
                                       26.0014   slack (MET)


