GDS input file passed, running in LVS mode
Found cell g1_sense in GDS g1_sense_nomim.gds (only top cell)
Cache miss: extracted LVSDB does not exist
pex/cc_nomim/.kpex_cache/ihp-sg13g2/work/build/g1_sense_lay/g1_sense_nomim.gds/g1_sense.lvsdb.gz
klayout -b -r /usr/local/lib/python3.12/dist-packages/klayout_pex/pdk/ihp-sg13g2/libs.tech/kpex/sg13g2.lvs -rd input=/work/build/g1_sense_lay/g1_sense_nomim.gds -rd report=/work/build/g1_sense_lay/pex/cc_nomim/g1_sense_nomim__g1_sense/g1_sense.lvsdb.gz -rd schematic=/work/build/g1_sense_lay/g1_sense.cdl -rd thr=22 -rd run_mode=deep -rd spice_net_names=true -rd spice_comments=false -rd scale=false -rd verbose=false -rd schematic_simplify=false -rd net_only=false -rd top_lvl_pins=true -rd combine=false -rd combine_devices=false -rd purge=false -rd purge_nets=false -rd no_simplify=true
pex/cc_nomim/g1_sense_nomim__g1_sense/g1_sense_lvs.log
2026-09-19 09:39:16 +0200: Memory Usage (803232K) : Starting running SG13G2 Klayout LVS runset on /work/build/g1_sense_lay/g1_sense_nomim.gds
2026-09-19 09:39:16 +0200: Memory Usage (803360K) : Ruby Version for klayout: 3.2.3
2026-09-19 09:39:16 +0200: Memory Usage (805664K) : Loading database to memory is complete.
2026-09-19 09:39:16 +0200: Memory Usage (805664K) : SG13G2 Klayout LVS runset output at: /work/build/g1_sense_lay/pex/cc_nomim/g1_sense_nomim__g1_sense/g1_sense.lvsdb.gz
2026-09-19 09:39:16 +0200: Memory Usage (805664K) : Evaluate switches.
2026-09-19 09:39:16 +0200: Memory Usage (805664K) : Extracted netlist with net names: true
2026-09-19 09:39:16 +0200: Memory Usage (805664K) : Extracted netlist with comments in details: false
2026-09-19 09:39:16 +0200: Memory Usage (805664K) : Selected NET_ONLY option: false
2026-09-19 09:39:16 +0200: Memory Usage (805664K) : Selected LAYOUT_NETLIST option: (none)
2026-09-19 09:39:16 +0200: Memory Usage (805664K) : Selected IGNORE_TOP_PORTS_MISMATCH option: 
2026-09-19 09:39:16 +0200: Memory Usage (805664K) : Selected IMPLICIT_NETS option: (none)
2026-09-19 09:39:16 +0200: Memory Usage (805664K) : Selected TOP_LVL_PINS option: true
2026-09-19 09:39:16 +0200: Memory Usage (805664K) : Selected COMBINE DEVICES option: false
2026-09-19 09:39:16 +0200: Memory Usage (805664K) : Selected PURGE option: false
2026-09-19 09:39:16 +0200: Memory Usage (805664K) : Selected PURGE_NETS option: false
2026-09-19 09:39:16 +0200: Memory Usage (805664K) : Selected SIMPLIFY option: false
2026-09-19 09:39:16 +0200: Memory Usage (805664K) : Selected SERIES_RES option: true
2026-09-19 09:39:16 +0200: Memory Usage (805664K) : Selected PARALLEL_RES option: true
2026-09-19 09:39:16 +0200: Memory Usage (805664K) : deep  mode is enabled.
2026-09-19 09:39:16 +0200: Memory Usage (808736K) : Netlist file: /work/build/g1_sense_lay/g1_sense.cdl
2026-09-19 09:39:16 +0200: Memory Usage (808736K) : SG13G2 Klayout LVS extracted netlist file at: g1_sense_extracted.cir
2026-09-19 09:39:16 +0200: Memory Usage (808736K) : Applying SRAM integration support.
2026-09-19 09:39:16 +0200: Memory Usage (808736K) : Starting SG13G2 LVS runset
2026-09-19 09:39:16 +0200: Memory Usage (808736K) : Read in polygons from layers.
2026-09-19 09:39:16 +0200: Memory Usage (811552K) : activ_drw has 665 polygons
2026-09-19 09:39:16 +0200: Memory Usage (811552K) : activ_filler has 0 polygons
2026-09-19 09:39:16 +0200: Memory Usage (811808K) : activ has 665 polygons
2026-09-19 09:39:16 +0200: Memory Usage (811808K) : activ_pin has 0 polygons
2026-09-19 09:39:16 +0200: Memory Usage (811808K) : activ_mask has 0 polygons
2026-09-19 09:39:16 +0200: Memory Usage (812192K) : activ_nofill has 0 polygons
2026-09-19 09:39:16 +0200: Memory Usage (812192K) : activ_OPC has 0 polygons
2026-09-19 09:39:16 +0200: Memory Usage (812192K) : activ_iOPC has 0 polygons
2026-09-19 09:39:16 +0200: Memory Usage (812192K) : activ_noqrc has 0 polygons
2026-09-19 09:39:16 +0200: Memory Usage (812192K) : biwind_drw has 0 polygons
2026-09-19 09:39:16 +0200: Memory Usage (812192K) : biwind_OPC has 0 polygons
2026-09-19 09:39:16 +0200: Memory Usage (812320K) : gatpoly_drw has 1134 polygons
2026-09-19 09:39:16 +0200: Memory Usage (812320K) : gatpoly_filler has 0 polygons
2026-09-19 09:39:16 +0200: Memory Usage (812320K) : gatpoly has 1134 polygons
2026-09-19 09:39:16 +0200: Memory Usage (812448K) : gatpoly_pin has 55 polygons
2026-09-19 09:39:16 +0200: Memory Usage (812576K) : gatpoly_nofill has 0 polygons
2026-09-19 09:39:16 +0200: Memory Usage (812576K) : gatpoly_OPC has 0 polygons
2026-09-19 09:39:16 +0200: Memory Usage (812704K) : gatpoly_iOPC has 0 polygons
2026-09-19 09:39:16 +0200: Memory Usage (812704K) : gatpoly_noqrc has 0 polygons
2026-09-19 09:39:16 +0200: Memory Usage (812960K) : cont_drw has 23447 polygons
2026-09-19 09:39:16 +0200: Memory Usage (813216K) : cont_OPC has 0 polygons
2026-09-19 09:39:16 +0200: Memory Usage (813344K) : nsd_drw has 0 polygons
2026-09-19 09:39:16 +0200: Memory Usage (813472K) : nsd_block has 0 polygons
2026-09-19 09:39:16 +0200: Memory Usage (813472K) : metal1_drw has 2432 polygons
2026-09-19 09:39:16 +0200: Memory Usage (813600K) : metal1_filler has 0 polygons
2026-09-19 09:39:16 +0200: Memory Usage (813600K) : metal1_slit has 0 polygons
2026-09-19 09:39:16 +0200: Memory Usage (813856K) : metal1 has 2432 polygons
2026-09-19 09:39:16 +0200: Memory Usage (813856K) : metal1_pin has 306 polygons
2026-09-19 09:39:16 +0200: Memory Usage (813984K) : metal1_mask has 0 polygons
2026-09-19 09:39:16 +0200: Memory Usage (813984K) : metal1_nofill has 0 polygons
2026-09-19 09:39:16 +0200: Memory Usage (814240K) : metal1_text has 0 polygons
2026-09-19 09:39:16 +0200: Memory Usage (814368K) : metal1_OPC has 0 polygons
2026-09-19 09:39:16 +0200: Memory Usage (814368K) : metal1_noqrc has 0 polygons
2026-09-19 09:39:16 +0200: Memory Usage (814496K) : metal1_res has 0 polygons
2026-09-19 09:39:16 +0200: Memory Usage (814624K) : metal1_iprobe has 0 polygons
2026-09-19 09:39:16 +0200: Memory Usage (814624K) : metal1_diffprb has 0 polygons
2026-09-19 09:39:16 +0200: Memory Usage (814752K) : passiv_drw has 0 polygons
2026-09-19 09:39:16 +0200: Memory Usage (814752K) : passiv_pin has 0 polygons
2026-09-19 09:39:16 +0200: Memory Usage (814880K) : passiv_sbump has 0 polygons
2026-09-19 09:39:16 +0200: Memory Usage (814880K) : passiv_pillar has 0 polygons
2026-09-19 09:39:16 +0200: Memory Usage (815008K) : passiv_pdl has 0 polygons
2026-09-19 09:39:16 +0200: Memory Usage (815008K) : metal2_drw has 913 polygons
2026-09-19 09:39:16 +0200: Memory Usage (815136K) : metal2_filler has 0 polygons
2026-09-19 09:39:16 +0200: Memory Usage (815264K) : metal2_slit has 0 polygons
2026-09-19 09:39:16 +0200: Memory Usage (815264K) : metal2 has 913 polygons
2026-09-19 09:39:16 +0200: Memory Usage (815392K) : metal2_pin has 0 polygons
2026-09-19 09:39:16 +0200: Memory Usage (815520K) : metal2_mask has 0 polygons
2026-09-19 09:39:16 +0200: Memory Usage (815520K) : metal2_nofill has 0 polygons
2026-09-19 09:39:16 +0200: Memory Usage (815776K) : metal2_text has 12 polygons
2026-09-19 09:39:16 +0200: Memory Usage (815904K) : metal2_OPC has 0 polygons
2026-09-19 09:39:16 +0200: Memory Usage (815904K) : metal2_noqrc has 0 polygons
2026-09-19 09:39:16 +0200: Memory Usage (816032K) : metal2_res has 0 polygons
2026-09-19 09:39:16 +0200: Memory Usage (816160K) : metal2_iprobe has 0 polygons
2026-09-19 09:39:16 +0200: Memory Usage (816160K) : metal2_diffprb has 0 polygons
2026-09-19 09:39:16 +0200: Memory Usage (816288K) : baspoly_drw has 0 polygons
2026-09-19 09:39:16 +0200: Memory Usage (816288K) : baspoly_pin has 0 polygons
2026-09-19 09:39:16 +0200: Memory Usage (816416K) : psd_drw has 355 polygons
2026-09-19 09:39:16 +0200: Memory Usage (816416K) : nldb_drw has 0 polygons
2026-09-19 09:39:16 +0200: Memory Usage (816544K) : digibnd_drw has 0 polygons
2026-09-19 09:39:16 +0200: Memory Usage (816672K) : via1_drw has 775 polygons
2026-09-19 09:39:16 +0200: Memory Usage (816672K) : backmetal1_drw has 0 polygons
2026-09-19 09:39:16 +0200: Memory Usage (816800K) : backmetal1_pin has 0 polygons
2026-09-19 09:39:16 +0200: Memory Usage (816800K) : backmetal1_mask has 0 polygons
2026-09-19 09:39:16 +0200: Memory Usage (816928K) : backmetal1_filler has 0 polygons
2026-09-19 09:39:16 +0200: Memory Usage (816928K) : backmetal1_nofill has 0 polygons
2026-09-19 09:39:16 +0200: Memory Usage (817056K) : backmetal1_slit has 0 polygons
2026-09-19 09:39:16 +0200: Memory Usage (817056K) : backmetal1_text has 0 polygons
2026-09-19 09:39:16 +0200: Memory Usage (817184K) : backmetal1_OPC has 0 polygons
2026-09-19 09:39:16 +0200: Memory Usage (817184K) : backmetal1_noqrc has 0 polygons
2026-09-19 09:39:16 +0200: Memory Usage (817312K) : backmetal1_res has 0 polygons
2026-09-19 09:39:16 +0200: Memory Usage (817440K) : backmetal1_iprobe has 0 polygons
2026-09-19 09:39:16 +0200: Memory Usage (817440K) : backmetal1_diffprb has 0 polygons
2026-09-19 09:39:16 +0200: Memory Usage (817568K) : backpassiv_drw has 0 polygons
2026-09-19 09:39:16 +0200: Memory Usage (817568K) : res_drw has 0 polygons
2026-09-19 09:39:16 +0200: Memory Usage (817696K) : sram_drw has 0 polygons
2026-09-19 09:39:16 +0200: Memory Usage (817696K) : trans_drw has 0 polygons
2026-09-19 09:39:16 +0200: Memory Usage (817824K) : ind_drw has 0 polygons
2026-09-19 09:39:16 +0200: Memory Usage (817952K) : ind_pin has 0 polygons
2026-09-19 09:39:16 +0200: Memory Usage (817952K) : ind_text has 0 polygons
2026-09-19 09:39:16 +0200: Memory Usage (818080K) : salblock_drw has 100 polygons
2026-09-19 09:39:16 +0200: Memory Usage (818080K) : via2_drw has 335 polygons
2026-09-19 09:39:16 +0200: Memory Usage (818208K) : metal3_drw has 594 polygons
2026-09-19 09:39:16 +0200: Memory Usage (818208K) : metal3_filler has 0 polygons
2026-09-19 09:39:16 +0200: Memory Usage (818336K) : metal3_slit has 0 polygons
2026-09-19 09:39:16 +0200: Memory Usage (818464K) : metal3 has 594 polygons
2026-09-19 09:39:16 +0200: Memory Usage (818464K) : metal3_pin has 9 polygons
2026-09-19 09:39:16 +0200: Memory Usage (818592K) : metal3_mask has 0 polygons
2026-09-19 09:39:16 +0200: Memory Usage (818592K) : metal3_nofill has 0 polygons
2026-09-19 09:39:16 +0200: Memory Usage (818720K) : metal3_text has 15 polygons
2026-09-19 09:39:16 +0200: Memory Usage (818720K) : metal3_OPC has 0 polygons
2026-09-19 09:39:16 +0200: Memory Usage (818848K) : metal3_noqrc has 0 polygons
2026-09-19 09:39:16 +0200: Memory Usage (818976K) : metal3_res has 0 polygons
2026-09-19 09:39:16 +0200: Memory Usage (818976K) : metal3_iprobe has 0 polygons
2026-09-19 09:39:16 +0200: Memory Usage (819104K) : metal3_diffprb has 0 polygons
2026-09-19 09:39:16 +0200: Memory Usage (819104K) : nwell_drw has 42 polygons
2026-09-19 09:39:16 +0200: Memory Usage (819232K) : nwell_pin has 0 polygons
2026-09-19 09:39:16 +0200: Memory Usage (819232K) : nwell_text has 0 polygons
2026-09-19 09:39:16 +0200: Memory Usage (819360K) : nbulay_drw has 0 polygons
2026-09-19 09:39:16 +0200: Memory Usage (819488K) : nbulay_pin has 0 polygons
2026-09-19 09:39:16 +0200: Memory Usage (819488K) : nbulay_block has 0 polygons
2026-09-19 09:39:16 +0200: Memory Usage (819616K) : emwind_drw has 0 polygons
2026-09-19 09:39:16 +0200: Memory Usage (819616K) : emwind_OPC has 0 polygons
2026-09-19 09:39:16 +0200: Memory Usage (819744K) : deepco_drw has 0 polygons
2026-09-19 09:39:16 +0200: Memory Usage (819744K) : mim_drw has 0 polygons
2026-09-19 09:39:16 +0200: Memory Usage (819872K) : edgeseal_drw has 0 polygons
2026-09-19 09:39:16 +0200: Memory Usage (820000K) : substrate_drw has 30 polygons
2026-09-19 09:39:16 +0200: Memory Usage (820000K) : substrate_text has 0 polygons
2026-09-19 09:39:16 +0200: Memory Usage (820128K) : dfpad_drw has 0 polygons
2026-09-19 09:39:16 +0200: Memory Usage (820128K) : dfpad_pillar has 0 polygons
2026-09-19 09:39:16 +0200: Memory Usage (820256K) : dfpad_sbump has 0 polygons
2026-09-19 09:39:16 +0200: Memory Usage (820256K) : thickgateox_drw has 68 polygons
2026-09-19 09:39:16 +0200: Memory Usage (820384K) : pldb_drw has 0 polygons
2026-09-19 09:39:16 +0200: Memory Usage (820512K) : pwell_drw has 0 polygons
2026-09-19 09:39:16 +0200: Memory Usage (820512K) : pwell_pin has 0 polygons
2026-09-19 09:39:16 +0200: Memory Usage (820640K) : pwell_block has 0 polygons
2026-09-19 09:39:16 +0200: Memory Usage (820640K) : ic_drw has 0 polygons
2026-09-19 09:39:16 +0200: Memory Usage (820768K) : via3_drw has 126 polygons
2026-09-19 09:39:16 +0200: Memory Usage (820768K) : metal4_drw has 126 polygons
2026-09-19 09:39:16 +0200: Memory Usage (820768K) : metal4_filler has 0 polygons
2026-09-19 09:39:16 +0200: Memory Usage (820768K) : metal4_slit has 0 polygons
2026-09-19 09:39:16 +0200: Memory Usage (820768K) : metal4 has 126 polygons
2026-09-19 09:39:16 +0200: Memory Usage (820896K) : metal4_pin has 0 polygons
2026-09-19 09:39:16 +0200: Memory Usage (820896K) : metal4_mask has 0 polygons
2026-09-19 09:39:16 +0200: Memory Usage (821024K) : metal4_nofill has 0 polygons
2026-09-19 09:39:16 +0200: Memory Usage (821024K) : metal4_text has 0 polygons
2026-09-19 09:39:16 +0200: Memory Usage (821152K) : metal4_OPC has 0 polygons
2026-09-19 09:39:16 +0200: Memory Usage (821152K) : metal4_noqrc has 0 polygons
2026-09-19 09:39:16 +0200: Memory Usage (821280K) : metal4_res has 0 polygons
2026-09-19 09:39:16 +0200: Memory Usage (821280K) : metal4_iprobe has 0 polygons
2026-09-19 09:39:16 +0200: Memory Usage (821408K) : metal4_diffprb has 0 polygons
2026-09-19 09:39:16 +0200: Memory Usage (821536K) : heattrans_drw has 517 polygons
2026-09-19 09:39:16 +0200: Memory Usage (821536K) : heatres_drw has 98 polygons
2026-09-19 09:39:16 +0200: Memory Usage (821664K) : fbe_drw has 0 polygons
2026-09-19 09:39:16 +0200: Memory Usage (821664K) : empoly_drw has 0 polygons
2026-09-19 09:39:16 +0200: Memory Usage (821792K) : digisub_drw has 0 polygons
2026-09-19 09:39:16 +0200: Memory Usage (821792K) : text_drw has 159 polygons
2026-09-19 09:39:16 +0200: Memory Usage (821920K) : via4_drw has 6 polygons
2026-09-19 09:39:16 +0200: Memory Usage (822048K) : metal5_drw has 15 polygons
2026-09-19 09:39:16 +0200: Memory Usage (822048K) : metal5_filler has 0 polygons
2026-09-19 09:39:16 +0200: Memory Usage (822176K) : metal5_slit has 0 polygons
2026-09-19 09:39:16 +0200: Memory Usage (822304K) : metal5 has 15 polygons
2026-09-19 09:39:16 +0200: Memory Usage (822304K) : metal5_pin has 0 polygons
2026-09-19 09:39:16 +0200: Memory Usage (822432K) : metal5_mask has 0 polygons
2026-09-19 09:39:16 +0200: Memory Usage (822432K) : metal5_nofill has 0 polygons
2026-09-19 09:39:16 +0200: Memory Usage (822560K) : metal5_text has 0 polygons
2026-09-19 09:39:16 +0200: Memory Usage (822688K) : metal5_OPC has 0 polygons
2026-09-19 09:39:16 +0200: Memory Usage (822688K) : metal5_noqrc has 0 polygons
2026-09-19 09:39:16 +0200: Memory Usage (822816K) : metal5_res has 0 polygons
2026-09-19 09:39:16 +0200: Memory Usage (822816K) : metal5_iprobe has 0 polygons
2026-09-19 09:39:16 +0200: Memory Usage (822944K) : metal5_diffprb has 0 polygons
2026-09-19 09:39:16 +0200: Memory Usage (822944K) : radhard_drw has 0 polygons
2026-09-19 09:39:16 +0200: Memory Usage (823072K) : memcap_drw has 0 polygons
2026-09-19 09:39:16 +0200: Memory Usage (823200K) : varicap_drw has 0 polygons
2026-09-19 09:39:16 +0200: Memory Usage (823200K) : intbondvia_drw has 0 polygons
2026-09-19 09:39:16 +0200: Memory Usage (823328K) : intbondmet_drw has 0 polygons
2026-09-19 09:39:16 +0200: Memory Usage (823328K) : devbondvia_drw has 0 polygons
2026-09-19 09:39:16 +0200: Memory Usage (823456K) : devbondmet_drw has 0 polygons
2026-09-19 09:39:16 +0200: Memory Usage (823456K) : devtrench_drw has 0 polygons
2026-09-19 09:39:16 +0200: Memory Usage (823584K) : redist_drw has 0 polygons
2026-09-19 09:39:16 +0200: Memory Usage (823712K) : graphbot_drw has 0 polygons
2026-09-19 09:39:16 +0200: Memory Usage (823712K) : graphtop_drw has 0 polygons
2026-09-19 09:39:16 +0200: Memory Usage (823840K) : antvia1_drw has 0 polygons
2026-09-19 09:39:16 +0200: Memory Usage (823840K) : antmetal2_drw has 0 polygons
2026-09-19 09:39:16 +0200: Memory Usage (823968K) : graphcont_drw has 0 polygons
2026-09-19 09:39:16 +0200: Memory Usage (823968K) : siwg_drw has 0 polygons
2026-09-19 09:39:16 +0200: Memory Usage (824096K) : siwg_filler has 0 polygons
2026-09-19 09:39:16 +0200: Memory Usage (824224K) : siwg_nofill has 0 polygons
2026-09-19 09:39:16 +0200: Memory Usage (824224K) : sigrating_drw has 0 polygons
2026-09-19 09:39:16 +0200: Memory Usage (824352K) : singrating_drw has 0 polygons
2026-09-19 09:39:16 +0200: Memory Usage (824352K) : graphpas_drw has 0 polygons
2026-09-19 09:39:16 +0200: Memory Usage (824480K) : emwind3_drw has 0 polygons
2026-09-19 09:39:16 +0200: Memory Usage (824480K) : emwihv3_drw has 0 polygons
2026-09-19 09:39:16 +0200: Memory Usage (824608K) : redbulay_drw has 0 polygons
2026-09-19 09:39:16 +0200: Memory Usage (824736K) : smos_drw has 0 polygons
2026-09-19 09:39:16 +0200: Memory Usage (824736K) : graphpad_drw has 0 polygons
2026-09-19 09:39:16 +0200: Memory Usage (824864K) : polimide_drw has 0 polygons
2026-09-19 09:39:16 +0200: Memory Usage (824864K) : polimide_pin has 0 polygons
2026-09-19 09:39:16 +0200: Memory Usage (824992K) : recog_drw has 0 polygons
2026-09-19 09:39:16 +0200: Memory Usage (824992K) : recog_pin has 0 polygons
2026-09-19 09:39:16 +0200: Memory Usage (825120K) : recog_esd has 0 polygons
2026-09-19 09:39:16 +0200: Memory Usage (825248K) : recog_diode has 0 polygons
2026-09-19 09:39:16 +0200: Memory Usage (825248K) : recog_tsv has 0 polygons
2026-09-19 09:39:16 +0200: Memory Usage (825376K) : recog_iprobe has 0 polygons
2026-09-19 09:39:16 +0200: Memory Usage (825376K) : recog_diffprb has 0 polygons
2026-09-19 09:39:16 +0200: Memory Usage (825504K) : recog_pillar has 0 polygons
2026-09-19 09:39:16 +0200: Memory Usage (825504K) : recog_sbump has 0 polygons
2026-09-19 09:39:16 +0200: Memory Usage (825632K) : recog_otp has 0 polygons
2026-09-19 09:39:16 +0200: Memory Usage (825760K) : recog_pdiode has 0 polygons
2026-09-19 09:39:16 +0200: Memory Usage (825760K) : recog_mom has 0 polygons
2026-09-19 09:39:16 +0200: Memory Usage (825888K) : recog_pcm has 0 polygons
2026-09-19 09:39:16 +0200: Memory Usage (825888K) : colopen_drw has 0 polygons
2026-09-19 09:39:16 +0200: Memory Usage (826016K) : graphmetal1_drw has 0 polygons
2026-09-19 09:39:16 +0200: Memory Usage (826144K) : graphmetal1_filler has 0 polygons
2026-09-19 09:39:16 +0200: Memory Usage (826144K) : graphmetal1_nofill has 0 polygons
2026-09-19 09:39:16 +0200: Memory Usage (826272K) : graphmetal1_slit has 0 polygons
2026-09-19 09:39:16 +0200: Memory Usage (826272K) : graphmetal1_OPC has 0 polygons
2026-09-19 09:39:16 +0200: Memory Usage (826400K) : graphmet1l_drw has 0 polygons
2026-09-19 09:39:16 +0200: Memory Usage (826400K) : graphmet1l_filler has 0 polygons
2026-09-19 09:39:16 +0200: Memory Usage (826528K) : graphmet1l_nofill has 0 polygons
2026-09-19 09:39:16 +0200: Memory Usage (826656K) : graphmet1l_slit has 0 polygons
2026-09-19 09:39:16 +0200: Memory Usage (826656K) : graphmet1l_OPC has 0 polygons
2026-09-19 09:39:16 +0200: Memory Usage (826784K) : extblock_drw has 296 polygons
2026-09-19 09:39:16 +0200: Memory Usage (826784K) : nldd_drw has 0 polygons
2026-09-19 09:39:16 +0200: Memory Usage (826912K) : pldd_drw has 0 polygons
2026-09-19 09:39:16 +0200: Memory Usage (826912K) : next_drw has 0 polygons
2026-09-19 09:39:16 +0200: Memory Usage (827040K) : pext_drw has 0 polygons
2026-09-19 09:39:16 +0200: Memory Usage (827168K) : nexthv_drw has 0 polygons
2026-09-19 09:39:16 +0200: Memory Usage (827168K) : pexthv_drw has 0 polygons
2026-09-19 09:39:16 +0200: Memory Usage (827296K) : graphgate_drw has 0 polygons
2026-09-19 09:39:16 +0200: Memory Usage (827296K) : sinwg_drw has 0 polygons
2026-09-19 09:39:16 +0200: Memory Usage (827424K) : sinwg_filler has 0 polygons
2026-09-19 09:39:16 +0200: Memory Usage (827424K) : sinwg_nofill has 0 polygons
2026-09-19 09:39:16 +0200: Memory Usage (827552K) : mempad_drw has 0 polygons
2026-09-19 09:39:16 +0200: Memory Usage (827680K) : topvia1_drw has 3 polygons
2026-09-19 09:39:16 +0200: Memory Usage (827680K) : topmetal1_drw has 9 polygons
2026-09-19 09:39:16 +0200: Memory Usage (827808K) : topmetal1_filler has 0 polygons
2026-09-19 09:39:16 +0200: Memory Usage (827936K) : topmetal1_slit has 0 polygons
2026-09-19 09:39:16 +0200: Memory Usage (828064K) : topmetal1 has 9 polygons
2026-09-19 09:39:16 +0200: Memory Usage (828064K) : topmetal1_pin has 0 polygons
2026-09-19 09:39:16 +0200: Memory Usage (828192K) : topmetal1_mask has 0 polygons
2026-09-19 09:39:16 +0200: Memory Usage (828192K) : topmetal1_nofill has 0 polygons
2026-09-19 09:39:16 +0200: Memory Usage (828320K) : topmetal1_text has 0 polygons
2026-09-19 09:39:16 +0200: Memory Usage (828320K) : topmetal1_noqrc has 0 polygons
2026-09-19 09:39:16 +0200: Memory Usage (828448K) : topmetal1_res has 0 polygons
2026-09-19 09:39:16 +0200: Memory Usage (828576K) : topmetal1_iprobe has 0 polygons
2026-09-19 09:39:16 +0200: Memory Usage (828576K) : topmetal1_diffprb has 0 polygons
2026-09-19 09:39:16 +0200: Memory Usage (828704K) : inldpwl_drw has 0 polygons
2026-09-19 09:39:16 +0200: Memory Usage (828704K) : polyres_drw has 98 polygons
2026-09-19 09:39:16 +0200: Memory Usage (828832K) : polyres_pin has 0 polygons
2026-09-19 09:39:16 +0200: Memory Usage (828832K) : vmim_drw has 0 polygons
2026-09-19 09:39:16 +0200: Memory Usage (828960K) : nbulaycut_drw has 0 polygons
2026-09-19 09:39:16 +0200: Memory Usage (828960K) : antmetal1_drw has 0 polygons
2026-09-19 09:39:16 +0200: Memory Usage (829088K) : topvia2_drw has 0 polygons
2026-09-19 09:39:16 +0200: Memory Usage (829216K) : topmetal2_drw has 0 polygons
2026-09-19 09:39:16 +0200: Memory Usage (829344K) : topmetal2_filler has 0 polygons
2026-09-19 09:39:16 +0200: Memory Usage (829344K) : topmetal2_slit has 0 polygons
2026-09-19 09:39:16 +0200: Memory Usage (829472K) : topmetal2 has 0 polygons
2026-09-19 09:39:16 +0200: Memory Usage (829600K) : topmetal2_pin has 0 polygons
2026-09-19 09:39:16 +0200: Memory Usage (829600K) : topmetal2_mask has 0 polygons
2026-09-19 09:39:16 +0200: Memory Usage (829728K) : topmetal2_nofill has 0 polygons
2026-09-19 09:39:16 +0200: Memory Usage (829856K) : topmetal2_text has 0 polygons
2026-09-19 09:39:16 +0200: Memory Usage (829856K) : topmetal2_noqrc has 0 polygons
2026-09-19 09:39:16 +0200: Memory Usage (829984K) : topmetal2_res has 0 polygons
2026-09-19 09:39:16 +0200: Memory Usage (829984K) : topmetal2_iprobe has 0 polygons
2026-09-19 09:39:16 +0200: Memory Usage (830112K) : topmetal2_diffprb has 0 polygons
2026-09-19 09:39:16 +0200: Memory Usage (830112K) : snsring_drw has 0 polygons
2026-09-19 09:39:16 +0200: Memory Usage (830240K) : sensor_drw has 0 polygons
2026-09-19 09:39:16 +0200: Memory Usage (830368K) : snsarms_drw has 0 polygons
2026-09-19 09:39:16 +0200: Memory Usage (830368K) : snscmosvia_drw has 0 polygons
2026-09-19 09:39:16 +0200: Memory Usage (830496K) : colwind_drw has 0 polygons
2026-09-19 09:39:16 +0200: Memory Usage (830496K) : flm_drw has 0 polygons
2026-09-19 09:39:16 +0200: Memory Usage (830496K) : hafniumox_drw has 0 polygons
2026-09-19 09:39:16 +0200: Memory Usage (830496K) : memvia_drw has 0 polygons
2026-09-19 09:39:16 +0200: Memory Usage (830496K) : thinfilmres_drw has 0 polygons
2026-09-19 09:39:16 +0200: Memory Usage (830496K) : rfmem_drw has 0 polygons
2026-09-19 09:39:16 +0200: Memory Usage (830496K) : norcx_drw has 0 polygons
2026-09-19 09:39:16 +0200: Memory Usage (830496K) : norcx_m2m3 has 0 polygons
2026-09-19 09:39:16 +0200: Memory Usage (830496K) : norcx_m2m4 has 0 polygons
2026-09-19 09:39:16 +0200: Memory Usage (830496K) : norcx_m2m5 has 0 polygons
2026-09-19 09:39:16 +0200: Memory Usage (830496K) : norcx_m2tm1 has 0 polygons
2026-09-19 09:39:16 +0200: Memory Usage (830496K) : norcx_m2tm2 has 0 polygons
2026-09-19 09:39:16 +0200: Memory Usage (830496K) : norcx_m3m4 has 0 polygons
2026-09-19 09:39:16 +0200: Memory Usage (830496K) : norcx_m3m5 has 0 polygons
2026-09-19 09:39:16 +0200: Memory Usage (830496K) : norcx_m3tm1 has 0 polygons
2026-09-19 09:39:16 +0200: Memory Usage (830496K) : norcx_m3tm2 has 0 polygons
2026-09-19 09:39:16 +0200: Memory Usage (830496K) : norcx_m4m5 has 0 polygons
2026-09-19 09:39:16 +0200: Memory Usage (830496K) : norcx_m4tm1 has 0 polygons
2026-09-19 09:39:16 +0200: Memory Usage (830496K) : norcx_m4tm2 has 0 polygons
2026-09-19 09:39:16 +0200: Memory Usage (830496K) : norcx_m5tm1 has 0 polygons
2026-09-19 09:39:16 +0200: Memory Usage (830496K) : norcx_m5tm2 has 0 polygons
2026-09-19 09:39:16 +0200: Memory Usage (830496K) : norcx_tm1tm2 has 0 polygons
2026-09-19 09:39:16 +0200: Memory Usage (830496K) : norcx_m1sub has 0 polygons
2026-09-19 09:39:16 +0200: Memory Usage (830496K) : norcx_m2sub has 0 polygons
2026-09-19 09:39:16 +0200: Memory Usage (830496K) : norcx_m3sub has 0 polygons
2026-09-19 09:39:16 +0200: Memory Usage (830496K) : norcx_m4sub has 0 polygons
2026-09-19 09:39:16 +0200: Memory Usage (830496K) : norcx_m5sub has 0 polygons
2026-09-19 09:39:16 +0200: Memory Usage (830496K) : norcx_tm1sub has 0 polygons
2026-09-19 09:39:16 +0200: Memory Usage (830496K) : norcx_tm2sub has 0 polygons
2026-09-19 09:39:16 +0200: Memory Usage (830496K) : snsbotvia_drw has 0 polygons
2026-09-19 09:39:16 +0200: Memory Usage (830496K) : snstopvia_drw has 0 polygons
2026-09-19 09:39:16 +0200: Memory Usage (830496K) : deepvia_drw has 0 polygons
2026-09-19 09:39:16 +0200: Memory Usage (830496K) : fgetch_drw has 0 polygons
2026-09-19 09:39:16 +0200: Memory Usage (830496K) : ctrgat_drw has 0 polygons
2026-09-19 09:39:16 +0200: Memory Usage (830496K) : fgimp_drw has 0 polygons
2026-09-19 09:39:16 +0200: Memory Usage (830496K) : emwihv_drw has 0 polygons
2026-09-19 09:39:16 +0200: Memory Usage (830496K) : lbe_drw has 0 polygons
2026-09-19 09:39:16 +0200: Memory Usage (830496K) : alcustop_drw has 0 polygons
2026-09-19 09:39:16 +0200: Memory Usage (830496K) : nometfiller_drw has 0 polygons
2026-09-19 09:39:16 +0200: Memory Usage (830496K) : prboundary_drw has 4 polygons
2026-09-19 09:39:16 +0200: Memory Usage (830496K) : exchange0_drw has 0 polygons
2026-09-19 09:39:16 +0200: Memory Usage (830496K) : exchange0_pin has 0 polygons
2026-09-19 09:39:16 +0200: Memory Usage (830496K) : exchange0_text has 0 polygons
2026-09-19 09:39:16 +0200: Memory Usage (830496K) : exchange1_drw has 0 polygons
2026-09-19 09:39:16 +0200: Memory Usage (830496K) : exchange1_pin has 0 polygons
2026-09-19 09:39:16 +0200: Memory Usage (830496K) : exchange1_text has 0 polygons
2026-09-19 09:39:16 +0200: Memory Usage (830496K) : exchange2_drw has 0 polygons
2026-09-19 09:39:16 +0200: Memory Usage (830496K) : exchange2_pin has 0 polygons
2026-09-19 09:39:16 +0200: Memory Usage (830496K) : exchange2_text has 0 polygons
2026-09-19 09:39:16 +0200: Memory Usage (830496K) : exchange3_drw has 0 polygons
2026-09-19 09:39:16 +0200: Memory Usage (830496K) : exchange3_pin has 0 polygons
2026-09-19 09:39:16 +0200: Memory Usage (830496K) : exchange3_text has 0 polygons
2026-09-19 09:39:16 +0200: Memory Usage (830496K) : exchange4_drw has 0 polygons
2026-09-19 09:39:16 +0200: Memory Usage (830496K) : exchange4_pin has 0 polygons
2026-09-19 09:39:16 +0200: Memory Usage (830496K) : exchange4_text has 0 polygons
2026-09-19 09:39:16 +0200: Memory Usage (830496K) : isonwell_drw has 0 polygons
2026-09-19 09:39:16 +0200: Memory Usage (830496K) : Total no. of polygons in the design is 32744
2026-09-19 09:39:16 +0200: Memory Usage (830496K) : Starting base layers derivations
2026-09-19 09:39:16 +0200: Memory Usage (830496K) : Starting general LVS derivations
2026-09-19 09:39:16 +0200: Memory Usage (829632K) : Starting MOSFET DERIVATIONS
2026-09-19 09:39:16 +0200: Memory Usage (832660K) : Starting NMOS DERIVATIONS
2026-09-19 09:39:16 +0200: Memory Usage (832788K) : Starting PMOS DERIVATIONS
2026-09-19 09:39:16 +0200: Memory Usage (832788K) : Starting RF-MOSFET DERIVATIONS
2026-09-19 09:39:16 +0200: Memory Usage (832788K) : Starting RF-NMOS DERIVATIONS
2026-09-19 09:39:16 +0200: Memory Usage (832788K) : Starting RF-PMOS DERIVATIONS
2026-09-19 09:39:16 +0200: Memory Usage (832788K) : Starting BJT DERIVATIONS
2026-09-19 09:39:16 +0200: Memory Usage (832788K) : Starting NPN-BJT DERIVATIONS
2026-09-19 09:39:16 +0200: Memory Usage (833556K) : Starting PNP-BJT DERIVATIONS
2026-09-19 09:39:16 +0200: Memory Usage (834324K) : Starting DIODE DERIVATIONS
2026-09-19 09:39:16 +0200: Memory Usage (833284K) : Starting RESISTOR DERIVATIONS
2026-09-19 09:39:16 +0200: Memory Usage (834180K) : Starting CAP DERIVATIONS
2026-09-19 09:39:16 +0200: Memory Usage (834180K) : Starting ESD DERIVATIONS
2026-09-19 09:39:16 +0200: Memory Usage (838148K) : Starting Inductor DERIVATIONS
2026-09-19 09:39:16 +0200: Memory Usage (842500K) : Starting Taps DERIVATIONS
2026-09-19 09:39:17 +0200: Memory Usage (845700K) : Starting SG13G2 LVS connectivity setup
2026-09-19 09:39:17 +0200: Memory Usage (845700K) : Starting SG13G2 LVS connectivity setup (Inter-layer)
2026-09-19 09:39:17 +0200: Memory Usage (845700K) : Starting SG13G2 LVS connectivity setup (Global)
2026-09-19 09:39:17 +0200: Memory Usage (845700K) : Starting LVS MOSFET CONNECTIONS
2026-09-19 09:39:17 +0200: Memory Usage (845700K) : Starting LVS RF-MOSFET CONNECTIONS
2026-09-19 09:39:17 +0200: Memory Usage (845700K) : Starting LVS BJT CONNECTIONS
2026-09-19 09:39:17 +0200: Memory Usage (845700K) : Starting LVS DIODE CONNECTIONS
2026-09-19 09:39:17 +0200: Memory Usage (845700K) : Starting RESISTOR CONNECTIONS
2026-09-19 09:39:17 +0200: Memory Usage (845700K) : Starting LVS CAP CONNECTIONS
2026-09-19 09:39:17 +0200: Memory Usage (845700K) : Starting ESD CONNECTIONS
2026-09-19 09:39:17 +0200: Memory Usage (845700K) : Starting Inductor CONNECTIONS
2026-09-19 09:39:17 +0200: Memory Usage (845700K) : Starting LVS Taps CONNECTIONS
2026-09-19 09:39:17 +0200: Memory Usage (845700K) : Starting SG13G2 LVS DEVICES EXTRACTION
2026-09-19 09:39:17 +0200: Memory Usage (845828K) : Starting MOSFET EXTRACTION
2026-09-19 09:39:17 +0200: Memory Usage (845828K) : Starting NMOS EXTRACTION
2026-09-19 09:39:17 +0200: Memory Usage (845828K) : Extraction of NMOS-LV transistor
2026-09-19 09:39:17 +0200: Memory Usage (846724K) : Extraction of NMOS-HV transistor
2026-09-19 09:39:17 +0200: Memory Usage (847364K) : Starting PMOS EXTRACTION
2026-09-19 09:39:17 +0200: Memory Usage (847364K) : Extraction of PMOS-LV transistor
2026-09-19 09:39:17 +0200: Memory Usage (847364K) : Extraction of PMOS-HV transistor
2026-09-19 09:39:17 +0200: Memory Usage (847364K) : Starting RF-MOSFET EXTRACTION
2026-09-19 09:39:17 +0200: Memory Usage (847364K) : Extraction of RF-NMOS-LV transistor
2026-09-19 09:39:17 +0200: Memory Usage (847620K) : Extraction of RF-NMOS-HV transistor
2026-09-19 09:39:17 +0200: Memory Usage (847620K) : Extraction of RF-PMOS-LV transistor
2026-09-19 09:39:17 +0200: Memory Usage (847620K) : Extraction of RF-PMOS-HV transistor
2026-09-19 09:39:17 +0200: Memory Usage (847620K) : Starting BJT EXTRACTION
2026-09-19 09:39:17 +0200: Memory Usage (847620K) : Starting NPN-BJT EXTRACTION
2026-09-19 09:39:17 +0200: Memory Usage (847620K) : Extraction of npn13G2 BJT transistor
2026-09-19 09:39:17 +0200: Memory Usage (847748K) : Extraction of npn13G2L BJT transistor
2026-09-19 09:39:17 +0200: Memory Usage (847748K) : Extraction of npn13G2V BJT transistor
2026-09-19 09:39:17 +0200: Memory Usage (847748K) : Starting PNP-BJT EXTRACTION
2026-09-19 09:39:17 +0200: Memory Usage (847748K) : Extracting pnpMPA BJT
2026-09-19 09:39:17 +0200: Memory Usage (847876K) : Starting DIODE EXTRACTION
2026-09-19 09:39:17 +0200: Memory Usage (847876K) : Extracting dantenna diode
2026-09-19 09:39:17 +0200: Memory Usage (847876K) : Extracting dpantenna diode
2026-09-19 09:39:17 +0200: Memory Usage (847876K) : Extracting schottky_nbl1 diode
2026-09-19 09:39:17 +0200: Memory Usage (847876K) : Extracting isolbox diode
2026-09-19 09:39:17 +0200: Memory Usage (847876K) : Starting RESISTOR EXTRACTION
2026-09-19 09:39:17 +0200: Memory Usage (847876K) : Extracting rsil resistor
2026-09-19 09:39:17 +0200: Memory Usage (848004K) : Extracting rppd resistor
2026-09-19 09:39:17 +0200: Memory Usage (848388K) : Extracting rhigh resistor
2026-09-19 09:39:17 +0200: Memory Usage (848388K) : Extracting res_metal1 resistor
2026-09-19 09:39:17 +0200: Memory Usage (848644K) : Extracting res_metal2 resistor
2026-09-19 09:39:17 +0200: Memory Usage (848644K) : Extracting res_metal3 resistor
2026-09-19 09:39:17 +0200: Memory Usage (848644K) : Extracting res_metal4 resistor
2026-09-19 09:39:17 +0200: Memory Usage (848644K) : Extracting res_metal5 resistor
2026-09-19 09:39:17 +0200: Memory Usage (848644K) : Extracting res_topmetal1 resistor
2026-09-19 09:39:17 +0200: Memory Usage (848644K) : Extracting res_topmetal2 resistor
2026-09-19 09:39:17 +0200: Memory Usage (848644K) : Starting CAP EXTRACTION
2026-09-19 09:39:17 +0200: Memory Usage (848644K) : Extracting cap_cmim device
2026-09-19 09:39:17 +0200: Memory Usage (848644K) : Extracting rfcmim device
2026-09-19 09:39:17 +0200: Memory Usage (848644K) : Extracting sg13_hv_svaricap varactor
2026-09-19 09:39:17 +0200: Memory Usage (848772K) : Starting ESD EXTRACTION
2026-09-19 09:39:17 +0200: Memory Usage (848772K) : Extracting diodevdd_2kv ESD device
2026-09-19 09:39:17 +0200: Memory Usage (848772K) : Extracting diodevdd_4kv ESD device
2026-09-19 09:39:17 +0200: Memory Usage (848772K) : Extracting diodevss_2kv ESD device
2026-09-19 09:39:17 +0200: Memory Usage (848772K) : Extracting diodevss_4kv ESD device
2026-09-19 09:39:17 +0200: Memory Usage (848772K) : Extracting idiodevdd_2kv ESD device
2026-09-19 09:39:17 +0200: Memory Usage (848772K) : Extracting idiodevdd_4kv ESD device
2026-09-19 09:39:17 +0200: Memory Usage (848772K) : Extracting idiodevss_2kv ESD device
2026-09-19 09:39:17 +0200: Memory Usage (848772K) : Extracting idiodevss_4kv ESD device
2026-09-19 09:39:17 +0200: Memory Usage (848772K) : Extracting nmoscl_2 ESD device
2026-09-19 09:39:17 +0200: Memory Usage (848772K) : Extracting nmoscl_4 ESD device
2026-09-19 09:39:17 +0200: Memory Usage (848772K) : Starting Inductor EXTRACTION
2026-09-19 09:39:17 +0200: Memory Usage (848772K) : Extracting Inductor2 device
2026-09-19 09:39:17 +0200: Memory Usage (848772K) : Extracting Inductor3 device
2026-09-19 09:39:17 +0200: Memory Usage (848772K) : Starting Taps EXTRACTION
2026-09-19 09:39:17 +0200: Memory Usage (848772K) : Extracting ntap1 device
2026-09-19 09:39:17 +0200: Memory Usage (848772K) : Extracting ptap1 device
2026-09-19 09:39:17 +0200: Memory Usage (848772K) : Starting SG13G2 LVS RF MOS Model Mapping
2026-09-19 09:39:17 +0200: Memory Usage (849156K) : [layout_netlist] Apply RF MOS model mapping and rfmode parameter.
2026-09-19 09:39:17 +0200: Memory Usage (849284K) : Starting SG13G2 LVS Options Preparations
2026-09-19 09:39:17 +0200: Memory Usage (849284K) : SG13G2 LVS flow: extraction -> alignment -> option preparation -> comparison.
2026-09-19 09:39:17 +0200: Memory Usage (849284K) : Starting SG13G2 LVS Alignment
2026-09-19 09:39:17 +0200: Memory Usage (849412K) : Starting SG13G2 LVS Simplification
2026-09-19 09:39:17 +0200: Memory Usage (849412K) : [layout_netlist] simplify: SKIPPED
2026-09-19 09:39:17 +0200: Memory Usage (849412K) : [layout_netlist] make_top_level_pins: ENABLED
2026-09-19 09:39:17 +0200: Memory Usage (849412K) : [layout_netlist] combine_devices: SKIPPED
2026-09-19 09:39:17 +0200: Memory Usage (849412K) : [layout_netlist] purge: SKIPPED
2026-09-19 09:39:17 +0200: Memory Usage (849412K) : [layout_netlist] purge_nets: SKIPPED
2026-09-19 09:39:17 +0200: Memory Usage (849412K) : [schematic_netlist] simplify: SKIPPED
2026-09-19 09:39:17 +0200: Memory Usage (849412K) : [schematic_netlist] make_top_level_pins: ENABLED
2026-09-19 09:39:17 +0200: Memory Usage (849412K) : [schematic_netlist] combine_devices: SKIPPED
2026-09-19 09:39:17 +0200: Memory Usage (849412K) : [schematic_netlist] purge: SKIPPED
2026-09-19 09:39:17 +0200: Memory Usage (849412K) : [schematic_netlist] purge_nets: SKIPPED
2026-09-19 09:39:17 +0200: Memory Usage (849412K) : Starting SG13G2 LVS Comparison in strict port mode.
2026-09-19 09:39:17 +0200: Memory Usage (849412K) : flag_missing_ports enabled: missing/mislabeled top-level ports are treated as errors.
2026-09-19 09:39:17 +0200: Memory Usage (850308K) : xxxxxxxxxxxxxxxxxxxxxxxxxxxxxxxxxxxxxxxxxx
2026-09-19 09:39:17 +0200: Memory Usage (850308K) : ERROR : Netlists don't match
2026-09-19 09:39:17 +0200: Memory Usage (850308K) : xxxxxxxxxxxxxxxxxxxxxxxxxxxxxxxxxxxxxxxxxx
2026-09-19 09:39:17 +0200: Memory Usage (850308K) : LVS Total Run time 1.151152 seconds
klayout LVS succeeded after 5.112s
Unable to find info about extracted LVS layer 'cont_drw'
(19, 0) -> (via1_drw)
(29, 0) -> (via2_drw)
(31, 0) -> (nwell_drw)
(49, 0) -> (via3_drw)
(66, 0) -> (via4_drw)
(46, 0) -> (pwell pwell_sub)
(5, 0) -> (poly_con)
(8, 0) -> (metal1_con)
(10, 0) -> (metal2_con)
(30, 0) -> (metal3_con)
(50, 0) -> (metal4_con)
(126, 0) -> (topmetal1_con)
(7, 0) -> (nsd_fet)
(14, 0) -> (psd_fet)
(65, 144) -> (ntap)
(65, 244) -> (ptap)
(125, 0) -> (topvia1_n_cap)
(67, 0) -> (metal5_n_cap)
(6, 4403) -> (cont_poly_con)
(6, 4401) -> (cont_nsd_con)
(6, 4402) -> (cont_psd_con)
(5, 2) -> (poly_pin_con)
(8, 2) -> (metal1_pin_con)
(30, 2) -> (metal3_pin_con)
Device;Net1;Net2;Capacitance [fF];Resistance [Ω]
C1;$10;$11;0.029;
C2;$10;$9;0.029;
C3;$10;vss;0.054;
C4;$10;VSUBS;0.858;
C5;$100;$34;0.079;
C6;$100;$40;0.003;
C7;$100;$41;0.009;
C8;$100;$87;0.003;
C9;$100;$96;0.029;
C10;$100;$99;0.029;
C11;$100;isense;0.016;
C12;$100;vped;0.006;
C13;$100;vref_buf;0.004;
C14;$100;vss;0.025;
C15;$100;VSUBS;0.889;
C16;$101;$34;0.079;
C17;$101;$40;0.003;
C18;$101;$41;0.049;
C19;$101;$87;0.002;
C20;$101;$97;0.029;
C21;$101;isense;0.016;
C22;$101;vped;0.006;
C23;$101;vref_buf;0.004;
C24;$101;vss;0.025;
C25;$101;VSUBS;0.889;
C26;$102;$103;0.029;
C27;$102;$105;0.029;
C28;$102;$34;0.079;
C29;$102;$40;0.003;
C30;$102;$87;0.002;
C31;$102;isense;0.016;
C32;$102;vped;0.007;
C33;$102;vref_buf;0.004;
C34;$102;vss;0.025;
C35;$102;VSUBS;0.889;
C36;$103;$104;0.029;
C37;$103;$34;0.079;
C38;$103;$40;0.003;
C39;$103;$41;0.001;
C40;$103;$87;0.002;
C41;$103;isense;0.016;
C42;$103;vped;0.006;
C43;$103;vref_buf;0.004;
C44;$103;vss;0.025;
C45;$103;VSUBS;0.889;
C46;$104;$34;0.079;
C47;$104;$40;0.003;
C48;$104;$41;0.04;
C49;$104;$87;0.002;
C50;$104;isense;0.016;
C51;$104;vped;0.006;
C52;$104;vref_buf;0.004;
C53;$104;vss;0.025;
C54;$104;VSUBS;0.889;
C55;$105;$34;0.079;
C56;$105;$40;0.003;
C57;$105;$87;0.002;
C58;$105;isense;0.016;
C59;$105;vped;0.046;
C60;$105;vref_buf;0.004;
C61;$105;vss;0.025;
C62;$105;VSUBS;0.889;
C63;$106;$107;0.029;
C64;$106;$87;0.04;
C65;$106;vss;0.027;
C66;$106;VSUBS;0.889;
C67;$107;$87;0.001;
C68;$107;$93;0.029;
C69;$107;vss;0.027;
C70;$107;VSUBS;0.889;
C71;$108;$109;0.029;
C72;$108;$87;0.002;
C73;$108;isense;0.08;
C74;$108;vss;0.025;
C75;$108;VSUBS;0.889;
C76;$109;$111;0.029;
C77;$109;$87;0.002;
C78;$109;isense;0.041;
C79;$109;vss;0.025;
C80;$109;VSUBS;0.889;
C81;$11;$12;0.029;
C82;$11;vss;0.054;
C83;$11;VSUBS;0.858;
C84;$110;$111;0.029;
C85;$110;$34;0.04;
C86;$110;$87;0.002;
C87;$110;isense;0.04;
C88;$110;vss;0.025;
C89;$110;VSUBS;0.889;
C90;$111;$34;0.001;
C91;$111;$87;0.002;
C92;$111;isense;0.04;
C93;$111;vss;0.025;
C94;$111;VSUBS;0.889;
C95;$12;$13;0.029;
C96;$12;$3;0.001;
C97;$12;vss;0.054;
C98;$12;VSUBS;0.858;
C99;$13;$3;0.04;
C100;$13;vss;0.054;
C101;$13;VSUBS;0.858;
C102;$14;$15;0.029;
C103;$14;$3;0.063;
C104;$14;vss;0.054;
C105;$14;VSUBS;0.858;
C106;$15;$16;0.029;
C107;$15;$3;0.023;
C108;$15;vss;0.054;
C109;$15;VSUBS;0.858;
C110;$16;$17;0.029;
C111;$16;$3;0.022;
C112;$16;vss;0.054;
C113;$16;VSUBS;0.858;
C114;$17;$18;0.029;
C115;$17;$3;0.022;
C116;$17;sense_n;0.001;
C117;$17;vss;0.054;
C118;$17;VSUBS;0.858;
C119;$18;$3;0.022;
C120;$18;sense_n;0.04;
C121;$18;vss;0.054;
C122;$18;VSUBS;0.858;
C123;$19;$2;15.847;
C124;$19;$20;0.029;
C125;$19;$25;18.362;
C126;$19;$26;11.036;
C127;$19;$27;0.005;
C128;$19;$3;0.868;
C129;$19;$30;0.174;
C130;$19;$31;0.044;
C131;$19;$32;0.164;
C132;$19;$33;4.838;
C133;$19;$4;5.052;
C134;$19;$40;0.044;
C135;$19;$5;9.455;
C136;$19;$7;0.169;
C137;$19;iptat;0.234;
C138;$19;isense;1.703;
C139;$19;sense_n;0.079;
C140;$19;sense_p;0.056;
C141;$19;vdd;36.474;
C142;$19;vped;1.877;
C143;$19;vref;0.044;
C144;$19;vref_buf;1.877;
C145;$19;vss;3.966;
C146;$19;VSUBS;104.212;
C147;$2;$25;16.811;
C148;$2;$26;14.91;
C149;$2;$27;0.197;
C150;$2;$3;17.068;
C151;$2;$30;0.999;
C152;$2;$31;0.072;
C153;$2;$32;1.016;
C154;$2;$33;10.774;
C155;$2;$4;5.814;
C156;$2;$40;0.072;
C157;$2;$5;13.138;
C158;$2;$7;0.004;
C159;$2;iptat;1.435;
C160;$2;isense;2.505;
C161;$2;vdd;2.876;
C162;$2;vped;3.473;
C163;$2;vref;0.072;
C164;$2;vref_buf;3.516;
C165;$2;vss;2.546;
C166;$2;VSUBS;98.153;
C167;$20;$21;0.029;
C168;$20;$3;0.009;
C169;$20;sense_n;0.079;
C170;$20;sense_p;0.017;
C171;$20;vss;0.054;
C172;$20;VSUBS;0.858;
C173;$21;$22;0.029;
C174;$21;$3;0.009;
C175;$21;sense_n;0.079;
C176;$21;sense_p;0.016;
C177;$21;vss;0.054;
C178;$21;VSUBS;0.858;
C179;$22;$23;0.029;
C180;$22;$3;0.009;
C181;$22;sense_n;0.079;
C182;$22;sense_p;0.016;
C183;$22;vss;0.054;
C184;$22;VSUBS;0.858;
C185;$23;$24;0.029;
C186;$23;$3;0.009;
C187;$23;sense_n;0.079;
C188;$23;sense_p;0.016;
C189;$23;vss;0.054;
C190;$23;VSUBS;0.858;
C191;$24;$25;0.029;
C192;$24;$3;0.009;
C193;$24;sense_n;0.079;
C194;$24;sense_p;0.016;
C195;$24;vss;0.054;
C196;$24;VSUBS;0.858;
C197;$25;$26;0.586;
C198;$25;$3;0.009;
C199;$25;$30;0.127;
C200;$25;$31;0.016;
C201;$25;$32;0.089;
C202;$25;$4;0.013;
C203;$25;$40;0.016;
C204;$25;$5;0.001;
C205;$25;isense;0.412;
C206;$25;sense_n;0.079;
C207;$25;sense_p;0.016;
C208;$25;vdd;20.31;
C209;$25;vped;0.539;
C210;$25;vref;0.016;
C211;$25;vref_buf;0.539;
C212;$25;vss;0.112;
C213;$25;VSUBS;11.029;
C214;$26;$27;0.029;
C215;$26;$3;0.009;
C216;$26;$30;0.135;
C217;$26;$31;0.016;
C218;$26;$32;0.084;
C219;$26;$33;7.327;
C220;$26;$40;0.016;
C221;$26;$5;0.001;
C222;$26;$7;0.014;
C223;$26;isense;0.566;
C224;$26;sense_n;0.079;
C225;$26;sense_p;0.016;
C226;$26;vdd;20.31;
C227;$26;vped;0.701;
C228;$26;vref;0.016;
C229;$26;vref_buf;0.701;
C230;$26;vss;0.125;
C231;$26;VSUBS;11.032;
C232;$27;$28;0.029;
C233;$27;$3;22.177;
C234;$27;$30;5.245;
C235;$27;$31;7.436;
C236;$27;$32;1.909;
C237;$27;$33;2.331;
C238;$27;$4;4.312;
C239;$27;$40;7.436;
C240;$27;$5;0.79;
C241;$27;$7;7.808;
C242;$27;isense;3.038;
C243;$27;sense_n;0.079;
C244;$27;sense_p;0.016;
C245;$27;vdd;15.491;
C246;$27;vped;8.285;
C247;$27;vref;7.438;
C248;$27;vref_buf;8.281;
C249;$27;vss;0.055;
C250;$27;VSUBS;19.493;
C251;$28;$29;0.029;
C252;$28;$3;0.01;
C253;$28;sense_n;0.079;
C254;$28;sense_p;0.016;
C255;$28;vss;0.054;
C256;$28;VSUBS;0.858;
C257;$29;$3;0.049;
C258;$29;sense_n;0.079;
C259;$29;sense_p;0.016;
C260;$29;vss;0.054;
C261;$29;VSUBS;0.858;
C262;$3;$30;0.096;
C263;$3;$31;0.47;
C264;$3;$32;0.875;
C265;$3;$33;0.413;
C266;$3;$4;2.085;
C267;$3;$40;0.47;
C268;$3;$5;5.353;
C269;$3;$7;0.245;
C270;$3;iptat;1.257;
C271;$3;isense;0.683;
C272;$3;sense_n;0.263;
C273;$3;sense_p;8.973;
C274;$3;vdd;22.85;
C275;$3;vped;0.822;
C276;$3;vref;0.558;
C277;$3;vref_buf;0.713;
C278;$3;vss;2.492;
C279;$3;VSUBS;87.515;
C280;$30;$31;15.786;
C281;$30;$32;0.668;
C282;$30;$33;0.485;
C283;$30;$34;0.207;
C284;$30;$35;0.004;
C285;$30;$4;7.896;
C286;$30;$40;0.136;
C287;$30;$41;0.008;
C288;$30;$48;0.079;
C289;$30;$49;0.079;
C290;$30;$5;0.07;
C291;$30;$50;0.079;
C292;$30;$51;0.119;
C293;$30;$52;0.08;
C294;$30;$53;0.079;
C295;$30;$54;0.079;
C296;$30;$55;0.079;
C297;$30;$58;0.12;
C298;$30;$59;0.08;
C299;$30;$62;0.014;
C300;$30;$64;0.001;
C301;$30;$65;0.001;
C302;$30;$66;0.001;
C303;$30;$67;0.001;
C304;$30;$68;0.001;
C305;$30;$69;0.001;
C306;$30;$7;0.927;
C307;$30;$70;0.001;
C308;$30;$71;0.001;
C309;$30;$72;0.001;
C310;$30;$74;0.013;
C311;$30;$75;0.001;
C312;$30;iptat;3.633;
C313;$30;isense;5.202;
C314;$30;vdd;0.704;
C315;$30;vped;0.298;
C316;$30;vss;0.313;
C317;$30;VSUBS;32.28;
C318;$31;$32;0.703;
C319;$31;$33;0.608;
C320;$31;$34;10.677;
C321;$31;$35;0.004;
C322;$31;$4;0.998;
C323;$31;$40;0.05;
C324;$31;$41;0.369;
C325;$31;$48;0.016;
C326;$31;$49;0.016;
C327;$31;$5;0.092;
C328;$31;$50;0.016;
C329;$31;$51;0.015;
C330;$31;$52;0.016;
C331;$31;$53;0.016;
C332;$31;$54;0.016;
C333;$31;$55;0.016;
C334;$31;$56;0.001;
C335;$31;$57;0.04;
C336;$31;$58;0.016;
C337;$31;$59;0.016;
C338;$31;$62;0.001;
C339;$31;$64;0.001;
C340;$31;$65;0.001;
C341;$31;$66;0.001;
C342;$31;$67;0.001;
C343;$31;$68;0.001;
C344;$31;$69;0.001;
C345;$31;$7;8.684;
C346;$31;$70;0.001;
C347;$31;$71;0.001;
C348;$31;$72;0.001;
C349;$31;$73;0.014;
C350;$31;$74;0.014;
C351;$31;$75;0.001;
C352;$31;iptat;0.06;
C353;$31;isense;4.865;
C354;$31;vdd;0.582;
C355;$31;vped;0.155;
C356;$31;vss;0.543;
C357;$31;VSUBS;31.242;
C358;$32;$33;3.133;
C359;$32;$34;0.005;
C360;$32;$4;0.309;
C361;$32;$40;0.7;
C362;$32;$41;0.004;
C363;$32;$5;0.511;
C364;$32;$7;0.619;
C365;$32;iptat;0.195;
C366;$32;isense;24.903;
C367;$32;vdd;1.333;
C368;$32;vped;25.956;
C369;$32;vref;0.7;
C370;$32;vref_buf;25.956;
C371;$32;vss;0.991;
C372;$32;VSUBS;6.898;
C373;$33;$4;0.003;
C374;$33;$40;0.608;
C375;$33;$5;7.123;
C376;$33;$7;9.889;
C377;$33;iptat;1.126;
C378;$33;isense;13.402;
C379;$33;vdd;33.408;
C380;$33;vped;13.938;
C381;$33;vref;0.713;
C382;$33;vref_buf;13.807;
C383;$33;vss;3.924;
C384;$33;VSUBS;104.106;
C385;$34;$35;0.004;
C386;$34;$40;0.338;
C387;$34;$41;16.255;
C388;$34;$48;0.009;
C389;$34;$49;0.009;
C390;$34;$50;0.009;
C391;$34;$51;0.009;
C392;$34;$52;0.009;
C393;$34;$53;0.009;
C394;$34;$54;0.049;
C395;$34;$55;0.01;
C396;$34;$58;0.009;
C397;$34;$59;0.009;
C398;$34;$62;0.002;
C399;$34;$64;0.002;
C400;$34;$65;0.002;
C401;$34;$66;0.002;
C402;$34;$67;0.002;
C403;$34;$68;0.002;
C404;$34;$69;0.002;
C405;$34;$70;0.002;
C406;$34;$71;0.002;
C407;$34;$72;0.002;
C408;$34;$75;0.014;
C409;$34;$87;0.136;
C410;$34;$96;0.079;
C411;$34;$97;0.079;
C412;$34;$98;0.079;
C413;$34;$99;0.079;
C414;$34;iptat;0.0;
C415;$34;isense;13.806;
C416;$34;vped;0.359;
C417;$34;vref;0.214;
C418;$34;vref_buf;0.335;
C419;$34;vss;0.231;
C420;$34;VSUBS;6.421;
C421;$35;$41;2.726;
C422;$35;$46;0.04;
C423;$35;$47;0.001;
C424;$35;$51;0.015;
C425;$35;$54;0.003;
C426;$35;$55;0.003;
C427;$35;$56;0.003;
C428;$35;$57;0.003;
C429;$35;$58;0.003;
C430;$35;$59;0.003;
C431;$35;$60;0.003;
C432;$35;$61;0.003;
C433;$35;$62;0.05;
C434;$35;$68;0.001;
C435;$35;$69;0.04;
C436;$35;$70;0.01;
C437;$35;$71;0.01;
C438;$35;$72;0.011;
C439;$35;$73;0.01;
C440;$35;$74;0.01;
C441;$35;$75;0.01;
C442;$35;$76;0.01;
C443;$35;$77;0.01;
C444;$35;$78;0.01;
C445;$35;$80;0.018;
C446;$35;$81;0.01;
C447;$35;VSUBS;4.188;
C448;$4;$40;0.998;
C449;$4;$5;6.053;
C450;$4;$7;1.395;
C451;$4;iptat;13.87;
C452;$4;isense;0.684;
C453;$4;vdd;27.283;
C454;$4;vped;8.4;
C455;$4;vref;0.998;
C456;$4;vref_buf;8.671;
C457;$4;vss;8.384;
C458;$4;VSUBS;24.154;
C459;$40;$41;1.852;
C460;$40;$49;0.001;
C461;$40;$5;0.092;
C462;$40;$50;0.04;
C463;$40;$64;0.016;
C464;$40;$7;8.684;
C465;$40;$87;9.347;
C466;$40;$96;0.003;
C467;$40;$97;0.003;
C468;$40;$98;0.003;
C469;$40;$99;0.003;
C470;$40;iptat;0.064;
C471;$40;isense;0.192;
C472;$40;vdd;0.606;
C473;$40;vped;11.942;
C474;$40;vref;0.1;
C475;$40;vref_buf;14.665;
C476;$40;vss;1.267;
C477;$40;VSUBS;31.835;
C478;$41;$48;0.006;
C479;$41;$49;0.006;
C480;$41;$50;0.006;
C481;$41;$51;0.005;
C482;$41;$52;0.006;
C483;$41;$53;0.006;
C484;$41;$54;0.006;
C485;$41;$55;0.006;
C486;$41;$56;0.014;
C487;$41;$57;0.014;
C488;$41;$58;0.006;
C489;$41;$59;0.006;
C490;$41;$60;0.055;
C491;$41;$61;0.015;
C492;$41;$62;0.002;
C493;$41;$64;0.004;
C494;$41;$65;0.005;
C495;$41;$66;0.005;
C496;$41;$67;0.005;
C497;$41;$68;0.005;
C498;$41;$69;0.005;
C499;$41;$70;0.002;
C500;$41;$71;0.002;
C501;$41;$72;0.002;
C502;$41;$73;0.002;
C503;$41;$74;0.002;
C504;$41;$75;0.002;
C505;$41;$76;0.002;
C506;$41;$77;0.002;
C507;$41;$78;0.002;
C508;$41;$81;0.016;
C509;$41;$87;0.047;
C510;$41;$96;0.009;
C511;$41;$97;0.01;
C512;$41;$98;0.009;
C513;$41;$99;0.009;
C514;$41;iptat;0.0;
C515;$41;isense;7.106;
C516;$41;vdd;0.01;
C517;$41;vped;12.78;
C518;$41;vref;0.1;
C519;$41;vref_buf;0.186;
C520;$41;vss;0.215;
C521;$41;VSUBS;5.942;
C522;$42;$45;0.029;
C523;$42;$63;0.013;
C524;$42;vss;0.001;
C525;$42;VSUBS;0.912;
C526;$43;$44;0.029;
C527;$43;$47;0.029;
C528;$43;$83;0.013;
C529;$43;$84;0.013;
C530;$43;VSUBS;0.89;
C531;$44;$45;0.029;
C532;$44;$82;0.013;
C533;$44;$83;0.013;
C534;$44;VSUBS;0.89;
C535;$45;$63;0.013;
C536;$45;$82;0.013;
C537;$45;VSUBS;0.89;
C538;$46;$47;0.029;
C539;$46;$79;0.013;
C540;$46;$80;0.013;
C541;$46;VSUBS;0.89;
C542;$47;$79;0.013;
C543;$47;$84;0.013;
C544;$47;VSUBS;0.89;
C545;$48;$49;0.029;
C546;$48;$53;0.029;
C547;$48;$66;0.013;
C548;$48;$67;0.013;
C549;$48;VSUBS;0.89;
C550;$49;$50;0.029;
C551;$49;$65;0.013;
C552;$49;$66;0.013;
C553;$49;VSUBS;0.89;
C554;$5;$7;5.501;
C555;$5;iptat;3.717;
C556;$5;isense;0.207;
C557;$5;vdd;2.739;
C558;$5;vped;0.268;
C559;$5;vref;0.092;
C560;$5;vref_buf;0.279;
C561;$5;vss;13.468;
C562;$5;VSUBS;56.302;
C563;$50;$64;0.013;
C564;$50;$65;0.013;
C565;$50;VSUBS;0.89;
C566;$51;$52;0.029;
C567;$51;$69;0.013;
C568;$51;VSUBS;0.89;
C569;$52;$53;0.029;
C570;$52;$68;0.013;
C571;$52;$69;0.013;
C572;$52;VSUBS;0.89;
C573;$53;$67;0.013;
C574;$53;$68;0.013;
C575;$53;VSUBS;0.89;
C576;$54;$55;0.029;
C577;$54;$70;0.013;
C578;$54;$75;0.013;
C579;$54;VSUBS;0.89;
C580;$55;$59;0.029;
C581;$55;$70;0.013;
C582;$55;$71;0.013;
C583;$55;VSUBS;0.89;
C584;$56;$57;0.029;
C585;$56;$61;0.029;
C586;$56;$77;0.013;
C587;$56;$78;0.013;
C588;$56;VSUBS;0.89;
C589;$57;$73;0.013;
C590;$57;$78;0.013;
C591;$57;VSUBS;0.89;
C592;$58;$59;0.029;
C593;$58;$62;0.013;
C594;$58;$72;0.013;
C595;$58;VSUBS;0.89;
C596;$59;$71;0.013;
C597;$59;$72;0.013;
C598;$59;VSUBS;0.89;
C599;$60;$61;0.029;
C600;$60;$76;0.013;
C601;$60;$81;0.013;
C602;$60;VSUBS;0.89;
C603;$61;$76;0.013;
C604;$61;$77;0.013;
C605;$61;VSUBS;0.89;
C606;$62;$72;0.029;
C607;$62;VSUBS;0.89;
C608;$63;$82;0.029;
C609;$63;VSUBS;0.909;
C610;$64;$65;0.029;
C611;$64;vss;0.002;
C612;$64;VSUBS;0.909;
C613;$65;$66;0.029;
C614;$65;VSUBS;0.89;
C615;$66;$67;0.029;
C616;$66;VSUBS;0.89;
C617;$67;$68;0.029;
C618;$67;VSUBS;0.89;
C619;$68;$69;0.029;
C620;$68;VSUBS;0.89;
C621;$69;VSUBS;0.89;
C622;$7;iptat;15.74;
C623;$7;isense;2.289;
C624;$7;vdd;23.885;
C625;$7;vped;2.998;
C626;$7;vref;8.684;
C627;$7;vref_buf;3.287;
C628;$7;vss;8.286;
C629;$7;VSUBS;24.01;
C630;$70;$71;0.029;
C631;$70;$75;0.029;
C632;$70;VSUBS;0.89;
C633;$71;$72;0.029;
C634;$71;VSUBS;0.89;
C635;$72;VSUBS;0.89;
C636;$73;$74;0.029;
C637;$73;$78;0.029;
C638;$73;VSUBS;0.89;
C639;$74;$75;0.029;
C640;$74;VSUBS;0.89;
C641;$75;VSUBS;0.89;
C642;$76;$77;0.029;
C643;$76;$81;0.029;
C644;$76;VSUBS;0.89;
C645;$77;$78;0.029;
C646;$77;VSUBS;0.89;
C647;$78;VSUBS;0.89;
C648;$79;$80;0.029;
C649;$79;$84;0.029;
C650;$79;VSUBS;0.89;
C651;$8;$9;0.029;
C652;$8;vss;0.056;
C653;$8;VSUBS;0.877;
C654;$80;$81;0.029;
C655;$80;VSUBS;0.89;
C656;$81;VSUBS;0.89;
C657;$82;$83;0.029;
C658;$82;VSUBS;0.89;
C659;$83;$84;0.029;
C660;$83;VSUBS;0.89;
C661;$84;VSUBS;0.89;
C662;$87;$96;0.043;
C663;$87;$97;0.002;
C664;$87;$98;0.002;
C665;$87;$99;0.002;
C666;$87;isense;0.512;
C667;$87;vdd;0.03;
C668;$87;vped;0.046;
C669;$87;vref_buf;0.046;
C670;$87;vss;13.709;
C671;$87;VSUBS;2.99;
C672;$9;vss;0.054;
C673;$9;VSUBS;0.858;
C674;$93;$94;0.029;
C675;$93;vss;0.027;
C676;$93;VSUBS;0.889;
C677;$94;$95;0.029;
C678;$94;vss;0.028;
C679;$94;VSUBS;0.889;
C680;$95;vss;0.068;
C681;$95;VSUBS;0.889;
C682;$96;isense;0.016;
C683;$96;vped;0.006;
C684;$96;vref_buf;0.004;
C685;$96;vss;0.025;
C686;$96;VSUBS;0.889;
C687;$97;$98;0.029;
C688;$97;isense;0.016;
C689;$97;vped;0.006;
C690;$97;vref_buf;0.004;
C691;$97;vss;0.025;
C692;$97;VSUBS;0.889;
C693;$98;$99;0.029;
C694;$98;isense;0.016;
C695;$98;vped;0.006;
C696;$98;vref_buf;0.004;
C697;$98;vss;0.025;
C698;$98;VSUBS;0.889;
C699;$99;isense;0.016;
C700;$99;vped;0.006;
C701;$99;vref_buf;0.004;
C702;$99;vss;0.025;
C703;$99;VSUBS;0.889;
C704;iptat;isense;6.584;
C705;iptat;vdd;1.497;
C706;iptat;vped;5.341;
C707;iptat;vref_buf;5.658;
C708;iptat;vss;37.152;
C709;isense;vdd;8.574;
C710;isense;vped;1.325;
C711;isense;vref;0.156;
C712;isense;vref_buf;0.337;
C713;isense;vss;6.321;
C714;sense_n;sense_p;10.964;
C715;sense_n;vss;0.205;
C716;sense_p;vss;0.317;
C717;vdd;vped;9.18;
C718;vdd;vref;1.327;
C719;vdd;vref_buf;8.664;
C720;vdd;vss;44.531;
C721;vped;vref;0.1;
C722;vped;vref_buf;13.003;
C723;vped;vss;6.54;
C724;vref;vref_buf;7.383;
C725;vref;vss;1.767;
C726;vref_buf;vss;7.552;
C727;VSUBS;iptat;148.353;
C728;VSUBS;isense;22.473;
C729;VSUBS;sense_n;3.99;
C730;VSUBS;sense_p;2.701;
C731;VSUBS;vdd;155.299;
C732;VSUBS;vped;44.731;
C733;VSUBS;vref;35.635;
C734;VSUBS;vref_buf;44.82;
C735;VSUBS;vss;282.343;
/work/build/g1_sense_lay/pex/cc_nomim/g1_sense_nomim__g1_sense/g1_sense_k25d_pex_netlist.csv
Wrote expanded netlist to: /work/build/g1_sense_lay/pex/cc_nomim/g1_sense_nomim__g1_sense/g1_sense_k25d_pex_netlist.spice
