22-Sep-2026 20:11:01 | INFO    | Your Klayout version is: KLayout 0.30.9 (required >= 0.30.5)
22-Sep-2026 20:11:01 | INFO    | Running SG13G2 LVS checks on design /work/designs/g1-guardian/blocks/g1_sense/layout/coordinated_gm4/stacked-pair-20260922-r2/g1_main_pair_stacked64.gds on cell g1_main_pair_stacked64
2026-09-22 20:11:03 +0200: Memory Usage (408824K) : Starting running SG13G2 Klayout LVS runset on /work/designs/g1-guardian/blocks/g1_sense/layout/coordinated_gm4/stacked-pair-20260922-r2/g1_main_pair_stacked64.gds
2026-09-22 20:11:03 +0200: Memory Usage (408824K) : Ruby Version for klayout: 3.2.3
2026-09-22 20:11:03 +0200: Memory Usage (408824K) : Loading database to memory is complete.
2026-09-22 20:11:03 +0200: Memory Usage (408824K) : SG13G2 Klayout LVS runset output at: /work/designs/g1-guardian/blocks/g1_sense/layout/coordinated_gm4/stacked-pair-stock-20260922-r1/lvs/g1_main_pair_stacked64.lvsdb
2026-09-22 20:11:03 +0200: Memory Usage (408824K) : Evaluate switches.
2026-09-22 20:11:03 +0200: Memory Usage (408824K) : Extracted netlist with net names: true
2026-09-22 20:11:03 +0200: Memory Usage (408824K) : Extracted netlist with comments in details: false
2026-09-22 20:11:03 +0200: Memory Usage (408824K) : Selected NET_ONLY option: false
2026-09-22 20:11:03 +0200: Memory Usage (408824K) : Selected LAYOUT_NETLIST option: (none)
2026-09-22 20:11:03 +0200: Memory Usage (408824K) : Selected IGNORE_TOP_PORTS_MISMATCH option: 
2026-09-22 20:11:03 +0200: Memory Usage (408824K) : Selected IMPLICIT_NETS option: (none)
2026-09-22 20:11:03 +0200: Memory Usage (408824K) : Selected TOP_LVL_PINS option: false
2026-09-22 20:11:03 +0200: Memory Usage (408824K) : Selected COMBINE DEVICES option: false
2026-09-22 20:11:03 +0200: Memory Usage (408824K) : Selected PURGE option: false
2026-09-22 20:11:03 +0200: Memory Usage (408824K) : Selected PURGE_NETS option: false
2026-09-22 20:11:03 +0200: Memory Usage (408824K) : Selected SIMPLIFY option: true
2026-09-22 20:11:03 +0200: Memory Usage (408824K) : Selected SERIES_RES option: true
2026-09-22 20:11:03 +0200: Memory Usage (408824K) : Selected PARALLEL_RES option: true
2026-09-22 20:11:03 +0200: Memory Usage (408824K) : Selected DISABLE_TAP_EXTRACTION option: false
2026-09-22 20:11:03 +0200: Memory Usage (408824K) : deep  mode is enabled.
2026-09-22 20:11:03 +0200: Memory Usage (408824K) : Netlist file: /work/designs/g1-guardian/blocks/g1_sense/layout/coordinated_gm4/stacked-pair-reference-20260922-r1/g1_main_pair_stacked64.cdl
2026-09-22 20:11:03 +0200: Memory Usage (408824K) : LVS extracted netlist at: /work/designs/g1-guardian/blocks/g1_sense/layout/coordinated_gm4/stacked-pair-stock-20260922-r1/lvs/g1_main_pair_stacked64_extracted.cir
2026-09-22 20:11:03 +0200: Memory Usage (408824K) : Applying SRAM integration support.
2026-09-22 20:11:03 +0200: Memory Usage (408824K) : Starting SG13G2 LVS runset
2026-09-22 20:11:03 +0200: Memory Usage (408824K) : Read in polygons from layers.
2026-09-22 20:11:03 +0200: Memory Usage (410340K) : activ_drw has 146 polygons
2026-09-22 20:11:03 +0200: Memory Usage (410340K) : activ_filler has 0 polygons
2026-09-22 20:11:03 +0200: Memory Usage (410340K) : activ has 146 polygons
2026-09-22 20:11:03 +0200: Memory Usage (410340K) : activ_pin has 0 polygons
2026-09-22 20:11:03 +0200: Memory Usage (410340K) : activ_mask has 0 polygons
2026-09-22 20:11:03 +0200: Memory Usage (410340K) : activ_nofill has 0 polygons
2026-09-22 20:11:03 +0200: Memory Usage (410340K) : activ_OPC has 0 polygons
2026-09-22 20:11:03 +0200: Memory Usage (410340K) : activ_iOPC has 0 polygons
2026-09-22 20:11:03 +0200: Memory Usage (410340K) : activ_noqrc has 0 polygons
2026-09-22 20:11:03 +0200: Memory Usage (410340K) : biwind_drw has 0 polygons
2026-09-22 20:11:03 +0200: Memory Usage (410340K) : biwind_OPC has 0 polygons
2026-09-22 20:11:03 +0200: Memory Usage (410340K) : gatpoly_drw has 260 polygons
2026-09-22 20:11:03 +0200: Memory Usage (410340K) : gatpoly_filler has 0 polygons
2026-09-22 20:11:03 +0200: Memory Usage (410340K) : gatpoly has 260 polygons
2026-09-22 20:11:03 +0200: Memory Usage (410340K) : gatpoly_pin has 2 polygons
2026-09-22 20:11:03 +0200: Memory Usage (410340K) : gatpoly_nofill has 0 polygons
2026-09-22 20:11:03 +0200: Memory Usage (410340K) : gatpoly_OPC has 0 polygons
2026-09-22 20:11:03 +0200: Memory Usage (410340K) : gatpoly_iOPC has 0 polygons
2026-09-22 20:11:03 +0200: Memory Usage (410340K) : gatpoly_noqrc has 0 polygons
2026-09-22 20:11:03 +0200: Memory Usage (410340K) : cont_drw has 6130 polygons
2026-09-22 20:11:03 +0200: Memory Usage (410340K) : cont_OPC has 0 polygons
2026-09-22 20:11:03 +0200: Memory Usage (410340K) : nsd_drw has 0 polygons
2026-09-22 20:11:03 +0200: Memory Usage (410340K) : nsd_block has 0 polygons
2026-09-22 20:11:03 +0200: Memory Usage (411988K) : metal1_drw has 482 polygons
2026-09-22 20:11:03 +0200: Memory Usage (411988K) : metal1_filler has 0 polygons
2026-09-22 20:11:03 +0200: Memory Usage (411988K) : metal1_slit has 0 polygons
2026-09-22 20:11:03 +0200: Memory Usage (412184K) : metal1 has 482 polygons
2026-09-22 20:11:03 +0200: Memory Usage (412184K) : metal1_pin has 4 polygons
2026-09-22 20:11:03 +0200: Memory Usage (412708K) : metal1_mask has 0 polygons
2026-09-22 20:11:03 +0200: Memory Usage (412708K) : metal1_nofill has 0 polygons
2026-09-22 20:11:03 +0200: Memory Usage (412708K) : metal1_text has 0 polygons
2026-09-22 20:11:03 +0200: Memory Usage (412708K) : metal1_OPC has 0 polygons
2026-09-22 20:11:03 +0200: Memory Usage (412708K) : metal1_noqrc has 0 polygons
2026-09-22 20:11:03 +0200: Memory Usage (412708K) : metal1_res has 0 polygons
2026-09-22 20:11:03 +0200: Memory Usage (412708K) : metal1_iprobe has 0 polygons
2026-09-22 20:11:03 +0200: Memory Usage (412708K) : metal1_diffprb has 0 polygons
2026-09-22 20:11:03 +0200: Memory Usage (413092K) : passiv_drw has 0 polygons
2026-09-22 20:11:03 +0200: Memory Usage (413092K) : passiv_pin has 0 polygons
2026-09-22 20:11:03 +0200: Memory Usage (413092K) : passiv_sbump has 0 polygons
2026-09-22 20:11:03 +0200: Memory Usage (413092K) : passiv_pillar has 0 polygons
2026-09-22 20:11:03 +0200: Memory Usage (413356K) : passiv_pdl has 0 polygons
2026-09-22 20:11:03 +0200: Memory Usage (413356K) : metal2_drw has 302 polygons
2026-09-22 20:11:03 +0200: Memory Usage (413356K) : metal2_filler has 0 polygons
2026-09-22 20:11:03 +0200: Memory Usage (413356K) : metal2_slit has 0 polygons
2026-09-22 20:11:03 +0200: Memory Usage (413652K) : metal2 has 302 polygons
2026-09-22 20:11:03 +0200: Memory Usage (413652K) : metal2_pin has 0 polygons
2026-09-22 20:11:03 +0200: Memory Usage (413652K) : metal2_mask has 0 polygons
2026-09-22 20:11:03 +0200: Memory Usage (413912K) : metal2_nofill has 0 polygons
2026-09-22 20:11:03 +0200: Memory Usage (413912K) : metal2_text has 0 polygons
2026-09-22 20:11:03 +0200: Memory Usage (413912K) : metal2_OPC has 0 polygons
2026-09-22 20:11:03 +0200: Memory Usage (414152K) : metal2_noqrc has 0 polygons
2026-09-22 20:11:03 +0200: Memory Usage (414152K) : metal2_res has 0 polygons
2026-09-22 20:11:03 +0200: Memory Usage (414152K) : metal2_iprobe has 0 polygons
2026-09-22 20:11:03 +0200: Memory Usage (414152K) : metal2_diffprb has 0 polygons
2026-09-22 20:11:03 +0200: Memory Usage (414412K) : baspoly_drw has 0 polygons
2026-09-22 20:11:03 +0200: Memory Usage (414412K) : baspoly_pin has 0 polygons
2026-09-22 20:11:03 +0200: Memory Usage (414412K) : psd_drw has 12 polygons
2026-09-22 20:11:03 +0200: Memory Usage (414412K) : nldb_drw has 0 polygons
2026-09-22 20:11:03 +0200: Memory Usage (414676K) : digibnd_drw has 0 polygons
2026-09-22 20:11:03 +0200: Memory Usage (414676K) : via1_drw has 204 polygons
2026-09-22 20:11:03 +0200: Memory Usage (414676K) : backmetal1_drw has 0 polygons
2026-09-22 20:11:03 +0200: Memory Usage (414676K) : backmetal1_pin has 0 polygons
2026-09-22 20:11:03 +0200: Memory Usage (414940K) : backmetal1_mask has 0 polygons
2026-09-22 20:11:03 +0200: Memory Usage (414940K) : backmetal1_filler has 0 polygons
2026-09-22 20:11:03 +0200: Memory Usage (414940K) : backmetal1_nofill has 0 polygons
2026-09-22 20:11:03 +0200: Memory Usage (414940K) : backmetal1_slit has 0 polygons
2026-09-22 20:11:03 +0200: Memory Usage (415204K) : backmetal1_text has 0 polygons
2026-09-22 20:11:03 +0200: Memory Usage (415204K) : backmetal1_OPC has 0 polygons
2026-09-22 20:11:03 +0200: Memory Usage (415304K) : backmetal1_noqrc has 0 polygons
2026-09-22 20:11:03 +0200: Memory Usage (415304K) : backmetal1_res has 0 polygons
2026-09-22 20:11:03 +0200: Memory Usage (415304K) : backmetal1_iprobe has 0 polygons
2026-09-22 20:11:03 +0200: Memory Usage (415564K) : backmetal1_diffprb has 0 polygons
2026-09-22 20:11:03 +0200: Memory Usage (415564K) : backpassiv_drw has 0 polygons
2026-09-22 20:11:03 +0200: Memory Usage (415564K) : res_drw has 0 polygons
2026-09-22 20:11:03 +0200: Memory Usage (415564K) : sram_drw has 0 polygons
2026-09-22 20:11:03 +0200: Memory Usage (415828K) : trans_drw has 0 polygons
2026-09-22 20:11:03 +0200: Memory Usage (415944K) : ind_drw has 0 polygons
2026-09-22 20:11:03 +0200: Memory Usage (415944K) : ind_pin has 0 polygons
2026-09-22 20:11:03 +0200: Memory Usage (415944K) : ind_text has 0 polygons
2026-09-22 20:11:03 +0200: Memory Usage (415944K) : salblock_drw has 0 polygons
2026-09-22 20:11:03 +0200: Memory Usage (416204K) : via2_drw has 80 polygons
2026-09-22 20:11:03 +0200: Memory Usage (416204K) : metal3_drw has 162 polygons
2026-09-22 20:11:03 +0200: Memory Usage (416204K) : metal3_filler has 0 polygons
2026-09-22 20:11:03 +0200: Memory Usage (416204K) : metal3_slit has 0 polygons
2026-09-22 20:11:03 +0200: Memory Usage (416468K) : metal3 has 162 polygons
2026-09-22 20:11:03 +0200: Memory Usage (416468K) : metal3_pin has 7 polygons
2026-09-22 20:11:03 +0200: Memory Usage (416632K) : metal3_mask has 0 polygons
2026-09-22 20:11:03 +0200: Memory Usage (416632K) : metal3_nofill has 0 polygons
2026-09-22 20:11:03 +0200: Memory Usage (416952K) : metal3_text has 7 polygons
2026-09-22 20:11:03 +0200: Memory Usage (416952K) : metal3_OPC has 0 polygons
2026-09-22 20:11:03 +0200: Memory Usage (416952K) : metal3_noqrc has 0 polygons
2026-09-22 20:11:03 +0200: Memory Usage (416952K) : metal3_res has 0 polygons
2026-09-22 20:11:03 +0200: Memory Usage (416952K) : metal3_iprobe has 0 polygons
2026-09-22 20:11:03 +0200: Memory Usage (417276K) : metal3_diffprb has 0 polygons
2026-09-22 20:11:03 +0200: Memory Usage (417276K) : nwell_drw has 4 polygons
2026-09-22 20:11:03 +0200: Memory Usage (417276K) : nwell_pin has 0 polygons
2026-09-22 20:11:03 +0200: Memory Usage (417276K) : nwell_text has 0 polygons
2026-09-22 20:11:03 +0200: Memory Usage (417540K) : nbulay_drw has 0 polygons
2026-09-22 20:11:03 +0200: Memory Usage (417540K) : nbulay_pin has 0 polygons
2026-09-22 20:11:03 +0200: Memory Usage (417540K) : nbulay_block has 0 polygons
2026-09-22 20:11:03 +0200: Memory Usage (417540K) : emwind_drw has 0 polygons
2026-09-22 20:11:03 +0200: Memory Usage (417804K) : emwind_OPC has 0 polygons
2026-09-22 20:11:03 +0200: Memory Usage (417832K) : deepco_drw has 0 polygons
2026-09-22 20:11:03 +0200: Memory Usage (418028K) : mim_drw has 0 polygons
2026-09-22 20:11:03 +0200: Memory Usage (418028K) : edgeseal_drw has 0 polygons
2026-09-22 20:11:03 +0200: Memory Usage (418028K) : substrate_drw has 2 polygons
2026-09-22 20:11:03 +0200: Memory Usage (418028K) : substrate_text has 0 polygons
2026-09-22 20:11:03 +0200: Memory Usage (418288K) : dfpad_drw has 0 polygons
2026-09-22 20:11:03 +0200: Memory Usage (418288K) : dfpad_pillar has 0 polygons
2026-09-22 20:11:03 +0200: Memory Usage (418288K) : dfpad_sbump has 0 polygons
2026-09-22 20:11:03 +0200: Memory Usage (418288K) : thickgateox_drw has 2 polygons
2026-09-22 20:11:03 +0200: Memory Usage (418552K) : pldb_drw has 0 polygons
2026-09-22 20:11:03 +0200: Memory Usage (418552K) : pwell_drw has 0 polygons
2026-09-22 20:11:03 +0200: Memory Usage (418552K) : pwell_pin has 0 polygons
2026-09-22 20:11:03 +0200: Memory Usage (418552K) : pwell_block has 0 polygons
2026-09-22 20:11:03 +0200: Memory Usage (418816K) : ic_drw has 0 polygons
2026-09-22 20:11:03 +0200: Memory Usage (418816K) : via3_drw has 0 polygons
2026-09-22 20:11:03 +0200: Memory Usage (418816K) : metal4_drw has 0 polygons
2026-09-22 20:11:03 +0200: Memory Usage (418816K) : metal4_filler has 0 polygons
2026-09-22 20:11:03 +0200: Memory Usage (419080K) : metal4_slit has 0 polygons
2026-09-22 20:11:03 +0200: Memory Usage (419080K) : metal4 has 0 polygons
2026-09-22 20:11:03 +0200: Memory Usage (419080K) : metal4_pin has 0 polygons
2026-09-22 20:11:03 +0200: Memory Usage (419080K) : metal4_mask has 0 polygons
2026-09-22 20:11:03 +0200: Memory Usage (419344K) : metal4_nofill has 0 polygons
2026-09-22 20:11:03 +0200: Memory Usage (419344K) : metal4_text has 0 polygons
2026-09-22 20:11:03 +0200: Memory Usage (419344K) : metal4_OPC has 0 polygons
2026-09-22 20:11:03 +0200: Memory Usage (419344K) : metal4_noqrc has 0 polygons
2026-09-22 20:11:03 +0200: Memory Usage (419344K) : metal4_res has 0 polygons
2026-09-22 20:11:03 +0200: Memory Usage (419608K) : metal4_iprobe has 0 polygons
2026-09-22 20:11:03 +0200: Memory Usage (419608K) : metal4_diffprb has 0 polygons
2026-09-22 20:11:03 +0200: Memory Usage (419608K) : heattrans_drw has 128 polygons
2026-09-22 20:11:03 +0200: Memory Usage (419608K) : heatres_drw has 0 polygons
2026-09-22 20:11:03 +0200: Memory Usage (419872K) : fbe_drw has 0 polygons
2026-09-22 20:11:03 +0200: Memory Usage (419872K) : empoly_drw has 0 polygons
2026-09-22 20:11:03 +0200: Memory Usage (419872K) : digisub_drw has 0 polygons
2026-09-22 20:11:03 +0200: Memory Usage (419872K) : text_drw has 2 polygons
2026-09-22 20:11:03 +0200: Memory Usage (419872K) : via4_drw has 0 polygons
2026-09-22 20:11:03 +0200: Memory Usage (420136K) : metal5_drw has 0 polygons
2026-09-22 20:11:03 +0200: Memory Usage (420136K) : metal5_filler has 0 polygons
2026-09-22 20:11:03 +0200: Memory Usage (420136K) : metal5_slit has 0 polygons
2026-09-22 20:11:03 +0200: Memory Usage (420400K) : metal5 has 0 polygons
2026-09-22 20:11:03 +0200: Memory Usage (420400K) : metal5_pin has 0 polygons
2026-09-22 20:11:03 +0200: Memory Usage (420400K) : metal5_mask has 0 polygons
2026-09-22 20:11:03 +0200: Memory Usage (420400K) : metal5_nofill has 0 polygons
2026-09-22 20:11:03 +0200: Memory Usage (420400K) : metal5_text has 0 polygons
2026-09-22 20:11:03 +0200: Memory Usage (420664K) : metal5_OPC has 0 polygons
2026-09-22 20:11:03 +0200: Memory Usage (420664K) : metal5_noqrc has 0 polygons
2026-09-22 20:11:03 +0200: Memory Usage (420664K) : metal5_res has 0 polygons
2026-09-22 20:11:03 +0200: Memory Usage (420664K) : metal5_iprobe has 0 polygons
2026-09-22 20:11:03 +0200: Memory Usage (420928K) : metal5_diffprb has 0 polygons
2026-09-22 20:11:03 +0200: Memory Usage (420928K) : radhard_drw has 0 polygons
2026-09-22 20:11:03 +0200: Memory Usage (420928K) : memcap_drw has 0 polygons
2026-09-22 20:11:03 +0200: Memory Usage (420928K) : varicap_drw has 0 polygons
2026-09-22 20:11:03 +0200: Memory Usage (421192K) : intbondvia_drw has 0 polygons
2026-09-22 20:11:03 +0200: Memory Usage (421192K) : intbondmet_drw has 0 polygons
2026-09-22 20:11:03 +0200: Memory Usage (421192K) : devbondvia_drw has 0 polygons
2026-09-22 20:11:03 +0200: Memory Usage (421192K) : devbondmet_drw has 0 polygons
2026-09-22 20:11:03 +0200: Memory Usage (421456K) : devtrench_drw has 0 polygons
2026-09-22 20:11:03 +0200: Memory Usage (421456K) : redist_drw has 0 polygons
2026-09-22 20:11:03 +0200: Memory Usage (421456K) : graphbot_drw has 0 polygons
2026-09-22 20:11:03 +0200: Memory Usage (421456K) : graphtop_drw has 0 polygons
2026-09-22 20:11:03 +0200: Memory Usage (421456K) : antvia1_drw has 0 polygons
2026-09-22 20:11:03 +0200: Memory Usage (421720K) : antmetal2_drw has 0 polygons
2026-09-22 20:11:03 +0200: Memory Usage (421720K) : graphcont_drw has 0 polygons
2026-09-22 20:11:03 +0200: Memory Usage (421720K) : siwg_drw has 0 polygons
2026-09-22 20:11:03 +0200: Memory Usage (421720K) : siwg_filler has 0 polygons
2026-09-22 20:11:03 +0200: Memory Usage (421984K) : siwg_nofill has 0 polygons
2026-09-22 20:11:03 +0200: Memory Usage (421984K) : sigrating_drw has 0 polygons
2026-09-22 20:11:03 +0200: Memory Usage (421984K) : singrating_drw has 0 polygons
2026-09-22 20:11:03 +0200: Memory Usage (421984K) : graphpas_drw has 0 polygons
2026-09-22 20:11:03 +0200: Memory Usage (421984K) : emwind3_drw has 0 polygons
2026-09-22 20:11:03 +0200: Memory Usage (422248K) : emwihv3_drw has 0 polygons
2026-09-22 20:11:03 +0200: Memory Usage (422248K) : redbulay_drw has 0 polygons
2026-09-22 20:11:03 +0200: Memory Usage (422248K) : smos_drw has 0 polygons
2026-09-22 20:11:03 +0200: Memory Usage (422248K) : graphpad_drw has 0 polygons
2026-09-22 20:11:03 +0200: Memory Usage (422512K) : polimide_drw has 0 polygons
2026-09-22 20:11:03 +0200: Memory Usage (422512K) : polimide_pin has 0 polygons
2026-09-22 20:11:03 +0200: Memory Usage (422512K) : recog_drw has 0 polygons
2026-09-22 20:11:03 +0200: Memory Usage (422512K) : recog_pin has 0 polygons
2026-09-22 20:11:03 +0200: Memory Usage (422776K) : recog_esd has 0 polygons
2026-09-22 20:11:03 +0200: Memory Usage (422776K) : recog_diode has 0 polygons
2026-09-22 20:11:03 +0200: Memory Usage (422776K) : recog_tsv has 0 polygons
2026-09-22 20:11:03 +0200: Memory Usage (422776K) : recog_iprobe has 0 polygons
2026-09-22 20:11:03 +0200: Memory Usage (422776K) : recog_diffprb has 0 polygons
2026-09-22 20:11:03 +0200: Memory Usage (423040K) : recog_pillar has 0 polygons
2026-09-22 20:11:03 +0200: Memory Usage (423040K) : recog_sbump has 0 polygons
2026-09-22 20:11:03 +0200: Memory Usage (423040K) : recog_otp has 0 polygons
2026-09-22 20:11:03 +0200: Memory Usage (423040K) : recog_pdiode has 0 polygons
2026-09-22 20:11:03 +0200: Memory Usage (423304K) : recog_mom has 0 polygons
2026-09-22 20:11:03 +0200: Memory Usage (423304K) : recog_pcm has 0 polygons
2026-09-22 20:11:03 +0200: Memory Usage (423304K) : colopen_drw has 0 polygons
2026-09-22 20:11:03 +0200: Memory Usage (423304K) : graphmetal1_drw has 0 polygons
2026-09-22 20:11:03 +0200: Memory Usage (423568K) : graphmetal1_filler has 0 polygons
2026-09-22 20:11:03 +0200: Memory Usage (423568K) : graphmetal1_nofill has 0 polygons
2026-09-22 20:11:03 +0200: Memory Usage (423568K) : graphmetal1_slit has 0 polygons
2026-09-22 20:11:03 +0200: Memory Usage (423568K) : graphmetal1_OPC has 0 polygons
2026-09-22 20:11:03 +0200: Memory Usage (423568K) : graphmet1l_drw has 0 polygons
2026-09-22 20:11:03 +0200: Memory Usage (423832K) : graphmet1l_filler has 0 polygons
2026-09-22 20:11:03 +0200: Memory Usage (423832K) : graphmet1l_nofill has 0 polygons
2026-09-22 20:11:03 +0200: Memory Usage (423832K) : graphmet1l_slit has 0 polygons
2026-09-22 20:11:03 +0200: Memory Usage (423832K) : graphmet1l_OPC has 0 polygons
2026-09-22 20:11:03 +0200: Memory Usage (423832K) : extblock_drw has 0 polygons
2026-09-22 20:11:03 +0200: Memory Usage (424096K) : nldd_drw has 0 polygons
2026-09-22 20:11:03 +0200: Memory Usage (424096K) : pldd_drw has 0 polygons
2026-09-22 20:11:03 +0200: Memory Usage (424096K) : next_drw has 0 polygons
2026-09-22 20:11:03 +0200: Memory Usage (424096K) : pext_drw has 0 polygons
2026-09-22 20:11:03 +0200: Memory Usage (424360K) : nexthv_drw has 0 polygons
2026-09-22 20:11:03 +0200: Memory Usage (424360K) : pexthv_drw has 0 polygons
2026-09-22 20:11:03 +0200: Memory Usage (424360K) : graphgate_drw has 0 polygons
2026-09-22 20:11:03 +0200: Memory Usage (424360K) : sinwg_drw has 0 polygons
2026-09-22 20:11:03 +0200: Memory Usage (424624K) : sinwg_filler has 0 polygons
2026-09-22 20:11:03 +0200: Memory Usage (424624K) : sinwg_nofill has 0 polygons
2026-09-22 20:11:03 +0200: Memory Usage (424624K) : mempad_drw has 0 polygons
2026-09-22 20:11:03 +0200: Memory Usage (424624K) : topvia1_drw has 0 polygons
2026-09-22 20:11:03 +0200: Memory Usage (424624K) : topmetal1_drw has 0 polygons
2026-09-22 20:11:03 +0200: Memory Usage (424888K) : topmetal1_filler has 0 polygons
2026-09-22 20:11:03 +0200: Memory Usage (424888K) : topmetal1_slit has 0 polygons
2026-09-22 20:11:03 +0200: Memory Usage (424888K) : topmetal1 has 0 polygons
2026-09-22 20:11:03 +0200: Memory Usage (425152K) : topmetal1_pin has 0 polygons
2026-09-22 20:11:03 +0200: Memory Usage (425152K) : topmetal1_mask has 0 polygons
2026-09-22 20:11:03 +0200: Memory Usage (425152K) : topmetal1_nofill has 0 polygons
2026-09-22 20:11:03 +0200: Memory Usage (425152K) : topmetal1_text has 0 polygons
2026-09-22 20:11:03 +0200: Memory Usage (425152K) : topmetal1_noqrc has 0 polygons
2026-09-22 20:11:03 +0200: Memory Usage (425416K) : topmetal1_res has 0 polygons
2026-09-22 20:11:03 +0200: Memory Usage (425416K) : topmetal1_iprobe has 0 polygons
2026-09-22 20:11:03 +0200: Memory Usage (425416K) : topmetal1_diffprb has 0 polygons
2026-09-22 20:11:03 +0200: Memory Usage (425416K) : inldpwl_drw has 0 polygons
2026-09-22 20:11:03 +0200: Memory Usage (425680K) : polyres_drw has 0 polygons
2026-09-22 20:11:03 +0200: Memory Usage (425680K) : polyres_pin has 0 polygons
2026-09-22 20:11:03 +0200: Memory Usage (425680K) : vmim_drw has 0 polygons
2026-09-22 20:11:03 +0200: Memory Usage (425680K) : nbulaycut_drw has 0 polygons
2026-09-22 20:11:03 +0200: Memory Usage (425944K) : antmetal1_drw has 0 polygons
2026-09-22 20:11:03 +0200: Memory Usage (425944K) : topvia2_drw has 0 polygons
2026-09-22 20:11:03 +0200: Memory Usage (425944K) : topmetal2_drw has 0 polygons
2026-09-22 20:11:03 +0200: Memory Usage (425944K) : topmetal2_filler has 0 polygons
2026-09-22 20:11:03 +0200: Memory Usage (425944K) : topmetal2_slit has 0 polygons
2026-09-22 20:11:03 +0200: Memory Usage (426208K) : topmetal2 has 0 polygons
2026-09-22 20:11:03 +0200: Memory Usage (426208K) : topmetal2_pin has 0 polygons
2026-09-22 20:11:03 +0200: Memory Usage (426208K) : topmetal2_mask has 0 polygons
2026-09-22 20:11:03 +0200: Memory Usage (426208K) : topmetal2_nofill has 0 polygons
2026-09-22 20:11:03 +0200: Memory Usage (426208K) : topmetal2_text has 0 polygons
2026-09-22 20:11:03 +0200: Memory Usage (426208K) : topmetal2_noqrc has 0 polygons
2026-09-22 20:11:03 +0200: Memory Usage (426208K) : topmetal2_res has 0 polygons
2026-09-22 20:11:03 +0200: Memory Usage (426208K) : topmetal2_iprobe has 0 polygons
2026-09-22 20:11:03 +0200: Memory Usage (426472K) : topmetal2_diffprb has 0 polygons
2026-09-22 20:11:03 +0200: Memory Usage (426472K) : snsring_drw has 0 polygons
2026-09-22 20:11:03 +0200: Memory Usage (426472K) : sensor_drw has 0 polygons
2026-09-22 20:11:03 +0200: Memory Usage (426472K) : snsarms_drw has 0 polygons
2026-09-22 20:11:03 +0200: Memory Usage (426472K) : snscmosvia_drw has 0 polygons
2026-09-22 20:11:03 +0200: Memory Usage (426736K) : colwind_drw has 0 polygons
2026-09-22 20:11:03 +0200: Memory Usage (426736K) : flm_drw has 0 polygons
2026-09-22 20:11:03 +0200: Memory Usage (426736K) : hafniumox_drw has 0 polygons
2026-09-22 20:11:03 +0200: Memory Usage (426736K) : memvia_drw has 0 polygons
2026-09-22 20:11:03 +0200: Memory Usage (427000K) : thinfilmres_drw has 0 polygons
2026-09-22 20:11:03 +0200: Memory Usage (427000K) : rfmem_drw has 0 polygons
2026-09-22 20:11:03 +0200: Memory Usage (427000K) : norcx_drw has 0 polygons
2026-09-22 20:11:03 +0200: Memory Usage (427000K) : norcx_m2m3 has 0 polygons
2026-09-22 20:11:03 +0200: Memory Usage (427264K) : norcx_m2m4 has 0 polygons
2026-09-22 20:11:03 +0200: Memory Usage (427264K) : norcx_m2m5 has 0 polygons
2026-09-22 20:11:03 +0200: Memory Usage (427264K) : norcx_m2tm1 has 0 polygons
2026-09-22 20:11:03 +0200: Memory Usage (427264K) : norcx_m2tm2 has 0 polygons
2026-09-22 20:11:03 +0200: Memory Usage (427528K) : norcx_m3m4 has 0 polygons
2026-09-22 20:11:03 +0200: Memory Usage (427528K) : norcx_m3m5 has 0 polygons
2026-09-22 20:11:03 +0200: Memory Usage (427528K) : norcx_m3tm1 has 0 polygons
2026-09-22 20:11:03 +0200: Memory Usage (427528K) : norcx_m3tm2 has 0 polygons
2026-09-22 20:11:03 +0200: Memory Usage (427528K) : norcx_m4m5 has 0 polygons
2026-09-22 20:11:03 +0200: Memory Usage (427792K) : norcx_m4tm1 has 0 polygons
2026-09-22 20:11:03 +0200: Memory Usage (427792K) : norcx_m4tm2 has 0 polygons
2026-09-22 20:11:03 +0200: Memory Usage (427792K) : norcx_m5tm1 has 0 polygons
2026-09-22 20:11:03 +0200: Memory Usage (427792K) : norcx_m5tm2 has 0 polygons
2026-09-22 20:11:03 +0200: Memory Usage (428056K) : norcx_tm1tm2 has 0 polygons
2026-09-22 20:11:03 +0200: Memory Usage (428056K) : norcx_m1sub has 0 polygons
2026-09-22 20:11:03 +0200: Memory Usage (428056K) : norcx_m2sub has 0 polygons
2026-09-22 20:11:03 +0200: Memory Usage (428056K) : norcx_m3sub has 0 polygons
2026-09-22 20:11:03 +0200: Memory Usage (428320K) : norcx_m4sub has 0 polygons
2026-09-22 20:11:03 +0200: Memory Usage (428320K) : norcx_m5sub has 0 polygons
2026-09-22 20:11:03 +0200: Memory Usage (428320K) : norcx_tm1sub has 0 polygons
2026-09-22 20:11:03 +0200: Memory Usage (428320K) : norcx_tm2sub has 0 polygons
2026-09-22 20:11:03 +0200: Memory Usage (428320K) : snsbotvia_drw has 0 polygons
2026-09-22 20:11:03 +0200: Memory Usage (428584K) : snstopvia_drw has 0 polygons
2026-09-22 20:11:03 +0200: Memory Usage (428584K) : deepvia_drw has 0 polygons
2026-09-22 20:11:03 +0200: Memory Usage (428584K) : fgetch_drw has 0 polygons
2026-09-22 20:11:03 +0200: Memory Usage (428584K) : ctrgat_drw has 0 polygons
2026-09-22 20:11:03 +0200: Memory Usage (428848K) : fgimp_drw has 0 polygons
2026-09-22 20:11:03 +0200: Memory Usage (428848K) : emwihv_drw has 0 polygons
2026-09-22 20:11:03 +0200: Memory Usage (428848K) : lbe_drw has 0 polygons
2026-09-22 20:11:03 +0200: Memory Usage (428848K) : alcustop_drw has 0 polygons
2026-09-22 20:11:03 +0200: Memory Usage (429112K) : nometfiller_drw has 0 polygons
2026-09-22 20:11:03 +0200: Memory Usage (429112K) : prboundary_drw has 0 polygons
2026-09-22 20:11:03 +0200: Memory Usage (429112K) : exchange0_drw has 0 polygons
2026-09-22 20:11:03 +0200: Memory Usage (429112K) : exchange0_pin has 0 polygons
2026-09-22 20:11:03 +0200: Memory Usage (429112K) : exchange0_text has 0 polygons
2026-09-22 20:11:03 +0200: Memory Usage (429376K) : exchange1_drw has 0 polygons
2026-09-22 20:11:03 +0200: Memory Usage (429376K) : exchange1_pin has 0 polygons
2026-09-22 20:11:03 +0200: Memory Usage (429376K) : exchange1_text has 0 polygons
2026-09-22 20:11:03 +0200: Memory Usage (429376K) : exchange2_drw has 0 polygons
2026-09-22 20:11:03 +0200: Memory Usage (429640K) : exchange2_pin has 0 polygons
2026-09-22 20:11:03 +0200: Memory Usage (429640K) : exchange2_text has 0 polygons
2026-09-22 20:11:03 +0200: Memory Usage (429640K) : exchange3_drw has 0 polygons
2026-09-22 20:11:03 +0200: Memory Usage (429640K) : exchange3_pin has 0 polygons
2026-09-22 20:11:03 +0200: Memory Usage (429640K) : exchange3_text has 0 polygons
2026-09-22 20:11:03 +0200: Memory Usage (429904K) : exchange4_drw has 0 polygons
2026-09-22 20:11:03 +0200: Memory Usage (429904K) : exchange4_pin has 0 polygons
2026-09-22 20:11:03 +0200: Memory Usage (429904K) : exchange4_text has 0 polygons
2026-09-22 20:11:03 +0200: Memory Usage (429904K) : isonwell_drw has 0 polygons
2026-09-22 20:11:03 +0200: Memory Usage (429904K) : Total no. of polygons in the design is 7936
2026-09-22 20:11:03 +0200: Memory Usage (429904K) : Starting base layers derivations
2026-09-22 20:11:03 +0200: Memory Usage (429904K) : Starting general LVS derivations
2026-09-22 20:11:03 +0200: Memory Usage (436632K) : Starting MOSFET DERIVATIONS
2026-09-22 20:11:03 +0200: Memory Usage (438984K) : Starting NMOS DERIVATIONS
2026-09-22 20:11:03 +0200: Memory Usage (439120K) : Starting PMOS DERIVATIONS
2026-09-22 20:11:03 +0200: Memory Usage (439120K) : Starting RF-MOSFET DERIVATIONS
2026-09-22 20:11:03 +0200: Memory Usage (439120K) : Starting RF-NMOS DERIVATIONS
2026-09-22 20:11:03 +0200: Memory Usage (439120K) : Starting RF-PMOS DERIVATIONS
2026-09-22 20:11:03 +0200: Memory Usage (439120K) : Starting BJT DERIVATIONS
2026-09-22 20:11:03 +0200: Memory Usage (439120K) : Starting NPN-BJT DERIVATIONS
2026-09-22 20:11:03 +0200: Memory Usage (442076K) : Starting PNP-BJT DERIVATIONS
2026-09-22 20:11:03 +0200: Memory Usage (443132K) : Starting DIODE DERIVATIONS
2026-09-22 20:11:03 +0200: Memory Usage (443844K) : Starting RESISTOR DERIVATIONS
2026-09-22 20:11:03 +0200: Memory Usage (443844K) : Starting CAP DERIVATIONS
2026-09-22 20:11:03 +0200: Memory Usage (443844K) : Starting ESD DERIVATIONS
2026-09-22 20:11:03 +0200: Memory Usage (443844K) : Starting Inductor DERIVATIONS
2026-09-22 20:11:03 +0200: Memory Usage (443844K) : Starting Taps DERIVATIONS
2026-09-22 20:11:03 +0200: Memory Usage (443844K) : Starting SG13G2 LVS connectivity setup
2026-09-22 20:11:03 +0200: Memory Usage (443844K) : Starting SG13G2 LVS connectivity setup (Inter-layer)
2026-09-22 20:11:03 +0200: Memory Usage (443844K) : Starting SG13G2 LVS connectivity setup (Global)
2026-09-22 20:11:03 +0200: Memory Usage (443844K) : Starting LVS MOSFET CONNECTIONS
2026-09-22 20:11:03 +0200: Memory Usage (443844K) : Starting LVS RF-MOSFET CONNECTIONS
2026-09-22 20:11:03 +0200: Memory Usage (443844K) : Starting LVS BJT CONNECTIONS
2026-09-22 20:11:03 +0200: Memory Usage (443844K) : Starting LVS DIODE CONNECTIONS
2026-09-22 20:11:03 +0200: Memory Usage (443844K) : Starting RESISTOR CONNECTIONS
2026-09-22 20:11:03 +0200: Memory Usage (443844K) : Starting LVS CAP CONNECTIONS
2026-09-22 20:11:03 +0200: Memory Usage (443844K) : Starting ESD CONNECTIONS
2026-09-22 20:11:03 +0200: Memory Usage (443844K) : Starting Inductor CONNECTIONS
2026-09-22 20:11:03 +0200: Memory Usage (443844K) : Starting LVS Taps CONNECTIONS
2026-09-22 20:11:03 +0200: Memory Usage (443844K) : Starting SG13G2 LVS DEVICES EXTRACTION
2026-09-22 20:11:03 +0200: Memory Usage (443844K) : Starting MOSFET EXTRACTION
2026-09-22 20:11:03 +0200: Memory Usage (443844K) : Starting NMOS EXTRACTION
2026-09-22 20:11:03 +0200: Memory Usage (443844K) : Extraction of NMOS-LV transistor
2026-09-22 20:11:03 +0200: Memory Usage (443844K) : Extraction of NMOS-HV transistor
2026-09-22 20:11:03 +0200: Memory Usage (443844K) : Starting PMOS EXTRACTION
2026-09-22 20:11:03 +0200: Memory Usage (443844K) : Extraction of PMOS-LV transistor
2026-09-22 20:11:03 +0200: Memory Usage (443844K) : Extraction of PMOS-HV transistor
2026-09-22 20:11:03 +0200: Memory Usage (443844K) : Starting RF-MOSFET EXTRACTION
2026-09-22 20:11:03 +0200: Memory Usage (443844K) : Extraction of RF-NMOS-LV transistor
2026-09-22 20:11:03 +0200: Memory Usage (443844K) : Extraction of RF-NMOS-HV transistor
2026-09-22 20:11:03 +0200: Memory Usage (443844K) : Extraction of RF-PMOS-LV transistor
2026-09-22 20:11:03 +0200: Memory Usage (443844K) : Extraction of RF-PMOS-HV transistor
2026-09-22 20:11:03 +0200: Memory Usage (443844K) : Starting BJT EXTRACTION
2026-09-22 20:11:03 +0200: Memory Usage (443844K) : Starting NPN-BJT EXTRACTION
2026-09-22 20:11:03 +0200: Memory Usage (443844K) : Extraction of npn13G2 BJT transistor
2026-09-22 20:11:03 +0200: Memory Usage (443844K) : Extraction of npn13G2L BJT transistor
2026-09-22 20:11:03 +0200: Memory Usage (443844K) : Extraction of npn13G2V BJT transistor
2026-09-22 20:11:03 +0200: Memory Usage (443844K) : Starting PNP-BJT EXTRACTION
2026-09-22 20:11:03 +0200: Memory Usage (443844K) : Extracting pnpMPA BJT
2026-09-22 20:11:03 +0200: Memory Usage (443844K) : Starting DIODE EXTRACTION
2026-09-22 20:11:03 +0200: Memory Usage (443844K) : Extracting dantenna diode
2026-09-22 20:11:03 +0200: Memory Usage (443844K) : Extracting dpantenna diode
2026-09-22 20:11:03 +0200: Memory Usage (443844K) : Extracting schottky_nbl1 diode
2026-09-22 20:11:03 +0200: Memory Usage (443844K) : Extracting isolbox diode
2026-09-22 20:11:03 +0200: Memory Usage (443844K) : Starting RESISTOR EXTRACTION
2026-09-22 20:11:03 +0200: Memory Usage (443844K) : Extracting rsil resistor
2026-09-22 20:11:03 +0200: Memory Usage (443844K) : Extracting rppd resistor
2026-09-22 20:11:04 +0200: Memory Usage (443844K) : Extracting rhigh resistor
2026-09-22 20:11:04 +0200: Memory Usage (443844K) : Extracting res_metal1 resistor
2026-09-22 20:11:04 +0200: Memory Usage (443844K) : Extracting res_metal2 resistor
2026-09-22 20:11:04 +0200: Memory Usage (443844K) : Extracting res_metal3 resistor
2026-09-22 20:11:04 +0200: Memory Usage (443844K) : Extracting res_metal4 resistor
2026-09-22 20:11:04 +0200: Memory Usage (443844K) : Extracting res_metal5 resistor
2026-09-22 20:11:04 +0200: Memory Usage (443844K) : Extracting res_topmetal1 resistor
2026-09-22 20:11:04 +0200: Memory Usage (443844K) : Extracting res_topmetal2 resistor
2026-09-22 20:11:04 +0200: Memory Usage (443844K) : Starting CAP EXTRACTION
2026-09-22 20:11:04 +0200: Memory Usage (443844K) : Extracting cap_cmim device
2026-09-22 20:11:04 +0200: Memory Usage (443844K) : Extracting rfcmim device
2026-09-22 20:11:04 +0200: Memory Usage (443844K) : Extracting sg13_hv_svaricap varactor
2026-09-22 20:11:04 +0200: Memory Usage (443844K) : Starting ESD EXTRACTION
2026-09-22 20:11:04 +0200: Memory Usage (443844K) : Extracting diodevdd_2kv ESD device
2026-09-22 20:11:04 +0200: Memory Usage (443844K) : Extracting diodevdd_4kv ESD device
2026-09-22 20:11:04 +0200: Memory Usage (443844K) : Extracting diodevss_2kv ESD device
2026-09-22 20:11:04 +0200: Memory Usage (443844K) : Extracting diodevss_4kv ESD device
2026-09-22 20:11:04 +0200: Memory Usage (443844K) : Extracting idiodevdd_2kv ESD device
2026-09-22 20:11:04 +0200: Memory Usage (443844K) : Extracting idiodevdd_4kv ESD device
2026-09-22 20:11:04 +0200: Memory Usage (443844K) : Extracting idiodevss_2kv ESD device
2026-09-22 20:11:04 +0200: Memory Usage (443844K) : Extracting idiodevss_4kv ESD device
2026-09-22 20:11:04 +0200: Memory Usage (443844K) : Extracting nmoscl_2 ESD device
2026-09-22 20:11:04 +0200: Memory Usage (443844K) : Extracting nmoscl_4 ESD device
2026-09-22 20:11:04 +0200: Memory Usage (443844K) : Starting Inductor EXTRACTION
2026-09-22 20:11:04 +0200: Memory Usage (443844K) : Extracting Inductor2 device
2026-09-22 20:11:04 +0200: Memory Usage (443844K) : Extracting Inductor3 device
2026-09-22 20:11:04 +0200: Memory Usage (443844K) : Starting Taps EXTRACTION
2026-09-22 20:11:04 +0200: Memory Usage (443844K) : Extracting ntap1 device
2026-09-22 20:11:04 +0200: Memory Usage (443844K) : Extracting ptap1 device
2026-09-22 20:11:04 +0200: Memory Usage (443844K) : Starting SG13G2 LVS RF MOS Model Mapping
2026-09-22 20:11:04 +0200: Memory Usage (443844K) : [layout_netlist] Apply RF MOS model mapping and rfmode parameter.
2026-09-22 20:11:04 +0200: Memory Usage (443844K) : Starting SG13G2 LVS Options Preparations
2026-09-22 20:11:04 +0200: Memory Usage (443844K) : SG13G2 LVS flow: extraction -> alignment -> option preparation -> comparison.
2026-09-22 20:11:04 +0200: Memory Usage (443844K) : Starting SG13G2 LVS Alignment
2026-09-22 20:11:04 +0200: Memory Usage (443844K) : Starting SG13G2 LVS Simplification
2026-09-22 20:11:04 +0200: Memory Usage (443844K) : [layout_netlist] simplify: ENABLED
2026-09-22 20:11:04 +0200: Memory Usage (443844K) : [layout_netlist] make_top_level_pins: SKIPPED
2026-09-22 20:11:04 +0200: Memory Usage (443844K) : [layout_netlist] combine_devices: SKIPPED
2026-09-22 20:11:04 +0200: Memory Usage (443844K) : [layout_netlist] purge: SKIPPED
2026-09-22 20:11:04 +0200: Memory Usage (443844K) : [layout_netlist] purge_nets: SKIPPED
2026-09-22 20:11:04 +0200: Memory Usage (443844K) : [schematic_netlist] simplify: ENABLED
2026-09-22 20:11:04 +0200: Memory Usage (443844K) : [schematic_netlist] make_top_level_pins: SKIPPED
2026-09-22 20:11:04 +0200: Memory Usage (443844K) : [schematic_netlist] combine_devices: SKIPPED
2026-09-22 20:11:04 +0200: Memory Usage (443844K) : [schematic_netlist] purge: SKIPPED
2026-09-22 20:11:04 +0200: Memory Usage (443844K) : [schematic_netlist] purge_nets: SKIPPED
2026-09-22 20:11:04 +0200: Memory Usage (443844K) : Starting SG13G2 LVS Comparison in strict port mode.
2026-09-22 20:11:04 +0200: Memory Usage (443844K) : flag_missing_ports enabled: missing/mislabeled top-level ports are treated as errors.
2026-09-22 20:11:04 +0200: Memory Usage (443844K) : ==========================================
2026-09-22 20:11:04 +0200: Memory Usage (443844K) : INFO : Congratulations! Netlists match.
2026-09-22 20:11:04 +0200: Memory Usage (443844K) : ==========================================
2026-09-22 20:11:04 +0200: Memory Usage (443844K) : LVS Total Run time 0.922533 seconds
22-Sep-2026 20:11:04 | INFO    | ==============================================================================
22-Sep-2026 20:11:04 | INFO    | Important Summary
22-Sep-2026 20:11:04 | INFO    | +------------------+-----------------------------------------------------------------------------------------------------+
22-Sep-2026 20:11:04 | INFO    | | Status           | PASS                                                                                                |
22-Sep-2026 20:11:04 | INFO    | | Mode             | COMPARE                                                                                             |
22-Sep-2026 20:11:04 | INFO    | | Outcome          | Comparison mode: PASS (netlists match).                                                             |
22-Sep-2026 20:11:04 | INFO    | | Layout           | g1_main_pair_stacked64.gds                                                                          |
22-Sep-2026 20:11:04 | INFO    | | Top Cell         | g1_main_pair_stacked64                                                                              |
22-Sep-2026 20:11:04 | INFO    | | Results Dir      | /work/designs/g1-guardian/blocks/g1_sense/layout/coordinated_gm4/stacked-pair-stock-20260922-r1/lvs |
22-Sep-2026 20:11:04 | INFO    | | Warnings         | 0                                                                                                   |
22-Sep-2026 20:11:04 | INFO    | | Errors           | 0                                                                                                   |
22-Sep-2026 20:11:04 | INFO    | | Run Time (s)     | 2.786                                                                                               |
22-Sep-2026 20:11:04 | INFO    | +------------------+-----------------------------------------------------------------------------------------------------+
22-Sep-2026 20:11:04 | INFO    | ==============================================================================
