23-Sep-2026 02:30:10 | INFO    | Your Klayout version is: KLayout 0.30.9 (required >= 0.30.5)
23-Sep-2026 02:30:10 | INFO    | No layout was provided. Generated temporary empty layout for netlist flow at: <results-root>/fullchip-name-control-wrong-20260923-r1/reports/__layout_netlist_dummy__.gds
23-Sep-2026 02:30:10 | INFO    | Running SG13G2 LVS checks on design <results-root>/fullchip-name-control-wrong-20260923-r1/reports/__layout_netlist_dummy__.gds on cell NAME_CONTROL_TOP
2026-09-23 02:30:12 +0200: Memory Usage (408124K) : Starting running SG13G2 Klayout LVS runset on <results-root>/fullchip-name-control-wrong-20260923-r1/reports/__layout_netlist_dummy__.gds
2026-09-23 02:30:12 +0200: Memory Usage (408124K) : Ruby Version for klayout: 3.2.3
2026-09-23 02:30:12 +0200: Memory Usage (408124K) : Loading database to memory is complete.
2026-09-23 02:30:12 +0200: Memory Usage (408124K) : SG13G2 Klayout LVS runset output at: <results-root>/fullchip-name-control-wrong-20260923-r1/reports/__layout_netlist_dummy__.lvsdb
2026-09-23 02:30:12 +0200: Memory Usage (408124K) : Evaluate switches.
2026-09-23 02:30:12 +0200: Memory Usage (408124K) : Extracted netlist with net names: true
2026-09-23 02:30:12 +0200: Memory Usage (408124K) : Extracted netlist with comments in details: false
2026-09-23 02:30:12 +0200: Memory Usage (408124K) : Selected NET_ONLY option: false
2026-09-23 02:30:12 +0200: Memory Usage (408124K) : Selected LAYOUT_NETLIST option: <results-root>/fullchip-name-interface-20260923-r1/wrong_connection_layout.cdl
2026-09-23 02:30:12 +0200: Memory Usage (408124K) : Selected IGNORE_TOP_PORTS_MISMATCH option: 
2026-09-23 02:30:12 +0200: Memory Usage (408124K) : Selected IMPLICIT_NETS option: (none)
2026-09-23 02:30:12 +0200: Memory Usage (408124K) : Selected TOP_LVL_PINS option: false
2026-09-23 02:30:12 +0200: Memory Usage (408124K) : Selected COMBINE DEVICES option: false
2026-09-23 02:30:12 +0200: Memory Usage (408124K) : Selected PURGE option: false
2026-09-23 02:30:12 +0200: Memory Usage (408124K) : Selected PURGE_NETS option: false
2026-09-23 02:30:12 +0200: Memory Usage (408124K) : Selected SIMPLIFY option: true
2026-09-23 02:30:12 +0200: Memory Usage (408124K) : Selected SERIES_RES option: true
2026-09-23 02:30:12 +0200: Memory Usage (408124K) : Selected PARALLEL_RES option: true
2026-09-23 02:30:12 +0200: Memory Usage (408124K) : Selected DISABLE_TAP_EXTRACTION option: false
2026-09-23 02:30:12 +0200: Memory Usage (408124K) : deep  mode is enabled.
2026-09-23 02:30:12 +0200: Memory Usage (408124K) : Netlist file: <results-root>/fullchip-name-interface-20260923-r1/control_reference.cdl
2026-09-23 02:30:12 +0200: Memory Usage (408124K) : LVS extracted netlist at: <results-root>/fullchip-name-control-wrong-20260923-r1/reports/__layout_netlist_dummy___extracted.cir
2026-09-23 02:30:12 +0200: Memory Usage (408124K) : Applying SRAM integration support.
2026-09-23 02:30:12 +0200: Memory Usage (408124K) : Starting SG13G2 LVS runset
2026-09-23 02:30:12 +0200: Memory Usage (408124K) : LAYOUT_NETLIST enabled: skipping derivations/connectivity/extraction and loading layout netlist from file.
2026-09-23 02:30:12 +0200: Memory Usage (409104K) : Layout-side netlist file: <results-root>/fullchip-name-interface-20260923-r1/wrong_connection_layout.cdl
2026-09-23 02:30:12 +0200: Memory Usage (409104K) : Starting SG13G2 LVS RF MOS Model Mapping
2026-09-23 02:30:12 +0200: Memory Usage (409104K) : [layout_netlist] Apply RF MOS model mapping and rfmode parameter.
2026-09-23 02:30:12 +0200: Memory Usage (409104K) : Starting SG13G2 LVS Options Preparations
2026-09-23 02:30:12 +0200: Memory Usage (409104K) : SG13G2 LVS flow: layout_netlist input -> alignment -> option preparation -> comparison.
2026-09-23 02:30:12 +0200: Memory Usage (409104K) : Starting SG13G2 LVS Alignment
2026-09-23 02:30:12 +0200: Memory Usage (409104K) : Starting SG13G2 LVS Simplification
2026-09-23 02:30:12 +0200: Memory Usage (409104K) : [layout_netlist] simplify: ENABLED
2026-09-23 02:30:12 +0200: Memory Usage (409104K) : [layout_netlist] make_top_level_pins: SKIPPED
2026-09-23 02:30:12 +0200: Memory Usage (409104K) : [layout_netlist] combine_devices: SKIPPED
2026-09-23 02:30:12 +0200: Memory Usage (409104K) : [layout_netlist] purge: SKIPPED
2026-09-23 02:30:12 +0200: Memory Usage (409104K) : [layout_netlist] purge_nets: SKIPPED
2026-09-23 02:30:12 +0200: Memory Usage (409104K) : [schematic_netlist] simplify: ENABLED
2026-09-23 02:30:12 +0200: Memory Usage (409104K) : [schematic_netlist] make_top_level_pins: SKIPPED
2026-09-23 02:30:12 +0200: Memory Usage (409104K) : [schematic_netlist] combine_devices: SKIPPED
2026-09-23 02:30:12 +0200: Memory Usage (409104K) : [schematic_netlist] purge: SKIPPED
2026-09-23 02:30:12 +0200: Memory Usage (409104K) : [schematic_netlist] purge_nets: SKIPPED
2026-09-23 02:30:12 +0200: Memory Usage (409104K) : Starting SG13G2 LVS Comparison in strict port mode.
2026-09-23 02:30:12 +0200: Memory Usage (409104K) : flag_missing_ports enabled: missing/mislabeled top-level ports are treated as errors.
2026-09-23 02:30:12 +0200: Memory Usage (409104K) : xxxxxxxxxxxxxxxxxxxxxxxxxxxxxxxxxxxxxxxxxx
2026-09-23 02:30:12 +0200: Memory Usage (409104K) : ERROR : Netlists don't match
2026-09-23 02:30:12 +0200: Memory Usage (409104K) : xxxxxxxxxxxxxxxxxxxxxxxxxxxxxxxxxxxxxxxxxx
2026-09-23 02:30:12 +0200: Memory Usage (409104K) : LVS Total Run time 0.022848 seconds
23-Sep-2026 02:30:13 | INFO    | ==============================================================================
23-Sep-2026 02:30:13 | INFO    | Important Summary
23-Sep-2026 02:30:13 | INFO    | +------------------+----------------------------------------------------------------------+
23-Sep-2026 02:30:13 | INFO    | | Status           | FAIL                                                                 |
23-Sep-2026 02:30:13 | INFO    | | Mode             | COMPARE                                                              |
23-Sep-2026 02:30:13 | INFO    | | Outcome          | Comparison mode: FAIL (netlists do not match).                       |
23-Sep-2026 02:30:13 | INFO    | | Layout           | __layout_netlist_dummy__.gds                                         |
23-Sep-2026 02:30:13 | INFO    | | Top Cell         | NAME_CONTROL_TOP                                                     |
23-Sep-2026 02:30:13 | INFO    | | Results Dir      | <results-root>/fullchip-name-control-wrong-20260923-r1/reports |
23-Sep-2026 02:30:13 | INFO    | | Warnings         | 0                                                                    |
23-Sep-2026 02:30:13 | INFO    | | Errors           | 1                                                                    |
23-Sep-2026 02:30:13 | INFO    | | Run Time (s)     | 3.164                                                                |
23-Sep-2026 02:30:13 | INFO    | +------------------+----------------------------------------------------------------------+
23-Sep-2026 02:30:13 | ERROR   | Key errors:
23-Sep-2026 02:30:13 | ERROR   |   - 2026-09-23 02:30:12 +0200: Memory Usage (409104K) : ERROR : Netlists don't match
23-Sep-2026 02:30:13 | INFO    | ==============================================================================
