2026-09-23 06:34:22 +0200: Memory Usage (408980K) : Starting running SG13G2 Klayout LVS runset on @RESULTS@/final-remaining-contexts-20260923-r1/vref_pcasc/width24/clip/actual_fill.gds
2026-09-23 06:34:22 +0200: Memory Usage (408980K) : Ruby Version for klayout: 3.2.3
2026-09-23 06:34:22 +0200: Memory Usage (408980K) : Loading database to memory is complete.
2026-09-23 06:34:22 +0200: Memory Usage (408980K) : SG13G2 Klayout LVS runset output at: @RESULTS@/final-remaining-contexts-20260923-r1/vref_pcasc/width24/pex/actual_fill/clip.lvsdb
2026-09-23 06:34:22 +0200: Memory Usage (408980K) : Evaluate switches.
2026-09-23 06:34:22 +0200: Memory Usage (408980K) : Extracted netlist with net names: true
2026-09-23 06:34:22 +0200: Memory Usage (408980K) : Extracted netlist with comments in details: false
2026-09-23 06:34:22 +0200: Memory Usage (408980K) : Selected NET_ONLY option: true
2026-09-23 06:34:22 +0200: Memory Usage (408980K) : Selected LAYOUT_NETLIST option: (none)
2026-09-23 06:34:22 +0200: Memory Usage (408980K) : Selected IGNORE_TOP_PORTS_MISMATCH option: 
2026-09-23 06:34:22 +0200: Memory Usage (408980K) : Selected IMPLICIT_NETS option: (none)
2026-09-23 06:34:22 +0200: Memory Usage (408980K) : Selected TOP_LVL_PINS option: true
2026-09-23 06:34:22 +0200: Memory Usage (408980K) : Selected COMBINE DEVICES option: false
2026-09-23 06:34:22 +0200: Memory Usage (408980K) : Selected PURGE option: false
2026-09-23 06:34:22 +0200: Memory Usage (408980K) : Selected PURGE_NETS option: false
2026-09-23 06:34:22 +0200: Memory Usage (408980K) : Selected SIMPLIFY option: false
2026-09-23 06:34:22 +0200: Memory Usage (408980K) : Selected SERIES_RES option: true
2026-09-23 06:34:22 +0200: Memory Usage (408980K) : Selected PARALLEL_RES option: true
2026-09-23 06:34:22 +0200: Memory Usage (408980K) : deep  mode is enabled.
2026-09-23 06:34:22 +0200: Memory Usage (408980K) : LVS extracted netlist at: @RESULTS@/final-remaining-contexts-20260923-r1/vref_pcasc/width24/pex/actual_fill/cleanup.cir
2026-09-23 06:34:22 +0200: Memory Usage (408980K) : Applying SRAM integration support.
2026-09-23 06:34:22 +0200: Memory Usage (408980K) : Starting SG13G2 LVS runset
2026-09-23 06:34:22 +0200: Memory Usage (408980K) : Read in polygons from layers.
2026-09-23 06:34:22 +0200: Memory Usage (408980K) : activ_drw has 0 polygons
2026-09-23 06:34:22 +0200: Memory Usage (408980K) : activ_filler has 0 polygons
2026-09-23 06:34:22 +0200: Memory Usage (408980K) : activ has 0 polygons
2026-09-23 06:34:22 +0200: Memory Usage (408980K) : activ_pin has 0 polygons
2026-09-23 06:34:22 +0200: Memory Usage (408980K) : activ_mask has 0 polygons
2026-09-23 06:34:22 +0200: Memory Usage (408980K) : activ_nofill has 0 polygons
2026-09-23 06:34:22 +0200: Memory Usage (408980K) : activ_OPC has 0 polygons
2026-09-23 06:34:22 +0200: Memory Usage (408980K) : activ_iOPC has 0 polygons
2026-09-23 06:34:23 +0200: Memory Usage (408980K) : activ_noqrc has 0 polygons
2026-09-23 06:34:23 +0200: Memory Usage (408980K) : biwind_drw has 0 polygons
2026-09-23 06:34:23 +0200: Memory Usage (408980K) : biwind_OPC has 0 polygons
2026-09-23 06:34:23 +0200: Memory Usage (408980K) : gatpoly_drw has 0 polygons
2026-09-23 06:34:23 +0200: Memory Usage (408980K) : gatpoly_filler has 0 polygons
2026-09-23 06:34:23 +0200: Memory Usage (408980K) : gatpoly has 0 polygons
2026-09-23 06:34:23 +0200: Memory Usage (410780K) : gatpoly_pin has 0 polygons
2026-09-23 06:34:23 +0200: Memory Usage (410780K) : gatpoly_nofill has 0 polygons
2026-09-23 06:34:23 +0200: Memory Usage (410780K) : gatpoly_OPC has 0 polygons
2026-09-23 06:34:23 +0200: Memory Usage (410780K) : gatpoly_iOPC has 0 polygons
2026-09-23 06:34:23 +0200: Memory Usage (410780K) : gatpoly_noqrc has 0 polygons
2026-09-23 06:34:23 +0200: Memory Usage (410780K) : cont_drw has 0 polygons
2026-09-23 06:34:23 +0200: Memory Usage (410780K) : cont_OPC has 0 polygons
2026-09-23 06:34:23 +0200: Memory Usage (410780K) : nsd_drw has 0 polygons
2026-09-23 06:34:23 +0200: Memory Usage (410780K) : nsd_block has 0 polygons
2026-09-23 06:34:23 +0200: Memory Usage (410780K) : metal1_drw has 3 polygons
2026-09-23 06:34:23 +0200: Memory Usage (410780K) : metal1_filler has 20 polygons
2026-09-23 06:34:23 +0200: Memory Usage (411556K) : metal1_slit has 0 polygons
2026-09-23 06:34:23 +0200: Memory Usage (411556K) : metal1 has 23 polygons
2026-09-23 06:34:23 +0200: Memory Usage (411556K) : metal1_pin has 0 polygons
2026-09-23 06:34:23 +0200: Memory Usage (411992K) : metal1_mask has 0 polygons
2026-09-23 06:34:23 +0200: Memory Usage (411992K) : metal1_nofill has 0 polygons
2026-09-23 06:34:23 +0200: Memory Usage (411992K) : metal1_text has 23 polygons
2026-09-23 06:34:23 +0200: Memory Usage (412756K) : metal1_OPC has 0 polygons
2026-09-23 06:34:23 +0200: Memory Usage (412756K) : metal1_noqrc has 0 polygons
2026-09-23 06:34:23 +0200: Memory Usage (412756K) : metal1_res has 0 polygons
2026-09-23 06:34:23 +0200: Memory Usage (412756K) : metal1_iprobe has 0 polygons
2026-09-23 06:34:23 +0200: Memory Usage (412892K) : metal1_diffprb has 0 polygons
2026-09-23 06:34:23 +0200: Memory Usage (412892K) : passiv_drw has 0 polygons
2026-09-23 06:34:23 +0200: Memory Usage (412892K) : passiv_pin has 0 polygons
2026-09-23 06:34:23 +0200: Memory Usage (412892K) : passiv_sbump has 0 polygons
2026-09-23 06:34:23 +0200: Memory Usage (412892K) : passiv_pillar has 0 polygons
2026-09-23 06:34:23 +0200: Memory Usage (413152K) : passiv_pdl has 0 polygons
2026-09-23 06:34:23 +0200: Memory Usage (413204K) : metal2_drw has 1 polygons
2026-09-23 06:34:23 +0200: Memory Usage (413204K) : metal2_filler has 19 polygons
2026-09-23 06:34:23 +0200: Memory Usage (413464K) : metal2_slit has 0 polygons
2026-09-23 06:34:23 +0200: Memory Usage (413464K) : metal2 has 20 polygons
2026-09-23 06:34:23 +0200: Memory Usage (413464K) : metal2_pin has 0 polygons
2026-09-23 06:34:23 +0200: Memory Usage (413728K) : metal2_mask has 0 polygons
2026-09-23 06:34:23 +0200: Memory Usage (413728K) : metal2_nofill has 0 polygons
2026-09-23 06:34:23 +0200: Memory Usage (413728K) : metal2_text has 20 polygons
2026-09-23 06:34:23 +0200: Memory Usage (413728K) : metal2_OPC has 0 polygons
2026-09-23 06:34:23 +0200: Memory Usage (413992K) : metal2_noqrc has 0 polygons
2026-09-23 06:34:23 +0200: Memory Usage (413992K) : metal2_res has 0 polygons
2026-09-23 06:34:23 +0200: Memory Usage (413992K) : metal2_iprobe has 0 polygons
2026-09-23 06:34:23 +0200: Memory Usage (414256K) : metal2_diffprb has 0 polygons
2026-09-23 06:34:23 +0200: Memory Usage (414256K) : baspoly_drw has 0 polygons
2026-09-23 06:34:23 +0200: Memory Usage (414256K) : baspoly_pin has 0 polygons
2026-09-23 06:34:23 +0200: Memory Usage (414256K) : psd_drw has 0 polygons
2026-09-23 06:34:23 +0200: Memory Usage (414520K) : nldb_drw has 0 polygons
2026-09-23 06:34:23 +0200: Memory Usage (414520K) : digibnd_drw has 0 polygons
2026-09-23 06:34:23 +0200: Memory Usage (414520K) : via1_drw has 0 polygons
2026-09-23 06:34:23 +0200: Memory Usage (414784K) : backmetal1_drw has 0 polygons
2026-09-23 06:34:23 +0200: Memory Usage (414784K) : backmetal1_pin has 0 polygons
2026-09-23 06:34:23 +0200: Memory Usage (414784K) : backmetal1_mask has 0 polygons
2026-09-23 06:34:23 +0200: Memory Usage (414784K) : backmetal1_filler has 0 polygons
2026-09-23 06:34:23 +0200: Memory Usage (415048K) : backmetal1_nofill has 0 polygons
2026-09-23 06:34:23 +0200: Memory Usage (415048K) : backmetal1_slit has 0 polygons
2026-09-23 06:34:23 +0200: Memory Usage (415048K) : backmetal1_text has 0 polygons
2026-09-23 06:34:23 +0200: Memory Usage (415048K) : backmetal1_OPC has 0 polygons
2026-09-23 06:34:23 +0200: Memory Usage (415364K) : backmetal1_noqrc has 0 polygons
2026-09-23 06:34:23 +0200: Memory Usage (415364K) : backmetal1_res has 0 polygons
2026-09-23 06:34:23 +0200: Memory Usage (415364K) : backmetal1_iprobe has 0 polygons
2026-09-23 06:34:23 +0200: Memory Usage (415624K) : backmetal1_diffprb has 0 polygons
2026-09-23 06:34:23 +0200: Memory Usage (415624K) : backpassiv_drw has 0 polygons
2026-09-23 06:34:23 +0200: Memory Usage (415624K) : res_drw has 0 polygons
2026-09-23 06:34:23 +0200: Memory Usage (415624K) : sram_drw has 0 polygons
2026-09-23 06:34:23 +0200: Memory Usage (415888K) : trans_drw has 0 polygons
2026-09-23 06:34:23 +0200: Memory Usage (415948K) : ind_drw has 0 polygons
2026-09-23 06:34:23 +0200: Memory Usage (415948K) : ind_pin has 0 polygons
2026-09-23 06:34:23 +0200: Memory Usage (416208K) : ind_text has 0 polygons
2026-09-23 06:34:23 +0200: Memory Usage (416208K) : salblock_drw has 0 polygons
2026-09-23 06:34:23 +0200: Memory Usage (416208K) : via2_drw has 1 polygons
2026-09-23 06:34:23 +0200: Memory Usage (416208K) : metal3_drw has 8 polygons
2026-09-23 06:34:23 +0200: Memory Usage (416472K) : metal3_filler has 0 polygons
2026-09-23 06:34:23 +0200: Memory Usage (416472K) : metal3_slit has 0 polygons
2026-09-23 06:34:23 +0200: Memory Usage (416472K) : metal3 has 8 polygons
2026-09-23 06:34:23 +0200: Memory Usage (416736K) : metal3_pin has 0 polygons
2026-09-23 06:34:23 +0200: Memory Usage (416736K) : metal3_mask has 0 polygons
2026-09-23 06:34:23 +0200: Memory Usage (416736K) : metal3_nofill has 0 polygons
2026-09-23 06:34:23 +0200: Memory Usage (417000K) : metal3_text has 8 polygons
2026-09-23 06:34:23 +0200: Memory Usage (417000K) : metal3_OPC has 0 polygons
2026-09-23 06:34:23 +0200: Memory Usage (417000K) : metal3_noqrc has 0 polygons
2026-09-23 06:34:23 +0200: Memory Usage (417000K) : metal3_res has 0 polygons
2026-09-23 06:34:23 +0200: Memory Usage (417264K) : metal3_iprobe has 0 polygons
2026-09-23 06:34:23 +0200: Memory Usage (417264K) : metal3_diffprb has 0 polygons
2026-09-23 06:34:23 +0200: Memory Usage (417264K) : nwell_drw has 0 polygons
2026-09-23 06:34:23 +0200: Memory Usage (417448K) : nwell_pin has 0 polygons
2026-09-23 06:34:23 +0200: Memory Usage (417644K) : nwell_text has 0 polygons
2026-09-23 06:34:23 +0200: Memory Usage (417644K) : nbulay_drw has 0 polygons
2026-09-23 06:34:23 +0200: Memory Usage (417644K) : nbulay_pin has 0 polygons
2026-09-23 06:34:23 +0200: Memory Usage (417904K) : nbulay_block has 0 polygons
2026-09-23 06:34:23 +0200: Memory Usage (417904K) : emwind_drw has 0 polygons
2026-09-23 06:34:23 +0200: Memory Usage (417904K) : emwind_OPC has 0 polygons
2026-09-23 06:34:23 +0200: Memory Usage (417904K) : deepco_drw has 0 polygons
2026-09-23 06:34:23 +0200: Memory Usage (418168K) : mim_drw has 0 polygons
2026-09-23 06:34:23 +0200: Memory Usage (418168K) : edgeseal_drw has 0 polygons
2026-09-23 06:34:23 +0200: Memory Usage (418168K) : substrate_drw has 0 polygons
2026-09-23 06:34:23 +0200: Memory Usage (418432K) : substrate_text has 0 polygons
2026-09-23 06:34:23 +0200: Memory Usage (418432K) : dfpad_drw has 0 polygons
2026-09-23 06:34:23 +0200: Memory Usage (418432K) : dfpad_pillar has 0 polygons
2026-09-23 06:34:23 +0200: Memory Usage (418432K) : dfpad_sbump has 0 polygons
2026-09-23 06:34:23 +0200: Memory Usage (418696K) : thickgateox_drw has 0 polygons
2026-09-23 06:34:23 +0200: Memory Usage (418696K) : pldb_drw has 0 polygons
2026-09-23 06:34:23 +0200: Memory Usage (418696K) : pwell_drw has 0 polygons
2026-09-23 06:34:23 +0200: Memory Usage (418696K) : pwell_pin has 0 polygons
2026-09-23 06:34:23 +0200: Memory Usage (418696K) : pwell_block has 0 polygons
2026-09-23 06:34:23 +0200: Memory Usage (418960K) : ic_drw has 0 polygons
2026-09-23 06:34:23 +0200: Memory Usage (418960K) : via3_drw has 0 polygons
2026-09-23 06:34:23 +0200: Memory Usage (418960K) : metal4_drw has 0 polygons
2026-09-23 06:34:23 +0200: Memory Usage (418960K) : metal4_filler has 12 polygons
2026-09-23 06:34:23 +0200: Memory Usage (419224K) : metal4_slit has 0 polygons
2026-09-23 06:34:23 +0200: Memory Usage (419224K) : metal4 has 12 polygons
2026-09-23 06:34:23 +0200: Memory Usage (419224K) : metal4_pin has 0 polygons
2026-09-23 06:34:23 +0200: Memory Usage (419224K) : metal4_mask has 0 polygons
2026-09-23 06:34:23 +0200: Memory Usage (419488K) : metal4_nofill has 0 polygons
2026-09-23 06:34:23 +0200: Memory Usage (419488K) : metal4_text has 12 polygons
2026-09-23 06:34:23 +0200: Memory Usage (419488K) : metal4_OPC has 0 polygons
2026-09-23 06:34:23 +0200: Memory Usage (419488K) : metal4_noqrc has 0 polygons
2026-09-23 06:34:23 +0200: Memory Usage (419488K) : metal4_res has 0 polygons
2026-09-23 06:34:23 +0200: Memory Usage (419752K) : metal4_iprobe has 0 polygons
2026-09-23 06:34:23 +0200: Memory Usage (419752K) : metal4_diffprb has 0 polygons
2026-09-23 06:34:23 +0200: Memory Usage (419752K) : heattrans_drw has 0 polygons
2026-09-23 06:34:23 +0200: Memory Usage (419752K) : heatres_drw has 0 polygons
2026-09-23 06:34:23 +0200: Memory Usage (420016K) : fbe_drw has 0 polygons
2026-09-23 06:34:23 +0200: Memory Usage (420016K) : empoly_drw has 0 polygons
2026-09-23 06:34:23 +0200: Memory Usage (420016K) : digisub_drw has 0 polygons
2026-09-23 06:34:23 +0200: Memory Usage (420016K) : text_drw has 0 polygons
2026-09-23 06:34:23 +0200: Memory Usage (420016K) : via4_drw has 0 polygons
2026-09-23 06:34:23 +0200: Memory Usage (420280K) : metal5_drw has 0 polygons
2026-09-23 06:34:23 +0200: Memory Usage (420280K) : metal5_filler has 12 polygons
2026-09-23 06:34:23 +0200: Memory Usage (420280K) : metal5_slit has 0 polygons
2026-09-23 06:34:23 +0200: Memory Usage (420280K) : metal5 has 12 polygons
2026-09-23 06:34:23 +0200: Memory Usage (420544K) : metal5_pin has 0 polygons
2026-09-23 06:34:23 +0200: Memory Usage (420544K) : metal5_mask has 0 polygons
2026-09-23 06:34:23 +0200: Memory Usage (420544K) : metal5_nofill has 0 polygons
2026-09-23 06:34:23 +0200: Memory Usage (420544K) : metal5_text has 12 polygons
2026-09-23 06:34:23 +0200: Memory Usage (420544K) : metal5_OPC has 0 polygons
2026-09-23 06:34:23 +0200: Memory Usage (420808K) : metal5_noqrc has 0 polygons
2026-09-23 06:34:23 +0200: Memory Usage (420808K) : metal5_res has 0 polygons
2026-09-23 06:34:23 +0200: Memory Usage (420808K) : metal5_iprobe has 0 polygons
2026-09-23 06:34:23 +0200: Memory Usage (420808K) : metal5_diffprb has 0 polygons
2026-09-23 06:34:23 +0200: Memory Usage (421072K) : radhard_drw has 0 polygons
2026-09-23 06:34:23 +0200: Memory Usage (421072K) : memcap_drw has 0 polygons
2026-09-23 06:34:23 +0200: Memory Usage (421072K) : varicap_drw has 0 polygons
2026-09-23 06:34:23 +0200: Memory Usage (421072K) : intbondvia_drw has 0 polygons
2026-09-23 06:34:23 +0200: Memory Usage (421072K) : intbondmet_drw has 0 polygons
2026-09-23 06:34:23 +0200: Memory Usage (421336K) : devbondvia_drw has 0 polygons
2026-09-23 06:34:23 +0200: Memory Usage (421336K) : devbondmet_drw has 0 polygons
2026-09-23 06:34:23 +0200: Memory Usage (421336K) : devtrench_drw has 0 polygons
2026-09-23 06:34:23 +0200: Memory Usage (421336K) : redist_drw has 0 polygons
2026-09-23 06:34:23 +0200: Memory Usage (421336K) : graphbot_drw has 0 polygons
2026-09-23 06:34:23 +0200: Memory Usage (421600K) : graphtop_drw has 0 polygons
2026-09-23 06:34:23 +0200: Memory Usage (421600K) : antvia1_drw has 0 polygons
2026-09-23 06:34:23 +0200: Memory Usage (421600K) : antmetal2_drw has 0 polygons
2026-09-23 06:34:23 +0200: Memory Usage (421600K) : graphcont_drw has 0 polygons
2026-09-23 06:34:23 +0200: Memory Usage (421864K) : siwg_drw has 0 polygons
2026-09-23 06:34:23 +0200: Memory Usage (421864K) : siwg_filler has 0 polygons
2026-09-23 06:34:23 +0200: Memory Usage (421864K) : siwg_nofill has 0 polygons
2026-09-23 06:34:23 +0200: Memory Usage (421864K) : sigrating_drw has 0 polygons
2026-09-23 06:34:23 +0200: Memory Usage (421864K) : singrating_drw has 0 polygons
2026-09-23 06:34:23 +0200: Memory Usage (422128K) : graphpas_drw has 0 polygons
2026-09-23 06:34:23 +0200: Memory Usage (422128K) : emwind3_drw has 0 polygons
2026-09-23 06:34:23 +0200: Memory Usage (422128K) : emwihv3_drw has 0 polygons
2026-09-23 06:34:23 +0200: Memory Usage (422128K) : redbulay_drw has 0 polygons
2026-09-23 06:34:23 +0200: Memory Usage (422392K) : smos_drw has 0 polygons
2026-09-23 06:34:23 +0200: Memory Usage (422392K) : graphpad_drw has 0 polygons
2026-09-23 06:34:23 +0200: Memory Usage (422392K) : polimide_drw has 0 polygons
2026-09-23 06:34:23 +0200: Memory Usage (422392K) : polimide_pin has 0 polygons
2026-09-23 06:34:23 +0200: Memory Usage (422656K) : recog_drw has 0 polygons
2026-09-23 06:34:23 +0200: Memory Usage (422656K) : recog_pin has 0 polygons
2026-09-23 06:34:23 +0200: Memory Usage (422656K) : recog_esd has 0 polygons
2026-09-23 06:34:23 +0200: Memory Usage (422656K) : recog_diode has 0 polygons
2026-09-23 06:34:23 +0200: Memory Usage (422920K) : recog_tsv has 0 polygons
2026-09-23 06:34:23 +0200: Memory Usage (422920K) : recog_iprobe has 0 polygons
2026-09-23 06:34:23 +0200: Memory Usage (422920K) : recog_diffprb has 0 polygons
2026-09-23 06:34:23 +0200: Memory Usage (422920K) : recog_pillar has 0 polygons
2026-09-23 06:34:23 +0200: Memory Usage (423184K) : recog_sbump has 0 polygons
2026-09-23 06:34:23 +0200: Memory Usage (423184K) : recog_otp has 0 polygons
2026-09-23 06:34:23 +0200: Memory Usage (423184K) : recog_pdiode has 0 polygons
2026-09-23 06:34:23 +0200: Memory Usage (423184K) : recog_mom has 0 polygons
2026-09-23 06:34:23 +0200: Memory Usage (423448K) : recog_pcm has 0 polygons
2026-09-23 06:34:23 +0200: Memory Usage (423448K) : colopen_drw has 0 polygons
2026-09-23 06:34:23 +0200: Memory Usage (423448K) : graphmetal1_drw has 0 polygons
2026-09-23 06:34:23 +0200: Memory Usage (423448K) : graphmetal1_filler has 0 polygons
2026-09-23 06:34:23 +0200: Memory Usage (423712K) : graphmetal1_nofill has 0 polygons
2026-09-23 06:34:23 +0200: Memory Usage (423712K) : graphmetal1_slit has 0 polygons
2026-09-23 06:34:23 +0200: Memory Usage (423712K) : graphmetal1_OPC has 0 polygons
2026-09-23 06:34:23 +0200: Memory Usage (423712K) : graphmet1l_drw has 0 polygons
2026-09-23 06:34:23 +0200: Memory Usage (423976K) : graphmet1l_filler has 0 polygons
2026-09-23 06:34:23 +0200: Memory Usage (423976K) : graphmet1l_nofill has 0 polygons
2026-09-23 06:34:23 +0200: Memory Usage (423976K) : graphmet1l_slit has 0 polygons
2026-09-23 06:34:23 +0200: Memory Usage (423976K) : graphmet1l_OPC has 0 polygons
2026-09-23 06:34:23 +0200: Memory Usage (423976K) : extblock_drw has 0 polygons
2026-09-23 06:34:23 +0200: Memory Usage (424240K) : nldd_drw has 0 polygons
2026-09-23 06:34:23 +0200: Memory Usage (424240K) : pldd_drw has 0 polygons
2026-09-23 06:34:23 +0200: Memory Usage (424240K) : next_drw has 0 polygons
2026-09-23 06:34:23 +0200: Memory Usage (424240K) : pext_drw has 0 polygons
2026-09-23 06:34:23 +0200: Memory Usage (424504K) : nexthv_drw has 0 polygons
2026-09-23 06:34:23 +0200: Memory Usage (424504K) : pexthv_drw has 0 polygons
2026-09-23 06:34:23 +0200: Memory Usage (424504K) : graphgate_drw has 0 polygons
2026-09-23 06:34:23 +0200: Memory Usage (424504K) : sinwg_drw has 0 polygons
2026-09-23 06:34:23 +0200: Memory Usage (424504K) : sinwg_filler has 0 polygons
2026-09-23 06:34:23 +0200: Memory Usage (424768K) : sinwg_nofill has 0 polygons
2026-09-23 06:34:23 +0200: Memory Usage (424768K) : mempad_drw has 0 polygons
2026-09-23 06:34:23 +0200: Memory Usage (424768K) : topvia1_drw has 0 polygons
2026-09-23 06:34:23 +0200: Memory Usage (424768K) : topmetal1_drw has 0 polygons
2026-09-23 06:34:23 +0200: Memory Usage (424768K) : topmetal1_filler has 0 polygons
2026-09-23 06:34:23 +0200: Memory Usage (425032K) : topmetal1_slit has 0 polygons
2026-09-23 06:34:23 +0200: Memory Usage (425032K) : topmetal1 has 0 polygons
2026-09-23 06:34:23 +0200: Memory Usage (425032K) : topmetal1_pin has 0 polygons
2026-09-23 06:34:23 +0200: Memory Usage (425296K) : topmetal1_mask has 0 polygons
2026-09-23 06:34:23 +0200: Memory Usage (425296K) : topmetal1_nofill has 0 polygons
2026-09-23 06:34:23 +0200: Memory Usage (425296K) : topmetal1_text has 0 polygons
2026-09-23 06:34:23 +0200: Memory Usage (425296K) : topmetal1_noqrc has 0 polygons
2026-09-23 06:34:23 +0200: Memory Usage (425560K) : topmetal1_res has 0 polygons
2026-09-23 06:34:23 +0200: Memory Usage (425560K) : topmetal1_iprobe has 0 polygons
2026-09-23 06:34:23 +0200: Memory Usage (425560K) : topmetal1_diffprb has 0 polygons
2026-09-23 06:34:23 +0200: Memory Usage (425560K) : inldpwl_drw has 0 polygons
2026-09-23 06:34:23 +0200: Memory Usage (425824K) : polyres_drw has 0 polygons
2026-09-23 06:34:23 +0200: Memory Usage (425824K) : polyres_pin has 0 polygons
2026-09-23 06:34:23 +0200: Memory Usage (425824K) : vmim_drw has 0 polygons
2026-09-23 06:34:23 +0200: Memory Usage (425824K) : nbulaycut_drw has 0 polygons
2026-09-23 06:34:23 +0200: Memory Usage (425824K) : antmetal1_drw has 0 polygons
2026-09-23 06:34:23 +0200: Memory Usage (425824K) : topvia2_drw has 0 polygons
2026-09-23 06:34:23 +0200: Memory Usage (425824K) : topmetal2_drw has 2 polygons
2026-09-23 06:34:23 +0200: Memory Usage (425824K) : topmetal2_filler has 0 polygons
2026-09-23 06:34:23 +0200: Memory Usage (426088K) : topmetal2_slit has 0 polygons
2026-09-23 06:34:23 +0200: Memory Usage (426088K) : topmetal2 has 2 polygons
2026-09-23 06:34:23 +0200: Memory Usage (426088K) : topmetal2_pin has 0 polygons
2026-09-23 06:34:23 +0200: Memory Usage (426352K) : topmetal2_mask has 0 polygons
2026-09-23 06:34:23 +0200: Memory Usage (426352K) : topmetal2_nofill has 0 polygons
2026-09-23 06:34:23 +0200: Memory Usage (426352K) : topmetal2_text has 2 polygons
2026-09-23 06:34:23 +0200: Memory Usage (426352K) : topmetal2_noqrc has 0 polygons
2026-09-23 06:34:23 +0200: Memory Usage (426616K) : topmetal2_res has 0 polygons
2026-09-23 06:34:23 +0200: Memory Usage (426616K) : topmetal2_iprobe has 0 polygons
2026-09-23 06:34:23 +0200: Memory Usage (426616K) : topmetal2_diffprb has 0 polygons
2026-09-23 06:34:23 +0200: Memory Usage (426880K) : snsring_drw has 0 polygons
2026-09-23 06:34:23 +0200: Memory Usage (426880K) : sensor_drw has 0 polygons
2026-09-23 06:34:23 +0200: Memory Usage (426880K) : snsarms_drw has 0 polygons
2026-09-23 06:34:23 +0200: Memory Usage (426880K) : snscmosvia_drw has 0 polygons
2026-09-23 06:34:23 +0200: Memory Usage (427144K) : colwind_drw has 0 polygons
2026-09-23 06:34:23 +0200: Memory Usage (427144K) : flm_drw has 0 polygons
2026-09-23 06:34:23 +0200: Memory Usage (427144K) : hafniumox_drw has 0 polygons
2026-09-23 06:34:23 +0200: Memory Usage (427408K) : memvia_drw has 0 polygons
2026-09-23 06:34:23 +0200: Memory Usage (427408K) : thinfilmres_drw has 0 polygons
2026-09-23 06:34:23 +0200: Memory Usage (427408K) : rfmem_drw has 0 polygons
2026-09-23 06:34:23 +0200: Memory Usage (427408K) : norcx_drw has 0 polygons
2026-09-23 06:34:23 +0200: Memory Usage (427672K) : norcx_m2m3 has 0 polygons
2026-09-23 06:34:23 +0200: Memory Usage (427672K) : norcx_m2m4 has 0 polygons
2026-09-23 06:34:23 +0200: Memory Usage (427672K) : norcx_m2m5 has 0 polygons
2026-09-23 06:34:23 +0200: Memory Usage (427936K) : norcx_m2tm1 has 0 polygons
2026-09-23 06:34:23 +0200: Memory Usage (427936K) : norcx_m2tm2 has 0 polygons
2026-09-23 06:34:23 +0200: Memory Usage (427936K) : norcx_m3m4 has 0 polygons
2026-09-23 06:34:23 +0200: Memory Usage (427936K) : norcx_m3m5 has 0 polygons
2026-09-23 06:34:23 +0200: Memory Usage (428200K) : norcx_m3tm1 has 0 polygons
2026-09-23 06:34:23 +0200: Memory Usage (428200K) : norcx_m3tm2 has 0 polygons
2026-09-23 06:34:23 +0200: Memory Usage (428200K) : norcx_m4m5 has 0 polygons
2026-09-23 06:34:23 +0200: Memory Usage (428200K) : norcx_m4tm1 has 0 polygons
2026-09-23 06:34:23 +0200: Memory Usage (428464K) : norcx_m4tm2 has 0 polygons
2026-09-23 06:34:23 +0200: Memory Usage (428464K) : norcx_m5tm1 has 0 polygons
2026-09-23 06:34:23 +0200: Memory Usage (428464K) : norcx_m5tm2 has 0 polygons
2026-09-23 06:34:23 +0200: Memory Usage (428728K) : norcx_tm1tm2 has 0 polygons
2026-09-23 06:34:23 +0200: Memory Usage (428728K) : norcx_m1sub has 0 polygons
2026-09-23 06:34:23 +0200: Memory Usage (428728K) : norcx_m2sub has 0 polygons
2026-09-23 06:34:23 +0200: Memory Usage (428728K) : norcx_m3sub has 0 polygons
2026-09-23 06:34:23 +0200: Memory Usage (428992K) : norcx_m4sub has 0 polygons
2026-09-23 06:34:23 +0200: Memory Usage (428992K) : norcx_m5sub has 0 polygons
2026-09-23 06:34:23 +0200: Memory Usage (428992K) : norcx_tm1sub has 0 polygons
2026-09-23 06:34:23 +0200: Memory Usage (429256K) : norcx_tm2sub has 0 polygons
2026-09-23 06:34:23 +0200: Memory Usage (429256K) : snsbotvia_drw has 0 polygons
2026-09-23 06:34:23 +0200: Memory Usage (429256K) : snstopvia_drw has 0 polygons
2026-09-23 06:34:23 +0200: Memory Usage (429256K) : deepvia_drw has 0 polygons
2026-09-23 06:34:23 +0200: Memory Usage (429520K) : fgetch_drw has 0 polygons
2026-09-23 06:34:23 +0200: Memory Usage (429520K) : ctrgat_drw has 0 polygons
2026-09-23 06:34:23 +0200: Memory Usage (429520K) : fgimp_drw has 0 polygons
2026-09-23 06:34:23 +0200: Memory Usage (429520K) : emwihv_drw has 0 polygons
2026-09-23 06:34:23 +0200: Memory Usage (429784K) : lbe_drw has 0 polygons
2026-09-23 06:34:23 +0200: Memory Usage (429784K) : alcustop_drw has 0 polygons
2026-09-23 06:34:23 +0200: Memory Usage (429784K) : nometfiller_drw has 0 polygons
2026-09-23 06:34:23 +0200: Memory Usage (430048K) : prboundary_drw has 0 polygons
2026-09-23 06:34:23 +0200: Memory Usage (430048K) : exchange0_drw has 0 polygons
2026-09-23 06:34:23 +0200: Memory Usage (430048K) : exchange0_pin has 0 polygons
2026-09-23 06:34:23 +0200: Memory Usage (430048K) : exchange0_text has 0 polygons
2026-09-23 06:34:23 +0200: Memory Usage (430312K) : exchange1_drw has 0 polygons
2026-09-23 06:34:23 +0200: Memory Usage (430312K) : exchange1_pin has 0 polygons
2026-09-23 06:34:23 +0200: Memory Usage (430312K) : exchange1_text has 0 polygons
2026-09-23 06:34:23 +0200: Memory Usage (430312K) : exchange2_drw has 0 polygons
2026-09-23 06:34:23 +0200: Memory Usage (430576K) : exchange2_pin has 0 polygons
2026-09-23 06:34:23 +0200: Memory Usage (430576K) : exchange2_text has 0 polygons
2026-09-23 06:34:23 +0200: Memory Usage (430576K) : exchange3_drw has 0 polygons
2026-09-23 06:34:23 +0200: Memory Usage (430840K) : exchange3_pin has 0 polygons
2026-09-23 06:34:23 +0200: Memory Usage (430840K) : exchange3_text has 0 polygons
2026-09-23 06:34:23 +0200: Memory Usage (430840K) : exchange4_drw has 0 polygons
2026-09-23 06:34:23 +0200: Memory Usage (430840K) : exchange4_pin has 0 polygons
2026-09-23 06:34:23 +0200: Memory Usage (431104K) : exchange4_text has 0 polygons
2026-09-23 06:34:23 +0200: Memory Usage (431104K) : isonwell_drw has 0 polygons
2026-09-23 06:34:23 +0200: Memory Usage (431104K) : Total no. of polygons in the design is 155
2026-09-23 06:34:23 +0200: Memory Usage (431104K) : Starting base layers derivations
2026-09-23 06:34:23 +0200: Memory Usage (431104K) : Starting general LVS derivations
2026-09-23 06:34:23 +0200: Memory Usage (434952K) : Starting MOSFET DERIVATIONS
2026-09-23 06:34:23 +0200: Memory Usage (434952K) : Starting NMOS DERIVATIONS
2026-09-23 06:34:23 +0200: Memory Usage (434952K) : Starting PMOS DERIVATIONS
2026-09-23 06:34:23 +0200: Memory Usage (434952K) : Starting RF-MOSFET DERIVATIONS
2026-09-23 06:34:23 +0200: Memory Usage (434952K) : Starting RF-NMOS DERIVATIONS
2026-09-23 06:34:23 +0200: Memory Usage (434952K) : Starting RF-PMOS DERIVATIONS
2026-09-23 06:34:23 +0200: Memory Usage (434952K) : Starting BJT DERIVATIONS
2026-09-23 06:34:23 +0200: Memory Usage (434952K) : Starting NPN-BJT DERIVATIONS
2026-09-23 06:34:23 +0200: Memory Usage (436632K) : Starting PNP-BJT DERIVATIONS
2026-09-23 06:34:23 +0200: Memory Usage (436632K) : Starting DIODE DERIVATIONS
2026-09-23 06:34:23 +0200: Memory Usage (433724K) : Starting RESISTOR DERIVATIONS
2026-09-23 06:34:23 +0200: Memory Usage (433724K) : Starting CAP DERIVATIONS
2026-09-23 06:34:23 +0200: Memory Usage (433724K) : Starting ESD DERIVATIONS
2026-09-23 06:34:23 +0200: Memory Usage (433724K) : Starting Inductor DERIVATIONS
2026-09-23 06:34:23 +0200: Memory Usage (437416K) : Starting Taps DERIVATIONS
2026-09-23 06:34:23 +0200: Memory Usage (439000K) : Starting SG13G2 LVS connectivity setup
2026-09-23 06:34:23 +0200: Memory Usage (439000K) : Starting SG13G2 LVS connectivity setup (Inter-layer)
2026-09-23 06:34:23 +0200: Memory Usage (439000K) : Starting SG13G2 LVS connectivity setup (Global)
2026-09-23 06:34:23 +0200: Memory Usage (439000K) : Starting LVS MOSFET CONNECTIONS
2026-09-23 06:34:23 +0200: Memory Usage (439000K) : Starting LVS RF-MOSFET CONNECTIONS
2026-09-23 06:34:23 +0200: Memory Usage (439000K) : Starting LVS BJT CONNECTIONS
2026-09-23 06:34:23 +0200: Memory Usage (439000K) : Starting LVS DIODE CONNECTIONS
2026-09-23 06:34:23 +0200: Memory Usage (439000K) : Starting RESISTOR CONNECTIONS
2026-09-23 06:34:23 +0200: Memory Usage (439000K) : Starting LVS CAP CONNECTIONS
2026-09-23 06:34:23 +0200: Memory Usage (439000K) : Starting ESD CONNECTIONS
2026-09-23 06:34:23 +0200: Memory Usage (439000K) : Starting Inductor CONNECTIONS
2026-09-23 06:34:23 +0200: Memory Usage (439000K) : Starting LVS Taps CONNECTIONS
2026-09-23 06:34:23 +0200: Memory Usage (439000K) : Starting SG13G2 LVS DEVICES EXTRACTION
2026-09-23 06:34:23 +0200: Memory Usage (439000K) : Starting MOSFET EXTRACTION
2026-09-23 06:34:23 +0200: Memory Usage (439000K) : Starting NMOS EXTRACTION
2026-09-23 06:34:23 +0200: Memory Usage (439000K) : Extraction of NMOS-LV transistor
2026-09-23 06:34:23 +0200: Memory Usage (439000K) : Extraction of NMOS-HV transistor
2026-09-23 06:34:23 +0200: Memory Usage (439000K) : Starting PMOS EXTRACTION
2026-09-23 06:34:23 +0200: Memory Usage (439000K) : Extraction of PMOS-LV transistor
2026-09-23 06:34:23 +0200: Memory Usage (439000K) : Extraction of PMOS-HV transistor
2026-09-23 06:34:23 +0200: Memory Usage (439000K) : Starting RF-MOSFET EXTRACTION
2026-09-23 06:34:23 +0200: Memory Usage (439000K) : Extraction of RF-NMOS-LV transistor
2026-09-23 06:34:23 +0200: Memory Usage (439000K) : Extraction of RF-NMOS-HV transistor
2026-09-23 06:34:23 +0200: Memory Usage (439000K) : Extraction of RF-PMOS-LV transistor
2026-09-23 06:34:23 +0200: Memory Usage (439000K) : Extraction of RF-PMOS-HV transistor
2026-09-23 06:34:23 +0200: Memory Usage (439000K) : Starting BJT EXTRACTION
2026-09-23 06:34:23 +0200: Memory Usage (439000K) : Starting NPN-BJT EXTRACTION
2026-09-23 06:34:23 +0200: Memory Usage (439000K) : Extraction of npn13G2 BJT transistor
2026-09-23 06:34:23 +0200: Memory Usage (439000K) : Extraction of npn13G2L BJT transistor
2026-09-23 06:34:23 +0200: Memory Usage (439000K) : Extraction of npn13G2V BJT transistor
2026-09-23 06:34:23 +0200: Memory Usage (439000K) : Starting PNP-BJT EXTRACTION
2026-09-23 06:34:23 +0200: Memory Usage (439000K) : Extracting pnpMPA BJT
2026-09-23 06:34:23 +0200: Memory Usage (439000K) : Starting DIODE EXTRACTION
2026-09-23 06:34:23 +0200: Memory Usage (439000K) : Extracting dantenna diode
2026-09-23 06:34:23 +0200: Memory Usage (439000K) : Extracting dpantenna diode
2026-09-23 06:34:23 +0200: Memory Usage (439000K) : Extracting schottky_nbl1 diode
2026-09-23 06:34:23 +0200: Memory Usage (439000K) : Extracting isolbox diode
2026-09-23 06:34:23 +0200: Memory Usage (439000K) : Starting RESISTOR EXTRACTION
2026-09-23 06:34:23 +0200: Memory Usage (439000K) : Extracting rsil resistor
2026-09-23 06:34:23 +0200: Memory Usage (439000K) : Extracting rppd resistor
2026-09-23 06:34:23 +0200: Memory Usage (439000K) : Extracting rhigh resistor
2026-09-23 06:34:23 +0200: Memory Usage (439000K) : Extracting res_metal1 resistor
2026-09-23 06:34:23 +0200: Memory Usage (439000K) : Extracting res_metal2 resistor
2026-09-23 06:34:23 +0200: Memory Usage (439000K) : Extracting res_metal3 resistor
2026-09-23 06:34:23 +0200: Memory Usage (439000K) : Extracting res_metal4 resistor
2026-09-23 06:34:23 +0200: Memory Usage (439000K) : Extracting res_metal5 resistor
2026-09-23 06:34:23 +0200: Memory Usage (439000K) : Extracting res_topmetal1 resistor
2026-09-23 06:34:23 +0200: Memory Usage (439000K) : Extracting res_topmetal2 resistor
2026-09-23 06:34:23 +0200: Memory Usage (439000K) : Starting CAP EXTRACTION
2026-09-23 06:34:23 +0200: Memory Usage (439000K) : Extracting cap_cmim device
2026-09-23 06:34:23 +0200: Memory Usage (439000K) : Extracting rfcmim device
2026-09-23 06:34:23 +0200: Memory Usage (439000K) : Extracting sg13_hv_svaricap varactor
2026-09-23 06:34:23 +0200: Memory Usage (439000K) : Starting ESD EXTRACTION
2026-09-23 06:34:23 +0200: Memory Usage (439000K) : Extracting diodevdd_2kv ESD device
2026-09-23 06:34:23 +0200: Memory Usage (439000K) : Extracting diodevdd_4kv ESD device
2026-09-23 06:34:23 +0200: Memory Usage (439000K) : Extracting diodevss_2kv ESD device
2026-09-23 06:34:23 +0200: Memory Usage (439000K) : Extracting diodevss_4kv ESD device
2026-09-23 06:34:23 +0200: Memory Usage (439000K) : Extracting idiodevdd_2kv ESD device
2026-09-23 06:34:23 +0200: Memory Usage (439000K) : Extracting idiodevdd_4kv ESD device
2026-09-23 06:34:23 +0200: Memory Usage (439000K) : Extracting idiodevss_2kv ESD device
2026-09-23 06:34:23 +0200: Memory Usage (439000K) : Extracting idiodevss_4kv ESD device
2026-09-23 06:34:23 +0200: Memory Usage (439000K) : Extracting nmoscl_2 ESD device
2026-09-23 06:34:23 +0200: Memory Usage (439000K) : Extracting nmoscl_4 ESD device
2026-09-23 06:34:23 +0200: Memory Usage (439000K) : Starting Inductor EXTRACTION
2026-09-23 06:34:23 +0200: Memory Usage (439000K) : Extracting Inductor2 device
2026-09-23 06:34:23 +0200: Memory Usage (439000K) : Extracting Inductor3 device
2026-09-23 06:34:23 +0200: Memory Usage (439000K) : Starting Taps EXTRACTION
2026-09-23 06:34:23 +0200: Memory Usage (439000K) : Extracting ntap1 device
2026-09-23 06:34:23 +0200: Memory Usage (439000K) : Extracting ptap1 device
2026-09-23 06:34:23 +0200: Memory Usage (439000K) : Starting SG13G2 LVS RF MOS Model Mapping
2026-09-23 06:34:23 +0200: Memory Usage (439000K) : [layout_netlist] Apply RF MOS model mapping and rfmode parameter.
2026-09-23 06:34:23 +0200: Memory Usage (439000K) : Starting SG13G2 LVS Options Preparations
2026-09-23 06:34:23 +0200: Memory Usage (439000K) : NET_ONLY enabled: apply extraction netlist options and skip comparison.
2026-09-23 06:34:23 +0200: Memory Usage (439000K) : SG13G2 LVS flow: extraction -> option preparation -> write netlist -> exit.
2026-09-23 06:34:23 +0200: Memory Usage (439000K) : Starting SG13G2 LVS Simplification
2026-09-23 06:34:23 +0200: Memory Usage (439000K) : [layout_netlist] simplify: SKIPPED
2026-09-23 06:34:23 +0200: Memory Usage (439000K) : [layout_netlist] make_top_level_pins: ENABLED
2026-09-23 06:34:23 +0200: Memory Usage (439000K) : [layout_netlist] combine_devices: SKIPPED
2026-09-23 06:34:23 +0200: Memory Usage (439000K) : [layout_netlist] purge: SKIPPED
2026-09-23 06:34:23 +0200: Memory Usage (439000K) : [layout_netlist] purge_nets: SKIPPED
2026-09-23 06:34:23 +0200: Memory Usage (439000K) : LVS Total Run time 0.865922 seconds
