report_checks -path_delay min (Hold)
============================================================================
======================= _70f7c55555550000_p_Scene Corner ===================================

Startpoint: i_core.u_digital/_6673_
            (rising edge-triggered flip-flop clocked by SCLK)
Endpoint: i_core.u_digital/_6674_
          (rising edge-triggered flip-flop clocked by SCLK)
Path Group: SCLK
Path Type: min

Fanout         Cap        Slew       Delay        Time   Description
---------------------------------------------------------------------------------------------
                                  0.000000    0.000000   clock SCLK (rise edge)
                                  0.000000    0.000000   clock source latency
     2    0.033634    0.048583    0.000000    0.000000 ^ pad14_sclk/p2c (sg13g2_IOPadIn)
                                                         i_core.sclk_i (net)
                      0.036437    0.000000    0.000000 ^ i_core.u_digital/clkbuf_regs_0_sclk/A (sg13g2_buf_16)
     1    0.019485    0.014101    0.050002    0.050002 ^ i_core.u_digital/clkbuf_regs_0_sclk/X (sg13g2_buf_16)
                                                         i_core.u_digital/sclk_regs (net)
                      0.014118    0.000962    0.050964 ^ i_core.u_digital/clkbuf_0_sclk_regs/A (sg13g2_buf_16)
     8    0.154541    0.033303    0.052061    0.103026 ^ i_core.u_digital/clkbuf_0_sclk_regs/X (sg13g2_buf_16)
                                                         i_core.u_digital/clknet_0_sclk_regs (net)
                      0.042655    0.013207    0.116233 ^ i_core.u_digital/clkbuf_3_3__f_sclk_regs/A (sg13g2_buf_16)
     7    0.029748    0.015914    0.053598    0.169831 ^ i_core.u_digital/clkbuf_3_3__f_sclk_regs/X (sg13g2_buf_16)
                                                         i_core.u_digital/clknet_3_3__leaf_sclk_regs (net)
                      0.015939    0.001162    0.170993 ^ i_core.u_digital/_6673_/CLK (sg13g2_dfrbpq_1)
     4    0.015728    0.038550    0.128527    0.299520 v i_core.u_digital/_6673_/Q (sg13g2_dfrbpq_1)
                                                         i_core.u_digital/u_core.u_serial.shreg[2] (net)
                      0.038564    0.000703    0.300223 v i_core.u_digital/_6674_/D (sg13g2_dfrbpq_1)
                                              0.300223   data arrival time

                                  0.000000    0.000000   clock SCLK (rise edge)
                                  0.000000    0.000000   clock source latency
     2    0.040146    0.054481    0.000000    0.000000 ^ pad14_sclk/p2c (sg13g2_IOPadIn)
                                                         i_core.sclk_i (net)
                      0.040861    0.000000    0.000000 ^ i_core.u_digital/clkbuf_regs_0_sclk/A (sg13g2_buf_16)
     1    0.022742    0.014805    0.052036    0.052036 ^ i_core.u_digital/clkbuf_regs_0_sclk/X (sg13g2_buf_16)
                                                         i_core.u_digital/sclk_regs (net)
                      0.014831    0.001134    0.053170 ^ i_core.u_digital/clkbuf_0_sclk_regs/A (sg13g2_buf_16)
     8    0.180590    0.037678    0.053963    0.107133 ^ i_core.u_digital/clkbuf_0_sclk_regs/X (sg13g2_buf_16)
                                                         i_core.u_digital/clknet_0_sclk_regs (net)
                      0.048925    0.015518    0.122651 ^ i_core.u_digital/clkbuf_3_3__f_sclk_regs/A (sg13g2_buf_16)
     7    0.033763    0.016797    0.056418    0.179069 ^ i_core.u_digital/clkbuf_3_3__f_sclk_regs/X (sg13g2_buf_16)
                                                         i_core.u_digital/clknet_3_3__leaf_sclk_regs (net)
                      0.016826    0.001282    0.180351 ^ i_core.u_digital/_6674_/CLK (sg13g2_dfrbpq_1)
                                  0.250000    0.430351   clock uncertainty
                                 -0.009238    0.421113   clock reconvergence pessimism
                                 -0.026901    0.394212   library hold time
                                              0.394212   data required time
---------------------------------------------------------------------------------------------
                                              0.394212   data required time
                                             -0.300223   data arrival time
---------------------------------------------------------------------------------------------
                                             -0.093989   slack (VIOLATED)


Startpoint: i_core.u_digital/_6675_
            (rising edge-triggered flip-flop clocked by SCLK)
Endpoint: i_core.u_digital/_6676_
          (rising edge-triggered flip-flop clocked by SCLK)
Path Group: SCLK
Path Type: min

Fanout         Cap        Slew       Delay        Time   Description
---------------------------------------------------------------------------------------------
                                  0.000000    0.000000   clock SCLK (rise edge)
                                  0.000000    0.000000   clock source latency
     2    0.033634    0.048583    0.000000    0.000000 ^ pad14_sclk/p2c (sg13g2_IOPadIn)
                                                         i_core.sclk_i (net)
                      0.036437    0.000000    0.000000 ^ i_core.u_digital/clkbuf_regs_0_sclk/A (sg13g2_buf_16)
     1    0.019485    0.014101    0.050002    0.050002 ^ i_core.u_digital/clkbuf_regs_0_sclk/X (sg13g2_buf_16)
                                                         i_core.u_digital/sclk_regs (net)
                      0.014118    0.000962    0.050964 ^ i_core.u_digital/clkbuf_0_sclk_regs/A (sg13g2_buf_16)
     8    0.154541    0.033303    0.052061    0.103026 ^ i_core.u_digital/clkbuf_0_sclk_regs/X (sg13g2_buf_16)
                                                         i_core.u_digital/clknet_0_sclk_regs (net)
                      0.040220    0.011094    0.114119 ^ i_core.u_digital/clkbuf_3_4__f_sclk_regs/A (sg13g2_buf_16)
     8    0.029804    0.015802    0.052746    0.166865 ^ i_core.u_digital/clkbuf_3_4__f_sclk_regs/X (sg13g2_buf_16)
                                                         i_core.u_digital/clknet_3_4__leaf_sclk_regs (net)
                      0.015821    0.001044    0.167909 ^ i_core.u_digital/_6675_/CLK (sg13g2_dfrbpq_1)
     4    0.015612    0.038299    0.128391    0.296300 v i_core.u_digital/_6675_/Q (sg13g2_dfrbpq_1)
                                                         i_core.u_digital/u_core.u_serial.shreg[4] (net)
                      0.038344    0.001173    0.297473 v i_core.u_digital/_6676_/D (sg13g2_dfrbpq_1)
                                              0.297473   data arrival time

                                  0.000000    0.000000   clock SCLK (rise edge)
                                  0.000000    0.000000   clock source latency
     2    0.040146    0.054481    0.000000    0.000000 ^ pad14_sclk/p2c (sg13g2_IOPadIn)
                                                         i_core.sclk_i (net)
                      0.040861    0.000000    0.000000 ^ i_core.u_digital/clkbuf_regs_0_sclk/A (sg13g2_buf_16)
     1    0.022742    0.014805    0.052036    0.052036 ^ i_core.u_digital/clkbuf_regs_0_sclk/X (sg13g2_buf_16)
                                                         i_core.u_digital/sclk_regs (net)
                      0.014831    0.001134    0.053170 ^ i_core.u_digital/clkbuf_0_sclk_regs/A (sg13g2_buf_16)
     8    0.180590    0.037678    0.053963    0.107133 ^ i_core.u_digital/clkbuf_0_sclk_regs/X (sg13g2_buf_16)
                                                         i_core.u_digital/clknet_0_sclk_regs (net)
                      0.045974    0.012953    0.120086 ^ i_core.u_digital/clkbuf_3_4__f_sclk_regs/A (sg13g2_buf_16)
     8    0.034363    0.016738    0.055453    0.175539 ^ i_core.u_digital/clkbuf_3_4__f_sclk_regs/X (sg13g2_buf_16)
                                                         i_core.u_digital/clknet_3_4__leaf_sclk_regs (net)
                      0.016765    0.001257    0.176796 ^ i_core.u_digital/_6676_/CLK (sg13g2_dfrbpq_1)
                                  0.250000    0.426796   clock uncertainty
                                 -0.008673    0.418122   clock reconvergence pessimism
                                 -0.026860    0.391262   library hold time
                                              0.391262   data required time
---------------------------------------------------------------------------------------------
                                              0.391262   data required time
                                             -0.297473   data arrival time
---------------------------------------------------------------------------------------------
                                             -0.093790   slack (VIOLATED)
