
Note: No compatibility mode selected!


Circuit: * g1_sense monte carlo: input-referred offset, mismatch models (mos lv+hv, rppd), 200 samples

Warning : Nodeset on non-existent node - xdut.iptat, ignored
   Please check line .nodeset v(vref_buf)=    1.040000000000000e+00     v(vped)=    1.000755000000000e+00     v(isense)=    1.000755000000000e+00     v(xdut.vp)=0.047 v(xdut.vn)=0.047 v(xdut.iptat)=0.76 v(xdut.xref.out1)=    2.510000000000000e+00     v(xdut.xbuf.out1)=    2.510000000000000e+00     v(xdut.xota.out1)=    2.510000000000000e+00     v(xdut.xref.mir)=    2.510000000000000e+00     v(xdut.xbuf.mir)=    2.510000000000000e+00     v(xdut.xota.mir)=    2.510000000000000e+00     v(xdut.xref.tail)=1.65 v(xdut.xbuf.tail)=1.65 v(xdut.xota.tail)=1.6 v(xdut.xref.fn)=0.2 v(xdut.xref.fp)=0.2 v(xdut.xbuf.fn)=0.2 v(xdut.xbuf.fp)=0.2 v(xdut.xota.fn)=0.2 v(xdut.xota.fp)=0.2

Reset re-loads circuit * g1_sense monte carlo: input-referred offset, mismatch models (mos lv+hv, rppd), 200 samples

Circuit: * g1_sense monte carlo: input-referred offset, mismatch models (mos lv+hv, rppd), 200 samples

Warning : Nodeset on non-existent node - xdut.iptat, ignored
   Please check line .nodeset v(vref_buf)=    1.040000000000000e+00     v(vped)=    1.000755000000000e+00     v(isense)=    1.000755000000000e+00     v(xdut.vp)=0.047 v(xdut.vn)=0.047 v(xdut.iptat)=0.76 v(xdut.xref.out1)=    2.510000000000000e+00     v(xdut.xbuf.out1)=    2.510000000000000e+00     v(xdut.xota.out1)=    2.510000000000000e+00     v(xdut.xref.mir)=    2.510000000000000e+00     v(xdut.xbuf.mir)=    2.510000000000000e+00     v(xdut.xota.mir)=    2.510000000000000e+00     v(xdut.xref.tail)=1.65 v(xdut.xbuf.tail)=1.65 v(xdut.xota.tail)=1.6 v(xdut.xref.fn)=0.2 v(xdut.xref.fp)=0.2 v(xdut.xbuf.fn)=0.2 v(xdut.xbuf.fp)=0.2 v(xdut.xota.fn)=0.2 v(xdut.xota.fp)=0.2

Doing analysis at TEMP = 25.000000 and TNOM = 27.000000

Using SPARSE 1.3 as Direct Linear Solver
Warning: singular matrix:  check node xdut.xota.cz

Note: Starting dynamic gmin stepping
Note: Dynamic gmin stepping completed
 Reference value :  0.00000e+00
No. of Data Rows : 1
ROW t0_c-0.1_s0 0.986206 1.00038 1.04081 -0.0475823 -0.0481824 1.00152 -0.000935168
Doing analysis at TEMP = 25.000000 and TNOM = 27.000000

Using SPARSE 1.3 as Direct Linear Solver
Note: Starting dynamic gmin stepping
Note: Dynamic gmin stepping completed
 Reference value :  0.00000e+00
No. of Data Rows : 1
ROW t0_c-0.1_s0.025 1.485 1.00038 1.04081 -0.0237732 -0.0243871 1.00152 -0.00094776
Doing analysis at TEMP = 25.000000 and TNOM = 27.000000

Using SPARSE 1.3 as Direct Linear Solver
Note: Starting dynamic gmin stepping
Note: Dynamic gmin stepping completed
 Reference value :  0.00000e+00
No. of Data Rows : 1
ROW t0_c-0.1_s0.05 1.98383 1.00038 1.04081 3.59056E-05 -0.000590769 1.00152 -0.000960007
Doing analysis at TEMP = 25.000000 and TNOM = 27.000000

Using SPARSE 1.3 as Direct Linear Solver
Note: Starting dynamic gmin stepping
Note: Dynamic gmin stepping completed
 Reference value :  0.00000e+00
No. of Data Rows : 1
ROW t0_c0_s0 0.98637 1.00038 1.04081 0.0476541 0.047055 1.00152 -0.000934211
Doing analysis at TEMP = 25.000000 and TNOM = 27.000000

Using SPARSE 1.3 as Direct Linear Solver
Note: Starting dynamic gmin stepping
Note: Dynamic gmin stepping completed
 Reference value :  0.00000e+00
No. of Data Rows : 1
ROW t0_c0_s0.025 1.48517 1.00038 1.04081 0.0714632 0.0708502 1.00152 -0.000946803
Doing analysis at TEMP = 25.000000 and TNOM = 27.000000

Using SPARSE 1.3 as Direct Linear Solver
Note: Starting dynamic gmin stepping
Note: Dynamic gmin stepping completed
 Reference value :  0.00000e+00
No. of Data Rows : 1
ROW t0_c0_s0.05 1.98399 1.00039 1.04081 0.0952724 0.0946465 1.00152 -0.00095905
Doing analysis at TEMP = 25.000000 and TNOM = 27.000000

Using SPARSE 1.3 as Direct Linear Solver
Note: Starting dynamic gmin stepping
Note: Dynamic gmin stepping completed
 Reference value :  0.00000e+00
No. of Data Rows : 1
ROW t0_c0.3_s0 0.986858 1.00039 1.04081 0.333363 0.332767 1.00152 -0.000931341
Doing analysis at TEMP = 25.000000 and TNOM = 27.000000

Using SPARSE 1.3 as Direct Linear Solver
Note: Starting dynamic gmin stepping
Note: Dynamic gmin stepping completed
 Reference value :  0.00000e+00
No. of Data Rows : 1
ROW t0_c0.3_s0.025 1.48565 1.00039 1.04081 0.357173 0.356562 1.00152 -0.000943931
Doing analysis at TEMP = 25.000000 and TNOM = 27.000000

Using SPARSE 1.3 as Direct Linear Solver
Note: Starting dynamic gmin stepping
Note: Dynamic gmin stepping completed
 Reference value :  0.00000e+00
No. of Data Rows : 1
ROW t0_c0.3_s0.05 1.98447 1.00039 1.04081 0.380982 0.380358 1.00152 -0.000956178
FINGERPRINT 0
@n.xdut.xota.xm1.nsg13_hv_pmos[w] = 9.599935600758576e-05
@n.xdut.xota.xm1.nsg13_hv_pmos[l] = 2.004151818249549e-06
@n.xdut.xota.xm1.nsg13_hv_pmos[delvto] = -6.63978092656562e-05
@n.xdut.xota.xm1.nsg13_hv_pmos[factuo] = 1.000363725618184e+00
@n.xdut.xota.xm2.nsg13_hv_pmos[w] = 9.599370735062076e-05
@n.xdut.xota.xm2.nsg13_hv_pmos[l] = 2.001736608183202e-06
@n.xdut.xota.xm2.nsg13_hv_pmos[delvto] = 8.323595457696230e-05
@n.xdut.xota.xm2.nsg13_hv_pmos[factuo] = 1.000011408198549e+00
@n.xdut.xbuf.xm1.nsg13_hv_pmos[w] = 9.599625677794176e-05
@n.xdut.xbuf.xm1.nsg13_hv_pmos[l] = 1.991826924799917e-06
@n.xdut.xbuf.xm1.nsg13_hv_pmos[delvto] = 1.470624829920197e-04
@n.xdut.xbuf.xm1.nsg13_hv_pmos[factuo] = 1.000377540006599e+00
@n.xdut.xbuf.xm2.nsg13_hv_pmos[w] = 9.600233325255995e-05
@n.xdut.xbuf.xm2.nsg13_hv_pmos[l] = 2.007301943532678e-06
@n.xdut.xbuf.xm2.nsg13_hv_pmos[delvto] = -4.83286861415894e-04
@n.xdut.xbuf.xm2.nsg13_hv_pmos[factuo] = 9.998062327076908e-01
@n.xdut.xref.xm1.nsg13_hv_pmos[w] = 9.600125963001611e-05
@n.xdut.xref.xm1.nsg13_hv_pmos[l] = 1.997920236892344e-06
@n.xdut.xref.xm1.nsg13_hv_pmos[delvto] = 4.585379390553669e-04
@n.xdut.xref.xm1.nsg13_hv_pmos[factuo] = 9.995705989478327e-01
@n.xdut.xref.xm2.nsg13_hv_pmos[w] = 9.599822656728808e-05
@n.xdut.xref.xm2.nsg13_hv_pmos[l] = 1.998956403855035e-06
@n.xdut.xref.xm2.nsg13_hv_pmos[delvto] = -6.04984629729568e-04
@n.xdut.xref.xm2.nsg13_hv_pmos[factuo] = 1.000260919426517e+00
@n.xdut.xr1n0.nr1[nsmm_rsh] = 1.282748200315726e+00
@n.xdut.xr1n0.nr1[nsmm_w] = 2.014740812525710e-01
@n.xdut.xr1n0.nr1[nsmm_l] = 1.063941146303398e+00
Doing analysis at TEMP = -40.000000 and TNOM = 27.000000

Using SPARSE 1.3 as Direct Linear Solver
Note: Starting dynamic gmin stepping
Note: Dynamic gmin stepping completed
 Reference value :  0.00000e+00
No. of Data Rows : 1
ROW t1_c-0.1_s0 0.995956 1.0004 1.04076 -0.0475815 -0.0477172 1.00148 -0.000697965
Doing analysis at TEMP = -40.000000 and TNOM = 27.000000

Using SPARSE 1.3 as Direct Linear Solver
Note: Starting dynamic gmin stepping
Note: Dynamic gmin stepping completed
 Reference value :  0.00000e+00
No. of Data Rows : 1
ROW t1_c-0.1_s0.025 1.49479 1.0004 1.04076 -0.0237724 -0.0239202 1.00148 -0.000710278
Doing analysis at TEMP = -40.000000 and TNOM = 27.000000

Using SPARSE 1.3 as Direct Linear Solver
Note: Starting dynamic gmin stepping
Note: Dynamic gmin stepping completed
 Reference value :  0.00000e+00
No. of Data Rows : 1
ROW t1_c-0.1_s0.05 1.99365 1.0004 1.04076 3.6739E-05 -0.000122166 1.00148 -0.000722319
Doing analysis at TEMP = -40.000000 and TNOM = 27.000000

Using SPARSE 1.3 as Direct Linear Solver
Note: Starting dynamic gmin stepping
Note: Dynamic gmin stepping completed
 Reference value :  0.00000e+00
No. of Data Rows : 1
ROW t1_c0_s0 0.996104 1.0004 1.04076 0.047655 0.0475193 1.00148 -0.000696999
Doing analysis at TEMP = -40.000000 and TNOM = 27.000000

Using SPARSE 1.3 as Direct Linear Solver
Note: Starting dynamic gmin stepping
Note: Dynamic gmin stepping completed
 Reference value :  0.00000e+00
No. of Data Rows : 1
ROW t1_c0_s0.025 1.49494 1.0004 1.04076 0.0714641 0.0713163 1.00148 -0.000709312
Doing analysis at TEMP = -40.000000 and TNOM = 27.000000

Using SPARSE 1.3 as Direct Linear Solver
Note: Starting dynamic gmin stepping
Note: Dynamic gmin stepping completed
 Reference value :  0.00000e+00
No. of Data Rows : 1
ROW t1_c0_s0.05 1.9938 1.0004 1.04076 0.0952732 0.0951144 1.00148 -0.000721353
Doing analysis at TEMP = -40.000000 and TNOM = 27.000000

Using SPARSE 1.3 as Direct Linear Solver
Note: Starting dynamic gmin stepping
Note: Dynamic gmin stepping completed
 Reference value :  0.00000e+00
No. of Data Rows : 1
ROW t1_c0.3_s0 0.996548 1.0004 1.04076 0.333364 0.333229 1.00148 -0.000694101
Doing analysis at TEMP = -40.000000 and TNOM = 27.000000

Using SPARSE 1.3 as Direct Linear Solver
Warning: singular matrix:  check node xdut.xbuf.cz

Note: Starting dynamic gmin stepping
Note: Dynamic gmin stepping completed
 Reference value :  0.00000e+00
No. of Data Rows : 1
ROW t1_c0.3_s0.025 1.49538 1.0004 1.04076 0.357173 0.357026 1.00148 -0.000706413
Doing analysis at TEMP = -40.000000 and TNOM = 27.000000

Using SPARSE 1.3 as Direct Linear Solver
Note: Starting dynamic gmin stepping
Note: Dynamic gmin stepping completed
 Reference value :  0.00000e+00
No. of Data Rows : 1
ROW t1_c0.3_s0.05 1.99424 1.0004 1.04076 0.380983 0.380824 1.00148 -0.000718454
FINGERPRINT 1
@n.xdut.xota.xm1.nsg13_hv_pmos[w] = 9.599935600758576e-05
@n.xdut.xota.xm1.nsg13_hv_pmos[l] = 2.004151818249549e-06
@n.xdut.xota.xm1.nsg13_hv_pmos[delvto] = -6.63978092656562e-05
@n.xdut.xota.xm1.nsg13_hv_pmos[factuo] = 1.000363725618184e+00
@n.xdut.xota.xm2.nsg13_hv_pmos[w] = 9.599370735062076e-05
@n.xdut.xota.xm2.nsg13_hv_pmos[l] = 2.001736608183202e-06
@n.xdut.xota.xm2.nsg13_hv_pmos[delvto] = 8.323595457696230e-05
@n.xdut.xota.xm2.nsg13_hv_pmos[factuo] = 1.000011408198549e+00
@n.xdut.xbuf.xm1.nsg13_hv_pmos[w] = 9.599625677794176e-05
@n.xdut.xbuf.xm1.nsg13_hv_pmos[l] = 1.991826924799917e-06
@n.xdut.xbuf.xm1.nsg13_hv_pmos[delvto] = 1.470624829920197e-04
@n.xdut.xbuf.xm1.nsg13_hv_pmos[factuo] = 1.000377540006599e+00
@n.xdut.xbuf.xm2.nsg13_hv_pmos[w] = 9.600233325255995e-05
@n.xdut.xbuf.xm2.nsg13_hv_pmos[l] = 2.007301943532678e-06
@n.xdut.xbuf.xm2.nsg13_hv_pmos[delvto] = -4.83286861415894e-04
@n.xdut.xbuf.xm2.nsg13_hv_pmos[factuo] = 9.998062327076908e-01
@n.xdut.xref.xm1.nsg13_hv_pmos[w] = 9.600125963001611e-05
@n.xdut.xref.xm1.nsg13_hv_pmos[l] = 1.997920236892344e-06
@n.xdut.xref.xm1.nsg13_hv_pmos[delvto] = 4.585379390553669e-04
@n.xdut.xref.xm1.nsg13_hv_pmos[factuo] = 9.995705989478327e-01
@n.xdut.xref.xm2.nsg13_hv_pmos[w] = 9.599822656728808e-05
@n.xdut.xref.xm2.nsg13_hv_pmos[l] = 1.998956403855035e-06
@n.xdut.xref.xm2.nsg13_hv_pmos[delvto] = -6.04984629729568e-04
@n.xdut.xref.xm2.nsg13_hv_pmos[factuo] = 1.000260919426517e+00
@n.xdut.xr1n0.nr1[nsmm_rsh] = 1.282748200315726e+00
@n.xdut.xr1n0.nr1[nsmm_w] = 2.014740812525710e-01
@n.xdut.xr1n0.nr1[nsmm_l] = 1.063941146303398e+00
Doing analysis at TEMP = 125.000000 and TNOM = 27.000000

Using SPARSE 1.3 as Direct Linear Solver
Note: Starting dynamic gmin stepping
Note: Dynamic gmin stepping completed
 Reference value :  0.00000e+00
No. of Data Rows : 1
ROW t2_c-0.1_s0 0.965714 1.00013 1.04066 -0.0475943 -0.0491599 1.00138 -0.00131646
Doing analysis at TEMP = 125.000000 and TNOM = 27.000000

Using SPARSE 1.3 as Direct Linear Solver
Note: Starting dynamic gmin stepping
Note: Dynamic gmin stepping completed
 Reference value :  0.00000e+00
No. of Data Rows : 1
ROW t2_c-0.1_s0.025 1.46446 1.00013 1.04066 -0.0237852 -0.0253673 1.00138 -0.00132912
Doing analysis at TEMP = 125.000000 and TNOM = 27.000000

Using SPARSE 1.3 as Direct Linear Solver
Note: Starting dynamic gmin stepping
Note: Dynamic gmin stepping completed
 Reference value :  0.00000e+00
No. of Data Rows : 1
ROW t2_c-0.1_s0.05 1.96323 1.00013 1.04066 2.39388E-05 -0.0015734 1.00138 -0.00134131
Doing analysis at TEMP = 125.000000 and TNOM = 27.000000

Using SPARSE 1.3 as Direct Linear Solver
Note: Starting dynamic gmin stepping
Note: Dynamic gmin stepping completed
 Reference value :  0.00000e+00
No. of Data Rows : 1
ROW t2_c0_s0 0.965893 1.00013 1.04066 0.0476422 0.0460781 1.00138 -0.00131552
Doing analysis at TEMP = 125.000000 and TNOM = 27.000000

Using SPARSE 1.3 as Direct Linear Solver
Note: Starting dynamic gmin stepping
Note: Dynamic gmin stepping completed
 Reference value :  0.00000e+00
No. of Data Rows : 1
ROW t2_c0_s0.025 1.46463 1.00013 1.04066 0.0714513 0.0698707 1.00138 -0.00132818
Doing analysis at TEMP = 125.000000 and TNOM = 27.000000

Using SPARSE 1.3 as Direct Linear Solver
Note: Starting dynamic gmin stepping
Note: Dynamic gmin stepping completed
 Reference value :  0.00000e+00
No. of Data Rows : 1
ROW t2_c0_s0.05 1.9634 1.00013 1.04066 0.0952604 0.0936645 1.00138 -0.00134037
Doing analysis at TEMP = 125.000000 and TNOM = 27.000000

Using SPARSE 1.3 as Direct Linear Solver
Note: Starting dynamic gmin stepping
Note: Dynamic gmin stepping completed
 Reference value :  0.00000e+00
No. of Data Rows : 1
ROW t2_c0.3_s0 0.966417 1.00014 1.04066 0.333352 0.331792 1.00138 -0.00131271
Doing analysis at TEMP = 125.000000 and TNOM = 27.000000

Using SPARSE 1.3 as Direct Linear Solver
Warning: singular matrix:  check node n.xdut.xr2p1.nr1#i2

Note: Starting dynamic gmin stepping
Note: Dynamic gmin stepping completed
 Reference value :  0.00000e+00
No. of Data Rows : 1
ROW t2_c0.3_s0.025 1.46516 1.00014 1.04066 0.357161 0.355584 1.00138 -0.00132537
Doing analysis at TEMP = 125.000000 and TNOM = 27.000000

Using SPARSE 1.3 as Direct Linear Solver
Note: Starting dynamic gmin stepping
Note: Dynamic gmin stepping completed
 Reference value :  0.00000e+00
No. of Data Rows : 1
ROW t2_c0.3_s0.05 1.96392 1.00014 1.04066 0.38097 0.379378 1.00138 -0.00133756
FINGERPRINT 2
@n.xdut.xota.xm1.nsg13_hv_pmos[w] = 9.599935600758576e-05
@n.xdut.xota.xm1.nsg13_hv_pmos[l] = 2.004151818249549e-06
@n.xdut.xota.xm1.nsg13_hv_pmos[delvto] = -6.63978092656562e-05
@n.xdut.xota.xm1.nsg13_hv_pmos[factuo] = 1.000363725618184e+00
@n.xdut.xota.xm2.nsg13_hv_pmos[w] = 9.599370735062076e-05
@n.xdut.xota.xm2.nsg13_hv_pmos[l] = 2.001736608183202e-06
@n.xdut.xota.xm2.nsg13_hv_pmos[delvto] = 8.323595457696230e-05
@n.xdut.xota.xm2.nsg13_hv_pmos[factuo] = 1.000011408198549e+00
@n.xdut.xbuf.xm1.nsg13_hv_pmos[w] = 9.599625677794176e-05
@n.xdut.xbuf.xm1.nsg13_hv_pmos[l] = 1.991826924799917e-06
@n.xdut.xbuf.xm1.nsg13_hv_pmos[delvto] = 1.470624829920197e-04
@n.xdut.xbuf.xm1.nsg13_hv_pmos[factuo] = 1.000377540006599e+00
@n.xdut.xbuf.xm2.nsg13_hv_pmos[w] = 9.600233325255995e-05
@n.xdut.xbuf.xm2.nsg13_hv_pmos[l] = 2.007301943532678e-06
@n.xdut.xbuf.xm2.nsg13_hv_pmos[delvto] = -4.83286861415894e-04
@n.xdut.xbuf.xm2.nsg13_hv_pmos[factuo] = 9.998062327076908e-01
@n.xdut.xref.xm1.nsg13_hv_pmos[w] = 9.600125963001611e-05
@n.xdut.xref.xm1.nsg13_hv_pmos[l] = 1.997920236892344e-06
@n.xdut.xref.xm1.nsg13_hv_pmos[delvto] = 4.585379390553669e-04
@n.xdut.xref.xm1.nsg13_hv_pmos[factuo] = 9.995705989478327e-01
@n.xdut.xref.xm2.nsg13_hv_pmos[w] = 9.599822656728808e-05
@n.xdut.xref.xm2.nsg13_hv_pmos[l] = 1.998956403855035e-06
@n.xdut.xref.xm2.nsg13_hv_pmos[delvto] = -6.04984629729568e-04
@n.xdut.xref.xm2.nsg13_hv_pmos[factuo] = 1.000260919426517e+00
@n.xdut.xr1n0.nr1[nsmm_rsh] = 1.282748200315726e+00
@n.xdut.xr1n0.nr1[nsmm_w] = 2.014740812525710e-01
@n.xdut.xr1n0.nr1[nsmm_l] = 1.063941146303398e+00
Doing analysis at TEMP = 25.000000 and TNOM = 27.000000

Using SPARSE 1.3 as Direct Linear Solver
Warning: singular matrix:  check node xdut.xota.cz

Note: Starting dynamic gmin stepping
Note: Dynamic gmin stepping completed
 Reference value :  0.00000e+00
No. of Data Rows : 1
ROW t3_c-0.1_s0 0.986206 1.00038 1.04081 -0.0475823 -0.0481824 1.00152 -0.000935168
Doing analysis at TEMP = 25.000000 and TNOM = 27.000000

Using SPARSE 1.3 as Direct Linear Solver
Note: Starting dynamic gmin stepping
Note: Dynamic gmin stepping completed
 Reference value :  0.00000e+00
No. of Data Rows : 1
ROW t3_c-0.1_s0.025 1.485 1.00038 1.04081 -0.0237732 -0.0243871 1.00152 -0.00094776
Doing analysis at TEMP = 25.000000 and TNOM = 27.000000

Using SPARSE 1.3 as Direct Linear Solver
Note: Starting dynamic gmin stepping
Note: Dynamic gmin stepping completed
 Reference value :  0.00000e+00
No. of Data Rows : 1
ROW t3_c-0.1_s0.05 1.98383 1.00038 1.04081 3.59056E-05 -0.000590769 1.00152 -0.000960007
Doing analysis at TEMP = 25.000000 and TNOM = 27.000000

Using SPARSE 1.3 as Direct Linear Solver
Note: Starting dynamic gmin stepping
Note: Dynamic gmin stepping completed
 Reference value :  0.00000e+00
No. of Data Rows : 1
ROW t3_c0_s0 0.98637 1.00038 1.04081 0.0476541 0.047055 1.00152 -0.000934211
Doing analysis at TEMP = 25.000000 and TNOM = 27.000000

Using SPARSE 1.3 as Direct Linear Solver
Note: Starting dynamic gmin stepping
Note: Dynamic gmin stepping completed
 Reference value :  0.00000e+00
No. of Data Rows : 1
ROW t3_c0_s0.025 1.48517 1.00038 1.04081 0.0714632 0.0708502 1.00152 -0.000946803
Doing analysis at TEMP = 25.000000 and TNOM = 27.000000

Using SPARSE 1.3 as Direct Linear Solver
Note: Starting dynamic gmin stepping
Note: Dynamic gmin stepping completed
 Reference value :  0.00000e+00
No. of Data Rows : 1
ROW t3_c0_s0.05 1.98399 1.00039 1.04081 0.0952724 0.0946465 1.00152 -0.00095905
Doing analysis at TEMP = 25.000000 and TNOM = 27.000000

Using SPARSE 1.3 as Direct Linear Solver
Note: Starting dynamic gmin stepping
Note: Dynamic gmin stepping completed
 Reference value :  0.00000e+00
No. of Data Rows : 1
ROW t3_c0.3_s0 0.986858 1.00039 1.04081 0.333363 0.332767 1.00152 -0.000931341
Doing analysis at TEMP = 25.000000 and TNOM = 27.000000

Using SPARSE 1.3 as Direct Linear Solver
Note: Starting dynamic gmin stepping
Note: Dynamic gmin stepping completed
 Reference value :  0.00000e+00
No. of Data Rows : 1
ROW t3_c0.3_s0.025 1.48565 1.00039 1.04081 0.357173 0.356562 1.00152 -0.000943931
Doing analysis at TEMP = 25.000000 and TNOM = 27.000000

Using SPARSE 1.3 as Direct Linear Solver
Note: Starting dynamic gmin stepping
Note: Dynamic gmin stepping completed
 Reference value :  0.00000e+00
No. of Data Rows : 1
ROW t3_c0.3_s0.05 1.98447 1.00039 1.04081 0.380982 0.380358 1.00152 -0.000956178
FINGERPRINT 3
@n.xdut.xota.xm1.nsg13_hv_pmos[w] = 9.599935600758576e-05
@n.xdut.xota.xm1.nsg13_hv_pmos[l] = 2.004151818249549e-06
@n.xdut.xota.xm1.nsg13_hv_pmos[delvto] = -6.63978092656562e-05
@n.xdut.xota.xm1.nsg13_hv_pmos[factuo] = 1.000363725618184e+00
@n.xdut.xota.xm2.nsg13_hv_pmos[w] = 9.599370735062076e-05
@n.xdut.xota.xm2.nsg13_hv_pmos[l] = 2.001736608183202e-06
@n.xdut.xota.xm2.nsg13_hv_pmos[delvto] = 8.323595457696230e-05
@n.xdut.xota.xm2.nsg13_hv_pmos[factuo] = 1.000011408198549e+00
@n.xdut.xbuf.xm1.nsg13_hv_pmos[w] = 9.599625677794176e-05
@n.xdut.xbuf.xm1.nsg13_hv_pmos[l] = 1.991826924799917e-06
@n.xdut.xbuf.xm1.nsg13_hv_pmos[delvto] = 1.470624829920197e-04
@n.xdut.xbuf.xm1.nsg13_hv_pmos[factuo] = 1.000377540006599e+00
@n.xdut.xbuf.xm2.nsg13_hv_pmos[w] = 9.600233325255995e-05
@n.xdut.xbuf.xm2.nsg13_hv_pmos[l] = 2.007301943532678e-06
@n.xdut.xbuf.xm2.nsg13_hv_pmos[delvto] = -4.83286861415894e-04
@n.xdut.xbuf.xm2.nsg13_hv_pmos[factuo] = 9.998062327076908e-01
@n.xdut.xref.xm1.nsg13_hv_pmos[w] = 9.600125963001611e-05
@n.xdut.xref.xm1.nsg13_hv_pmos[l] = 1.997920236892344e-06
@n.xdut.xref.xm1.nsg13_hv_pmos[delvto] = 4.585379390553669e-04
@n.xdut.xref.xm1.nsg13_hv_pmos[factuo] = 9.995705989478327e-01
@n.xdut.xref.xm2.nsg13_hv_pmos[w] = 9.599822656728808e-05
@n.xdut.xref.xm2.nsg13_hv_pmos[l] = 1.998956403855035e-06
@n.xdut.xref.xm2.nsg13_hv_pmos[delvto] = -6.04984629729568e-04
@n.xdut.xref.xm2.nsg13_hv_pmos[factuo] = 1.000260919426517e+00
@n.xdut.xr1n0.nr1[nsmm_rsh] = 1.282748200315726e+00
@n.xdut.xr1n0.nr1[nsmm_w] = 2.014740812525710e-01
@n.xdut.xr1n0.nr1[nsmm_l] = 1.063941146303398e+00
QUALIFICATION_END
ngspice-46 done
