
Note: No compatibility mode selected!


Circuit: * g1_sense monte carlo: input-referred offset, mismatch models (mos lv+hv, rppd), 200 samples

Warning : Nodeset on non-existent node - xdut.iptat, ignored
   Please check line .nodeset v(vref_buf)=    1.040000000000000e+00     v(vped)=    1.000755000000000e+00     v(isense)=    1.000755000000000e+00     v(xdut.vp)=0.047 v(xdut.vn)=0.047 v(xdut.iptat)=0.76 v(xdut.xref.out1)=    2.510000000000000e+00     v(xdut.xbuf.out1)=    2.510000000000000e+00     v(xdut.xota.out1)=    2.510000000000000e+00     v(xdut.xref.mir)=    2.510000000000000e+00     v(xdut.xbuf.mir)=    2.510000000000000e+00     v(xdut.xota.mir)=    2.510000000000000e+00     v(xdut.xref.tail)=1.65 v(xdut.xbuf.tail)=1.65 v(xdut.xota.tail)=1.6 v(xdut.xref.fn)=0.2 v(xdut.xref.fp)=0.2 v(xdut.xbuf.fn)=0.2 v(xdut.xbuf.fp)=0.2 v(xdut.xota.fn)=0.2 v(xdut.xota.fp)=0.2

Reset re-loads circuit * g1_sense monte carlo: input-referred offset, mismatch models (mos lv+hv, rppd), 200 samples

Circuit: * g1_sense monte carlo: input-referred offset, mismatch models (mos lv+hv, rppd), 200 samples

Warning : Nodeset on non-existent node - xdut.iptat, ignored
   Please check line .nodeset v(vref_buf)=    1.040000000000000e+00     v(vped)=    1.000755000000000e+00     v(isense)=    1.000755000000000e+00     v(xdut.vp)=0.047 v(xdut.vn)=0.047 v(xdut.iptat)=0.76 v(xdut.xref.out1)=    2.510000000000000e+00     v(xdut.xbuf.out1)=    2.510000000000000e+00     v(xdut.xota.out1)=    2.510000000000000e+00     v(xdut.xref.mir)=    2.510000000000000e+00     v(xdut.xbuf.mir)=    2.510000000000000e+00     v(xdut.xota.mir)=    2.510000000000000e+00     v(xdut.xref.tail)=1.65 v(xdut.xbuf.tail)=1.65 v(xdut.xota.tail)=1.6 v(xdut.xref.fn)=0.2 v(xdut.xref.fp)=0.2 v(xdut.xbuf.fn)=0.2 v(xdut.xbuf.fp)=0.2 v(xdut.xota.fn)=0.2 v(xdut.xota.fp)=0.2

Doing analysis at TEMP = 25.000000 and TNOM = 27.000000

Using SPARSE 1.3 as Direct Linear Solver
Note: Starting dynamic gmin stepping
Note: Dynamic gmin stepping completed
 Reference value :  0.00000e+00
No. of Data Rows : 1
ROW t0_c-0.1_s0 1.05367 1.00578 1.04264 -0.0474522 -0.0450573 1.0033 -0.000997685
Doing analysis at TEMP = 25.000000 and TNOM = 27.000000

Using SPARSE 1.3 as Direct Linear Solver
Note: Starting dynamic gmin stepping
Note: Dynamic gmin stepping completed
 Reference value :  0.00000e+00
No. of Data Rows : 1
ROW t0_c-0.1_s0.025 1.55333 1.00578 1.04264 -0.0236403 -0.0212611 1.0033 -0.00101047
Doing analysis at TEMP = 25.000000 and TNOM = 27.000000

Using SPARSE 1.3 as Direct Linear Solver
Note: Starting dynamic gmin stepping
Note: Dynamic gmin stepping completed
 Reference value :  0.00000e+00
No. of Data Rows : 1
ROW t0_c-0.1_s0.05 2.05301 1.00578 1.04264 0.000171728 0.00253605 1.0033 -0.00102293
Doing analysis at TEMP = 25.000000 and TNOM = 27.000000

Using SPARSE 1.3 as Direct Linear Solver
Note: Starting dynamic gmin stepping
Note: Dynamic gmin stepping completed
 Reference value :  0.00000e+00
No. of Data Rows : 1
ROW t0_c0_s0 1.0538 1.00578 1.04264 0.0477957 0.0501867 1.0033 -0.000996727
Doing analysis at TEMP = 25.000000 and TNOM = 27.000000

Using SPARSE 1.3 as Direct Linear Solver
Note: Starting dynamic gmin stepping
Note: Dynamic gmin stepping completed
 Reference value :  0.00000e+00
No. of Data Rows : 1
ROW t0_c0_s0.025 1.55346 1.00578 1.04264 0.0716077 0.0739829 1.0033 -0.00100951
Doing analysis at TEMP = 25.000000 and TNOM = 27.000000

Using SPARSE 1.3 as Direct Linear Solver
Note: Starting dynamic gmin stepping
Note: Dynamic gmin stepping completed
 Reference value :  0.00000e+00
No. of Data Rows : 1
ROW t0_c0_s0.05 2.05315 1.00578 1.04264 0.0954197 0.0977801 1.0033 -0.00102197
Doing analysis at TEMP = 25.000000 and TNOM = 27.000000

Using SPARSE 1.3 as Direct Linear Solver
Note: Starting dynamic gmin stepping
Note: Dynamic gmin stepping completed
 Reference value :  0.00000e+00
No. of Data Rows : 1
ROW t0_c0.3_s0 1.05422 1.00578 1.04264 0.333539 0.335919 1.0033 -0.000993853
Doing analysis at TEMP = 25.000000 and TNOM = 27.000000

Using SPARSE 1.3 as Direct Linear Solver
Note: Starting dynamic gmin stepping
Note: Dynamic gmin stepping completed
 Reference value :  0.00000e+00
No. of Data Rows : 1
ROW t0_c0.3_s0.025 1.55388 1.00578 1.04264 0.357351 0.359715 1.0033 -0.00100663
Doing analysis at TEMP = 25.000000 and TNOM = 27.000000

Using SPARSE 1.3 as Direct Linear Solver
Note: Starting dynamic gmin stepping
Note: Dynamic gmin stepping completed
 Reference value :  0.00000e+00
No. of Data Rows : 1
ROW t0_c0.3_s0.05 2.05356 1.00578 1.04264 0.381163 0.383512 1.0033 -0.0010191
FINGERPRINT 0
@n.xdut.xota.xm1.nsg13_hv_pmos[w] = 9.600374556578491e-05
@n.xdut.xota.xm1.nsg13_hv_pmos[l] = 2.000164593080713e-06
@n.xdut.xota.xm1.nsg13_hv_pmos[delvto] = -3.23689100707650e-04
@n.xdut.xota.xm1.nsg13_hv_pmos[factuo] = 9.995159133314504e-01
@n.xdut.xota.xm2.nsg13_hv_pmos[w] = 9.599350093146820e-05
@n.xdut.xota.xm2.nsg13_hv_pmos[l] = 1.996658836650731e-06
@n.xdut.xota.xm2.nsg13_hv_pmos[delvto] = -2.89834340540076e-04
@n.xdut.xota.xm2.nsg13_hv_pmos[factuo] = 9.992002542168816e-01
@n.xdut.xbuf.xm1.nsg13_hv_pmos[w] = 9.599912441437576e-05
@n.xdut.xbuf.xm1.nsg13_hv_pmos[l] = 1.998209255265467e-06
@n.xdut.xbuf.xm1.nsg13_hv_pmos[delvto] = -3.34097409192940e-04
@n.xdut.xbuf.xm1.nsg13_hv_pmos[factuo] = 1.000202068135055e+00
@n.xdut.xbuf.xm2.nsg13_hv_pmos[w] = 9.599434866668519e-05
@n.xdut.xbuf.xm2.nsg13_hv_pmos[l] = 1.998524431882064e-06
@n.xdut.xbuf.xm2.nsg13_hv_pmos[delvto] = 2.243170915153967e-04
@n.xdut.xbuf.xm2.nsg13_hv_pmos[factuo] = 1.000161696848198e+00
@n.xdut.xref.xm1.nsg13_hv_pmos[w] = 9.600407045679427e-05
@n.xdut.xref.xm1.nsg13_hv_pmos[l] = 1.995656386588661e-06
@n.xdut.xref.xm1.nsg13_hv_pmos[delvto] = -6.33569830702493e-05
@n.xdut.xref.xm1.nsg13_hv_pmos[factuo] = 1.000216322451574e+00
@n.xdut.xref.xm2.nsg13_hv_pmos[w] = 9.599746064739147e-05
@n.xdut.xref.xm2.nsg13_hv_pmos[l] = 2.000713619318362e-06
@n.xdut.xref.xm2.nsg13_hv_pmos[delvto] = -1.56786191815918e-04
@n.xdut.xref.xm2.nsg13_hv_pmos[factuo] = 9.999048422764556e-01
@n.xdut.xr1n0.nr1[nsmm_rsh] = 4.730427190947556e-01
@n.xdut.xr1n0.nr1[nsmm_w] = 9.731487244637478e-01
@n.xdut.xr1n0.nr1[nsmm_l] = -9.64256504567163e-02
Doing analysis at TEMP = -40.000000 and TNOM = 27.000000

Using SPARSE 1.3 as Direct Linear Solver
Note: Starting dynamic gmin stepping
Note: Dynamic gmin stepping completed
 Reference value :  0.00000e+00
No. of Data Rows : 1
ROW t1_c-0.1_s0 1.05459 1.00521 1.04228 -0.0474795 -0.0450131 1.00296 -0.000756794
Doing analysis at TEMP = -40.000000 and TNOM = 27.000000

Using SPARSE 1.3 as Direct Linear Solver
Note: Starting dynamic gmin stepping
Note: Dynamic gmin stepping completed
 Reference value :  0.00000e+00
No. of Data Rows : 1
ROW t1_c-0.1_s0.025 1.55428 1.00521 1.04228 -0.0236675 -0.0212156 1.00296 -0.000769358
Doing analysis at TEMP = -40.000000 and TNOM = 27.000000

Using SPARSE 1.3 as Direct Linear Solver
Note: Starting dynamic gmin stepping
Note: Dynamic gmin stepping completed
 Reference value :  0.00000e+00
No. of Data Rows : 1
ROW t1_c-0.1_s0.05 2.054 1.00521 1.04228 0.000144455 0.00258287 1.00296 -0.000781659
Doing analysis at TEMP = -40.000000 and TNOM = 27.000000

Using SPARSE 1.3 as Direct Linear Solver
Note: Starting dynamic gmin stepping
Note: Dynamic gmin stepping completed
 Reference value :  0.00000e+00
No. of Data Rows : 1
ROW t1_c0_s0 1.05469 1.00521 1.04228 0.0477684 0.0502292 1.00296 -0.000755826
Doing analysis at TEMP = -40.000000 and TNOM = 27.000000

Using SPARSE 1.3 as Direct Linear Solver
Note: Starting dynamic gmin stepping
Note: Dynamic gmin stepping completed
 Reference value :  0.00000e+00
No. of Data Rows : 1
ROW t1_c0_s0.025 1.55438 1.00521 1.04228 0.0715804 0.0740267 1.00296 -0.00076839
Doing analysis at TEMP = -40.000000 and TNOM = 27.000000

Using SPARSE 1.3 as Direct Linear Solver
Note: Starting dynamic gmin stepping
Note: Dynamic gmin stepping completed
 Reference value :  0.00000e+00
No. of Data Rows : 1
ROW t1_c0_s0.05 2.0541 1.00521 1.04228 0.0953924 0.0978252 1.00296 -0.000780691
Doing analysis at TEMP = -40.000000 and TNOM = 27.000000

Using SPARSE 1.3 as Direct Linear Solver
Note: Starting dynamic gmin stepping
Note: Dynamic gmin stepping completed
 Reference value :  0.00000e+00
No. of Data Rows : 1
ROW t1_c0.3_s0 1.055 1.00521 1.04228 0.333512 0.335956 1.00296 -0.000752923
Doing analysis at TEMP = -40.000000 and TNOM = 27.000000

Using SPARSE 1.3 as Direct Linear Solver
Note: Starting dynamic gmin stepping
Note: Dynamic gmin stepping completed
 Reference value :  0.00000e+00
No. of Data Rows : 1
ROW t1_c0.3_s0.025 1.55469 1.00521 1.04228 0.357324 0.359754 1.00296 -0.000765486
Doing analysis at TEMP = -40.000000 and TNOM = 27.000000

Using SPARSE 1.3 as Direct Linear Solver
Note: Starting dynamic gmin stepping
Note: Dynamic gmin stepping completed
 Reference value :  0.00000e+00
No. of Data Rows : 1
ROW t1_c0.3_s0.05 2.0544 1.00521 1.04228 0.381136 0.383552 1.00296 -0.000777787
FINGERPRINT 1
@n.xdut.xota.xm1.nsg13_hv_pmos[w] = 9.600374556578491e-05
@n.xdut.xota.xm1.nsg13_hv_pmos[l] = 2.000164593080713e-06
@n.xdut.xota.xm1.nsg13_hv_pmos[delvto] = -3.23689100707650e-04
@n.xdut.xota.xm1.nsg13_hv_pmos[factuo] = 9.995159133314504e-01
@n.xdut.xota.xm2.nsg13_hv_pmos[w] = 9.599350093146820e-05
@n.xdut.xota.xm2.nsg13_hv_pmos[l] = 1.996658836650731e-06
@n.xdut.xota.xm2.nsg13_hv_pmos[delvto] = -2.89834340540076e-04
@n.xdut.xota.xm2.nsg13_hv_pmos[factuo] = 9.992002542168816e-01
@n.xdut.xbuf.xm1.nsg13_hv_pmos[w] = 9.599912441437576e-05
@n.xdut.xbuf.xm1.nsg13_hv_pmos[l] = 1.998209255265467e-06
@n.xdut.xbuf.xm1.nsg13_hv_pmos[delvto] = -3.34097409192940e-04
@n.xdut.xbuf.xm1.nsg13_hv_pmos[factuo] = 1.000202068135055e+00
@n.xdut.xbuf.xm2.nsg13_hv_pmos[w] = 9.599434866668519e-05
@n.xdut.xbuf.xm2.nsg13_hv_pmos[l] = 1.998524431882064e-06
@n.xdut.xbuf.xm2.nsg13_hv_pmos[delvto] = 2.243170915153967e-04
@n.xdut.xbuf.xm2.nsg13_hv_pmos[factuo] = 1.000161696848198e+00
@n.xdut.xref.xm1.nsg13_hv_pmos[w] = 9.600407045679427e-05
@n.xdut.xref.xm1.nsg13_hv_pmos[l] = 1.995656386588661e-06
@n.xdut.xref.xm1.nsg13_hv_pmos[delvto] = -6.33569830702493e-05
@n.xdut.xref.xm1.nsg13_hv_pmos[factuo] = 1.000216322451574e+00
@n.xdut.xref.xm2.nsg13_hv_pmos[w] = 9.599746064739147e-05
@n.xdut.xref.xm2.nsg13_hv_pmos[l] = 2.000713619318362e-06
@n.xdut.xref.xm2.nsg13_hv_pmos[delvto] = -1.56786191815918e-04
@n.xdut.xref.xm2.nsg13_hv_pmos[factuo] = 9.999048422764556e-01
@n.xdut.xr1n0.nr1[nsmm_rsh] = 4.730427190947556e-01
@n.xdut.xr1n0.nr1[nsmm_w] = 9.731487244637478e-01
@n.xdut.xr1n0.nr1[nsmm_l] = -9.64256504567163e-02
Doing analysis at TEMP = 125.000000 and TNOM = 27.000000

Using SPARSE 1.3 as Direct Linear Solver
Note: Starting dynamic gmin stepping
Note: Dynamic gmin stepping completed
 Reference value :  0.00000e+00
No. of Data Rows : 1
ROW t2_c-0.1_s0 1.04394 1.00653 1.04311 -0.0474169 -0.0455203 1.00376 -0.00137845
Doing analysis at TEMP = 125.000000 and TNOM = 27.000000

Using SPARSE 1.3 as Direct Linear Solver
Note: Starting dynamic gmin stepping
Note: Dynamic gmin stepping completed
 Reference value :  0.00000e+00
No. of Data Rows : 1
ROW t2_c-0.1_s0.025 1.54356 1.00653 1.04311 -0.0236049 -0.0217261 1.00376 -0.00139121
Doing analysis at TEMP = 125.000000 and TNOM = 27.000000

Using SPARSE 1.3 as Direct Linear Solver
Note: Starting dynamic gmin stepping
Note: Dynamic gmin stepping completed
 Reference value :  0.00000e+00
No. of Data Rows : 1
ROW t2_c-0.1_s0.05 2.04321 1.00653 1.04311 0.000207117 0.0020693 1.00376 -0.00140353
Doing analysis at TEMP = 125.000000 and TNOM = 27.000000

Using SPARSE 1.3 as Direct Linear Solver
Note: Starting dynamic gmin stepping
Note: Dynamic gmin stepping completed
 Reference value :  0.00000e+00
No. of Data Rows : 1
ROW t2_c0_s0 1.04412 1.00653 1.04311 0.0478311 0.0497259 1.00376 -0.00137752
Doing analysis at TEMP = 125.000000 and TNOM = 27.000000

Using SPARSE 1.3 as Direct Linear Solver
Note: Starting dynamic gmin stepping
Note: Dynamic gmin stepping completed
 Reference value :  0.00000e+00
No. of Data Rows : 1
ROW t2_c0_s0.025 1.54375 1.00653 1.04311 0.0716431 0.0735201 1.00376 -0.00139027
Doing analysis at TEMP = 125.000000 and TNOM = 27.000000

Using SPARSE 1.3 as Direct Linear Solver
Note: Starting dynamic gmin stepping
Note: Dynamic gmin stepping completed
 Reference value :  0.00000e+00
No. of Data Rows : 1
ROW t2_c0_s0.05 2.0434 1.00653 1.04311 0.0954551 0.0973156 1.00376 -0.00140259
Doing analysis at TEMP = 125.000000 and TNOM = 27.000000

Using SPARSE 1.3 as Direct Linear Solver
Note: Starting dynamic gmin stepping
Note: Dynamic gmin stepping completed
 Reference value :  0.00000e+00
No. of Data Rows : 1
ROW t2_c0.3_s0 1.04468 1.00653 1.04311 0.333575 0.335465 1.00376 -0.0013747
Doing analysis at TEMP = 125.000000 and TNOM = 27.000000

Using SPARSE 1.3 as Direct Linear Solver
Note: Starting dynamic gmin stepping
Note: Dynamic gmin stepping completed
 Reference value :  0.00000e+00
No. of Data Rows : 1
ROW t2_c0.3_s0.025 1.54431 1.00653 1.04311 0.357387 0.359259 1.00376 -0.00138745
Doing analysis at TEMP = 125.000000 and TNOM = 27.000000

Using SPARSE 1.3 as Direct Linear Solver
Note: Starting dynamic gmin stepping
Note: Dynamic gmin stepping completed
 Reference value :  0.00000e+00
No. of Data Rows : 1
ROW t2_c0.3_s0.05 2.04395 1.00653 1.04311 0.381199 0.383055 1.00376 -0.00139978
FINGERPRINT 2
@n.xdut.xota.xm1.nsg13_hv_pmos[w] = 9.600374556578491e-05
@n.xdut.xota.xm1.nsg13_hv_pmos[l] = 2.000164593080713e-06
@n.xdut.xota.xm1.nsg13_hv_pmos[delvto] = -3.23689100707650e-04
@n.xdut.xota.xm1.nsg13_hv_pmos[factuo] = 9.995159133314504e-01
@n.xdut.xota.xm2.nsg13_hv_pmos[w] = 9.599350093146820e-05
@n.xdut.xota.xm2.nsg13_hv_pmos[l] = 1.996658836650731e-06
@n.xdut.xota.xm2.nsg13_hv_pmos[delvto] = -2.89834340540076e-04
@n.xdut.xota.xm2.nsg13_hv_pmos[factuo] = 9.992002542168816e-01
@n.xdut.xbuf.xm1.nsg13_hv_pmos[w] = 9.599912441437576e-05
@n.xdut.xbuf.xm1.nsg13_hv_pmos[l] = 1.998209255265467e-06
@n.xdut.xbuf.xm1.nsg13_hv_pmos[delvto] = -3.34097409192940e-04
@n.xdut.xbuf.xm1.nsg13_hv_pmos[factuo] = 1.000202068135055e+00
@n.xdut.xbuf.xm2.nsg13_hv_pmos[w] = 9.599434866668519e-05
@n.xdut.xbuf.xm2.nsg13_hv_pmos[l] = 1.998524431882064e-06
@n.xdut.xbuf.xm2.nsg13_hv_pmos[delvto] = 2.243170915153967e-04
@n.xdut.xbuf.xm2.nsg13_hv_pmos[factuo] = 1.000161696848198e+00
@n.xdut.xref.xm1.nsg13_hv_pmos[w] = 9.600407045679427e-05
@n.xdut.xref.xm1.nsg13_hv_pmos[l] = 1.995656386588661e-06
@n.xdut.xref.xm1.nsg13_hv_pmos[delvto] = -6.33569830702493e-05
@n.xdut.xref.xm1.nsg13_hv_pmos[factuo] = 1.000216322451574e+00
@n.xdut.xref.xm2.nsg13_hv_pmos[w] = 9.599746064739147e-05
@n.xdut.xref.xm2.nsg13_hv_pmos[l] = 2.000713619318362e-06
@n.xdut.xref.xm2.nsg13_hv_pmos[delvto] = -1.56786191815918e-04
@n.xdut.xref.xm2.nsg13_hv_pmos[factuo] = 9.999048422764556e-01
@n.xdut.xr1n0.nr1[nsmm_rsh] = 4.730427190947556e-01
@n.xdut.xr1n0.nr1[nsmm_w] = 9.731487244637478e-01
@n.xdut.xr1n0.nr1[nsmm_l] = -9.64256504567163e-02
Doing analysis at TEMP = 25.000000 and TNOM = 27.000000

Using SPARSE 1.3 as Direct Linear Solver
Note: Starting dynamic gmin stepping
Note: Dynamic gmin stepping completed
 Reference value :  0.00000e+00
No. of Data Rows : 1
ROW t3_c-0.1_s0 1.05367 1.00578 1.04264 -0.0474522 -0.0450573 1.0033 -0.000997685
Doing analysis at TEMP = 25.000000 and TNOM = 27.000000

Using SPARSE 1.3 as Direct Linear Solver
Note: Starting dynamic gmin stepping
Note: Dynamic gmin stepping completed
 Reference value :  0.00000e+00
No. of Data Rows : 1
ROW t3_c-0.1_s0.025 1.55333 1.00578 1.04264 -0.0236403 -0.0212611 1.0033 -0.00101047
Doing analysis at TEMP = 25.000000 and TNOM = 27.000000

Using SPARSE 1.3 as Direct Linear Solver
Note: Starting dynamic gmin stepping
Note: Dynamic gmin stepping completed
 Reference value :  0.00000e+00
No. of Data Rows : 1
ROW t3_c-0.1_s0.05 2.05301 1.00578 1.04264 0.000171728 0.00253605 1.0033 -0.00102293
Doing analysis at TEMP = 25.000000 and TNOM = 27.000000

Using SPARSE 1.3 as Direct Linear Solver
Note: Starting dynamic gmin stepping
Note: Dynamic gmin stepping completed
 Reference value :  0.00000e+00
No. of Data Rows : 1
ROW t3_c0_s0 1.0538 1.00578 1.04264 0.0477957 0.0501867 1.0033 -0.000996727
Doing analysis at TEMP = 25.000000 and TNOM = 27.000000

Using SPARSE 1.3 as Direct Linear Solver
Note: Starting dynamic gmin stepping
Note: Dynamic gmin stepping completed
 Reference value :  0.00000e+00
No. of Data Rows : 1
ROW t3_c0_s0.025 1.55346 1.00578 1.04264 0.0716077 0.0739829 1.0033 -0.00100951
Doing analysis at TEMP = 25.000000 and TNOM = 27.000000

Using SPARSE 1.3 as Direct Linear Solver
Note: Starting dynamic gmin stepping
Note: Dynamic gmin stepping completed
 Reference value :  0.00000e+00
No. of Data Rows : 1
ROW t3_c0_s0.05 2.05315 1.00578 1.04264 0.0954197 0.0977801 1.0033 -0.00102197
Doing analysis at TEMP = 25.000000 and TNOM = 27.000000

Using SPARSE 1.3 as Direct Linear Solver
Note: Starting dynamic gmin stepping
Note: Dynamic gmin stepping completed
 Reference value :  0.00000e+00
No. of Data Rows : 1
ROW t3_c0.3_s0 1.05422 1.00578 1.04264 0.333539 0.335919 1.0033 -0.000993853
Doing analysis at TEMP = 25.000000 and TNOM = 27.000000

Using SPARSE 1.3 as Direct Linear Solver
Note: Starting dynamic gmin stepping
Note: Dynamic gmin stepping completed
 Reference value :  0.00000e+00
No. of Data Rows : 1
ROW t3_c0.3_s0.025 1.55388 1.00578 1.04264 0.357351 0.359715 1.0033 -0.00100663
Doing analysis at TEMP = 25.000000 and TNOM = 27.000000

Using SPARSE 1.3 as Direct Linear Solver
Note: Starting dynamic gmin stepping
Note: Dynamic gmin stepping completed
 Reference value :  0.00000e+00
No. of Data Rows : 1
ROW t3_c0.3_s0.05 2.05356 1.00578 1.04264 0.381163 0.383512 1.0033 -0.0010191
FINGERPRINT 3
@n.xdut.xota.xm1.nsg13_hv_pmos[w] = 9.600374556578491e-05
@n.xdut.xota.xm1.nsg13_hv_pmos[l] = 2.000164593080713e-06
@n.xdut.xota.xm1.nsg13_hv_pmos[delvto] = -3.23689100707650e-04
@n.xdut.xota.xm1.nsg13_hv_pmos[factuo] = 9.995159133314504e-01
@n.xdut.xota.xm2.nsg13_hv_pmos[w] = 9.599350093146820e-05
@n.xdut.xota.xm2.nsg13_hv_pmos[l] = 1.996658836650731e-06
@n.xdut.xota.xm2.nsg13_hv_pmos[delvto] = -2.89834340540076e-04
@n.xdut.xota.xm2.nsg13_hv_pmos[factuo] = 9.992002542168816e-01
@n.xdut.xbuf.xm1.nsg13_hv_pmos[w] = 9.599912441437576e-05
@n.xdut.xbuf.xm1.nsg13_hv_pmos[l] = 1.998209255265467e-06
@n.xdut.xbuf.xm1.nsg13_hv_pmos[delvto] = -3.34097409192940e-04
@n.xdut.xbuf.xm1.nsg13_hv_pmos[factuo] = 1.000202068135055e+00
@n.xdut.xbuf.xm2.nsg13_hv_pmos[w] = 9.599434866668519e-05
@n.xdut.xbuf.xm2.nsg13_hv_pmos[l] = 1.998524431882064e-06
@n.xdut.xbuf.xm2.nsg13_hv_pmos[delvto] = 2.243170915153967e-04
@n.xdut.xbuf.xm2.nsg13_hv_pmos[factuo] = 1.000161696848198e+00
@n.xdut.xref.xm1.nsg13_hv_pmos[w] = 9.600407045679427e-05
@n.xdut.xref.xm1.nsg13_hv_pmos[l] = 1.995656386588661e-06
@n.xdut.xref.xm1.nsg13_hv_pmos[delvto] = -6.33569830702493e-05
@n.xdut.xref.xm1.nsg13_hv_pmos[factuo] = 1.000216322451574e+00
@n.xdut.xref.xm2.nsg13_hv_pmos[w] = 9.599746064739147e-05
@n.xdut.xref.xm2.nsg13_hv_pmos[l] = 2.000713619318362e-06
@n.xdut.xref.xm2.nsg13_hv_pmos[delvto] = -1.56786191815918e-04
@n.xdut.xref.xm2.nsg13_hv_pmos[factuo] = 9.999048422764556e-01
@n.xdut.xr1n0.nr1[nsmm_rsh] = 4.730427190947556e-01
@n.xdut.xr1n0.nr1[nsmm_w] = 9.731487244637478e-01
@n.xdut.xr1n0.nr1[nsmm_l] = -9.64256504567163e-02
QUALIFICATION_END
ngspice-46 done
