
Note: No compatibility mode selected!


Circuit: * g1_t2f joint c-pex: t=100.0 c, vdda=3.3 v, vdd=1.2 v, hbt=typ, mos=tt, r=typ, c=typ, mismatch=true, seed=51045

Warning: Model issue on line 788 :
  .model xbgr.xm27:sg13g2_hv_nmos_psp_rf pspnqs103va type=+1 level=103.60  ...
Unknown model type pspnqs103va - ignored

Warning: Model issue on line 809 :
  .model xbgr.xm27:sg13g2_hv_pmos_psp_rf pspnqs103va type=-1 level=103.60  ...
Unknown model type pspnqs103va - ignored

Warning: Model issue on line 788 :
  .model xbgr.xm28:sg13g2_hv_nmos_psp_rf pspnqs103va type=+1 level=103.60  ...
Unknown model type pspnqs103va - ignored

Warning: Model issue on line 809 :
  .model xbgr.xm28:sg13g2_hv_pmos_psp_rf pspnqs103va type=-1 level=103.60  ...
Unknown model type pspnqs103va - ignored

Warning: Model issue on line 679 :
  .model xbgr.xm29:sg13g2_hv_nmos_psp_rf pspnqs103va type=+1 level=103.60  ...
Unknown model type pspnqs103va - ignored

Warning: Model issue on line 700 :
  .model xbgr.xm29:sg13g2_hv_pmos_psp_rf pspnqs103va type=-1 level=103.60  ...
Unknown model type pspnqs103va - ignored

Warning: Model issue on line 679 :
  .model xbgr.xm30:sg13g2_hv_nmos_psp_rf pspnqs103va type=+1 level=103.60  ...
Unknown model type pspnqs103va - ignored

Warning: Model issue on line 700 :
  .model xbgr.xm30:sg13g2_hv_pmos_psp_rf pspnqs103va type=-1 level=103.60  ...
Unknown model type pspnqs103va - ignored

Warning: Model issue on line 679 :
  .model xbgr.xm31:sg13g2_hv_nmos_psp_rf pspnqs103va type=+1 level=103.60  ...
Unknown model type pspnqs103va - ignored

Warning: Model issue on line 700 :
  .model xbgr.xm31:sg13g2_hv_pmos_psp_rf pspnqs103va type=-1 level=103.60  ...
Unknown model type pspnqs103va - ignored

Warning: Model issue on line 679 :
  .model xbgr.xm32:sg13g2_hv_nmos_psp_rf pspnqs103va type=+1 level=103.60  ...
Unknown model type pspnqs103va - ignored

Warning: Model issue on line 700 :
  .model xbgr.xm32:sg13g2_hv_pmos_psp_rf pspnqs103va type=-1 level=103.60  ...
Unknown model type pspnqs103va - ignored

Warning: Model issue on line 679 :
  .model xbgr.xm33:sg13g2_hv_nmos_psp_rf pspnqs103va type=+1 level=103.60  ...
Unknown model type pspnqs103va - ignored

Warning: Model issue on line 700 :
  .model xbgr.xm33:sg13g2_hv_pmos_psp_rf pspnqs103va type=-1 level=103.60  ...
Unknown model type pspnqs103va - ignored

Warning: Model issue on line 679 :
  .model xbgr.xm34:sg13g2_hv_nmos_psp_rf pspnqs103va type=+1 level=103.60  ...
Unknown model type pspnqs103va - ignored

Warning: Model issue on line 700 :
  .model xbgr.xm34:sg13g2_hv_pmos_psp_rf pspnqs103va type=-1 level=103.60  ...
Unknown model type pspnqs103va - ignored

Warning: Model issue on line 679 :
  .model xbgr.xm35:sg13g2_hv_nmos_psp_rf pspnqs103va type=+1 level=103.60  ...
Unknown model type pspnqs103va - ignored

Warning: Model issue on line 700 :
  .model xbgr.xm35:sg13g2_hv_pmos_psp_rf pspnqs103va type=-1 level=103.60  ...
Unknown model type pspnqs103va - ignored

Warning: Model issue on line 679 :
  .model xbgr.xm36:sg13g2_hv_nmos_psp_rf pspnqs103va type=+1 level=103.60  ...
Unknown model type pspnqs103va - ignored

Warning: Model issue on line 700 :
  .model xbgr.xm36:sg13g2_hv_pmos_psp_rf pspnqs103va type=-1 level=103.60  ...
Unknown model type pspnqs103va - ignored

Warning: Model issue on line 679 :
  .model xbgr.xm37:sg13g2_hv_nmos_psp_rf pspnqs103va type=+1 level=103.60  ...
Unknown model type pspnqs103va - ignored

Warning: Model issue on line 700 :
  .model xbgr.xm37:sg13g2_hv_pmos_psp_rf pspnqs103va type=-1 level=103.60  ...
Unknown model type pspnqs103va - ignored

Warning: Model issue on line 788 :
  .model xbgr.xm38:sg13g2_hv_nmos_psp_rf pspnqs103va type=+1 level=103.60  ...
Unknown model type pspnqs103va - ignored

Warning: Model issue on line 809 :
  .model xbgr.xm38:sg13g2_hv_pmos_psp_rf pspnqs103va type=-1 level=103.60  ...
Unknown model type pspnqs103va - ignored

Warning: Model issue on line 788 :
  .model xbgr.xm39:sg13g2_hv_nmos_psp_rf pspnqs103va type=+1 level=103.60  ...
Unknown model type pspnqs103va - ignored

Warning: Model issue on line 809 :
  .model xbgr.xm39:sg13g2_hv_pmos_psp_rf pspnqs103va type=-1 level=103.60  ...
Unknown model type pspnqs103va - ignored

Warning: Model issue on line 788 :
  .model xbgr.xm40:sg13g2_hv_nmos_psp_rf pspnqs103va type=+1 level=103.60  ...
Unknown model type pspnqs103va - ignored

Warning: Model issue on line 809 :
  .model xbgr.xm40:sg13g2_hv_pmos_psp_rf pspnqs103va type=-1 level=103.60  ...
Unknown model type pspnqs103va - ignored

Warning: Model issue on line 788 :
  .model xbgr.xm41:sg13g2_hv_nmos_psp_rf pspnqs103va type=+1 level=103.60  ...
Unknown model type pspnqs103va - ignored

Warning: Model issue on line 809 :
  .model xbgr.xm41:sg13g2_hv_pmos_psp_rf pspnqs103va type=-1 level=103.60  ...
Unknown model type pspnqs103va - ignored

Warning: Model issue on line 788 :
  .model xbgr.xm42:sg13g2_hv_nmos_psp_rf pspnqs103va type=+1 level=103.60  ...
Unknown model type pspnqs103va - ignored

Warning: Model issue on line 809 :
  .model xbgr.xm42:sg13g2_hv_pmos_psp_rf pspnqs103va type=-1 level=103.60  ...
Unknown model type pspnqs103va - ignored

Warning: Model issue on line 788 :
  .model xbgr.xm43:sg13g2_hv_nmos_psp_rf pspnqs103va type=+1 level=103.60  ...
Unknown model type pspnqs103va - ignored

Warning: Model issue on line 809 :
  .model xbgr.xm43:sg13g2_hv_pmos_psp_rf pspnqs103va type=-1 level=103.60  ...
Unknown model type pspnqs103va - ignored

Warning: Model issue on line 788 :
  .model xbgr.xm44:sg13g2_hv_nmos_psp_rf pspnqs103va type=+1 level=103.60  ...
Unknown model type pspnqs103va - ignored

Warning: Model issue on line 809 :
  .model xbgr.xm44:sg13g2_hv_pmos_psp_rf pspnqs103va type=-1 level=103.60  ...
Unknown model type pspnqs103va - ignored

Warning: Model issue on line 788 :
  .model xbgr.xm45:sg13g2_hv_nmos_psp_rf pspnqs103va type=+1 level=103.60  ...
Unknown model type pspnqs103va - ignored

Warning: Model issue on line 809 :
  .model xbgr.xm45:sg13g2_hv_pmos_psp_rf pspnqs103va type=-1 level=103.60  ...
Unknown model type pspnqs103va - ignored

Warning: Model issue on line 788 :
  .model xbgr.xm46:sg13g2_hv_nmos_psp_rf pspnqs103va type=+1 level=103.60  ...
Unknown model type pspnqs103va - ignored

Warning: Model issue on line 809 :
  .model xbgr.xm46:sg13g2_hv_pmos_psp_rf pspnqs103va type=-1 level=103.60  ...
Unknown model type pspnqs103va - ignored

Warning: Model issue on line 788 :
  .model xbgr.xm47:sg13g2_hv_nmos_psp_rf pspnqs103va type=+1 level=103.60  ...
Unknown model type pspnqs103va - ignored

Warning: Model issue on line 809 :
  .model xbgr.xm47:sg13g2_hv_pmos_psp_rf pspnqs103va type=-1 level=103.60  ...
Unknown model type pspnqs103va - ignored

Warning: Model issue on line 788 :
  .model xbgr.xm48:sg13g2_hv_nmos_psp_rf pspnqs103va type=+1 level=103.60  ...
Unknown model type pspnqs103va - ignored

Warning: Model issue on line 809 :
  .model xbgr.xm48:sg13g2_hv_pmos_psp_rf pspnqs103va type=-1 level=103.60  ...
Unknown model type pspnqs103va - ignored

Warning: Model issue on line 788 :
  .model xbgr.xm49:sg13g2_hv_nmos_psp_rf pspnqs103va type=+1 level=103.60  ...
Unknown model type pspnqs103va - ignored

Warning: Model issue on line 809 :
  .model xbgr.xm49:sg13g2_hv_pmos_psp_rf pspnqs103va type=-1 level=103.60  ...
Unknown model type pspnqs103va - ignored

Warning: Model issue on line 788 :
  .model xbgr.xm50:sg13g2_hv_nmos_psp_rf pspnqs103va type=+1 level=103.60  ...
Unknown model type pspnqs103va - ignored

Warning: Model issue on line 809 :
  .model xbgr.xm50:sg13g2_hv_pmos_psp_rf pspnqs103va type=-1 level=103.60  ...
Unknown model type pspnqs103va - ignored

Warning: Model issue on line 788 :
  .model xbgr.xm51:sg13g2_hv_nmos_psp_rf pspnqs103va type=+1 level=103.60  ...
Unknown model type pspnqs103va - ignored

Warning: Model issue on line 809 :
  .model xbgr.xm51:sg13g2_hv_pmos_psp_rf pspnqs103va type=-1 level=103.60  ...
Unknown model type pspnqs103va - ignored

Warning: Model issue on line 788 :
  .model xbgr.xm52:sg13g2_hv_nmos_psp_rf pspnqs103va type=+1 level=103.60  ...
Unknown model type pspnqs103va - ignored

Warning: Model issue on line 809 :
  .model xbgr.xm52:sg13g2_hv_pmos_psp_rf pspnqs103va type=-1 level=103.60  ...
Unknown model type pspnqs103va - ignored

Warning: Model issue on line 788 :
  .model xbgr.xm53:sg13g2_hv_nmos_psp_rf pspnqs103va type=+1 level=103.60  ...
Unknown model type pspnqs103va - ignored

Warning: Model issue on line 809 :
  .model xbgr.xm53:sg13g2_hv_pmos_psp_rf pspnqs103va type=-1 level=103.60  ...
Unknown model type pspnqs103va - ignored

Warning: Model issue on line 788 :
  .model xbgr.xm54:sg13g2_hv_nmos_psp_rf pspnqs103va type=+1 level=103.60  ...
Unknown model type pspnqs103va - ignored

Warning: Model issue on line 809 :
  .model xbgr.xm54:sg13g2_hv_pmos_psp_rf pspnqs103va type=-1 level=103.60  ...
Unknown model type pspnqs103va - ignored

Warning: Model issue on line 679 :
  .model xt2f.xm1:sg13g2_hv_nmos_psp_rf pspnqs103va type=+1 level=103.60 t ...
Unknown model type pspnqs103va - ignored

Warning: Model issue on line 700 :
  .model xt2f.xm1:sg13g2_hv_pmos_psp_rf pspnqs103va type=-1 level=103.60 t ...
Unknown model type pspnqs103va - ignored

Warning: Model issue on line 679 :
  .model xt2f.xm2:sg13g2_hv_nmos_psp_rf pspnqs103va type=+1 level=103.60 t ...
Unknown model type pspnqs103va - ignored

Warning: Model issue on line 700 :
  .model xt2f.xm2:sg13g2_hv_pmos_psp_rf pspnqs103va type=-1 level=103.60 t ...
Unknown model type pspnqs103va - ignored

Warning: Model issue on line 679 :
  .model xt2f.xm13:sg13g2_hv_nmos_psp_rf pspnqs103va type=+1 level=103.60  ...
Unknown model type pspnqs103va - ignored

Warning: Model issue on line 700 :
  .model xt2f.xm13:sg13g2_hv_pmos_psp_rf pspnqs103va type=-1 level=103.60  ...
Unknown model type pspnqs103va - ignored

Warning: Model issue on line 679 :
  .model xt2f.xm14:sg13g2_hv_nmos_psp_rf pspnqs103va type=+1 level=103.60  ...
Unknown model type pspnqs103va - ignored

Warning: Model issue on line 700 :
  .model xt2f.xm14:sg13g2_hv_pmos_psp_rf pspnqs103va type=-1 level=103.60  ...
Unknown model type pspnqs103va - ignored

Warning: Model issue on line 890 :
  .model xt2f.xm15:sg13g2_lv_nmos_psp_rf pspnqs103va type=+1 level=103.60  ...
Unknown model type pspnqs103va - ignored

Warning: Model issue on line 912 :
  .model xt2f.xm15:sg13g2_lv_pmos_psp_rf pspnqs103va type=-1 level=103.60  ...
Unknown model type pspnqs103va - ignored

Warning: Model issue on line 914 :
  .model xt2f.xm15:nmoscl_psp_rf pspnqs103va type=+1 tr=27.0 dta=0.0 swgeo ...
Unknown model type pspnqs103va - ignored

Warning: Model issue on line 779 :
  .model xt2f.xm16:sg13g2_lv_nmos_psp_rf pspnqs103va type=+1 level=103.60  ...
Unknown model type pspnqs103va - ignored

Warning: Model issue on line 801 :
  .model xt2f.xm16:sg13g2_lv_pmos_psp_rf pspnqs103va type=-1 level=103.60  ...
Unknown model type pspnqs103va - ignored

Warning: Model issue on line 803 :
  .model xt2f.xm16:nmoscl_psp_rf pspnqs103va type=+1 tr=27.0 dta=0.0 swgeo ...
Unknown model type pspnqs103va - ignored

Warning: Model issue on line 779 :
  .model xt2f.xm17:sg13g2_lv_nmos_psp_rf pspnqs103va type=+1 level=103.60  ...
Unknown model type pspnqs103va - ignored

Warning: Model issue on line 801 :
  .model xt2f.xm17:sg13g2_lv_pmos_psp_rf pspnqs103va type=-1 level=103.60  ...
Unknown model type pspnqs103va - ignored

Warning: Model issue on line 803 :
  .model xt2f.xm17:nmoscl_psp_rf pspnqs103va type=+1 tr=27.0 dta=0.0 swgeo ...
Unknown model type pspnqs103va - ignored

Warning: Model issue on line 890 :
  .model xt2f.xm18:sg13g2_lv_nmos_psp_rf pspnqs103va type=+1 level=103.60  ...
Unknown model type pspnqs103va - ignored

Warning: Model issue on line 912 :
  .model xt2f.xm18:sg13g2_lv_pmos_psp_rf pspnqs103va type=-1 level=103.60  ...
Unknown model type pspnqs103va - ignored

Warning: Model issue on line 914 :
  .model xt2f.xm18:nmoscl_psp_rf pspnqs103va type=+1 tr=27.0 dta=0.0 swgeo ...
Unknown model type pspnqs103va - ignored

Warning: Model issue on line 890 :
  .model xt2f.xm19:sg13g2_lv_nmos_psp_rf pspnqs103va type=+1 level=103.60  ...
Unknown model type pspnqs103va - ignored

Warning: Model issue on line 912 :
  .model xt2f.xm19:sg13g2_lv_pmos_psp_rf pspnqs103va type=-1 level=103.60  ...
Unknown model type pspnqs103va - ignored

Warning: Model issue on line 914 :
  .model xt2f.xm19:nmoscl_psp_rf pspnqs103va type=+1 tr=27.0 dta=0.0 swgeo ...
Unknown model type pspnqs103va - ignored

Warning: Model issue on line 788 :
  .model xt2f.xm20:sg13g2_hv_nmos_psp_rf pspnqs103va type=+1 level=103.60  ...
Unknown model type pspnqs103va - ignored

Warning: Model issue on line 809 :
  .model xt2f.xm20:sg13g2_hv_pmos_psp_rf pspnqs103va type=-1 level=103.60  ...
Unknown model type pspnqs103va - ignored

Warning: Model issue on line 788 :
  .model xt2f.xm21:sg13g2_hv_nmos_psp_rf pspnqs103va type=+1 level=103.60  ...
Unknown model type pspnqs103va - ignored

Warning: Model issue on line 809 :
  .model xt2f.xm21:sg13g2_hv_pmos_psp_rf pspnqs103va type=-1 level=103.60  ...
Unknown model type pspnqs103va - ignored

Warning: Model issue on line 788 :
  .model xt2f.xm22:sg13g2_hv_nmos_psp_rf pspnqs103va type=+1 level=103.60  ...
Unknown model type pspnqs103va - ignored

Warning: Model issue on line 809 :
  .model xt2f.xm22:sg13g2_hv_pmos_psp_rf pspnqs103va type=-1 level=103.60  ...
Unknown model type pspnqs103va - ignored

Warning: Model issue on line 679 :
  .model xt2f.xm23:sg13g2_hv_nmos_psp_rf pspnqs103va type=+1 level=103.60  ...
Unknown model type pspnqs103va - ignored

Warning: Model issue on line 700 :
  .model xt2f.xm23:sg13g2_hv_pmos_psp_rf pspnqs103va type=-1 level=103.60  ...
Unknown model type pspnqs103va - ignored

Warning: Model issue on line 679 :
  .model xt2f.xm24:sg13g2_hv_nmos_psp_rf pspnqs103va type=+1 level=103.60  ...
Unknown model type pspnqs103va - ignored

Warning: Model issue on line 700 :
  .model xt2f.xm24:sg13g2_hv_pmos_psp_rf pspnqs103va type=-1 level=103.60  ...
Unknown model type pspnqs103va - ignored

Warning: Model issue on line 679 :
  .model xt2f.xm25:sg13g2_hv_nmos_psp_rf pspnqs103va type=+1 level=103.60  ...
Unknown model type pspnqs103va - ignored

Warning: Model issue on line 700 :
  .model xt2f.xm25:sg13g2_hv_pmos_psp_rf pspnqs103va type=-1 level=103.60  ...
Unknown model type pspnqs103va - ignored

Warning: Model issue on line 788 :
  .model xt2f.xm26:sg13g2_hv_nmos_psp_rf pspnqs103va type=+1 level=103.60  ...
Unknown model type pspnqs103va - ignored

Warning: Model issue on line 809 :
  .model xt2f.xm26:sg13g2_hv_pmos_psp_rf pspnqs103va type=-1 level=103.60  ...
Unknown model type pspnqs103va - ignored

Warning: Model issue on line 788 :
  .model xt2f.xm27:sg13g2_hv_nmos_psp_rf pspnqs103va type=+1 level=103.60  ...
Unknown model type pspnqs103va - ignored

Warning: Model issue on line 809 :
  .model xt2f.xm27:sg13g2_hv_pmos_psp_rf pspnqs103va type=-1 level=103.60  ...
Unknown model type pspnqs103va - ignored

Warning: Model issue on line 788 :
  .model xt2f.xm28:sg13g2_hv_nmos_psp_rf pspnqs103va type=+1 level=103.60  ...
Unknown model type pspnqs103va - ignored

Warning: Model issue on line 809 :
  .model xt2f.xm28:sg13g2_hv_pmos_psp_rf pspnqs103va type=-1 level=103.60  ...
Unknown model type pspnqs103va - ignored

Warning: Model issue on line 788 :
  .model xt2f.xm29:sg13g2_hv_nmos_psp_rf pspnqs103va type=+1 level=103.60  ...
Unknown model type pspnqs103va - ignored

Warning: Model issue on line 809 :
  .model xt2f.xm29:sg13g2_hv_pmos_psp_rf pspnqs103va type=-1 level=103.60  ...
Unknown model type pspnqs103va - ignored

Warning: Model issue on line 788 :
  .model xt2f.xm30:sg13g2_hv_nmos_psp_rf pspnqs103va type=+1 level=103.60  ...
Unknown model type pspnqs103va - ignored

Warning: Model issue on line 809 :
  .model xt2f.xm30:sg13g2_hv_pmos_psp_rf pspnqs103va type=-1 level=103.60  ...
Unknown model type pspnqs103va - ignored

Warning: Model issue on line 788 :
  .model xt2f.xm31:sg13g2_hv_nmos_psp_rf pspnqs103va type=+1 level=103.60  ...
Unknown model type pspnqs103va - ignored

Warning: Model issue on line 809 :
  .model xt2f.xm31:sg13g2_hv_pmos_psp_rf pspnqs103va type=-1 level=103.60  ...
Unknown model type pspnqs103va - ignored

Warning: Model issue on line 788 :
  .model xt2f.xm32:sg13g2_hv_nmos_psp_rf pspnqs103va type=+1 level=103.60  ...
Unknown model type pspnqs103va - ignored

Warning: Model issue on line 809 :
  .model xt2f.xm32:sg13g2_hv_pmos_psp_rf pspnqs103va type=-1 level=103.60  ...
Unknown model type pspnqs103va - ignored

Warning: Model issue on line 788 :
  .model xt2f.xm33:sg13g2_hv_nmos_psp_rf pspnqs103va type=+1 level=103.60  ...
Unknown model type pspnqs103va - ignored

Warning: Model issue on line 809 :
  .model xt2f.xm33:sg13g2_hv_pmos_psp_rf pspnqs103va type=-1 level=103.60  ...
Unknown model type pspnqs103va - ignored

Warning: Model issue on line 788 :
  .model xt2f.xm34:sg13g2_hv_nmos_psp_rf pspnqs103va type=+1 level=103.60  ...
Unknown model type pspnqs103va - ignored

Warning: Model issue on line 809 :
  .model xt2f.xm34:sg13g2_hv_pmos_psp_rf pspnqs103va type=-1 level=103.60  ...
Unknown model type pspnqs103va - ignored

Warning: Model issue on line 788 :
  .model xt2f.xm35:sg13g2_hv_nmos_psp_rf pspnqs103va type=+1 level=103.60  ...
Unknown model type pspnqs103va - ignored

Warning: Model issue on line 809 :
  .model xt2f.xm35:sg13g2_hv_pmos_psp_rf pspnqs103va type=-1 level=103.60  ...
Unknown model type pspnqs103va - ignored

Warning: Model issue on line 679 :
  .model xt2f.xm36:sg13g2_hv_nmos_psp_rf pspnqs103va type=+1 level=103.60  ...
Unknown model type pspnqs103va - ignored

Warning: Model issue on line 700 :
  .model xt2f.xm36:sg13g2_hv_pmos_psp_rf pspnqs103va type=-1 level=103.60  ...
Unknown model type pspnqs103va - ignored

Warning: Model issue on line 679 :
  .model xt2f.xm37:sg13g2_hv_nmos_psp_rf pspnqs103va type=+1 level=103.60  ...
Unknown model type pspnqs103va - ignored

Warning: Model issue on line 700 :
  .model xt2f.xm37:sg13g2_hv_pmos_psp_rf pspnqs103va type=-1 level=103.60  ...
Unknown model type pspnqs103va - ignored

Warning: Model issue on line 679 :
  .model xt2f.xm38:sg13g2_hv_nmos_psp_rf pspnqs103va type=+1 level=103.60  ...
Unknown model type pspnqs103va - ignored

Warning: Model issue on line 700 :
  .model xt2f.xm38:sg13g2_hv_pmos_psp_rf pspnqs103va type=-1 level=103.60  ...
Unknown model type pspnqs103va - ignored

Warning: Model issue on line 679 :
  .model xt2f.xm39:sg13g2_hv_nmos_psp_rf pspnqs103va type=+1 level=103.60  ...
Unknown model type pspnqs103va - ignored

Warning: Model issue on line 700 :
  .model xt2f.xm39:sg13g2_hv_pmos_psp_rf pspnqs103va type=-1 level=103.60  ...
Unknown model type pspnqs103va - ignored

Warning: Model issue on line 788 :
  .model xt2f.xm46:sg13g2_hv_nmos_psp_rf pspnqs103va type=+1 level=103.60  ...
Unknown model type pspnqs103va - ignored

Warning: Model issue on line 809 :
  .model xt2f.xm46:sg13g2_hv_pmos_psp_rf pspnqs103va type=-1 level=103.60  ...
Unknown model type pspnqs103va - ignored

Warning: Model issue on line 788 :
  .model xt2f.xm47:sg13g2_hv_nmos_psp_rf pspnqs103va type=+1 level=103.60  ...
Unknown model type pspnqs103va - ignored

Warning: Model issue on line 809 :
  .model xt2f.xm47:sg13g2_hv_pmos_psp_rf pspnqs103va type=-1 level=103.60  ...
Unknown model type pspnqs103va - ignored

Warning: Model issue on line 788 :
  .model xt2f.xm48:sg13g2_hv_nmos_psp_rf pspnqs103va type=+1 level=103.60  ...
Unknown model type pspnqs103va - ignored

Warning: Model issue on line 809 :
  .model xt2f.xm48:sg13g2_hv_pmos_psp_rf pspnqs103va type=-1 level=103.60  ...
Unknown model type pspnqs103va - ignored

Warning: Model issue on line 788 :
  .model xt2f.xm49:sg13g2_hv_nmos_psp_rf pspnqs103va type=+1 level=103.60  ...
Unknown model type pspnqs103va - ignored

Warning: Model issue on line 809 :
  .model xt2f.xm49:sg13g2_hv_pmos_psp_rf pspnqs103va type=-1 level=103.60  ...
Unknown model type pspnqs103va - ignored

Warning: Model issue on line 679 :
  .model xt2f.xm50:sg13g2_hv_nmos_psp_rf pspnqs103va type=+1 level=103.60  ...
Unknown model type pspnqs103va - ignored

Warning: Model issue on line 700 :
  .model xt2f.xm50:sg13g2_hv_pmos_psp_rf pspnqs103va type=-1 level=103.60  ...
Unknown model type pspnqs103va - ignored

Warning: Model issue on line 679 :
  .model xt2f.xm51:sg13g2_hv_nmos_psp_rf pspnqs103va type=+1 level=103.60  ...
Unknown model type pspnqs103va - ignored

Warning: Model issue on line 700 :
  .model xt2f.xm51:sg13g2_hv_pmos_psp_rf pspnqs103va type=-1 level=103.60  ...
Unknown model type pspnqs103va - ignored

Warning: Model issue on line 679 :
  .model xt2f.xm52:sg13g2_hv_nmos_psp_rf pspnqs103va type=+1 level=103.60  ...
Unknown model type pspnqs103va - ignored

Warning: Model issue on line 700 :
  .model xt2f.xm52:sg13g2_hv_pmos_psp_rf pspnqs103va type=-1 level=103.60  ...
Unknown model type pspnqs103va - ignored

Warning: Model issue on line 679 :
  .model xt2f.xm53:sg13g2_hv_nmos_psp_rf pspnqs103va type=+1 level=103.60  ...
Unknown model type pspnqs103va - ignored

Warning: Model issue on line 700 :
  .model xt2f.xm53:sg13g2_hv_pmos_psp_rf pspnqs103va type=-1 level=103.60  ...
Unknown model type pspnqs103va - ignored

Warning: Model issue on line 679 :
  .model xt2f.xm54:sg13g2_hv_nmos_psp_rf pspnqs103va type=+1 level=103.60  ...
Unknown model type pspnqs103va - ignored

Warning: Model issue on line 700 :
  .model xt2f.xm54:sg13g2_hv_pmos_psp_rf pspnqs103va type=-1 level=103.60  ...
Unknown model type pspnqs103va - ignored

Warning: Model issue on line 679 :
  .model xt2f.xm55:sg13g2_hv_nmos_psp_rf pspnqs103va type=+1 level=103.60  ...
Unknown model type pspnqs103va - ignored

Warning: Model issue on line 700 :
  .model xt2f.xm55:sg13g2_hv_pmos_psp_rf pspnqs103va type=-1 level=103.60  ...
Unknown model type pspnqs103va - ignored

Warning: Model issue on line 679 :
  .model xt2f.xm56:sg13g2_hv_nmos_psp_rf pspnqs103va type=+1 level=103.60  ...
Unknown model type pspnqs103va - ignored

Warning: Model issue on line 700 :
  .model xt2f.xm56:sg13g2_hv_pmos_psp_rf pspnqs103va type=-1 level=103.60  ...
Unknown model type pspnqs103va - ignored

Warning: Model issue on line 679 :
  .model xt2f.xm57:sg13g2_hv_nmos_psp_rf pspnqs103va type=+1 level=103.60  ...
Unknown model type pspnqs103va - ignored

Warning: Model issue on line 700 :
  .model xt2f.xm57:sg13g2_hv_pmos_psp_rf pspnqs103va type=-1 level=103.60  ...
Unknown model type pspnqs103va - ignored

Warning: Model issue on line 679 :
  .model xt2f.xm58:sg13g2_hv_nmos_psp_rf pspnqs103va type=+1 level=103.60  ...
Unknown model type pspnqs103va - ignored

Warning: Model issue on line 700 :
  .model xt2f.xm58:sg13g2_hv_pmos_psp_rf pspnqs103va type=-1 level=103.60  ...
Unknown model type pspnqs103va - ignored

Warning: Model issue on line 679 :
  .model xt2f.xm59:sg13g2_hv_nmos_psp_rf pspnqs103va type=+1 level=103.60  ...
Unknown model type pspnqs103va - ignored

Warning: Model issue on line 700 :
  .model xt2f.xm59:sg13g2_hv_pmos_psp_rf pspnqs103va type=-1 level=103.60  ...
Unknown model type pspnqs103va - ignored

Warning: Model issue on line 679 :
  .model xt2f.xm60:sg13g2_hv_nmos_psp_rf pspnqs103va type=+1 level=103.60  ...
Unknown model type pspnqs103va - ignored

Warning: Model issue on line 700 :
  .model xt2f.xm60:sg13g2_hv_pmos_psp_rf pspnqs103va type=-1 level=103.60  ...
Unknown model type pspnqs103va - ignored

Warning: Model issue on line 679 :
  .model xt2f.xm61:sg13g2_hv_nmos_psp_rf pspnqs103va type=+1 level=103.60  ...
Unknown model type pspnqs103va - ignored

Warning: Model issue on line 700 :
  .model xt2f.xm61:sg13g2_hv_pmos_psp_rf pspnqs103va type=-1 level=103.60  ...
Unknown model type pspnqs103va - ignored

Warning: Model issue on line 679 :
  .model xt2f.xm62:sg13g2_hv_nmos_psp_rf pspnqs103va type=+1 level=103.60  ...
Unknown model type pspnqs103va - ignored

Warning: Model issue on line 700 :
  .model xt2f.xm62:sg13g2_hv_pmos_psp_rf pspnqs103va type=-1 level=103.60  ...
Unknown model type pspnqs103va - ignored

Warning: Model issue on line 679 :
  .model xt2f.xm63:sg13g2_hv_nmos_psp_rf pspnqs103va type=+1 level=103.60  ...
Unknown model type pspnqs103va - ignored

Warning: Model issue on line 700 :
  .model xt2f.xm63:sg13g2_hv_pmos_psp_rf pspnqs103va type=-1 level=103.60  ...
Unknown model type pspnqs103va - ignored

Warning: Model issue on line 679 :
  .model xt2f.xm64:sg13g2_hv_nmos_psp_rf pspnqs103va type=+1 level=103.60  ...
Unknown model type pspnqs103va - ignored

Warning: Model issue on line 700 :
  .model xt2f.xm64:sg13g2_hv_pmos_psp_rf pspnqs103va type=-1 level=103.60  ...
Unknown model type pspnqs103va - ignored

Warning: Model issue on line 679 :
  .model xt2f.xm65:sg13g2_hv_nmos_psp_rf pspnqs103va type=+1 level=103.60  ...
Unknown model type pspnqs103va - ignored

Warning: Model issue on line 700 :
  .model xt2f.xm65:sg13g2_hv_pmos_psp_rf pspnqs103va type=-1 level=103.60  ...
Unknown model type pspnqs103va - ignored

Warning: Model issue on line 679 :
  .model xt2f.xm66:sg13g2_hv_nmos_psp_rf pspnqs103va type=+1 level=103.60  ...
Unknown model type pspnqs103va - ignored

Warning: Model issue on line 700 :
  .model xt2f.xm66:sg13g2_hv_pmos_psp_rf pspnqs103va type=-1 level=103.60  ...
Unknown model type pspnqs103va - ignored

Warning: Model issue on line 679 :
  .model xt2f.xm67:sg13g2_hv_nmos_psp_rf pspnqs103va type=+1 level=103.60  ...
Unknown model type pspnqs103va - ignored

Warning: Model issue on line 700 :
  .model xt2f.xm67:sg13g2_hv_pmos_psp_rf pspnqs103va type=-1 level=103.60  ...
Unknown model type pspnqs103va - ignored

Warning: Model issue on line 679 :
  .model xt2f.xm68:sg13g2_hv_nmos_psp_rf pspnqs103va type=+1 level=103.60  ...
Unknown model type pspnqs103va - ignored

Warning: Model issue on line 700 :
  .model xt2f.xm68:sg13g2_hv_pmos_psp_rf pspnqs103va type=-1 level=103.60  ...
Unknown model type pspnqs103va - ignored

Warning: Model issue on line 679 :
  .model xt2f.xm69:sg13g2_hv_nmos_psp_rf pspnqs103va type=+1 level=103.60  ...
Unknown model type pspnqs103va - ignored

Warning: Model issue on line 700 :
  .model xt2f.xm69:sg13g2_hv_pmos_psp_rf pspnqs103va type=-1 level=103.60  ...
Unknown model type pspnqs103va - ignored

Warning: Model issue on line 679 :
  .model xt2f.xm70:sg13g2_hv_nmos_psp_rf pspnqs103va type=+1 level=103.60  ...
Unknown model type pspnqs103va - ignored

Warning: Model issue on line 700 :
  .model xt2f.xm70:sg13g2_hv_pmos_psp_rf pspnqs103va type=-1 level=103.60  ...
Unknown model type pspnqs103va - ignored

Warning: Model issue on line 679 :
  .model xt2f.xm71:sg13g2_hv_nmos_psp_rf pspnqs103va type=+1 level=103.60  ...
Unknown model type pspnqs103va - ignored

Warning: Model issue on line 700 :
  .model xt2f.xm71:sg13g2_hv_pmos_psp_rf pspnqs103va type=-1 level=103.60  ...
Unknown model type pspnqs103va - ignored

Warning: Model issue on line 679 :
  .model xt2f.xm72:sg13g2_hv_nmos_psp_rf pspnqs103va type=+1 level=103.60  ...
Unknown model type pspnqs103va - ignored

Warning: Model issue on line 700 :
  .model xt2f.xm72:sg13g2_hv_pmos_psp_rf pspnqs103va type=-1 level=103.60  ...
Unknown model type pspnqs103va - ignored

Warning: Model issue on line 679 :
  .model xt2f.xm73:sg13g2_hv_nmos_psp_rf pspnqs103va type=+1 level=103.60  ...
Unknown model type pspnqs103va - ignored

Warning: Model issue on line 700 :
  .model xt2f.xm73:sg13g2_hv_pmos_psp_rf pspnqs103va type=-1 level=103.60  ...
Unknown model type pspnqs103va - ignored

Warning: Model issue on line 679 :
  .model xt2f.xm74:sg13g2_hv_nmos_psp_rf pspnqs103va type=+1 level=103.60  ...
Unknown model type pspnqs103va - ignored

Warning: Model issue on line 700 :
  .model xt2f.xm74:sg13g2_hv_pmos_psp_rf pspnqs103va type=-1 level=103.60  ...
Unknown model type pspnqs103va - ignored

Warning: Model issue on line 679 :
  .model xt2f.xm75:sg13g2_hv_nmos_psp_rf pspnqs103va type=+1 level=103.60  ...
Unknown model type pspnqs103va - ignored

Warning: Model issue on line 700 :
  .model xt2f.xm75:sg13g2_hv_pmos_psp_rf pspnqs103va type=-1 level=103.60  ...
Unknown model type pspnqs103va - ignored

Warning: Model issue on line 679 :
  .model xt2f.xm76:sg13g2_hv_nmos_psp_rf pspnqs103va type=+1 level=103.60  ...
Unknown model type pspnqs103va - ignored

Warning: Model issue on line 700 :
  .model xt2f.xm76:sg13g2_hv_pmos_psp_rf pspnqs103va type=-1 level=103.60  ...
Unknown model type pspnqs103va - ignored

Warning: Model issue on line 788 :
  .model xt2f.xm77:sg13g2_hv_nmos_psp_rf pspnqs103va type=+1 level=103.60  ...
Unknown model type pspnqs103va - ignored

Warning: Model issue on line 809 :
  .model xt2f.xm77:sg13g2_hv_pmos_psp_rf pspnqs103va type=-1 level=103.60  ...
Unknown model type pspnqs103va - ignored

Warning: Model issue on line 788 :
  .model xt2f.xm78:sg13g2_hv_nmos_psp_rf pspnqs103va type=+1 level=103.60  ...
Unknown model type pspnqs103va - ignored

Warning: Model issue on line 809 :
  .model xt2f.xm78:sg13g2_hv_pmos_psp_rf pspnqs103va type=-1 level=103.60  ...
Unknown model type pspnqs103va - ignored

Warning: Model issue on line 788 :
  .model xt2f.xm79:sg13g2_hv_nmos_psp_rf pspnqs103va type=+1 level=103.60  ...
Unknown model type pspnqs103va - ignored

Warning: Model issue on line 809 :
  .model xt2f.xm79:sg13g2_hv_pmos_psp_rf pspnqs103va type=-1 level=103.60  ...
Unknown model type pspnqs103va - ignored

Warning: Model issue on line 788 :
  .model xt2f.xm80:sg13g2_hv_nmos_psp_rf pspnqs103va type=+1 level=103.60  ...
Unknown model type pspnqs103va - ignored

Warning: Model issue on line 809 :
  .model xt2f.xm80:sg13g2_hv_pmos_psp_rf pspnqs103va type=-1 level=103.60  ...
Unknown model type pspnqs103va - ignored

Warning: Model issue on line 788 :
  .model xt2f.xm81:sg13g2_hv_nmos_psp_rf pspnqs103va type=+1 level=103.60  ...
Unknown model type pspnqs103va - ignored

Warning: Model issue on line 809 :
  .model xt2f.xm81:sg13g2_hv_pmos_psp_rf pspnqs103va type=-1 level=103.60  ...
Unknown model type pspnqs103va - ignored

Warning: Model issue on line 788 :
  .model xt2f.xm82:sg13g2_hv_nmos_psp_rf pspnqs103va type=+1 level=103.60  ...
Unknown model type pspnqs103va - ignored

Warning: Model issue on line 809 :
  .model xt2f.xm82:sg13g2_hv_pmos_psp_rf pspnqs103va type=-1 level=103.60  ...
Unknown model type pspnqs103va - ignored

Warning: Model issue on line 788 :
  .model xt2f.xm83:sg13g2_hv_nmos_psp_rf pspnqs103va type=+1 level=103.60  ...
Unknown model type pspnqs103va - ignored

Warning: Model issue on line 809 :
  .model xt2f.xm83:sg13g2_hv_pmos_psp_rf pspnqs103va type=-1 level=103.60  ...
Unknown model type pspnqs103va - ignored

Warning: Model issue on line 788 :
  .model xt2f.xm84:sg13g2_hv_nmos_psp_rf pspnqs103va type=+1 level=103.60  ...
Unknown model type pspnqs103va - ignored

Warning: Model issue on line 809 :
  .model xt2f.xm84:sg13g2_hv_pmos_psp_rf pspnqs103va type=-1 level=103.60  ...
Unknown model type pspnqs103va - ignored

Warning: Model issue on line 788 :
  .model xt2f.xm85:sg13g2_hv_nmos_psp_rf pspnqs103va type=+1 level=103.60  ...
Unknown model type pspnqs103va - ignored

Warning: Model issue on line 809 :
  .model xt2f.xm85:sg13g2_hv_pmos_psp_rf pspnqs103va type=-1 level=103.60  ...
Unknown model type pspnqs103va - ignored

Warning: Model issue on line 788 :
  .model xt2f.xm86:sg13g2_hv_nmos_psp_rf pspnqs103va type=+1 level=103.60  ...
Unknown model type pspnqs103va - ignored

Warning: Model issue on line 809 :
  .model xt2f.xm86:sg13g2_hv_pmos_psp_rf pspnqs103va type=-1 level=103.60  ...
Unknown model type pspnqs103va - ignored

Warning: Model issue on line 788 :
  .model xt2f.xm87:sg13g2_hv_nmos_psp_rf pspnqs103va type=+1 level=103.60  ...
Unknown model type pspnqs103va - ignored

Warning: Model issue on line 809 :
  .model xt2f.xm87:sg13g2_hv_pmos_psp_rf pspnqs103va type=-1 level=103.60  ...
Unknown model type pspnqs103va - ignored

Warning: Model issue on line 788 :
  .model xt2f.xm88:sg13g2_hv_nmos_psp_rf pspnqs103va type=+1 level=103.60  ...
Unknown model type pspnqs103va - ignored

Warning: Model issue on line 809 :
  .model xt2f.xm88:sg13g2_hv_pmos_psp_rf pspnqs103va type=-1 level=103.60  ...
Unknown model type pspnqs103va - ignored

Warning: Model issue on line 788 :
  .model xt2f.xm89:sg13g2_hv_nmos_psp_rf pspnqs103va type=+1 level=103.60  ...
Unknown model type pspnqs103va - ignored

Warning: Model issue on line 809 :
  .model xt2f.xm89:sg13g2_hv_pmos_psp_rf pspnqs103va type=-1 level=103.60  ...
Unknown model type pspnqs103va - ignored

Warning: Model issue on line 788 :
  .model xt2f.xm90:sg13g2_hv_nmos_psp_rf pspnqs103va type=+1 level=103.60  ...
Unknown model type pspnqs103va - ignored

Warning: Model issue on line 809 :
  .model xt2f.xm90:sg13g2_hv_pmos_psp_rf pspnqs103va type=-1 level=103.60  ...
Unknown model type pspnqs103va - ignored

Warning: Model issue on line 890 :
  .model xt2f.xm91:sg13g2_lv_nmos_psp_rf pspnqs103va type=+1 level=103.60  ...
Unknown model type pspnqs103va - ignored

Warning: Model issue on line 912 :
  .model xt2f.xm91:sg13g2_lv_pmos_psp_rf pspnqs103va type=-1 level=103.60  ...
Unknown model type pspnqs103va - ignored

Warning: Model issue on line 914 :
  .model xt2f.xm91:nmoscl_psp_rf pspnqs103va type=+1 tr=27.0 dta=0.0 swgeo ...
Unknown model type pspnqs103va - ignored

Warning: singular matrix:  check nodes xbgr.n_9 and xbgr.n_2

Note: Starting dynamic gmin stepping


The temperature limiting function received NaN.
Please check your power dissipation and improve your heat sink Rth!
    This message will be shown only once.

Note: Dynamic gmin stepping completed
Doing analysis at TEMP = 100.000000 and TNOM = 27.000000

Using SPARSE 1.3 as Direct Linear Solver
 Reference value :  0.00000e+00Warning: singular matrix:  check nodes xbgr.n_9 and xbgr.n_2

Note: Starting dynamic gmin stepping
Note: Dynamic gmin stepping completed

No. of Data Rows : 1
@n.xbgr.xm34.nsg13_hv_nmos[delvto] = 1.588817254146632e-04
@n.xbgr.xr16.nr1[nsmm_rsh] = -7.80821216904743e-01
@q.xbgr.xq56.qnpn13g2[area] = 1.104485514417889e+00
@q.xt2f.xq42.qnpn13g2[area] = 9.190715966619316e-01
@c.xt2f.xc1.c1[scale] = 9.998155436154303e-01
Doing analysis at TEMP = 100.000000 and TNOM = 27.000000

Using SPARSE 1.3 as Direct Linear Solver

Initial Transient Solution
--------------------------

Node                                   Voltage
----                                   -------
sub!                                         0
vdd                                        3.3
vdd12                                      1.2
r4                                           0
en                                           0
mode                                         0
xbgr.n_23                             0.215466
xbgr.xr1.dt                                  0
xbgr.n_12                              3.02859
xbgr.det                               3.24558
xbgr.xr2.dt                                  0
xbgr.n_13                              2.59724
xbgr.n_24                                2.382
xbgr.xr3.dt                                  0
xbgr.n_14                              2.16734
xbgr.xr4.dt                                  0
xbgr.n_26                              1.94919
xbgr.xr5.dt                                  0
xbgr.n_15                               1.7302
xbgr.xr6.dt                                  0
xbgr.n_27                              1.51124
xbgr.xr7.dt                                  0
xbgr.n_16                              1.29624
xbgr.xr8.dt                                  0
xbgr.n_21                              1.07963
xbgr.xr9.dt                                  0
xbgr.n_25                              2.81209
xbgr.xr10.dt                                 0
xbgr.xr11.dt                                 0
xbgr.n_17                              0.86158
xbgr.n_22                             0.646234
xbgr.xr12.dt                                 0
xbgr.n_18                             0.431054
xbgr.xr13.dt                                 0
xbgr.xr14.dt                                 0
xbgr.xr15.dt                                 0
dvbe                                  0.065263
xbgr.xr16.dt                                 0
xbgr.n_7                              0.942761
vref                                   1.00835
xbgr.xr17.dt                                 0
xbgr.n_2                              0.810384
xbgr.n_36                             0.876538
xbgr.xr18.dt                                 0
xbgr.xr19.dt                                 0
xbgr.n_37                             0.744555
xbgr.xr20.dt                                 0
xbgr.n_8                              0.678295
xbgr.xr21.dt                                 0
xbgr.vbe3                             0.612125
xbgr.xr22.dt                                 0
xbgr.n_6                                 1.407
xbgr.vb2                               1.46769
xbgr.xr23.dt                                 0
xbgr.n_9                               1.28564
xbgr.vd1                               1.22497
xbgr.xr24.dt                                 0
xbgr.n_19                              1.34627
xbgr.xr25.dt                                 0
xbgr.xr26.dt                                 0
xbgr.kick                          1.02913e-07
xbgr.r4n                                   3.3
vbe                                   0.608706
xbgr.b1b                           1.01151e-08
pbias                                  2.31283
xbgr.n1                               0.630245
xbgr.c2                               0.697883
pcasc                                  1.67997
xbgr.d1                                2.66729
xbgr.d2                                2.67078
xbgr.d4                                2.66868
xbgr.d5                                2.66739
xbgr.d3                                2.66837
iptat                                        1
xbgr.xq55.s1                                 0
xbgr.xq55.t                                  0
xbgr.xq56.s1                       3.54318e-09
xbgr.xq56.t                          0.0300726
xbgr.xq57.s1                                 0
xbgr.xq57.t                                  0
xbgr.xq58.s1                                 0
xbgr.xq58.t                                  0
xbgr.xq59.s1                                 0
xbgr.xq59.t                                  0
xbgr.xq60.s1                       3.19531e-09
xbgr.xq60.t                           0.033496
xbgr.xq61.s1                                 0
xbgr.xq61.t                                  0
xbgr.vd2                              0.610454
xbgr.xq62.s1                       3.37595e-09
xbgr.xq62.t                          0.0317798
xbgr.xq63.s1                                 0
xbgr.xq63.t                                  0
xbgr.xq64.s1                                 0
xbgr.xq64.t                                  0
xbgr.xq65.s1                                 0
xbgr.xq65.t                                  0
xbgr.xq66.s1                                 0
xbgr.xq66.t                                  0
xbgr.xq67.s1                       2.61026e-09
xbgr.xq67.t                        5.95417e-08
xbgr.xq68.s1                       3.22921e-09
xbgr.xq68.t                         0.00442096
xbgr.xq69.s1                       2.91272e-09
xbgr.xq69.t                         0.00442096
xbgr.xq70.s1                       3.39975e-09
xbgr.xq70.t                         0.00442096
xbgr.xq71.s1                       2.72449e-09
xbgr.xq71.t                         0.00442095
xbgr.xq72.s1                       3.43074e-09
xbgr.xq72.t                         0.00442096
xbgr.xq73.s1                       2.49104e-09
xbgr.xq73.t                         0.00442095
xbgr.xq74.s1                       3.57351e-09
xbgr.xq74.t                         0.00442097
xbgr.xq75.s1                        2.9914e-09
xbgr.xq75.t                           0.036123
xbgr.xq76.s1                       3.43987e-09
xbgr.xq76.t                         0.00442096
xbgr.n_4                               2.24945
xbgr.xr77.dt                                 0
xbgr.n_11                              1.74322
xbgr.n_34                              1.80664
xbgr.xr78.dt                                 0
xbgr.n_10                              1.87008
xbgr.xr79.dt                                 0
xbgr.n_3                               1.99654
xbgr.n_31                              2.05972
xbgr.xr80.dt                                 0
xbgr.n_33                              1.93325
xbgr.xr81.dt                                 0
xbgr.n_5                               2.12308
xbgr.xr82.dt                                 0
xbgr.n_30                              2.18637
xbgr.xr83.dt                                 0
xbgr.xr84.dt                                 0
xbgr.xr85.dt                                 0
xbgr.xr86.dt                                 0
xt2f.vth                               1.00832
xt2f.moden                                 3.3
xt2f.vr                                1.22023
xt2f.n2                                1.09891
xt2f.xr3.dt                                  0
xt2f.n11                              0.121427
xt2f.xr4.dt                                  0
xt2f.n4                               0.977604
xt2f.xr5.dt                                  0
xt2f.n5                               0.855355
xt2f.xr6.dt                                  0
xt2f.n6                               0.734325
xt2f.n7                               0.611697
xt2f.xr7.dt                                  0
xt2f.n8                               0.489128
xt2f.xr8.dt                                  0
xt2f.n9                               0.366173
xt2f.xr9.dt                                  0
xt2f.n10                              0.243924
xt2f.xr10.dt                                 0
xt2f.xr11.dt                                 0
xt2f.xr12.dt                                 0
xt2f.cap1                          1.84104e-08
xt2f.d1g                                   3.3
xt2f.cap2                          1.95941e-08
xt2f.d2g                                   3.3
xt2f.fon                                   1.2
xt2f.lsb                           1.96817e-07
fout                               1.62606e-06
xt2f.lsa                                   1.2
xt2f.qn                                    3.3
xt2f.q                             8.68995e-08
xt2f.rn                                    3.3
xt2f.ni973                            0.042896
xt2f.ni974                              2.7328
xt2f.sn                                    3.3
xt2f.isrc                                  3.3
xt2f.c2                            4.76534e-08
xt2f.c1                            4.44832e-08
xt2f.tail1                            0.370803
xt2f.nbias                            0.663494
xt2f.tail2                            0.378775
xt2f.xq40.s1                                 0
xt2f.xq40.t                                  0
xt2f.xq41.s1                                 0
xt2f.xq41.t                                  0
xt2f.ca1                               1.16666
xt2f.xq42.s1                       2.96717e-09
xt2f.xq42.t                          0.0929704
xt2f.cb2                                1.3749
xt2f.xq43.s1                       3.53598e-09
xt2f.xq43.t                        1.33752e-07
xt2f.ca2                               1.16217
xt2f.xq44.s1                       3.82799e-09
xt2f.xq44.t                          0.0721699
xt2f.cb1                               1.39032
xt2f.xq45.s1                       3.13107e-09
xt2f.xq45.t                        1.35251e-07
xt2f.ob2                                3.2944
xt2f.oa2                               2.29136
xt2f.ob1                               3.29546
xt2f.oa1                               2.29517
xt2f.vcg                               2.22709
xt2f.a                              4.3715e-08
xt2f.ni961                             2.69493
xt2f.ni962                           0.0449059
xt2f.ni960                         4.32679e-08
xt2f.dr                                 2.6657
xt2f.db                                2.66661
xt2f.do                                    3.3
xt2f.xc1.1                         1.84104e-08
xt2f.xc2.1                         1.95941e-08
vload#branch                       4.83392e-06
vmode#branch                                 0
ven#branch                                   0
vr4#branch                                   0
vdd12#branch                       -2.3939e-09
vdd#branch                         -6.5243e-05
vsub#branch                                  0

 Reference value :  4.76400e-07 Reference value :  1.22310e-06 Reference value :  1.48689e-06 Reference value :  1.58011e-06 Reference value :  1.77317e-06 Reference value :  2.04023e-06 Reference value :  2.31354e-06 Reference value :  2.58668e-06 Reference value :  2.86081e-06 Reference value :  3.13551e-06 Reference value :  3.40957e-06 Reference value :  3.68395e-06 Reference value :  3.95647e-06 Reference value :  4.17837e-06 Reference value :  4.26635e-06 Reference value :  4.51277e-06 Reference value :  4.78683e-06 Reference value :  5.05922e-06 Reference value :  5.33423e-06 Reference value :  5.60793e-06 Reference value :  5.88236e-06 Reference value :  6.14984e-06 Reference value :  6.24671e-06 Reference value :  6.43716e-06 Reference value :  6.71085e-06 Reference value :  6.98387e-06 Reference value :  7.25793e-06 Reference value :  7.53252e-06 Reference value :  7.80634e-06 Reference value :  8.08064e-06 Reference value :  8.34811e-06 Reference value :  8.52587e-06 Reference value :  8.65725e-06 Reference value :  8.90948e-06 Reference value :  9.18420e-06 Reference value :  9.45644e-06 Reference value :  9.73138e-06 Reference value :  1.00050e-05 Reference value :  1.02802e-05 Reference value :  1.05530e-05 Reference value :  1.07992e-05 Reference value :  1.09390e-05 Reference value :  1.11131e-05 Reference value :  1.13835e-05 Reference value :  1.16573e-05 Reference value :  1.19301e-05 Reference value :  1.22043e-05 Reference value :  1.24790e-05 Reference value :  1.27528e-05 Reference value :  1.30273e-05 Reference value :  1.32932e-05 Reference value :  1.33716e-05 Reference value :  1.35835e-05 Reference value :  1.38557e-05 Reference value :  1.41290e-05 Reference value :  1.44027e-05 Reference value :  1.46777e-05 Reference value :  1.49514e-05 Reference value :  1.52266e-05 Reference value :  1.55004e-05 Reference value :  1.57716e-05 Reference value :  1.59904e-05 Reference value :  1.60903e-05 Reference value :  1.63358e-05 Reference value :  1.66041e-05 Reference value :  1.68792e-05 Reference value :  1.71531e-05 Reference value :  1.74262e-05 Reference value :  1.77004e-05 Reference value :  1.79752e-05 Reference value :  1.82492e-05 Reference value :  1.85243e-05 Reference value :  1.87981e-05 Reference value :  1.90682e-05 Reference value :  1.92428e-05 Reference value :  1.93571e-05 Reference value :  1.96274e-05 Reference value :  1.99007e-05 Reference value :  2.01744e-05 Reference value :  2.04485e-05 Reference value :  2.07233e-05 Reference value :  2.09971e-05 Reference value :  2.12719e-05 Reference value :  2.15402e-05 Reference value :  2.16813e-05 Reference value :  2.18290e-05 Reference value :  2.21001e-05 Reference value :  2.23751e-05 Reference value :  2.26482e-05 Reference value :  2.29221e-05 Reference value :  2.31960e-05 Reference value :  2.34710e-05 Reference value :  2.37448e-05 Reference value :  2.40176e-05 Reference value :  2.42836e-05 Reference value :  2.44193e-05 Reference value :  2.45772e-05 Reference value :  2.48482e-05 Reference value :  2.51226e-05 Reference value :  2.53952e-05 Reference value :  2.56701e-05 Reference value :  2.59442e-05 Reference value :  2.62191e-05 Reference value :  2.64930e-05 Reference value :  2.67674e-05 Reference value :  2.70361e-05 Reference value :  2.71824e-05 Reference value :  2.73309e-05 Reference value :  2.75960e-05 Reference value :  2.78710e-05 Reference value :  2.81432e-05 Reference value :  2.84181e-05 Reference value :  2.86923e-05 Reference value :  2.89671e-05 Reference value :  2.92410e-05 Reference value :  2.95161e-05 Reference value :  2.97894e-05 Reference value :  3.00629e-05 Reference value :  3.03218e-05 Reference value :  3.04099e-05 Reference value :  3.06213e-05 Reference value :  3.08936e-05 Reference value :  3.11675e-05 Reference value :  3.14405e-05 Reference value :  3.17153e-05 Reference value :  3.19890e-05
No. of Data Rows : 20385
@n.xbgr.xm34.nsg13_hv_nmos[delvto] = 1.588817254146632e-04
@n.xbgr.xr16.nr1[nsmm_rsh] = -7.80821216904743e-01
@q.xbgr.xq56.qnpn13g2[area] = 1.104485514417889e+00
@q.xt2f.xq42.qnpn13g2[area] = 9.190715966619316e-01
@c.xt2f.xc1.c1[scale] = 9.998155436154303e-01
t_a                 =  5.05966e-06
t_b                 =  1.38534e-05
freq = 1.819481506903681e+06
i33_avg             =  -7.41992e-05 from=  5.05966e-06 to=  1.38534e-05
i12_avg             =  -2.96700e-07 from=  5.05966e-06 to=  1.38534e-05
vref_avg            =  1.00844e+00 from=  5.05966e-06 to=  1.38534e-05
vth_avg             =  1.00841e+00 from=  5.05966e-06 to=  1.38534e-05
cap1_max            =  1.06182e+00 at=  7.25733e-06
fout_hi             =  1.21287e+00 at=  6.98332e-06
fout_lo             =  -6.62307e-03 at=  7.80751e-06
t_half_a            =  2.75020e-07 targ=  5.33468e-06 trig=  5.05966e-06
ngspice-47 done
