OpenROAD 26Q1-1024-gdcf36133a 
Features included (+) or not (-): +GPU +GUI +Python
This program is licensed under the BSD-3 license. See the LICENSE file for details.
Components of this program may be licensed under more restrictive licenses which must be honored.
[INFO ORD-0030] Using 1 thread(s).
[INFO] Using clock SCLK…
[INFO] Setting output delay to: 20
[INFO] Setting input delay to: 20
[INFO] Setting load to: 0.006
[INFO] Setting clock uncertainty to: 0.25
[INFO] Setting clock transition to: 0.15
[INFO] Setting timing derate to: 5%
[INFO] Sourcing /work/designs/g1-guardian/blocks/g1_padring/flow/../../g1_ctrl/layout/g1_digital_top.sdc
[WARNING STA-0363] pin 'i_core.u_digital/clkbuf_0_osc_clk/A' not found.
[WARNING STA-0419] transition time can not be specified for virtual clocks.
[WARNING STA-0450] virtual clock osc_clk can not be propagated.
[WARNING GRT-0008] The read_guides command does not allow parasitics estimation from the guides file.
[INFO DRT-0149] Reading tech and libs.
[WARNING DRT-0349] LEF58_ENCLOSURE with no CUTCLASS is not supported. Skipping for layer Cont
[WARNING DRT-0349] LEF58_ENCLOSURE with no CUTCLASS is not supported. Skipping for layer Via1
[WARNING DRT-0349] LEF58_ENCLOSURE with no CUTCLASS is not supported. Skipping for layer Via1
[WARNING DRT-0349] LEF58_ENCLOSURE with no CUTCLASS is not supported. Skipping for layer Via2
[WARNING DRT-0349] LEF58_ENCLOSURE with no CUTCLASS is not supported. Skipping for layer Via3
[WARNING DRT-0349] LEF58_ENCLOSURE with no CUTCLASS is not supported. Skipping for layer Via4
[WARNING DRT-0349] LEF58_ENCLOSURE with no CUTCLASS is not supported. Skipping for layer TopVia1
[WARNING DRT-0349] LEF58_ENCLOSURE with no CUTCLASS is not supported. Skipping for layer TopVia1
[WARNING DRT-0349] LEF58_ENCLOSURE with no CUTCLASS is not supported. Skipping for layer TopVia2
[WARNING DRT-0349] LEF58_ENCLOSURE with no CUTCLASS is not supported. Skipping for layer TopVia2

Units:                1000
Number of layers:     15
Number of macros:     117
Number of vias:       85
Number of viarulegen: 6

[INFO DRT-0150] Reading design.

Design:                   g1_chip_top
Die area:                 ( 0 0 ) ( 1414000 1414000 )
Number of track patterns: 14
Number of DEF vias:       0
Number of components:     4904
Number of terminals:      22
Number of snets:          22
Number of nets:           68

[WARNING DRT-0419] No routing tracks pass through the center of Term i_core.u_ls_en/in
[WARNING DRT-0419] No routing tracks pass through the center of Term i_core.u_ls_mode/in
[WARNING DRT-0419] No routing tracks pass through the center of Term i_core.u_ls_r4/in
[INFO DRT-0167] List of default vias:
  Layer Via2
    default via: Via2_YX
  Layer Via3
    default via: Via3_XY
  Layer Via4
    default via: Via4_YX
  Layer TopVia1
    default via: TopVia1EWNS
  Layer TopVia2
    default via: TopVia2EWNS
[INFO DRT-0162] Library cell analysis.
[INFO DRT-0163] Instance analysis.
[INFO DRT-0164] Number of unique instances = 153.
[INFO DRT-0168] Init region query.
[INFO DRT-0024]   Complete GatPoly.
[INFO DRT-0024]   Complete Cont.
[INFO DRT-0024]   Complete Metal1.
[INFO DRT-0024]   Complete Via1.
[INFO DRT-0024]   Complete Metal2.
[INFO DRT-0024]   Complete Via2.
[INFO DRT-0024]   Complete Metal3.
[INFO DRT-0024]   Complete Via3.
[INFO DRT-0024]   Complete Metal4.
[INFO DRT-0024]   Complete Via4.
[INFO DRT-0024]   Complete Metal5.
[INFO DRT-0024]   Complete TopVia1.
[INFO DRT-0024]   Complete TopMetal1.
[INFO DRT-0024]   Complete TopVia2.
[INFO DRT-0024]   Complete TopMetal2.
[INFO DRT-0033] GatPoly shape region query size = 1.
[INFO DRT-0033] Cont shape region query size = 0.
[INFO DRT-0033] Metal1 shape region query size = 46942.
[INFO DRT-0033] Via1 shape region query size = 140.
[INFO DRT-0033] Metal2 shape region query size = 741.
[INFO DRT-0033] Via2 shape region query size = 140.
[INFO DRT-0033] Metal3 shape region query size = 1357.
[INFO DRT-0033] Via3 shape region query size = 0.
[INFO DRT-0033] Metal4 shape region query size = 1199.
[INFO DRT-0033] Via4 shape region query size = 0.
[INFO DRT-0033] Metal5 shape region query size = 1181.
[INFO DRT-0033] TopVia1 shape region query size = 0.
[INFO DRT-0033] TopMetal1 shape region query size = 1253.
[INFO DRT-0033] TopVia2 shape region query size = 0.
[INFO DRT-0033] TopMetal2 shape region query size = 982.
[INFO DRT-0165] Start pin access.
[ERROR DRT-0073] No access point for i_core.u_bgr/dvbe (g1_bgr).
Error: route.tcl, 18 DRT-0073
