{
  "status": "passed",
  "command": [
    "python3",
    "<repository>/designs/g1-guardian/blocks/g1_bgr/layout/coordinated_return_remedy/extract_metal_r.py",
    "--preparation",
    "<results-root>/bgr-dvbe-metal-prepare-20260923-r1",
    "--output",
    "<results-root>/bgr-metal-r-dvbe-kpex-20260923-r1/result",
    "--mode",
    "full",
    "--scenario",
    "KPEX"
  ],
  "watchdog_s": 600,
  "kill_grace_s": 5,
  "cpu": [
    0
  ],
  "memory_reservation_gib": 16,
  "memory_enforced": false,
  "output_bound_bytes": 2147483648,
  "returncode": 0,
  "wall_s": 4.310715742409229,
  "inputs_unchanged": true,
  "output_bytes": 2899522
}
