{
  "status": "passed conditional metallization preparation",
  "source_insertion": "not run",
  "physical_IR_qualification": "not run",
  "source_devices": 1036,
  "represented_terminal_incidences": 3346,
  "distinct_injection_points": 3355,
  "source_net_count": 55,
  "original_point_positions_sources_currents_identical": true,
  "component_ids_recomputed": true,
  "all_nine_layer_union_XOR_zero": true,
  "unchanged_resistance_scenarios": true,
  "outputs": {
    "metallization.gds": "e1a8752eeb6f4074ad2b28fad4ad76d8c8ff00786def9a1bbf15fdcd4bfc83a0",
    "points.json": "c1974ca02b38be226be58127ec7f7ae508a6dc0b71861ec1e5b48087ac318168",
    "scenarios.json": "2d25aef115c1c243cbd1f851db886507e5a32a1efd31f2e232b111b60d90a88b",
    "omitted_resistor_substrates.json": "4642a74135049e5f1ef5389134433c3f5c8ba98cf658d013e13e1b5bed6b793c"
  },
  "unresolved": "Published geometric pins are not proof of calibrated model deembedding; native spreading, R BN, substrate and historical C landing unresolved",
  "boundaries": "HBT E at unchanged x/y within native published M2 pin; all other original points held"
}
