max slew

Pin                                      Limit      Slew     Slack
------------------------------------------------------------------
pad08_sense_p/pad                       3.5000  200.0000 -196.5000 (VIOLATED)
pad09_sense_n/pad                       3.5000  200.0000 -196.5000 (VIOLATED)
pad13_trip_set/pad                      3.5000  200.0000 -196.5000 (VIOLATED)
pad18_vref/pad                          3.5000  200.0000 -196.5000 (VIOLATED)
pad19_g_shared/pad                      3.5000  200.0000 -196.5000 (VIOLATED)
pad20_d_std/pad                         3.5000  200.0000 -196.5000 (VIOLATED)
pad21_d_elt/pad                         3.5000  200.0000 -196.5000 (VIOLATED)
pad22_hbt_e/pad                         3.5000  200.0000 -196.5000 (VIOLATED)
pad23_hbt_b/pad                         3.5000  200.0000 -196.5000 (VIOLATED)
pad24_hbt_c/pad                         3.5000  200.0000 -196.5000 (VIOLATED)
pad16_sdo/pad                           3.5000   21.3489  -17.8489 (VIOLATED)
pad11_fault_n/pad                       3.5000   21.3359  -17.8359 (VIOLATED)
pad17_temp_out/pad                      3.5000    5.5112   -2.0112 (VIOLATED)

max capacitance

Pin                                      Limit       Cap     Slack
------------------------------------------------------------------
pad11_fault_n/pad                      12.0000   15.1257   -3.1257 (VIOLATED)

pad16_sdo/pad                          12.0000   15.1257   -3.1257 (VIOLATED)

