┏━━━━━━━━━━━━━━━━━━━━━━┳━━━━━━━━━━┳━━━━━━━━━━┳━━━━━━━━━━┳━━━━━━━━━━┳━━━━━━━━━━━┳━━━━━━━━━━┳━━━━━━━━━━━┳━━━━━━━━━━┳━━━━━━━━━━━┳━━━━━━━━━━┳━━━━━━━━━━━┳━━━━━━━━━━┓
┃                      ┃ Hold     ┃ Reg to   ┃          ┃          ┃ of which  ┃ Setup    ┃           ┃          ┃           ┃ of which ┃           ┃          ┃
┃                      ┃ Worst    ┃ Reg      ┃          ┃ Hold Vio ┃ reg to    ┃ Worst    ┃ Reg to    ┃ Setup    ┃ Setup Vio ┃ reg to   ┃ Max Cap   ┃ Max Slew ┃
┃ Corner/Group         ┃ Slack    ┃ Paths    ┃ Hold TNS ┃ Count    ┃ reg       ┃ Slack    ┃ Reg Paths ┃ TNS      ┃ Count     ┃ reg      ┃ Violatio… ┃ Violati… ┃
┡━━━━━━━━━━━━━━━━━━━━━━╇━━━━━━━━━━╇━━━━━━━━━━╇━━━━━━━━━━╇━━━━━━━━━━╇━━━━━━━━━━━╇━━━━━━━━━━╇━━━━━━━━━━━╇━━━━━━━━━━╇━━━━━━━━━━━╇━━━━━━━━━━╇━━━━━━━━━━━╇━━━━━━━━━━┩
│ Overall              │ 0.1060   │ 0.1060   │ 0.0000   │ 0        │ 0         │ 26.0555  │ 47.7053   │ 0.0000   │ 0         │ 0        │ 0         │ 12       │
│ nom_fast_1p32V_m40C  │ 0.1060   │ 0.1060   │ 0.0000   │ 0        │ 0         │ 28.1483  │ 48.7710   │ 0.0000   │ 0         │ 0        │ 0         │ 12       │
│ nom_slow_1p08V_125C  │ 0.3261   │ 0.3261   │ 0.0000   │ 0        │ 0         │ 26.0555  │ 47.7053   │ 0.0000   │ 0         │ 0        │ 0         │ 12       │
│ nom_typ_1p20V_25C    │ 0.1851   │ 0.1851   │ 0.0000   │ 0        │ 0         │ 27.4822  │ 48.3808   │ 0.0000   │ 0         │ 0        │ 0         │ 12       │
└──────────────────────┴──────────┴──────────┴──────────┴──────────┴───────────┴──────────┴───────────┴──────────┴───────────┴──────────┴───────────┴──────────┘
