
===========================================================================
report_checks -unconstrained
===========================================================================
======================= nom_slow_1p08V_125C Corner ===================================

Startpoint: _6690_ (rising edge-triggered flip-flop clocked by osc_clk)
Endpoint: _6024_ (recovery check against rising-edge clock osc_clk)
Path Group: asynchronous
Path Type: max

Fanout         Cap        Slew       Delay        Time   Description
---------------------------------------------------------------------------------------------
                                  0.000000    0.000000   clock osc_clk (rise edge)
                                  0.000000    0.000000   clock source latency
     1    0.053294    0.000000    0.000000    0.000000 ^ osc_clk (in)
                                                         osc_clk (net)
                      0.014724    0.007362    0.007362 ^ clkbuf_0_osc_clk/A (sg13g2_buf_16)
    16    0.251560    0.119123    0.137270    0.144632 ^ clkbuf_0_osc_clk/X (sg13g2_buf_16)
                                                         clknet_0_osc_clk (net)
                      0.126644    0.023041    0.167673 ^ clkbuf_4_15_0_osc_clk/A (sg13g2_buf_8)
     5    0.075710    0.079627    0.182428    0.350101 ^ clkbuf_4_15_0_osc_clk/X (sg13g2_buf_8)
                                                         clknet_4_15_0_osc_clk (net)
                      0.080897    0.007854    0.357955 ^ clkbuf_leaf_38_osc_clk/A (sg13g2_buf_8)
    16    0.070106    0.073415    0.159393    0.517348 ^ clkbuf_leaf_38_osc_clk/X (sg13g2_buf_8)
                                                         clknet_leaf_38_osc_clk (net)
                      0.073769    0.004014    0.521362 ^ _6690_/CLK (sg13g2_dfrbpq_1)
     1    0.006167    0.055060    0.296124    0.817486 ^ _6690_/Q (sg13g2_dfrbpq_1)
                                                         u_core.rs1 (net)
                      0.055060    0.000496    0.817981 ^ fanout333/A (sg13g2_buf_1)
     4    0.056286    0.360366    0.335787    1.153768 ^ fanout333/X (sg13g2_buf_1)
                                                         net333 (net)
                      0.360533    0.006463    1.160231 ^ fanout233/A (sg13g2_buf_1)
     4    0.044837    0.291367    0.392996    1.553227 ^ fanout233/X (sg13g2_buf_1)
                                                         net233 (net)
                      0.291368    0.001392    1.554619 ^ fanout232/A (sg13g2_buf_1)
     4    0.030325    0.200864    0.312292    1.866911 ^ fanout232/X (sg13g2_buf_1)
                                                         net232 (net)
                      0.200923    0.003293    1.870204 ^ fanout213/A (sg13g2_buf_1)
     4    0.023720    0.159992    0.256584    2.126788 ^ fanout213/X (sg13g2_buf_1)
                                                         net213 (net)
                      0.159992    0.000540    2.127328 ^ fanout212/A (sg13g2_buf_1)
     4    0.027371    0.182323    0.258535    2.385863 ^ fanout212/X (sg13g2_buf_1)
                                                         net212 (net)
                      0.182331    0.001445    2.387308 ^ fanout203/A (sg13g2_buf_1)
     4    0.032860    0.215740    0.289509    2.676817 ^ fanout203/X (sg13g2_buf_1)
                                                         net203 (net)
                      0.215826    0.001476    2.678294 ^ fanout197/A (sg13g2_buf_1)
     6    0.039171    0.254913    0.327003    3.005297 ^ fanout197/X (sg13g2_buf_1)
                                                         net197 (net)
                      0.254932    0.001838    3.007136 ^ fanout195/A (sg13g2_buf_1)
     8    0.048385    0.312874    0.379420    3.386555 ^ fanout195/X (sg13g2_buf_1)
                                                         net195 (net)
                      0.312890    0.001891    3.388447 ^ fanout194/A (sg13g2_buf_1)
     8    0.051626    0.333302    0.410461    3.798908 ^ fanout194/X (sg13g2_buf_1)
                                                         net194 (net)
                      0.333498    0.004690    3.803597 ^ _6024_/RESET_B (sg13g2_dfrbpq_1)
                                              3.803597   data arrival time

                                100.000000  100.000000   clock osc_clk (rise edge)
                                  0.000000  100.000000   clock source latency
     1    0.050970    0.000000    0.000000  100.000000 ^ osc_clk (in)
                                                         osc_clk (net)
                      0.013662    0.006828  100.006828 ^ clkbuf_0_osc_clk/A (sg13g2_buf_16)
    16    0.234125    0.111942    0.133248  100.140076 ^ clkbuf_0_osc_clk/X (sg13g2_buf_16)
                                                         clknet_0_osc_clk (net)
                      0.122380    0.026077  100.166153 ^ clkbuf_4_10_0_osc_clk/A (sg13g2_buf_8)
     5    0.060099    0.067374    0.174040  100.340187 ^ clkbuf_4_10_0_osc_clk/X (sg13g2_buf_8)
                                                         clknet_4_10_0_osc_clk (net)
                      0.067464    0.002146  100.342339 ^ clkbuf_leaf_18_osc_clk/A (sg13g2_buf_8)
    17    0.057337    0.063422    0.144830  100.487167 ^ clkbuf_leaf_18_osc_clk/X (sg13g2_buf_8)
                                                         clknet_leaf_18_osc_clk (net)
                      0.063489    0.001819  100.488983 ^ _6024_/CLK (sg13g2_dfrbpq_1)
                                 -0.500000   99.988983   clock uncertainty
                                  0.004556   99.993538   clock reconvergence pessimism
                                 -0.317728   99.675812   library recovery time
                                             99.675812   data required time
---------------------------------------------------------------------------------------------
                                             99.675812   data required time
                                             -3.803597   data arrival time
---------------------------------------------------------------------------------------------
                                             95.872215   slack (MET)


Startpoint: _5757_ (rising edge-triggered flip-flop clocked by osc_clk)
Endpoint: dac_soft[2] (output port clocked by osc_clk)
Path Group: osc_clk
Path Type: max

Fanout         Cap        Slew       Delay        Time   Description
---------------------------------------------------------------------------------------------
                                  0.000000    0.000000   clock osc_clk (rise edge)
                                  0.000000    0.000000   clock source latency
     1    0.053294    0.000000    0.000000    0.000000 ^ osc_clk (in)
                                                         osc_clk (net)
                      0.014724    0.007362    0.007362 ^ clkbuf_0_osc_clk/A (sg13g2_buf_16)
    16    0.251560    0.119123    0.137270    0.144632 ^ clkbuf_0_osc_clk/X (sg13g2_buf_16)
                                                         clknet_0_osc_clk (net)
                      0.126530    0.022879    0.167510 ^ clkbuf_4_14_0_osc_clk/A (sg13g2_buf_8)
     5    0.080138    0.082503    0.186185    0.353695 ^ clkbuf_4_14_0_osc_clk/X (sg13g2_buf_8)
                                                         clknet_4_14_0_osc_clk (net)
                      0.083308    0.006452    0.360147 ^ clkbuf_leaf_28_osc_clk/A (sg13g2_buf_8)
    13    0.056937    0.063709    0.153151    0.513298 ^ clkbuf_leaf_28_osc_clk/X (sg13g2_buf_8)
                                                         clknet_leaf_28_osc_clk (net)
                      0.063785    0.001958    0.515255 ^ _5757_/CLK (sg13g2_dfrbpq_1)
     3    0.019712    0.135752    0.351395    0.866650 ^ _5757_/Q (sg13g2_dfrbpq_1)
                                                         u_core.u_trip.soft_cnt[9] (net)
                      0.135762    0.001294    0.867945 ^ fanout345/A (sg13g2_buf_1)
     8    0.051292    0.330595    0.352733    1.220677 ^ fanout345/X (sg13g2_buf_1)
                                                         net345 (net)
                      0.330627    0.002713    1.223391 ^ _4095_/C (sg13g2_nor4_1)
     1    0.002904    0.099035    0.154627    1.378018 v _4095_/Y (sg13g2_nor4_1)
                                                         _1578_ (net)
                      0.099035    0.000219    1.378236 v _4096_/D (sg13g2_and4_1)
     2    0.030803    0.170713    0.280960    1.659196 v _4096_/X (sg13g2_and4_1)
                                                         _1579_ (net)
                      0.170851    0.004392    1.663589 v _4098_/B2 (sg13g2_a221oi_1)
     3    0.016613    0.411297    0.442970    2.106559 ^ _4098_/Y (sg13g2_a221oi_1)
                                                         _1581_ (net)
                      0.411307    0.001583    2.108142 ^ _4101_/D (sg13g2_and4_1)
     6    0.024132    0.183219    0.487959    2.596101 ^ _4101_/X (sg13g2_and4_1)
                                                         _1584_ (net)
                      0.183219    0.000773    2.596874 ^ _4130_/A1 (sg13g2_a22oi_1)
     2    0.010724    0.156565    0.212047    2.808922 v _4130_/Y (sg13g2_a22oi_1)
                                                         _1613_ (net)
                      0.156569    0.001015    2.809937 v _4135_/B (sg13g2_xnor2_1)
     2    0.009640    0.140231    0.228433    3.038370 v _4135_/Y (sg13g2_xnor2_1)
                                                         _1618_ (net)
                      0.140231    0.000274    3.038645 v _4136_/A2 (sg13g2_o21ai_1)
     2    0.010218    0.214175    0.236007    3.274652 ^ _4136_/Y (sg13g2_o21ai_1)
                                                         _1619_ (net)
                      0.214175    0.000283    3.274935 ^ _4139_/B (sg13g2_nand2b_1)
     2    0.008281    0.115699    0.177936    3.452871 v _4139_/Y (sg13g2_nand2b_1)
                                                         _1622_ (net)
                      0.115699    0.000396    3.453267 v _4142_/A1 (sg13g2_a21oi_1)
     3    0.017228    0.255367    0.261045    3.714311 ^ _4142_/Y (sg13g2_a21oi_1)
                                                         _1625_ (net)
                      0.255368    0.000486    3.714798 ^ _4147_/B1 (sg13g2_a221oi_1)
     2    0.010890    0.188799    0.241472    3.956270 v _4147_/Y (sg13g2_a221oi_1)
                                                         _1630_ (net)
                      0.188799    0.000495    3.956765 v _4148_/A2 (sg13g2_o21ai_1)
     3    0.013959    0.265026    0.297974    4.254739 ^ _4148_/Y (sg13g2_o21ai_1)
                                                         _1631_ (net)
                      0.265030    0.000870    4.255609 ^ _4152_/A (sg13g2_nor2_1)
     7    0.032499    0.217478    0.294817    4.550425 v _4152_/Y (sg13g2_nor2_1)
                                                         _1635_ (net)
                      0.217656    0.003980    4.554405 v _4159_/A1 (sg13g2_o21ai_1)
     2    0.018554    0.327445    0.367279    4.921685 ^ _4159_/Y (sg13g2_o21ai_1)
                                                         net21 (net)
                      0.327458    0.001675    4.923360 ^ output21/A (sg13g2_buf_1)
     1    0.052627    0.339428    0.419763    5.343122 ^ output21/X (sg13g2_buf_1)
                                                         dac_soft[2] (net)
                      0.339578    0.003520    5.346642 ^ dac_soft[2] (out)
                                              5.346642   data arrival time

                                100.000000  100.000000   clock osc_clk (rise edge)
                                  0.000000  100.000000   clock network delay (propagated)
                                 -0.500000   99.499992   clock uncertainty
                                  0.000000   99.499992   clock reconvergence pessimism
                                -20.000000   79.499992   output external delay
                                             79.499992   data required time
---------------------------------------------------------------------------------------------
                                             79.499992   data required time
                                             -5.346642   data arrival time
---------------------------------------------------------------------------------------------
                                             74.153351   slack (MET)


Startpoint: _6665_ (rising edge-triggered flip-flop clocked by sclk')
Endpoint: sdo (output port clocked by sclk)
Path Group: sclk
Path Type: max

Fanout         Cap        Slew       Delay        Time   Description
---------------------------------------------------------------------------------------------
                                 50.000000   50.000000   clock sclk' (rise edge)
                                  0.000000   50.000000   clock source latency
     2    0.044549    0.000000    0.000000   50.000000 v sclk (in)
                                                         sclk (net)
                      0.003949    0.001975   50.001972 v clkbuf_regs_0_sclk/A (sg13g2_buf_16)
     1    0.019384    0.030200    0.089901   50.091877 v clkbuf_regs_0_sclk/X (sg13g2_buf_16)
                                                         sclk_regs (net)
                      0.030205    0.000956   50.092831 v clkbuf_0_sclk_regs/A (sg13g2_buf_16)
     8    0.151921    0.071259    0.136012   50.228844 v clkbuf_0_sclk_regs/X (sg13g2_buf_16)
                                                         clknet_0_sclk_regs (net)
                      0.073832    0.010623   50.239464 v clkbuf_3_7__f_sclk_regs/A (sg13g2_buf_16)
     7    0.034444    0.035666    0.131120   50.370586 v clkbuf_3_7__f_sclk_regs/X (sg13g2_buf_16)
                                                         clknet_3_7__leaf_sclk_regs (net)
                      0.035688    0.001762   50.372349 v _2856__369/A (sg13g2_inv_1)
     1    0.005885    0.049416    0.056637   50.428986 ^ _2856__369/Y (sg13g2_inv_1)
                                                         net368 (net)
                      0.049421    0.000366   50.429352 ^ _6665_/CLK (sg13g2_dfrbpq_1)
     1    0.003864    0.042283    0.272042   50.701393 ^ _6665_/Q (sg13g2_dfrbpq_1)
                                                         net35 (net)
                      0.042283    0.000245   50.701637 ^ output35/A (sg13g2_buf_1)
     1    0.051964    0.334693    0.311214   51.012852 ^ output35/X (sg13g2_buf_1)
                                                         sdo (net)
                      0.334746    0.003521   51.016373 ^ sdo (out)
                                             51.016373   data arrival time

                                100.000000  100.000000   clock sclk (rise edge)
                                  0.000000  100.000000   clock network delay (propagated)
                                 -0.500000   99.499992   clock uncertainty
                                  0.000000   99.499992   clock reconvergence pessimism
                                -20.000000   79.499992   output external delay
                                             79.499992   data required time
---------------------------------------------------------------------------------------------
                                             79.499992   data required time
                                            -51.016373   data arrival time
---------------------------------------------------------------------------------------------
                                             28.483620   slack (MET)




===========================================================================
report_checks --slack_max -0.01
============================================================================
======================= nom_slow_1p08V_125C Corner ===================================

No paths found.


===========================================================================
 report_check_types -max_slew -max_cap -max_fanout -violators
============================================================================
======================= nom_slow_1p08V_125C Corner ===================================

max fanout

Pin                                   Limit Fanout  Slack
---------------------------------------------------------
clkbuf_leaf_18_osc_clk/X                  8     17     -9 (VIOLATED)
clkbuf_leaf_19_osc_clk/X                  8     17     -9 (VIOLATED)
clkbuf_leaf_20_osc_clk/X                  8     17     -9 (VIOLATED)
clkbuf_leaf_21_osc_clk/X                  8     17     -9 (VIOLATED)
clkbuf_leaf_48_osc_clk/X                  8     17     -9 (VIOLATED)
clkbuf_leaf_49_osc_clk/X                  8     17     -9 (VIOLATED)
clkbuf_leaf_50_osc_clk/X                  8     17     -9 (VIOLATED)
clkbuf_leaf_9_osc_clk/X                   8     17     -9 (VIOLATED)
clkbuf_0_osc_clk/X                        8     16     -8 (VIOLATED)
clkbuf_leaf_14_osc_clk/X                  8     16     -8 (VIOLATED)
clkbuf_leaf_15_osc_clk/X                  8     16     -8 (VIOLATED)
clkbuf_leaf_1_osc_clk/X                   8     16     -8 (VIOLATED)
clkbuf_leaf_2_osc_clk/X                   8     16     -8 (VIOLATED)
clkbuf_leaf_30_osc_clk/X                  8     16     -8 (VIOLATED)
clkbuf_leaf_36_osc_clk/X                  8     16     -8 (VIOLATED)
clkbuf_leaf_38_osc_clk/X                  8     16     -8 (VIOLATED)
clkbuf_leaf_3_osc_clk/X                   8     16     -8 (VIOLATED)
clkbuf_leaf_44_osc_clk/X                  8     16     -8 (VIOLATED)
clkbuf_leaf_45_osc_clk/X                  8     16     -8 (VIOLATED)
clkbuf_leaf_47_osc_clk/X                  8     16     -8 (VIOLATED)
clkbuf_leaf_4_osc_clk/X                   8     16     -8 (VIOLATED)
clkbuf_leaf_51_osc_clk/X                  8     16     -8 (VIOLATED)
clkbuf_leaf_52_osc_clk/X                  8     16     -8 (VIOLATED)
clkbuf_leaf_53_osc_clk/X                  8     16     -8 (VIOLATED)
clkbuf_leaf_54_osc_clk/X                  8     16     -8 (VIOLATED)
clkbuf_leaf_55_osc_clk/X                  8     16     -8 (VIOLATED)
clkbuf_leaf_56_osc_clk/X                  8     16     -8 (VIOLATED)
clkbuf_leaf_57_osc_clk/X                  8     16     -8 (VIOLATED)
clkbuf_leaf_58_osc_clk/X                  8     16     -8 (VIOLATED)
clkbuf_leaf_5_osc_clk/X                   8     16     -8 (VIOLATED)
clkbuf_leaf_60_osc_clk/X                  8     16     -8 (VIOLATED)
clkbuf_leaf_61_osc_clk/X                  8     16     -8 (VIOLATED)
clkbuf_leaf_62_osc_clk/X                  8     16     -8 (VIOLATED)
clkbuf_leaf_67_osc_clk/X                  8     16     -8 (VIOLATED)
clkbuf_leaf_69_osc_clk/X                  8     16     -8 (VIOLATED)
clkbuf_leaf_6_osc_clk/X                   8     16     -8 (VIOLATED)
clkbuf_leaf_71_osc_clk/X                  8     16     -8 (VIOLATED)
clkbuf_leaf_72_osc_clk/X                  8     16     -8 (VIOLATED)
clkbuf_leaf_73_osc_clk/X                  8     16     -8 (VIOLATED)
clkbuf_leaf_75_osc_clk/X                  8     16     -8 (VIOLATED)
clkbuf_leaf_8_osc_clk/X                   8     16     -8 (VIOLATED)
clkbuf_leaf_0_osc_clk/X                   8     15     -7 (VIOLATED)
clkbuf_leaf_10_osc_clk/X                  8     15     -7 (VIOLATED)
clkbuf_leaf_16_osc_clk/X                  8     15     -7 (VIOLATED)
clkbuf_leaf_22_osc_clk/X                  8     15     -7 (VIOLATED)
clkbuf_leaf_23_osc_clk/X                  8     15     -7 (VIOLATED)
clkbuf_leaf_24_osc_clk/X                  8     15     -7 (VIOLATED)
clkbuf_leaf_25_osc_clk/X                  8     15     -7 (VIOLATED)
clkbuf_leaf_39_osc_clk/X                  8     15     -7 (VIOLATED)
clkbuf_leaf_40_osc_clk/X                  8     15     -7 (VIOLATED)
clkbuf_leaf_41_osc_clk/X                  8     15     -7 (VIOLATED)
clkbuf_leaf_46_osc_clk/X                  8     15     -7 (VIOLATED)
clkbuf_leaf_59_osc_clk/X                  8     15     -7 (VIOLATED)
clkbuf_leaf_63_osc_clk/X                  8     15     -7 (VIOLATED)
clkbuf_leaf_65_osc_clk/X                  8     15     -7 (VIOLATED)
clkbuf_leaf_66_osc_clk/X                  8     15     -7 (VIOLATED)
clkbuf_leaf_68_osc_clk/X                  8     15     -7 (VIOLATED)
clkbuf_leaf_74_osc_clk/X                  8     15     -7 (VIOLATED)
clkbuf_leaf_76_osc_clk/X                  8     15     -7 (VIOLATED)
clkbuf_leaf_78_osc_clk/X                  8     15     -7 (VIOLATED)
clkbuf_leaf_13_osc_clk/X                  8     14     -6 (VIOLATED)
clkbuf_leaf_17_osc_clk/X                  8     14     -6 (VIOLATED)
clkbuf_leaf_26_osc_clk/X                  8     14     -6 (VIOLATED)
clkbuf_leaf_34_osc_clk/X                  8     14     -6 (VIOLATED)
clkbuf_leaf_42_osc_clk/X                  8     14     -6 (VIOLATED)
clkbuf_leaf_64_osc_clk/X                  8     14     -6 (VIOLATED)
clkbuf_leaf_70_osc_clk/X                  8     14     -6 (VIOLATED)
clkbuf_leaf_77_osc_clk/X                  8     14     -6 (VIOLATED)
clkbuf_leaf_7_osc_clk/X                   8     14     -6 (VIOLATED)
clkbuf_leaf_11_osc_clk/X                  8     13     -5 (VIOLATED)
clkbuf_leaf_12_osc_clk/X                  8     13     -5 (VIOLATED)
clkbuf_leaf_27_osc_clk/X                  8     13     -5 (VIOLATED)
clkbuf_leaf_28_osc_clk/X                  8     13     -5 (VIOLATED)
clkbuf_leaf_29_osc_clk/X                  8     13     -5 (VIOLATED)
clkbuf_leaf_32_osc_clk/X                  8     13     -5 (VIOLATED)
clkbuf_leaf_33_osc_clk/X                  8     13     -5 (VIOLATED)
clkbuf_leaf_35_osc_clk/X                  8     13     -5 (VIOLATED)
clkbuf_leaf_37_osc_clk/X                  8     13     -5 (VIOLATED)
clkbuf_leaf_43_osc_clk/X                  8     13     -5 (VIOLATED)



===========================================================================
report_parasitic_annotation -report_unannotated
============================================================================
Found 57 unannotated drivers.
 clkload0/X
 clkload1/Y
 clkload10/X
 clkload11/Y
 clkload12/Y
 clkload13/Y
 clkload14/X
 clkload15/Y
 clkload16/Y
 clkload17/Y
 clkload18/Y
 clkload19/Y
 clkload2/Y
 clkload20/X
 clkload21/Y
 clkload22/X
 clkload23/Y
 clkload24/Y
 clkload25/Y
 clkload26/Y
 clkload27/Y
 clkload28/X
 clkload29/Y
 clkload3/Y
 clkload30/Y
 clkload31/Y
 clkload32/Y
 clkload33/Y
 clkload34/Y
 clkload35/Y
 clkload36/Y
 clkload37/Y
 clkload38/Y
 clkload39/Y
 clkload4/Y
 clkload40/Y
 clkload41/Y
 clkload42/Y
 clkload43/Y
 clkload44/Y
 clkload45/Y
 clkload46/Y
 clkload47/X
 clkload48/Y
 clkload49/Y
 clkload5/Y
 clkload50/Y
 clkload51/Y
 clkload52/Y
 clkload53/Y
 clkload54/Y
 clkload55/Y
 clkload56/Y
 clkload6/Y
 clkload7/Y
 clkload8/Y
 clkload9/Y
Found 0 partially unannotated drivers.

===========================================================================
max slew violation count 0
max fanout violation count 79
max cap violation count 0
============================================================================

===========================================================================
check_setup -verbose -unconstrained_endpoints -multiple_clock -no_clock -no_input_delay -loops -generated_clocks
===========================================================================
Warning: There are 5 input ports missing set_input_delay.
  cmp_hard
  cmp_soft
  en
  por_n
  tripped
Warning: There are 3 unconstrained endpoints.
  _6644_/D
  _6645_/D
  _6646_/D
