
===========================================================================
report_checks -unconstrained
===========================================================================
======================= nom_typ_1p20V_25C Corner ===================================

Startpoint: _6690_ (rising edge-triggered flip-flop clocked by osc_clk)
Endpoint: _6024_ (recovery check against rising-edge clock osc_clk)
Path Group: asynchronous
Path Type: max

Fanout         Cap        Slew       Delay        Time   Description
---------------------------------------------------------------------------------------------
                                  0.000000    0.000000   clock osc_clk (rise edge)
                                  0.000000    0.000000   clock source latency
     1    0.054526    0.000000    0.000000    0.000000 ^ osc_clk (in)
                                                         osc_clk (net)
                      0.015287    0.007644    0.007644 ^ clkbuf_0_osc_clk/A (sg13g2_buf_16)
    16    0.261581    0.079190    0.084994    0.092638 ^ clkbuf_0_osc_clk/X (sg13g2_buf_16)
                                                         clknet_0_osc_clk (net)
                      0.091681    0.023484    0.116122 ^ clkbuf_4_15_0_osc_clk/A (sg13g2_buf_8)
     5    0.078842    0.053691    0.117968    0.234090 ^ clkbuf_4_15_0_osc_clk/X (sg13g2_buf_8)
                                                         clknet_4_15_0_osc_clk (net)
                      0.055744    0.008099    0.242189 ^ clkbuf_leaf_38_osc_clk/A (sg13g2_buf_8)
    16    0.073438    0.049349    0.100780    0.342969 ^ clkbuf_leaf_38_osc_clk/X (sg13g2_buf_8)
                                                         clknet_leaf_38_osc_clk (net)
                      0.049921    0.004180    0.347150 ^ _6690_/CLK (sg13g2_dfrbpq_1)
     1    0.006327    0.036187    0.186741    0.533891 ^ _6690_/Q (sg13g2_dfrbpq_1)
                                                         u_core.rs1 (net)
                      0.036188    0.000510    0.534401 ^ fanout333/A (sg13g2_buf_1)
     4    0.056928    0.236540    0.212794    0.747195 ^ fanout333/X (sg13g2_buf_1)
                                                         net333 (net)
                      0.236804    0.006522    0.753718 ^ fanout233/A (sg13g2_buf_1)
     4    0.045479    0.190190    0.242780    0.996497 ^ fanout233/X (sg13g2_buf_1)
                                                         net233 (net)
                      0.190205    0.001414    0.997911 ^ fanout232/A (sg13g2_buf_1)
     4    0.030967    0.132260    0.193467    1.191378 ^ fanout232/X (sg13g2_buf_1)
                                                         net232 (net)
                      0.132438    0.003358    1.194736 ^ fanout213/A (sg13g2_buf_1)
     4    0.024362    0.106003    0.161124    1.355860 ^ fanout213/X (sg13g2_buf_1)
                                                         net213 (net)
                      0.106004    0.000557    1.356417 ^ fanout212/A (sg13g2_buf_1)
     4    0.028013    0.120067    0.163718    1.520136 ^ fanout212/X (sg13g2_buf_1)
                                                         net212 (net)
                      0.120136    0.001477    1.521613 ^ fanout203/A (sg13g2_buf_1)
     4    0.034035    0.144795    0.183373    1.704986 ^ fanout203/X (sg13g2_buf_1)
                                                         net203 (net)
                      0.144818    0.001532    1.706518 ^ fanout197/A (sg13g2_buf_1)
     6    0.042262    0.177793    0.212682    1.919200 ^ fanout197/X (sg13g2_buf_1)
                                                         net197 (net)
                      0.177825    0.001980    1.921181 ^ fanout195/A (sg13g2_buf_1)
     8    0.053394    0.222415    0.252961    2.174142 ^ fanout195/X (sg13g2_buf_1)
                                                         net195 (net)
                      0.222442    0.002080    2.176222 ^ fanout194/A (sg13g2_buf_1)
     8    0.057167    0.237828    0.271564    2.447787 ^ fanout194/X (sg13g2_buf_1)
                                                         net194 (net)
                      0.237994    0.005192    2.452979 ^ _6024_/RESET_B (sg13g2_dfrbpq_1)
                                              2.452979   data arrival time

                                100.000000  100.000000   clock osc_clk (rise edge)
                                  0.000000  100.000000   clock source latency
     1    0.051854    0.000000    0.000000  100.000000 ^ osc_clk (in)
                                                         osc_clk (net)
                      0.014065    0.007034  100.007034 ^ clkbuf_0_osc_clk/A (sg13g2_buf_16)
    16    0.241085    0.073731    0.082366  100.089394 ^ clkbuf_0_osc_clk/X (sg13g2_buf_16)
                                                         clknet_0_osc_clk (net)
                      0.090144    0.026482  100.115883 ^ clkbuf_4_10_0_osc_clk/A (sg13g2_buf_8)
     5    0.062274    0.045105    0.113864  100.229744 ^ clkbuf_4_10_0_osc_clk/X (sg13g2_buf_8)
                                                         clknet_4_10_0_osc_clk (net)
                      0.045327    0.002231  100.231972 ^ clkbuf_leaf_18_osc_clk/A (sg13g2_buf_8)
    17    0.059879    0.042406    0.091241  100.323219 ^ clkbuf_leaf_18_osc_clk/X (sg13g2_buf_8)
                                                         clknet_leaf_18_osc_clk (net)
                      0.042582    0.001904  100.325119 ^ _6024_/CLK (sg13g2_dfrbpq_1)
                                 -0.500000   99.825119   clock uncertainty
                                  0.003240   99.828362   clock reconvergence pessimism
                                 -0.184257   99.644104   library recovery time
                                             99.644104   data required time
---------------------------------------------------------------------------------------------
                                             99.644104   data required time
                                             -2.452979   data arrival time
---------------------------------------------------------------------------------------------
                                             97.191124   slack (MET)


Startpoint: _5757_ (rising edge-triggered flip-flop clocked by osc_clk)
Endpoint: dac_soft[2] (output port clocked by osc_clk)
Path Group: osc_clk
Path Type: max

Fanout         Cap        Slew       Delay        Time   Description
---------------------------------------------------------------------------------------------
                                  0.000000    0.000000   clock osc_clk (rise edge)
                                  0.000000    0.000000   clock source latency
     1    0.054526    0.000000    0.000000    0.000000 ^ osc_clk (in)
                                                         osc_clk (net)
                      0.015287    0.007644    0.007644 ^ clkbuf_0_osc_clk/A (sg13g2_buf_16)
    16    0.261581    0.079190    0.084994    0.092638 ^ clkbuf_0_osc_clk/X (sg13g2_buf_16)
                                                         clknet_0_osc_clk (net)
                      0.091511    0.023310    0.115948 ^ clkbuf_4_14_0_osc_clk/A (sg13g2_buf_8)
     5    0.083270    0.055711    0.120755    0.236704 ^ clkbuf_4_14_0_osc_clk/X (sg13g2_buf_8)
                                                         clknet_4_14_0_osc_clk (net)
                      0.057002    0.006675    0.243378 ^ clkbuf_leaf_28_osc_clk/A (sg13g2_buf_8)
    13    0.059669    0.042786    0.096389    0.339767 ^ clkbuf_leaf_28_osc_clk/X (sg13g2_buf_8)
                                                         clknet_leaf_28_osc_clk (net)
                      0.042950    0.002052    0.341819 ^ _5757_/CLK (sg13g2_dfrbpq_1)
     3    0.020265    0.089496    0.223159    0.564979 ^ _5757_/Q (sg13g2_dfrbpq_1)
                                                         u_core.u_trip.soft_cnt[9] (net)
                      0.089517    0.001333    0.566312 ^ fanout345/A (sg13g2_buf_1)
     8    0.053279    0.221573    0.227531    0.793843 ^ fanout345/X (sg13g2_buf_1)
                                                         net345 (net)
                      0.221625    0.002827    0.796669 ^ _4095_/C (sg13g2_nor4_1)
     1    0.003080    0.064088    0.092224    0.888893 v _4095_/Y (sg13g2_nor4_1)
                                                         _1578_ (net)
                      0.064088    0.000233    0.889126 v _4096_/D (sg13g2_and4_1)
     2    0.031197    0.105500    0.174113    1.063239 v _4096_/X (sg13g2_and4_1)
                                                         _1579_ (net)
                      0.105823    0.004452    1.067690 v _4098_/B2 (sg13g2_a221oi_1)
     3    0.017207    0.272803    0.284199    1.351889 ^ _4098_/Y (sg13g2_a221oi_1)
                                                         _1581_ (net)
                      0.272819    0.001657    1.353546 ^ _4101_/D (sg13g2_and4_1)
     6    0.025368    0.122601    0.299268    1.652814 ^ _4101_/X (sg13g2_and4_1)
                                                         _1584_ (net)
                      0.122604    0.000813    1.653626 ^ _4130_/A1 (sg13g2_a22oi_1)
     2    0.011354    0.101052    0.133957    1.787583 v _4130_/Y (sg13g2_a22oi_1)
                                                         _1613_ (net)
                      0.101110    0.001081    1.788664 v _4135_/B (sg13g2_xnor2_1)
     2    0.010199    0.091014    0.143498    1.932162 v _4135_/Y (sg13g2_xnor2_1)
                                                         _1618_ (net)
                      0.091014    0.000290    1.932451 v _4136_/A2 (sg13g2_o21ai_1)
     2    0.010825    0.146609    0.157393    2.089844 ^ _4136_/Y (sg13g2_o21ai_1)
                                                         _1619_ (net)
                      0.146609    0.000300    2.090144 ^ _4139_/B (sg13g2_nand2b_1)
     2    0.008787    0.075009    0.111032    2.201176 v _4139_/Y (sg13g2_nand2b_1)
                                                         _1622_ (net)
                      0.075010    0.000422    2.201598 v _4142_/A1 (sg13g2_a21oi_1)
     3    0.018073    0.173254    0.169106    2.370704 ^ _4142_/Y (sg13g2_a21oi_1)
                                                         _1625_ (net)
                      0.173256    0.000512    2.371216 ^ _4147_/B1 (sg13g2_a221oi_1)
     2    0.011409    0.121775    0.153973    2.525189 v _4147_/Y (sg13g2_a221oi_1)
                                                         _1630_ (net)
                      0.121775    0.000519    2.525708 v _4148_/A2 (sg13g2_o21ai_1)
     3    0.014651    0.181290    0.196922    2.722630 ^ _4148_/Y (sg13g2_o21ai_1)
                                                         _1631_ (net)
                      0.181297    0.000917    2.723547 ^ _4152_/A (sg13g2_nor2_1)
     7    0.034022    0.142612    0.188414    2.911961 v _4152_/Y (sg13g2_nor2_1)
                                                         _1635_ (net)
                      0.142790    0.004165    2.916126 v _4159_/A1 (sg13g2_o21ai_1)
     2    0.018911    0.219131    0.238302    3.154428 ^ _4159_/Y (sg13g2_o21ai_1)
                                                         net21 (net)
                      0.219151    0.001713    3.156140 ^ output21/A (sg13g2_buf_1)
     1    0.052627    0.218715    0.259183    3.415323 ^ output21/X (sg13g2_buf_1)
                                                         dac_soft[2] (net)
                      0.218797    0.003517    3.418841 ^ dac_soft[2] (out)
                                              3.418841   data arrival time

                                100.000000  100.000000   clock osc_clk (rise edge)
                                  0.000000  100.000000   clock network delay (propagated)
                                 -0.500000   99.499992   clock uncertainty
                                  0.000000   99.499992   clock reconvergence pessimism
                                -20.000000   79.499992   output external delay
                                             79.499992   data required time
---------------------------------------------------------------------------------------------
                                             79.499992   data required time
                                             -3.418841   data arrival time
---------------------------------------------------------------------------------------------
                                             76.081154   slack (MET)


Startpoint: _6665_ (rising edge-triggered flip-flop clocked by sclk')
Endpoint: sdo (output port clocked by sclk)
Path Group: sclk
Path Type: max

Fanout         Cap        Slew       Delay        Time   Description
---------------------------------------------------------------------------------------------
                                 50.000000   50.000000   clock sclk' (rise edge)
                                  0.000000   50.000000   clock source latency
     2    0.047177    0.000000    0.000000   50.000000 v sclk (in)
                                                         sclk (net)
                      0.004212    0.002107   50.002106 v clkbuf_regs_0_sclk/A (sg13g2_buf_16)
     1    0.020698    0.019352    0.059654   50.061760 v clkbuf_regs_0_sclk/X (sg13g2_buf_16)
                                                         sclk_regs (net)
                      0.019365    0.001023   50.062782 v clkbuf_0_sclk_regs/A (sg13g2_buf_16)
     8    0.162433    0.047362    0.085880   50.148663 v clkbuf_0_sclk_regs/X (sg13g2_buf_16)
                                                         clknet_0_sclk_regs (net)
                      0.051725    0.011056   50.159718 v clkbuf_3_7__f_sclk_regs/A (sg13g2_buf_16)
     7    0.036366    0.023678    0.084800   50.244518 v clkbuf_3_7__f_sclk_regs/X (sg13g2_buf_16)
                                                         clknet_3_7__leaf_sclk_regs (net)
                      0.023722    0.001862   50.246380 v _2856__369/A (sg13g2_inv_1)
     1    0.006093    0.032531    0.036650   50.283028 ^ _2856__369/Y (sg13g2_inv_1)
                                                         net368 (net)
                      0.032538    0.000387   50.283417 ^ _6665_/CLK (sg13g2_dfrbpq_1)
     1    0.004024    0.027934    0.171770   50.455185 ^ _6665_/Q (sg13g2_dfrbpq_1)
                                                         net35 (net)
                      0.027934    0.000259   50.455444 ^ output35/A (sg13g2_buf_1)
     1    0.051964    0.215566    0.196714   50.652161 ^ output35/X (sg13g2_buf_1)
                                                         sdo (net)
                      0.215649    0.003517   50.655678 ^ sdo (out)
                                             50.655678   data arrival time

                                100.000000  100.000000   clock sclk (rise edge)
                                  0.000000  100.000000   clock network delay (propagated)
                                 -0.500000   99.499992   clock uncertainty
                                  0.000000   99.499992   clock reconvergence pessimism
                                -20.000000   79.499992   output external delay
                                             79.499992   data required time
---------------------------------------------------------------------------------------------
                                             79.499992   data required time
                                            -50.655678   data arrival time
---------------------------------------------------------------------------------------------
                                             28.844316   slack (MET)




===========================================================================
report_checks --slack_max -0.01
============================================================================
======================= nom_typ_1p20V_25C Corner ===================================

No paths found.


===========================================================================
 report_check_types -max_slew -max_cap -max_fanout -violators
============================================================================
======================= nom_typ_1p20V_25C Corner ===================================

max fanout

Pin                                   Limit Fanout  Slack
---------------------------------------------------------
clkbuf_leaf_18_osc_clk/X                  8     17     -9 (VIOLATED)
clkbuf_leaf_19_osc_clk/X                  8     17     -9 (VIOLATED)
clkbuf_leaf_20_osc_clk/X                  8     17     -9 (VIOLATED)
clkbuf_leaf_21_osc_clk/X                  8     17     -9 (VIOLATED)
clkbuf_leaf_48_osc_clk/X                  8     17     -9 (VIOLATED)
clkbuf_leaf_49_osc_clk/X                  8     17     -9 (VIOLATED)
clkbuf_leaf_50_osc_clk/X                  8     17     -9 (VIOLATED)
clkbuf_leaf_9_osc_clk/X                   8     17     -9 (VIOLATED)
clkbuf_0_osc_clk/X                        8     16     -8 (VIOLATED)
clkbuf_leaf_14_osc_clk/X                  8     16     -8 (VIOLATED)
clkbuf_leaf_15_osc_clk/X                  8     16     -8 (VIOLATED)
clkbuf_leaf_1_osc_clk/X                   8     16     -8 (VIOLATED)
clkbuf_leaf_2_osc_clk/X                   8     16     -8 (VIOLATED)
clkbuf_leaf_30_osc_clk/X                  8     16     -8 (VIOLATED)
clkbuf_leaf_36_osc_clk/X                  8     16     -8 (VIOLATED)
clkbuf_leaf_38_osc_clk/X                  8     16     -8 (VIOLATED)
clkbuf_leaf_3_osc_clk/X                   8     16     -8 (VIOLATED)
clkbuf_leaf_44_osc_clk/X                  8     16     -8 (VIOLATED)
clkbuf_leaf_45_osc_clk/X                  8     16     -8 (VIOLATED)
clkbuf_leaf_47_osc_clk/X                  8     16     -8 (VIOLATED)
clkbuf_leaf_4_osc_clk/X                   8     16     -8 (VIOLATED)
clkbuf_leaf_51_osc_clk/X                  8     16     -8 (VIOLATED)
clkbuf_leaf_52_osc_clk/X                  8     16     -8 (VIOLATED)
clkbuf_leaf_53_osc_clk/X                  8     16     -8 (VIOLATED)
clkbuf_leaf_54_osc_clk/X                  8     16     -8 (VIOLATED)
clkbuf_leaf_55_osc_clk/X                  8     16     -8 (VIOLATED)
clkbuf_leaf_56_osc_clk/X                  8     16     -8 (VIOLATED)
clkbuf_leaf_57_osc_clk/X                  8     16     -8 (VIOLATED)
clkbuf_leaf_58_osc_clk/X                  8     16     -8 (VIOLATED)
clkbuf_leaf_5_osc_clk/X                   8     16     -8 (VIOLATED)
clkbuf_leaf_60_osc_clk/X                  8     16     -8 (VIOLATED)
clkbuf_leaf_61_osc_clk/X                  8     16     -8 (VIOLATED)
clkbuf_leaf_62_osc_clk/X                  8     16     -8 (VIOLATED)
clkbuf_leaf_67_osc_clk/X                  8     16     -8 (VIOLATED)
clkbuf_leaf_69_osc_clk/X                  8     16     -8 (VIOLATED)
clkbuf_leaf_6_osc_clk/X                   8     16     -8 (VIOLATED)
clkbuf_leaf_71_osc_clk/X                  8     16     -8 (VIOLATED)
clkbuf_leaf_72_osc_clk/X                  8     16     -8 (VIOLATED)
clkbuf_leaf_73_osc_clk/X                  8     16     -8 (VIOLATED)
clkbuf_leaf_75_osc_clk/X                  8     16     -8 (VIOLATED)
clkbuf_leaf_8_osc_clk/X                   8     16     -8 (VIOLATED)
clkbuf_leaf_0_osc_clk/X                   8     15     -7 (VIOLATED)
clkbuf_leaf_10_osc_clk/X                  8     15     -7 (VIOLATED)
clkbuf_leaf_16_osc_clk/X                  8     15     -7 (VIOLATED)
clkbuf_leaf_22_osc_clk/X                  8     15     -7 (VIOLATED)
clkbuf_leaf_23_osc_clk/X                  8     15     -7 (VIOLATED)
clkbuf_leaf_24_osc_clk/X                  8     15     -7 (VIOLATED)
clkbuf_leaf_25_osc_clk/X                  8     15     -7 (VIOLATED)
clkbuf_leaf_39_osc_clk/X                  8     15     -7 (VIOLATED)
clkbuf_leaf_40_osc_clk/X                  8     15     -7 (VIOLATED)
clkbuf_leaf_41_osc_clk/X                  8     15     -7 (VIOLATED)
clkbuf_leaf_46_osc_clk/X                  8     15     -7 (VIOLATED)
clkbuf_leaf_59_osc_clk/X                  8     15     -7 (VIOLATED)
clkbuf_leaf_63_osc_clk/X                  8     15     -7 (VIOLATED)
clkbuf_leaf_65_osc_clk/X                  8     15     -7 (VIOLATED)
clkbuf_leaf_66_osc_clk/X                  8     15     -7 (VIOLATED)
clkbuf_leaf_68_osc_clk/X                  8     15     -7 (VIOLATED)
clkbuf_leaf_74_osc_clk/X                  8     15     -7 (VIOLATED)
clkbuf_leaf_76_osc_clk/X                  8     15     -7 (VIOLATED)
clkbuf_leaf_78_osc_clk/X                  8     15     -7 (VIOLATED)
clkbuf_leaf_13_osc_clk/X                  8     14     -6 (VIOLATED)
clkbuf_leaf_17_osc_clk/X                  8     14     -6 (VIOLATED)
clkbuf_leaf_26_osc_clk/X                  8     14     -6 (VIOLATED)
clkbuf_leaf_34_osc_clk/X                  8     14     -6 (VIOLATED)
clkbuf_leaf_42_osc_clk/X                  8     14     -6 (VIOLATED)
clkbuf_leaf_64_osc_clk/X                  8     14     -6 (VIOLATED)
clkbuf_leaf_70_osc_clk/X                  8     14     -6 (VIOLATED)
clkbuf_leaf_77_osc_clk/X                  8     14     -6 (VIOLATED)
clkbuf_leaf_7_osc_clk/X                   8     14     -6 (VIOLATED)
clkbuf_leaf_11_osc_clk/X                  8     13     -5 (VIOLATED)
clkbuf_leaf_12_osc_clk/X                  8     13     -5 (VIOLATED)
clkbuf_leaf_27_osc_clk/X                  8     13     -5 (VIOLATED)
clkbuf_leaf_28_osc_clk/X                  8     13     -5 (VIOLATED)
clkbuf_leaf_29_osc_clk/X                  8     13     -5 (VIOLATED)
clkbuf_leaf_32_osc_clk/X                  8     13     -5 (VIOLATED)
clkbuf_leaf_33_osc_clk/X                  8     13     -5 (VIOLATED)
clkbuf_leaf_35_osc_clk/X                  8     13     -5 (VIOLATED)
clkbuf_leaf_37_osc_clk/X                  8     13     -5 (VIOLATED)
clkbuf_leaf_43_osc_clk/X                  8     13     -5 (VIOLATED)



===========================================================================
report_parasitic_annotation -report_unannotated
============================================================================
Found 57 unannotated drivers.
 clkload0/X
 clkload1/Y
 clkload10/X
 clkload11/Y
 clkload12/Y
 clkload13/Y
 clkload14/X
 clkload15/Y
 clkload16/Y
 clkload17/Y
 clkload18/Y
 clkload19/Y
 clkload2/Y
 clkload20/X
 clkload21/Y
 clkload22/X
 clkload23/Y
 clkload24/Y
 clkload25/Y
 clkload26/Y
 clkload27/Y
 clkload28/X
 clkload29/Y
 clkload3/Y
 clkload30/Y
 clkload31/Y
 clkload32/Y
 clkload33/Y
 clkload34/Y
 clkload35/Y
 clkload36/Y
 clkload37/Y
 clkload38/Y
 clkload39/Y
 clkload4/Y
 clkload40/Y
 clkload41/Y
 clkload42/Y
 clkload43/Y
 clkload44/Y
 clkload45/Y
 clkload46/Y
 clkload47/X
 clkload48/Y
 clkload49/Y
 clkload5/Y
 clkload50/Y
 clkload51/Y
 clkload52/Y
 clkload53/Y
 clkload54/Y
 clkload55/Y
 clkload56/Y
 clkload6/Y
 clkload7/Y
 clkload8/Y
 clkload9/Y
Found 0 partially unannotated drivers.

===========================================================================
max slew violation count 0
max fanout violation count 79
max cap violation count 0
============================================================================

===========================================================================
check_setup -verbose -unconstrained_endpoints -multiple_clock -no_clock -no_input_delay -loops -generated_clocks
===========================================================================
Warning: There are 5 input ports missing set_input_delay.
  cmp_hard
  cmp_soft
  en
  por_n
  tripped
Warning: There are 3 unconstrained endpoints.
  _6644_/D
  _6645_/D
  _6646_/D
