Warning: m=xx on .subckt line will override multiplier m hierarchy!



The temperature limiting function received NaN.
Please check your power dissipation and improve your heat sink Rth!
    This message will be shown only once.

Note: Starting dynamic gmin stepping
Note: Dynamic gmin stepping completed

Note: Compatibility modes selected: hs a


Circuit: * p1_comparator input common-mode range check

Doing analysis at TEMP = 27.000000 and TNOM = 27.000000

Using SPARSE 1.3 as Direct Linear Solver

Initial Transient Solution
--------------------------

Node                                   Voltage
----                                   -------
vcc_hbt                                    2.5
vdd                                        1.2
vss                                          0
clk_p                                      1.2
clk_n                                        0
raw_amp_p                               2.1336
raw_amp_n                               2.1436
in_p                                   2.13343
in_n                                   2.14339
trim_p                                    1.44
trim_n                                    1.44
xcomp.sub!                         1.61302e-08
xcomp.c_n                              2.12709
xcomp.xrc1.dt                                0
xcomp.c_p                               2.0789
xcomp.xrc2.dt                                0
xcomp.e_track                           1.2619
xcomp.xq1.s1                       1.69647e-08
xcomp.xq1.t                            8.77203
xcomp.xq2.s1                       1.69422e-08
xcomp.xq2.t                            9.85547
xcomp.ef_p                             1.28047
xcomp.e_latch                         0.978863
xcomp.xq3.s1                       1.69818e-08
xcomp.xq3.t                        1.80726e-08
xcomp.ef_n                              1.3275
xcomp.xq4.s1                       1.69626e-08
xcomp.xq4.t                        1.01491e-07
xcomp.e_tail                          0.279372
xcomp.xqclk_track.s1               1.66049e-08
xcomp.xqclk_track.t                    21.8557
xcomp.xqclk_latch.s1               1.65225e-08
xcomp.xqclk_latch.t                8.04481e-11
xcomp.c_p1_comp                        0.84646
xcomp.c_p2_comp                       0.763391
xcomp.e_p1_comp                      0.0168766
xcomp.xqp1_comp.s1                 1.64629e-08
xcomp.xqp1_comp.t                      3.18482
xcomp.xrdeg_p1_comp.dt                       0
xcomp.e_p2_comp                      0.0608689
xcomp.xqp2_comp.s1                 1.66668e-08
xcomp.xqp2_comp.t                     0.783049
xcomp.xrptat_comp.dt                         0
xcomp.e_scomp                        0.0163474
xcomp.xqs_comp.s1                  1.74762e-07
xcomp.xqs_comp.t                       1.17141
xcomp.xrdeg_scomp.dt                         0
xcomp.xqef1.s1                     1.71284e-08
xcomp.xqef1.t                          1.86175
xcomp.xqef2.s1                     1.71283e-08
xcomp.xqef2.t                          1.85575
xcomp.g_p                             0.510616
xcomp.xr1_p.dt                               0
xcomp.xr2_p.dt                               0
xcomp.g_n                             0.529369
xcomp.xr1_n.dt                               0
xcomp.xr2_n.dt                               0
xcomp.cml_out_n                       0.673276
xcomp.e_cmos                         0.0195758
xcomp.cml_out_p                       0.503604
xcomp.xcdamp1.1                       0.503604
xcomp.xcdamp2.1                       0.673276
xcomp.raw_inv                          1.15821
pbit_raw                           1.38915e-07
pbit_out                                   1.2
clk_out_div                        4.76879e-08
xcomp.e_dac_p                         0.605322
xcomp.xqdac_p.s1                    1.6955e-08
xcomp.xqdac_p.t                        6.94444
xcomp.xrdac_p.dt                             0
xcomp.e_dac_n                         0.605512
xcomp.xqdac_n.s1                   1.69743e-08
xcomp.xqdac_n.t                        7.17305
xcomp.xrdac_n.dt                             0
vtrim_n#branch                    -4.42588e-07
vtrim_p#branch                    -4.81014e-07
vamp_n#branch                     -1.71648e-06
vamp_p#branch                     -1.37826e-06
vclk_n#branch                      2.52182e-12
vclk_p#branch                     -4.13443e-06
vss#branch                          0.00386451
vdd#branch                        -0.000117284
vcc_hbt#branch                     -0.00373907

 Reference value :  0.00000e+00 Reference value :  2.23000e-10 Reference value :  4.81000e-10 Reference value :  7.20000e-10 Reference value :  9.83000e-10
No. of Data Rows : 677
raw_latch_end       =  -1.40876e-05
out_latch_end       =  1.20000e+00
raw_track_end       =  7.36746e-06
out_track_end       =  1.20000e+00
out_max             =  1.20002e+00 at=  7.25000e-10
out_min             =  1.19998e+00 at=  6.18500e-10
raw_max             =  9.07068e-05 at=  7.43000e-10
raw_min             =  -5.84002e-05 at=  6.57000e-10
Note: Simulation executed from .control section 
