
Note: No compatibility mode selected!


Circuit: * g1_sense testbench: dc transfer, ac gain/bandwidth, step, psrr, cmrr

Warning : Nodeset on non-existent node - xdut.iptat, ignored
   Please check line .nodeset v(vref_buf)=    1.040000000000000e+00     v(vped)=    1.000755000000000e+00     v(isense)=    1.000755000000000e+00     v(xdut.vp)=0.047 v(xdut.vn)=0.047 v(xdut.iptat)=0.76 v(xdut.xref.out1)=    2.510000000000000e+00     v(xdut.xbuf.out1)=    2.510000000000000e+00     v(xdut.xota.out1)=    2.510000000000000e+00     v(xdut.xref.mir)=    2.510000000000000e+00     v(xdut.xbuf.mir)=    2.510000000000000e+00     v(xdut.xota.mir)=    2.510000000000000e+00     v(xdut.xref.tail)=1.65 v(xdut.xbuf.tail)=1.65 v(xdut.xota.tail)=1.6 v(xdut.xref.fn)=0.2 v(xdut.xref.fp)=0.2 v(xdut.xbuf.fn)=0.2 v(xdut.xbuf.fp)=0.2 v(xdut.xota.fn)=0.2 v(xdut.xota.fp)=0.2

Doing analysis at TEMP = 27.000000 and TNOM = 27.000000

Using SPARSE 1.3 as Direct Linear Solver
Note: Starting dynamic gmin stepping
Note: Dynamic gmin stepping completed
 Reference value :  0.00000e+00
No. of Data Rows : 1
OP: isense= 0.999851  vped= 1.00065  vref_buf= 1.03995  icmp= 0.499925  idd_uA= 982.853  vp= 0.04765  vn= 0.0476119  tail= 1.4814  fn= 0.195539  mir= 2.51477  vbnc= 0.96237  vbpc= 2.18296
Doing analysis at TEMP = 27.000000 and TNOM = 27.000000

Using SPARSE 1.3 as Direct Linear Solver
Note: Starting dynamic gmin stepping
Note: Dynamic gmin stepping completed
 Reference value : -5.00000e-03
No. of Data Rows : 61
vo0                 =  9.99851e-01
vo5                 =  1.09981e+00
vo45                =  1.89955e+00
vo50                =  1.99952e+00
vo55                =  2.09948e+00
DC: ped= 0.999851  gain= 19.9933  vo50= 1.99951  vo55= 2.09948  endpt_gain= 19.9933
Doing analysis at TEMP = 27.000000 and TNOM = 27.000000

Using SPARSE 1.3 as Direct Linear Solver
Note: Starting dynamic gmin stepping
Note: Dynamic gmin stepping completed
 Reference value :  1.00000e+03
No. of Data Rows : 107
g1k                 =  2.60174e+01
f3db                =  7.21210e+06
gpk                 =  2.97442e+01 at=  4.47414e+06
AC: gain_1k_dB= 26.0174  f3dB= 7.2121E+06  peak_dB= 29.7442
Doing analysis at TEMP = 27.000000 and TNOM = 27.000000

Using SPARSE 1.3 as Direct Linear Solver
Note: Starting dynamic gmin stepping
Note: Dynamic gmin stepping completed
 Reference value :  1.00000e+03
No. of Data Rows : 51
psrr1k              =  -6.22797e+01
psrr100k            =  -3.11989e+01
psrr1m              =  -1.09485e+01
PSRR_dB(out/vdd): 1k= -62.2797  100k= -31.1989  1M= -10.9485
Doing analysis at TEMP = 27.000000 and TNOM = 27.000000

Using SPARSE 1.3 as Direct Linear Solver
Note: Starting dynamic gmin stepping
Note: Dynamic gmin stepping completed
 Reference value :  1.00000e+03
No. of Data Rows : 51
cmg1k               =  -8.12572e+01
cmg1m               =  -5.40970e+01
CM gain dB(out/cm): 1k= -81.2572  1M= -54.097  (CMRR = 26 dB - this)
Doing analysis at TEMP = 27.000000 and TNOM = 27.000000

Using SPARSE 1.3 as Direct Linear Solver
Note: Starting dynamic gmin stepping
Note: Dynamic gmin stepping completed

Initial Transient Solution
--------------------------

Node                                   Voltage
----                                   -------
vdd                                        3.3
vref                                      1.04
iptat                                 0.756151
cm                                           0
shp                                          0
xdut.vn                              0.0476119
xdut.xr1n0.dt                                0
xdut.r2n_0                           0.0952238
xdut.xr2n0.dt                                0
xdut.r2n_1                            0.142836
xdut.xr2n1.dt                                0
xdut.r2n_2                            0.190448
xdut.xr2n2.dt                                0
xdut.r2n_3                            0.238059
xdut.xr2n3.dt                                0
xdut.r2n_4                            0.285671
xdut.xr2n4.dt                                0
xdut.r2n_5                            0.333283
xdut.xr2n5.dt                                0
xdut.r2n_6                            0.380895
xdut.xr2n6.dt                                0
xdut.r2n_7                            0.428507
xdut.xr2n7.dt                                0
xdut.r2n_8                            0.476119
xdut.xr2n8.dt                                0
xdut.r2n_9                            0.523731
xdut.xr2n9.dt                                0
xdut.r2n_10                           0.571343
xdut.xr2n10.dt                               0
xdut.r2n_11                           0.618955
xdut.xr2n11.dt                               0
xdut.r2n_12                           0.666567
xdut.xr2n12.dt                               0
xdut.r2n_13                           0.714179
xdut.xr2n13.dt                               0
xdut.r2n_14                           0.761791
xdut.xr2n14.dt                               0
xdut.r2n_15                           0.809403
xdut.xr2n15.dt                               0
xdut.r2n_16                           0.857015
xdut.xr2n16.dt                               0
xdut.r2n_17                           0.904627
xdut.xr2n17.dt                               0
xdut.r2n_18                           0.952239
xdut.xr2n18.dt                               0
isense                                0.999851
xdut.xr2n19.dt                               0
xdut.vp                                0.04765
xdut.xr1p0.dt                                0
xdut.r2p_0                              0.0953
xdut.xr2p0.dt                                0
xdut.r2p_1                             0.14295
xdut.xr2p1.dt                                0
xdut.r2p_2                              0.1906
xdut.xr2p2.dt                                0
xdut.r2p_3                             0.23825
xdut.xr2p3.dt                                0
xdut.r2p_4                              0.2859
xdut.xr2p4.dt                                0
xdut.r2p_5                             0.33355
xdut.xr2p5.dt                                0
xdut.r2p_6                              0.3812
xdut.xr2p6.dt                                0
xdut.r2p_7                             0.42885
xdut.xr2p7.dt                                0
xdut.r2p_8                              0.4765
xdut.xr2p8.dt                                0
xdut.r2p_9                            0.524151
xdut.xr2p9.dt                                0
xdut.r2p_10                           0.571801
xdut.xr2p10.dt                               0
xdut.r2p_11                           0.619451
xdut.xr2p11.dt                               0
xdut.r2p_12                           0.667101
xdut.xr2p12.dt                               0
xdut.r2p_13                           0.714751
xdut.xr2p13.dt                               0
xdut.r2p_14                           0.762401
xdut.xr2p14.dt                               0
xdut.r2p_15                           0.810051
xdut.xr2p15.dt                               0
xdut.r2p_16                           0.857701
xdut.xr2p16.dt                               0
xdut.r2p_17                           0.905352
xdut.xr2p17.dt                               0
xdut.r2p_18                           0.953002
xdut.xr2p18.dt                               0
vped                                   1.00065
xdut.xr2p19.dt                               0
vref_buf                               1.03995
xdut.rd1_0                             1.02033
xdut.xrd10.dt                                0
xdut.vped_ref                          1.00071
xdut.xrd11.dt                                0
xdut.rd2_0                            0.981084
xdut.xrd20.dt                                0
xdut.rd2_1                            0.961462
xdut.xrd21.dt                                0
xdut.rd2_2                            0.941841
xdut.xrd22.dt                                0
xdut.rd2_3                            0.922219
xdut.xrd23.dt                                0
xdut.rd2_4                            0.902597
xdut.xrd24.dt                                0
xdut.rd2_5                            0.882975
xdut.xrd25.dt                                0
xdut.rd2_6                            0.863354
xdut.xrd26.dt                                0
xdut.rd2_7                            0.843732
xdut.xrd27.dt                                0
xdut.rd2_8                             0.82411
xdut.xrd28.dt                                0
xdut.rd2_9                            0.804489
xdut.xrd29.dt                                0
xdut.rd2_10                           0.784867
xdut.xrd210.dt                               0
xdut.rd2_11                           0.765245
xdut.xrd211.dt                               0
xdut.rd2_12                           0.745624
xdut.xrd212.dt                               0
xdut.rd2_13                           0.726002
xdut.xrd213.dt                               0
xdut.rd2_14                            0.70638
xdut.xrd214.dt                               0
xdut.rd2_15                           0.686758
xdut.xrd215.dt                               0
xdut.rd2_16                           0.667137
xdut.xrd216.dt                               0
xdut.rd2_17                           0.647515
xdut.xrd217.dt                               0
xdut.rd2_18                           0.627893
xdut.xrd218.dt                               0
xdut.rd2_19                           0.608272
xdut.xrd219.dt                               0
xdut.rd2_20                            0.58865
xdut.xrd220.dt                               0
xdut.rd2_21                           0.569028
xdut.xrd221.dt                               0
xdut.rd2_22                           0.549407
xdut.xrd222.dt                               0
xdut.rd2_23                           0.529785
xdut.xrd223.dt                               0
xdut.rd2_24                           0.510163
xdut.xrd224.dt                               0
xdut.rd2_25                           0.490542
xdut.xrd225.dt                               0
xdut.rd2_26                            0.47092
xdut.xrd226.dt                               0
xdut.rd2_27                           0.451298
xdut.xrd227.dt                               0
xdut.rd2_28                           0.431677
xdut.xrd228.dt                               0
xdut.rd2_29                           0.412055
xdut.xrd229.dt                               0
xdut.rd2_30                           0.392433
xdut.xrd230.dt                               0
xdut.rd2_31                           0.372812
xdut.xrd231.dt                               0
xdut.rd2_32                            0.35319
xdut.xrd232.dt                               0
xdut.rd2_33                           0.333568
xdut.xrd233.dt                               0
xdut.rd2_34                           0.313947
xdut.xrd234.dt                               0
xdut.rd2_35                           0.294325
xdut.xrd235.dt                               0
xdut.rd2_36                           0.274703
xdut.xrd236.dt                               0
xdut.rd2_37                           0.255082
xdut.xrd237.dt                               0
xdut.rd2_38                            0.23546
xdut.xrd238.dt                               0
xdut.rd2_39                           0.215838
xdut.xrd239.dt                               0
xdut.rd2_40                           0.196217
xdut.xrd240.dt                               0
xdut.rd2_41                           0.176595
xdut.xrd241.dt                               0
xdut.rd2_42                           0.156973
xdut.xrd242.dt                               0
xdut.rd2_43                           0.137352
xdut.xrd243.dt                               0
xdut.rd2_44                            0.11773
xdut.xrd244.dt                               0
xdut.rd2_45                          0.0981083
xdut.xrd245.dt                               0
xdut.rd2_46                          0.0784866
xdut.xrd246.dt                               0
xdut.rd2_47                           0.058865
xdut.xrd247.dt                               0
xdut.rd2_48                          0.0392433
xdut.xrd248.dt                               0
xdut.rd2_49                          0.0196216
xdut.xrd249.dt                               0
xdut.xrd250.dt                               0
xdut.xota.vbp                          2.45719
xdut.xota.vbnc                         0.96237
xdut.xota.vbpc                         2.18296
xdut.xota.tail                          1.4814
xdut.xota.fn                          0.195539
xdut.xota.fp                          0.195232
xdut.xota.mir                          2.51477
xdut.xota.out1                         2.46274
xdut.xota.pc1                           3.0724
xdut.xota.pc2                          3.07233
xdut.xota.cz                           2.46274
xdut.xota.xrz.dt                             0
xdut.xota.xcc.1                        2.46274
xdut.xbuf.vbp                          2.45719
xdut.xbuf.vbnc                         0.96237
xdut.xbuf.vbpc                         2.18296
xdut.xbuf.tail                         2.30771
xdut.xbuf.fn                          0.194993
xdut.xbuf.fp                          0.194746
xdut.xbuf.mir                           2.5139
xdut.xbuf.out1                         2.47208
xdut.xbuf.pc1                          3.07299
xdut.xbuf.pc2                          3.07294
xdut.xbuf.cz                           2.47208
xdut.xbuf.xrz.dt                             0
xdut.xbuf.xcc.1                        2.47208
xdut.xref.vbp                          2.45719
xdut.xref.vbnc                         0.96237
xdut.xref.vbpc                         2.18296
xdut.xref.tail                         2.33652
xdut.xref.fn                           0.19497
xdut.xref.fp                          0.194735
xdut.xref.mir                          2.51386
xdut.xref.out1                          2.4743
xdut.xref.pc1                          3.07302
xdut.xref.pc2                          3.07296
xdut.xref.cz                            2.4743
xdut.xref.xrz.dt                             0
xdut.xref.xcc.1                         2.4743
icmp                                  0.499925
xrl1.dt                                      0
xrl2.dt                                      0
xch.1                                 0.499925
vsh#branch                         4.79062e-06
vcm#branch                          9.5774e-06
vref#branch                                  0
vdd#branch                        -0.000982853

 Reference value :  0.00000e+00 Reference value :  9.70560e-07 Reference value :  1.86517e-06 Reference value :  2.83717e-06 Reference value :  3.79917e-06
No. of Data Rows : 2016
vlo                 =  9.99851e-01
vhi                 =  1.99952e+00
t10                 =  1.01766e-06
t90                 =  1.06004e-06
vmax                =  2.32316e+00 at=  1.10517e-06
tsettle             =  1.06523e-06
STEP: vlo= 0.999851  vhi= 1.99951  trise10_90= 4.2387E-08  t_to_99pct= 6.5231E-08  overshoot_mV= 323.646
QUALIFICATION_END
ngspice-46 done
