violation type: Unconnected shape
	srcs: net:IOVDD
	bbox = (550.0000, 871.2000) - (554.6000, 871.6000) on Layer Metal1
violation type: Unconnected shape
	srcs: net:IOVDD
	bbox = (570.0000, 871.2000) - (574.6000, 871.6000) on Layer Metal1
violation type: Unconnected shape
	srcs: net:IOVDD
	bbox = (590.0000, 871.2000) - (594.6000, 871.6000) on Layer Metal1
violation type: Unconnected shape
	srcs: net:IOVDD
	bbox = (552.8000, 871.0400) - (553.0000, 871.7600) on Layer Metal2
violation type: Unconnected shape
	srcs: net:IOVDD
	bbox = (572.8000, 871.0400) - (573.0000, 871.7600) on Layer Metal2
violation type: Unconnected shape
	srcs: net:IOVDD
	bbox = (592.8000, 871.0400) - (593.0000, 871.7600) on Layer Metal2
violation type: Unconnected shape
	srcs: net:IOVDD
	bbox = (546.0000, 983.0000) - (638.0000, 985.6000) on Layer Metal3
violation type: Unconnected shape
	srcs: net:IOVDD
	bbox = (552.5400, 871.3000) - (553.2600, 871.5000) on Layer Metal3
violation type: Unconnected shape
	srcs: net:IOVDD
	bbox = (572.5400, 871.3000) - (573.2600, 871.5000) on Layer Metal3
violation type: Unconnected shape
	srcs: net:IOVDD
	bbox = (592.5400, 871.3000) - (593.2600, 871.5000) on Layer Metal3
violation type: Unconnected shape
	srcs: net:IOVDD
	bbox = (645.0000, 984.0000) - (729.0000, 986.0000) on Layer Metal3
violation type: Unconnected shape
	srcs: net:IOVDD
	bbox = (737.0000, 850.0000) - (966.0000, 851.5000) on Layer Metal3
violation type: Unconnected shape
	srcs: net:IOVDD
	bbox = (733.0000, 623.2500) - (985.1600, 626.2500) on Layer Metal3
violation type: Unconnected shape
	srcs: net:IOVDD
	bbox = (850.0000, 908.1500) - (980.6800, 911.1500) on Layer Metal3
violation type: Unconnected shape
	srcs: net:IOVDD
	bbox = (546.1200, 984.6650) - (634.6400, 985.4350) on Layer Metal4
violation type: Unconnected shape
	srcs: net:IOVDD
	bbox = (552.6000, 870.5600) - (553.2000, 872.7600) on Layer Metal4
violation type: Unconnected shape
	srcs: net:IOVDD
	bbox = (572.6000, 870.5600) - (573.2000, 872.7600) on Layer Metal4
violation type: Unconnected shape
	srcs: net:IOVDD
	bbox = (592.6000, 870.5600) - (593.2000, 872.7600) on Layer Metal4
violation type: Unconnected shape
	srcs: net:IOVDD
	bbox = (546.0000, 984.5000) - (634.7600, 986.0000) on Layer Metal5
violation type: Unconnected shape
	srcs: net:IOVDD
	bbox = (552.5900, 870.7400) - (553.2100, 872.5800) on Layer Metal5
violation type: Unconnected shape
	srcs: net:IOVDD
	bbox = (572.5900, 870.7400) - (573.2100, 872.5800) on Layer Metal5
violation type: Unconnected shape
	srcs: net:IOVDD
	bbox = (592.5900, 870.7400) - (593.2100, 872.5800) on Layer Metal5
violation type: Unconnected shape
	srcs: net:IOVDD
	bbox = (792.6200, 439.5000) - (946.0200, 441.0000) on Layer Metal5
violation type: Unconnected shape
	srcs: net:IOVDD
	bbox = (792.6200, 448.5000) - (946.0200, 450.0000) on Layer Metal5
violation type: Unconnected shape
	srcs: net:IOVDD
	bbox = (792.6200, 619.5000) - (946.0200, 621.0000) on Layer Metal5
violation type: Unconnected shape
	srcs: net:IOVDD
	bbox = (792.6200, 628.5000) - (946.0200, 630.0000) on Layer Metal5
violation type: Unconnected shape
	srcs: net:IOVDD
	bbox = (792.6200, 653.5000) - (946.0200, 655.0000) on Layer Metal5
violation type: Unconnected shape
	srcs: net:IOVDD
	bbox = (792.6200, 662.5000) - (946.0200, 664.0000) on Layer Metal5
violation type: Unconnected shape
	srcs: net:IOVDD
	bbox = (792.6200, 671.5000) - (946.0200, 673.0000) on Layer Metal5
violation type: Unconnected shape
	srcs: net:IOVDD
	bbox = (792.6200, 680.5000) - (946.0200, 682.0000) on Layer Metal5
violation type: Unconnected shape
	srcs: net:IOVDD
	bbox = (792.6200, 689.5000) - (946.0200, 691.0000) on Layer Metal5
violation type: Unconnected shape
	srcs: net:IOVDD
	bbox = (792.6200, 698.5000) - (946.0200, 700.0000) on Layer Metal5
violation type: Unconnected shape
	srcs: net:IOVDD
	bbox = (792.6200, 707.5000) - (946.0200, 709.0000) on Layer Metal5
violation type: Unconnected shape
	srcs: net:IOVDD
	bbox = (792.6200, 716.5000) - (946.0200, 718.0000) on Layer Metal5
violation type: Unconnected shape
	srcs: net:IOVDD
	bbox = (792.6200, 725.5000) - (946.0200, 727.0000) on Layer Metal5
violation type: Unconnected shape
	srcs: net:IOVDD
	bbox = (792.6200, 734.5000) - (946.0200, 736.0000) on Layer Metal5
violation type: Unconnected shape
	srcs: net:IOVDD
	bbox = (792.6200, 743.5000) - (946.0200, 745.0000) on Layer Metal5
violation type: Unconnected shape
	srcs: net:IOVDD
	bbox = (792.6200, 752.5000) - (946.0200, 754.0000) on Layer Metal5
violation type: Unconnected shape
	srcs: net:IOVDD
	bbox = (792.6200, 761.5000) - (946.0200, 763.0000) on Layer Metal5
violation type: Unconnected shape
	srcs: net:IOVDD
	bbox = (792.6200, 770.5000) - (946.0200, 772.0000) on Layer Metal5
violation type: Unconnected shape
	srcs: net:IOVDD
	bbox = (792.6200, 779.5000) - (946.0200, 781.0000) on Layer Metal5
violation type: Unconnected shape
	srcs: net:IOVDD
	bbox = (792.6200, 788.5000) - (946.0200, 790.0000) on Layer Metal5
violation type: Unconnected shape
	srcs: net:IOVDD
	bbox = (792.6200, 797.5000) - (946.0200, 799.0000) on Layer Metal5
violation type: Unconnected shape
	srcs: net:IOVDD
	bbox = (792.6200, 806.5000) - (946.0200, 808.0000) on Layer Metal5
violation type: Unconnected shape
	srcs: net:IOVDD
	bbox = (792.6200, 815.5000) - (946.0200, 817.0000) on Layer Metal5
violation type: Unconnected shape
	srcs: net:IOVDD
	bbox = (792.6200, 824.5000) - (946.0200, 826.0000) on Layer Metal5
violation type: Unconnected shape
	srcs: net:IOVDD
	bbox = (792.6200, 833.5000) - (946.0200, 835.0000) on Layer Metal5
violation type: Unconnected shape
	srcs: net:IOVDD
	bbox = (792.6200, 842.5000) - (946.0200, 844.0000) on Layer Metal5
violation type: Unconnected shape
	srcs: net:IOVDD
	bbox = (868.2200, 457.5000) - (946.0200, 459.0000) on Layer Metal5
violation type: Unconnected shape
	srcs: net:IOVDD
	bbox = (868.2200, 466.5000) - (946.0200, 468.0000) on Layer Metal5
violation type: Unconnected shape
	srcs: net:IOVDD
	bbox = (868.2200, 475.5000) - (946.0200, 477.0000) on Layer Metal5
violation type: Unconnected shape
	srcs: net:IOVDD
	bbox = (868.2200, 484.5000) - (946.0200, 486.0000) on Layer Metal5
violation type: Unconnected shape
	srcs: net:IOVDD
	bbox = (868.2200, 493.5000) - (946.0200, 495.0000) on Layer Metal5
violation type: Unconnected shape
	srcs: net:IOVDD
	bbox = (868.2200, 502.5000) - (946.0200, 504.0000) on Layer Metal5
violation type: Unconnected shape
	srcs: net:IOVDD
	bbox = (868.2200, 511.5000) - (946.0200, 513.0000) on Layer Metal5
violation type: Unconnected shape
	srcs: net:IOVDD
	bbox = (868.2200, 520.5000) - (946.0200, 522.0000) on Layer Metal5
violation type: Unconnected shape
	srcs: net:IOVDD
	bbox = (868.2200, 529.5000) - (946.0200, 531.0000) on Layer Metal5
violation type: Unconnected shape
	srcs: net:IOVDD
	bbox = (868.2200, 538.5000) - (946.0200, 540.0000) on Layer Metal5
violation type: Unconnected shape
	srcs: net:IOVDD
	bbox = (868.2200, 547.5000) - (946.0200, 549.0000) on Layer Metal5
violation type: Unconnected shape
	srcs: net:IOVDD
	bbox = (868.2200, 556.5000) - (946.0200, 558.0000) on Layer Metal5
violation type: Unconnected shape
	srcs: net:IOVDD
	bbox = (868.2200, 565.5000) - (946.0200, 567.0000) on Layer Metal5
violation type: Unconnected shape
	srcs: net:IOVDD
	bbox = (868.2200, 574.5000) - (946.0200, 576.0000) on Layer Metal5
violation type: Unconnected shape
	srcs: net:IOVDD
	bbox = (868.2200, 583.5000) - (946.0200, 585.0000) on Layer Metal5
violation type: Unconnected shape
	srcs: net:IOVDD
	bbox = (868.2200, 592.5000) - (946.0200, 594.0000) on Layer Metal5
violation type: Unconnected shape
	srcs: net:IOVDD
	bbox = (868.2200, 601.5000) - (946.0200, 603.0000) on Layer Metal5
violation type: Unconnected shape
	srcs: net:IOVDD
	bbox = (868.2200, 610.5000) - (946.0200, 612.0000) on Layer Metal5
violation type: Unconnected shape
	srcs: net:IOVDD
	bbox = (868.2200, 867.5000) - (946.0200, 869.0000) on Layer Metal5
violation type: Unconnected shape
	srcs: net:IOVDD
	bbox = (868.2200, 876.5000) - (946.0200, 878.0000) on Layer Metal5
violation type: Unconnected shape
	srcs: net:IOVDD
	bbox = (868.2200, 885.5000) - (946.0200, 887.0000) on Layer Metal5
violation type: Unconnected shape
	srcs: net:IOVDD
	bbox = (868.2200, 894.5000) - (946.0200, 896.0000) on Layer Metal5
violation type: Unconnected shape
	srcs: net:IOVDD
	bbox = (868.2200, 903.5000) - (946.0200, 905.0000) on Layer Metal5
violation type: Unconnected shape
	srcs: net:IOVDD
	bbox = (414.6200, 416.9600) - (416.8200, 872.7600) on Layer TopMetal1
violation type: Unconnected shape
	srcs: net:IOVDD
	bbox = (490.2200, 416.9600) - (492.4200, 872.7600) on Layer TopMetal1
violation type: Unconnected shape
	srcs: net:IOVDD
	bbox = (551.9500, 870.6100) - (553.8500, 872.7100) on Layer TopMetal1
violation type: Unconnected shape
	srcs: net:IOVDD
	bbox = (565.8200, 416.9600) - (568.0200, 797.1600) on Layer TopMetal1
violation type: Unconnected shape
	srcs: net:IOVDD
	bbox = (565.8200, 931.4400) - (568.0200, 986.0000) on Layer TopMetal1
violation type: Unconnected shape
	srcs: net:IOVDD
	bbox = (571.9500, 870.6100) - (573.8500, 872.7100) on Layer TopMetal1
violation type: Unconnected shape
	srcs: net:IOVDD
	bbox = (591.9500, 870.6100) - (593.8500, 872.7100) on Layer TopMetal1
violation type: Unconnected shape
	srcs: net:IOVDD
	bbox = (641.4200, 416.9600) - (643.6200, 948.3600) on Layer TopMetal1
violation type: Unconnected shape
	srcs: net:IOVDD
	bbox = (717.0200, 492.5600) - (719.2200, 980.0000) on Layer TopMetal1
violation type: Unconnected shape
	srcs: net:IOVDD
	bbox = (792.6200, 416.9600) - (794.8200, 450.0000) on Layer TopMetal1
violation type: Unconnected shape
	srcs: net:IOVDD
	bbox = (792.6200, 619.5000) - (794.8200, 948.3600) on Layer TopMetal1
violation type: Unconnected shape
	srcs: net:IOVDD
	bbox = (868.2200, 416.9600) - (870.4200, 790.0000) on Layer TopMetal1
violation type: Unconnected shape
	srcs: net:IOVDD
	bbox = (868.2200, 867.5000) - (870.4200, 948.3600) on Layer TopMetal1
violation type: Unconnected shape
	srcs: net:IOVDD
	bbox = (943.8200, 416.9600) - (946.0200, 948.3600) on Layer TopMetal1
violation type: Unconnected shape
	srcs: net:IOVDD
	bbox = (414.6200, 416.9600) - (946.0200, 419.1600) on Layer TopMetal2
violation type: Unconnected shape
	srcs: net:IOVDD
	bbox = (414.6200, 492.5600) - (946.0200, 494.7600) on Layer TopMetal2
violation type: Unconnected shape
	srcs: net:IOVDD
	bbox = (414.6200, 568.1600) - (946.0200, 570.3600) on Layer TopMetal2
violation type: Unconnected shape
	srcs: net:IOVDD
	bbox = (414.6200, 643.7600) - (946.0200, 645.9600) on Layer TopMetal2
violation type: Unconnected shape
	srcs: net:IOVDD
	bbox = (414.6200, 719.3600) - (946.0200, 721.5600) on Layer TopMetal2
violation type: Unconnected shape
	srcs: net:IOVDD
	bbox = (414.6200, 794.9600) - (946.0200, 797.1600) on Layer TopMetal2
violation type: Unconnected shape
	srcs: net:IOVDD
	bbox = (414.6200, 870.5600) - (946.0200, 872.7600) on Layer TopMetal2
violation type: Unconnected shape
	srcs: net:IOVDD
	bbox = (565.8200, 946.1600) - (946.0200, 948.3600) on Layer TopMetal2
violation type: Unconnected instance
	srcs: inst:i_core.u_bgr
	bbox = (645.0000, 862.0000) - (729.0000, 986.0000) on Layer -
violation type: Unconnected instance
	srcs: inst:i_core.u_gate
	bbox = (850.0000, 862.0000) - (980.6800, 912.6500) on Layer -
violation type: Unconnected instance
	srcs: inst:i_core.u_ls_en
	bbox = (586.0000, 860.0000) - (595.2000, 871.7000) on Layer -
violation type: Unconnected instance
	srcs: inst:i_core.u_ls_mode
	bbox = (566.0000, 860.0000) - (575.2000, 871.7000) on Layer -
violation type: Unconnected instance
	srcs: inst:i_core.u_ls_r4
	bbox = (546.0000, 860.0000) - (555.2000, 871.7000) on Layer -
violation type: Unconnected instance
	srcs: inst:i_core.u_sense
	bbox = (733.0000, 440.0000) - (985.1600, 629.2500) on Layer -
violation type: Unconnected instance
	srcs: inst:i_core.u_t2f
	bbox = (546.0000, 883.0000) - (638.0000, 985.6000) on Layer -
violation type: Unconnected instance
	srcs: inst:i_core.u_trip
	bbox = (737.0000, 648.0000) - (966.0000, 855.0000) on Layer -
