violation type: Unconnected shape
	srcs: net:IOVSS
	bbox = (546.0000, 883.0000) - (638.0000, 885.6000) on Layer Metal3
violation type: Unconnected shape
	srcs: net:IOVSS
	bbox = (645.0000, 862.0000) - (729.0000, 864.0000) on Layer Metal3
violation type: Unconnected shape
	srcs: net:IOVSS
	bbox = (733.0000, 443.0000) - (985.1600, 446.0000) on Layer Metal3
violation type: Unconnected shape
	srcs: net:IOVSS
	bbox = (733.6750, 443.1150) - (984.9150, 443.8850) on Layer Metal4
violation type: Unconnected shape
	srcs: net:IOVSS
	bbox = (647.6200, 864.5000) - (725.4200, 866.0000) on Layer Metal5
violation type: Unconnected shape
	srcs: net:IOVSS
	bbox = (648.2400, 873.5000) - (725.4200, 875.0000) on Layer Metal5
violation type: Unconnected shape
	srcs: net:IOVSS
	bbox = (648.2400, 882.5000) - (725.4200, 884.0000) on Layer Metal5
violation type: Unconnected shape
	srcs: net:IOVSS
	bbox = (648.2400, 891.5000) - (725.4200, 893.0000) on Layer Metal5
violation type: Unconnected shape
	srcs: net:IOVSS
	bbox = (648.2400, 900.5000) - (725.4200, 902.0000) on Layer Metal5
violation type: Unconnected shape
	srcs: net:IOVSS
	bbox = (648.2400, 909.5000) - (725.4200, 911.0000) on Layer Metal5
violation type: Unconnected shape
	srcs: net:IOVSS
	bbox = (648.2400, 918.5000) - (725.4200, 920.0000) on Layer Metal5
violation type: Unconnected shape
	srcs: net:IOVSS
	bbox = (648.2400, 927.5000) - (725.4200, 929.0000) on Layer Metal5
violation type: Unconnected shape
	srcs: net:IOVSS
	bbox = (648.2400, 936.5000) - (725.4200, 938.0000) on Layer Metal5
violation type: Unconnected shape
	srcs: net:IOVSS
	bbox = (648.2400, 945.5000) - (725.4200, 947.0000) on Layer Metal5
violation type: Unconnected shape
	srcs: net:IOVSS
	bbox = (648.2400, 954.5000) - (725.4200, 956.0000) on Layer Metal5
violation type: Unconnected shape
	srcs: net:IOVSS
	bbox = (648.2400, 963.5000) - (725.4200, 965.0000) on Layer Metal5
violation type: Unconnected shape
	srcs: net:IOVSS
	bbox = (648.2400, 972.5000) - (725.4200, 974.0000) on Layer Metal5
violation type: Unconnected shape
	srcs: net:IOVSS
	bbox = (648.2400, 981.5000) - (725.4200, 983.0000) on Layer Metal5
violation type: Unconnected shape
	srcs: net:IOVSS
	bbox = (733.4300, 442.5000) - (985.1600, 444.0000) on Layer Metal5
violation type: Unconnected shape
	srcs: net:IOVSS
	bbox = (798.8200, 451.5000) - (952.2200, 453.0000) on Layer Metal5
violation type: Unconnected shape
	srcs: net:IOVSS
	bbox = (798.8200, 613.5000) - (952.2200, 615.0000) on Layer Metal5
violation type: Unconnected shape
	srcs: net:IOVSS
	bbox = (798.8200, 622.5000) - (952.2200, 624.0000) on Layer Metal5
violation type: Unconnected shape
	srcs: net:IOVSS
	bbox = (874.4200, 460.5000) - (952.2200, 462.0000) on Layer Metal5
violation type: Unconnected shape
	srcs: net:IOVSS
	bbox = (874.4200, 469.5000) - (952.2200, 471.0000) on Layer Metal5
violation type: Unconnected shape
	srcs: net:IOVSS
	bbox = (874.4200, 478.5000) - (952.2200, 480.0000) on Layer Metal5
violation type: Unconnected shape
	srcs: net:IOVSS
	bbox = (874.4200, 487.5000) - (952.2200, 489.0000) on Layer Metal5
violation type: Unconnected shape
	srcs: net:IOVSS
	bbox = (874.4200, 496.5000) - (952.2200, 498.0000) on Layer Metal5
violation type: Unconnected shape
	srcs: net:IOVSS
	bbox = (874.4200, 505.5000) - (952.2200, 507.0000) on Layer Metal5
violation type: Unconnected shape
	srcs: net:IOVSS
	bbox = (874.4200, 514.5000) - (952.2200, 516.0000) on Layer Metal5
violation type: Unconnected shape
	srcs: net:IOVSS
	bbox = (874.4200, 523.5000) - (952.2200, 525.0000) on Layer Metal5
violation type: Unconnected shape
	srcs: net:IOVSS
	bbox = (874.4200, 532.5000) - (952.2200, 534.0000) on Layer Metal5
violation type: Unconnected shape
	srcs: net:IOVSS
	bbox = (874.4200, 541.5000) - (952.2200, 543.0000) on Layer Metal5
violation type: Unconnected shape
	srcs: net:IOVSS
	bbox = (874.4200, 550.5000) - (952.2200, 552.0000) on Layer Metal5
violation type: Unconnected shape
	srcs: net:IOVSS
	bbox = (874.4200, 559.5000) - (952.2200, 561.0000) on Layer Metal5
violation type: Unconnected shape
	srcs: net:IOVSS
	bbox = (874.4200, 568.5000) - (952.2200, 570.0000) on Layer Metal5
violation type: Unconnected shape
	srcs: net:IOVSS
	bbox = (874.4200, 577.5000) - (952.2200, 579.0000) on Layer Metal5
violation type: Unconnected shape
	srcs: net:IOVSS
	bbox = (874.4200, 586.5000) - (952.2200, 588.0000) on Layer Metal5
violation type: Unconnected shape
	srcs: net:IOVSS
	bbox = (874.4200, 595.5000) - (952.2200, 597.0000) on Layer Metal5
violation type: Unconnected shape
	srcs: net:IOVSS
	bbox = (874.4200, 604.5000) - (952.2200, 606.0000) on Layer Metal5
violation type: Unconnected shape
	srcs: net:IOVSS
	bbox = (309.8200, 423.1600) - (314.8200, 878.9600) on Layer TopMetal1
violation type: Unconnected shape
	srcs: net:IOVSS
	bbox = (420.8200, 312.1600) - (423.0200, 878.9600) on Layer TopMetal1
violation type: Unconnected shape
	srcs: net:IOVSS
	bbox = (496.4200, 312.1600) - (498.6200, 878.9600) on Layer TopMetal1
violation type: Unconnected shape
	srcs: net:IOVSS
	bbox = (572.0200, 312.1600) - (574.2200, 803.3600) on Layer TopMetal1
violation type: Unconnected shape
	srcs: net:IOVSS
	bbox = (572.0200, 933.5000) - (574.2200, 1037.3000) on Layer TopMetal1
violation type: Unconnected shape
	srcs: net:IOVSS
	bbox = (647.6200, 312.1600) - (649.8200, 1037.3000) on Layer TopMetal1
violation type: Unconnected shape
	srcs: net:IOVSS
	bbox = (723.2200, 498.7600) - (725.4200, 1037.3000) on Layer TopMetal1
violation type: Unconnected shape
	srcs: net:IOVSS
	bbox = (798.8200, 312.1600) - (801.0200, 453.0000) on Layer TopMetal1
violation type: Unconnected shape
	srcs: net:IOVSS
	bbox = (798.8200, 613.5000) - (801.0200, 1037.3000) on Layer TopMetal1
violation type: Unconnected shape
	srcs: net:IOVSS
	bbox = (874.4200, 312.1600) - (876.6200, 727.7600) on Layer TopMetal1
violation type: Unconnected shape
	srcs: net:IOVSS
	bbox = (874.4200, 876.7600) - (876.6200, 1037.3000) on Layer TopMetal1
violation type: Unconnected shape
	srcs: net:IOVSS
	bbox = (950.0200, 312.1600) - (952.2200, 1037.3000) on Layer TopMetal1
violation type: Unconnected shape
	srcs: net:IOVSS
	bbox = (1035.4200, 423.1600) - (1040.4200, 878.9600) on Layer TopMetal1
violation type: Unconnected shape
	srcs: net:IOVSS
	bbox = (309.8200, 423.1600) - (1040.4200, 425.3600) on Layer TopMetal2
violation type: Unconnected shape
	srcs: net:IOVSS
	bbox = (309.8200, 498.7600) - (1040.4200, 500.9600) on Layer TopMetal2
violation type: Unconnected shape
	srcs: net:IOVSS
	bbox = (309.8200, 574.3600) - (1040.4200, 576.5600) on Layer TopMetal2
violation type: Unconnected shape
	srcs: net:IOVSS
	bbox = (309.8200, 649.9600) - (1040.4200, 652.1600) on Layer TopMetal2
violation type: Unconnected shape
	srcs: net:IOVSS
	bbox = (309.8200, 801.1600) - (1040.4200, 803.3600) on Layer TopMetal2
violation type: Unconnected shape
	srcs: net:IOVSS
	bbox = (309.8200, 876.7600) - (1040.4200, 878.9600) on Layer TopMetal2
violation type: Unconnected shape
	srcs: net:IOVSS
	bbox = (420.8200, 312.1600) - (952.2200, 317.1600) on Layer TopMetal2
violation type: Unconnected shape
	srcs: net:IOVSS
	bbox = (420.8200, 725.5600) - (952.2200, 727.7600) on Layer TopMetal2
violation type: Unconnected shape
	srcs: net:IOVSS
	bbox = (420.8200, 1032.3000) - (952.2200, 1037.3000) on Layer TopMetal2
violation type: Unconnected shape
	srcs: net:IOVSS
	bbox = (572.0200, 952.3600) - (952.2200, 954.5600) on Layer TopMetal2
violation type: Unconnected instance
	srcs: inst:i_core.u_bgr
	bbox = (645.0000, 862.0000) - (729.0000, 986.0000) on Layer -
violation type: Unconnected instance
	srcs: inst:i_core.u_sense
	bbox = (733.0000, 440.0000) - (985.1600, 629.2500) on Layer -
violation type: Unconnected instance
	srcs: inst:i_core.u_t2f
	bbox = (546.0000, 883.0000) - (638.0000, 985.6000) on Layer -
