Using 16 threads…
Using a tile size of (500 µm)²…
Reading /work/designs/g1-guardian/blocks/g1_padring/flow/runs/dryrun-1350/56-magic-streamout/g1_chip_top.magic.gds ..
Reading /work/designs/g1-guardian/blocks/g1_padring/flow/runs/dryrun-1350/57-klayout-streamout/g1_chip_top.klayout.gds ..
--- Running XOR for layer 1/0 ---
"input" in: xor.drc:109
    Polygons (raw): 70261 (flat)  2602 (hierarchical)
    Elapsed: 0.000s  Memory: 839.00M
"input" in: xor.drc:109
    Polygons (raw): 69033 (flat)  2746 (hierarchical)
    Elapsed: 0.000s  Memory: 839.00M
"^" in: xor.drc:109
    Polygons (raw): 79 (flat)  79 (hierarchical)
    Elapsed: 0.730s  Memory: 850.00M
XOR differences: 79
"output" in: xor.drc:86
    Polygons (raw): 79 (flat)  79 (hierarchical)
    Elapsed: 0.020s  Memory: 850.00M
--- Running XOR for layer 1/20 ---
"input" in: xor.drc:109
    Polygons (raw): 28 (flat)  1 (hierarchical)
    Elapsed: 0.000s  Memory: 850.00M
"input" in: xor.drc:109
    Polygons (raw): 28 (flat)  2 (hierarchical)
    Elapsed: 0.000s  Memory: 850.00M
"^" in: xor.drc:109
    Polygons (raw): 0 (flat)  0 (hierarchical)
    Elapsed: 0.010s  Memory: 851.00M
XOR differences: 0
"output" in: xor.drc:86
    Polygons (raw): 0 (flat)  0 (hierarchical)
    Elapsed: 0.000s  Memory: 851.00M
--- Running XOR for layer 10/0 ---
"input" in: xor.drc:109
    Polygons (raw): 72096 (flat)  33893 (hierarchical)
    Elapsed: 0.000s  Memory: 851.00M
"input" in: xor.drc:109
    Polygons (raw): 72487 (flat)  33688 (hierarchical)
    Elapsed: 0.000s  Memory: 851.00M
"^" in: xor.drc:109
    Polygons (raw): 0 (flat)  0 (hierarchical)
    Elapsed: 0.780s  Memory: 875.00M
XOR differences: 0
"output" in: xor.drc:86
    Polygons (raw): 0 (flat)  0 (hierarchical)
    Elapsed: 0.010s  Memory: 875.00M
--- Running XOR for layer 10/2 ---
"input" in: xor.drc:109
    Polygons (raw): 516 (flat)  138 (hierarchical)
    Elapsed: 0.000s  Memory: 875.00M
"input" in: xor.drc:109
    Polygons (raw): 516 (flat)  139 (hierarchical)
    Elapsed: 0.000s  Memory: 875.00M
"^" in: xor.drc:109
    Polygons (raw): 0 (flat)  0 (hierarchical)
    Elapsed: 0.050s  Memory: 876.00M
XOR differences: 0
"output" in: xor.drc:86
    Polygons (raw): 0 (flat)  0 (hierarchical)
    Elapsed: 0.000s  Memory: 876.00M
--- Running XOR for layer 10/25 ---
"input" in: xor.drc:109
    Polygons (raw): 0 (flat)  0 (hierarchical)
    Elapsed: 0.000s  Memory: 876.00M
"input" in: xor.drc:109
    Polygons (raw): 0 (flat)  0 (hierarchical)
    Elapsed: 0.000s  Memory: 876.00M
"^" in: xor.drc:109
    Polygons (raw): 0 (flat)  0 (hierarchical)
    Elapsed: 0.050s  Memory: 876.00M
XOR differences: 0
"output" in: xor.drc:86
    Polygons (raw): 0 (flat)  0 (hierarchical)
    Elapsed: 0.000s  Memory: 876.00M
--- Running XOR for layer 111/0 ---
"input" in: xor.drc:109
    Polygons (raw): 5002 (flat)  2330 (hierarchical)
    Elapsed: 0.000s  Memory: 876.00M
"input" in: xor.drc:109
    Polygons (raw): 5002 (flat)  2339 (hierarchical)
    Elapsed: 0.000s  Memory: 876.00M
"^" in: xor.drc:109
    Polygons (raw): 14 (flat)  14 (hierarchical)
    Elapsed: 0.050s  Memory: 878.00M
XOR differences: 14
"output" in: xor.drc:86
    Polygons (raw): 14 (flat)  14 (hierarchical)
    Elapsed: 0.000s  Memory: 878.00M
--- Running XOR for layer 125/0 ---
"input" in: xor.drc:109
    Polygons (raw): 57074 (flat)  21438 (hierarchical)
    Elapsed: 0.000s  Memory: 878.00M
"input" in: xor.drc:109
    Polygons (raw): 57086 (flat)  20858 (hierarchical)
    Elapsed: 0.000s  Memory: 878.00M
"^" in: xor.drc:109
    Polygons (raw): 0 (flat)  0 (hierarchical)
    Elapsed: 0.250s  Memory: 885.00M
XOR differences: 0
"output" in: xor.drc:86
    Polygons (raw): 0 (flat)  0 (hierarchical)
    Elapsed: 0.000s  Memory: 885.00M
--- Running XOR for layer 126/0 ---
"input" in: xor.drc:109
    Polygons (raw): 1657 (flat)  358 (hierarchical)
    Elapsed: 0.000s  Memory: 885.00M
"input" in: xor.drc:109
    Polygons (raw): 2457 (flat)  292 (hierarchical)
    Elapsed: 0.000s  Memory: 885.00M
"^" in: xor.drc:109
    Polygons (raw): 2 (flat)  2 (hierarchical)
    Elapsed: 0.080s  Memory: 886.00M
XOR differences: 2
"output" in: xor.drc:86
    Polygons (raw): 2 (flat)  2 (hierarchical)
    Elapsed: 0.000s  Memory: 887.00M
--- Running XOR for layer 126/2 ---
"input" in: xor.drc:109
    Polygons (raw): 930 (flat)  127 (hierarchical)
    Elapsed: 0.000s  Memory: 887.00M
"input" in: xor.drc:109
    Polygons (raw): 930 (flat)  127 (hierarchical)
    Elapsed: 0.000s  Memory: 887.00M
"^" in: xor.drc:109
    Polygons (raw): 0 (flat)  0 (hierarchical)
    Elapsed: 0.050s  Memory: 887.00M
XOR differences: 0
"output" in: xor.drc:86
    Polygons (raw): 0 (flat)  0 (hierarchical)
    Elapsed: 0.010s  Memory: 887.00M
--- Running XOR for layer 126/25 ---
"input" in: xor.drc:109
    Polygons (raw): 0 (flat)  0 (hierarchical)
    Elapsed: 0.000s  Memory: 887.00M
"input" in: xor.drc:109
    Polygons (raw): 0 (flat)  0 (hierarchical)
    Elapsed: 0.000s  Memory: 887.00M
"^" in: xor.drc:109
    Polygons (raw): 0 (flat)  0 (hierarchical)
    Elapsed: 0.040s  Memory: 887.00M
XOR differences: 0
"output" in: xor.drc:86
    Polygons (raw): 0 (flat)  0 (hierarchical)
    Elapsed: 0.000s  Memory: 887.00M
--- Running XOR for layer 128/0 ---
"input" in: xor.drc:109
    Polygons (raw): 1262 (flat)  575 (hierarchical)
    Elapsed: 0.000s  Memory: 887.00M
"input" in: xor.drc:109
    Polygons (raw): 1262 (flat)  578 (hierarchical)
    Elapsed: 0.000s  Memory: 887.00M
"^" in: xor.drc:109
    Polygons (raw): 21 (flat)  21 (hierarchical)
    Elapsed: 0.020s  Memory: 888.00M
XOR differences: 21
"output" in: xor.drc:86
    Polygons (raw): 21 (flat)  21 (hierarchical)
    Elapsed: 0.000s  Memory: 888.00M
--- Running XOR for layer 129/0 ---
"input" in: xor.drc:109
    Polygons (raw): 5690 (flat)  4394 (hierarchical)
    Elapsed: 0.000s  Memory: 888.00M
"input" in: xor.drc:109
    Polygons (raw): 6010 (flat)  4878 (hierarchical)
    Elapsed: 0.000s  Memory: 888.00M
"^" in: xor.drc:109
    Polygons (raw): 968 (flat)  968 (hierarchical)
    Elapsed: 0.030s  Memory: 888.00M
XOR differences: 968
"output" in: xor.drc:86
    Polygons (raw): 968 (flat)  968 (hierarchical)
    Elapsed: 0.000s  Memory: 888.00M
--- Running XOR for layer 133/0 ---
"input" in: xor.drc:109
    Polygons (raw): 40982 (flat)  15152 (hierarchical)
    Elapsed: 0.000s  Memory: 888.00M
"input" in: xor.drc:109
    Polygons (raw): 41007 (flat)  12939 (hierarchical)
    Elapsed: 0.000s  Memory: 888.00M
"^" in: xor.drc:109
    Polygons (raw): 0 (flat)  0 (hierarchical)
    Elapsed: 0.210s  Memory: 892.00M
XOR differences: 0
"output" in: xor.drc:86
    Polygons (raw): 0 (flat)  0 (hierarchical)
    Elapsed: 0.000s  Memory: 892.00M
--- Running XOR for layer 134/0 ---
"input" in: xor.drc:109
    Polygons (raw): 880 (flat)  255 (hierarchical)
    Elapsed: 0.000s  Memory: 892.00M
"input" in: xor.drc:109
    Polygons (raw): 1386 (flat)  196 (hierarchical)
    Elapsed: 0.000s  Memory: 892.00M
"^" in: xor.drc:109
    Polygons (raw): 0 (flat)  0 (hierarchical)
    Elapsed: 0.050s  Memory: 893.00M
XOR differences: 0
"output" in: xor.drc:86
    Polygons (raw): 0 (flat)  0 (hierarchical)
    Elapsed: 0.000s  Memory: 893.00M
--- Running XOR for layer 134/2 ---
"input" in: xor.drc:109
    Polygons (raw): 692 (flat)  121 (hierarchical)
    Elapsed: 0.000s  Memory: 893.00M
"input" in: xor.drc:109
    Polygons (raw): 692 (flat)  121 (hierarchical)
    Elapsed: 0.000s  Memory: 893.00M
"^" in: xor.drc:109
    Polygons (raw): 0 (flat)  0 (hierarchical)
    Elapsed: 0.060s  Memory: 893.00M
XOR differences: 0
"output" in: xor.drc:86
    Polygons (raw): 0 (flat)  0 (hierarchical)
    Elapsed: 0.010s  Memory: 893.00M
--- Running XOR for layer 134/25 ---
"input" in: xor.drc:109
    Polygons (raw): 0 (flat)  0 (hierarchical)
    Elapsed: 0.000s  Memory: 893.00M
"input" in: xor.drc:109
    Polygons (raw): 0 (flat)  0 (hierarchical)
    Elapsed: 0.000s  Memory: 893.00M
"^" in: xor.drc:109
    Polygons (raw): 0 (flat)  0 (hierarchical)
    Elapsed: 0.020s  Memory: 893.00M
XOR differences: 0
"output" in: xor.drc:86
    Polygons (raw): 0 (flat)  0 (hierarchical)
    Elapsed: 0.000s  Memory: 893.00M
--- Running XOR for layer 14/0 ---
"input" in: xor.drc:109
    Polygons (raw): 31542 (flat)  2206 (hierarchical)
    Elapsed: 0.000s  Memory: 893.00M
"input" in: xor.drc:109
    Polygons (raw): 31542 (flat)  2248 (hierarchical)
    Elapsed: 0.000s  Memory: 893.00M
"^" in: xor.drc:109
    Polygons (raw): 68 (flat)  68 (hierarchical)
    Elapsed: 0.290s  Memory: 912.00M
XOR differences: 68
"output" in: xor.drc:86
    Polygons (raw): 68 (flat)  68 (hierarchical)
    Elapsed: 0.000s  Memory: 912.00M
--- Running XOR for layer 189/0 ---
"input" in: xor.drc:109
    Polygons (raw): 5 (flat)  3 (hierarchical)
    Elapsed: 0.010s  Memory: 912.00M
"input" in: xor.drc:109
    Polygons (raw): 5 (flat)  3 (hierarchical)
    Elapsed: 0.000s  Memory: 912.00M
"^" in: xor.drc:109
    Polygons (raw): 0 (flat)  0 (hierarchical)
    Elapsed: 0.010s  Memory: 912.00M
XOR differences: 0
"output" in: xor.drc:86
    Polygons (raw): 0 (flat)  0 (hierarchical)
    Elapsed: 0.000s  Memory: 912.00M
--- Running XOR for layer 189/4 ---
"input" in: xor.drc:109
    Polygons (raw): 13212 (flat)  55 (hierarchical)
    Elapsed: 0.000s  Memory: 912.00M
"input" in: xor.drc:109
    Polygons (raw): 13212 (flat)  62 (hierarchical)
    Elapsed: 0.000s  Memory: 912.00M
"^" in: xor.drc:109
    Polygons (raw): 0 (flat)  0 (hierarchical)
    Elapsed: 0.160s  Memory: 913.00M
XOR differences: 0
"output" in: xor.drc:86
    Polygons (raw): 0 (flat)  0 (hierarchical)
    Elapsed: 0.000s  Memory: 913.00M
--- Running XOR for layer 19/0 ---
"input" in: xor.drc:109
    Polygons (raw): 78112 (flat)  21234 (hierarchical)
    Elapsed: 0.000s  Memory: 913.00M
"input" in: xor.drc:109
    Polygons (raw): 78112 (flat)  19964 (hierarchical)
    Elapsed: 0.000s  Memory: 913.00M
"^" in: xor.drc:109
    Polygons (raw): 0 (flat)  0 (hierarchical)
    Elapsed: 0.370s  Memory: 918.00M
XOR differences: 0
"output" in: xor.drc:86
    Polygons (raw): 0 (flat)  0 (hierarchical)
    Elapsed: 0.020s  Memory: 918.00M
--- Running XOR for layer 26/0 ---
"input" in: xor.drc:109
    Polygons (raw): 28 (flat)  1 (hierarchical)
    Elapsed: 0.000s  Memory: 918.00M
"input" in: xor.drc:109
    Polygons (raw): 28 (flat)  2 (hierarchical)
    Elapsed: 0.000s  Memory: 918.00M
"^" in: xor.drc:109
    Polygons (raw): 0 (flat)  0 (hierarchical)
    Elapsed: 0.010s  Memory: 918.00M
XOR differences: 0
"output" in: xor.drc:86
    Polygons (raw): 0 (flat)  0 (hierarchical)
    Elapsed: 0.000s  Memory: 918.00M
--- Running XOR for layer 28/0 ---
"input" in: xor.drc:109
    Polygons (raw): 1676 (flat)  779 (hierarchical)
    Elapsed: 0.000s  Memory: 918.00M
"input" in: xor.drc:109
    Polygons (raw): 1676 (flat)  782 (hierarchical)
    Elapsed: 0.000s  Memory: 918.00M
"^" in: xor.drc:109
    Polygons (raw): 14 (flat)  14 (hierarchical)
    Elapsed: 0.030s  Memory: 918.00M
XOR differences: 14
"output" in: xor.drc:86
    Polygons (raw): 14 (flat)  14 (hierarchical)
    Elapsed: 0.000s  Memory: 918.00M
--- Running XOR for layer 29/0 ---
"input" in: xor.drc:109
    Polygons (raw): 107166 (flat)  37520 (hierarchical)
    Elapsed: 0.000s  Memory: 918.00M
"input" in: xor.drc:109
    Polygons (raw): 107191 (flat)  36194 (hierarchical)
    Elapsed: 0.000s  Memory: 918.00M
"^" in: xor.drc:109
    Polygons (raw): 0 (flat)  0 (hierarchical)
    Elapsed: 0.480s  Memory: 926.00M
XOR differences: 0
"output" in: xor.drc:86
    Polygons (raw): 0 (flat)  0 (hierarchical)
    Elapsed: 0.000s  Memory: 926.00M
--- Running XOR for layer 30/0 ---
"input" in: xor.drc:109
    Polygons (raw): 37914 (flat)  15907 (hierarchical)
    Elapsed: 0.000s  Memory: 926.00M
"input" in: xor.drc:109
    Polygons (raw): 38397 (flat)  15650 (hierarchical)
    Elapsed: 0.000s  Memory: 926.00M
"^" in: xor.drc:109
    Polygons (raw): 0 (flat)  0 (hierarchical)
    Elapsed: 0.320s  Memory: 942.00M
XOR differences: 0
"output" in: xor.drc:86
    Polygons (raw): 0 (flat)  0 (hierarchical)
    Elapsed: 0.000s  Memory: 942.00M
--- Running XOR for layer 30/2 ---
"input" in: xor.drc:109
    Polygons (raw): 1022 (flat)  214 (hierarchical)
    Elapsed: 0.000s  Memory: 942.00M
"input" in: xor.drc:109
    Polygons (raw): 1022 (flat)  214 (hierarchical)
    Elapsed: 0.000s  Memory: 942.00M
"^" in: xor.drc:109
    Polygons (raw): 0 (flat)  0 (hierarchical)
    Elapsed: 0.060s  Memory: 942.00M
XOR differences: 0
"output" in: xor.drc:86
    Polygons (raw): 0 (flat)  0 (hierarchical)
    Elapsed: 0.000s  Memory: 942.00M
--- Running XOR for layer 30/25 ---
"input" in: xor.drc:109
    Polygons (raw): 0 (flat)  0 (hierarchical)
    Elapsed: 0.000s  Memory: 942.00M
"input" in: xor.drc:109
    Polygons (raw): 0 (flat)  0 (hierarchical)
    Elapsed: 0.000s  Memory: 942.00M
"^" in: xor.drc:109
    Polygons (raw): 0 (flat)  0 (hierarchical)
    Elapsed: 0.050s  Memory: 942.00M
XOR differences: 0
"output" in: xor.drc:86
    Polygons (raw): 0 (flat)  0 (hierarchical)
    Elapsed: 0.000s  Memory: 942.00M
--- Running XOR for layer 31/0 ---
"input" in: xor.drc:109
    Polygons (raw): 14045 (flat)  273 (hierarchical)
    Elapsed: 0.000s  Memory: 942.00M
"input" in: xor.drc:109
    Polygons (raw): 14045 (flat)  298 (hierarchical)
    Elapsed: 0.000s  Memory: 942.00M
"^" in: xor.drc:109
    Polygons (raw): 16 (flat)  16 (hierarchical)
    Elapsed: 0.200s  Memory: 946.00M
XOR differences: 16
"output" in: xor.drc:86
    Polygons (raw): 16 (flat)  16 (hierarchical)
    Elapsed: 0.000s  Memory: 946.00M
--- Running XOR for layer 33/0 ---
"input" in: xor.drc:109
    Polygons (raw): 28 (flat)  1 (hierarchical)
    Elapsed: 0.000s  Memory: 946.00M
"input" in: xor.drc:109
    Polygons (raw): 28 (flat)  2 (hierarchical)
    Elapsed: 0.000s  Memory: 946.00M
"^" in: xor.drc:109
    Polygons (raw): 0 (flat)  0 (hierarchical)
    Elapsed: 0.000s  Memory: 947.00M
XOR differences: 0
"output" in: xor.drc:86
    Polygons (raw): 0 (flat)  0 (hierarchical)
    Elapsed: 0.000s  Memory: 947.00M
--- Running XOR for layer 36/0 ---
"input" in: xor.drc:109
    Polygons (raw): 19 (flat)  15 (hierarchical)
    Elapsed: 0.000s  Memory: 947.00M
"input" in: xor.drc:109
    Polygons (raw): 19 (flat)  16 (hierarchical)
    Elapsed: 0.000s  Memory: 947.00M
"^" in: xor.drc:109
    Polygons (raw): 2 (flat)  2 (hierarchical)
    Elapsed: 0.010s  Memory: 947.00M
XOR differences: 2
"output" in: xor.drc:86
    Polygons (raw): 2 (flat)  2 (hierarchical)
    Elapsed: 0.000s  Memory: 947.00M
--- Running XOR for layer 40/0 ---
"input" in: xor.drc:109
    Polygons (raw): 875 (flat)  140 (hierarchical)
    Elapsed: 0.000s  Memory: 947.00M
"input" in: xor.drc:109
    Polygons (raw): 875 (flat)  158 (hierarchical)
    Elapsed: 0.000s  Memory: 947.00M
"^" in: xor.drc:109
    Polygons (raw): 140 (flat)  140 (hierarchical)
    Elapsed: 0.020s  Memory: 947.00M
XOR differences: 140
"output" in: xor.drc:86
    Polygons (raw): 140 (flat)  140 (hierarchical)
    Elapsed: 0.000s  Memory: 946.00M
--- Running XOR for layer 41/0 ---
"input" in: xor.drc:109
    Polygons (raw): 24 (flat)  1 (hierarchical)
    Elapsed: 0.000s  Memory: 946.00M
"input" in: xor.drc:109
    Polygons (raw): 24 (flat)  1 (hierarchical)
    Elapsed: 0.000s  Memory: 946.00M
"^" in: xor.drc:109
    Polygons (raw): 0 (flat)  0 (hierarchical)
    Elapsed: 0.020s  Memory: 946.00M
XOR differences: 0
"output" in: xor.drc:86
    Polygons (raw): 0 (flat)  0 (hierarchical)
    Elapsed: 0.000s  Memory: 946.00M
--- Running XOR for layer 44/0 ---
"input" in: xor.drc:109
    Polygons (raw): 1442 (flat)  638 (hierarchical)
    Elapsed: 0.000s  Memory: 946.00M
"input" in: xor.drc:109
    Polygons (raw): 1442 (flat)  667 (hierarchical)
    Elapsed: 0.000s  Memory: 946.00M
"^" in: xor.drc:109
    Polygons (raw): 26 (flat)  26 (hierarchical)
    Elapsed: 0.020s  Memory: 946.00M
XOR differences: 26
"output" in: xor.drc:86
    Polygons (raw): 26 (flat)  26 (hierarchical)
    Elapsed: 0.000s  Memory: 946.00M
--- Running XOR for layer 49/0 ---
"input" in: xor.drc:109
    Polygons (raw): 56535 (flat)  20463 (hierarchical)
    Elapsed: 0.000s  Memory: 946.00M
"input" in: xor.drc:109
    Polygons (raw): 56565 (flat)  18928 (hierarchical)
    Elapsed: 0.000s  Memory: 946.00M
"^" in: xor.drc:109
    Polygons (raw): 0 (flat)  0 (hierarchical)
    Elapsed: 0.260s  Memory: 949.00M
XOR differences: 0
"output" in: xor.drc:86
    Polygons (raw): 0 (flat)  0 (hierarchical)
    Elapsed: 0.000s  Memory: 949.00M
--- Running XOR for layer 5/0 ---
"input" in: xor.drc:109
    Polygons (raw): 59675 (flat)  4581 (hierarchical)
    Elapsed: 0.000s  Memory: 949.00M
"input" in: xor.drc:109
    Polygons (raw): 58447 (flat)  4655 (hierarchical)
    Elapsed: 0.000s  Memory: 949.00M
"^" in: xor.drc:109
    Polygons (raw): 312 (flat)  312 (hierarchical)
    Elapsed: 0.680s  Memory: 970.00M
XOR differences: 312
"output" in: xor.drc:86
    Polygons (raw): 312 (flat)  312 (hierarchical)
    Elapsed: 0.010s  Memory: 970.00M
--- Running XOR for layer 5/2 ---
"input" in: xor.drc:109
    Polygons (raw): 1443 (flat)  654 (hierarchical)
    Elapsed: 0.000s  Memory: 970.00M
"input" in: xor.drc:109
    Polygons (raw): 1443 (flat)  686 (hierarchical)
    Elapsed: 0.000s  Memory: 970.00M
"^" in: xor.drc:109
    Polygons (raw): 116 (flat)  116 (hierarchical)
    Elapsed: 0.020s  Memory: 970.00M
XOR differences: 116
"output" in: xor.drc:86
    Polygons (raw): 116 (flat)  116 (hierarchical)
    Elapsed: 0.000s  Memory: 970.00M
--- Running XOR for layer 50/0 ---
"input" in: xor.drc:109
    Polygons (raw): 6577 (flat)  2167 (hierarchical)
    Elapsed: 0.000s  Memory: 970.00M
"input" in: xor.drc:109
    Polygons (raw): 7120 (flat)  1961 (hierarchical)
    Elapsed: 0.000s  Memory: 970.00M
"^" in: xor.drc:109
    Polygons (raw): 0 (flat)  0 (hierarchical)
    Elapsed: 0.120s  Memory: 970.00M
XOR differences: 0
"output" in: xor.drc:86
    Polygons (raw): 0 (flat)  0 (hierarchical)
    Elapsed: 0.000s  Memory: 970.00M
--- Running XOR for layer 50/2 ---
"input" in: xor.drc:109
    Polygons (raw): 892 (flat)  107 (hierarchical)
    Elapsed: 0.000s  Memory: 970.00M
"input" in: xor.drc:109
    Polygons (raw): 892 (flat)  107 (hierarchical)
    Elapsed: 0.010s  Memory: 970.00M
"^" in: xor.drc:109
    Polygons (raw): 0 (flat)  0 (hierarchical)
    Elapsed: 0.010s  Memory: 970.00M
XOR differences: 0
"output" in: xor.drc:86
    Polygons (raw): 0 (flat)  0 (hierarchical)
    Elapsed: 0.000s  Memory: 970.00M
--- Running XOR for layer 50/25 ---
"input" in: xor.drc:109
    Polygons (raw): 0 (flat)  0 (hierarchical)
    Elapsed: 0.000s  Memory: 970.00M
"input" in: xor.drc:109
    Polygons (raw): 0 (flat)  0 (hierarchical)
    Elapsed: 0.000s  Memory: 970.00M
"^" in: xor.drc:109
    Polygons (raw): 0 (flat)  0 (hierarchical)
    Elapsed: 0.020s  Memory: 970.00M
XOR differences: 0
"output" in: xor.drc:86
    Polygons (raw): 0 (flat)  0 (hierarchical)
    Elapsed: 0.000s  Memory: 970.00M
--- Running XOR for layer 51/0 ---
"input" in: xor.drc:109
    Polygons (raw): 3289 (flat)  818 (hierarchical)
    Elapsed: 0.000s  Memory: 970.00M
"input" in: xor.drc:109
    Polygons (raw): 2061 (flat)  863 (hierarchical)
    Elapsed: 0.000s  Memory: 970.00M
"^" in: xor.drc:109
    Polygons (raw): 230 (flat)  230 (hierarchical)
    Elapsed: 0.020s  Memory: 970.00M
XOR differences: 230
"output" in: xor.drc:86
    Polygons (raw): 230 (flat)  230 (hierarchical)
    Elapsed: 0.000s  Memory: 970.00M
--- Running XOR for layer 52/0 ---
"input" in: xor.drc:109
    Polygons (raw): 1262 (flat)  575 (hierarchical)
    Elapsed: 0.000s  Memory: 970.00M
"input" in: xor.drc:109
    Polygons (raw): 1262 (flat)  578 (hierarchical)
    Elapsed: 0.000s  Memory: 970.00M
"^" in: xor.drc:109
    Polygons (raw): 21 (flat)  21 (hierarchical)
    Elapsed: 0.020s  Memory: 970.00M
XOR differences: 21
"output" in: xor.drc:86
    Polygons (raw): 21 (flat)  21 (hierarchical)
    Elapsed: 0.000s  Memory: 970.00M
--- Running XOR for layer 6/0 ---
"input" in: xor.drc:109
    Polygons (raw): 3320538 (flat)  663551 (hierarchical)
    Elapsed: 0.000s  Memory: 970.00M
"input" in: xor.drc:109
    Polygons (raw): 3295859 (flat)  664579 (hierarchical)
    Elapsed: 0.000s  Memory: 970.00M
"^" in: xor.drc:109
    Polygons (raw): 26146 (flat)  26146 (hierarchical)
    Elapsed: 18.190s  Memory: 990.00M
XOR differences: 26146
"output" in: xor.drc:86
    Polygons (raw): 26146 (flat)  26146 (hierarchical)
    Elapsed: 0.060s  Memory: 999.00M
--- Running XOR for layer 63/0 ---
"input" in: xor.drc:109
    Polygons (raw): 0 (flat)  0 (hierarchical)
    Elapsed: 0.000s  Memory: 999.00M
"input" in: xor.drc:109
    Polygons (raw): 0 (flat)  0 (hierarchical)
    Elapsed: 0.000s  Memory: 999.00M
"^" in: xor.drc:109
    Polygons (raw): 0 (flat)  0 (hierarchical)
    Elapsed: 0.080s  Memory: 999.00M
XOR differences: 0
"output" in: xor.drc:86
    Polygons (raw): 0 (flat)  0 (hierarchical)
    Elapsed: 0.000s  Memory: 999.00M
--- Running XOR for layer 66/0 ---
"input" in: xor.drc:109
    Polygons (raw): 60938 (flat)  22858 (hierarchical)
    Elapsed: 0.000s  Memory: 999.00M
"input" in: xor.drc:109
    Polygons (raw): 60968 (flat)  21384 (hierarchical)
    Elapsed: 0.000s  Memory: 999.00M
"^" in: xor.drc:109
    Polygons (raw): 0 (flat)  0 (hierarchical)
    Elapsed: 0.400s  Memory: 1002.00M
XOR differences: 0
"output" in: xor.drc:86
    Polygons (raw): 0 (flat)  0 (hierarchical)
    Elapsed: 0.000s  Memory: 1002.00M
--- Running XOR for layer 67/0 ---
"input" in: xor.drc:109
    Polygons (raw): 3030 (flat)  1104 (hierarchical)
    Elapsed: 0.000s  Memory: 1002.00M
"input" in: xor.drc:109
    Polygons (raw): 3690 (flat)  1119 (hierarchical)
    Elapsed: 0.000s  Memory: 1002.00M
"^" in: xor.drc:109
    Polygons (raw): 0 (flat)  0 (hierarchical)
    Elapsed: 0.100s  Memory: 1002.00M
XOR differences: 0
"output" in: xor.drc:86
    Polygons (raw): 0 (flat)  0 (hierarchical)
    Elapsed: 0.000s  Memory: 1002.00M
--- Running XOR for layer 67/2 ---
"input" in: xor.drc:109
    Polygons (raw): 892 (flat)  107 (hierarchical)
    Elapsed: 0.000s  Memory: 1002.00M
"input" in: xor.drc:109
    Polygons (raw): 892 (flat)  107 (hierarchical)
    Elapsed: 0.000s  Memory: 1003.00M
"^" in: xor.drc:109
    Polygons (raw): 0 (flat)  0 (hierarchical)
    Elapsed: 0.020s  Memory: 1003.00M
XOR differences: 0
"output" in: xor.drc:86
    Polygons (raw): 0 (flat)  0 (hierarchical)
    Elapsed: 0.000s  Memory: 1003.00M
--- Running XOR for layer 67/25 ---
"input" in: xor.drc:109
    Polygons (raw): 0 (flat)  0 (hierarchical)
    Elapsed: 0.000s  Memory: 1003.00M
"input" in: xor.drc:109
    Polygons (raw): 0 (flat)  0 (hierarchical)
    Elapsed: 0.000s  Memory: 1003.00M
"^" in: xor.drc:109
    Polygons (raw): 0 (flat)  0 (hierarchical)
    Elapsed: 0.020s  Memory: 1003.00M
XOR differences: 0
"output" in: xor.drc:86
    Polygons (raw): 0 (flat)  0 (hierarchical)
    Elapsed: 0.000s  Memory: 1003.00M
--- Running XOR for layer 7/0 ---
"input" in: xor.drc:109
    Polygons (raw): 60 (flat)  4 (hierarchical)
    Elapsed: 0.000s  Memory: 1003.00M
"input" in: xor.drc:109
    Polygons (raw): 60 (flat)  4 (hierarchical)
    Elapsed: 0.000s  Memory: 1004.00M
"^" in: xor.drc:109
    Polygons (raw): 0 (flat)  0 (hierarchical)
    Elapsed: 0.010s  Memory: 1004.00M
XOR differences: 0
"output" in: xor.drc:86
    Polygons (raw): 0 (flat)  0 (hierarchical)
    Elapsed: 0.010s  Memory: 1004.00M
--- Running XOR for layer 7/21 ---
"input" in: xor.drc:109
    Polygons (raw): 28 (flat)  1 (hierarchical)
    Elapsed: 0.000s  Memory: 1004.00M
"input" in: xor.drc:109
    Polygons (raw): 28 (flat)  2 (hierarchical)
    Elapsed: 0.000s  Memory: 1004.00M
"^" in: xor.drc:109
    Polygons (raw): 0 (flat)  0 (hierarchical)
    Elapsed: 0.010s  Memory: 1004.00M
XOR differences: 0
"output" in: xor.drc:86
    Polygons (raw): 0 (flat)  0 (hierarchical)
    Elapsed: 0.000s  Memory: 1004.00M
--- Running XOR for layer 8/0 ---
"input" in: xor.drc:109
    Polygons (raw): 96184 (flat)  8240 (hierarchical)
    Elapsed: 0.000s  Memory: 1004.00M
"input" in: xor.drc:109
    Polygons (raw): 95202 (flat)  8346 (hierarchical)
    Elapsed: 0.000s  Memory: 1004.00M
"^" in: xor.drc:109
    Polygons (raw): 2026 (flat)  2026 (hierarchical)
    Elapsed: 1.780s  Memory: 1041.00M
XOR differences: 2026
"output" in: xor.drc:86
    Polygons (raw): 2026 (flat)  2026 (hierarchical)
    Elapsed: 0.020s  Memory: 1041.00M
--- Running XOR for layer 8/2 ---
"input" in: xor.drc:109
    Polygons (raw): 49429 (flat)  2726 (hierarchical)
    Elapsed: 0.000s  Memory: 1041.00M
"input" in: xor.drc:109
    Polygons (raw): 49429 (flat)  2816 (hierarchical)
    Elapsed: 0.000s  Memory: 1041.00M
"^" in: xor.drc:109
    Polygons (raw): 422 (flat)  422 (hierarchical)
    Elapsed: 0.340s  Memory: 1050.00M
XOR differences: 422
"output" in: xor.drc:86
    Polygons (raw): 422 (flat)  422 (hierarchical)
    Elapsed: 0.000s  Memory: 1050.00M
--- Running XOR for layer 8/25 ---
"input" in: xor.drc:109
    Polygons (raw): 0 (flat)  0 (hierarchical)
    Elapsed: 0.000s  Memory: 1050.00M
"input" in: xor.drc:109
    Polygons (raw): 0 (flat)  0 (hierarchical)
    Elapsed: 0.000s  Memory: 1050.00M
"^" in: xor.drc:109
    Polygons (raw): 0 (flat)  0 (hierarchical)
    Elapsed: 0.080s  Memory: 1050.00M
XOR differences: 0
"output" in: xor.drc:86
    Polygons (raw): 0 (flat)  0 (hierarchical)
    Elapsed: 0.000s  Memory: 1050.00M
--- Running XOR for layer 9/0 ---
"input" in: xor.drc:109
    Polygons (raw): 24 (flat)  1 (hierarchical)
    Elapsed: 0.000s  Memory: 1050.00M
"input" in: xor.drc:109
    Polygons (raw): 24 (flat)  1 (hierarchical)
    Elapsed: 0.000s  Memory: 1050.00M
"^" in: xor.drc:109
    Polygons (raw): 0 (flat)  0 (hierarchical)
    Elapsed: 0.010s  Memory: 1050.00M
XOR differences: 0
"output" in: xor.drc:86
    Polygons (raw): 0 (flat)  0 (hierarchical)
    Elapsed: 0.000s  Memory: 1050.00M
--- Running XOR for layer 99/31 ---
"input" in: xor.drc:109
    Polygons (raw): 134 (flat)  16 (hierarchical)
    Elapsed: 0.000s  Memory: 1050.00M
"input" in: xor.drc:109
    Polygons (raw): 134 (flat)  18 (hierarchical)
    Elapsed: 0.010s  Memory: 1050.00M
"^" in: xor.drc:109
    Polygons (raw): 0 (flat)  0 (hierarchical)
    Elapsed: 0.070s  Memory: 1050.00M
XOR differences: 0
"output" in: xor.drc:86
    Polygons (raw): 0 (flat)  0 (hierarchical)
    Elapsed: 0.000s  Memory: 1050.00M
---
Total XOR differences: 30623
Writing report database: /work/designs/g1-guardian/blocks/g1_padring/flow/runs/dryrun-1350/59-klayout-xor/xor.xml ..
Total elapsed: 28.410s  Memory: 1050.00M
/work/designs/g1-guardian/blocks/g1_padring/flow/runs/dryrun-1350/56-magic-streamout/g1_chip_top.magic.gds
/work/designs/g1-guardian/blocks/g1_padring/flow/runs/dryrun-1350/57-klayout-streamout/g1_chip_top.klayout.gds
%OL_METRIC_I design__xor_difference__count 30623
