┏━━━━━━━━━━━━━━━━━━━━━━┳━━━━━━━━━━┳━━━━━━━━━━┳━━━━━━━━━━┳━━━━━━━━━━┳━━━━━━━━━━━┳━━━━━━━━━━┳━━━━━━━━━━━┳━━━━━━━━━━┳━━━━━━━━━━━┳━━━━━━━━━━┳━━━━━━━━━━━┳━━━━━━━━━━┓
┃                      ┃ Hold     ┃ Reg to   ┃          ┃          ┃ of which  ┃ Setup    ┃           ┃          ┃           ┃ of which ┃           ┃          ┃
┃                      ┃ Worst    ┃ Reg      ┃          ┃ Hold Vio ┃ reg to    ┃ Worst    ┃ Reg to    ┃ Setup    ┃ Setup Vio ┃ reg to   ┃ Max Cap   ┃ Max Slew ┃
┃ Corner/Group         ┃ Slack    ┃ Paths    ┃ Hold TNS ┃ Count    ┃ reg       ┃ Slack    ┃ Reg Paths ┃ TNS      ┃ Count     ┃ reg      ┃ Violatio… ┃ Violati… ┃
┡━━━━━━━━━━━━━━━━━━━━━━╇━━━━━━━━━━╇━━━━━━━━━━╇━━━━━━━━━━╇━━━━━━━━━━╇━━━━━━━━━━━╇━━━━━━━━━━╇━━━━━━━━━━━╇━━━━━━━━━━╇━━━━━━━━━━━╇━━━━━━━━━━╇━━━━━━━━━━━╇━━━━━━━━━━┩
│ Overall              │ 0.1789   │ N/A      │ 0.0000   │ 0        │ 0         │ 56.5076  │ N/A       │ 0.0000   │ 0         │ 0        │ 0         │ 10       │
│ nom_fast_1p32V_m40C  │ 0.1789   │ N/A      │ 0.0000   │ 0        │ 0         │ 58.3835  │ N/A       │ 0.0000   │ 0         │ 0        │ 0         │ 10       │
│ nom_slow_1p08V_125C  │ 0.7171   │ N/A      │ 0.0000   │ 0        │ 0         │ 56.5076  │ N/A       │ 0.0000   │ 0         │ 0        │ 0         │ 10       │
│ nom_typ_1p20V_25C    │ 0.3681   │ N/A      │ 0.0000   │ 0        │ 0         │ 57.8338  │ N/A       │ 0.0000   │ 0         │ 0        │ 0         │ 10       │
└──────────────────────┴──────────┴──────────┴──────────┴──────────┴───────────┴──────────┴───────────┴──────────┴───────────┴──────────┴───────────┴──────────┘
