NGSPICE46-P1-CML-DIV2-CML-DIV4-READ-ONLY-STAGE2-REPLAY-CROSSING-TOPOLOGY-V1-MANIFEST.log
Read-only stage-2 replay crossing-topology V1 manifest (written last;
closure record; external identities)

members:
  NGSPICE46-P1-CML-DIV2-CML-DIV4-READ-ONLY-STAGE2-REPLAY-CROSSING-TOPOLOGY-V1-TOPOLOGY.tsv sha256=e1ecb52056a2cd1243c110abb52ae9b254dde1eca20bfad2609f1116ff518aa4 bytes=13012
  NGSPICE46-P1-CML-DIV2-CML-DIV4-READ-ONLY-STAGE2-REPLAY-CROSSING-TOPOLOGY-V1-PARSER.py sha256=b8a8d47532efab90aaa02afaeb2f62b253d6cca6d89a9fa5ee36a13ef56f05df bytes=19741
  NGSPICE46-P1-CML-DIV2-CML-DIV4-READ-ONLY-STAGE2-REPLAY-CROSSING-TOPOLOGY-V1-REPORT.log sha256=fa0474ee9b5cf6e4c6f4eb6a12351c1faae5680479c2a732baea285de315ec19 bytes=19865
  NGSPICE46-P1-CML-DIV2-CML-DIV4-READ-ONLY-STAGE2-REPLAY-CROSSING-TOPOLOGY-V1-SELFCHECK.py sha256=dbf6c090468e9d91d3b242ad48536c81478d9296e615d2a72c95e98e8542c047 bytes=12516
  NGSPICE46-P1-CML-DIV2-CML-DIV4-READ-ONLY-STAGE2-REPLAY-CROSSING-TOPOLOGY-V1-SELFCHECK-OUTPUT.log sha256=ac427e39ef3e3e6f5c8b2c1306a67edbe6a75b73f53882f665ffe7f4282bb074 bytes=8834

bound inputs:
  raw unloaded 456aa04dafc1b8a3023552e31cc1ba1c16fd8c55e04b5171934a7f0670489881 ; raw loaded 2f2010d24096030bb0317bf1c774fa16bcb82a61c09eb6f3badca402da357c26
  deck unloaded 7331ed2ee383c15044a29df4b8bd2f8c2817260f3b2a2ae98b586e68c7a67d2f ; deck loaded e8ffffeab75e7a75f50a7b1ced2609dfe224a3b9b4930836faffaea1e4082de8
  V3-CORRECTION-OF-CORRECTION: cf9638286611366c2d89ebae8349bb45ca3f4b7928b1050ae40f440470aec962 ; 3b3fcdf892e8252daf5e6d9cdb4acb539f298501b009c482cb0d1d0c6805e140 ; c2e559283a97a1a40d43a9ac50909b4e01b9d8a9d661c94946be1b21b3ac69f8
  FACTS TSV (accepted waveform analysis) 07e95bbe72cfe9a073b3a6e7156c4cdea7bfb6491a9530ed5641796ac867b682

closure: manifest written last; lists every file present in the package
except itself (5 members); post-close check confirmed the directory
contains exactly these 5 members plus this manifest; no unmanifested
follow-on. Manifest self-identity reported externally after close.
No simulation, no deck/data/raw edits, no waveform modification.
Facts only; no pass/fail, causal, compatibility, source-impedance,
specification, signoff, or tape-out claim. Awaiting Principal Engineer
review.
