min_delay/hold group asynchronous

                                      Required    Actual
Endpoint                                 Delay     Delay     Slack
------------------------------------------------------------------
i_core.u_digital/_6782_/RESET_B (sg13g2_dfrbpq_1)    0.3464    0.7397    0.3933 (MET)

min_delay/hold group SCLK

                                      Required    Actual
Endpoint                                 Delay     Delay     Slack
------------------------------------------------------------------
i_core.u_digital/_6764_/D (sg13g2_dfrbpq_1)    0.3772    0.5531    0.1759 (MET)

min_delay/hold group osc_clk

                                      Required    Actual
Endpoint                                 Delay     Delay     Slack
------------------------------------------------------------------
i_core.u_digital/_6756_/D (sg13g2_dfrbpq_1)    0.4886    0.6675    0.1789 (MET)

max_delay/setup group asynchronous

                                      Required    Actual
Endpoint                                 Delay     Delay     Slack
------------------------------------------------------------------
i_core.u_digital/_6054_/RESET_B (sg13g2_dfrbpq_1)   99.6924    3.2307   96.4617 (MET)

max_delay/setup group SCLK

                                      Required    Actual
Endpoint                                 Delay     Delay     Slack
------------------------------------------------------------------
SDO (bidirect)                         79.5000   57.1180   22.3820 (MET)

max_delay/setup group osc_clk

                                      Required    Actual
Endpoint                                 Delay     Delay     Slack
------------------------------------------------------------------
i_core.u_digital/_5595_/D (sg13g2_dfrbpq_1)   99.7938    4.3316   95.4622 (MET)

