

The temperature limiting function received NaN.
Please check your power dissipation and improve your heat sink Rth!
    This message will be shown only once.

Note: Starting dynamic gmin stepping

Note: No compatibility mode selected!


Circuit: * g1_bgr post-layout (kpex rc) testbench temp sweep: hbt=hbt_wcs mos=mos_tt res=res_typ vdd=3.3 v

Doing analysis at TEMP = 27.000000 and TNOM = 27.000000

Using SPARSE 1.3 as Direct Linear Solver
OSDI(debug) n.xbgr.xr86.nr1: WARNING: V(i1,c) voltage is greater than specified by vmax
OSDI(debug) n.xbgr.xr86.nr1: WARNING: V(i2,c) voltage is greater than specified by vmax
OSDI(debug) n.xbgr.xr85.nr1: WARNING: V(i1,c) voltage is greater than specified by vmax
OSDI(debug) n.xbgr.xr85.nr1: WARNING: V(i2,c) voltage is greater than specified by vmax
OSDI(debug) n.xbgr.xr84.nr1: WARNING: V(i1,c) voltage is greater than specified by vmax
OSDI(debug) n.xbgr.xr84.nr1: WARNING: V(i2,c) voltage is greater than specified by vmax
OSDI(debug) n.xbgr.xr83.nr1: WARNING: V(i1,c) voltage is greater than specified by vmax
OSDI(debug) n.xbgr.xr83.nr1: WARNING: V(i2,c) voltage is greater than specified by vmax
OSDI(debug) n.xbgr.xr82.nr1: WARNING: V(i1,c) voltage is greater than specified by vmax
OSDI(debug) n.xbgr.xr82.nr1: WARNING: V(i2,c) voltage is greater than specified by vmax
OSDI(debug) n.xbgr.xr81.nr1: WARNING: V(i1,c) voltage is greater than specified by vmax
OSDI(debug) n.xbgr.xr81.nr1: WARNING: V(i2,c) voltage is greater than specified by vmax
OSDI(debug) n.xbgr.xr80.nr1: WARNING: V(i1,c) voltage is greater than specified by vmax
OSDI(debug) n.xbgr.xr80.nr1: WARNING: V(i2,c) voltage is greater than specified by vmax
OSDI(debug) n.xbgr.xr79.nr1: WARNING: V(i1,c) voltage is greater than specified by vmax
OSDI(debug) n.xbgr.xr79.nr1: WARNING: V(i2,c) voltage is greater than specified by vmax
OSDI(debug) n.xbgr.xr78.nr1: WARNING: V(i1,c) voltage is greater than specified by vmax
OSDI(debug) n.xbgr.xr78.nr1: WARNING: V(i2,c) voltage is greater than specified by vmax
OSDI(debug) n.xbgr.xr77.nr1: WARNING: V(i1,c) voltage is greater than specified by vmax
OSDI(debug) n.xbgr.xr77.nr1: WARNING: V(i2,c) voltage is greater than specified by vmax
OSDI(debug) n.xbgr.xr26.nr1: WARNING: V(i1,c) voltage is greater than specified by vmax
OSDI(debug) n.xbgr.xr26.nr1: WARNING: V(i2,c) voltage is greater than specified by vmax
OSDI(debug) n.xbgr.xr25.nr1: WARNING: V(i1,c) voltage is greater than specified by vmax
OSDI(debug) n.xbgr.xr25.nr1: WARNING: V(i2,c) voltage is greater than specified by vmax
OSDI(debug) n.xbgr.xr24.nr1: WARNING: V(i1,c) voltage is greater than specified by vmax
OSDI(debug) n.xbgr.xr24.nr1: WARNING: V(i2,c) voltage is greater than specified by vmax
OSDI(debug) n.xbgr.xr23.nr1: WARNING: V(i1,c) voltage is greater than specified by vmax
OSDI(debug) n.xbgr.xr23.nr1: WARNING: V(i2,c) voltage is greater than specified by vmax
OSDI(debug) n.xbgr.xr22.nr1: WARNING: V(i1,c) voltage is greater than specified by vmax
OSDI(debug) n.xbgr.xr22.nr1: WARNING: V(i2,c) voltage is greater than specified by vmax
OSDI(debug) n.xbgr.xr21.nr1: WARNING: V(i1,c) voltage is greater than specified by vmax
OSDI(debug) n.xbgr.xr21.nr1: WARNING: V(i2,c) voltage is greater than specified by vmax
OSDI(debug) n.xbgr.xr20.nr1: WARNING: V(i1,c) voltage is greater than specified by vmax
OSDI(debug) n.xbgr.xr20.nr1: WARNING: V(i2,c) voltage is greater than specified by vmax
OSDI(debug) n.xbgr.xr19.nr1: WARNING: V(i1,c) voltage is greater than specified by vmax
OSDI(debug) n.xbgr.xr19.nr1: WARNING: V(i2,c) voltage is greater than specified by vmax
OSDI(debug) n.xbgr.xr18.nr1: WARNING: V(i1,c) voltage is greater than specified by vmax
OSDI(debug) n.xbgr.xr18.nr1: WARNING: V(i2,c) voltage is greater than specified by vmax
OSDI(debug) n.xbgr.xr17.nr1: WARNING: V(i1,c) voltage is greater than specified by vmax
OSDI(debug) n.xbgr.xr17.nr1: WARNING: V(i2,c) voltage is greater than specified by vmax
OSDI(debug) n.xbgr.xr16.nr1: WARNING: V(i1,c) voltage is greater than specified by vmax
OSDI(debug) n.xbgr.xr16.nr1: WARNING: V(i2,c) voltage is greater than specified by vmax
OSDI(debug) n.xbgr.xr15.nr1: WARNING: V(i1,c) voltage is greater than specified by vmax
OSDI(debug) n.xbgr.xr15.nr1: WARNING: V(i2,c) voltage is greater than specified by vmax
OSDI(debug) n.xbgr.xr11.nr1: WARNING: V(i1,c) voltage is greater than specified by vmax
OSDI(debug) n.xbgr.xr11.nr1: WARNING: V(i2,c) voltage is greater than specified by vmax
OSDI(debug) n.xbgr.xr10.nr1: WARNING: V(i1,c) voltage is greater than specified by vmax
OSDI(debug) n.xbgr.xr10.nr1: WARNING: V(i2,c) voltage is greater than specified by vmax
OSDI(debug) n.xbgr.xr9.nr1: WARNING: V(i1,c) voltage is greater than specified by vmax
OSDI(debug) n.xbgr.xr9.nr1: WARNING: V(i2,c) voltage is greater than specified by vmax
OSDI(debug) n.xbgr.xr8.nr1: WARNING: V(i1,c) voltage is greater than specified by vmax
OSDI(debug) n.xbgr.xr8.nr1: WARNING: V(i2,c) voltage is greater than specified by vmax
OSDI(debug) n.xbgr.xr7.nr1: WARNING: V(i1,c) voltage is greater than specified by vmax
OSDI(debug) n.xbgr.xr7.nr1: WARNING: V(i2,c) voltage is greater than specified by vmax
OSDI(debug) n.xbgr.xr6.nr1: WARNING: V(i1,c) voltage is greater than specified by vmax
OSDI(debug) n.xbgr.xr6.nr1: WARNING: V(i2,c) voltage is greater than specified by vmax
OSDI(debug) n.xbgr.xr5.nr1: WARNING: V(i1,c) voltage is greater than specified by vmax
OSDI(debug) n.xbgr.xr5.nr1: WARNING: V(i2,c) voltage is greater than specified by vmax
OSDI(debug) n.xbgr.xr4.nr1: WARNING: V(i1,c) voltage is greater than specified by vmax
OSDI(debug) n.xbgr.xr4.nr1: WARNING: V(i2,c) voltage is greater than specified by vmax
OSDI(debug) n.xbgr.xr3.nr1: WARNING: V(i1,c) voltage is greater than specified by vmax
OSDI(debug) n.xbgr.xr3.nr1: WARNING: V(i2,c) voltage is greater than specified by vmax
OSDI(debug) n.xbgr.xr2.nr1: WARNING: V(i1,c) voltage is greater than specified by vmax
OSDI(debug) n.xbgr.xr2.nr1: WARNING: V(i2,c) voltage is greater than specified by vmax
OSDI(debug) n.xbgr.xr1.nr1: WARNING: V(i1,c) voltage is greater than specified by vmax
OSDI(debug) n.xbgr.xr1.nr1: WARNING: V(i2,c) voltage is greater than specified by vmax
OSDI(debug) n.xbgr.xr14.nr1: OSDI(debug) n.xbgr.xr13.nr1: WARNING: V(i1,c) voltage is greater than specified by vmax
OSDI(debug) n.xbgr.xr13.nr1: WARNING: V(i2,c) voltage is greater than specified by vmax
OSDI(debug) n.xbgr.xr12.nr1: WARNING: V(i1,c) voltage is greater than specified by vmax
OSDI(debug) n.xbgr.xr12.nr1: WARNING: V(i2,c) voltage is greater than specified by vmax
WARNING: V(i1,c) voltage is greater than specified by vmax
OSDI(debug) n.xbgr.xr14.nr1: WARNING: V(i2,c) voltage is greater than specified by vmax
OSDI(debug) n.xbgr.xr86.nr1: WARNING: V(i1,c) voltage is greater than specified by vmax
OSDI(debug) n.xbgr.xr86.nr1: WARNING: V(i2,c) voltage is greater than specified by vmax
OSDI(debug) n.xbgr.xr85.nr1: WARNING: V(i1,c) voltage is greater than specified by vmax
OSDI(debug) n.xbgr.xr85.nr1: WARNING: V(i2,c) voltage is greater than specified by vmax
OSDI(debug) n.xbgr.xr84.nr1: WARNING: V(i1,c) voltage is greater than specified by vmax
OSDI(debug) n.xbgr.xr84.nr1: WARNING: V(i2,c) voltage is greater than specified by vmax
OSDI(debug) n.xbgr.xr83.nr1: WARNING: V(i1,c) voltage is greater than specified by vmax
OSDI(debug) n.xbgr.xr83.nr1: WARNING: V(i2,c) voltage is greater than specified by vmax
OSDI(debug) n.xbgr.xr82.nr1: WARNING: V(i1,c) voltage is greater than specified by vmax
OSDI(debug) n.xbgr.xr82.nr1: WARNING: V(i2,c) voltage is greater than specified by vmax
OSDI(debug) n.xbgr.xr81.nr1: WARNING: V(i1,c) voltage is greater than specified by vmax
OSDI(debug) n.xbgr.xr81.nr1: WARNING: V(i2,c) voltage is greater than specified by vmax
OSDI(debug) n.xbgr.xr80.nr1: WARNING: V(i1,c) voltage is greater than specified by vmax
OSDI(debug) n.xbgr.xr80.nr1: WARNING: V(i2,c) voltage is greater than specified by vmax
OSDI(debug) n.xbgr.xr79.nr1: WARNING: V(i1,c) voltage is greater than specified by vmax
OSDI(debug) n.xbgr.xr79.nr1: WARNING: V(i2,c) voltage is greater than specified by vmax
OSDI(debug) n.xbgr.xr78.nr1: WARNING: V(i1,c) voltage is greater than specified by vmax
OSDI(debug) n.xbgr.xr78.nr1: WARNING: V(i2,c) voltage is greater than specified by vmax
OSDI(debug) n.xbgr.xr77.nr1: WARNING: V(i1,c) voltage is greater than specified by vmax
OSDI(debug) n.xbgr.xr26.nr1: WARNING: V(i1,c) voltage is greater than specified by vmax
OSDI(debug) n.xbgr.xr26.nr1: WARNING: V(i2,c) voltage is greater than specified by vmax
OSDI(debug) n.xbgr.xr23.nr1: WARNING: V(i1,c) voltage is greater than specified by vmax
OSDI(debug) n.xbgr.xr23.nr1: WARNING: V(i2,c) voltage is greater than specified by vmax
OSDI(debug) n.xbgr.xr22.nr1: WARNING: V(i1,c) voltage is greater than specified by vmax
OSDI(debug) n.xbgr.xr22.nr1: WARNING: V(i2,c) voltage is greater than specified by vmax
OSDI(debug) n.xbgr.xr21.nr1: WARNING: V(i1,c) voltage is greater than specified by vmax
OSDI(debug) n.xbgr.xr21.nr1: WARNING: V(i2,c) voltage is greater than specified by vmax
OSDI(debug) n.xbgr.xr20.nr1: WARNING: V(i1,c) voltage is greater than specified by vmax
OSDI(debug) n.xbgr.xr20.nr1: WARNING: V(i2,c) voltage is greater than specified by vmax
OSDI(debug) n.xbgr.xr19.nr1: WARNING: V(i1,c) voltage is greater than specified by vmax
OSDI(debug) n.xbgr.xr19.nr1: WARNING: V(i2,c) voltage is greater than specified by vmax
OSDI(debug) n.xbgr.xr18.nr1: WARNING: V(i1,c) voltage is greater than specified by vmax
OSDI(debug) n.xbgr.xr18.nr1: WARNING: V(i2,c) voltage is greater than specified by vmax
OSDI(debug) n.xbgr.xr17.nr1: WARNING: V(i1,c) voltage is greater than specified by vmax
OSDI(debug) n.xbgr.xr17.nr1: WARNING: V(i2,c) voltage is greater than specified by vmax
OSDI(debug) n.xbgr.xr16.nr1: WARNING: V(i1,c) voltage is greater than specified by vmax
OSDI(debug) n.xbgr.xr16.nr1: WARNING: V(i2,c) voltage is greater than specified by vmax
OSDI(debug) n.xbgr.xr15.nr1: WARNING: V(i1,c) voltage is greater than specified by vmax
OSDI(debug) n.xbgr.xr15.nr1: WARNING: V(i2,c) voltage is greater than specified by vmax
OSDI(debug) n.xbgr.xr14.nr1: WARNING: V(i1,c) voltage is greater than specified by vmax
OSDI(debug) n.xbgr.xr14.nr1: WARNING: V(i2,c) voltage is greater than specified by vmax
OSDI(debug) n.xbgr.xr13.nr1: WARNING: V(i1,c) voltage is greater than specified by vmax
OSDI(debug) n.xbgr.xr13.nr1: WARNING: V(i2,c) voltage is greater than specified by vmax
OSDI(debug) n.xbgr.xr12.nr1: WARNING: V(i1,c) voltage is greater than specified by vmax
OSDI(debug) n.xbgr.xr12.nr1: WARNING: V(i2,c) voltage is greater than specified by vmax
OSDI(debug) n.xbgr.xr11.nr1: WARNING: V(i1,c) voltage is greater than specified by vmax
OSDI(debug) n.xbgr.xr11.nr1: WARNING: V(i2,c) voltage is greater than specified by vmax
OSDI(debug) n.xbgr.xr10.nr1: WARNING: V(i1,c) voltage is greater than specified by vmax
OSDI(debug) n.xbgr.xr10.nr1: WARNING: V(i2,c) voltage is greater than specified by vmax
OSDI(debug) n.xbgr.xr9.nr1: WARNING: V(i1,c) voltage is greater than specified by vmax
OSDI(debug) n.xbgr.xr9.nr1: WARNING: V(i2,c) voltage is greater than specified by vmax
OSDI(debug) n.xbgr.xr8.nr1: WARNING: V(i1,c) voltage is greater than specified by vmax
OSDI(debug) n.xbgr.xr8.nr1: WARNING: V(i2,c) voltage is greater than specified by vmax
OSDI(debug) n.xbgr.xr7.nr1: WARNING: V(i1,c) voltage is greater than specified by vmax
OSDI(debug) n.xbgr.xr7.nr1: WARNING: V(i2,c) voltage is greater than specified by vmax
OSDI(debug) n.xbgr.xr6.nr1: WARNING: V(i1,c) voltage is greater than specified by vmax
OSDI(debug) n.xbgr.xr6.nr1: WARNING: V(i2,c) voltage is greater than specified by vmax
OSDI(debug) n.xbgr.xr5.nr1: WARNING: V(i1,c) voltage is greater than specified by vmax
OSDI(debug) n.xbgr.xr5.nr1: WARNING: V(i2,c) voltage is greater than specified by vmax
OSDI(debug) n.xbgr.xr4.nr1: WARNING: V(i1,c) voltage is greater than specified by vmax
OSDI(debug) n.xbgr.xr4.nr1: WARNING: V(i2,c) voltage is greater than specified by vmax
OSDI(debug) n.xbgr.xr3.nr1: WARNING: V(i1,c) voltage is greater than specified by vmax
OSDI(debug) n.xbgr.xr3.nr1: WARNING: V(i2,c) voltage is greater than specified by vmax
OSDI(debug) n.xbgr.xr2.nr1: WARNING: V(i1,c) voltage is greater than specified by vmax
OSDI(debug) n.xbgr.xr2.nr1: WARNING: V(i2,c) voltage is greater than specified by vmax
OSDI(debug) n.xbgr.Note: Dynamic gmin stepping completed
xr1.nr1: WARNING: V(i1,c) voltage is greater than specified by vmax
OSDI(debug) n.xbgr.xr1.nr1: WARNING: V(i2,c) voltage is greater than specified by vmax
OSDI(debug) n.xbgr.xr24.nr1: OSDI(debug) n.xbgr.xr25.nr1: WARNING: V(i1,c) voltage is greater than specified by vmax
OSDI(debug) n.xbgr.xr25.nr1: WARNING: V(i2,c) voltage is greater than specified by vmax
OSDI(debug) n.xbgr.xr77.nr1: WARNING: V(i2,c) voltage is greater than specified by vmax
WARNING: V(i1,c) voltage is greater than specified by vmax
OSDI(debug) n.xbgr.xr24.nr1: WARNING: V(i2,c) voltage is greater than specified by vmax
 Reference value : -4.00000e+01 Reference value :  3.00000e+01 Reference value :  9.00000e+01 Reference value :  1.55000e+02
No. of Data Rows : 44
v27                 =  1.04668e+00
vm40                =  1.04526e+00
v85                 =  1.04610e+00
v125                =  1.04499e+00
v150                =  1.04461e+00
v175                =  1.04738e+00
vmax_ind            =  1.04669e+00 at=  3.50000e+01
vmin_ind            =  1.04499e+00 at=  1.25000e+02
vmax_full           =  1.04738e+00 at=  1.75000e+02
vmin_full           =  1.04459e+00 at=  1.45000e+02
ip27                =  4.12719e-06
ipm40               =  3.20672e-06
ip125               =  5.44270e-06
ip175               =  6.14561e-06
itot27              =  2.20012e-05
itot175             =  3.26513e-05
dvbe27              =  5.50436e-02
tc_ind = 9.843581e+00
tc_full = 1.242473e+01
Note: Simulation executed from .control section 
