22-Sep-2026 23:27:26 | INFO    | KLayout version detected: 0.30.9 (required >= 0.30.5)
22-Sep-2026 23:27:26 | INFO    | Using DRC JSON file: /foss/pdks/ihp-sg13g2/libs.tech/klayout/python/sg13g2_pycell_lib/sg13g2_tech_mod.json
22-Sep-2026 23:27:26 | INFO    | Running IHP-SG13G2 main checks on design ${RESULTS_ROOT}/sense-ring-routing-20260922-r7a/g1_sense_physical.gds, topcell: g1_sense_physical
2026-09-22 23:27:29 +0200: Memory Usage (408180K) : Starting running IHP-SG13G2 KLayout DRC runset on ${RESULTS_ROOT}/sense-ring-routing-20260922-r7a/g1_sense_physical.gds
2026-09-22 23:27:29 +0200: Memory Usage (408180K) : Ruby Version for klayout: 3.2.3
2026-09-22 23:27:29 +0200: Memory Usage (409348K) : Loading database to memory is complete.
2026-09-22 23:27:29 +0200: Memory Usage (409348K) : IHP-SG13G2 KLayout DRC runset output at: ${RESULTS_ROOT}/sense-ring-stock-20260922-r7a/drc/g1_sense_physical_g1_sense_physical_main.lyrdb
2026-09-22 23:27:29 +0200: Memory Usage (409348K) : Evaluate switches.
2026-09-22 23:27:29 +0200: Memory Usage (409348K) : tables selected: main
2026-09-22 23:27:29 +0200: Memory Usage (409348K) : KLayout will use 128 thread(s) in tiling mode.
2026-09-22 23:27:29 +0200: Memory Usage (409348K) : deep mode is enabled.
2026-09-22 23:27:29 +0200: Memory Usage (409348K) : FEOL enabled: true
2026-09-22 23:27:29 +0200: Memory Usage (409348K) : BEOL enabled: true
2026-09-22 23:27:29 +0200: Memory Usage (409348K) : OFFGRID enabled: true
2026-09-22 23:27:29 +0200: Memory Usage (409348K) : ANGLE enabled: true
2026-09-22 23:27:29 +0200: Memory Usage (409348K) : PIN enabled: true
2026-09-22 23:27:29 +0200: Memory Usage (409348K) : FORBIDDEN enabled: true
2026-09-22 23:27:29 +0200: Memory Usage (409348K) : RECOMMENDED enabled: true
2026-09-22 23:27:29 +0200: Memory Usage (409348K) : PreCheck DRC enabled: false
2026-09-22 23:27:29 +0200: Memory Usage (409348K) : CONNECTIVITY_RULES enabled: true.
2026-09-22 23:27:29 +0200: Memory Usage (409348K) : Read in polygons from layers.
2026-09-22 23:27:29 +0200: Memory Usage (410696K) : activ_drw has 1011 polygons
2026-09-22 23:27:29 +0200: Memory Usage (410696K) : activ_pin has 0 polygons
2026-09-22 23:27:29 +0200: Memory Usage (410696K) : activ_mask has 0 polygons
2026-09-22 23:27:29 +0200: Memory Usage (411396K) : activ_filler has 0 polygons
2026-09-22 23:27:29 +0200: Memory Usage (411396K) : activ_nofill has 4 polygons
2026-09-22 23:27:29 +0200: Memory Usage (411396K) : activ_opc has 0 polygons
2026-09-22 23:27:29 +0200: Memory Usage (411396K) : activ_iopc has 0 polygons
2026-09-22 23:27:29 +0200: Memory Usage (411396K) : activ_noqrc has 0 polygons
2026-09-22 23:27:29 +0200: Memory Usage (411660K) : biwind_drw has 0 polygons
2026-09-22 23:27:29 +0200: Memory Usage (411660K) : biwind_opc has 0 polygons
2026-09-22 23:27:29 +0200: Memory Usage (411660K) : pemwind_drw has 0 polygons
2026-09-22 23:27:29 +0200: Memory Usage (411660K) : gatpoly_drw has 1566 polygons
2026-09-22 23:27:29 +0200: Memory Usage (411660K) : gatpoly_pin has 50 polygons
2026-09-22 23:27:29 +0200: Memory Usage (411660K) : gatpoly_filler has 0 polygons
2026-09-22 23:27:29 +0200: Memory Usage (411660K) : gatpoly_nofill has 4 polygons
2026-09-22 23:27:29 +0200: Memory Usage (411660K) : gatpoly_opc has 0 polygons
2026-09-22 23:27:29 +0200: Memory Usage (411660K) : gatpoly_iopc has 0 polygons
2026-09-22 23:27:29 +0200: Memory Usage (411924K) : gatpoly_noqrc has 0 polygons
2026-09-22 23:27:29 +0200: Memory Usage (412452K) : cont_drw has 41384 polygons
2026-09-22 23:27:29 +0200: Memory Usage (412452K) : cont_opc has 0 polygons
2026-09-22 23:27:29 +0200: Memory Usage (412452K) : nsd_drw has 0 polygons
2026-09-22 23:27:29 +0200: Memory Usage (412716K) : nsd_block has 0 polygons
2026-09-22 23:27:29 +0200: Memory Usage (412716K) : metal1_drw has 3466 polygons
2026-09-22 23:27:29 +0200: Memory Usage (412716K) : metal1_pin has 106 polygons
2026-09-22 23:27:29 +0200: Memory Usage (412716K) : metal1_mask has 0 polygons
2026-09-22 23:27:29 +0200: Memory Usage (412716K) : metal1_filler has 0 polygons
2026-09-22 23:27:29 +0200: Memory Usage (412980K) : metal1_nofill has 4 polygons
2026-09-22 23:27:29 +0200: Memory Usage (412980K) : metal1_slit has 0 polygons
2026-09-22 23:27:29 +0200: Memory Usage (412980K) : metal1_text has 0 polygons
2026-09-22 23:27:29 +0200: Memory Usage (412980K) : metal1_opc has 0 polygons
2026-09-22 23:27:29 +0200: Memory Usage (412980K) : metal1_noqrc has 0 polygons
2026-09-22 23:27:29 +0200: Memory Usage (413324K) : metal1_res has 0 polygons
2026-09-22 23:27:29 +0200: Memory Usage (413324K) : metal1_iprobe has 0 polygons
2026-09-22 23:27:29 +0200: Memory Usage (413324K) : metal1_diffprb has 0 polygons
2026-09-22 23:27:29 +0200: Memory Usage (413324K) : passiv_drw has 0 polygons
2026-09-22 23:27:29 +0200: Memory Usage (413324K) : passiv_pin has 0 polygons
2026-09-22 23:27:29 +0200: Memory Usage (413588K) : passiv_sbump has 0 polygons
2026-09-22 23:27:29 +0200: Memory Usage (413588K) : passiv_pillar has 0 polygons
2026-09-22 23:27:29 +0200: Memory Usage (413588K) : passiv_pdl has 0 polygons
2026-09-22 23:27:29 +0200: Memory Usage (413588K) : metal2_drw has 1151 polygons
2026-09-22 23:27:29 +0200: Memory Usage (413852K) : metal2_pin has 0 polygons
2026-09-22 23:27:29 +0200: Memory Usage (413852K) : metal2_mask has 0 polygons
2026-09-22 23:27:29 +0200: Memory Usage (413852K) : metal2_filler has 0 polygons
2026-09-22 23:27:29 +0200: Memory Usage (414116K) : metal2_nofill has 4 polygons
2026-09-22 23:27:29 +0200: Memory Usage (414116K) : metal2_slit has 0 polygons
2026-09-22 23:27:29 +0200: Memory Usage (414116K) : metal2_text has 8 polygons
2026-09-22 23:27:29 +0200: Memory Usage (414116K) : metal2_opc has 0 polygons
2026-09-22 23:27:29 +0200: Memory Usage (414116K) : metal2_noqrc has 0 polygons
2026-09-22 23:27:29 +0200: Memory Usage (414484K) : metal2_res has 0 polygons
2026-09-22 23:27:29 +0200: Memory Usage (414484K) : metal2_iprobe has 0 polygons
2026-09-22 23:27:29 +0200: Memory Usage (414484K) : metal2_diffprb has 0 polygons
2026-09-22 23:27:29 +0200: Memory Usage (414484K) : baspoly_drw has 0 polygons
2026-09-22 23:27:29 +0200: Memory Usage (414484K) : baspoly_pin has 0 polygons
2026-09-22 23:27:29 +0200: Memory Usage (414748K) : psd_drw has 371 polygons
2026-09-22 23:27:29 +0200: Memory Usage (414748K) : nldb_drw has 0 polygons
2026-09-22 23:27:29 +0200: Memory Usage (414748K) : digibnd_drw has 0 polygons
2026-09-22 23:27:29 +0200: Memory Usage (414748K) : via1_drw has 1174 polygons
2026-09-22 23:27:29 +0200: Memory Usage (415012K) : backmetal1_drw has 0 polygons
2026-09-22 23:27:29 +0200: Memory Usage (415012K) : backmetal1_pin has 0 polygons
2026-09-22 23:27:29 +0200: Memory Usage (415012K) : backmetal1_mask has 0 polygons
2026-09-22 23:27:29 +0200: Memory Usage (415012K) : backmetal1_filler has 0 polygons
2026-09-22 23:27:29 +0200: Memory Usage (415012K) : backmetal1_nofill has 0 polygons
2026-09-22 23:27:29 +0200: Memory Usage (415276K) : backmetal1_slit has 0 polygons
2026-09-22 23:27:29 +0200: Memory Usage (415276K) : backmetal1_text has 0 polygons
2026-09-22 23:27:29 +0200: Memory Usage (415276K) : backmetal1_opc has 0 polygons
2026-09-22 23:27:29 +0200: Memory Usage (415276K) : backmetal1_noqrc has 0 polygons
2026-09-22 23:27:29 +0200: Memory Usage (415528K) : backmetal1_res has 0 polygons
2026-09-22 23:27:29 +0200: Memory Usage (415528K) : backmetal1_iprobe has 0 polygons
2026-09-22 23:27:29 +0200: Memory Usage (415656K) : backmetal1_diffprb has 0 polygons
2026-09-22 23:27:29 +0200: Memory Usage (415656K) : backpassiv_drw has 0 polygons
2026-09-22 23:27:29 +0200: Memory Usage (415656K) : res_drw has 0 polygons
2026-09-22 23:27:29 +0200: Memory Usage (415916K) : sram_drw has 0 polygons
2026-09-22 23:27:29 +0200: Memory Usage (415916K) : trans_drw has 0 polygons
2026-09-22 23:27:29 +0200: Memory Usage (415916K) : ind_drw has 0 polygons
2026-09-22 23:27:29 +0200: Memory Usage (415916K) : ind_pin has 0 polygons
2026-09-22 23:27:29 +0200: Memory Usage (415916K) : ind_text has 0 polygons
2026-09-22 23:27:29 +0200: Memory Usage (416180K) : salblock_drw has 100 polygons
2026-09-22 23:27:29 +0200: Memory Usage (416180K) : via2_drw has 419 polygons
2026-09-22 23:27:29 +0200: Memory Usage (416180K) : metal3_drw has 869 polygons
2026-09-22 23:27:29 +0200: Memory Usage (416180K) : metal3_pin has 0 polygons
2026-09-22 23:27:29 +0200: Memory Usage (416444K) : metal3_mask has 0 polygons
2026-09-22 23:27:29 +0200: Memory Usage (416444K) : metal3_filler has 0 polygons
2026-09-22 23:27:29 +0200: Memory Usage (416444K) : metal3_nofill has 4 polygons
2026-09-22 23:27:29 +0200: Memory Usage (416444K) : metal3_slit has 0 polygons
2026-09-22 23:27:29 +0200: Memory Usage (416444K) : metal3_text has 4 polygons
2026-09-22 23:27:29 +0200: Memory Usage (416740K) : metal3_opc has 0 polygons
2026-09-22 23:27:29 +0200: Memory Usage (416740K) : metal3_noqrc has 0 polygons
2026-09-22 23:27:29 +0200: Memory Usage (416740K) : metal3_res has 0 polygons
2026-09-22 23:27:29 +0200: Memory Usage (416740K) : metal3_iprobe has 0 polygons
2026-09-22 23:27:29 +0200: Memory Usage (417000K) : metal3_diffprb has 0 polygons
2026-09-22 23:27:29 +0200: Memory Usage (417000K) : nwell_drw has 49 polygons
2026-09-22 23:27:29 +0200: Memory Usage (417000K) : nwell_pin has 0 polygons
2026-09-22 23:27:29 +0200: Memory Usage (417000K) : nbulay_drw has 0 polygons
2026-09-22 23:27:29 +0200: Memory Usage (417000K) : nbulay_pin has 0 polygons
2026-09-22 23:27:29 +0200: Memory Usage (417000K) : nbulay_block has 0 polygons
2026-09-22 23:27:29 +0200: Memory Usage (417000K) : emwind_drw has 0 polygons
2026-09-22 23:27:29 +0200: Memory Usage (417264K) : emwind_opc has 0 polygons
2026-09-22 23:27:29 +0200: Memory Usage (417264K) : deepco_drw has 0 polygons
2026-09-22 23:27:29 +0200: Memory Usage (417264K) : deepco_drw has 0 polygons
2026-09-22 23:27:29 +0200: Memory Usage (417264K) : mim_drw has 3 polygons
2026-09-22 23:27:29 +0200: Memory Usage (417264K) : edgeseal_drw has 0 polygons
2026-09-22 23:27:29 +0200: Memory Usage (417264K) : edgeseal_bound has 0 polygons
2026-09-22 23:27:29 +0200: Memory Usage (417264K) : substrate_drw has 33 polygons
2026-09-22 23:27:29 +0200: Memory Usage (417528K) : substrate_text has 0 polygons
2026-09-22 23:27:29 +0200: Memory Usage (417528K) : dfpad_drw has 0 polygons
2026-09-22 23:27:29 +0200: Memory Usage (417528K) : dfpad_pillar has 0 polygons
2026-09-22 23:27:29 +0200: Memory Usage (417528K) : dfpad_sbump has 0 polygons
2026-09-22 23:27:29 +0200: Memory Usage (417528K) : thickgateox_drw has 66 polygons
2026-09-22 23:27:29 +0200: Memory Usage (417528K) : pldb_drw has 0 polygons
2026-09-22 23:27:29 +0200: Memory Usage (417792K) : pwell_drw has 0 polygons
2026-09-22 23:27:29 +0200: Memory Usage (417792K) : pwell_pin has 0 polygons
2026-09-22 23:27:29 +0200: Memory Usage (417792K) : pwell_block has 0 polygons
2026-09-22 23:27:29 +0200: Memory Usage (417792K) : ic_drw has 0 polygons
2026-09-22 23:27:29 +0200: Memory Usage (417792K) : via3_drw has 260 polygons
2026-09-22 23:27:29 +0200: Memory Usage (418056K) : metal4_drw has 443 polygons
2026-09-22 23:27:29 +0200: Memory Usage (418056K) : metal4_pin has 13 polygons
2026-09-22 23:27:29 +0200: Memory Usage (418056K) : metal4_mask has 0 polygons
2026-09-22 23:27:29 +0200: Memory Usage (418056K) : metal4_filler has 0 polygons
2026-09-22 23:27:29 +0200: Memory Usage (418320K) : metal4_nofill has 4 polygons
2026-09-22 23:27:29 +0200: Memory Usage (418320K) : metal4_slit has 0 polygons
2026-09-22 23:27:29 +0200: Memory Usage (418320K) : metal4_text has 13 polygons
2026-09-22 23:27:29 +0200: Memory Usage (418320K) : metal4_opc has 0 polygons
2026-09-22 23:27:29 +0200: Memory Usage (418320K) : metal4_noqrc has 0 polygons
2026-09-22 23:27:29 +0200: Memory Usage (418584K) : metal4_res has 0 polygons
2026-09-22 23:27:29 +0200: Memory Usage (418584K) : metal4_iprobe has 0 polygons
2026-09-22 23:27:29 +0200: Memory Usage (418584K) : metal4_diffprb has 0 polygons
2026-09-22 23:27:29 +0200: Memory Usage (418584K) : heattrans_drw has 835 polygons
2026-09-22 23:27:29 +0200: Memory Usage (418584K) : heatres_drw has 98 polygons
2026-09-22 23:27:29 +0200: Memory Usage (418848K) : pempoly_drw has 0 polygons
2026-09-22 23:27:29 +0200: Memory Usage (418848K) : fbe_drw has 0 polygons
2026-09-22 23:27:29 +0200: Memory Usage (418848K) : empoly_drw has 0 polygons
2026-09-22 23:27:29 +0200: Memory Usage (418848K) : ldmos_drw has 0 polygons
2026-09-22 23:27:29 +0200: Memory Usage (419112K) : pbiwind_drw has 0 polygons
2026-09-22 23:27:29 +0200: Memory Usage (419112K) : digisub_drw has 0 polygons
2026-09-22 23:27:29 +0200: Memory Usage (419112K) : nodrc_drw has 0 polygons
2026-09-22 23:27:29 +0200: Memory Usage (419112K) : text_drw has 59 polygons
2026-09-22 23:27:29 +0200: Memory Usage (419112K) : via4_drw has 270 polygons
2026-09-22 23:27:29 +0200: Memory Usage (419112K) : metal5_drw has 209 polygons
2026-09-22 23:27:29 +0200: Memory Usage (419112K) : metal5_pin has 0 polygons
2026-09-22 23:27:29 +0200: Memory Usage (419376K) : metal5_mask has 0 polygons
2026-09-22 23:27:29 +0200: Memory Usage (419376K) : metal5_filler has 0 polygons
2026-09-22 23:27:29 +0200: Memory Usage (419376K) : metal5_nofill has 4 polygons
2026-09-22 23:27:29 +0200: Memory Usage (419376K) : metal5_slit has 0 polygons
2026-09-22 23:27:29 +0200: Memory Usage (419376K) : metal5_text has 0 polygons
2026-09-22 23:27:29 +0200: Memory Usage (419640K) : metal5_opc has 0 polygons
2026-09-22 23:27:29 +0200: Memory Usage (419640K) : metal5_noqrc has 0 polygons
2026-09-22 23:27:29 +0200: Memory Usage (419640K) : metal5_res has 0 polygons
2026-09-22 23:27:29 +0200: Memory Usage (419640K) : metal5_iprobe has 0 polygons
2026-09-22 23:27:29 +0200: Memory Usage (419640K) : metal5_diffprb has 0 polygons
2026-09-22 23:27:29 +0200: Memory Usage (419904K) : radhard_drw has 0 polygons
2026-09-22 23:27:29 +0200: Memory Usage (419904K) : memcap_drw has 0 polygons
2026-09-22 23:27:29 +0200: Memory Usage (419904K) : varicap_drw has 0 polygons
2026-09-22 23:27:29 +0200: Memory Usage (419904K) : flash_drw has 0 polygons
2026-09-22 23:27:29 +0200: Memory Usage (419904K) : intbondvia_drw has 0 polygons
2026-09-22 23:27:29 +0200: Memory Usage (420168K) : intbondmet_drw has 0 polygons
2026-09-22 23:27:29 +0200: Memory Usage (420168K) : devbondvia_drw has 0 polygons
2026-09-22 23:27:29 +0200: Memory Usage (420168K) : devbondmet_drw has 0 polygons
2026-09-22 23:27:29 +0200: Memory Usage (420168K) : devtrench_drw has 0 polygons
2026-09-22 23:27:29 +0200: Memory Usage (420168K) : redist_drw has 0 polygons
2026-09-22 23:27:29 +0200: Memory Usage (420432K) : graphbot_drw has 0 polygons
2026-09-22 23:27:29 +0200: Memory Usage (420432K) : graphtop_drw has 0 polygons
2026-09-22 23:27:29 +0200: Memory Usage (420432K) : antvia1_drw has 0 polygons
2026-09-22 23:27:29 +0200: Memory Usage (420432K) : antmetal2_drw has 0 polygons
2026-09-22 23:27:29 +0200: Memory Usage (420432K) : graphcont_drw has 0 polygons
2026-09-22 23:27:29 +0200: Memory Usage (420696K) : siwg_drw has 0 polygons
2026-09-22 23:27:29 +0200: Memory Usage (420696K) : siwg_filler has 0 polygons
2026-09-22 23:27:29 +0200: Memory Usage (420696K) : siwg_nofill has 0 polygons
2026-09-22 23:27:29 +0200: Memory Usage (420696K) : sigrating_drw has 0 polygons
2026-09-22 23:27:29 +0200: Memory Usage (420696K) : singrating_drw has 0 polygons
2026-09-22 23:27:29 +0200: Memory Usage (420960K) : graphpas_drw has 0 polygons
2026-09-22 23:27:29 +0200: Memory Usage (420960K) : emwind3_drw has 0 polygons
2026-09-22 23:27:29 +0200: Memory Usage (420960K) : emwihv3_drw has 0 polygons
2026-09-22 23:27:29 +0200: Memory Usage (420960K) : redbulay_drw has 0 polygons
2026-09-22 23:27:29 +0200: Memory Usage (420960K) : smos_drw has 0 polygons
2026-09-22 23:27:29 +0200: Memory Usage (420960K) : graphpad_drw has 0 polygons
2026-09-22 23:27:29 +0200: Memory Usage (421224K) : polimide_drw has 0 polygons
2026-09-22 23:27:29 +0200: Memory Usage (421224K) : polimide_pin has 0 polygons
2026-09-22 23:27:29 +0200: Memory Usage (421224K) : recog_drw has 0 polygons
2026-09-22 23:27:29 +0200: Memory Usage (421224K) : recog_pin has 0 polygons
2026-09-22 23:27:29 +0200: Memory Usage (421224K) : recog_esd has 0 polygons
2026-09-22 23:27:29 +0200: Memory Usage (421224K) : recog_diode has 0 polygons
2026-09-22 23:27:29 +0200: Memory Usage (421488K) : recog_tsv has 0 polygons
2026-09-22 23:27:29 +0200: Memory Usage (421488K) : recog_iprobe has 0 polygons
2026-09-22 23:27:29 +0200: Memory Usage (421488K) : recog_diffprb has 0 polygons
2026-09-22 23:27:29 +0200: Memory Usage (421488K) : recog_pillar has 0 polygons
2026-09-22 23:27:29 +0200: Memory Usage (421488K) : recog_sbump has 0 polygons
2026-09-22 23:27:29 +0200: Memory Usage (421752K) : recog_otp has 0 polygons
2026-09-22 23:27:29 +0200: Memory Usage (421752K) : recog_pdiode has 0 polygons
2026-09-22 23:27:29 +0200: Memory Usage (421752K) : recog_mom has 0 polygons
2026-09-22 23:27:29 +0200: Memory Usage (421752K) : recog_pcm has 0 polygons
2026-09-22 23:27:29 +0200: Memory Usage (421752K) : colopen_drw has 0 polygons
2026-09-22 23:27:29 +0200: Memory Usage (422016K) : graphmetal1_drw has 0 polygons
2026-09-22 23:27:29 +0200: Memory Usage (422016K) : graphmetal1_filler has 0 polygons
2026-09-22 23:27:29 +0200: Memory Usage (422016K) : graphmetal1_nofill has 0 polygons
2026-09-22 23:27:29 +0200: Memory Usage (422016K) : graphmetal1_slit has 0 polygons
2026-09-22 23:27:29 +0200: Memory Usage (422016K) : graphmetal1_opc has 0 polygons
2026-09-22 23:27:29 +0200: Memory Usage (422280K) : graphmet1l_drw has 0 polygons
2026-09-22 23:27:29 +0200: Memory Usage (422280K) : graphmet1l_filler has 0 polygons
2026-09-22 23:27:29 +0200: Memory Usage (422280K) : graphmet1l_nofill has 0 polygons
2026-09-22 23:27:29 +0200: Memory Usage (422280K) : graphmet1l_slit has 0 polygons
2026-09-22 23:27:29 +0200: Memory Usage (422280K) : graphmet1l_opc has 0 polygons
2026-09-22 23:27:29 +0200: Memory Usage (422544K) : extblock_drw has 296 polygons
2026-09-22 23:27:29 +0200: Memory Usage (422544K) : nldd_drw has 0 polygons
2026-09-22 23:27:29 +0200: Memory Usage (422544K) : pldd_drw has 0 polygons
2026-09-22 23:27:29 +0200: Memory Usage (422544K) : next_drw has 0 polygons
2026-09-22 23:27:29 +0200: Memory Usage (422808K) : pext_drw has 0 polygons
2026-09-22 23:27:29 +0200: Memory Usage (422808K) : nexthv_drw has 0 polygons
2026-09-22 23:27:29 +0200: Memory Usage (422808K) : pexthv_drw has 0 polygons
2026-09-22 23:27:29 +0200: Memory Usage (422808K) : graphgate_drw has 0 polygons
2026-09-22 23:27:29 +0200: Memory Usage (422808K) : sinwg_drw has 0 polygons
2026-09-22 23:27:29 +0200: Memory Usage (422808K) : sinwg_filler has 0 polygons
2026-09-22 23:27:29 +0200: Memory Usage (422808K) : sinwg_nofill has 0 polygons
2026-09-22 23:27:29 +0200: Memory Usage (422808K) : mempad_drw has 0 polygons
2026-09-22 23:27:29 +0200: Memory Usage (422808K) : topvia1_drw has 59 polygons
2026-09-22 23:27:29 +0200: Memory Usage (422808K) : topmetal1_drw has 43 polygons
2026-09-22 23:27:29 +0200: Memory Usage (422808K) : topmetal1_pin has 1 polygons
2026-09-22 23:27:29 +0200: Memory Usage (422808K) : topmetal1_mask has 0 polygons
2026-09-22 23:27:29 +0200: Memory Usage (422808K) : topmetal1_filler has 0 polygons
2026-09-22 23:27:29 +0200: Memory Usage (422808K) : topmetal1_nofill has 4 polygons
2026-09-22 23:27:29 +0200: Memory Usage (422808K) : topmetal1_slit has 0 polygons
2026-09-22 23:27:29 +0200: Memory Usage (422808K) : topmetal1_text has 1 polygons
2026-09-22 23:27:29 +0200: Memory Usage (422808K) : topmetal1_noqrc has 0 polygons
2026-09-22 23:27:29 +0200: Memory Usage (422808K) : topmetal1_res has 0 polygons
2026-09-22 23:27:29 +0200: Memory Usage (422808K) : topmetal1_iprobe has 0 polygons
2026-09-22 23:27:29 +0200: Memory Usage (422808K) : topmetal1_diffprb has 0 polygons
2026-09-22 23:27:29 +0200: Memory Usage (422808K) : inldpwl_drw has 0 polygons
2026-09-22 23:27:29 +0200: Memory Usage (422808K) : polyres_drw has 98 polygons
2026-09-22 23:27:29 +0200: Memory Usage (422808K) : polyres_pin has 0 polygons
2026-09-22 23:27:29 +0200: Memory Usage (422808K) : vmim_drw has 1620 polygons
2026-09-22 23:27:29 +0200: Memory Usage (422808K) : nbulaycut_drw has 0 polygons
2026-09-22 23:27:29 +0200: Memory Usage (422808K) : antmetal1_drw has 0 polygons
2026-09-22 23:27:29 +0200: Memory Usage (422808K) : topvia2_drw has 16 polygons
2026-09-22 23:27:29 +0200: Memory Usage (422808K) : topmetal2_drw has 22 polygons
2026-09-22 23:27:29 +0200: Memory Usage (422808K) : topmetal2_pin has 1 polygons
2026-09-22 23:27:29 +0200: Memory Usage (422808K) : topmetal2_mask has 0 polygons
2026-09-22 23:27:29 +0200: Memory Usage (422808K) : topmetal2_filler has 0 polygons
2026-09-22 23:27:29 +0200: Memory Usage (422808K) : topmetal2_nofill has 4 polygons
2026-09-22 23:27:29 +0200: Memory Usage (422808K) : topmetal2_slit has 0 polygons
2026-09-22 23:27:29 +0200: Memory Usage (422808K) : topmetal2_text has 1 polygons
2026-09-22 23:27:29 +0200: Memory Usage (422808K) : topmetal2_noqrc has 0 polygons
2026-09-22 23:27:29 +0200: Memory Usage (422808K) : topmetal2_res has 0 polygons
2026-09-22 23:27:29 +0200: Memory Usage (422808K) : topmetal2_iprobe has 0 polygons
2026-09-22 23:27:29 +0200: Memory Usage (422808K) : topmetal2_diffprb has 0 polygons
2026-09-22 23:27:29 +0200: Memory Usage (422808K) : snsring_drw has 0 polygons
2026-09-22 23:27:29 +0200: Memory Usage (422808K) : sensor_drw has 0 polygons
2026-09-22 23:27:29 +0200: Memory Usage (422808K) : snsarms_drw has 0 polygons
2026-09-22 23:27:29 +0200: Memory Usage (422808K) : snscmosvia_drw has 0 polygons
2026-09-22 23:27:29 +0200: Memory Usage (422808K) : colwind_drw has 0 polygons
2026-09-22 23:27:29 +0200: Memory Usage (422808K) : flm_drw has 0 polygons
2026-09-22 23:27:29 +0200: Memory Usage (422808K) : hafniumox_drw has 0 polygons
2026-09-22 23:27:29 +0200: Memory Usage (422808K) : memvia_drw has 0 polygons
2026-09-22 23:27:29 +0200: Memory Usage (422808K) : thinfilmres_drw has 0 polygons
2026-09-22 23:27:29 +0200: Memory Usage (422808K) : rfmem_drw has 0 polygons
2026-09-22 23:27:29 +0200: Memory Usage (422808K) : norcx_drw has 0 polygons
2026-09-22 23:27:29 +0200: Memory Usage (422808K) : norcx_m2m3 has 0 polygons
2026-09-22 23:27:29 +0200: Memory Usage (422808K) : norcx_m2m4 has 0 polygons
2026-09-22 23:27:29 +0200: Memory Usage (422808K) : norcx_m2m5 has 0 polygons
2026-09-22 23:27:29 +0200: Memory Usage (422808K) : norcx_m2tm1 has 0 polygons
2026-09-22 23:27:29 +0200: Memory Usage (422808K) : norcx_m2tm2 has 0 polygons
2026-09-22 23:27:29 +0200: Memory Usage (422808K) : norcx_m3m4 has 0 polygons
2026-09-22 23:27:29 +0200: Memory Usage (422808K) : norcx_m3m5 has 0 polygons
2026-09-22 23:27:29 +0200: Memory Usage (422808K) : norcx_m3tm1 has 0 polygons
2026-09-22 23:27:29 +0200: Memory Usage (422808K) : norcx_m3tm2 has 0 polygons
2026-09-22 23:27:29 +0200: Memory Usage (422808K) : norcx_m4m5 has 0 polygons
2026-09-22 23:27:29 +0200: Memory Usage (422808K) : norcx_m4tm1 has 0 polygons
2026-09-22 23:27:29 +0200: Memory Usage (422808K) : norcx_m4tm2 has 0 polygons
2026-09-22 23:27:29 +0200: Memory Usage (422808K) : norcx_m5tm1 has 0 polygons
2026-09-22 23:27:29 +0200: Memory Usage (422808K) : norcx_m5tm2 has 0 polygons
2026-09-22 23:27:29 +0200: Memory Usage (422808K) : norcx_tm1tm2 has 0 polygons
2026-09-22 23:27:29 +0200: Memory Usage (422808K) : norcx_m1sub has 0 polygons
2026-09-22 23:27:29 +0200: Memory Usage (422808K) : norcx_m2sub has 0 polygons
2026-09-22 23:27:29 +0200: Memory Usage (422808K) : norcx_m3sub has 0 polygons
2026-09-22 23:27:29 +0200: Memory Usage (422808K) : norcx_m4sub has 0 polygons
2026-09-22 23:27:29 +0200: Memory Usage (422808K) : norcx_m5sub has 0 polygons
2026-09-22 23:27:29 +0200: Memory Usage (422808K) : norcx_tm1sub has 0 polygons
2026-09-22 23:27:29 +0200: Memory Usage (422808K) : norcx_tm2sub has 0 polygons
2026-09-22 23:27:29 +0200: Memory Usage (422808K) : snsbotvia_drw has 0 polygons
2026-09-22 23:27:29 +0200: Memory Usage (422808K) : snstopvia_drw has 0 polygons
2026-09-22 23:27:29 +0200: Memory Usage (422808K) : deepvia_drw has 0 polygons
2026-09-22 23:27:29 +0200: Memory Usage (422808K) : fgetch_drw has 0 polygons
2026-09-22 23:27:29 +0200: Memory Usage (422808K) : ctrgat_drw has 0 polygons
2026-09-22 23:27:29 +0200: Memory Usage (422808K) : fgimp_drw has 0 polygons
2026-09-22 23:27:29 +0200: Memory Usage (422808K) : emwihv_drw has 0 polygons
2026-09-22 23:27:29 +0200: Memory Usage (422808K) : lbe_drw has 0 polygons
2026-09-22 23:27:29 +0200: Memory Usage (422808K) : alcustop_drw has 0 polygons
2026-09-22 23:27:29 +0200: Memory Usage (422808K) : nometfiller_drw has 4 polygons
2026-09-22 23:27:29 +0200: Memory Usage (422808K) : prboundary_drw has 0 polygons
2026-09-22 23:27:29 +0200: Memory Usage (422808K) : exchange0_drw has 0 polygons
2026-09-22 23:27:29 +0200: Memory Usage (422808K) : exchange0_pin has 0 polygons
2026-09-22 23:27:29 +0200: Memory Usage (422808K) : exchange0_text has 0 polygons
2026-09-22 23:27:29 +0200: Memory Usage (422808K) : exchange1_drw has 0 polygons
2026-09-22 23:27:29 +0200: Memory Usage (422808K) : exchange1_pin has 0 polygons
2026-09-22 23:27:29 +0200: Memory Usage (422808K) : exchange1_text has 0 polygons
2026-09-22 23:27:29 +0200: Memory Usage (422808K) : exchange2_drw has 0 polygons
2026-09-22 23:27:29 +0200: Memory Usage (422808K) : exchange2_pin has 0 polygons
2026-09-22 23:27:29 +0200: Memory Usage (422808K) : exchange2_text has 0 polygons
2026-09-22 23:27:29 +0200: Memory Usage (422808K) : exchange3_drw has 0 polygons
2026-09-22 23:27:29 +0200: Memory Usage (422808K) : exchange3_pin has 0 polygons
2026-09-22 23:27:29 +0200: Memory Usage (422808K) : exchange3_text has 0 polygons
2026-09-22 23:27:29 +0200: Memory Usage (422808K) : exchange4_drw has 0 polygons
2026-09-22 23:27:29 +0200: Memory Usage (422808K) : exchange4_pin has 0 polygons
2026-09-22 23:27:29 +0200: Memory Usage (422808K) : exchange4_text has 0 polygons
2026-09-22 23:27:29 +0200: Memory Usage (422808K) : isonwell_drw has 0 polygons
2026-09-22 23:27:29 +0200: Memory Usage (422808K) : Total no. of polygons in the design is 56228
2026-09-22 23:27:29 +0200: Memory Usage (422808K) : Loaded TECH DRC rules values from /foss/pdks/ihp-sg13g2/libs.tech/klayout/python/sg13g2_pycell_lib/sg13g2_tech_mod.json
2026-09-22 23:27:29 +0200: Memory Usage (422808K) : Loaded default DRC rules values from /foss/pdks/ihp-sg13g2/libs.tech/klayout/tech/drc/rule_decks/sg13g2_tech_default.json
2026-09-22 23:27:29 +0200: Memory Usage (422808K) : The following rules values were missing in tech json and default values were used:
2026-09-22 23:27:29 +0200: Memory Usage (422808K) :   - NW_f1_digibnd
2026-09-22 23:27:29 +0200: Memory Usage (422808K) :   - Cnt_c_digibnd
2026-09-22 23:27:29 +0200: Memory Usage (422808K) :   - Cnt_c_sram
2026-09-22 23:27:29 +0200: Memory Usage (422808K) :   - Sdiod_b
2026-09-22 23:27:29 +0200: Memory Usage (422808K) :   - Sdiod_c
2026-09-22 23:27:29 +0200: Memory Usage (423724K) : Total area of the design is 91751.10089999999 um^2.
2026-09-22 23:27:29 +0200: Memory Usage (423724K) : The design dimensions are 384.33 µm * 238.73000000000002 µm.
2026-09-22 23:27:29 +0200: Memory Usage (423724K) : Starting general IHP-SG13G2 derivations.
2026-09-22 23:27:29 +0200: Memory Usage (423724K) : Starting Pwell derivations
2026-09-22 23:27:29 +0200: Memory Usage (427952K) : Starting n-Activ derivations
2026-09-22 23:27:29 +0200: Memory Usage (428516K) : Starting p-Activ derivations
2026-09-22 23:27:29 +0200: Memory Usage (428900K) : Starting ptap derivations
2026-09-22 23:27:29 +0200: Memory Usage (429148K) : Starting ntap derivations
2026-09-22 23:27:29 +0200: Memory Usage (428988K) : Starting pact FET derivations
2026-09-22 23:27:30 +0200: Memory Usage (429104K) : Starting nact FET derivations
2026-09-22 23:27:30 +0200: Memory Usage (429020K) : Starting Gate derivations
2026-09-22 23:27:30 +0200: Memory Usage (429660K) : Starting cont/contbar general derivations
2026-09-22 23:27:30 +0200: Memory Usage (437224K) : Starting pad general derivations
2026-09-22 23:27:30 +0200: Memory Usage (437224K) : Starting schottky_nbl general derivations
2026-09-22 23:27:30 +0200: Memory Usage (437224K) : Starting SVaricap general derivations
2026-09-22 23:27:30 +0200: Memory Usage (437328K) : Starting HBT general derivations
2026-09-22 23:27:30 +0200: Memory Usage (437328K) : Starting IHP-SG13G2 DRC connectivity related derivations.
2026-09-22 23:27:30 +0200: Memory Usage (437896K) : Starting IHP-SG13G2 DRC connectivity setup
2026-09-22 23:27:31 +0200: Memory Usage (437896K) : Starting IHP-SG13G2 DRC rules.
2026-09-22 23:27:31 +0200: Memory Usage (437896K) : Running all FEOL rules
2026-09-22 23:27:31 +0200: Memory Usage (437896K) : Running all BEOL rules
2026-09-22 23:27:31 +0200: Memory Usage (437896K) : Running all PIN rules
2026-09-22 23:27:31 +0200: Memory Usage (437896K) : Running all FORBIDDEN rules
2026-09-22 23:27:31 +0200: Memory Usage (437896K) : Starting 5.1 NWell table
2026-09-22 23:27:31 +0200: Memory Usage (437896K) : Executing rule NW.b
2026-09-22 23:27:31 +0200: Memory Usage (438576K) : Executing rule NW.b1
2026-09-22 23:27:31 +0200: Memory Usage (438636K) : Executing rule NW.f1
2026-09-22 23:27:31 +0200: Memory Usage (438636K) : Executing rule NW.f1.digibnd
2026-09-22 23:27:31 +0200: Memory Usage (438636K) : Starting 5.2 PWell:block
2026-09-22 23:27:31 +0200: Memory Usage (438636K) : Executing rule PWB.e
2026-09-22 23:27:31 +0200: Memory Usage (438744K) : Executing rule PWB.e1
2026-09-22 23:27:31 +0200: Memory Usage (438588K) : Executing rule PWB.f
2026-09-22 23:27:31 +0200: Memory Usage (438692K) : Executing rule PWB.f1
2026-09-22 23:27:31 +0200: Memory Usage (438788K) : Starting 5.3 nBuLay table
2026-09-22 23:27:31 +0200: Memory Usage (438788K) : Executing rule NBL.b
2026-09-22 23:27:31 +0200: Memory Usage (438620K) : Executing rule NBL.c
2026-09-22 23:27:31 +0200: Memory Usage (438716K) : Executing rule NBL.d
2026-09-22 23:27:31 +0200: Memory Usage (438556K) : Executing rule NBL.e
2026-09-22 23:27:31 +0200: Memory Usage (438672K) : Executing rule NBL.f
2026-09-22 23:27:31 +0200: Memory Usage (438768K) : Starting 5.5. Activ table
2026-09-22 23:27:31 +0200: Memory Usage (438768K) : Executing rule Act.a
2026-09-22 23:27:31 +0200: Memory Usage (438768K) : Executing rule Act.b
2026-09-22 23:27:31 +0200: Memory Usage (438920K) : Starting 5.6 Activ:filler table
2026-09-22 23:27:31 +0200: Memory Usage (438920K) : Executing rule AFil.c1
2026-09-22 23:27:31 +0200: Memory Usage (438920K) : Executing rule AFil.c
2026-09-22 23:27:31 +0200: Memory Usage (438920K) : Executing rule AFil.d
2026-09-22 23:27:31 +0200: Memory Usage (438920K) : Executing rule AFil.e
2026-09-22 23:27:31 +0200: Memory Usage (438920K) : Executing rule AFil.j
2026-09-22 23:27:31 +0200: Memory Usage (438920K) : Starting 5.7. ThickGateOx table
2026-09-22 23:27:31 +0200: Memory Usage (438920K) : Executing rule TGO.f
2026-09-22 23:27:31 +0200: Memory Usage (438920K) : Starting 5.8. GatPoly table
2026-09-22 23:27:31 +0200: Memory Usage (438920K) : Executing rule Gat.a
2026-09-22 23:27:31 +0200: Memory Usage (438920K) : Executing rule Gat.b
2026-09-22 23:27:31 +0200: Memory Usage (439244K) : Executing rule Gat.d
2026-09-22 23:27:31 +0200: Memory Usage (439348K) : Executing rule Gat.a1
2026-09-22 23:27:31 +0200: Memory Usage (439472K) : Executing rule Gat.a2
2026-09-22 23:27:31 +0200: Memory Usage (439600K) : Executing rule Gat.g
2026-09-22 23:27:31 +0200: Memory Usage (439748K) : Starting 5.9 GatPoly:filler
2026-09-22 23:27:31 +0200: Memory Usage (440276K) : Executing rule GFil.d
2026-09-22 23:27:31 +0200: Memory Usage (440276K) : Executing rule GFil.e
2026-09-22 23:27:31 +0200: Memory Usage (440276K) : Executing rule GFil.i
2026-09-22 23:27:31 +0200: Memory Usage (440276K) : Starting 5.10 pSD table
2026-09-22 23:27:31 +0200: Memory Usage (440276K) : Executing rule pSD.c1
2026-09-22 23:27:31 +0200: Memory Usage (440836K) : Starting 5.14. Cont table
2026-09-22 23:27:31 +0200: Memory Usage (440836K) : Executing rule Cnt.a
2026-09-22 23:27:31 +0200: Memory Usage (439736K) : Executing rule Cnt.b
2026-09-22 23:27:32 +0200: Memory Usage (445824K) : Executing rule Cnt.c
2026-09-22 23:27:32 +0200: Memory Usage (449104K) : Executing rule Cnt.c.digibnd
2026-09-22 23:27:32 +0200: Memory Usage (449104K) : Executing rule Cnt.c.SRAM
2026-09-22 23:27:32 +0200: Memory Usage (449104K) : Executing rule Cnt.d
2026-09-22 23:27:32 +0200: Memory Usage (449420K) : Executing rule Cnt.e
2026-09-22 23:27:32 +0200: Memory Usage (449572K) : Executing rule Cnt.g1
2026-09-22 23:27:32 +0200: Memory Usage (454684K) : Executing rule Cnt.g2
2026-09-22 23:27:32 +0200: Memory Usage (466768K) : Starting 5.15. ContBar table
2026-09-22 23:27:32 +0200: Memory Usage (466768K) : Executing rule CntB.a
2026-09-22 23:27:33 +0200: Memory Usage (461512K) : Executing rule CntB.a1
2026-09-22 23:27:33 +0200: Memory Usage (461512K) : Executing rule CntB.b1
2026-09-22 23:27:33 +0200: Memory Usage (461432K) : Executing rule CntB.h1
2026-09-22 23:27:33 +0200: Memory Usage (461604K) : Starting 6.1.3 NPN Substrate-Tie table
2026-09-22 23:27:33 +0200: Memory Usage (461604K) : Executing rule npn13G2.bR 
2026-09-22 23:27:33 +0200: Memory Usage (461604K) : Executing rule npn13G2L.cR 
2026-09-22 23:27:33 +0200: Memory Usage (461604K) : Executing rule npn13G2V.cR 
2026-09-22 23:27:33 +0200: Memory Usage (461604K) : Starting 6.7 Schottky diode table
2026-09-22 23:27:33 +0200: Memory Usage (461604K) : Executing rule Sdiod.b
2026-09-22 23:27:33 +0200: Memory Usage (461604K) : Executing rule Sdiod.c
2026-09-22 23:27:33 +0200: Memory Usage (461604K) : Executing rule Sdiod.d
2026-09-22 23:27:33 +0200: Memory Usage (461604K) : Executing rule Sdiod.e
2026-09-22 23:27:33 +0200: Memory Usage (461604K) : Starting 7.2 Latch-up table
2026-09-22 23:27:33 +0200: Memory Usage (461604K) : Executing rule LU.b
2026-09-22 23:27:33 +0200: Memory Usage (461504K) : Starting 5.16. Metal1 table
2026-09-22 23:27:33 +0200: Memory Usage (461504K) : Executing rule M1.a
2026-09-22 23:27:33 +0200: Memory Usage (461504K) : Executing rule M1.b
2026-09-22 23:27:33 +0200: Memory Usage (462248K) : Executing rule M1.e
2026-09-22 23:27:33 +0200: Memory Usage (462564K) : Executing rule M1.f
2026-09-22 23:27:33 +0200: Memory Usage (462564K) : Executing rule M1.g
2026-09-22 23:27:33 +0200: Memory Usage (462396K) : Executing rule M1.i
2026-09-22 23:27:33 +0200: Memory Usage (462624K) : Starting 5.17 Metaln table
2026-09-22 23:27:33 +0200: Memory Usage (462624K) : Executing rule M2.a
2026-09-22 23:27:33 +0200: Memory Usage (462624K) : Executing rule M2.b
2026-09-22 23:27:33 +0200: Memory Usage (462956K) : Executing rule M2.e
2026-09-22 23:27:33 +0200: Memory Usage (462820K) : Executing rule M2.f
2026-09-22 23:27:33 +0200: Memory Usage (462820K) : Executing rule M2.g
2026-09-22 23:27:33 +0200: Memory Usage (462916K) : Executing rule M2.i
2026-09-22 23:27:33 +0200: Memory Usage (463044K) : Executing rule M3.a
2026-09-22 23:27:33 +0200: Memory Usage (463044K) : Executing rule M3.b
2026-09-22 23:27:33 +0200: Memory Usage (463116K) : Executing rule M3.e
2026-09-22 23:27:33 +0200: Memory Usage (463248K) : Executing rule M3.f
2026-09-22 23:27:33 +0200: Memory Usage (463248K) : Executing rule M3.g
2026-09-22 23:27:33 +0200: Memory Usage (463076K) : Executing rule M3.i
2026-09-22 23:27:33 +0200: Memory Usage (463200K) : Executing rule M4.a
2026-09-22 23:27:33 +0200: Memory Usage (463200K) : Executing rule M4.b
2026-09-22 23:27:33 +0200: Memory Usage (463524K) : Executing rule M4.e
2026-09-22 23:27:33 +0200: Memory Usage (463356K) : Executing rule M4.f
2026-09-22 23:27:33 +0200: Memory Usage (463356K) : Executing rule M4.g
2026-09-22 23:27:33 +0200: Memory Usage (463452K) : Executing rule M4.i
2026-09-22 23:27:33 +0200: Memory Usage (463564K) : Executing rule M5.a
2026-09-22 23:27:33 +0200: Memory Usage (463564K) : Executing rule M5.b
2026-09-22 23:27:33 +0200: Memory Usage (463496K) : Executing rule M5.e
2026-09-22 23:27:33 +0200: Memory Usage (463608K) : Executing rule M5.f
2026-09-22 23:27:33 +0200: Memory Usage (463708K) : Executing rule M5.g
2026-09-22 23:27:33 +0200: Memory Usage (463540K) : Executing rule M5.i
2026-09-22 23:27:33 +0200: Memory Usage (463652K) : Starting 5.18 Metaln:filler table
2026-09-22 23:27:33 +0200: Memory Usage (463652K) : Executing rule M1Fil.c
2026-09-22 23:27:33 +0200: Memory Usage (463652K) : Executing rule M1Fil.a2
2026-09-22 23:27:33 +0200: Memory Usage (463652K) : Executing rule M2Fil.c
2026-09-22 23:27:33 +0200: Memory Usage (463652K) : Executing rule M2Fil.a2
2026-09-22 23:27:33 +0200: Memory Usage (463652K) : Executing rule M3Fil.c
2026-09-22 23:27:33 +0200: Memory Usage (463652K) : Executing rule M3Fil.a2
2026-09-22 23:27:33 +0200: Memory Usage (463652K) : Executing rule M4Fil.c
2026-09-22 23:27:33 +0200: Memory Usage (463652K) : Executing rule M4Fil.a2
2026-09-22 23:27:33 +0200: Memory Usage (463652K) : Executing rule M5Fil.c
2026-09-22 23:27:33 +0200: Memory Usage (463652K) : Executing rule M5Fil.a2
2026-09-22 23:27:33 +0200: Memory Usage (463652K) : Starting 5.19. Via1 table
2026-09-22 23:27:33 +0200: Memory Usage (463652K) : Starting 5.19. Via1 table derivations
2026-09-22 23:27:33 +0200: Memory Usage (463652K) : Executing rule V1.a
2026-09-22 23:27:33 +0200: Memory Usage (463652K) : Executing rule V1.b
2026-09-22 23:27:33 +0200: Memory Usage (463644K) : Executing rule V1.c
2026-09-22 23:27:33 +0200: Memory Usage (463988K) : Starting 5.20. Vian table
2026-09-22 23:27:33 +0200: Memory Usage (463988K) : Executing rule V2.a
2026-09-22 23:27:33 +0200: Memory Usage (463988K) : Executing rule V2.b
2026-09-22 23:27:34 +0200: Memory Usage (464112K) : Executing rule V2.c
2026-09-22 23:27:34 +0200: Memory Usage (464008K) : Executing rule V3.a
2026-09-22 23:27:34 +0200: Memory Usage (464008K) : Executing rule V3.b
2026-09-22 23:27:34 +0200: Memory Usage (464148K) : Executing rule V3.c
2026-09-22 23:27:34 +0200: Memory Usage (464316K) : Executing rule V4.a
2026-09-22 23:27:34 +0200: Memory Usage (464316K) : Executing rule V4.b
2026-09-22 23:27:34 +0200: Memory Usage (464212K) : Executing rule V4.c
2026-09-22 23:27:34 +0200: Memory Usage (464372K) : Starting 5.21. TopVia1 table
2026-09-22 23:27:34 +0200: Memory Usage (464372K) : Executing rule TV1.a
2026-09-22 23:27:34 +0200: Memory Usage (464372K) : Executing rule TV1.b
2026-09-22 23:27:34 +0200: Memory Usage (464468K) : Executing rule TV1.c
2026-09-22 23:27:34 +0200: Memory Usage (464328K) : Executing rule TV1.d
2026-09-22 23:27:34 +0200: Memory Usage (464436K) : Starting 5.22. TopMetal1 table
2026-09-22 23:27:34 +0200: Memory Usage (464436K) : Executing rule TM1.a
2026-09-22 23:27:34 +0200: Memory Usage (464436K) : Executing rule TM1.b
2026-09-22 23:27:34 +0200: Memory Usage (464292K) : Starting 5.23 TopMetal1:filler table
2026-09-22 23:27:34 +0200: Memory Usage (464292K) : Executing rule TM1Fil.c
2026-09-22 23:27:34 +0200: Memory Usage (464292K) : Executing rule TM1Fil.a1
2026-09-22 23:27:34 +0200: Memory Usage (464292K) : Starting 5.24. TopVia2 table
2026-09-22 23:27:34 +0200: Memory Usage (464292K) : Executing rule TV2.a
2026-09-22 23:27:34 +0200: Memory Usage (464292K) : Executing rule TV2.b
2026-09-22 23:27:34 +0200: Memory Usage (464392K) : Executing rule TV2.c
2026-09-22 23:27:34 +0200: Memory Usage (464496K) : Executing rule TV2.d
2026-09-22 23:27:34 +0200: Memory Usage (464332K) : Starting 5.25. TopMetal2 table
2026-09-22 23:27:34 +0200: Memory Usage (464332K) : Executing rule TM2.a
2026-09-22 23:27:34 +0200: Memory Usage (464332K) : Executing rule TM2.b
2026-09-22 23:27:34 +0200: Memory Usage (464448K) : Executing rule TM2.bR
2026-09-22 23:27:34 +0200: Memory Usage (464448K) : Starting 5.26 TopMetal2:filler table
2026-09-22 23:27:34 +0200: Memory Usage (464448K) : Executing rule TM2Fil.c
2026-09-22 23:27:34 +0200: Memory Usage (464448K) : Executing rule TM2Fil.a1
2026-09-22 23:27:34 +0200: Memory Usage (464448K) : Starting 5.27. Passiv table
2026-09-22 23:27:34 +0200: Memory Usage (464448K) : Executing rule Pas.a
2026-09-22 23:27:34 +0200: Memory Usage (464448K) : Executing rule Pas.b
2026-09-22 23:27:34 +0200: Memory Usage (464448K) : Executing rule Pas.c
2026-09-22 23:27:34 +0200: Memory Usage (464448K) : Starting 6.9.2 Copper Pillar table
2026-09-22 23:27:34 +0200: Memory Usage (464448K) : Executing rule Padc.a
2026-09-22 23:27:34 +0200: Memory Usage (464448K) : Executing rule Padc.b
2026-09-22 23:27:34 +0200: Memory Usage (464448K) : Executing rule Padc.c
2026-09-22 23:27:34 +0200: Memory Usage (464448K) : Executing rule Padb.f
2026-09-22 23:27:34 +0200: Memory Usage (464448K) : Starting 6.9 Pad table
2026-09-22 23:27:34 +0200: Memory Usage (464448K) : Executing rule Pad.m
2026-09-22 23:27:34 +0200: Memory Usage (464448K) : Executing rule Pad.fR_M1
2026-09-22 23:27:34 +0200: Memory Usage (464448K) : Executing rule Pad.fR_M2
2026-09-22 23:27:34 +0200: Memory Usage (464448K) : Executing rule Pad.fR_M3
2026-09-22 23:27:34 +0200: Memory Usage (464448K) : Executing rule Pad.fR_M4
2026-09-22 23:27:34 +0200: Memory Usage (464448K) : Executing rule Pad.fR_M5
2026-09-22 23:27:34 +0200: Memory Usage (464448K) : Executing rule Pad.fR_TM1
2026-09-22 23:27:34 +0200: Memory Usage (464448K) : Executing rule Pad.fR_TM2
2026-09-22 23:27:34 +0200: Memory Usage (464448K) : Executing rule Pad.i
2026-09-22 23:27:34 +0200: Memory Usage (464448K) : Starting 6.9.1 Solder Bump
2026-09-22 23:27:34 +0200: Memory Usage (464448K) : Executing rule Padb.a
2026-09-22 23:27:34 +0200: Memory Usage (464448K) : Executing rule Padb.b
2026-09-22 23:27:34 +0200: Memory Usage (464448K) : Executing rule Padb.c
2026-09-22 23:27:34 +0200: Memory Usage (464448K) : Executing rule Padb.f
2026-09-22 23:27:34 +0200: Memory Usage (464448K) : Executing rule Padb.d
2026-09-22 23:27:34 +0200: Memory Usage (464448K) : Starting 6.10 Sealring table
2026-09-22 23:27:34 +0200: Memory Usage (464448K) : Executing rule Seal.l
2026-09-22 23:27:34 +0200: Memory Usage (464448K) : Executing rule Seal.n
2026-09-22 23:27:34 +0200: Memory Usage (464448K) : Executing rule seal.b_metal1
2026-09-22 23:27:34 +0200: Memory Usage (464448K) : Executing rule seal.b_metal2
2026-09-22 23:27:34 +0200: Memory Usage (464448K) : Executing rule seal.b_metal3
2026-09-22 23:27:34 +0200: Memory Usage (464448K) : Executing rule seal.b_metal4
2026-09-22 23:27:34 +0200: Memory Usage (464448K) : Executing rule seal.b_metal5
2026-09-22 23:27:34 +0200: Memory Usage (464448K) : Executing rule seal.b_topmetal1
2026-09-22 23:27:34 +0200: Memory Usage (464448K) : Executing rule seal.b_topmetal2
2026-09-22 23:27:34 +0200: Memory Usage (464448K) : Executing rule seal.b_activ
2026-09-22 23:27:34 +0200: Memory Usage (464448K) : Executing rule seal.b_psd
2026-09-22 23:27:34 +0200: Memory Usage (464448K) : Executing rule Seal.k
2026-09-22 23:27:34 +0200: Memory Usage (464448K) : Executing rule Seal.m
2026-09-22 23:27:34 +0200: Memory Usage (464448K) : Starting 6.11 MIM table
2026-09-22 23:27:34 +0200: Memory Usage (464448K) : Executing rule MIM.c
2026-09-22 23:27:34 +0200: Memory Usage (464388K) : Executing rule MIM.d
2026-09-22 23:27:34 +0200: Memory Usage (464484K) : Executing rule MIM.gR
2026-09-22 23:27:34 +0200: Memory Usage (464484K) : Starting 7.3 Metal Slits table
2026-09-22 23:27:34 +0200: Memory Usage (464484K) : Executing rule Slt.e1_M1
2026-09-22 23:27:34 +0200: Memory Usage (464484K) : Executing rule Slt.e1_M2
2026-09-22 23:27:34 +0200: Memory Usage (464484K) : Executing rule Slt.e1_M3
2026-09-22 23:27:34 +0200: Memory Usage (464484K) : Executing rule Slt.e1_M4
2026-09-22 23:27:34 +0200: Memory Usage (464484K) : Executing rule Slt.e1_M5
2026-09-22 23:27:34 +0200: Memory Usage (464484K) : Executing rule Slt.e1_TM1
2026-09-22 23:27:34 +0200: Memory Usage (464484K) : Executing rule Slt.e1_TM2
2026-09-22 23:27:34 +0200: Memory Usage (464748K) : Starting 9.1. LBE table
2026-09-22 23:27:34 +0200: Memory Usage (464748K) : Executing rule LBE.a
2026-09-22 23:27:34 +0200: Memory Usage (465012K) : Executing rule LBE.b
2026-09-22 23:27:34 +0200: Memory Usage (465012K) : Executing rule LBE.b1
2026-09-22 23:27:34 +0200: Memory Usage (465012K) : Executing rule LBE.c
2026-09-22 23:27:34 +0200: Memory Usage (465276K) : Executing rule LBE.d
2026-09-22 23:27:34 +0200: Memory Usage (465428K) : Executing rule LBE.h
2026-09-22 23:27:34 +0200: Memory Usage (465428K) : Starting 7.4. PIN table
2026-09-22 23:27:34 +0200: Memory Usage (465428K) : Executing rule Pin.a
2026-09-22 23:27:34 +0200: Memory Usage (465688K) : Executing rule Pin.b
2026-09-22 23:27:34 +0200: Memory Usage (465688K) : Executing rule Pin.e
2026-09-22 23:27:34 +0200: Memory Usage (466044K) : Executing rule Pin.f_M2
2026-09-22 23:27:34 +0200: Memory Usage (466044K) : Executing rule Pin.f_M3
2026-09-22 23:27:34 +0200: Memory Usage (466304K) : Executing rule Pin.f_M4
2026-09-22 23:27:34 +0200: Memory Usage (466304K) : Executing rule Pin.f_M5
2026-09-22 23:27:34 +0200: Memory Usage (466472K) : Executing rule Pin.g
2026-09-22 23:27:34 +0200: Memory Usage (466732K) : Executing rule Pin.h
2026-09-22 23:27:34 +0200: Memory Usage (466732K) : Starting 3.1. offgrid table
2026-09-22 23:27:34 +0200: Memory Usage (466732K) : Executing rule activ_drw_Offgrid
2026-09-22 23:27:34 +0200: Memory Usage (467396K) : Executing rule activ_mask_Offgrid
2026-09-22 23:27:34 +0200: Memory Usage (467976K) : Executing rule activ_filler_Offgrid
2026-09-22 23:27:34 +0200: Memory Usage (468536K) : Executing rule activ_opc_Offgrid
2026-09-22 23:27:34 +0200: Memory Usage (468796K) : Executing rule activ_iopc_Offgrid
2026-09-22 23:27:34 +0200: Memory Usage (469324K) : Executing rule biwind_drw_Offgrid
2026-09-22 23:27:34 +0200: Memory Usage (469812K) : Executing rule biwind_opc_Offgrid
2026-09-22 23:27:34 +0200: Memory Usage (470336K) : Executing rule pemwind_drw_Offgrid
2026-09-22 23:27:34 +0200: Memory Usage (470336K) : Executing rule gatpoly_drw_Offgrid
2026-09-22 23:27:34 +0200: Memory Usage (470336K) : Executing rule gatpoly_filler_Offgrid
2026-09-22 23:27:34 +0200: Memory Usage (470336K) : Executing rule gatpoly_opc_Offgrid
2026-09-22 23:27:34 +0200: Memory Usage (470336K) : Executing rule gatpoly_iopc_Offgrid
2026-09-22 23:27:34 +0200: Memory Usage (470336K) : Executing rule gatpoly_noqrc_Offgrid
2026-09-22 23:27:34 +0200: Memory Usage (470336K) : Executing rule cont_drw_Offgrid
2026-09-22 23:27:35 +0200: Memory Usage (498684K) : Executing rule cont_opc_Offgrid
2026-09-22 23:27:35 +0200: Memory Usage (498684K) : Executing rule nsd_drw_Offgrid
2026-09-22 23:27:35 +0200: Memory Usage (498916K) : Executing rule nsd_block_Offgrid
2026-09-22 23:27:35 +0200: Memory Usage (498916K) : Executing rule metal1_drw_Offgrid
2026-09-22 23:27:35 +0200: Memory Usage (498980K) : Executing rule metal1_mask_Offgrid
2026-09-22 23:27:35 +0200: Memory Usage (499044K) : Executing rule metal1_filler_Offgrid
2026-09-22 23:27:35 +0200: Memory Usage (499044K) : Executing rule metal1_slit_Offgrid
2026-09-22 23:27:35 +0200: Memory Usage (499108K) : Executing rule metal1_opc_Offgrid
2026-09-22 23:27:35 +0200: Memory Usage (499108K) : Executing rule metal1_noqrc_Offgrid
2026-09-22 23:27:35 +0200: Memory Usage (499172K) : Executing rule metal1_res_Offgrid
2026-09-22 23:27:35 +0200: Memory Usage (499172K) : Executing rule metal1_iprobe_Offgrid
2026-09-22 23:27:35 +0200: Memory Usage (499172K) : Executing rule metal1_diffprb_Offgrid
2026-09-22 23:27:35 +0200: Memory Usage (499236K) : Executing rule passiv_drw_Offgrid
2026-09-22 23:27:35 +0200: Memory Usage (499496K) : Executing rule passiv_pillar_Offgrid
2026-09-22 23:27:35 +0200: Memory Usage (499740K) : Executing rule passiv_sbump_Offgrid
2026-09-22 23:27:35 +0200: Memory Usage (499740K) : Executing rule passiv_pdl_Offgrid
2026-09-22 23:27:35 +0200: Memory Usage (499740K) : Executing rule metal2_drw_Offgrid
2026-09-22 23:27:35 +0200: Memory Usage (499804K) : Executing rule metal2_mask_Offgrid
2026-09-22 23:27:35 +0200: Memory Usage (499868K) : Executing rule metal2_filler_Offgrid
2026-09-22 23:27:35 +0200: Memory Usage (499868K) : Executing rule metal2_slit_Offgrid
2026-09-22 23:27:35 +0200: Memory Usage (499868K) : Executing rule metal2_opc_Offgrid
2026-09-22 23:27:35 +0200: Memory Usage (499932K) : Executing rule metal2_noqrc_Offgrid
2026-09-22 23:27:35 +0200: Memory Usage (499932K) : Executing rule metal2_res_Offgrid
2026-09-22 23:27:35 +0200: Memory Usage (499996K) : Executing rule metal2_iprobe_Offgrid
2026-09-22 23:27:35 +0200: Memory Usage (499996K) : Executing rule metal2_diffprb_Offgrid
2026-09-22 23:27:35 +0200: Memory Usage (500060K) : Executing rule baspoly_drw_Offgrid
2026-09-22 23:27:35 +0200: Memory Usage (500060K) : Executing rule psd_drw_Offgrid
2026-09-22 23:27:35 +0200: Memory Usage (500060K) : Executing rule nldb_drw_Offgrid
2026-09-22 23:27:35 +0200: Memory Usage (500124K) : Executing rule via1_drw_Offgrid
2026-09-22 23:27:35 +0200: Memory Usage (500188K) : Executing rule backmetal1_drw_Offgrid
2026-09-22 23:27:35 +0200: Memory Usage (500188K) : Executing rule backmetal1_mask_Offgrid
2026-09-22 23:27:35 +0200: Memory Usage (500188K) : Executing rule backmetal1_filler_Offgrid
2026-09-22 23:27:35 +0200: Memory Usage (500188K) : Executing rule backmetal1_slit_Offgrid
2026-09-22 23:27:35 +0200: Memory Usage (500188K) : Executing rule backmetal1_opc_Offgrid
2026-09-22 23:27:35 +0200: Memory Usage (500188K) : Executing rule backmetal1_noqrc_Offgrid
2026-09-22 23:27:35 +0200: Memory Usage (500188K) : Executing rule backmetal1_res_Offgrid
2026-09-22 23:27:35 +0200: Memory Usage (500188K) : Executing rule backmetal1_iprobe_Offgrid
2026-09-22 23:27:35 +0200: Memory Usage (500188K) : Executing rule backmetal1_diffprb_Offgrid
2026-09-22 23:27:35 +0200: Memory Usage (500188K) : Executing rule backpassiv_drw_Offgrid
2026-09-22 23:27:35 +0200: Memory Usage (500188K) : Executing rule salblock_drw_Offgrid
2026-09-22 23:27:35 +0200: Memory Usage (500188K) : Executing rule via2_drw_Offgrid
2026-09-22 23:27:35 +0200: Memory Usage (500188K) : Executing rule metal3_drw_Offgrid
2026-09-22 23:27:35 +0200: Memory Usage (500188K) : Executing rule metal3_mask_Offgrid
2026-09-22 23:27:35 +0200: Memory Usage (500188K) : Executing rule metal3_filler_Offgrid
2026-09-22 23:27:35 +0200: Memory Usage (500188K) : Executing rule metal3_slit_Offgrid
2026-09-22 23:27:35 +0200: Memory Usage (500188K) : Executing rule metal3_opc_Offgrid
2026-09-22 23:27:35 +0200: Memory Usage (500188K) : Executing rule metal3_noqrc_Offgrid
2026-09-22 23:27:35 +0200: Memory Usage (500188K) : Executing rule metal3_res_Offgrid
2026-09-22 23:27:35 +0200: Memory Usage (500188K) : Executing rule metal3_iprobe_Offgrid
2026-09-22 23:27:35 +0200: Memory Usage (500188K) : Executing rule metal3_diffprb_Offgrid
2026-09-22 23:27:35 +0200: Memory Usage (500188K) : Executing rule nwell_drw_Offgrid
2026-09-22 23:27:35 +0200: Memory Usage (500188K) : Executing rule nbulay_drw_Offgrid
2026-09-22 23:27:35 +0200: Memory Usage (500188K) : Executing rule nbulay_block_Offgrid
2026-09-22 23:27:35 +0200: Memory Usage (500188K) : Executing rule pwell_drw_Offgrid
2026-09-22 23:27:35 +0200: Memory Usage (500188K) : Executing rule pwell_block_Offgrid
2026-09-22 23:27:35 +0200: Memory Usage (500188K) : Executing rule emwind_drw_Offgrid
2026-09-22 23:27:35 +0200: Memory Usage (500188K) : Executing rule emwind_opc_Offgrid
2026-09-22 23:27:35 +0200: Memory Usage (500188K) : Executing rule deepco_drw_Offgrid
2026-09-22 23:27:35 +0200: Memory Usage (500188K) : Executing rule mim_drw_Offgrid
2026-09-22 23:27:35 +0200: Memory Usage (500188K) : Executing rule substrate_drw_Offgrid
2026-09-22 23:27:35 +0200: Memory Usage (500188K) : Executing rule ic_drw_Offgrid
2026-09-22 23:27:35 +0200: Memory Usage (500188K) : Executing rule via3_drw_Offgrid
2026-09-22 23:27:35 +0200: Memory Usage (500188K) : Executing rule pldb_drw_Offgrid
2026-09-22 23:27:35 +0200: Memory Usage (500188K) : Executing rule metal4_drw_Offgrid
2026-09-22 23:27:35 +0200: Memory Usage (500188K) : Executing rule metal4_mask_Offgrid
2026-09-22 23:27:35 +0200: Memory Usage (500188K) : Executing rule metal4_filler_Offgrid
2026-09-22 23:27:35 +0200: Memory Usage (500188K) : Executing rule metal4_slit_Offgrid
2026-09-22 23:27:35 +0200: Memory Usage (500188K) : Executing rule metal4_opc_Offgrid
2026-09-22 23:27:35 +0200: Memory Usage (500188K) : Executing rule metal4_noqrc_Offgrid
2026-09-22 23:27:35 +0200: Memory Usage (500188K) : Executing rule metal4_res_Offgrid
2026-09-22 23:27:35 +0200: Memory Usage (500252K) : Executing rule metal4_iprobe_Offgrid
2026-09-22 23:27:35 +0200: Memory Usage (500252K) : Executing rule metal4_diffprb_Offgrid
2026-09-22 23:27:35 +0200: Memory Usage (500252K) : Executing rule via4_drw_Offgrid
2026-09-22 23:27:35 +0200: Memory Usage (500316K) : Executing rule metal5_drw_Offgrid
2026-09-22 23:27:35 +0200: Memory Usage (500380K) : Executing rule metal5_mask_Offgrid
2026-09-22 23:27:35 +0200: Memory Usage (500380K) : Executing rule metal5_filler_Offgrid
2026-09-22 23:27:35 +0200: Memory Usage (500444K) : Executing rule metal5_slit_Offgrid
2026-09-22 23:27:35 +0200: Memory Usage (500444K) : Executing rule metal5_opc_Offgrid
2026-09-22 23:27:35 +0200: Memory Usage (500508K) : Executing rule metal5_noqrc_Offgrid
2026-09-22 23:27:35 +0200: Memory Usage (500572K) : Executing rule metal5_res_Offgrid
2026-09-22 23:27:35 +0200: Memory Usage (500572K) : Executing rule metal5_iprobe_Offgrid
2026-09-22 23:27:35 +0200: Memory Usage (500572K) : Executing rule metal5_diffprb_Offgrid
2026-09-22 23:27:35 +0200: Memory Usage (500572K) : Executing rule prboundary_drw_Offgrid
2026-09-22 23:27:35 +0200: Memory Usage (500572K) : Executing rule exchange0_drw_Offgrid
2026-09-22 23:27:35 +0200: Memory Usage (500572K) : Executing rule exchange1_drw_Offgrid
2026-09-22 23:27:35 +0200: Memory Usage (500572K) : Executing rule exchange2_drw_Offgrid
2026-09-22 23:27:35 +0200: Memory Usage (500572K) : Executing rule exchange3_drw_Offgrid
2026-09-22 23:27:35 +0200: Memory Usage (500572K) : Executing rule exchange4_drw_Offgrid
2026-09-22 23:27:35 +0200: Memory Usage (500572K) : Executing rule isonwell_drw_Offgrid
2026-09-22 23:27:35 +0200: Memory Usage (500572K) : Executing rule thickgateox_drw_Offgrid
2026-09-22 23:27:35 +0200: Memory Usage (500572K) : Executing rule pempoly_drw_Offgrid
2026-09-22 23:27:35 +0200: Memory Usage (500572K) : Executing rule fbe_drw_Offgrid
2026-09-22 23:27:35 +0200: Memory Usage (500572K) : Executing rule empoly_drw_Offgrid
2026-09-22 23:27:35 +0200: Memory Usage (500572K) : Executing rule ldmos_drw_Offgrid
2026-09-22 23:27:35 +0200: Memory Usage (500572K) : Executing rule pbiwind_drw_Offgrid
2026-09-22 23:27:35 +0200: Memory Usage (500572K) : Executing rule colopen_drw_Offgrid
2026-09-22 23:27:35 +0200: Memory Usage (500572K) : Executing rule extblock_drw_Offgrid
2026-09-22 23:27:35 +0200: Memory Usage (500572K) : Executing rule nldd_drw_Offgrid
2026-09-22 23:27:35 +0200: Memory Usage (500572K) : Executing rule pldd_drw_Offgrid
2026-09-22 23:27:35 +0200: Memory Usage (500572K) : Executing rule next_drw_Offgrid
2026-09-22 23:27:35 +0200: Memory Usage (500572K) : Executing rule pext_drw_Offgrid
2026-09-22 23:27:35 +0200: Memory Usage (500572K) : Executing rule nexthv_drw_Offgrid
2026-09-22 23:27:35 +0200: Memory Usage (500572K) : Executing rule pexthv_drw_Offgrid
2026-09-22 23:27:35 +0200: Memory Usage (500572K) : Executing rule graphgate_drw_Offgrid
2026-09-22 23:27:35 +0200: Memory Usage (500572K) : Executing rule mempad_drw_Offgrid
2026-09-22 23:27:35 +0200: Memory Usage (500572K) : Executing rule topvia1_drw_Offgrid
2026-09-22 23:27:35 +0200: Memory Usage (500572K) : Executing rule topmetal1_drw_Offgrid
2026-09-22 23:27:35 +0200: Memory Usage (500572K) : Executing rule topmetal1_mask_Offgrid
2026-09-22 23:27:35 +0200: Memory Usage (500572K) : Executing rule topmetal1_filler_Offgrid
2026-09-22 23:27:35 +0200: Memory Usage (500572K) : Executing rule topmetal1_slit_Offgrid
2026-09-22 23:27:35 +0200: Memory Usage (500572K) : Executing rule topmetal1_noqrc_Offgrid
2026-09-22 23:27:35 +0200: Memory Usage (500572K) : Executing rule topmetal1_res_Offgrid
2026-09-22 23:27:35 +0200: Memory Usage (500572K) : Executing rule topmetal1_iprobe_Offgrid
2026-09-22 23:27:35 +0200: Memory Usage (500572K) : Executing rule topmetal1_diffprb_Offgrid
2026-09-22 23:27:35 +0200: Memory Usage (500572K) : Executing rule inldpwl_drw_Offgrid
2026-09-22 23:27:35 +0200: Memory Usage (500572K) : Executing rule polyres_drw_Offgrid
2026-09-22 23:27:35 +0200: Memory Usage (500572K) : Executing rule vmim_drw_Offgrid
2026-09-22 23:27:35 +0200: Memory Usage (500572K) : Executing rule nbulaycut_drw_Offgrid
2026-09-22 23:27:35 +0200: Memory Usage (500572K) : Executing rule antmetal1_drw_Offgrid
2026-09-22 23:27:35 +0200: Memory Usage (500572K) : Executing rule topvia2_drw_Offgrid
2026-09-22 23:27:35 +0200: Memory Usage (500572K) : Executing rule topmetal2_drw_Offgrid
2026-09-22 23:27:35 +0200: Memory Usage (500572K) : Executing rule topmetal2_mask_Offgrid
2026-09-22 23:27:35 +0200: Memory Usage (500572K) : Executing rule topmetal2_filler_Offgrid
2026-09-22 23:27:35 +0200: Memory Usage (500572K) : Executing rule topmetal2_slit_Offgrid
2026-09-22 23:27:35 +0200: Memory Usage (500636K) : Executing rule topmetal2_noqrc_Offgrid
2026-09-22 23:27:35 +0200: Memory Usage (500636K) : Executing rule topmetal2_res_Offgrid
2026-09-22 23:27:35 +0200: Memory Usage (500636K) : Executing rule topmetal2_iprobe_Offgrid
2026-09-22 23:27:35 +0200: Memory Usage (500636K) : Executing rule topmetal2_diffprb_Offgrid
2026-09-22 23:27:35 +0200: Memory Usage (500764K) : Executing rule snsring_drw_Offgrid
2026-09-22 23:27:35 +0200: Memory Usage (500764K) : Executing rule sensor_drw_Offgrid
2026-09-22 23:27:35 +0200: Memory Usage (500764K) : Executing rule snsarms_drw_Offgrid
2026-09-22 23:27:35 +0200: Memory Usage (500828K) : Executing rule snscmosvia_drw_Offgrid
2026-09-22 23:27:35 +0200: Memory Usage (500828K) : Executing rule colwind_drw_Offgrid
2026-09-22 23:27:35 +0200: Memory Usage (500828K) : Executing rule flm_drw_Offgrid
2026-09-22 23:27:35 +0200: Memory Usage (500828K) : Executing rule hafniumox_drw_Offgrid
2026-09-22 23:27:35 +0200: Memory Usage (500828K) : Executing rule memvia_drw_Offgrid
2026-09-22 23:27:35 +0200: Memory Usage (500828K) : Executing rule thinfilmres_drw_Offgrid
2026-09-22 23:27:35 +0200: Memory Usage (500828K) : Executing rule rfmem_drw_Offgrid
2026-09-22 23:27:35 +0200: Memory Usage (500828K) : Executing rule snsbotvia_drw_Offgrid
2026-09-22 23:27:35 +0200: Memory Usage (500828K) : Executing rule snstopvia_drw_Offgrid
2026-09-22 23:27:35 +0200: Memory Usage (500828K) : Executing rule deepvia_drw_Offgrid
2026-09-22 23:27:35 +0200: Memory Usage (500828K) : Executing rule fgetch_drw_Offgrid
2026-09-22 23:27:35 +0200: Memory Usage (500828K) : Executing rule ctrgat_drw_Offgrid
2026-09-22 23:27:35 +0200: Memory Usage (500828K) : Executing rule fgimp_drw_Offgrid
2026-09-22 23:27:35 +0200: Memory Usage (500828K) : Executing rule emwihv_drw_Offgrid
2026-09-22 23:27:35 +0200: Memory Usage (500828K) : Executing rule lbe_drw_Offgrid
2026-09-22 23:27:35 +0200: Memory Usage (500828K) : Executing rule alcustop_drw_Offgrid
2026-09-22 23:27:35 +0200: Memory Usage (500828K) : Starting 3.2. angle table
2026-09-22 23:27:35 +0200: Memory Usage (500828K) : Executing rule activ_drw_Acute
2026-09-22 23:27:35 +0200: Memory Usage (500828K) : Executing rule activ_pin_Acute
2026-09-22 23:27:35 +0200: Memory Usage (500828K) : Executing rule activ_mask_Acute
2026-09-22 23:27:35 +0200: Memory Usage (500828K) : Executing rule activ_filler_Acute
2026-09-22 23:27:35 +0200: Memory Usage (500828K) : Executing rule activ_nofill_Acute
2026-09-22 23:27:35 +0200: Memory Usage (500828K) : Executing rule activ_opc_Acute
2026-09-22 23:27:35 +0200: Memory Usage (500828K) : Executing rule activ_iopc_Acute
2026-09-22 23:27:35 +0200: Memory Usage (500828K) : Executing rule activ_noqrc_Acute
2026-09-22 23:27:35 +0200: Memory Usage (500828K) : Executing rule biwind_drw_Acute
2026-09-22 23:27:35 +0200: Memory Usage (500828K) : Executing rule biwind_opc_Acute
2026-09-22 23:27:35 +0200: Memory Usage (500828K) : Executing rule pemwind_drw_Acute
2026-09-22 23:27:35 +0200: Memory Usage (500828K) : Executing rule gatpoly_drw_Acute
2026-09-22 23:27:35 +0200: Memory Usage (500828K) : Executing rule gatpoly_pin_Acute
2026-09-22 23:27:35 +0200: Memory Usage (500828K) : Executing rule gatpoly_filler_Acute
2026-09-22 23:27:35 +0200: Memory Usage (500828K) : Executing rule gatpoly_nofill_Acute
2026-09-22 23:27:35 +0200: Memory Usage (500828K) : Executing rule gatpoly_opc_Acute
2026-09-22 23:27:35 +0200: Memory Usage (500828K) : Executing rule gatpoly_iopc_Acute
2026-09-22 23:27:35 +0200: Memory Usage (500828K) : Executing rule gatpoly_noqrc_Acute
2026-09-22 23:27:35 +0200: Memory Usage (500828K) : Executing rule cont_drw_Acute
2026-09-22 23:27:36 +0200: Memory Usage (515344K) : Executing rule cont_opc_Acute
2026-09-22 23:27:36 +0200: Memory Usage (515344K) : Executing rule nsd_drw_Acute
2026-09-22 23:27:36 +0200: Memory Usage (515344K) : Executing rule nsd_block_Acute
2026-09-22 23:27:36 +0200: Memory Usage (515344K) : Executing rule metal1_drw_Acute
2026-09-22 23:27:36 +0200: Memory Usage (515344K) : Executing rule metal1_pin_Acute
2026-09-22 23:27:36 +0200: Memory Usage (515344K) : Executing rule metal1_mask_Acute
2026-09-22 23:27:36 +0200: Memory Usage (515344K) : Executing rule metal1_filler_Acute
2026-09-22 23:27:36 +0200: Memory Usage (515608K) : Executing rule metal1_nofill_Acute
2026-09-22 23:27:36 +0200: Memory Usage (515872K) : Executing rule metal1_slit_Acute
2026-09-22 23:27:36 +0200: Memory Usage (515932K) : Executing rule metal1_opc_Acute
2026-09-22 23:27:36 +0200: Memory Usage (515932K) : Executing rule metal1_noqrc_Acute
2026-09-22 23:27:36 +0200: Memory Usage (515996K) : Executing rule metal1_res_Acute
2026-09-22 23:27:36 +0200: Memory Usage (515996K) : Executing rule metal1_iprobe_Acute
2026-09-22 23:27:36 +0200: Memory Usage (516060K) : Executing rule metal1_diffprb_Acute
2026-09-22 23:27:36 +0200: Memory Usage (516060K) : Executing rule passiv_drw_Acute
2026-09-22 23:27:36 +0200: Memory Usage (516124K) : Executing rule passiv_pin_Acute
2026-09-22 23:27:36 +0200: Memory Usage (516124K) : Executing rule passiv_pillar_Acute
2026-09-22 23:27:36 +0200: Memory Usage (516188K) : Executing rule passiv_sbump_Acute
2026-09-22 23:27:36 +0200: Memory Usage (516188K) : Executing rule passiv_pdl_Acute
2026-09-22 23:27:36 +0200: Memory Usage (516252K) : Executing rule metal2_drw_Acute
2026-09-22 23:27:36 +0200: Memory Usage (516252K) : Executing rule metal2_pin_Acute
2026-09-22 23:27:36 +0200: Memory Usage (516252K) : Executing rule metal2_mask_Acute
2026-09-22 23:27:36 +0200: Memory Usage (516252K) : Executing rule metal2_filler_Acute
2026-09-22 23:27:36 +0200: Memory Usage (516252K) : Executing rule metal2_nofill_Acute
2026-09-22 23:27:36 +0200: Memory Usage (516252K) : Executing rule metal2_slit_Acute
2026-09-22 23:27:36 +0200: Memory Usage (516252K) : Executing rule metal2_opc_Acute
2026-09-22 23:27:36 +0200: Memory Usage (516252K) : Executing rule metal2_noqrc_Acute
2026-09-22 23:27:36 +0200: Memory Usage (516252K) : Executing rule metal2_res_Acute
2026-09-22 23:27:36 +0200: Memory Usage (516252K) : Executing rule metal2_iprobe_Acute
2026-09-22 23:27:36 +0200: Memory Usage (516252K) : Executing rule metal2_diffprb_Acute
2026-09-22 23:27:36 +0200: Memory Usage (516252K) : Executing rule baspoly_drw_Acute
2026-09-22 23:27:36 +0200: Memory Usage (516252K) : Executing rule baspoly_pin_Acute
2026-09-22 23:27:36 +0200: Memory Usage (516252K) : Executing rule psd_drw_Acute
2026-09-22 23:27:36 +0200: Memory Usage (516252K) : Executing rule nldb_drw_Acute
2026-09-22 23:27:36 +0200: Memory Usage (516252K) : Executing rule via1_drw_Acute
2026-09-22 23:27:36 +0200: Memory Usage (516252K) : Executing rule backmetal1_drw_Acute
2026-09-22 23:27:36 +0200: Memory Usage (516252K) : Executing rule backmetal1_pin_Acute
2026-09-22 23:27:36 +0200: Memory Usage (516252K) : Executing rule backmetal1_mask_Acute
2026-09-22 23:27:36 +0200: Memory Usage (516252K) : Executing rule backmetal1_filler_Acute
2026-09-22 23:27:36 +0200: Memory Usage (516252K) : Executing rule backmetal1_nofill_Acute
2026-09-22 23:27:36 +0200: Memory Usage (516252K) : Executing rule backmetal1_slit_Acute
2026-09-22 23:27:36 +0200: Memory Usage (516252K) : Executing rule backmetal1_opc_Acute
2026-09-22 23:27:36 +0200: Memory Usage (516252K) : Executing rule backmetal1_noqrc_Acute
2026-09-22 23:27:36 +0200: Memory Usage (516252K) : Executing rule backmetal1_res_Acute
2026-09-22 23:27:36 +0200: Memory Usage (516252K) : Executing rule backmetal1_iprobe_Acute
2026-09-22 23:27:36 +0200: Memory Usage (516252K) : Executing rule backmetal1_diffprb_Acute
2026-09-22 23:27:36 +0200: Memory Usage (516252K) : Executing rule backpassiv_drw_Acute
2026-09-22 23:27:36 +0200: Memory Usage (516252K) : Executing rule salblock_drw_Acute
2026-09-22 23:27:36 +0200: Memory Usage (516252K) : Executing rule via2_drw_Acute
2026-09-22 23:27:36 +0200: Memory Usage (516252K) : Executing rule metal3_drw_Acute
2026-09-22 23:27:36 +0200: Memory Usage (516252K) : Executing rule metal3_pin_Acute
2026-09-22 23:27:36 +0200: Memory Usage (516252K) : Executing rule metal3_mask_Acute
2026-09-22 23:27:36 +0200: Memory Usage (516252K) : Executing rule metal3_filler_Acute
2026-09-22 23:27:36 +0200: Memory Usage (516252K) : Executing rule metal3_nofill_Acute
2026-09-22 23:27:36 +0200: Memory Usage (516252K) : Executing rule metal3_slit_Acute
2026-09-22 23:27:36 +0200: Memory Usage (516252K) : Executing rule metal3_opc_Acute
2026-09-22 23:27:36 +0200: Memory Usage (516252K) : Executing rule metal3_noqrc_Acute
2026-09-22 23:27:36 +0200: Memory Usage (516252K) : Executing rule metal3_res_Acute
2026-09-22 23:27:36 +0200: Memory Usage (516252K) : Executing rule metal3_iprobe_Acute
2026-09-22 23:27:36 +0200: Memory Usage (516252K) : Executing rule metal3_diffprb_Acute
2026-09-22 23:27:36 +0200: Memory Usage (516252K) : Executing rule nwell_drw_Acute
2026-09-22 23:27:36 +0200: Memory Usage (516252K) : Executing rule nwell_pin_Acute
2026-09-22 23:27:36 +0200: Memory Usage (516252K) : Executing rule nbulay_drw_Acute
2026-09-22 23:27:36 +0200: Memory Usage (516252K) : Executing rule nbulay_pin_Acute
2026-09-22 23:27:36 +0200: Memory Usage (516252K) : Executing rule nbulay_block_Acute
2026-09-22 23:27:36 +0200: Memory Usage (516252K) : Executing rule pwell_drw_Acute
2026-09-22 23:27:36 +0200: Memory Usage (516252K) : Executing rule pwell_pin_Acute
2026-09-22 23:27:36 +0200: Memory Usage (516252K) : Executing rule pwell_block_Acute
2026-09-22 23:27:36 +0200: Memory Usage (516252K) : Executing rule emwind_drw_Acute
2026-09-22 23:27:36 +0200: Memory Usage (516252K) : Executing rule emwind_opc_Acute
2026-09-22 23:27:36 +0200: Memory Usage (516252K) : Executing rule deepco_drw_Acute
2026-09-22 23:27:36 +0200: Memory Usage (516252K) : Executing rule mim_drw_Acute
2026-09-22 23:27:36 +0200: Memory Usage (516252K) : Executing rule substrate_drw_Acute
2026-09-22 23:27:36 +0200: Memory Usage (516252K) : Executing rule ic_drw_Acute
2026-09-22 23:27:36 +0200: Memory Usage (516252K) : Executing rule via3_drw_Acute
2026-09-22 23:27:36 +0200: Memory Usage (516252K) : Executing rule pldb_drw_Acute
2026-09-22 23:27:36 +0200: Memory Usage (516252K) : Executing rule metal4_drw_Acute
2026-09-22 23:27:36 +0200: Memory Usage (516252K) : Executing rule metal4_pin_Acute
2026-09-22 23:27:36 +0200: Memory Usage (516252K) : Executing rule metal4_mask_Acute
2026-09-22 23:27:36 +0200: Memory Usage (516252K) : Executing rule metal4_filler_Acute
2026-09-22 23:27:36 +0200: Memory Usage (516252K) : Executing rule metal4_nofill_Acute
2026-09-22 23:27:36 +0200: Memory Usage (516252K) : Executing rule metal4_slit_Acute
2026-09-22 23:27:36 +0200: Memory Usage (516252K) : Executing rule metal4_opc_Acute
2026-09-22 23:27:36 +0200: Memory Usage (516252K) : Executing rule metal4_noqrc_Acute
2026-09-22 23:27:36 +0200: Memory Usage (516252K) : Executing rule metal4_res_Acute
2026-09-22 23:27:36 +0200: Memory Usage (516252K) : Executing rule metal4_iprobe_Acute
2026-09-22 23:27:36 +0200: Memory Usage (516252K) : Executing rule metal4_diffprb_Acute
2026-09-22 23:27:36 +0200: Memory Usage (516252K) : Executing rule via4_drw_Acute
2026-09-22 23:27:36 +0200: Memory Usage (516252K) : Executing rule metal5_drw_Acute
2026-09-22 23:27:36 +0200: Memory Usage (516252K) : Executing rule metal5_pin_Acute
2026-09-22 23:27:36 +0200: Memory Usage (516252K) : Executing rule metal5_mask_Acute
2026-09-22 23:27:36 +0200: Memory Usage (516252K) : Executing rule metal5_filler_Acute
2026-09-22 23:27:36 +0200: Memory Usage (516252K) : Executing rule metal5_nofill_Acute
2026-09-22 23:27:36 +0200: Memory Usage (516252K) : Executing rule metal5_slit_Acute
2026-09-22 23:27:36 +0200: Memory Usage (516252K) : Executing rule metal5_opc_Acute
2026-09-22 23:27:36 +0200: Memory Usage (516252K) : Executing rule metal5_noqrc_Acute
2026-09-22 23:27:36 +0200: Memory Usage (516252K) : Executing rule metal5_res_Acute
2026-09-22 23:27:36 +0200: Memory Usage (516252K) : Executing rule metal5_iprobe_Acute
2026-09-22 23:27:36 +0200: Memory Usage (516252K) : Executing rule metal5_diffprb_Acute
2026-09-22 23:27:36 +0200: Memory Usage (516252K) : Executing rule prboundary_drw_Acute
2026-09-22 23:27:36 +0200: Memory Usage (516252K) : Executing rule exchange0_drw_Acute
2026-09-22 23:27:36 +0200: Memory Usage (516252K) : Executing rule exchange0_pin_Acute
2026-09-22 23:27:36 +0200: Memory Usage (516252K) : Executing rule exchange1_drw_Acute
2026-09-22 23:27:36 +0200: Memory Usage (516252K) : Executing rule exchange1_pin_Acute
2026-09-22 23:27:36 +0200: Memory Usage (516252K) : Executing rule exchange2_drw_Acute
2026-09-22 23:27:36 +0200: Memory Usage (516252K) : Executing rule exchange2_pin_Acute
2026-09-22 23:27:36 +0200: Memory Usage (516252K) : Executing rule exchange3_drw_Acute
2026-09-22 23:27:36 +0200: Memory Usage (516252K) : Executing rule exchange3_pin_Acute
2026-09-22 23:27:36 +0200: Memory Usage (516252K) : Executing rule exchange4_drw_Acute
2026-09-22 23:27:36 +0200: Memory Usage (516252K) : Executing rule exchange4_pin_Acute
2026-09-22 23:27:36 +0200: Memory Usage (516252K) : Executing rule isonwell_drw_Acute
2026-09-22 23:27:36 +0200: Memory Usage (516252K) : Executing rule thickgateox_drw_Acute
2026-09-22 23:27:36 +0200: Memory Usage (516252K) : Executing rule pempoly_drw_Acute
2026-09-22 23:27:36 +0200: Memory Usage (516252K) : Executing rule fbe_drw_Acute
2026-09-22 23:27:36 +0200: Memory Usage (516252K) : Executing rule empoly_drw_Acute
2026-09-22 23:27:36 +0200: Memory Usage (516252K) : Executing rule ldmos_drw_Acute
2026-09-22 23:27:36 +0200: Memory Usage (516252K) : Executing rule pbiwind_drw_Acute
2026-09-22 23:27:36 +0200: Memory Usage (516252K) : Executing rule colopen_drw_Acute
2026-09-22 23:27:36 +0200: Memory Usage (516252K) : Executing rule extblock_drw_Acute
2026-09-22 23:27:36 +0200: Memory Usage (516252K) : Executing rule nldd_drw_Acute
2026-09-22 23:27:36 +0200: Memory Usage (516252K) : Executing rule pldd_drw_Acute
2026-09-22 23:27:36 +0200: Memory Usage (516252K) : Executing rule next_drw_Acute
2026-09-22 23:27:36 +0200: Memory Usage (516252K) : Executing rule pext_drw_Acute
2026-09-22 23:27:36 +0200: Memory Usage (516252K) : Executing rule nexthv_drw_Acute
2026-09-22 23:27:36 +0200: Memory Usage (516252K) : Executing rule pexthv_drw_Acute
2026-09-22 23:27:36 +0200: Memory Usage (516252K) : Executing rule graphgate_drw_Acute
2026-09-22 23:27:36 +0200: Memory Usage (516252K) : Executing rule mempad_drw_Acute
2026-09-22 23:27:36 +0200: Memory Usage (516252K) : Executing rule topvia1_drw_Acute
2026-09-22 23:27:36 +0200: Memory Usage (516252K) : Executing rule topmetal1_drw_Acute
2026-09-22 23:27:36 +0200: Memory Usage (516252K) : Executing rule topmetal1_pin_Acute
2026-09-22 23:27:36 +0200: Memory Usage (516252K) : Executing rule topmetal1_mask_Acute
2026-09-22 23:27:36 +0200: Memory Usage (516252K) : Executing rule topmetal1_filler_Acute
2026-09-22 23:27:36 +0200: Memory Usage (516252K) : Executing rule topmetal1_nofill_Acute
2026-09-22 23:27:36 +0200: Memory Usage (516252K) : Executing rule topmetal1_slit_Acute
2026-09-22 23:27:36 +0200: Memory Usage (516252K) : Executing rule topmetal1_noqrc_Acute
2026-09-22 23:27:36 +0200: Memory Usage (516252K) : Executing rule topmetal1_res_Acute
2026-09-22 23:27:36 +0200: Memory Usage (516252K) : Executing rule topmetal1_iprobe_Acute
2026-09-22 23:27:36 +0200: Memory Usage (516252K) : Executing rule topmetal1_diffprb_Acute
2026-09-22 23:27:36 +0200: Memory Usage (516252K) : Executing rule inldpwl_drw_Acute
2026-09-22 23:27:36 +0200: Memory Usage (516252K) : Executing rule polyres_drw_Acute
2026-09-22 23:27:36 +0200: Memory Usage (516252K) : Executing rule polyres_pin_Acute
2026-09-22 23:27:36 +0200: Memory Usage (516252K) : Executing rule vmim_drw_Acute
2026-09-22 23:27:36 +0200: Memory Usage (516252K) : Executing rule nbulaycut_drw_Acute
2026-09-22 23:27:36 +0200: Memory Usage (516252K) : Executing rule antmetal1_drw_Acute
2026-09-22 23:27:36 +0200: Memory Usage (516252K) : Executing rule topvia2_drw_Acute
2026-09-22 23:27:36 +0200: Memory Usage (516252K) : Executing rule topmetal2_drw_Acute
2026-09-22 23:27:36 +0200: Memory Usage (516252K) : Executing rule topmetal2_pin_Acute
2026-09-22 23:27:36 +0200: Memory Usage (516252K) : Executing rule topmetal2_mask_Acute
2026-09-22 23:27:36 +0200: Memory Usage (516252K) : Executing rule topmetal2_filler_Acute
2026-09-22 23:27:36 +0200: Memory Usage (516252K) : Executing rule topmetal2_nofill_Acute
2026-09-22 23:27:36 +0200: Memory Usage (516252K) : Executing rule topmetal2_slit_Acute
2026-09-22 23:27:36 +0200: Memory Usage (516252K) : Executing rule topmetal2_noqrc_Acute
2026-09-22 23:27:36 +0200: Memory Usage (516252K) : Executing rule topmetal2_res_Acute
2026-09-22 23:27:36 +0200: Memory Usage (516252K) : Executing rule topmetal2_iprobe_Acute
2026-09-22 23:27:36 +0200: Memory Usage (516252K) : Executing rule topmetal2_diffprb_Acute
2026-09-22 23:27:36 +0200: Memory Usage (516252K) : Executing rule snsring_drw_Acute
2026-09-22 23:27:36 +0200: Memory Usage (516252K) : Executing rule sensor_drw_Acute
2026-09-22 23:27:36 +0200: Memory Usage (516252K) : Executing rule snsarms_drw_Acute
2026-09-22 23:27:36 +0200: Memory Usage (516252K) : Executing rule snscmosvia_drw_Acute
2026-09-22 23:27:36 +0200: Memory Usage (516252K) : Executing rule colwind_drw_Acute
2026-09-22 23:27:36 +0200: Memory Usage (516252K) : Executing rule flm_drw_Acute
2026-09-22 23:27:36 +0200: Memory Usage (516252K) : Executing rule hafniumox_drw_Acute
2026-09-22 23:27:36 +0200: Memory Usage (516252K) : Executing rule memvia_drw_Acute
2026-09-22 23:27:36 +0200: Memory Usage (516252K) : Executing rule thinfilmres_drw_Acute
2026-09-22 23:27:36 +0200: Memory Usage (516252K) : Executing rule rfmem_drw_Acute
2026-09-22 23:27:36 +0200: Memory Usage (516252K) : Executing rule snsbotvia_drw_Acute
2026-09-22 23:27:36 +0200: Memory Usage (516252K) : Executing rule snstopvia_drw_Acute
2026-09-22 23:27:36 +0200: Memory Usage (516252K) : Executing rule deepvia_drw_Acute
2026-09-22 23:27:36 +0200: Memory Usage (516252K) : Executing rule fgetch_drw_Acute
2026-09-22 23:27:36 +0200: Memory Usage (516252K) : Executing rule ctrgat_drw_Acute
2026-09-22 23:27:36 +0200: Memory Usage (516252K) : Executing rule fgimp_drw_Acute
2026-09-22 23:27:36 +0200: Memory Usage (516252K) : Executing rule emwihv_drw_Acute
2026-09-22 23:27:36 +0200: Memory Usage (516252K) : Executing rule lbe_drw_Acute
2026-09-22 23:27:36 +0200: Memory Usage (516252K) : Executing rule alcustop_drw_Acute
2026-09-22 23:27:36 +0200: Memory Usage (516252K) : Executing rule cont_drw_Angle90
2026-09-22 23:27:37 +0200: Memory Usage (545828K) : Executing rule via1_drw_Angle90
2026-09-22 23:27:37 +0200: Memory Usage (545684K) : Executing rule via2_drw_Angle90
2026-09-22 23:27:37 +0200: Memory Usage (545912K) : Executing rule via3_drw_Angle90
2026-09-22 23:27:37 +0200: Memory Usage (545828K) : Executing rule via4_drw_Angle90
2026-09-22 23:27:37 +0200: Memory Usage (546024K) : Executing rule vmim_drw_Angle90
2026-09-22 23:27:37 +0200: Memory Usage (546120K) : Executing rule topvia1_drw_Angle90
2026-09-22 23:27:37 +0200: Memory Usage (545976K) : Executing rule topvia2_drw_Angle90
2026-09-22 23:27:37 +0200: Memory Usage (546072K) : Executing rule gatpoly_drw_Angle45
2026-09-22 23:27:37 +0200: Memory Usage (546920K) : Executing rule activ_drw_Angle45
2026-09-22 23:27:37 +0200: Memory Usage (546760K) : Executing rule metal1_drw_Angle45
2026-09-22 23:27:37 +0200: Memory Usage (547544K) : Executing rule metal2_drw_Angle45
2026-09-22 23:27:37 +0200: Memory Usage (547728K) : Executing rule metal3_drw_Angle45
2026-09-22 23:27:37 +0200: Memory Usage (547660K) : Executing rule metal4_drw_Angle45
2026-09-22 23:27:37 +0200: Memory Usage (547796K) : Executing rule metal5_drw_Angle45
2026-09-22 23:27:37 +0200: Memory Usage (547724K) : Executing rule topmetal1_drw_Angle45
2026-09-22 23:27:37 +0200: Memory Usage (547844K) : Executing rule topmetal2_drw_Angle45
2026-09-22 23:27:38 +0200: Memory Usage (547964K) : Starting 3.2. FORBIDDEN table
2026-09-22 23:27:38 +0200: Memory Usage (547964K) : Executing rule forbidden.biwind
2026-09-22 23:27:38 +0200: Memory Usage (547964K) : Executing rule forbidden.pemwind
2026-09-22 23:27:38 +0200: Memory Usage (547964K) : Executing rule forbidden.baspoly
2026-09-22 23:27:38 +0200: Memory Usage (547964K) : Executing rule forbidden.deepco
2026-09-22 23:27:38 +0200: Memory Usage (547964K) : Executing rule forbidden.pempoly
2026-09-22 23:27:38 +0200: Memory Usage (547964K) : Executing rule forbidden.empoly
2026-09-22 23:27:38 +0200: Memory Usage (547964K) : Executing rule forbidden.ldmos
2026-09-22 23:27:38 +0200: Memory Usage (547964K) : Executing rule forbidden.pbiwind
2026-09-22 23:27:38 +0200: Memory Usage (547964K) : Executing rule forbidden.nodrc
2026-09-22 23:27:38 +0200: Memory Usage (547964K) : Executing rule forbidden.flash
2026-09-22 23:27:38 +0200: Memory Usage (547964K) : Executing rule forbidden.colwind
2026-09-22 23:27:38 +0200: Memory Usage (547964K) : KLayout DRC run for tables 'main' completed in 8.91 seconds
22-Sep-2026 23:27:38 | INFO    | Running IHP-SG13G2 sg13g2_maximal checks on design ${RESULTS_ROOT}/sense-ring-routing-20260922-r7a/g1_sense_physical.gds, topcell: g1_sense_physical
2026-09-22 23:27:39 +0200: Memory Usage (407044K) : Starting running IHP-SG13G2 Klayout DRC maximum runset on ${RESULTS_ROOT}/sense-ring-routing-20260922-r7a/g1_sense_physical.gds
2026-09-22 23:27:39 +0200: Memory Usage (407044K) : Ruby Version for klayout: 3.2.3
2026-09-22 23:27:39 +0200: Memory Usage (408440K) : Loading database to memory is complete.
2026-09-22 23:27:39 +0200: Memory Usage (408440K) : IHP-SG13G2 Klayout DRC maximum runset output at: ${RESULTS_ROOT}/sense-ring-stock-20260922-r7a/drc/g1_sense_physical_g1_sense_physical_sg13g2_maximal.lyrdb
2026-09-22 23:27:39 +0200: Memory Usage (408440K) : Evaluate switches.
2026-09-22 23:27:39 +0200: Memory Usage (408440K) : Klayout will use 128 thread(s)
2026-09-22 23:27:39 +0200: Memory Usage (408440K) : deep mode is enabled for sg13g2_maximal runset.
Rule NW.a: 0 error(s)
Rule NW.c: 0 error(s)
Rule NW.c1: 0 error(s)
Rule NW.d: 0 error(s)
Rule NW.d1: 0 error(s)
Rule NW.e: 0 error(s)
Rule NW.e1: 0 error(s)
Rule NW.f: 0 error(s)
Rule PWB.a: 0 error(s)
Rule PWB.b: 0 error(s)
Rule PWB.c: 0 error(s)
Rule NBL.a: 0 error(s)
Rule NBLB.a: 0 error(s)
Rule NBLB.b: 0 error(s)
Rule NBLB.c: 0 error(s)
Rule NBLB.d: 0 error(s)
Rule Act.c: 0 error(s)
Rule Act.d: 0 error(s)
Rule Act.e: 0 error(s)
Rule AFil.a: 0 error(s)
Rule AFil.a1: 0 error(s)
Rule AFil.b: 0 error(s)
Rule AFil.i: 0 error(s)
Rule TGO.a: 0 error(s)
Rule TGO.b: 0 error(s)
Rule TGO.c: 0 error(s)
Rule TGO.d: 0 error(s)
Rule TGO.e: 0 error(s)
Rule Gat.a3: 0 error(s)
Rule Gat.a4: 0 error(s)
Rule Gat.b1: 0 error(s)
Rule Gat.c: 0 error(s)
Rule Gat.c: 0 error(s)
Rule Gat.e: 0 error(s)
Rule Gat.f: 0 error(s)
Rule GFil.a: 0 error(s)
Rule GFil.b: 0 error(s)
Rule GFil.c: 0 error(s)
Rule GFil.f: 0 error(s)
Rule GFil.j: 0 error(s)
Rule pSD.a: 0 error(s)
Rule pSD.b: 0 error(s)
Rule pSD.c: 0 error(s)
Rule pSD.d: 0 error(s)
Rule pSD.d1: 0 error(s)
Rule pSD.e: 0 error(s)
Rule pSD.f: 0 error(s)
Rule pSD.g: 0 error(s)
Rule pSD.g: 0 error(s)
Rule pSD.i: 0 error(s)
Rule pSD.i1: 0 error(s)
Rule pSD.j: 0 error(s)
Rule pSD.j1: 0 error(s)
Rule pSD.k: 0 error(s)
Rule pSD.l: 0 error(s)
Rule pSD.m: 0 error(s)
Rule pSD.n: 0 error(s)
Rule nSDB.a: 0 error(s)
Rule nSDB.b: 0 error(s)
Rule nSDB.c: 0 error(s)
Rule nSDB.e: 0 error(s)
Rule EXTB.a: 0 error(s)
Rule EXTB.b: 0 error(s)
Rule EXTB.c: 0 error(s)
Rule Sal.a: 0 error(s)
Rule Sal.b: 0 error(s)
Rule Sal.c: 0 error(s)
Rule Sal.c: 0 error(s)
Rule Sal.d: 0 error(s)
Rule Sal.d: 0 error(s)
Rule Sal.e: 0 error(s)
Rule Cnt.b1: 0 error(s)
Rule Cnt.f: 0 error(s)
Rule Cnt.g: 0 error(s)
Rule Cnt.h: 0 error(s)
Rule Cnt.j: 0 error(s)
Rule CntB.a: 0 error(s)
Rule CntB.a: 0 error(s)
Rule CntB.a1: 0 error(s)
Rule CntB.b: 0 error(s)
Rule CntB.b2: 0 error(s)
Rule CntB.c: 0 error(s)
Rule CntB.d: 0 error(s)
Rule CntB.e: 0 error(s)
Rule CntB.f: 0 error(s)
Rule CntB.g: 0 error(s)
Rule CntB.g1: 0 error(s)
Rule CntB.g2: 0 error(s)
Rule CntB.h: 0 error(s)
Rule CntB.j: 0 error(s)
Rule M1.c: 0 error(s)
Rule M1.c1: 0 error(s)
Rule M1.d: 0 error(s)
Rule M2.c: 0 error(s)
Rule M2.c1: 0 error(s)
Rule M2.d: 0 error(s)
Rule M3.c: 0 error(s)
Rule M3.c1: 0 error(s)
Rule M3.d: 0 error(s)
Rule M4.c: 0 error(s)
Rule M4.c1: 0 error(s)
Rule M4.d: 0 error(s)
Rule M5.c: 0 error(s)
Rule M5.c1: 0 error(s)
Rule M5.d: 0 error(s)
Rule M1Fil.a1: 0 error(s)
Rule M1Fil.b: 0 error(s)
Rule M1Fil.d: 0 error(s)
Rule M2Fil.a1: 0 error(s)
Rule M2Fil.b: 0 error(s)
Rule M2Fil.d: 0 error(s)
Rule M3Fil.a1: 0 error(s)
Rule M3Fil.b: 0 error(s)
Rule M3Fil.d: 0 error(s)
Rule M4Fil.a1: 0 error(s)
Rule M4Fil.b: 0 error(s)
Rule M4Fil.d: 0 error(s)
Rule M5Fil.a1: 0 error(s)
Rule M5Fil.b: 0 error(s)
Rule M5Fil.d: 0 error(s)
Rule V1.b1: 0 error(s)
Rule V1.c1: 0 error(s)
Rule V2.b1: 0 error(s)
Rule V2.c1: 0 error(s)
Rule V3.b1: 0 error(s)
Rule V3.c1: 0 error(s)
Rule V4.b1: 0 error(s)
Rule V4.c1: 0 error(s)
Rule TM1Fil.a: 0 error(s)
Rule TM1Fil.b: 0 error(s)
Rule TM1Fil.d: 0 error(s)
Rule TM2Fil.a: 0 error(s)
Rule TM2Fil.b: 0 error(s)
Rule TM2Fil.d: 0 error(s)
Rule npnG2.b: 0 error(s)
Rule npnG2.c: 0 error(s)
Rule npnG2.d.N_Activ: 0 error(s)
Rule npnG2.d.NWell: 0 error(s)
Rule npnG2.d.PWell_block: 0 error(s)
Rule npnG2.d.nBuLay: 0 error(s)
Rule npnG2.d.nSD_block: 0 error(s)
Rule npnG2.d1: 0 error(s)
Rule npnG2.d2: 0 error(s)
Rule npnG2.e: 0 error(s)
Rule npn13G2.a: 0 error(s)
Rule npn13G2L.a: 0 error(s)
Rule npn13G2L.b: 0 error(s)
Rule npn13G2V.a: 0 error(s)
Rule npn13G2V.b: 0 error(s)
Rule Rsil.a: 0 error(s)
Rule Rsil.b: 0 error(s)
Rule Rsil.c: 0 error(s)
Rule Rsil.d: 0 error(s)
Rule Rsil.e: 0 error(s)
Rule Rsil.f: 0 error(s)
Rule Rppd.a: 0 error(s)
Rule Rppd.b: 0 error(s)
Rule Rppd.c: 0 error(s)
Rule Rppd.c: 0 error(s)
Rule Rppd.d: 0 error(s)
Rule Rppd.e: 0 error(s)
Rule Rhi.a: 0 error(s)
Rule Rhi.b: 0 error(s)
Rule Rhi.c: 0 error(s)
Rule Rhi.d: 0 error(s)
Rule Rhi.d: 0 error(s)
Rule Rhi.e: 0 error(s)
Rule Rhi.f: 0 error(s)
Rule nmosi.b: 0 error(s)
Rule nmosi.c: 0 error(s)
Rule nmosi.d: 0 error(s)
Rule nmosi.f: 0 error(s)
Rule nmosi.g: 0 error(s)
Rule Sdiod.a: 0 error(s)
Rule Pad.aR: 0 error(s)
Rule Pad.a1: 0 error(s)
Rule Pad.bR: 0 error(s)
Rule Pad.d: 0 error(s)
Rule Pad.dR: 0 error(s)
Rule Pad.d1R: 0 error(s)
Rule Pad.gR: 0 error(s)
Rule Pad.jR: 0 error(s)
Rule Pad.jR: 0 error(s)
Rule Pad.kR: 0 error(s)
Rule Padc.d: 0 error(s)
Rule Seal.a_Activ: 0 error(s)
Rule Seal.a_pSD: 0 error(s)
Rule Seal.a_Metal1: 0 error(s)
Rule Seal.a_Metal2: 0 error(s)
Rule Seal.a_Metal3: 0 error(s)
Rule Seal.a_Metal4: 0 error(s)
Rule Seal.a_Metal5: 0 error(s)
Rule Seal.a_TopMetal1: 0 error(s)
Rule Seal.a_TopMetal2: 0 error(s)
Rule Seal.c: 0 error(s)
Rule Seal.c: 0 error(s)
Rule Seal.c1.Via1: 0 error(s)
Rule Seal.c1.Via1: 0 error(s)
Rule Seal.c1.Via2: 0 error(s)
Rule Seal.c1.Via2: 0 error(s)
Rule Seal.c1.Via3: 0 error(s)
Rule Seal.c1.Via3: 0 error(s)
Rule Seal.c1.Via4: 0 error(s)
Rule Seal.c1.Via4: 0 error(s)
Rule Seal.c2: 0 error(s)
Rule Seal.c2: 0 error(s)
Rule Seal.c3: 0 error(s)
Rule Seal.c3: 0 error(s)
Rule Seal.d.Cont: 0 error(s)
Rule Seal.d.Via1: 0 error(s)
Rule Seal.d.Via2: 0 error(s)
Rule Seal.d.Via3: 0 error(s)
Rule Seal.d.Via4: 0 error(s)
Rule Seal.d.TopVia1: 0 error(s)
Rule Seal.d.TopVia2: 0 error(s)
Rule Seal.e: 0 error(s)
Rule Seal.f.Activ: 0 error(s)
Rule Seal.f.pSD: 0 error(s)
Rule Seal.f.Metal1: 0 error(s)
Rule Seal.f.Metal2: 0 error(s)
Rule Seal.f.Metal3: 0 error(s)
Rule Seal.f.Metal4: 0 error(s)
Rule Seal.f.Metal5: 0 error(s)
Rule Seal.f.TopMetal1: 0 error(s)
Rule Seal.f.TopMetal2: 0 error(s)
Rule MIM.a: 0 error(s)
Rule MIM.b: 0 error(s)
Rule MIM.e: 0 error(s)
Rule MIM.f: 0 error(s)
Rule MIM.g: 0 error(s)
Rule MIM.h: 0 error(s)
Rule LU.a: 0 error(s)
Rule LU.c: 0 error(s)
Rule LU.c1: 0 error(s)
Rule LU.d: 0 error(s)
Rule LU.d1: 0 error(s)
Rule Slt.a.M1: 0 error(s)
Rule Slt.b.M1: 0 error(s)
Rule Slt.c.M1: 0 error(s)
Rule Slt.e.M1: 0 error(s)
Rule Slt.f.M1: 0 error(s)
Rule Slt.h1: 0 error(s)
Rule Slt.h1: 0 error(s)
Rule Slt.a.M2: 0 error(s)
Rule Slt.b.M2: 0 error(s)
Rule Slt.c.M2: 0 error(s)
Rule Slt.e.M2: 0 error(s)
Rule Slt.f.M2: 0 error(s)
Rule Slt.h2.M2: 0 error(s)
Rule Slt.h2.M2: 0 error(s)
Rule Slt.a.M3: 0 error(s)
Rule Slt.b.M3: 0 error(s)
Rule Slt.c.M3: 0 error(s)
Rule Slt.e.M3: 0 error(s)
Rule Slt.f.M3: 0 error(s)
Rule Slt.h2.M3: 0 error(s)
Rule Slt.h2.M3: 0 error(s)
Rule Slt.a.M4: 0 error(s)
Rule Slt.b.M4: 0 error(s)
Rule Slt.c.M4: 0 error(s)
Rule Slt.e.M4: 0 error(s)
Rule Slt.f.M4: 0 error(s)
Rule Slt.h2.M4: 0 error(s)
Rule Slt.h2.M4: 0 error(s)
Rule Slt.a.M5: 0 error(s)
Rule Slt.b.M5: 0 error(s)
Rule Slt.c.M5: 0 error(s)
Rule Slt.e.M5: 0 error(s)
Rule Slt.f.M5: 0 error(s)
Rule Slt.g.M5: 0 error(s)
Rule Slt.h2.M5: 0 error(s)
Rule Slt.h2.M5: 0 error(s)
Rule Slt.a.TM1: 0 error(s)
Rule Slt.b.TM1: 0 error(s)
Rule Slt.c.TM1: 0 error(s)
Rule Slt.e.TM1: 0 error(s)
Rule Slt.f.TM1: 0 error(s)
Rule Slt.g.TM1: 0 error(s)
Rule Slt.h3: 0 error(s)
Rule Slt.a.TM2: 0 error(s)
Rule Slt.b.TM2: 0 error(s)
Rule Slt.c.TM2: 0 error(s)
Rule Slt.e.TM2: 0 error(s)
Rule Slt.f.TM2: 0 error(s)
Rule Slt.h4: 0 error(s)
Rule NW.c1.dig: 0 error(s)
Rule NW.d1.dig: 0 error(s)
Rule NW.e1.dig: 0 error(s)
Rule LBE.b2: 0 error(s)
Rule LBE.e.dfPad: 0 error(s)
Rule LBE.e.Passiv: 0 error(s)
Rule LBE.f: 0 error(s)
Number of DRC errors for maximum rule set: 0
2026-09-22 23:27:57 +0200: Memory Usage (597988K) : KLayout DRC run for maximum ruleSet completed in 17.79 seconds
22-Sep-2026 23:27:57 | INFO    | Completed running Sg13g2_maximal checks.
22-Sep-2026 23:27:57 | INFO    | =====================================================================================
22-Sep-2026 23:27:57 | INFO    | ✅ --- KLayout DRC Check Passed: No DRC violations detected in the layout. --- ✅
22-Sep-2026 23:27:57 | INFO    | =====================================================================================
22-Sep-2026 23:27:57 | INFO    | Total DRC Run time: 31.84 seconds (including execution, analysis, and reporting)
