┏━━━━━━━━━━━━━━━━━━━━━━┳━━━━━━━━━━┳━━━━━━━━━━┳━━━━━━━━━━┳━━━━━━━━━━┳━━━━━━━━━━━┳━━━━━━━━━━┳━━━━━━━━━━━┳━━━━━━━━━━┳━━━━━━━━━━━┳━━━━━━━━━━┳━━━━━━━━━━━┳━━━━━━━━━━┓
┃                      ┃ Hold     ┃ Reg to   ┃          ┃          ┃ of which  ┃ Setup    ┃           ┃          ┃           ┃ of which ┃           ┃          ┃
┃                      ┃ Worst    ┃ Reg      ┃          ┃ Hold Vio ┃ reg to    ┃ Worst    ┃ Reg to    ┃ Setup    ┃ Setup Vio ┃ reg to   ┃ Max Cap   ┃ Max Slew ┃
┃ Corner/Group         ┃ Slack    ┃ Paths    ┃ Hold TNS ┃ Count    ┃ reg       ┃ Slack    ┃ Reg Paths ┃ TNS      ┃ Count     ┃ reg      ┃ Violatio… ┃ Violati… ┃
┡━━━━━━━━━━━━━━━━━━━━━━╇━━━━━━━━━━╇━━━━━━━━━━╇━━━━━━━━━━╇━━━━━━━━━━╇━━━━━━━━━━━╇━━━━━━━━━━╇━━━━━━━━━━━╇━━━━━━━━━━╇━━━━━━━━━━━╇━━━━━━━━━━╇━━━━━━━━━━━╇━━━━━━━━━━┩
│ Overall              │ -0.5176  │ -0.5176  │ -18.0606 │ 560      │ 554       │ 26.2214  │ 46.4838   │ 0.0000   │ 0         │ 0        │ 0         │ 10       │
│ nom_fast_1p32V_m40C  │ -0.3664  │ -0.3664  │ -18.0606 │ 543      │ 541       │ 28.3512  │ 48.4446   │ 0.0000   │ 0         │ 0        │ 0         │ 10       │
│ nom_slow_1p08V_125C  │ -0.5176  │ -0.5176  │ -1.2865  │ 5        │ 3         │ 26.2214  │ 46.4838   │ 0.0000   │ 0         │ 0        │ 0         │ 10       │
│ nom_typ_1p20V_25C    │ -0.4289  │ -0.4289  │ -1.4099  │ 12       │ 10        │ 27.6765  │ 47.7068   │ 0.0000   │ 0         │ 0        │ 0         │ 10       │
└──────────────────────┴──────────┴──────────┴──────────┴──────────┴───────────┴──────────┴───────────┴──────────┴───────────┴──────────┴───────────┴──────────┘
