
Note: No compatibility mode selected!


Circuit: * paired segment 5 arm selft1 (seed 5005)

Doing analysis at TEMP = 27.000000 and TNOM = 27.000000

Using SPARSE 1.3 as Direct Linear Solver

No. of Data Rows : 1
Doing analysis at TEMP = 27.000000 and TNOM = 27.000000

Using SPARSE 1.3 as Direct Linear Solver

Initial Transient Solution
--------------------------

Node                                   Voltage
----                                   -------
gen_n                                  2.36756
xgen.b1_q1                            0.872997
xgen.e                               0.0780812
xgen.xq1.s1                        9.45546e-10
xgen.xq1.t                             3.33396
gen_p                                  2.37442
xgen.b2_q2                            0.871358
xgen.xq2.s1                        9.48413e-10
xgen.xq2.t                             3.15783
vcc_hbt                                    2.5
xgen.b_cm                                0.872
xgen.b2_src                           0.871183
xgen.b1_src                           0.872817
xamp.in_p_q1                           2.37404
xamp.in_n_q2                           2.36721
xamp.c1_n                              1.93311
xamp.e1_1                              1.48272
xamp.xq1.s1                        3.15836e-09
xamp.xq1.t                             6.49185
xamp.c1_p                              1.96936
xamp.e1_2                              1.48045
xamp.xq2.s1                        1.36438e-09
xamp.xq2.t                             6.59426
xamp.e1_common                         1.44723
xamp.b2_p                              1.15467
xamp.xqef1.s1                      9.96463e-10
xamp.xqef1.t                           3.49525
xamp.b2_n                              1.11951
xamp.xqef2.s1                      9.96606e-10
xamp.xqef2.t                           3.47657
amp_n                                  2.34254
xamp.e2_1                             0.305915
xamp.xq3.s1                        9.28295e-10
xamp.xq3.t                             15.1399
amp_p                                  2.43143
xamp.e2_2                              0.30036
xamp.xq4.s1                        9.68471e-10
xamp.xq4.t                              6.8836
xamp.e2_common                         0.29611
xcomp.in_p_int                         2.43139
xcomp.in_n_int                          2.3425
clk_p                                    0.775
xcomp.clk_p_int                       0.774995
clk_n                                    0.925
xcomp.clk_n_int                       0.924559
xcomp.b_latch_p                        1.60394
xcomp.xqef_in1.s1                  9.94517e-10
xcomp.xqef_in1.t                       3.26297
xcomp.b_latch_n                        1.51732
xcomp.xqef_in2.s1                  9.94896e-10
xcomp.xqef_in2.t                       3.38452
xcomp.e_track                         0.842096
xcomp.e_tail                         0.0116757
xcomp.xqclk_track.s1               3.36871e-10
xcomp.xqclk_track.t                   0.366515
xcomp.e_latch                          1.46393
xcomp.xqclk_latch.s1               5.82725e-10
xcomp.xqclk_latch.t                    32.3034
xcomp.c_n                              2.34187
xcomp.xq1.s1                       9.36839e-10
xcomp.xq1.t                           0.636132
xcomp.c_p                               2.3386
xcomp.xq2.s1                       9.36215e-10
xcomp.xq2.t                          0.0247584
xcomp.xq3.s1                       9.19435e-10
xcomp.xq3.t                            9.46185
xcomp.xq4.s1                        9.1708e-10
xcomp.xq4.t                            10.0019
xcomp.ef_p                             1.50566
xcomp.xqef1.s1                     9.93509e-10
xcomp.xqef1.t                          4.24669
xcomp.ef_n                             1.50884
xcomp.xqef2.s1                     9.93491e-10
xcomp.xqef2.t                          4.24204
xcomp.g_p                             0.753907
xcomp.g_n                              0.75552
xcomp.cml_out_p                      0.0363025
xcomp.xqbuf1.s1                    1.00067e-09
xcomp.xqbuf1.t                         0.20732
xcomp.cml_out_n                      0.0372395
xcomp.xqbuf2.s1                    1.00066e-09
xcomp.xqbuf2.t                         0.21257
vdd                                        1.2
vclk_n#branch                     -4.40543e-06
vclk_p#branch                     -4.91922e-08
vdd#branch                                   0
vcc_hbt#branch                     -0.00974444
v.xgen.v_noise_n#branch            1.80475e-06
v.xgen.v_noise_p#branch            1.75412e-06
v.xgen.vbm#branch                  3.55887e-06

 Reference value :  2.51765e-10
 Reference value :  2.23412e-09
 Reference value :  4.21706e-09
 Reference value :  6.17176e-09
 Reference value :  8.12706e-09
 Reference value :  1.01006e-08
 Reference value :  1.18971e-08
 Reference value :  1.37418e-08
 Reference value :  1.54641e-08
 Reference value :  1.72871e-08
 Reference value :  1.91618e-08
 Reference value :  2.09806e-08
 Reference value :  2.27671e-08
 Reference value :  2.46271e-08
 Reference value :  2.64500e-08
 Reference value :  2.82600e-08
 Reference value :  3.00471e-08
 Reference value :  3.18971e-08
 Reference value :  3.36606e-08
 Reference value :  3.55271e-08
 Reference value :  3.72706e-08
 Reference value :  3.89941e-08
 Reference value :  4.07700e-08
 Reference value :  4.25906e-08
 Reference value :  4.43971e-08
 Reference value :  4.61471e-08
 Reference value :  4.78771e-08
 Reference value :  4.96118e-08
 Reference value :  5.12606e-08
 Reference value :  5.30171e-08
 Reference value :  5.47700e-08
 Reference value :  5.64941e-08
 Reference value :  5.82200e-08
 Reference value :  5.99918e-08
 Reference value :  6.17606e-08
 Reference value :  6.35171e-08
 Reference value :  6.52700e-08
 Reference value :  6.69600e-08
 Reference value :  6.86541e-08
 Reference value :  7.03306e-08
 Reference value :  7.20200e-08
 Reference value :  7.37106e-08
 Reference value :  7.53900e-08
 Reference value :  7.71400e-08
 Reference value :  7.88006e-08
 Reference value :  8.05171e-08
 Reference value :  8.22271e-08
 Reference value :  8.39306e-08
 Reference value :  8.56071e-08
 Reference value :  8.73471e-08
 Reference value :  8.90506e-08
 Reference value :  9.07818e-08
 Reference value :  9.24818e-08
 Reference value :  9.41506e-08
 Reference value :  9.58241e-08
 Reference value :  9.75071e-08
 Reference value :  9.90271e-08
 Reference value :  1.00442e-07
 Reference value :  1.02100e-07
 Reference value :  1.03662e-07
 Reference value :  1.05247e-07
 Reference value :  1.06837e-07
 Reference value :  1.08500e-07
 Reference value :  1.10161e-07
 Reference value :  1.11772e-07
 Reference value :  1.13400e-07
 Reference value :  1.14987e-07
 Reference value :  1.16507e-07
 Reference value :  1.18160e-07
 Reference value :  1.19780e-07
 Reference value :  1.21424e-07
 Reference value :  1.23067e-07
 Reference value :  1.24720e-07
 Reference value :  1.26272e-07
 Reference value :  1.27812e-07
 Reference value :  1.29380e-07
 Reference value :  1.30854e-07
 Reference value :  1.32420e-07
 Reference value :  1.33987e-07
 Reference value :  1.35562e-07
 Reference value :  1.37090e-07
 Reference value :  1.38590e-07
 Reference value :  1.40110e-07
 Reference value :  1.41680e-07
 Reference value :  1.43227e-07
 Reference value :  1.44774e-07
 Reference value :  1.46374e-07
 Reference value :  1.47914e-07
 Reference value :  1.49502e-07
 Reference value :  1.51092e-07
 Reference value :  1.52644e-07
 Reference value :  1.54182e-07
 Reference value :  1.55672e-07
 Reference value :  1.57230e-07
 Reference value :  1.58764e-07
 Reference value :  1.60367e-07
 Reference value :  1.61991e-07
 Reference value :  1.63562e-07
 Reference value :  1.65057e-07
 Reference value :  1.66622e-07
 Reference value :  1.68111e-07
 Reference value :  1.69707e-07
 Reference value :  1.71297e-07
 Reference value :  1.72884e-07
 Reference value :  1.74461e-07
 Reference value :  1.75974e-07
 Reference value :  1.77470e-07
 Reference value :  1.78961e-07
 Reference value :  1.80444e-07
 Reference value :  1.81924e-07
 Reference value :  1.83462e-07
 Reference value :  1.84962e-07
 Reference value :  1.86444e-07
 Reference value :  1.87947e-07
 Reference value :  1.89424e-07
 Reference value :  1.90897e-07
 Reference value :  1.92240e-07
 Reference value :  1.93704e-07
 Reference value :  1.95192e-07
 Reference value :  1.96567e-07
 Reference value :  1.97904e-07
 Reference value :  1.99361e-07
 Reference value :  2.00880e-07
 Reference value :  2.02260e-07
 Reference value :  2.03600e-07
 Reference value :  2.05107e-07
 Reference value :  2.06594e-07
 Reference value :  2.08104e-07
 Reference value :  2.09572e-07
 Reference value :  2.11064e-07
 Reference value :  2.12547e-07
 Reference value :  2.14041e-07
 Reference value :  2.15540e-07
 Reference value :  2.16997e-07
 Reference value :  2.18350e-07
 Reference value :  2.19824e-07
 Reference value :  2.21314e-07
 Reference value :  2.22791e-07
 Reference value :  2.24222e-07
 Reference value :  2.25644e-07
 Reference value :  2.27122e-07
 Reference value :  2.28521e-07
 Reference value :  2.29987e-07
 Reference value :  2.31454e-07
 Reference value :  2.32840e-07
 Reference value :  2.34250e-07
 Reference value :  2.35692e-07
 Reference value :  2.37091e-07
 Reference value :  2.38491e-07
 Reference value :  2.39894e-07
 Reference value :  2.41330e-07
 Reference value :  2.42780e-07
 Reference value :  2.44254e-07
 Reference value :  2.45700e-07
 Reference value :  2.47127e-07
 Reference value :  2.48572e-07
 Reference value :  2.50000e-07
 Reference value :  2.51467e-07
 Reference value :  2.52871e-07
 Reference value :  2.54364e-07
 Reference value :  2.55820e-07
 Reference value :  2.57272e-07
 Reference value :  2.58727e-07
 Reference value :  2.60190e-07
 Reference value :  2.61611e-07
 Reference value :  2.62952e-07
 Reference value :  2.64222e-07
 Reference value :  2.65604e-07
 Reference value :  2.67042e-07
 Reference value :  2.68412e-07
 Reference value :  2.69810e-07
 Reference value :  2.71192e-07
 Reference value :  2.72617e-07
 Reference value :  2.74030e-07
 Reference value :  2.75430e-07
 Reference value :  2.76851e-07
 Reference value :  2.78221e-07
 Reference value :  2.79610e-07
 Reference value :  2.80961e-07
 Reference value :  2.82340e-07
 Reference value :  2.83714e-07
 Reference value :  2.85132e-07
 Reference value :  2.86484e-07
 Reference value :  2.87852e-07
 Reference value :  2.89237e-07
 Reference value :  2.90597e-07
 Reference value :  2.92014e-07
 Reference value :  2.93382e-07
 Reference value :  2.94692e-07
 Reference value :  2.96050e-07
 Reference value :  2.97424e-07
 Reference value :  2.98822e-07
 Reference value :  3.00154e-07
 Reference value :  3.01517e-07
 Reference value :  3.02907e-07
 Reference value :  3.04227e-07
 Reference value :  3.05597e-07
 Reference value :  3.06947e-07
 Reference value :  3.08320e-07
 Reference value :  3.09681e-07
 Reference value :  3.10994e-07
 Reference value :  3.12290e-07
 Reference value :  3.13682e-07
 Reference value :  3.15032e-07
 Reference value :  3.16320e-07
 Reference value :  3.17662e-07
 Reference value :  3.19094e-07
 Reference value :  3.20434e-07
 Reference value :  3.21800e-07
 Reference value :  3.23184e-07
 Reference value :  3.24494e-07
 Reference value :  3.25757e-07
 Reference value :  3.27027e-07
 Reference value :  3.28351e-07
 Reference value :  3.29662e-07
 Reference value :  3.30982e-07
 Reference value :  3.32244e-07
 Reference value :  3.33477e-07
 Reference value :  3.34721e-07
 Reference value :  3.35991e-07
 Reference value :  3.37252e-07
 Reference value :  3.38574e-07
 Reference value :  3.39880e-07
 Reference value :  3.41212e-07
 Reference value :  3.42530e-07
 Reference value :  3.43857e-07
 Reference value :  3.45134e-07
 Reference value :  3.46402e-07
 Reference value :  3.47722e-07
 Reference value :  3.49047e-07
 Reference value :  3.50390e-07
 Reference value :  3.51552e-07
 Reference value :  3.52877e-07
 Reference value :  3.54224e-07
 Reference value :  3.55607e-07
 Reference value :  3.56994e-07
 Reference value :  3.58351e-07
 Reference value :  3.59714e-07
 Reference value :  3.61032e-07
 Reference value :  3.62342e-07
 Reference value :  3.63647e-07
 Reference value :  3.64952e-07
 Reference value :  3.66290e-07
 Reference value :  3.67582e-07
 Reference value :  3.68867e-07
 Reference value :  3.70201e-07
 Reference value :  3.71524e-07
 Reference value :  3.72810e-07
 Reference value :  3.74072e-07
 Reference value :  3.75330e-07
 Reference value :  3.76630e-07
 Reference value :  3.77912e-07
 Reference value :  3.79162e-07
 Reference value :  3.80352e-07
 Reference value :  3.81592e-07
 Reference value :  3.82797e-07
 Reference value :  3.84107e-07
 Reference value :  3.85420e-07
 Reference value :  3.86710e-07
 Reference value :  3.87977e-07
 Reference value :  3.89304e-07
 Reference value :  3.90600e-07
 Reference value :  3.91927e-07
 Reference value :  3.93214e-07
 Reference value :  3.94514e-07
 Reference value :  3.95772e-07
 Reference value :  3.97072e-07
 Reference value :  3.98317e-07
 Reference value :  3.99591e-07
 Reference value :  4.00900e-07
 Reference value :  4.02177e-07
 Reference value :  4.03482e-07
 Reference value :  4.04791e-07
 Reference value :  4.06054e-07
 Reference value :  4.07282e-07
 Reference value :  4.08580e-07
 Reference value :  4.09867e-07
 Reference value :  4.11182e-07
 Reference value :  4.12447e-07
 Reference value :  4.13702e-07
 Reference value :  4.14944e-07
 Reference value :  4.16182e-07
 Reference value :  4.17470e-07
 Reference value :  4.18747e-07
 Reference value :  4.20052e-07
 Reference value :  4.21341e-07
 Reference value :  4.22544e-07
 Reference value :  4.23787e-07
 Reference value :  4.25051e-07
 Reference value :  4.26304e-07
 Reference value :  4.27554e-07
 Reference value :  4.28860e-07
 Reference value :  4.30104e-07
 Reference value :  4.31380e-07
 Reference value :  4.32652e-07
 Reference value :  4.33904e-07
 Reference value :  4.35212e-07
 Reference value :  4.36457e-07
 Reference value :  4.37721e-07
 Reference value :  4.39004e-07
 Reference value :  4.40250e-07
 Reference value :  4.41440e-07
 Reference value :  4.42634e-07
 Reference value :  4.43872e-07
 Reference value :  4.45127e-07
 Reference value :  4.46414e-07
 Reference value :  4.47621e-07
 Reference value :  4.48844e-07
 Reference value :  4.50050e-07
 Reference value :  4.51237e-07
 Reference value :  4.52522e-07
 Reference value :  4.53761e-07
 Reference value :  4.55007e-07
 Reference value :  4.56262e-07
 Reference value :  4.57524e-07
 Reference value :  4.58741e-07
 Reference value :  4.59977e-07
 Reference value :  4.61184e-07
 Reference value :  4.62390e-07
 Reference value :  4.63567e-07
 Reference value :  4.64670e-07
 Reference value :  4.65910e-07
 Reference value :  4.67120e-07
 Reference value :  4.68327e-07
 Reference value :  4.69504e-07
 Reference value :  4.70690e-07
 Reference value :  4.71897e-07
 Reference value :  4.73101e-07
 Reference value :  4.74291e-07
 Reference value :  4.75557e-07
 Reference value :  4.76832e-07
 Reference value :  4.78100e-07
 Reference value :  4.79350e-07
 Reference value :  4.80604e-07
 Reference value :  4.81817e-07
 Reference value :  4.83077e-07
 Reference value :  4.84331e-07
 Reference value :  4.85580e-07
 Reference value :  4.86821e-07
 Reference value :  4.88052e-07
 Reference value :  4.89257e-07
 Reference value :  4.90482e-07
 Reference value :  4.91654e-07
 Reference value :  4.92851e-07
 Reference value :  4.94097e-07
 Reference value :  4.95322e-07
 Reference value :  4.96554e-07
 Reference value :  4.97762e-07
 Reference value :  4.98987e-07
No. of Data Rows : 250004
ngspice-46 done
