22-Sep-2026 23:31:07 | INFO    | Your Klayout version is: KLayout 0.30.9 (required >= 0.30.5)
22-Sep-2026 23:31:07 | INFO    | Running SG13G2 LVS checks on design <results-root>/bgr-assembly-viaquad-20260922-r2/bank.gds on cell g1_bgr
2026-09-22 23:31:09 +0200: Memory Usage (408052K) : Starting running SG13G2 Klayout LVS runset on <results-root>/bgr-assembly-viaquad-20260922-r2/bank.gds
2026-09-22 23:31:09 +0200: Memory Usage (408052K) : Ruby Version for klayout: 3.2.3
2026-09-22 23:31:09 +0200: Memory Usage (410096K) : Loading database to memory is complete.
2026-09-22 23:31:09 +0200: Memory Usage (410096K) : SG13G2 Klayout LVS runset output at: <results-root>/bgr-assembly-viaquad-20260922-r2-lvs/reports/bank.lvsdb
2026-09-22 23:31:09 +0200: Memory Usage (410096K) : Evaluate switches.
2026-09-22 23:31:09 +0200: Memory Usage (410096K) : Extracted netlist with net names: true
2026-09-22 23:31:09 +0200: Memory Usage (410096K) : Extracted netlist with comments in details: false
2026-09-22 23:31:09 +0200: Memory Usage (410096K) : Selected NET_ONLY option: false
2026-09-22 23:31:09 +0200: Memory Usage (410096K) : Selected LAYOUT_NETLIST option: (none)
2026-09-22 23:31:09 +0200: Memory Usage (410096K) : Selected IGNORE_TOP_PORTS_MISMATCH option: 
2026-09-22 23:31:09 +0200: Memory Usage (410096K) : Selected IMPLICIT_NETS option: (none)
2026-09-22 23:31:09 +0200: Memory Usage (410096K) : Selected TOP_LVL_PINS option: false
2026-09-22 23:31:09 +0200: Memory Usage (410096K) : Selected COMBINE DEVICES option: false
2026-09-22 23:31:09 +0200: Memory Usage (410096K) : Selected PURGE option: false
2026-09-22 23:31:09 +0200: Memory Usage (410096K) : Selected PURGE_NETS option: false
2026-09-22 23:31:09 +0200: Memory Usage (410096K) : Selected SIMPLIFY option: true
2026-09-22 23:31:09 +0200: Memory Usage (410096K) : Selected SERIES_RES option: true
2026-09-22 23:31:09 +0200: Memory Usage (410096K) : Selected PARALLEL_RES option: true
2026-09-22 23:31:09 +0200: Memory Usage (410096K) : Selected DISABLE_TAP_EXTRACTION option: false
2026-09-22 23:31:09 +0200: Memory Usage (410096K) : deep  mode is enabled.
2026-09-22 23:31:09 +0200: Memory Usage (414992K) : Netlist file: <results-root>/bgr-assembly-viaquad-20260922-r2/bank.cdl
2026-09-22 23:31:09 +0200: Memory Usage (414992K) : LVS extracted netlist at: <results-root>/bgr-assembly-viaquad-20260922-r2-lvs/reports/bank_extracted.cir
2026-09-22 23:31:09 +0200: Memory Usage (414992K) : Applying SRAM integration support.
2026-09-22 23:31:09 +0200: Memory Usage (414992K) : Starting SG13G2 LVS runset
2026-09-22 23:31:09 +0200: Memory Usage (414992K) : Read in polygons from layers.
2026-09-22 23:31:09 +0200: Memory Usage (416108K) : activ_drw has 3157 polygons
2026-09-22 23:31:09 +0200: Memory Usage (416108K) : activ_filler has 0 polygons
2026-09-22 23:31:09 +0200: Memory Usage (416744K) : activ has 3157 polygons
2026-09-22 23:31:09 +0200: Memory Usage (416744K) : activ_pin has 0 polygons
2026-09-22 23:31:09 +0200: Memory Usage (417056K) : activ_mask has 301 polygons
2026-09-22 23:31:09 +0200: Memory Usage (417056K) : activ_nofill has 0 polygons
2026-09-22 23:31:09 +0200: Memory Usage (417056K) : activ_OPC has 0 polygons
2026-09-22 23:31:09 +0200: Memory Usage (417056K) : activ_iOPC has 0 polygons
2026-09-22 23:31:09 +0200: Memory Usage (417056K) : activ_noqrc has 0 polygons
2026-09-22 23:31:09 +0200: Memory Usage (417320K) : biwind_drw has 0 polygons
2026-09-22 23:31:09 +0200: Memory Usage (417320K) : biwind_OPC has 0 polygons
2026-09-22 23:31:09 +0200: Memory Usage (417320K) : gatpoly_drw has 2238 polygons
2026-09-22 23:31:09 +0200: Memory Usage (417584K) : gatpoly_filler has 0 polygons
2026-09-22 23:31:09 +0200: Memory Usage (417584K) : gatpoly has 2238 polygons
2026-09-22 23:31:09 +0200: Memory Usage (417584K) : gatpoly_pin has 336 polygons
2026-09-22 23:31:09 +0200: Memory Usage (417848K) : gatpoly_nofill has 0 polygons
2026-09-22 23:31:09 +0200: Memory Usage (417848K) : gatpoly_OPC has 0 polygons
2026-09-22 23:31:09 +0200: Memory Usage (417848K) : gatpoly_iOPC has 0 polygons
2026-09-22 23:31:09 +0200: Memory Usage (417848K) : gatpoly_noqrc has 0 polygons
2026-09-22 23:31:09 +0200: Memory Usage (419432K) : cont_drw has 52492 polygons
2026-09-22 23:31:09 +0200: Memory Usage (419432K) : cont_OPC has 0 polygons
2026-09-22 23:31:09 +0200: Memory Usage (419432K) : nsd_drw has 60 polygons
2026-09-22 23:31:09 +0200: Memory Usage (419432K) : nsd_block has 301 polygons
2026-09-22 23:31:09 +0200: Memory Usage (419432K) : metal1_drw has 9205 polygons
2026-09-22 23:31:09 +0200: Memory Usage (419960K) : metal1_filler has 0 polygons
2026-09-22 23:31:09 +0200: Memory Usage (419960K) : metal1_slit has 0 polygons
2026-09-22 23:31:09 +0200: Memory Usage (419960K) : metal1 has 9205 polygons
2026-09-22 23:31:09 +0200: Memory Usage (420464K) : metal1_pin has 3986 polygons
2026-09-22 23:31:09 +0200: Memory Usage (420464K) : metal1_mask has 0 polygons
2026-09-22 23:31:09 +0200: Memory Usage (420464K) : metal1_nofill has 0 polygons
2026-09-22 23:31:09 +0200: Memory Usage (420464K) : metal1_text has 0 polygons
2026-09-22 23:31:09 +0200: Memory Usage (420464K) : metal1_OPC has 0 polygons
2026-09-22 23:31:09 +0200: Memory Usage (420464K) : metal1_noqrc has 0 polygons
2026-09-22 23:31:09 +0200: Memory Usage (420464K) : metal1_res has 0 polygons
2026-09-22 23:31:09 +0200: Memory Usage (420896K) : metal1_iprobe has 0 polygons
2026-09-22 23:31:09 +0200: Memory Usage (420896K) : metal1_diffprb has 0 polygons
2026-09-22 23:31:09 +0200: Memory Usage (420896K) : passiv_drw has 0 polygons
2026-09-22 23:31:09 +0200: Memory Usage (420896K) : passiv_pin has 0 polygons
2026-09-22 23:31:09 +0200: Memory Usage (421160K) : passiv_sbump has 0 polygons
2026-09-22 23:31:09 +0200: Memory Usage (421160K) : passiv_pillar has 0 polygons
2026-09-22 23:31:09 +0200: Memory Usage (421160K) : passiv_pdl has 0 polygons
2026-09-22 23:31:09 +0200: Memory Usage (421424K) : metal2_drw has 8967 polygons
2026-09-22 23:31:09 +0200: Memory Usage (421688K) : metal2_filler has 0 polygons
2026-09-22 23:31:09 +0200: Memory Usage (421688K) : metal2_slit has 0 polygons
2026-09-22 23:31:09 +0200: Memory Usage (421952K) : metal2 has 8967 polygons
2026-09-22 23:31:09 +0200: Memory Usage (422216K) : metal2_pin has 593 polygons
2026-09-22 23:31:09 +0200: Memory Usage (422216K) : metal2_mask has 0 polygons
2026-09-22 23:31:09 +0200: Memory Usage (422216K) : metal2_nofill has 0 polygons
2026-09-22 23:31:09 +0200: Memory Usage (422216K) : metal2_text has 0 polygons
2026-09-22 23:31:09 +0200: Memory Usage (422216K) : metal2_OPC has 0 polygons
2026-09-22 23:31:09 +0200: Memory Usage (422216K) : metal2_noqrc has 0 polygons
2026-09-22 23:31:09 +0200: Memory Usage (422480K) : metal2_res has 0 polygons
2026-09-22 23:31:09 +0200: Memory Usage (422512K) : metal2_iprobe has 0 polygons
2026-09-22 23:31:09 +0200: Memory Usage (422512K) : metal2_diffprb has 0 polygons
2026-09-22 23:31:09 +0200: Memory Usage (422512K) : baspoly_drw has 0 polygons
2026-09-22 23:31:09 +0200: Memory Usage (422772K) : baspoly_pin has 0 polygons
2026-09-22 23:31:09 +0200: Memory Usage (422772K) : psd_drw has 2249 polygons
2026-09-22 23:31:09 +0200: Memory Usage (423036K) : nldb_drw has 0 polygons
2026-09-22 23:31:09 +0200: Memory Usage (423036K) : digibnd_drw has 0 polygons
2026-09-22 23:31:09 +0200: Memory Usage (423036K) : via1_drw has 7834 polygons
2026-09-22 23:31:09 +0200: Memory Usage (423300K) : backmetal1_drw has 0 polygons
2026-09-22 23:31:09 +0200: Memory Usage (423300K) : backmetal1_pin has 0 polygons
2026-09-22 23:31:09 +0200: Memory Usage (423300K) : backmetal1_mask has 0 polygons
2026-09-22 23:31:09 +0200: Memory Usage (423300K) : backmetal1_filler has 0 polygons
2026-09-22 23:31:09 +0200: Memory Usage (423564K) : backmetal1_nofill has 0 polygons
2026-09-22 23:31:09 +0200: Memory Usage (423564K) : backmetal1_slit has 0 polygons
2026-09-22 23:31:09 +0200: Memory Usage (423564K) : backmetal1_text has 0 polygons
2026-09-22 23:31:09 +0200: Memory Usage (423564K) : backmetal1_OPC has 0 polygons
2026-09-22 23:31:09 +0200: Memory Usage (423828K) : backmetal1_noqrc has 0 polygons
2026-09-22 23:31:09 +0200: Memory Usage (423828K) : backmetal1_res has 0 polygons
2026-09-22 23:31:09 +0200: Memory Usage (423828K) : backmetal1_iprobe has 0 polygons
2026-09-22 23:31:09 +0200: Memory Usage (423828K) : backmetal1_diffprb has 0 polygons
2026-09-22 23:31:09 +0200: Memory Usage (424092K) : backpassiv_drw has 0 polygons
2026-09-22 23:31:09 +0200: Memory Usage (424092K) : res_drw has 0 polygons
2026-09-22 23:31:09 +0200: Memory Usage (424092K) : sram_drw has 0 polygons
2026-09-22 23:31:09 +0200: Memory Usage (424092K) : trans_drw has 301 polygons
2026-09-22 23:31:09 +0200: Memory Usage (424356K) : ind_drw has 0 polygons
2026-09-22 23:31:09 +0200: Memory Usage (424356K) : ind_pin has 0 polygons
2026-09-22 23:31:09 +0200: Memory Usage (424504K) : ind_text has 0 polygons
2026-09-22 23:31:09 +0200: Memory Usage (424504K) : salblock_drw has 399 polygons
2026-09-22 23:31:09 +0200: Memory Usage (424504K) : via2_drw has 6260 polygons
2026-09-22 23:31:09 +0200: Memory Usage (424764K) : metal3_drw has 4425 polygons
2026-09-22 23:31:09 +0200: Memory Usage (425028K) : metal3_filler has 0 polygons
2026-09-22 23:31:09 +0200: Memory Usage (425028K) : metal3_slit has 0 polygons
2026-09-22 23:31:09 +0200: Memory Usage (425292K) : metal3 has 4425 polygons
2026-09-22 23:31:09 +0200: Memory Usage (425292K) : metal3_pin has 9 polygons
2026-09-22 23:31:09 +0200: Memory Usage (425292K) : metal3_mask has 0 polygons
2026-09-22 23:31:09 +0200: Memory Usage (425556K) : metal3_nofill has 0 polygons
2026-09-22 23:31:09 +0200: Memory Usage (425556K) : metal3_text has 9 polygons
2026-09-22 23:31:09 +0200: Memory Usage (425556K) : metal3_OPC has 0 polygons
2026-09-22 23:31:09 +0200: Memory Usage (425556K) : metal3_noqrc has 0 polygons
2026-09-22 23:31:09 +0200: Memory Usage (425876K) : metal3_res has 0 polygons
2026-09-22 23:31:09 +0200: Memory Usage (425876K) : metal3_iprobe has 0 polygons
2026-09-22 23:31:09 +0200: Memory Usage (425876K) : metal3_diffprb has 0 polygons
2026-09-22 23:31:09 +0200: Memory Usage (425876K) : nwell_drw has 470 polygons
2026-09-22 23:31:09 +0200: Memory Usage (426140K) : nwell_pin has 0 polygons
2026-09-22 23:31:09 +0200: Memory Usage (426140K) : nwell_text has 0 polygons
2026-09-22 23:31:09 +0200: Memory Usage (426140K) : nbulay_drw has 0 polygons
2026-09-22 23:31:09 +0200: Memory Usage (426140K) : nbulay_pin has 0 polygons
2026-09-22 23:31:09 +0200: Memory Usage (426404K) : nbulay_block has 0 polygons
2026-09-22 23:31:09 +0200: Memory Usage (426404K) : emwind_drw has 301 polygons
2026-09-22 23:31:09 +0200: Memory Usage (426404K) : emwind_OPC has 0 polygons
2026-09-22 23:31:09 +0200: Memory Usage (426404K) : deepco_drw has 0 polygons
2026-09-22 23:31:09 +0200: Memory Usage (426700K) : mim_drw has 0 polygons
2026-09-22 23:31:09 +0200: Memory Usage (426700K) : edgeseal_drw has 0 polygons
2026-09-22 23:31:09 +0200: Memory Usage (426700K) : substrate_drw has 235 polygons
2026-09-22 23:31:09 +0200: Memory Usage (426700K) : substrate_text has 0 polygons
2026-09-22 23:31:09 +0200: Memory Usage (426960K) : dfpad_drw has 0 polygons
2026-09-22 23:31:09 +0200: Memory Usage (426960K) : dfpad_pillar has 0 polygons
2026-09-22 23:31:09 +0200: Memory Usage (426960K) : dfpad_sbump has 0 polygons
2026-09-22 23:31:09 +0200: Memory Usage (426960K) : thickgateox_drw has 672 polygons
2026-09-22 23:31:09 +0200: Memory Usage (427224K) : pldb_drw has 0 polygons
2026-09-22 23:31:09 +0200: Memory Usage (427224K) : pwell_drw has 0 polygons
2026-09-22 23:31:09 +0200: Memory Usage (427224K) : pwell_pin has 0 polygons
2026-09-22 23:31:09 +0200: Memory Usage (427224K) : pwell_block has 0 polygons
2026-09-22 23:31:09 +0200: Memory Usage (427488K) : ic_drw has 0 polygons
2026-09-22 23:31:09 +0200: Memory Usage (427488K) : via3_drw has 2102 polygons
2026-09-22 23:31:09 +0200: Memory Usage (427752K) : metal4_drw has 1502 polygons
2026-09-22 23:31:09 +0200: Memory Usage (427752K) : metal4_filler has 0 polygons
2026-09-22 23:31:09 +0200: Memory Usage (427752K) : metal4_slit has 0 polygons
2026-09-22 23:31:09 +0200: Memory Usage (428016K) : metal4 has 1502 polygons
2026-09-22 23:31:09 +0200: Memory Usage (428016K) : metal4_pin has 0 polygons
2026-09-22 23:31:09 +0200: Memory Usage (428016K) : metal4_mask has 0 polygons
2026-09-22 23:31:09 +0200: Memory Usage (428016K) : metal4_nofill has 0 polygons
2026-09-22 23:31:09 +0200: Memory Usage (428280K) : metal4_text has 0 polygons
2026-09-22 23:31:09 +0200: Memory Usage (428280K) : metal4_OPC has 0 polygons
2026-09-22 23:31:09 +0200: Memory Usage (428280K) : metal4_noqrc has 0 polygons
2026-09-22 23:31:09 +0200: Memory Usage (428280K) : metal4_res has 0 polygons
2026-09-22 23:31:09 +0200: Memory Usage (428544K) : metal4_iprobe has 0 polygons
2026-09-22 23:31:09 +0200: Memory Usage (428580K) : metal4_diffprb has 0 polygons
2026-09-22 23:31:09 +0200: Memory Usage (428580K) : heattrans_drw has 637 polygons
2026-09-22 23:31:09 +0200: Memory Usage (428580K) : heatres_drw has 399 polygons
2026-09-22 23:31:09 +0200: Memory Usage (428840K) : fbe_drw has 0 polygons
2026-09-22 23:31:09 +0200: Memory Usage (428840K) : empoly_drw has 0 polygons
2026-09-22 23:31:09 +0200: Memory Usage (428840K) : digisub_drw has 0 polygons
2026-09-22 23:31:09 +0200: Memory Usage (429104K) : text_drw has 2240 polygons
2026-09-22 23:31:09 +0200: Memory Usage (429104K) : via4_drw has 60 polygons
2026-09-22 23:31:09 +0200: Memory Usage (429104K) : metal5_drw has 45 polygons
2026-09-22 23:31:09 +0200: Memory Usage (429364K) : metal5_filler has 0 polygons
2026-09-22 23:31:09 +0200: Memory Usage (429364K) : metal5_slit has 0 polygons
2026-09-22 23:31:09 +0200: Memory Usage (429364K) : metal5 has 45 polygons
2026-09-22 23:31:09 +0200: Memory Usage (429364K) : metal5_pin has 0 polygons
2026-09-22 23:31:09 +0200: Memory Usage (429628K) : metal5_mask has 0 polygons
2026-09-22 23:31:09 +0200: Memory Usage (429628K) : metal5_nofill has 0 polygons
2026-09-22 23:31:09 +0200: Memory Usage (429628K) : metal5_text has 0 polygons
2026-09-22 23:31:09 +0200: Memory Usage (429628K) : metal5_OPC has 0 polygons
2026-09-22 23:31:09 +0200: Memory Usage (429892K) : metal5_noqrc has 0 polygons
2026-09-22 23:31:09 +0200: Memory Usage (429892K) : metal5_res has 0 polygons
2026-09-22 23:31:09 +0200: Memory Usage (429892K) : metal5_iprobe has 0 polygons
2026-09-22 23:31:09 +0200: Memory Usage (429892K) : metal5_diffprb has 0 polygons
2026-09-22 23:31:09 +0200: Memory Usage (430156K) : radhard_drw has 0 polygons
2026-09-22 23:31:09 +0200: Memory Usage (430156K) : memcap_drw has 0 polygons
2026-09-22 23:31:09 +0200: Memory Usage (430240K) : varicap_drw has 0 polygons
2026-09-22 23:31:09 +0200: Memory Usage (430240K) : intbondvia_drw has 0 polygons
2026-09-22 23:31:09 +0200: Memory Usage (430436K) : intbondmet_drw has 0 polygons
2026-09-22 23:31:09 +0200: Memory Usage (430436K) : devbondvia_drw has 0 polygons
2026-09-22 23:31:09 +0200: Memory Usage (430436K) : devbondmet_drw has 0 polygons
2026-09-22 23:31:09 +0200: Memory Usage (430696K) : devtrench_drw has 0 polygons
2026-09-22 23:31:09 +0200: Memory Usage (430696K) : redist_drw has 0 polygons
2026-09-22 23:31:09 +0200: Memory Usage (430696K) : graphbot_drw has 0 polygons
2026-09-22 23:31:09 +0200: Memory Usage (430696K) : graphtop_drw has 0 polygons
2026-09-22 23:31:09 +0200: Memory Usage (430960K) : antvia1_drw has 0 polygons
2026-09-22 23:31:09 +0200: Memory Usage (430960K) : antmetal2_drw has 0 polygons
2026-09-22 23:31:09 +0200: Memory Usage (430960K) : graphcont_drw has 0 polygons
2026-09-22 23:31:09 +0200: Memory Usage (430960K) : siwg_drw has 0 polygons
2026-09-22 23:31:09 +0200: Memory Usage (431224K) : siwg_filler has 0 polygons
2026-09-22 23:31:09 +0200: Memory Usage (431224K) : siwg_nofill has 0 polygons
2026-09-22 23:31:09 +0200: Memory Usage (431224K) : sigrating_drw has 0 polygons
2026-09-22 23:31:09 +0200: Memory Usage (431224K) : singrating_drw has 0 polygons
2026-09-22 23:31:09 +0200: Memory Usage (431488K) : graphpas_drw has 0 polygons
2026-09-22 23:31:09 +0200: Memory Usage (431520K) : emwind3_drw has 0 polygons
2026-09-22 23:31:09 +0200: Memory Usage (431520K) : emwihv3_drw has 0 polygons
2026-09-22 23:31:09 +0200: Memory Usage (431520K) : redbulay_drw has 0 polygons
2026-09-22 23:31:09 +0200: Memory Usage (431780K) : smos_drw has 0 polygons
2026-09-22 23:31:09 +0200: Memory Usage (431780K) : graphpad_drw has 0 polygons
2026-09-22 23:31:09 +0200: Memory Usage (431780K) : polimide_drw has 0 polygons
2026-09-22 23:31:09 +0200: Memory Usage (431780K) : polimide_pin has 0 polygons
2026-09-22 23:31:09 +0200: Memory Usage (432044K) : recog_drw has 0 polygons
2026-09-22 23:31:09 +0200: Memory Usage (432044K) : recog_pin has 0 polygons
2026-09-22 23:31:09 +0200: Memory Usage (432044K) : recog_esd has 0 polygons
2026-09-22 23:31:09 +0200: Memory Usage (432044K) : recog_diode has 0 polygons
2026-09-22 23:31:09 +0200: Memory Usage (432308K) : recog_tsv has 0 polygons
2026-09-22 23:31:09 +0200: Memory Usage (432308K) : recog_iprobe has 0 polygons
2026-09-22 23:31:09 +0200: Memory Usage (432308K) : recog_diffprb has 0 polygons
2026-09-22 23:31:09 +0200: Memory Usage (432308K) : recog_pillar has 0 polygons
2026-09-22 23:31:09 +0200: Memory Usage (432308K) : recog_sbump has 0 polygons
2026-09-22 23:31:09 +0200: Memory Usage (432308K) : recog_otp has 0 polygons
2026-09-22 23:31:09 +0200: Memory Usage (432308K) : recog_pdiode has 0 polygons
2026-09-22 23:31:09 +0200: Memory Usage (432308K) : recog_mom has 0 polygons
2026-09-22 23:31:09 +0200: Memory Usage (432308K) : recog_pcm has 0 polygons
2026-09-22 23:31:09 +0200: Memory Usage (432308K) : colopen_drw has 0 polygons
2026-09-22 23:31:09 +0200: Memory Usage (432308K) : graphmetal1_drw has 0 polygons
2026-09-22 23:31:09 +0200: Memory Usage (432308K) : graphmetal1_filler has 0 polygons
2026-09-22 23:31:09 +0200: Memory Usage (432308K) : graphmetal1_nofill has 0 polygons
2026-09-22 23:31:09 +0200: Memory Usage (432308K) : graphmetal1_slit has 0 polygons
2026-09-22 23:31:09 +0200: Memory Usage (432308K) : graphmetal1_OPC has 0 polygons
2026-09-22 23:31:09 +0200: Memory Usage (432308K) : graphmet1l_drw has 0 polygons
2026-09-22 23:31:09 +0200: Memory Usage (432308K) : graphmet1l_filler has 0 polygons
2026-09-22 23:31:09 +0200: Memory Usage (432308K) : graphmet1l_nofill has 0 polygons
2026-09-22 23:31:09 +0200: Memory Usage (432308K) : graphmet1l_slit has 0 polygons
2026-09-22 23:31:09 +0200: Memory Usage (432308K) : graphmet1l_OPC has 0 polygons
2026-09-22 23:31:09 +0200: Memory Usage (432308K) : extblock_drw has 1197 polygons
2026-09-22 23:31:09 +0200: Memory Usage (432308K) : nldd_drw has 0 polygons
2026-09-22 23:31:09 +0200: Memory Usage (432308K) : pldd_drw has 0 polygons
2026-09-22 23:31:09 +0200: Memory Usage (432308K) : next_drw has 0 polygons
2026-09-22 23:31:09 +0200: Memory Usage (432308K) : pext_drw has 0 polygons
2026-09-22 23:31:09 +0200: Memory Usage (432308K) : nexthv_drw has 0 polygons
2026-09-22 23:31:09 +0200: Memory Usage (432308K) : pexthv_drw has 0 polygons
2026-09-22 23:31:09 +0200: Memory Usage (432308K) : graphgate_drw has 0 polygons
2026-09-22 23:31:09 +0200: Memory Usage (432308K) : sinwg_drw has 0 polygons
2026-09-22 23:31:09 +0200: Memory Usage (432308K) : sinwg_filler has 0 polygons
2026-09-22 23:31:09 +0200: Memory Usage (432308K) : sinwg_nofill has 0 polygons
2026-09-22 23:31:09 +0200: Memory Usage (432308K) : mempad_drw has 0 polygons
2026-09-22 23:31:09 +0200: Memory Usage (432308K) : topvia1_drw has 0 polygons
2026-09-22 23:31:09 +0200: Memory Usage (432308K) : topmetal1_drw has 0 polygons
2026-09-22 23:31:09 +0200: Memory Usage (432308K) : topmetal1_filler has 0 polygons
2026-09-22 23:31:09 +0200: Memory Usage (432308K) : topmetal1_slit has 0 polygons
2026-09-22 23:31:09 +0200: Memory Usage (432308K) : topmetal1 has 0 polygons
2026-09-22 23:31:09 +0200: Memory Usage (432308K) : topmetal1_pin has 0 polygons
2026-09-22 23:31:09 +0200: Memory Usage (432308K) : topmetal1_mask has 0 polygons
2026-09-22 23:31:09 +0200: Memory Usage (432308K) : topmetal1_nofill has 0 polygons
2026-09-22 23:31:09 +0200: Memory Usage (432308K) : topmetal1_text has 0 polygons
2026-09-22 23:31:09 +0200: Memory Usage (432308K) : topmetal1_noqrc has 0 polygons
2026-09-22 23:31:09 +0200: Memory Usage (432308K) : topmetal1_res has 0 polygons
2026-09-22 23:31:09 +0200: Memory Usage (432308K) : topmetal1_iprobe has 0 polygons
2026-09-22 23:31:09 +0200: Memory Usage (432308K) : topmetal1_diffprb has 0 polygons
2026-09-22 23:31:09 +0200: Memory Usage (432308K) : inldpwl_drw has 0 polygons
2026-09-22 23:31:09 +0200: Memory Usage (432308K) : polyres_drw has 399 polygons
2026-09-22 23:31:09 +0200: Memory Usage (432308K) : polyres_pin has 0 polygons
2026-09-22 23:31:09 +0200: Memory Usage (432308K) : vmim_drw has 0 polygons
2026-09-22 23:31:09 +0200: Memory Usage (432308K) : nbulaycut_drw has 0 polygons
2026-09-22 23:31:09 +0200: Memory Usage (432308K) : antmetal1_drw has 0 polygons
2026-09-22 23:31:09 +0200: Memory Usage (432308K) : topvia2_drw has 0 polygons
2026-09-22 23:31:09 +0200: Memory Usage (432308K) : topmetal2_drw has 0 polygons
2026-09-22 23:31:09 +0200: Memory Usage (432308K) : topmetal2_filler has 0 polygons
2026-09-22 23:31:09 +0200: Memory Usage (432308K) : topmetal2_slit has 0 polygons
2026-09-22 23:31:09 +0200: Memory Usage (432308K) : topmetal2 has 0 polygons
2026-09-22 23:31:09 +0200: Memory Usage (432308K) : topmetal2_pin has 0 polygons
2026-09-22 23:31:09 +0200: Memory Usage (432308K) : topmetal2_mask has 0 polygons
2026-09-22 23:31:09 +0200: Memory Usage (432308K) : topmetal2_nofill has 0 polygons
2026-09-22 23:31:09 +0200: Memory Usage (432308K) : topmetal2_text has 0 polygons
2026-09-22 23:31:09 +0200: Memory Usage (432308K) : topmetal2_noqrc has 0 polygons
2026-09-22 23:31:09 +0200: Memory Usage (432308K) : topmetal2_res has 0 polygons
2026-09-22 23:31:09 +0200: Memory Usage (432308K) : topmetal2_iprobe has 0 polygons
2026-09-22 23:31:09 +0200: Memory Usage (432308K) : topmetal2_diffprb has 0 polygons
2026-09-22 23:31:09 +0200: Memory Usage (432308K) : snsring_drw has 0 polygons
2026-09-22 23:31:09 +0200: Memory Usage (432308K) : sensor_drw has 0 polygons
2026-09-22 23:31:09 +0200: Memory Usage (432308K) : snsarms_drw has 0 polygons
2026-09-22 23:31:09 +0200: Memory Usage (432308K) : snscmosvia_drw has 0 polygons
2026-09-22 23:31:09 +0200: Memory Usage (432308K) : colwind_drw has 0 polygons
2026-09-22 23:31:09 +0200: Memory Usage (432308K) : flm_drw has 0 polygons
2026-09-22 23:31:09 +0200: Memory Usage (432308K) : hafniumox_drw has 0 polygons
2026-09-22 23:31:09 +0200: Memory Usage (432308K) : memvia_drw has 0 polygons
2026-09-22 23:31:09 +0200: Memory Usage (432308K) : thinfilmres_drw has 0 polygons
2026-09-22 23:31:09 +0200: Memory Usage (432308K) : rfmem_drw has 0 polygons
2026-09-22 23:31:09 +0200: Memory Usage (432308K) : norcx_drw has 0 polygons
2026-09-22 23:31:09 +0200: Memory Usage (432308K) : norcx_m2m3 has 0 polygons
2026-09-22 23:31:09 +0200: Memory Usage (432308K) : norcx_m2m4 has 0 polygons
2026-09-22 23:31:09 +0200: Memory Usage (432308K) : norcx_m2m5 has 0 polygons
2026-09-22 23:31:09 +0200: Memory Usage (432308K) : norcx_m2tm1 has 0 polygons
2026-09-22 23:31:09 +0200: Memory Usage (432308K) : norcx_m2tm2 has 0 polygons
2026-09-22 23:31:09 +0200: Memory Usage (432308K) : norcx_m3m4 has 0 polygons
2026-09-22 23:31:09 +0200: Memory Usage (432308K) : norcx_m3m5 has 0 polygons
2026-09-22 23:31:09 +0200: Memory Usage (432308K) : norcx_m3tm1 has 0 polygons
2026-09-22 23:31:09 +0200: Memory Usage (432308K) : norcx_m3tm2 has 0 polygons
2026-09-22 23:31:09 +0200: Memory Usage (432308K) : norcx_m4m5 has 0 polygons
2026-09-22 23:31:09 +0200: Memory Usage (432308K) : norcx_m4tm1 has 0 polygons
2026-09-22 23:31:09 +0200: Memory Usage (432308K) : norcx_m4tm2 has 0 polygons
2026-09-22 23:31:09 +0200: Memory Usage (432308K) : norcx_m5tm1 has 0 polygons
2026-09-22 23:31:09 +0200: Memory Usage (432308K) : norcx_m5tm2 has 0 polygons
2026-09-22 23:31:09 +0200: Memory Usage (432308K) : norcx_tm1tm2 has 0 polygons
2026-09-22 23:31:09 +0200: Memory Usage (432308K) : norcx_m1sub has 0 polygons
2026-09-22 23:31:09 +0200: Memory Usage (432308K) : norcx_m2sub has 0 polygons
2026-09-22 23:31:09 +0200: Memory Usage (432308K) : norcx_m3sub has 0 polygons
2026-09-22 23:31:09 +0200: Memory Usage (432308K) : norcx_m4sub has 0 polygons
2026-09-22 23:31:09 +0200: Memory Usage (432308K) : norcx_m5sub has 0 polygons
2026-09-22 23:31:09 +0200: Memory Usage (432308K) : norcx_tm1sub has 0 polygons
2026-09-22 23:31:09 +0200: Memory Usage (432308K) : norcx_tm2sub has 0 polygons
2026-09-22 23:31:09 +0200: Memory Usage (432308K) : snsbotvia_drw has 0 polygons
2026-09-22 23:31:09 +0200: Memory Usage (432308K) : snstopvia_drw has 0 polygons
2026-09-22 23:31:09 +0200: Memory Usage (432308K) : deepvia_drw has 0 polygons
2026-09-22 23:31:09 +0200: Memory Usage (432308K) : fgetch_drw has 0 polygons
2026-09-22 23:31:09 +0200: Memory Usage (432308K) : ctrgat_drw has 0 polygons
2026-09-22 23:31:09 +0200: Memory Usage (432308K) : fgimp_drw has 0 polygons
2026-09-22 23:31:09 +0200: Memory Usage (432308K) : emwihv_drw has 0 polygons
2026-09-22 23:31:09 +0200: Memory Usage (432308K) : lbe_drw has 0 polygons
2026-09-22 23:31:09 +0200: Memory Usage (432308K) : alcustop_drw has 0 polygons
2026-09-22 23:31:09 +0200: Memory Usage (432308K) : nometfiller_drw has 0 polygons
2026-09-22 23:31:09 +0200: Memory Usage (432308K) : prboundary_drw has 0 polygons
2026-09-22 23:31:09 +0200: Memory Usage (432308K) : exchange0_drw has 0 polygons
2026-09-22 23:31:09 +0200: Memory Usage (432308K) : exchange0_pin has 0 polygons
2026-09-22 23:31:09 +0200: Memory Usage (432308K) : exchange0_text has 0 polygons
2026-09-22 23:31:09 +0200: Memory Usage (432308K) : exchange1_drw has 0 polygons
2026-09-22 23:31:09 +0200: Memory Usage (432308K) : exchange1_pin has 0 polygons
2026-09-22 23:31:09 +0200: Memory Usage (432308K) : exchange1_text has 0 polygons
2026-09-22 23:31:09 +0200: Memory Usage (432308K) : exchange2_drw has 0 polygons
2026-09-22 23:31:10 +0200: Memory Usage (432308K) : exchange2_pin has 0 polygons
2026-09-22 23:31:10 +0200: Memory Usage (432308K) : exchange2_text has 0 polygons
2026-09-22 23:31:10 +0200: Memory Usage (432308K) : exchange3_drw has 0 polygons
2026-09-22 23:31:10 +0200: Memory Usage (432308K) : exchange3_pin has 0 polygons
2026-09-22 23:31:10 +0200: Memory Usage (432308K) : exchange3_text has 0 polygons
2026-09-22 23:31:10 +0200: Memory Usage (432308K) : exchange4_drw has 0 polygons
2026-09-22 23:31:10 +0200: Memory Usage (432308K) : exchange4_pin has 0 polygons
2026-09-22 23:31:10 +0200: Memory Usage (432308K) : exchange4_text has 0 polygons
2026-09-22 23:31:10 +0200: Memory Usage (432308K) : isonwell_drw has 0 polygons
2026-09-22 23:31:10 +0200: Memory Usage (432308K) : Total no. of polygons in the design is 113381
2026-09-22 23:31:10 +0200: Memory Usage (432308K) : Starting base layers derivations
2026-09-22 23:31:10 +0200: Memory Usage (432308K) : Starting general LVS derivations
2026-09-22 23:31:10 +0200: Memory Usage (439208K) : Starting MOSFET DERIVATIONS
2026-09-22 23:31:10 +0200: Memory Usage (455624K) : Starting NMOS DERIVATIONS
2026-09-22 23:31:10 +0200: Memory Usage (455624K) : Starting PMOS DERIVATIONS
2026-09-22 23:31:10 +0200: Memory Usage (455624K) : Starting RF-MOSFET DERIVATIONS
2026-09-22 23:31:10 +0200: Memory Usage (455624K) : Starting RF-NMOS DERIVATIONS
2026-09-22 23:31:10 +0200: Memory Usage (455624K) : Starting RF-PMOS DERIVATIONS
2026-09-22 23:31:10 +0200: Memory Usage (455624K) : Starting BJT DERIVATIONS
2026-09-22 23:31:10 +0200: Memory Usage (455624K) : Starting NPN-BJT DERIVATIONS
2026-09-22 23:31:10 +0200: Memory Usage (455624K) : Starting PNP-BJT DERIVATIONS
2026-09-22 23:31:10 +0200: Memory Usage (455624K) : Starting DIODE DERIVATIONS
2026-09-22 23:31:11 +0200: Memory Usage (466576K) : Starting RESISTOR DERIVATIONS
2026-09-22 23:31:11 +0200: Memory Usage (442440K) : Starting CAP DERIVATIONS
2026-09-22 23:31:11 +0200: Memory Usage (442440K) : Starting ESD DERIVATIONS
2026-09-22 23:31:11 +0200: Memory Usage (451132K) : Starting Inductor DERIVATIONS
2026-09-22 23:31:11 +0200: Memory Usage (455620K) : Starting Taps DERIVATIONS
2026-09-22 23:31:11 +0200: Memory Usage (457996K) : Starting SG13G2 LVS connectivity setup
2026-09-22 23:31:11 +0200: Memory Usage (457996K) : Starting SG13G2 LVS connectivity setup (Inter-layer)
2026-09-22 23:31:11 +0200: Memory Usage (457996K) : Starting SG13G2 LVS connectivity setup (Global)
2026-09-22 23:31:11 +0200: Memory Usage (457996K) : Starting LVS MOSFET CONNECTIONS
2026-09-22 23:31:11 +0200: Memory Usage (457996K) : Starting LVS RF-MOSFET CONNECTIONS
2026-09-22 23:31:11 +0200: Memory Usage (457996K) : Starting LVS BJT CONNECTIONS
2026-09-22 23:31:11 +0200: Memory Usage (457996K) : Starting LVS DIODE CONNECTIONS
2026-09-22 23:31:11 +0200: Memory Usage (457996K) : Starting RESISTOR CONNECTIONS
2026-09-22 23:31:11 +0200: Memory Usage (457996K) : Starting LVS CAP CONNECTIONS
2026-09-22 23:31:11 +0200: Memory Usage (457996K) : Starting ESD CONNECTIONS
2026-09-22 23:31:11 +0200: Memory Usage (457996K) : Starting Inductor CONNECTIONS
2026-09-22 23:31:11 +0200: Memory Usage (457996K) : Starting LVS Taps CONNECTIONS
2026-09-22 23:31:11 +0200: Memory Usage (457996K) : Starting SG13G2 LVS DEVICES EXTRACTION
2026-09-22 23:31:11 +0200: Memory Usage (457996K) : Starting MOSFET EXTRACTION
2026-09-22 23:31:11 +0200: Memory Usage (457996K) : Starting NMOS EXTRACTION
2026-09-22 23:31:11 +0200: Memory Usage (457996K) : Extraction of NMOS-LV transistor
2026-09-22 23:31:11 +0200: Memory Usage (457996K) : Extraction of NMOS-HV transistor
2026-09-22 23:31:11 +0200: Memory Usage (457996K) : Starting PMOS EXTRACTION
2026-09-22 23:31:11 +0200: Memory Usage (457996K) : Extraction of PMOS-LV transistor
2026-09-22 23:31:11 +0200: Memory Usage (458520K) : Extraction of PMOS-HV transistor
2026-09-22 23:31:11 +0200: Memory Usage (458520K) : Starting RF-MOSFET EXTRACTION
2026-09-22 23:31:11 +0200: Memory Usage (458520K) : Extraction of RF-NMOS-LV transistor
2026-09-22 23:31:11 +0200: Memory Usage (458520K) : Extraction of RF-NMOS-HV transistor
2026-09-22 23:31:11 +0200: Memory Usage (458520K) : Extraction of RF-PMOS-LV transistor
2026-09-22 23:31:11 +0200: Memory Usage (458776K) : Extraction of RF-PMOS-HV transistor
2026-09-22 23:31:11 +0200: Memory Usage (458776K) : Starting BJT EXTRACTION
2026-09-22 23:31:11 +0200: Memory Usage (458776K) : Starting NPN-BJT EXTRACTION
2026-09-22 23:31:11 +0200: Memory Usage (458776K) : Extraction of npn13G2 BJT transistor
2026-09-22 23:31:11 +0200: Memory Usage (458776K) : Extraction of npn13G2L BJT transistor
2026-09-22 23:31:11 +0200: Memory Usage (459088K) : Extraction of npn13G2V BJT transistor
2026-09-22 23:31:11 +0200: Memory Usage (459088K) : Starting PNP-BJT EXTRACTION
2026-09-22 23:31:11 +0200: Memory Usage (459088K) : Extracting pnpMPA BJT
2026-09-22 23:31:11 +0200: Memory Usage (459612K) : Starting DIODE EXTRACTION
2026-09-22 23:31:11 +0200: Memory Usage (459612K) : Extracting dantenna diode
2026-09-22 23:31:11 +0200: Memory Usage (459612K) : Extracting dpantenna diode
2026-09-22 23:31:11 +0200: Memory Usage (459612K) : Extracting schottky_nbl1 diode
2026-09-22 23:31:11 +0200: Memory Usage (459612K) : Extracting isolbox diode
2026-09-22 23:31:11 +0200: Memory Usage (459612K) : Starting RESISTOR EXTRACTION
2026-09-22 23:31:11 +0200: Memory Usage (459612K) : Extracting rsil resistor
2026-09-22 23:31:11 +0200: Memory Usage (459612K) : Extracting rppd resistor
2026-09-22 23:31:11 +0200: Memory Usage (459692K) : Extracting rhigh resistor
2026-09-22 23:31:11 +0200: Memory Usage (459692K) : Extracting res_metal1 resistor
2026-09-22 23:31:11 +0200: Memory Usage (459692K) : Extracting res_metal2 resistor
2026-09-22 23:31:11 +0200: Memory Usage (459692K) : Extracting res_metal3 resistor
2026-09-22 23:31:11 +0200: Memory Usage (459692K) : Extracting res_metal4 resistor
2026-09-22 23:31:11 +0200: Memory Usage (459692K) : Extracting res_metal5 resistor
2026-09-22 23:31:11 +0200: Memory Usage (459692K) : Extracting res_topmetal1 resistor
2026-09-22 23:31:11 +0200: Memory Usage (459692K) : Extracting res_topmetal2 resistor
2026-09-22 23:31:11 +0200: Memory Usage (459692K) : Starting CAP EXTRACTION
2026-09-22 23:31:11 +0200: Memory Usage (459692K) : Extracting cap_cmim device
2026-09-22 23:31:11 +0200: Memory Usage (459692K) : Extracting rfcmim device
2026-09-22 23:31:11 +0200: Memory Usage (459692K) : Extracting sg13_hv_svaricap varactor
2026-09-22 23:31:12 +0200: Memory Usage (459692K) : Starting ESD EXTRACTION
2026-09-22 23:31:12 +0200: Memory Usage (459692K) : Extracting diodevdd_2kv ESD device
2026-09-22 23:31:12 +0200: Memory Usage (459692K) : Extracting diodevdd_4kv ESD device
2026-09-22 23:31:12 +0200: Memory Usage (459692K) : Extracting diodevss_2kv ESD device
2026-09-22 23:31:12 +0200: Memory Usage (459692K) : Extracting diodevss_4kv ESD device
2026-09-22 23:31:12 +0200: Memory Usage (459692K) : Extracting idiodevdd_2kv ESD device
2026-09-22 23:31:12 +0200: Memory Usage (459692K) : Extracting idiodevdd_4kv ESD device
2026-09-22 23:31:12 +0200: Memory Usage (459692K) : Extracting idiodevss_2kv ESD device
2026-09-22 23:31:12 +0200: Memory Usage (459692K) : Extracting idiodevss_4kv ESD device
2026-09-22 23:31:12 +0200: Memory Usage (459692K) : Extracting nmoscl_2 ESD device
2026-09-22 23:31:12 +0200: Memory Usage (459692K) : Extracting nmoscl_4 ESD device
2026-09-22 23:31:12 +0200: Memory Usage (459692K) : Starting Inductor EXTRACTION
2026-09-22 23:31:12 +0200: Memory Usage (459692K) : Extracting Inductor2 device
2026-09-22 23:31:12 +0200: Memory Usage (459692K) : Extracting Inductor3 device
2026-09-22 23:31:12 +0200: Memory Usage (459692K) : Starting Taps EXTRACTION
2026-09-22 23:31:12 +0200: Memory Usage (459692K) : Extracting ntap1 device
2026-09-22 23:31:12 +0200: Memory Usage (459692K) : Extracting ptap1 device
2026-09-22 23:31:12 +0200: Memory Usage (459692K) : Starting SG13G2 LVS RF MOS Model Mapping
2026-09-22 23:31:12 +0200: Memory Usage (459692K) : [layout_netlist] Apply RF MOS model mapping and rfmode parameter.
2026-09-22 23:31:12 +0200: Memory Usage (459692K) : Starting SG13G2 LVS Options Preparations
2026-09-22 23:31:12 +0200: Memory Usage (459692K) : SG13G2 LVS flow: extraction -> alignment -> option preparation -> comparison.
2026-09-22 23:31:12 +0200: Memory Usage (459692K) : Starting SG13G2 LVS Alignment
2026-09-22 23:31:12 +0200: Memory Usage (459692K) : Starting SG13G2 LVS Simplification
2026-09-22 23:31:12 +0200: Memory Usage (459692K) : [layout_netlist] simplify: ENABLED
2026-09-22 23:31:12 +0200: Memory Usage (459692K) : [layout_netlist] make_top_level_pins: SKIPPED
2026-09-22 23:31:12 +0200: Memory Usage (459692K) : [layout_netlist] combine_devices: SKIPPED
2026-09-22 23:31:12 +0200: Memory Usage (459692K) : [layout_netlist] purge: SKIPPED
2026-09-22 23:31:12 +0200: Memory Usage (459692K) : [layout_netlist] purge_nets: SKIPPED
2026-09-22 23:31:12 +0200: Memory Usage (459692K) : [schematic_netlist] simplify: ENABLED
2026-09-22 23:31:12 +0200: Memory Usage (459692K) : [schematic_netlist] make_top_level_pins: SKIPPED
2026-09-22 23:31:12 +0200: Memory Usage (459692K) : [schematic_netlist] combine_devices: SKIPPED
2026-09-22 23:31:12 +0200: Memory Usage (459692K) : [schematic_netlist] purge: SKIPPED
2026-09-22 23:31:12 +0200: Memory Usage (459692K) : [schematic_netlist] purge_nets: SKIPPED
2026-09-22 23:31:12 +0200: Memory Usage (459692K) : Starting SG13G2 LVS Comparison in strict port mode.
2026-09-22 23:31:12 +0200: Memory Usage (459692K) : flag_missing_ports enabled: missing/mislabeled top-level ports are treated as errors.
2026-09-22 23:31:12 +0200: Memory Usage (459692K) : xxxxxxxxxxxxxxxxxxxxxxxxxxxxxxxxxxxxxxxxxx
2026-09-22 23:31:12 +0200: Memory Usage (459692K) : ERROR : Netlists don't match
2026-09-22 23:31:12 +0200: Memory Usage (459692K) : xxxxxxxxxxxxxxxxxxxxxxxxxxxxxxxxxxxxxxxxxx
2026-09-22 23:31:12 +0200: Memory Usage (459692K) : LVS Total Run time 3.294616 seconds
22-Sep-2026 23:31:13 | INFO    | ==============================================================================
22-Sep-2026 23:31:13 | INFO    | Important Summary
22-Sep-2026 23:31:13 | INFO    | +------------------+-------------------------------------------------------------------+
22-Sep-2026 23:31:13 | INFO    | | Status           | FAIL                                                              |
22-Sep-2026 23:31:13 | INFO    | | Mode             | COMPARE                                                           |
22-Sep-2026 23:31:13 | INFO    | | Outcome          | Comparison mode: FAIL (netlists do not match).                    |
22-Sep-2026 23:31:13 | INFO    | | Layout           | bank.gds                                                          |
22-Sep-2026 23:31:13 | INFO    | | Top Cell         | g1_bgr                                                            |
22-Sep-2026 23:31:13 | INFO    | | Results Dir      | <results-root>/bgr-assembly-viaquad-20260922-r2-lvs/reports |
22-Sep-2026 23:31:13 | INFO    | | Warnings         | 0                                                                 |
22-Sep-2026 23:31:13 | INFO    | | Errors           | 1                                                                 |
22-Sep-2026 23:31:13 | INFO    | | Run Time (s)     | 6.488                                                             |
22-Sep-2026 23:31:13 | INFO    | +------------------+-------------------------------------------------------------------+
22-Sep-2026 23:31:13 | ERROR   | Key errors:
22-Sep-2026 23:31:13 | ERROR   |   - 2026-09-22 23:31:12 +0200: Memory Usage (459692K) : ERROR : Netlists don't match
22-Sep-2026 23:31:13 | INFO    | ==============================================================================
