2026-09-23 11:06:48 +0200: Memory Usage (405836K) : Starting running IHP-SG13G2 Klayout DRC Density runset on <results-root>/bgr-supply-context-candidate-20260923-r1/supply_context_native.gds
2026-09-23 11:06:48 +0200: Memory Usage (405836K) : Ruby Version for klayout: 3.2.3
2026-09-23 11:06:48 +0200: Memory Usage (439284K) : Loading database to memory is complete.
2026-09-23 11:06:48 +0200: Memory Usage (439284K) : IHP-SG13G2 Klayout DRC Density runset output at: <results-root>/bgr-supply-context-density-20260923-r1/density.lyrdb
2026-09-23 11:06:48 +0200: Memory Usage (439284K) : Evaluate switches.
2026-09-23 11:06:48 +0200: Memory Usage (439284K) : Configured KLayout worker thread(s): 1.
2026-09-23 11:06:48 +0200: Memory Usage (439284K) : Deep mode enabled: reading layers and preparing general derivations.
2026-09-23 11:06:48 +0200: Memory Usage (439284K) : PreCheck DRC enabled: false
2026-09-23 11:06:48 +0200: Memory Usage (439284K) : Density sanity checks enabled: true
2026-09-23 11:06:48 +0200: Memory Usage (439284K) : Read in polygons from layers.
2026-09-23 11:06:48 +0200: Memory Usage (444436K) : activ_drw has 75318 polygons
2026-09-23 11:06:48 +0200: Memory Usage (444436K) : activ_mask has 308 polygons
2026-09-23 11:06:48 +0200: Memory Usage (444436K) : activ_filler has 28614 polygons
2026-09-23 11:06:48 +0200: Memory Usage (444436K) : gatpoly_drw has 81146 polygons
2026-09-23 11:06:48 +0200: Memory Usage (444436K) : gatpoly_filler has 30397 polygons
2026-09-23 11:06:48 +0200: Memory Usage (445064K) : metal1_drw has 152704 polygons
2026-09-23 11:06:48 +0200: Memory Usage (445064K) : metal1_filler has 49997 polygons
2026-09-23 11:06:48 +0200: Memory Usage (445064K) : metal1_slit has 0 polygons
2026-09-23 11:06:48 +0200: Memory Usage (446384K) : metal2_drw has 82062 polygons
2026-09-23 11:06:48 +0200: Memory Usage (446384K) : metal2_filler has 62078 polygons
2026-09-23 11:06:48 +0200: Memory Usage (446384K) : metal2_slit has 0 polygons
2026-09-23 11:06:49 +0200: Memory Usage (446912K) : metal3_drw has 43056 polygons
2026-09-23 11:06:49 +0200: Memory Usage (446912K) : metal3_filler has 33274 polygons
2026-09-23 11:06:49 +0200: Memory Usage (446912K) : metal3_slit has 0 polygons
2026-09-23 11:06:49 +0200: Memory Usage (446912K) : metal4_drw has 9011 polygons
2026-09-23 11:06:49 +0200: Memory Usage (446912K) : metal4_filler has 36905 polygons
2026-09-23 11:06:49 +0200: Memory Usage (446912K) : metal4_slit has 0 polygons
2026-09-23 11:06:49 +0200: Memory Usage (446912K) : metal5_drw has 3690 polygons
2026-09-23 11:06:49 +0200: Memory Usage (446912K) : metal5_filler has 37737 polygons
2026-09-23 11:06:49 +0200: Memory Usage (446912K) : metal5_slit has 0 polygons
2026-09-23 11:06:49 +0200: Memory Usage (446912K) : topmetal1_drw has 1927 polygons
2026-09-23 11:06:49 +0200: Memory Usage (446912K) : topmetal1_filler has 5675 polygons
2026-09-23 11:06:49 +0200: Memory Usage (446912K) : topmetal1_slit has 0 polygons
2026-09-23 11:06:49 +0200: Memory Usage (446912K) : topmetal2_drw has 980 polygons
2026-09-23 11:06:49 +0200: Memory Usage (446912K) : topmetal2_filler has 7058 polygons
2026-09-23 11:06:49 +0200: Memory Usage (446912K) : topmetal2_slit has 0 polygons
2026-09-23 11:06:49 +0200: Memory Usage (446912K) : lbe_drw has 0 polygons
2026-09-23 11:06:49 +0200: Memory Usage (446912K) : prboundary_drw has 0 polygons
2026-09-23 11:06:49 +0200: Memory Usage (446912K) : edgeseal_bound has 1 polygons
2026-09-23 11:06:49 +0200: Memory Usage (447176K) : Loaded TECH DRC rules values from /foss/pdks/ihp-sg13g2/libs.tech/klayout/python/sg13g2_pycell_lib/sg13g2_tech_mod.json
2026-09-23 11:06:49 +0200: Memory Usage (447176K) : Loaded default DRC rules values from /foss/pdks/ihp-sg13g2/libs.tech/klayout/tech/drc/rule_decks/sg13g2_tech_default.json
2026-09-23 11:06:49 +0200: Memory Usage (447176K) : The following rules values were missing in tech json and default values were used:
2026-09-23 11:06:49 +0200: Memory Usage (447176K) :   - NW_f1_digibnd
2026-09-23 11:06:49 +0200: Memory Usage (447176K) :   - Cnt_c_digibnd
2026-09-23 11:06:49 +0200: Memory Usage (447176K) :   - Cnt_c_sram
2026-09-23 11:06:49 +0200: Memory Usage (447176K) :   - Sdiod_b
2026-09-23 11:06:49 +0200: Memory Usage (447176K) :   - Sdiod_c
2026-09-23 11:06:49 +0200: Memory Usage (448712K) : Using EdgeSeal.boundary (39/4) for chip area: 1999396.0 um^2.
2026-09-23 11:06:49 +0200: Memory Usage (448712K) : Using bbox (0,0;1414,1414) for density window origin.
2026-09-23 11:06:49 +0200: Memory Usage (448712K) : Total area of the design is 1999396.0 um^2.
2026-09-23 11:06:49 +0200: Memory Usage (448712K) : Starting density IHP-SG13G2 derivations.
2026-09-23 11:06:49 +0200: Memory Usage (450856K) : Starting IHP-SG13G2 DENSITY DRC rules.
2026-09-23 11:06:49 +0200: Memory Usage (450856K) : Computing activ area and density...
2026-09-23 11:06:49 +0200: Memory Usage (459904K) : Executing rule AFil.g
2026-09-23 11:06:49 +0200: Memory Usage (459904K) : Executing rule AFil.g1
2026-09-23 11:06:49 +0200: Memory Usage (459904K) : Executing rule AFil.g2
2026-09-23 11:06:51 +0200: Memory Usage (477592K) : Executing rule AFil.g3
2026-09-23 11:06:53 +0200: Memory Usage (480264K) : Computing poly area and density...
2026-09-23 11:06:53 +0200: Memory Usage (480264K) : Executing rule GFil.g
2026-09-23 11:06:53 +0200: Memory Usage (480264K) : Computing metal1 area and density...
2026-09-23 11:06:54 +0200: Memory Usage (496896K) : Executing rule M1.j
2026-09-23 11:06:54 +0200: Memory Usage (496896K) : Executing rule M1.k
2026-09-23 11:06:54 +0200: Memory Usage (496896K) : Computing metal2 area and density...
2026-09-23 11:06:54 +0200: Memory Usage (500328K) : Computing metal3 area and density...
2026-09-23 11:06:55 +0200: Memory Usage (500328K) : Computing metal4 area and density...
2026-09-23 11:06:55 +0200: Memory Usage (500328K) : Computing metal5 area and density...
2026-09-23 11:06:55 +0200: Memory Usage (500328K) : Executing rule M2.j
2026-09-23 11:06:55 +0200: Memory Usage (500328K) : Executing rule M2.k
2026-09-23 11:06:55 +0200: Memory Usage (500328K) : Executing rule M3.j
2026-09-23 11:06:55 +0200: Memory Usage (500328K) : Executing rule M3.k
2026-09-23 11:06:55 +0200: Memory Usage (500328K) : Executing rule M4.j
2026-09-23 11:06:55 +0200: Memory Usage (500328K) : Executing rule M4.k
2026-09-23 11:06:55 +0200: Memory Usage (500328K) : Executing rule M5.j
2026-09-23 11:06:55 +0200: Memory Usage (500328K) : Executing rule M5.k
2026-09-23 11:06:55 +0200: Memory Usage (500328K) : Executing rule M1Fil.h
2026-09-23 11:07:01 +0200: Memory Usage (518924K) : Executing rule M1Fil.k
2026-09-23 11:07:06 +0200: Memory Usage (520880K) : Executing rule M2Fil.h
2026-09-23 11:07:08 +0200: Memory Usage (522460K) : Executing rule M2Fil.k
2026-09-23 11:07:11 +0200: Memory Usage (522460K) : Executing rule M3Fil.h
2026-09-23 11:07:12 +0200: Memory Usage (522460K) : Executing rule M3Fil.k
2026-09-23 11:07:14 +0200: Memory Usage (522460K) : Executing rule M4Fil.h
2026-09-23 11:07:14 +0200: Memory Usage (522460K) : Executing rule M4Fil.k
2026-09-23 11:07:15 +0200: Memory Usage (522460K) : Executing rule M5Fil.h
2026-09-23 11:07:16 +0200: Memory Usage (522460K) : Executing rule M5Fil.k
2026-09-23 11:07:17 +0200: Memory Usage (522460K) : Computing TopMetal1 area and density...
2026-09-23 11:07:17 +0200: Memory Usage (522460K) : Executing rule TM1.c
2026-09-23 11:07:17 +0200: Memory Usage (522460K) : Executing rule TM1.d
2026-09-23 11:07:17 +0200: Memory Usage (522460K) : Computing TopMetal2 area and density...
2026-09-23 11:07:17 +0200: Memory Usage (522460K) : Executing rule TM2.c
2026-09-23 11:07:17 +0200: Memory Usage (522460K) : Executing rule TM2.d
2026-09-23 11:07:17 +0200: Memory Usage (522460K) : Computing LBE area and density...
2026-09-23 11:07:17 +0200: Memory Usage (522460K) : Executing rule LBE.i
2026-09-23 11:07:17 +0200: Memory Usage (522460K) : Executing rule Slt.i_M1
2026-09-23 11:07:20 +0200: Memory Usage (522652K) : Executing rule Slt.i_M2
2026-09-23 11:07:20 +0200: Memory Usage (522716K) : Executing rule Slt.i_M3
2026-09-23 11:07:21 +0200: Memory Usage (522716K) : Executing rule Slt.i_M4
2026-09-23 11:07:21 +0200: Memory Usage (522716K) : Executing rule Slt.i_M5
2026-09-23 11:07:21 +0200: Memory Usage (522716K) : Executing rule Slt.i_TM1
2026-09-23 11:07:21 +0200: Memory Usage (522716K) : Executing rule Slt.i_TM2
2026-09-23 11:07:21 +0200: Memory Usage (522716K) : ##################################################
2026-09-23 11:07:21 +0200: Memory Usage (522716K) :                  Density Report                 #
2026-09-23 11:07:21 +0200: Memory Usage (522716K) : ##################################################
2026-09-23 11:07:21 +0200: Memory Usage (522716K) : 
2026-09-23 11:07:21 +0200: Memory Usage (522716K) : Layer areas and percentages (units: um^2)
2026-09-23 11:07:21 +0200: Memory Usage (522716K) : --------------------------------------------------
2026-09-23 11:07:21 +0200: Memory Usage (522716K) : 
2026-09-23 11:07:21 +0200: Memory Usage (522716K) : Total Area     = 1999396.00 um^2
2026-09-23 11:07:21 +0200: Memory Usage (522716K) : 
2026-09-23 11:07:21 +0200: Memory Usage (522716K) : Activ      Area      = 883775.33 µm²
2026-09-23 11:07:21 +0200: Memory Usage (522716K) : Activ      Density % = 44.20%  [Min = 35.00%,  Max = 55.00%]
2026-09-23 11:07:21 +0200: Memory Usage (522716K) : 
2026-09-23 11:07:21 +0200: Memory Usage (522716K) : GatPoly    Area      = 300971.85 µm²
2026-09-23 11:07:21 +0200: Memory Usage (522716K) : GatPoly    Density % = 15.05%  [Min = 15.00%]
2026-09-23 11:07:21 +0200: Memory Usage (522716K) : 
2026-09-23 11:07:21 +0200: Memory Usage (522716K) : Metal1     Area      = 939055.19 µm²
2026-09-23 11:07:21 +0200: Memory Usage (522716K) : Metal1     Density % = 46.97%  [Min = 35.00%,  Max = 60.00%]
2026-09-23 11:07:21 +0200: Memory Usage (522716K) : 
2026-09-23 11:07:21 +0200: Memory Usage (522716K) : Metal2     Area      = 754566.81 µm²
2026-09-23 11:07:21 +0200: Memory Usage (522716K) : Metal2     Density % = 37.74%  [Min = 35.00%,  Max = 60.00%]
2026-09-23 11:07:21 +0200: Memory Usage (522716K) : 
2026-09-23 11:07:21 +0200: Memory Usage (522716K) : Metal3     Area      = 960767.26 µm²
2026-09-23 11:07:21 +0200: Memory Usage (522716K) : Metal3     Density % = 48.05%  [Min = 35.00%,  Max = 60.00%]
2026-09-23 11:07:21 +0200: Memory Usage (522716K) : 
2026-09-23 11:07:21 +0200: Memory Usage (522716K) : Metal4     Area      = 962701.95 µm²
2026-09-23 11:07:21 +0200: Memory Usage (522716K) : Metal4     Density % = 48.15%  [Min = 35.00%,  Max = 60.00%]
2026-09-23 11:07:21 +0200: Memory Usage (522716K) : 
2026-09-23 11:07:21 +0200: Memory Usage (522716K) : Metal5     Area      = 1008038.31 µm²
2026-09-23 11:07:21 +0200: Memory Usage (522716K) : Metal5     Density % = 50.42%  [Min = 35.00%,  Max = 60.00%]
2026-09-23 11:07:21 +0200: Memory Usage (522716K) : 
2026-09-23 11:07:21 +0200: Memory Usage (522716K) : TopMetal1  Area      = 1008009.19 µm²
2026-09-23 11:07:21 +0200: Memory Usage (522716K) : TopMetal1  Density % = 50.42%  [Min = 25.00%,  Max = 70.00%]
2026-09-23 11:07:21 +0200: Memory Usage (522716K) : 
2026-09-23 11:07:21 +0200: Memory Usage (522716K) : TopMetal2  Area      = 942416.91 µm²
2026-09-23 11:07:21 +0200: Memory Usage (522716K) : TopMetal2  Density % = 47.14%  [Min = 25.00%,  Max = 70.00%]
2026-09-23 11:07:21 +0200: Memory Usage (522716K) : 
2026-09-23 11:07:21 +0200: Memory Usage (522716K) : LBE        Area      =  0.00 µm²
2026-09-23 11:07:21 +0200: Memory Usage (522716K) : LBE        Density % =  0.00%  [Max = 20.00%]
2026-09-23 11:07:21 +0200: Memory Usage (522716K) : 
2026-09-23 11:07:21 +0200: Memory Usage (522716K) : KLayout DRC run for density table completed in 33.05 seconds
