2026-09-23 06:06:42 +0200: Memory Usage (408844K) : Starting running SG13G2 Klayout LVS runset on @RESULTS@/final-vref-clock-widths-20260923-r1/width48/clip/actual_fill.gds
2026-09-23 06:06:42 +0200: Memory Usage (408844K) : Ruby Version for klayout: 3.2.3
2026-09-23 06:06:42 +0200: Memory Usage (408844K) : Loading database to memory is complete.
2026-09-23 06:06:42 +0200: Memory Usage (408844K) : SG13G2 Klayout LVS runset output at: @RESULTS@/final-vref-clock-widths-20260923-r1/width48/pex/actual_fill/clip.lvsdb
2026-09-23 06:06:42 +0200: Memory Usage (408844K) : Evaluate switches.
2026-09-23 06:06:42 +0200: Memory Usage (408844K) : Extracted netlist with net names: true
2026-09-23 06:06:42 +0200: Memory Usage (408844K) : Extracted netlist with comments in details: false
2026-09-23 06:06:42 +0200: Memory Usage (408844K) : Selected NET_ONLY option: true
2026-09-23 06:06:42 +0200: Memory Usage (408844K) : Selected LAYOUT_NETLIST option: (none)
2026-09-23 06:06:42 +0200: Memory Usage (408844K) : Selected IGNORE_TOP_PORTS_MISMATCH option: 
2026-09-23 06:06:42 +0200: Memory Usage (408844K) : Selected IMPLICIT_NETS option: (none)
2026-09-23 06:06:42 +0200: Memory Usage (408844K) : Selected TOP_LVL_PINS option: true
2026-09-23 06:06:42 +0200: Memory Usage (408844K) : Selected COMBINE DEVICES option: false
2026-09-23 06:06:42 +0200: Memory Usage (408844K) : Selected PURGE option: false
2026-09-23 06:06:42 +0200: Memory Usage (408844K) : Selected PURGE_NETS option: false
2026-09-23 06:06:42 +0200: Memory Usage (408844K) : Selected SIMPLIFY option: false
2026-09-23 06:06:42 +0200: Memory Usage (408844K) : Selected SERIES_RES option: true
2026-09-23 06:06:42 +0200: Memory Usage (408844K) : Selected PARALLEL_RES option: true
2026-09-23 06:06:42 +0200: Memory Usage (408844K) : deep  mode is enabled.
2026-09-23 06:06:42 +0200: Memory Usage (408844K) : LVS extracted netlist at: @RESULTS@/final-vref-clock-widths-20260923-r1/width48/pex/actual_fill/cleanup.cir
2026-09-23 06:06:42 +0200: Memory Usage (408844K) : Applying SRAM integration support.
2026-09-23 06:06:42 +0200: Memory Usage (408844K) : Starting SG13G2 LVS runset
2026-09-23 06:06:42 +0200: Memory Usage (408844K) : Read in polygons from layers.
2026-09-23 06:06:42 +0200: Memory Usage (408844K) : activ_drw has 0 polygons
2026-09-23 06:06:42 +0200: Memory Usage (408844K) : activ_filler has 0 polygons
2026-09-23 06:06:42 +0200: Memory Usage (408844K) : activ has 0 polygons
2026-09-23 06:06:42 +0200: Memory Usage (408844K) : activ_pin has 0 polygons
2026-09-23 06:06:42 +0200: Memory Usage (408844K) : activ_mask has 0 polygons
2026-09-23 06:06:42 +0200: Memory Usage (408844K) : activ_nofill has 0 polygons
2026-09-23 06:06:42 +0200: Memory Usage (408844K) : activ_OPC has 0 polygons
2026-09-23 06:06:42 +0200: Memory Usage (408844K) : activ_iOPC has 0 polygons
2026-09-23 06:06:42 +0200: Memory Usage (408844K) : activ_noqrc has 0 polygons
2026-09-23 06:06:42 +0200: Memory Usage (408844K) : biwind_drw has 0 polygons
2026-09-23 06:06:42 +0200: Memory Usage (408844K) : biwind_OPC has 0 polygons
2026-09-23 06:06:42 +0200: Memory Usage (408844K) : gatpoly_drw has 0 polygons
2026-09-23 06:06:42 +0200: Memory Usage (408844K) : gatpoly_filler has 0 polygons
2026-09-23 06:06:42 +0200: Memory Usage (408844K) : gatpoly has 0 polygons
2026-09-23 06:06:42 +0200: Memory Usage (410644K) : gatpoly_pin has 0 polygons
2026-09-23 06:06:42 +0200: Memory Usage (410644K) : gatpoly_nofill has 0 polygons
2026-09-23 06:06:42 +0200: Memory Usage (410644K) : gatpoly_OPC has 0 polygons
2026-09-23 06:06:42 +0200: Memory Usage (410644K) : gatpoly_iOPC has 0 polygons
2026-09-23 06:06:42 +0200: Memory Usage (410644K) : gatpoly_noqrc has 0 polygons
2026-09-23 06:06:42 +0200: Memory Usage (410644K) : cont_drw has 0 polygons
2026-09-23 06:06:42 +0200: Memory Usage (410644K) : cont_OPC has 0 polygons
2026-09-23 06:06:42 +0200: Memory Usage (410644K) : nsd_drw has 0 polygons
2026-09-23 06:06:42 +0200: Memory Usage (410644K) : nsd_block has 0 polygons
2026-09-23 06:06:42 +0200: Memory Usage (410644K) : metal1_drw has 47 polygons
2026-09-23 06:06:42 +0200: Memory Usage (410644K) : metal1_filler has 23 polygons
2026-09-23 06:06:42 +0200: Memory Usage (411620K) : metal1_slit has 0 polygons
2026-09-23 06:06:42 +0200: Memory Usage (411620K) : metal1 has 70 polygons
2026-09-23 06:06:42 +0200: Memory Usage (412060K) : metal1_pin has 0 polygons
2026-09-23 06:06:42 +0200: Memory Usage (412060K) : metal1_mask has 0 polygons
2026-09-23 06:06:42 +0200: Memory Usage (412060K) : metal1_nofill has 0 polygons
2026-09-23 06:06:42 +0200: Memory Usage (412588K) : metal1_text has 54 polygons
2026-09-23 06:06:42 +0200: Memory Usage (412588K) : metal1_OPC has 0 polygons
2026-09-23 06:06:42 +0200: Memory Usage (412588K) : metal1_noqrc has 0 polygons
2026-09-23 06:06:42 +0200: Memory Usage (412588K) : metal1_res has 0 polygons
2026-09-23 06:06:42 +0200: Memory Usage (412588K) : metal1_iprobe has 0 polygons
2026-09-23 06:06:42 +0200: Memory Usage (412588K) : metal1_diffprb has 0 polygons
2026-09-23 06:06:42 +0200: Memory Usage (412912K) : passiv_drw has 0 polygons
2026-09-23 06:06:42 +0200: Memory Usage (412912K) : passiv_pin has 0 polygons
2026-09-23 06:06:42 +0200: Memory Usage (412912K) : passiv_sbump has 0 polygons
2026-09-23 06:06:42 +0200: Memory Usage (413172K) : passiv_pillar has 0 polygons
2026-09-23 06:06:42 +0200: Memory Usage (413172K) : passiv_pdl has 0 polygons
2026-09-23 06:06:42 +0200: Memory Usage (413272K) : metal2_drw has 15 polygons
2026-09-23 06:06:42 +0200: Memory Usage (413272K) : metal2_filler has 23 polygons
2026-09-23 06:06:42 +0200: Memory Usage (413532K) : metal2_slit has 0 polygons
2026-09-23 06:06:42 +0200: Memory Usage (413532K) : metal2 has 38 polygons
2026-09-23 06:06:42 +0200: Memory Usage (413532K) : metal2_pin has 0 polygons
2026-09-23 06:06:42 +0200: Memory Usage (413796K) : metal2_mask has 0 polygons
2026-09-23 06:06:42 +0200: Memory Usage (413796K) : metal2_nofill has 0 polygons
2026-09-23 06:06:42 +0200: Memory Usage (413796K) : metal2_text has 38 polygons
2026-09-23 06:06:42 +0200: Memory Usage (413796K) : metal2_OPC has 0 polygons
2026-09-23 06:06:42 +0200: Memory Usage (414060K) : metal2_noqrc has 0 polygons
2026-09-23 06:06:42 +0200: Memory Usage (414060K) : metal2_res has 0 polygons
2026-09-23 06:06:42 +0200: Memory Usage (414060K) : metal2_iprobe has 0 polygons
2026-09-23 06:06:42 +0200: Memory Usage (414324K) : metal2_diffprb has 0 polygons
2026-09-23 06:06:42 +0200: Memory Usage (414324K) : baspoly_drw has 0 polygons
2026-09-23 06:06:42 +0200: Memory Usage (414324K) : baspoly_pin has 0 polygons
2026-09-23 06:06:42 +0200: Memory Usage (414324K) : psd_drw has 0 polygons
2026-09-23 06:06:42 +0200: Memory Usage (414588K) : nldb_drw has 0 polygons
2026-09-23 06:06:42 +0200: Memory Usage (414588K) : digibnd_drw has 0 polygons
2026-09-23 06:06:42 +0200: Memory Usage (414588K) : via1_drw has 12 polygons
2026-09-23 06:06:42 +0200: Memory Usage (414588K) : backmetal1_drw has 0 polygons
2026-09-23 06:06:42 +0200: Memory Usage (414852K) : backmetal1_pin has 0 polygons
2026-09-23 06:06:42 +0200: Memory Usage (414852K) : backmetal1_mask has 0 polygons
2026-09-23 06:06:42 +0200: Memory Usage (414852K) : backmetal1_filler has 0 polygons
2026-09-23 06:06:42 +0200: Memory Usage (415116K) : backmetal1_nofill has 0 polygons
2026-09-23 06:06:42 +0200: Memory Usage (415116K) : backmetal1_slit has 0 polygons
2026-09-23 06:06:42 +0200: Memory Usage (415116K) : backmetal1_text has 0 polygons
2026-09-23 06:06:42 +0200: Memory Usage (415116K) : backmetal1_OPC has 0 polygons
2026-09-23 06:06:42 +0200: Memory Usage (415436K) : backmetal1_noqrc has 0 polygons
2026-09-23 06:06:42 +0200: Memory Usage (415436K) : backmetal1_res has 0 polygons
2026-09-23 06:06:42 +0200: Memory Usage (415436K) : backmetal1_iprobe has 0 polygons
2026-09-23 06:06:42 +0200: Memory Usage (415696K) : backmetal1_diffprb has 0 polygons
2026-09-23 06:06:42 +0200: Memory Usage (415696K) : backpassiv_drw has 0 polygons
2026-09-23 06:06:42 +0200: Memory Usage (415696K) : res_drw has 0 polygons
2026-09-23 06:06:42 +0200: Memory Usage (415696K) : sram_drw has 0 polygons
2026-09-23 06:06:42 +0200: Memory Usage (415960K) : trans_drw has 0 polygons
2026-09-23 06:06:42 +0200: Memory Usage (416016K) : ind_drw has 0 polygons
2026-09-23 06:06:42 +0200: Memory Usage (416016K) : ind_pin has 0 polygons
2026-09-23 06:06:42 +0200: Memory Usage (416276K) : ind_text has 0 polygons
2026-09-23 06:06:42 +0200: Memory Usage (416276K) : salblock_drw has 0 polygons
2026-09-23 06:06:42 +0200: Memory Usage (416276K) : via2_drw has 6 polygons
2026-09-23 06:06:42 +0200: Memory Usage (416276K) : metal3_drw has 13 polygons
2026-09-23 06:06:42 +0200: Memory Usage (416540K) : metal3_filler has 0 polygons
2026-09-23 06:06:42 +0200: Memory Usage (416540K) : metal3_slit has 0 polygons
2026-09-23 06:06:42 +0200: Memory Usage (416540K) : metal3 has 13 polygons
2026-09-23 06:06:42 +0200: Memory Usage (416804K) : metal3_pin has 0 polygons
2026-09-23 06:06:42 +0200: Memory Usage (416804K) : metal3_mask has 0 polygons
2026-09-23 06:06:42 +0200: Memory Usage (416804K) : metal3_nofill has 0 polygons
2026-09-23 06:06:42 +0200: Memory Usage (416804K) : metal3_text has 13 polygons
2026-09-23 06:06:42 +0200: Memory Usage (417068K) : metal3_OPC has 0 polygons
2026-09-23 06:06:42 +0200: Memory Usage (417068K) : metal3_noqrc has 0 polygons
2026-09-23 06:06:42 +0200: Memory Usage (417068K) : metal3_res has 0 polygons
2026-09-23 06:06:42 +0200: Memory Usage (417332K) : metal3_iprobe has 0 polygons
2026-09-23 06:06:42 +0200: Memory Usage (417332K) : metal3_diffprb has 0 polygons
2026-09-23 06:06:42 +0200: Memory Usage (417332K) : nwell_drw has 0 polygons
2026-09-23 06:06:42 +0200: Memory Usage (417512K) : nwell_pin has 0 polygons
2026-09-23 06:06:42 +0200: Memory Usage (417648K) : nwell_text has 0 polygons
2026-09-23 06:06:42 +0200: Memory Usage (417648K) : nbulay_drw has 0 polygons
2026-09-23 06:06:42 +0200: Memory Usage (417908K) : nbulay_pin has 0 polygons
2026-09-23 06:06:42 +0200: Memory Usage (417908K) : nbulay_block has 0 polygons
2026-09-23 06:06:42 +0200: Memory Usage (417908K) : emwind_drw has 0 polygons
2026-09-23 06:06:42 +0200: Memory Usage (417908K) : emwind_OPC has 0 polygons
2026-09-23 06:06:42 +0200: Memory Usage (418172K) : deepco_drw has 0 polygons
2026-09-23 06:06:42 +0200: Memory Usage (418172K) : mim_drw has 0 polygons
2026-09-23 06:06:42 +0200: Memory Usage (418172K) : edgeseal_drw has 0 polygons
2026-09-23 06:06:42 +0200: Memory Usage (418436K) : substrate_drw has 0 polygons
2026-09-23 06:06:42 +0200: Memory Usage (418436K) : substrate_text has 0 polygons
2026-09-23 06:06:42 +0200: Memory Usage (418436K) : dfpad_drw has 0 polygons
2026-09-23 06:06:42 +0200: Memory Usage (418436K) : dfpad_pillar has 0 polygons
2026-09-23 06:06:42 +0200: Memory Usage (418700K) : dfpad_sbump has 0 polygons
2026-09-23 06:06:42 +0200: Memory Usage (418700K) : thickgateox_drw has 0 polygons
2026-09-23 06:06:42 +0200: Memory Usage (418700K) : pldb_drw has 0 polygons
2026-09-23 06:06:42 +0200: Memory Usage (418700K) : pwell_drw has 0 polygons
2026-09-23 06:06:42 +0200: Memory Usage (418964K) : pwell_pin has 0 polygons
2026-09-23 06:06:42 +0200: Memory Usage (418964K) : pwell_block has 0 polygons
2026-09-23 06:06:42 +0200: Memory Usage (418964K) : ic_drw has 0 polygons
2026-09-23 06:06:42 +0200: Memory Usage (418964K) : via3_drw has 27 polygons
2026-09-23 06:06:42 +0200: Memory Usage (418964K) : metal4_drw has 1 polygons
2026-09-23 06:06:42 +0200: Memory Usage (419228K) : metal4_filler has 20 polygons
2026-09-23 06:06:42 +0200: Memory Usage (419228K) : metal4_slit has 0 polygons
2026-09-23 06:06:42 +0200: Memory Usage (419228K) : metal4 has 21 polygons
2026-09-23 06:06:42 +0200: Memory Usage (419228K) : metal4_pin has 0 polygons
2026-09-23 06:06:42 +0200: Memory Usage (419492K) : metal4_mask has 0 polygons
2026-09-23 06:06:42 +0200: Memory Usage (419492K) : metal4_nofill has 0 polygons
2026-09-23 06:06:42 +0200: Memory Usage (419492K) : metal4_text has 21 polygons
2026-09-23 06:06:42 +0200: Memory Usage (419492K) : metal4_OPC has 0 polygons
2026-09-23 06:06:42 +0200: Memory Usage (419492K) : metal4_noqrc has 0 polygons
2026-09-23 06:06:42 +0200: Memory Usage (419756K) : metal4_res has 0 polygons
2026-09-23 06:06:42 +0200: Memory Usage (419756K) : metal4_iprobe has 0 polygons
2026-09-23 06:06:42 +0200: Memory Usage (419756K) : metal4_diffprb has 0 polygons
2026-09-23 06:06:42 +0200: Memory Usage (419756K) : heattrans_drw has 0 polygons
2026-09-23 06:06:42 +0200: Memory Usage (420020K) : heatres_drw has 0 polygons
2026-09-23 06:06:42 +0200: Memory Usage (420020K) : fbe_drw has 0 polygons
2026-09-23 06:06:42 +0200: Memory Usage (420020K) : empoly_drw has 0 polygons
2026-09-23 06:06:42 +0200: Memory Usage (420020K) : digisub_drw has 0 polygons
2026-09-23 06:06:42 +0200: Memory Usage (420020K) : text_drw has 0 polygons
2026-09-23 06:06:42 +0200: Memory Usage (420284K) : via4_drw has 0 polygons
2026-09-23 06:06:42 +0200: Memory Usage (420284K) : metal5_drw has 1 polygons
2026-09-23 06:06:42 +0200: Memory Usage (420284K) : metal5_filler has 20 polygons
2026-09-23 06:06:42 +0200: Memory Usage (420284K) : metal5_slit has 0 polygons
2026-09-23 06:06:42 +0200: Memory Usage (420548K) : metal5 has 21 polygons
2026-09-23 06:06:42 +0200: Memory Usage (420548K) : metal5_pin has 0 polygons
2026-09-23 06:06:42 +0200: Memory Usage (420548K) : metal5_mask has 0 polygons
2026-09-23 06:06:42 +0200: Memory Usage (420548K) : metal5_nofill has 0 polygons
2026-09-23 06:06:42 +0200: Memory Usage (420548K) : metal5_text has 21 polygons
2026-09-23 06:06:42 +0200: Memory Usage (420812K) : metal5_OPC has 0 polygons
2026-09-23 06:06:42 +0200: Memory Usage (420812K) : metal5_noqrc has 0 polygons
2026-09-23 06:06:42 +0200: Memory Usage (420812K) : metal5_res has 0 polygons
2026-09-23 06:06:42 +0200: Memory Usage (420812K) : metal5_iprobe has 0 polygons
2026-09-23 06:06:42 +0200: Memory Usage (421076K) : metal5_diffprb has 0 polygons
2026-09-23 06:06:42 +0200: Memory Usage (421076K) : radhard_drw has 0 polygons
2026-09-23 06:06:42 +0200: Memory Usage (421076K) : memcap_drw has 0 polygons
2026-09-23 06:06:42 +0200: Memory Usage (421076K) : varicap_drw has 0 polygons
2026-09-23 06:06:42 +0200: Memory Usage (421076K) : intbondvia_drw has 0 polygons
2026-09-23 06:06:42 +0200: Memory Usage (421340K) : intbondmet_drw has 0 polygons
2026-09-23 06:06:42 +0200: Memory Usage (421340K) : devbondvia_drw has 0 polygons
2026-09-23 06:06:42 +0200: Memory Usage (421340K) : devbondmet_drw has 0 polygons
2026-09-23 06:06:42 +0200: Memory Usage (421340K) : devtrench_drw has 0 polygons
2026-09-23 06:06:42 +0200: Memory Usage (421340K) : redist_drw has 0 polygons
2026-09-23 06:06:42 +0200: Memory Usage (421604K) : graphbot_drw has 0 polygons
2026-09-23 06:06:42 +0200: Memory Usage (421604K) : graphtop_drw has 0 polygons
2026-09-23 06:06:42 +0200: Memory Usage (421604K) : antvia1_drw has 0 polygons
2026-09-23 06:06:42 +0200: Memory Usage (421604K) : antmetal2_drw has 0 polygons
2026-09-23 06:06:42 +0200: Memory Usage (421868K) : graphcont_drw has 0 polygons
2026-09-23 06:06:42 +0200: Memory Usage (421868K) : siwg_drw has 0 polygons
2026-09-23 06:06:42 +0200: Memory Usage (421868K) : siwg_filler has 0 polygons
2026-09-23 06:06:42 +0200: Memory Usage (421868K) : siwg_nofill has 0 polygons
2026-09-23 06:06:42 +0200: Memory Usage (421868K) : sigrating_drw has 0 polygons
2026-09-23 06:06:42 +0200: Memory Usage (422132K) : singrating_drw has 0 polygons
2026-09-23 06:06:42 +0200: Memory Usage (422132K) : graphpas_drw has 0 polygons
2026-09-23 06:06:42 +0200: Memory Usage (422132K) : emwind3_drw has 0 polygons
2026-09-23 06:06:42 +0200: Memory Usage (422132K) : emwihv3_drw has 0 polygons
2026-09-23 06:06:42 +0200: Memory Usage (422396K) : redbulay_drw has 0 polygons
2026-09-23 06:06:42 +0200: Memory Usage (422396K) : smos_drw has 0 polygons
2026-09-23 06:06:42 +0200: Memory Usage (422396K) : graphpad_drw has 0 polygons
2026-09-23 06:06:42 +0200: Memory Usage (422396K) : polimide_drw has 0 polygons
2026-09-23 06:06:42 +0200: Memory Usage (422396K) : polimide_pin has 0 polygons
2026-09-23 06:06:42 +0200: Memory Usage (422660K) : recog_drw has 0 polygons
2026-09-23 06:06:42 +0200: Memory Usage (422660K) : recog_pin has 0 polygons
2026-09-23 06:06:42 +0200: Memory Usage (422660K) : recog_esd has 0 polygons
2026-09-23 06:06:42 +0200: Memory Usage (422924K) : recog_diode has 0 polygons
2026-09-23 06:06:42 +0200: Memory Usage (422924K) : recog_tsv has 0 polygons
2026-09-23 06:06:42 +0200: Memory Usage (422924K) : recog_iprobe has 0 polygons
2026-09-23 06:06:42 +0200: Memory Usage (422924K) : recog_diffprb has 0 polygons
2026-09-23 06:06:42 +0200: Memory Usage (423188K) : recog_pillar has 0 polygons
2026-09-23 06:06:42 +0200: Memory Usage (423188K) : recog_sbump has 0 polygons
2026-09-23 06:06:42 +0200: Memory Usage (423188K) : recog_otp has 0 polygons
2026-09-23 06:06:42 +0200: Memory Usage (423188K) : recog_pdiode has 0 polygons
2026-09-23 06:06:42 +0200: Memory Usage (423452K) : recog_mom has 0 polygons
2026-09-23 06:06:42 +0200: Memory Usage (423452K) : recog_pcm has 0 polygons
2026-09-23 06:06:42 +0200: Memory Usage (423452K) : colopen_drw has 0 polygons
2026-09-23 06:06:42 +0200: Memory Usage (423716K) : graphmetal1_drw has 0 polygons
2026-09-23 06:06:42 +0200: Memory Usage (423716K) : graphmetal1_filler has 0 polygons
2026-09-23 06:06:42 +0200: Memory Usage (423716K) : graphmetal1_nofill has 0 polygons
2026-09-23 06:06:42 +0200: Memory Usage (423716K) : graphmetal1_slit has 0 polygons
2026-09-23 06:06:42 +0200: Memory Usage (423716K) : graphmetal1_OPC has 0 polygons
2026-09-23 06:06:42 +0200: Memory Usage (423980K) : graphmet1l_drw has 0 polygons
2026-09-23 06:06:42 +0200: Memory Usage (423980K) : graphmet1l_filler has 0 polygons
2026-09-23 06:06:42 +0200: Memory Usage (423980K) : graphmet1l_nofill has 0 polygons
2026-09-23 06:06:42 +0200: Memory Usage (423980K) : graphmet1l_slit has 0 polygons
2026-09-23 06:06:42 +0200: Memory Usage (424244K) : graphmet1l_OPC has 0 polygons
2026-09-23 06:06:42 +0200: Memory Usage (424244K) : extblock_drw has 0 polygons
2026-09-23 06:06:42 +0200: Memory Usage (424244K) : nldd_drw has 0 polygons
2026-09-23 06:06:42 +0200: Memory Usage (424244K) : pldd_drw has 0 polygons
2026-09-23 06:06:42 +0200: Memory Usage (424244K) : next_drw has 0 polygons
2026-09-23 06:06:42 +0200: Memory Usage (424508K) : pext_drw has 0 polygons
2026-09-23 06:06:42 +0200: Memory Usage (424508K) : nexthv_drw has 0 polygons
2026-09-23 06:06:42 +0200: Memory Usage (424508K) : pexthv_drw has 0 polygons
2026-09-23 06:06:42 +0200: Memory Usage (424508K) : graphgate_drw has 0 polygons
2026-09-23 06:06:42 +0200: Memory Usage (424508K) : sinwg_drw has 0 polygons
2026-09-23 06:06:42 +0200: Memory Usage (424772K) : sinwg_filler has 0 polygons
2026-09-23 06:06:42 +0200: Memory Usage (424772K) : sinwg_nofill has 0 polygons
2026-09-23 06:06:42 +0200: Memory Usage (424772K) : mempad_drw has 0 polygons
2026-09-23 06:06:42 +0200: Memory Usage (424772K) : topvia1_drw has 0 polygons
2026-09-23 06:06:42 +0200: Memory Usage (425036K) : topmetal1_drw has 1 polygons
2026-09-23 06:06:42 +0200: Memory Usage (425036K) : topmetal1_filler has 0 polygons
2026-09-23 06:06:42 +0200: Memory Usage (425036K) : topmetal1_slit has 0 polygons
2026-09-23 06:06:42 +0200: Memory Usage (425036K) : topmetal1 has 1 polygons
2026-09-23 06:06:42 +0200: Memory Usage (425300K) : topmetal1_pin has 0 polygons
2026-09-23 06:06:42 +0200: Memory Usage (425300K) : topmetal1_mask has 0 polygons
2026-09-23 06:06:42 +0200: Memory Usage (425300K) : topmetal1_nofill has 0 polygons
2026-09-23 06:06:42 +0200: Memory Usage (425300K) : topmetal1_text has 1 polygons
2026-09-23 06:06:42 +0200: Memory Usage (425564K) : topmetal1_noqrc has 0 polygons
2026-09-23 06:06:42 +0200: Memory Usage (425564K) : topmetal1_res has 0 polygons
2026-09-23 06:06:42 +0200: Memory Usage (425564K) : topmetal1_iprobe has 0 polygons
2026-09-23 06:06:42 +0200: Memory Usage (425564K) : topmetal1_diffprb has 0 polygons
2026-09-23 06:06:42 +0200: Memory Usage (425828K) : inldpwl_drw has 0 polygons
2026-09-23 06:06:42 +0200: Memory Usage (425828K) : polyres_drw has 0 polygons
2026-09-23 06:06:42 +0200: Memory Usage (425828K) : polyres_pin has 0 polygons
2026-09-23 06:06:42 +0200: Memory Usage (425828K) : vmim_drw has 0 polygons
2026-09-23 06:06:42 +0200: Memory Usage (425828K) : nbulaycut_drw has 0 polygons
2026-09-23 06:06:42 +0200: Memory Usage (425828K) : antmetal1_drw has 0 polygons
2026-09-23 06:06:42 +0200: Memory Usage (425828K) : topvia2_drw has 0 polygons
2026-09-23 06:06:42 +0200: Memory Usage (425828K) : topmetal2_drw has 2 polygons
2026-09-23 06:06:42 +0200: Memory Usage (426092K) : topmetal2_filler has 0 polygons
2026-09-23 06:06:42 +0200: Memory Usage (426092K) : topmetal2_slit has 0 polygons
2026-09-23 06:06:42 +0200: Memory Usage (426092K) : topmetal2 has 2 polygons
2026-09-23 06:06:42 +0200: Memory Usage (426356K) : topmetal2_pin has 0 polygons
2026-09-23 06:06:42 +0200: Memory Usage (426356K) : topmetal2_mask has 0 polygons
2026-09-23 06:06:42 +0200: Memory Usage (426356K) : topmetal2_nofill has 0 polygons
2026-09-23 06:06:42 +0200: Memory Usage (426356K) : topmetal2_text has 2 polygons
2026-09-23 06:06:42 +0200: Memory Usage (426620K) : topmetal2_noqrc has 0 polygons
2026-09-23 06:06:42 +0200: Memory Usage (426620K) : topmetal2_res has 0 polygons
2026-09-23 06:06:42 +0200: Memory Usage (426620K) : topmetal2_iprobe has 0 polygons
2026-09-23 06:06:42 +0200: Memory Usage (426884K) : topmetal2_diffprb has 0 polygons
2026-09-23 06:06:42 +0200: Memory Usage (426884K) : snsring_drw has 0 polygons
2026-09-23 06:06:42 +0200: Memory Usage (426884K) : sensor_drw has 0 polygons
2026-09-23 06:06:42 +0200: Memory Usage (426884K) : snsarms_drw has 0 polygons
2026-09-23 06:06:42 +0200: Memory Usage (427148K) : snscmosvia_drw has 0 polygons
2026-09-23 06:06:42 +0200: Memory Usage (427148K) : colwind_drw has 0 polygons
2026-09-23 06:06:42 +0200: Memory Usage (427148K) : flm_drw has 0 polygons
2026-09-23 06:06:42 +0200: Memory Usage (427148K) : hafniumox_drw has 0 polygons
2026-09-23 06:06:42 +0200: Memory Usage (427412K) : memvia_drw has 0 polygons
2026-09-23 06:06:42 +0200: Memory Usage (427412K) : thinfilmres_drw has 0 polygons
2026-09-23 06:06:42 +0200: Memory Usage (427412K) : rfmem_drw has 0 polygons
2026-09-23 06:06:42 +0200: Memory Usage (427676K) : norcx_drw has 0 polygons
2026-09-23 06:06:42 +0200: Memory Usage (427676K) : norcx_m2m3 has 0 polygons
2026-09-23 06:06:42 +0200: Memory Usage (427676K) : norcx_m2m4 has 0 polygons
2026-09-23 06:06:42 +0200: Memory Usage (427676K) : norcx_m2m5 has 0 polygons
2026-09-23 06:06:42 +0200: Memory Usage (427940K) : norcx_m2tm1 has 0 polygons
2026-09-23 06:06:42 +0200: Memory Usage (427940K) : norcx_m2tm2 has 0 polygons
2026-09-23 06:06:42 +0200: Memory Usage (427940K) : norcx_m3m4 has 0 polygons
2026-09-23 06:06:42 +0200: Memory Usage (428204K) : norcx_m3m5 has 0 polygons
2026-09-23 06:06:42 +0200: Memory Usage (428204K) : norcx_m3tm1 has 0 polygons
2026-09-23 06:06:42 +0200: Memory Usage (428204K) : norcx_m3tm2 has 0 polygons
2026-09-23 06:06:42 +0200: Memory Usage (428204K) : norcx_m4m5 has 0 polygons
2026-09-23 06:06:42 +0200: Memory Usage (428468K) : norcx_m4tm1 has 0 polygons
2026-09-23 06:06:42 +0200: Memory Usage (428468K) : norcx_m4tm2 has 0 polygons
2026-09-23 06:06:42 +0200: Memory Usage (428468K) : norcx_m5tm1 has 0 polygons
2026-09-23 06:06:42 +0200: Memory Usage (428468K) : norcx_m5tm2 has 0 polygons
2026-09-23 06:06:42 +0200: Memory Usage (428732K) : norcx_tm1tm2 has 0 polygons
2026-09-23 06:06:42 +0200: Memory Usage (428732K) : norcx_m1sub has 0 polygons
2026-09-23 06:06:42 +0200: Memory Usage (428732K) : norcx_m2sub has 0 polygons
2026-09-23 06:06:42 +0200: Memory Usage (428996K) : norcx_m3sub has 0 polygons
2026-09-23 06:06:42 +0200: Memory Usage (428996K) : norcx_m4sub has 0 polygons
2026-09-23 06:06:42 +0200: Memory Usage (428996K) : norcx_m5sub has 0 polygons
2026-09-23 06:06:42 +0200: Memory Usage (428996K) : norcx_tm1sub has 0 polygons
2026-09-23 06:06:42 +0200: Memory Usage (429260K) : norcx_tm2sub has 0 polygons
2026-09-23 06:06:42 +0200: Memory Usage (429260K) : snsbotvia_drw has 0 polygons
2026-09-23 06:06:42 +0200: Memory Usage (429260K) : snstopvia_drw has 0 polygons
2026-09-23 06:06:42 +0200: Memory Usage (429524K) : deepvia_drw has 0 polygons
2026-09-23 06:06:42 +0200: Memory Usage (429524K) : fgetch_drw has 0 polygons
2026-09-23 06:06:42 +0200: Memory Usage (429524K) : ctrgat_drw has 0 polygons
2026-09-23 06:06:42 +0200: Memory Usage (429524K) : fgimp_drw has 0 polygons
2026-09-23 06:06:42 +0200: Memory Usage (429788K) : emwihv_drw has 0 polygons
2026-09-23 06:06:42 +0200: Memory Usage (429788K) : lbe_drw has 0 polygons
2026-09-23 06:06:42 +0200: Memory Usage (429788K) : alcustop_drw has 0 polygons
2026-09-23 06:06:42 +0200: Memory Usage (430052K) : nometfiller_drw has 0 polygons
2026-09-23 06:06:42 +0200: Memory Usage (430052K) : prboundary_drw has 0 polygons
2026-09-23 06:06:42 +0200: Memory Usage (430052K) : exchange0_drw has 0 polygons
2026-09-23 06:06:42 +0200: Memory Usage (430052K) : exchange0_pin has 0 polygons
2026-09-23 06:06:42 +0200: Memory Usage (430316K) : exchange0_text has 0 polygons
2026-09-23 06:06:42 +0200: Memory Usage (430316K) : exchange1_drw has 0 polygons
2026-09-23 06:06:42 +0200: Memory Usage (430316K) : exchange1_pin has 0 polygons
2026-09-23 06:06:42 +0200: Memory Usage (430316K) : exchange1_text has 0 polygons
2026-09-23 06:06:42 +0200: Memory Usage (430580K) : exchange2_drw has 0 polygons
2026-09-23 06:06:42 +0200: Memory Usage (430580K) : exchange2_pin has 0 polygons
2026-09-23 06:06:42 +0200: Memory Usage (430580K) : exchange2_text has 0 polygons
2026-09-23 06:06:42 +0200: Memory Usage (430580K) : exchange3_drw has 0 polygons
2026-09-23 06:06:42 +0200: Memory Usage (430844K) : exchange3_pin has 0 polygons
2026-09-23 06:06:42 +0200: Memory Usage (430844K) : exchange3_text has 0 polygons
2026-09-23 06:06:42 +0200: Memory Usage (430844K) : exchange4_drw has 0 polygons
2026-09-23 06:06:42 +0200: Memory Usage (431108K) : exchange4_pin has 0 polygons
2026-09-23 06:06:42 +0200: Memory Usage (431108K) : exchange4_text has 0 polygons
2026-09-23 06:06:42 +0200: Memory Usage (431108K) : isonwell_drw has 0 polygons
2026-09-23 06:06:42 +0200: Memory Usage (431108K) : Total no. of polygons in the design is 361
2026-09-23 06:06:42 +0200: Memory Usage (431108K) : Starting base layers derivations
2026-09-23 06:06:42 +0200: Memory Usage (431108K) : Starting general LVS derivations
2026-09-23 06:06:42 +0200: Memory Usage (435008K) : Starting MOSFET DERIVATIONS
2026-09-23 06:06:42 +0200: Memory Usage (435008K) : Starting NMOS DERIVATIONS
2026-09-23 06:06:42 +0200: Memory Usage (435008K) : Starting PMOS DERIVATIONS
2026-09-23 06:06:42 +0200: Memory Usage (435008K) : Starting RF-MOSFET DERIVATIONS
2026-09-23 06:06:42 +0200: Memory Usage (435008K) : Starting RF-NMOS DERIVATIONS
2026-09-23 06:06:42 +0200: Memory Usage (435008K) : Starting RF-PMOS DERIVATIONS
2026-09-23 06:06:42 +0200: Memory Usage (435008K) : Starting BJT DERIVATIONS
2026-09-23 06:06:42 +0200: Memory Usage (435008K) : Starting NPN-BJT DERIVATIONS
2026-09-23 06:06:42 +0200: Memory Usage (436304K) : Starting PNP-BJT DERIVATIONS
2026-09-23 06:06:42 +0200: Memory Usage (436304K) : Starting DIODE DERIVATIONS
2026-09-23 06:06:42 +0200: Memory Usage (433928K) : Starting RESISTOR DERIVATIONS
2026-09-23 06:06:42 +0200: Memory Usage (433928K) : Starting CAP DERIVATIONS
2026-09-23 06:06:42 +0200: Memory Usage (433928K) : Starting ESD DERIVATIONS
2026-09-23 06:06:43 +0200: Memory Usage (433928K) : Starting Inductor DERIVATIONS
2026-09-23 06:06:43 +0200: Memory Usage (434188K) : Starting Taps DERIVATIONS
2026-09-23 06:06:43 +0200: Memory Usage (437092K) : Starting SG13G2 LVS connectivity setup
2026-09-23 06:06:43 +0200: Memory Usage (437092K) : Starting SG13G2 LVS connectivity setup (Inter-layer)
2026-09-23 06:06:43 +0200: Memory Usage (437092K) : Starting SG13G2 LVS connectivity setup (Global)
2026-09-23 06:06:43 +0200: Memory Usage (437092K) : Starting LVS MOSFET CONNECTIONS
2026-09-23 06:06:43 +0200: Memory Usage (437092K) : Starting LVS RF-MOSFET CONNECTIONS
2026-09-23 06:06:43 +0200: Memory Usage (437092K) : Starting LVS BJT CONNECTIONS
2026-09-23 06:06:43 +0200: Memory Usage (437092K) : Starting LVS DIODE CONNECTIONS
2026-09-23 06:06:43 +0200: Memory Usage (437092K) : Starting RESISTOR CONNECTIONS
2026-09-23 06:06:43 +0200: Memory Usage (437092K) : Starting LVS CAP CONNECTIONS
2026-09-23 06:06:43 +0200: Memory Usage (437092K) : Starting ESD CONNECTIONS
2026-09-23 06:06:43 +0200: Memory Usage (437092K) : Starting Inductor CONNECTIONS
2026-09-23 06:06:43 +0200: Memory Usage (437092K) : Starting LVS Taps CONNECTIONS
2026-09-23 06:06:43 +0200: Memory Usage (437092K) : Starting SG13G2 LVS DEVICES EXTRACTION
2026-09-23 06:06:43 +0200: Memory Usage (437092K) : Starting MOSFET EXTRACTION
2026-09-23 06:06:43 +0200: Memory Usage (437092K) : Starting NMOS EXTRACTION
2026-09-23 06:06:43 +0200: Memory Usage (437092K) : Extraction of NMOS-LV transistor
2026-09-23 06:06:43 +0200: Memory Usage (437092K) : Extraction of NMOS-HV transistor
2026-09-23 06:06:43 +0200: Memory Usage (437092K) : Starting PMOS EXTRACTION
2026-09-23 06:06:43 +0200: Memory Usage (437092K) : Extraction of PMOS-LV transistor
2026-09-23 06:06:43 +0200: Memory Usage (437092K) : Extraction of PMOS-HV transistor
2026-09-23 06:06:43 +0200: Memory Usage (437092K) : Starting RF-MOSFET EXTRACTION
2026-09-23 06:06:43 +0200: Memory Usage (437092K) : Extraction of RF-NMOS-LV transistor
2026-09-23 06:06:43 +0200: Memory Usage (437092K) : Extraction of RF-NMOS-HV transistor
2026-09-23 06:06:43 +0200: Memory Usage (437092K) : Extraction of RF-PMOS-LV transistor
2026-09-23 06:06:43 +0200: Memory Usage (437092K) : Extraction of RF-PMOS-HV transistor
2026-09-23 06:06:43 +0200: Memory Usage (437092K) : Starting BJT EXTRACTION
2026-09-23 06:06:43 +0200: Memory Usage (437092K) : Starting NPN-BJT EXTRACTION
2026-09-23 06:06:43 +0200: Memory Usage (437092K) : Extraction of npn13G2 BJT transistor
2026-09-23 06:06:43 +0200: Memory Usage (437092K) : Extraction of npn13G2L BJT transistor
2026-09-23 06:06:43 +0200: Memory Usage (437092K) : Extraction of npn13G2V BJT transistor
2026-09-23 06:06:43 +0200: Memory Usage (437092K) : Starting PNP-BJT EXTRACTION
2026-09-23 06:06:43 +0200: Memory Usage (437092K) : Extracting pnpMPA BJT
2026-09-23 06:06:43 +0200: Memory Usage (437092K) : Starting DIODE EXTRACTION
2026-09-23 06:06:43 +0200: Memory Usage (437092K) : Extracting dantenna diode
2026-09-23 06:06:43 +0200: Memory Usage (437092K) : Extracting dpantenna diode
2026-09-23 06:06:43 +0200: Memory Usage (437092K) : Extracting schottky_nbl1 diode
2026-09-23 06:06:43 +0200: Memory Usage (437092K) : Extracting isolbox diode
2026-09-23 06:06:43 +0200: Memory Usage (437092K) : Starting RESISTOR EXTRACTION
2026-09-23 06:06:43 +0200: Memory Usage (437092K) : Extracting rsil resistor
2026-09-23 06:06:43 +0200: Memory Usage (437092K) : Extracting rppd resistor
2026-09-23 06:06:43 +0200: Memory Usage (437092K) : Extracting rhigh resistor
2026-09-23 06:06:43 +0200: Memory Usage (437092K) : Extracting res_metal1 resistor
2026-09-23 06:06:43 +0200: Memory Usage (437092K) : Extracting res_metal2 resistor
2026-09-23 06:06:43 +0200: Memory Usage (437092K) : Extracting res_metal3 resistor
2026-09-23 06:06:43 +0200: Memory Usage (437092K) : Extracting res_metal4 resistor
2026-09-23 06:06:43 +0200: Memory Usage (437092K) : Extracting res_metal5 resistor
2026-09-23 06:06:43 +0200: Memory Usage (437092K) : Extracting res_topmetal1 resistor
2026-09-23 06:06:43 +0200: Memory Usage (437092K) : Extracting res_topmetal2 resistor
2026-09-23 06:06:43 +0200: Memory Usage (437092K) : Starting CAP EXTRACTION
2026-09-23 06:06:43 +0200: Memory Usage (437092K) : Extracting cap_cmim device
2026-09-23 06:06:43 +0200: Memory Usage (437092K) : Extracting rfcmim device
2026-09-23 06:06:43 +0200: Memory Usage (437092K) : Extracting sg13_hv_svaricap varactor
2026-09-23 06:06:43 +0200: Memory Usage (437092K) : Starting ESD EXTRACTION
2026-09-23 06:06:43 +0200: Memory Usage (437092K) : Extracting diodevdd_2kv ESD device
2026-09-23 06:06:43 +0200: Memory Usage (437092K) : Extracting diodevdd_4kv ESD device
2026-09-23 06:06:43 +0200: Memory Usage (437092K) : Extracting diodevss_2kv ESD device
2026-09-23 06:06:43 +0200: Memory Usage (437092K) : Extracting diodevss_4kv ESD device
2026-09-23 06:06:43 +0200: Memory Usage (437092K) : Extracting idiodevdd_2kv ESD device
2026-09-23 06:06:43 +0200: Memory Usage (437092K) : Extracting idiodevdd_4kv ESD device
2026-09-23 06:06:43 +0200: Memory Usage (437092K) : Extracting idiodevss_2kv ESD device
2026-09-23 06:06:43 +0200: Memory Usage (437092K) : Extracting idiodevss_4kv ESD device
2026-09-23 06:06:43 +0200: Memory Usage (437092K) : Extracting nmoscl_2 ESD device
2026-09-23 06:06:43 +0200: Memory Usage (437092K) : Extracting nmoscl_4 ESD device
2026-09-23 06:06:43 +0200: Memory Usage (437092K) : Starting Inductor EXTRACTION
2026-09-23 06:06:43 +0200: Memory Usage (437092K) : Extracting Inductor2 device
2026-09-23 06:06:43 +0200: Memory Usage (437092K) : Extracting Inductor3 device
2026-09-23 06:06:43 +0200: Memory Usage (437092K) : Starting Taps EXTRACTION
2026-09-23 06:06:43 +0200: Memory Usage (437092K) : Extracting ntap1 device
2026-09-23 06:06:43 +0200: Memory Usage (437092K) : Extracting ptap1 device
2026-09-23 06:06:43 +0200: Memory Usage (437092K) : Starting SG13G2 LVS RF MOS Model Mapping
2026-09-23 06:06:43 +0200: Memory Usage (437092K) : [layout_netlist] Apply RF MOS model mapping and rfmode parameter.
2026-09-23 06:06:43 +0200: Memory Usage (437092K) : Starting SG13G2 LVS Options Preparations
2026-09-23 06:06:43 +0200: Memory Usage (437092K) : NET_ONLY enabled: apply extraction netlist options and skip comparison.
2026-09-23 06:06:43 +0200: Memory Usage (437092K) : SG13G2 LVS flow: extraction -> option preparation -> write netlist -> exit.
2026-09-23 06:06:43 +0200: Memory Usage (437092K) : Starting SG13G2 LVS Simplification
2026-09-23 06:06:43 +0200: Memory Usage (437092K) : [layout_netlist] simplify: SKIPPED
2026-09-23 06:06:43 +0200: Memory Usage (437092K) : [layout_netlist] make_top_level_pins: ENABLED
2026-09-23 06:06:43 +0200: Memory Usage (437092K) : [layout_netlist] combine_devices: SKIPPED
2026-09-23 06:06:43 +0200: Memory Usage (437092K) : [layout_netlist] purge: SKIPPED
2026-09-23 06:06:43 +0200: Memory Usage (437092K) : [layout_netlist] purge_nets: SKIPPED
2026-09-23 06:06:43 +0200: Memory Usage (437092K) : LVS Total Run time 0.821642 seconds
