

The temperature limiting function received NaN.
Please check your power dissipation and improve your heat sink Rth!
    This message will be shown only once.

Warning: singular matrix:  check node xbgr.n_8

Note: Starting dynamic gmin stepping
Note: Dynamic gmin stepping completed

Note: No compatibility mode selected!


Circuit: * g1_bgr standalone capacitance-pex qualification

Doing analysis at TEMP = 27.000000 and TNOM = 27.000000

Using SPARSE 1.3 as Direct Linear Solver
 Reference value :  0.00000e+00Note: Starting dynamic gmin stepping
Note: Dynamic gmin stepping completed

No. of Data Rows : 1
@n.xbgr.xm34.nsg13_hv_nmos[delvto] = 1.757996885258666e-04
@n.xbgr.xr16.nr1[nsmm_rsh] = -1.54396057048703e+00
@q.xbgr.xq56.qnpn13g2[area] = 1.184411128674982e+00
Doing analysis at TEMP = 27.000000 and TNOM = 27.000000

Using SPARSE 1.3 as Direct Linear Solver
 Reference value : -3.50000e+01
No. of Data Rows : 34
@n.xbgr.xm34.nsg13_hv_nmos[delvto] = 1.757996885258666e-04
@n.xbgr.xr16.nr1[nsmm_rsh] = -1.54396057048703e+00
@q.xbgr.xq56.qnpn13g2[area] = 1.184411128674982e+00
ngspice-46 done
