time="2026-09-23T08:09:53+02:00" level=warning msg="Network file system detected as backing store.  Enforcing overlay option `force_mask=\"700\"`.  Add it to storage.conf to silence this warning"
time="2026-09-23T08:09:54+02:00" level=warning msg="Network file system detected as backing store.  Enforcing overlay option `force_mask=\"700\"`.  Add it to storage.conf to silence this warning"
Resource enforcement: CPU affinity; memory reservation only (rootless cgroups v1).
time="2026-09-23T08:09:55+02:00" level=warning msg="Network file system detected as backing store.  Enforcing overlay option `force_mask=\"700\"`.  Add it to storage.conf to silence this warning"
{
  "status": "passed numerical startup",
  "runtime": {
    "command": [
      "stdbuf",
      "-o0",
      "-e0",
      "ngspice",
      "-b",
      "startup.cir"
    ],
    "started_utc": "2026-09-23T06:10:02.522294+00:00",
    "status": "completed",
    "timeout_s": 300,
    "runtime_arch": "x86_64",
    "stdio_unbuffered": true,
    "pid": 10,
    "wall_s": 18.537776436656713,
    "sampled_utc": "2026-09-23T06:10:21.050284+00:00",
    "log_bytes": 162667,
    "resources": {
      "VmHWM": "126120 kB",
      "VmRSS": "126120 kB",
      "Threads": "1"
    },
    "cpu_ticks": [
      "1682",
      "28"
    ],
    "last_reported_sim_time_s": 0.002981,
    "returncode": 0,
    "finished_utc": "2026-09-23T06:10:21.060509+00:00"
  },
  "errors": [],
  "startup_level_status": "passed",
  "hbt_vce_status": "passed",
  "full2842_pretransient_status": "not run: original UIC fixture has no operating-point initialization; none inserted",
  "not_run": [
    "Final native parasitics and actual downstream startup",
    "Startup-before-EN contract",
    "Foundry lifetime/model validity"
  ],
  "not_applicable": [
    "MC sample yield: mismatch disabled"
  ],
  "waveform_sha256": "fcc37aecf7ea8cfc73e681e2b04e7165b3a3061cd0801fa15b387e556e12db24",
  "rows": 1627,
  "endpoint_s": 0.003,
  "vref_end_V": 1.045457678073558,
  "iptat_end_A": 4.134102682975863e-06,
  "current_peak_A": 0.0003195990869309379,
  "full2842_endpoint_status": "passed finite exact inventory order",
  "instrumentation_original_wave_bytes_exact": true,
  "instrumentation_parity_status": "passed",
  "original_control_manifest_sha256": "78ee89aea7b41b2f993a0e517cddda0f3c16a2cfd2c6c9cff0d6a6aa9038567c",
  "original_control_wave_sha256": "fcc37aecf7ea8cfc73e681e2b04e7165b3a3061cd0801fa15b387e556e12db24"
}
