# Logfile created on 2026-09-19 09:34:38 +0200 by logger.rb/v1.5.3
2026-09-19 09:34:38 +0200: Memory Usage (802452K) : Starting running SG13G2 Klayout LVS runset on /work/build/g1_gate_lay/g1_gate.gds
2026-09-19 09:34:38 +0200: Memory Usage (802452K) : Ruby Version for klayout: 3.2.3
2026-09-19 09:34:38 +0200: Memory Usage (804756K) : Loading database to memory is complete.
2026-09-19 09:34:38 +0200: Memory Usage (804756K) : SG13G2 Klayout LVS runset output at: /work/build/g1_gate_lay/lvs_gate3/g1_gate.lvsdb
2026-09-19 09:34:38 +0200: Memory Usage (804756K) : Evaluate switches.
2026-09-19 09:34:38 +0200: Memory Usage (804756K) : Extracted netlist with net names: true
2026-09-19 09:34:38 +0200: Memory Usage (804756K) : Extracted netlist with comments in details: false
2026-09-19 09:34:38 +0200: Memory Usage (804756K) : Selected NET_ONLY option: false
2026-09-19 09:34:38 +0200: Memory Usage (804756K) : Selected LAYOUT_NETLIST option: (none)
2026-09-19 09:34:38 +0200: Memory Usage (804756K) : Selected IGNORE_TOP_PORTS_MISMATCH option: 
2026-09-19 09:34:38 +0200: Memory Usage (804756K) : Selected IMPLICIT_NETS option: (none)
2026-09-19 09:34:38 +0200: Memory Usage (804756K) : Selected TOP_LVL_PINS option: false
2026-09-19 09:34:38 +0200: Memory Usage (804756K) : Selected COMBINE DEVICES option: false
2026-09-19 09:34:38 +0200: Memory Usage (804756K) : Selected PURGE option: false
2026-09-19 09:34:38 +0200: Memory Usage (804756K) : Selected PURGE_NETS option: false
2026-09-19 09:34:38 +0200: Memory Usage (804756K) : Selected SIMPLIFY option: true
2026-09-19 09:34:38 +0200: Memory Usage (804756K) : Selected SERIES_RES option: false
2026-09-19 09:34:38 +0200: Memory Usage (804756K) : Selected PARALLEL_RES option: true
2026-09-19 09:34:38 +0200: Memory Usage (804756K) : Selected DISABLE_TAP_EXTRACTION option: false
2026-09-19 09:34:38 +0200: Memory Usage (804756K) : deep  mode is enabled.
2026-09-19 09:34:38 +0200: Memory Usage (805908K) : Netlist file: /work/build/g1_gate_lay/g1_gate.cdl
2026-09-19 09:34:38 +0200: Memory Usage (805908K) : LVS extracted netlist at: /work/build/g1_gate_lay/lvs_gate3/g1_gate_extracted.cir
2026-09-19 09:34:38 +0200: Memory Usage (805908K) : Applying SRAM integration support.
2026-09-19 09:34:38 +0200: Memory Usage (805908K) : Starting SG13G2 LVS runset
2026-09-19 09:34:38 +0200: Memory Usage (805908K) : Read in polygons from layers.
2026-09-19 09:34:38 +0200: Memory Usage (808596K) : activ_drw has 198 polygons
2026-09-19 09:34:38 +0200: Memory Usage (808724K) : activ_filler has 0 polygons
2026-09-19 09:34:38 +0200: Memory Usage (808980K) : activ has 198 polygons
2026-09-19 09:34:38 +0200: Memory Usage (808980K) : activ_pin has 0 polygons
2026-09-19 09:34:38 +0200: Memory Usage (808980K) : activ_mask has 0 polygons
2026-09-19 09:34:38 +0200: Memory Usage (808980K) : activ_nofill has 0 polygons
2026-09-19 09:34:38 +0200: Memory Usage (808980K) : activ_OPC has 0 polygons
2026-09-19 09:34:38 +0200: Memory Usage (808980K) : activ_iOPC has 0 polygons
2026-09-19 09:34:38 +0200: Memory Usage (808980K) : activ_noqrc has 0 polygons
2026-09-19 09:34:38 +0200: Memory Usage (808980K) : biwind_drw has 0 polygons
2026-09-19 09:34:38 +0200: Memory Usage (808980K) : biwind_OPC has 0 polygons
2026-09-19 09:34:38 +0200: Memory Usage (808980K) : gatpoly_drw has 165 polygons
2026-09-19 09:34:38 +0200: Memory Usage (808980K) : gatpoly_filler has 0 polygons
2026-09-19 09:34:38 +0200: Memory Usage (808980K) : gatpoly has 165 polygons
2026-09-19 09:34:38 +0200: Memory Usage (809236K) : gatpoly_pin has 47 polygons
2026-09-19 09:34:38 +0200: Memory Usage (809236K) : gatpoly_nofill has 0 polygons
2026-09-19 09:34:38 +0200: Memory Usage (809236K) : gatpoly_OPC has 0 polygons
2026-09-19 09:34:38 +0200: Memory Usage (809236K) : gatpoly_iOPC has 0 polygons
2026-09-19 09:34:38 +0200: Memory Usage (809236K) : gatpoly_noqrc has 0 polygons
2026-09-19 09:34:38 +0200: Memory Usage (809364K) : cont_drw has 3474 polygons
2026-09-19 09:34:38 +0200: Memory Usage (809492K) : cont_OPC has 0 polygons
2026-09-19 09:34:38 +0200: Memory Usage (809492K) : nsd_drw has 0 polygons
2026-09-19 09:34:38 +0200: Memory Usage (809620K) : nsd_block has 0 polygons
2026-09-19 09:34:38 +0200: Memory Usage (809620K) : metal1_drw has 506 polygons
2026-09-19 09:34:38 +0200: Memory Usage (809748K) : metal1_filler has 0 polygons
2026-09-19 09:34:38 +0200: Memory Usage (809748K) : metal1_slit has 0 polygons
2026-09-19 09:34:38 +0200: Memory Usage (810004K) : metal1 has 506 polygons
2026-09-19 09:34:38 +0200: Memory Usage (810004K) : metal1_pin has 94 polygons
2026-09-19 09:34:38 +0200: Memory Usage (810132K) : metal1_mask has 0 polygons
2026-09-19 09:34:38 +0200: Memory Usage (810260K) : metal1_nofill has 0 polygons
2026-09-19 09:34:38 +0200: Memory Usage (810516K) : metal1_text has 0 polygons
2026-09-19 09:34:38 +0200: Memory Usage (810516K) : metal1_OPC has 0 polygons
2026-09-19 09:34:38 +0200: Memory Usage (810644K) : metal1_noqrc has 0 polygons
2026-09-19 09:34:38 +0200: Memory Usage (810644K) : metal1_res has 0 polygons
2026-09-19 09:34:38 +0200: Memory Usage (810772K) : metal1_iprobe has 0 polygons
2026-09-19 09:34:38 +0200: Memory Usage (810772K) : metal1_diffprb has 0 polygons
2026-09-19 09:34:38 +0200: Memory Usage (810900K) : passiv_drw has 0 polygons
2026-09-19 09:34:38 +0200: Memory Usage (810900K) : passiv_pin has 0 polygons
2026-09-19 09:34:38 +0200: Memory Usage (811028K) : passiv_sbump has 0 polygons
2026-09-19 09:34:38 +0200: Memory Usage (811028K) : passiv_pillar has 0 polygons
2026-09-19 09:34:38 +0200: Memory Usage (811156K) : passiv_pdl has 0 polygons
2026-09-19 09:34:38 +0200: Memory Usage (811156K) : metal2_drw has 346 polygons
2026-09-19 09:34:38 +0200: Memory Usage (811284K) : metal2_filler has 0 polygons
2026-09-19 09:34:38 +0200: Memory Usage (811284K) : metal2_slit has 0 polygons
2026-09-19 09:34:38 +0200: Memory Usage (811412K) : metal2 has 346 polygons
2026-09-19 09:34:38 +0200: Memory Usage (811540K) : metal2_pin has 0 polygons
2026-09-19 09:34:38 +0200: Memory Usage (811540K) : metal2_mask has 0 polygons
2026-09-19 09:34:38 +0200: Memory Usage (811668K) : metal2_nofill has 0 polygons
2026-09-19 09:34:38 +0200: Memory Usage (811668K) : metal2_text has 0 polygons
2026-09-19 09:34:38 +0200: Memory Usage (811796K) : metal2_OPC has 0 polygons
2026-09-19 09:34:38 +0200: Memory Usage (811796K) : metal2_noqrc has 0 polygons
2026-09-19 09:34:38 +0200: Memory Usage (811924K) : metal2_res has 0 polygons
2026-09-19 09:34:38 +0200: Memory Usage (812052K) : metal2_iprobe has 0 polygons
2026-09-19 09:34:38 +0200: Memory Usage (812052K) : metal2_diffprb has 0 polygons
2026-09-19 09:34:38 +0200: Memory Usage (812180K) : baspoly_drw has 0 polygons
2026-09-19 09:34:38 +0200: Memory Usage (812180K) : baspoly_pin has 0 polygons
2026-09-19 09:34:38 +0200: Memory Usage (812308K) : psd_drw has 38 polygons
2026-09-19 09:34:38 +0200: Memory Usage (812308K) : nldb_drw has 0 polygons
2026-09-19 09:34:38 +0200: Memory Usage (812436K) : digibnd_drw has 0 polygons
2026-09-19 09:34:38 +0200: Memory Usage (812436K) : via1_drw has 133 polygons
2026-09-19 09:34:38 +0200: Memory Usage (812564K) : backmetal1_drw has 0 polygons
2026-09-19 09:34:38 +0200: Memory Usage (812564K) : backmetal1_pin has 0 polygons
2026-09-19 09:34:38 +0200: Memory Usage (812692K) : backmetal1_mask has 0 polygons
2026-09-19 09:34:38 +0200: Memory Usage (812692K) : backmetal1_filler has 0 polygons
2026-09-19 09:34:38 +0200: Memory Usage (812820K) : backmetal1_nofill has 0 polygons
2026-09-19 09:34:38 +0200: Memory Usage (812820K) : backmetal1_slit has 0 polygons
2026-09-19 09:34:38 +0200: Memory Usage (812948K) : backmetal1_text has 0 polygons
2026-09-19 09:34:38 +0200: Memory Usage (812948K) : backmetal1_OPC has 0 polygons
2026-09-19 09:34:38 +0200: Memory Usage (813076K) : backmetal1_noqrc has 0 polygons
2026-09-19 09:34:38 +0200: Memory Usage (813204K) : backmetal1_res has 0 polygons
2026-09-19 09:34:38 +0200: Memory Usage (813204K) : backmetal1_iprobe has 0 polygons
2026-09-19 09:34:38 +0200: Memory Usage (813332K) : backmetal1_diffprb has 0 polygons
2026-09-19 09:34:38 +0200: Memory Usage (813332K) : backpassiv_drw has 0 polygons
2026-09-19 09:34:38 +0200: Memory Usage (813460K) : res_drw has 0 polygons
2026-09-19 09:34:38 +0200: Memory Usage (813460K) : sram_drw has 0 polygons
2026-09-19 09:34:38 +0200: Memory Usage (813588K) : trans_drw has 0 polygons
2026-09-19 09:34:38 +0200: Memory Usage (813588K) : ind_drw has 0 polygons
2026-09-19 09:34:38 +0200: Memory Usage (813716K) : ind_pin has 0 polygons
2026-09-19 09:34:38 +0200: Memory Usage (813844K) : ind_text has 0 polygons
2026-09-19 09:34:38 +0200: Memory Usage (813844K) : salblock_drw has 0 polygons
2026-09-19 09:34:38 +0200: Memory Usage (813972K) : via2_drw has 247 polygons
2026-09-19 09:34:38 +0200: Memory Usage (813972K) : metal3_drw has 130 polygons
2026-09-19 09:34:38 +0200: Memory Usage (814100K) : metal3_filler has 0 polygons
2026-09-19 09:34:38 +0200: Memory Usage (814100K) : metal3_slit has 0 polygons
2026-09-19 09:34:38 +0200: Memory Usage (814228K) : metal3 has 130 polygons
2026-09-19 09:34:38 +0200: Memory Usage (814356K) : metal3_pin has 11 polygons
2026-09-19 09:34:38 +0200: Memory Usage (814484K) : metal3_mask has 0 polygons
2026-09-19 09:34:38 +0200: Memory Usage (814484K) : metal3_nofill has 0 polygons
2026-09-19 09:34:38 +0200: Memory Usage (814740K) : metal3_text has 11 polygons
2026-09-19 09:34:38 +0200: Memory Usage (814868K) : metal3_OPC has 0 polygons
2026-09-19 09:34:38 +0200: Memory Usage (814868K) : metal3_noqrc has 0 polygons
2026-09-19 09:34:38 +0200: Memory Usage (814996K) : metal3_res has 0 polygons
2026-09-19 09:34:38 +0200: Memory Usage (815124K) : metal3_iprobe has 0 polygons
2026-09-19 09:34:38 +0200: Memory Usage (815124K) : metal3_diffprb has 0 polygons
2026-09-19 09:34:38 +0200: Memory Usage (815124K) : nwell_drw has 32 polygons
2026-09-19 09:34:38 +0200: Memory Usage (815252K) : nwell_pin has 0 polygons
2026-09-19 09:34:38 +0200: Memory Usage (815252K) : nwell_text has 0 polygons
2026-09-19 09:34:38 +0200: Memory Usage (815380K) : nbulay_drw has 0 polygons
2026-09-19 09:34:38 +0200: Memory Usage (815380K) : nbulay_pin has 0 polygons
2026-09-19 09:34:38 +0200: Memory Usage (815508K) : nbulay_block has 0 polygons
2026-09-19 09:34:38 +0200: Memory Usage (815508K) : emwind_drw has 0 polygons
2026-09-19 09:34:38 +0200: Memory Usage (815636K) : emwind_OPC has 0 polygons
2026-09-19 09:34:38 +0200: Memory Usage (815636K) : deepco_drw has 0 polygons
2026-09-19 09:34:38 +0200: Memory Usage (815892K) : mim_drw has 0 polygons
2026-09-19 09:34:38 +0200: Memory Usage (815892K) : edgeseal_drw has 0 polygons
2026-09-19 09:34:38 +0200: Memory Usage (816020K) : substrate_drw has 30 polygons
2026-09-19 09:34:38 +0200: Memory Usage (816020K) : substrate_text has 0 polygons
2026-09-19 09:34:38 +0200: Memory Usage (816148K) : dfpad_drw has 0 polygons
2026-09-19 09:34:38 +0200: Memory Usage (816148K) : dfpad_pillar has 0 polygons
2026-09-19 09:34:38 +0200: Memory Usage (816276K) : dfpad_sbump has 0 polygons
2026-09-19 09:34:38 +0200: Memory Usage (816276K) : thickgateox_drw has 42 polygons
2026-09-19 09:34:38 +0200: Memory Usage (816404K) : pldb_drw has 0 polygons
2026-09-19 09:34:38 +0200: Memory Usage (816404K) : pwell_drw has 0 polygons
2026-09-19 09:34:38 +0200: Memory Usage (816404K) : pwell_pin has 0 polygons
2026-09-19 09:34:38 +0200: Memory Usage (816532K) : pwell_block has 0 polygons
2026-09-19 09:34:38 +0200: Memory Usage (816532K) : ic_drw has 0 polygons
2026-09-19 09:34:38 +0200: Memory Usage (816660K) : via3_drw has 0 polygons
2026-09-19 09:34:38 +0200: Memory Usage (816660K) : metal4_drw has 0 polygons
2026-09-19 09:34:38 +0200: Memory Usage (816788K) : metal4_filler has 0 polygons
2026-09-19 09:34:38 +0200: Memory Usage (816788K) : metal4_slit has 0 polygons
2026-09-19 09:34:38 +0200: Memory Usage (816916K) : metal4 has 0 polygons
2026-09-19 09:34:38 +0200: Memory Usage (817044K) : metal4_pin has 0 polygons
2026-09-19 09:34:38 +0200: Memory Usage (817044K) : metal4_mask has 0 polygons
2026-09-19 09:34:38 +0200: Memory Usage (817172K) : metal4_nofill has 0 polygons
2026-09-19 09:34:38 +0200: Memory Usage (817172K) : metal4_text has 0 polygons
2026-09-19 09:34:38 +0200: Memory Usage (817300K) : metal4_OPC has 0 polygons
2026-09-19 09:34:38 +0200: Memory Usage (817300K) : metal4_noqrc has 0 polygons
2026-09-19 09:34:38 +0200: Memory Usage (817428K) : metal4_res has 0 polygons
2026-09-19 09:34:38 +0200: Memory Usage (817428K) : metal4_iprobe has 0 polygons
2026-09-19 09:34:38 +0200: Memory Usage (817428K) : metal4_diffprb has 0 polygons
2026-09-19 09:34:38 +0200: Memory Usage (817556K) : heattrans_drw has 78 polygons
2026-09-19 09:34:38 +0200: Memory Usage (817556K) : heatres_drw has 0 polygons
2026-09-19 09:34:38 +0200: Memory Usage (817684K) : fbe_drw has 0 polygons
2026-09-19 09:34:38 +0200: Memory Usage (817684K) : empoly_drw has 0 polygons
2026-09-19 09:34:38 +0200: Memory Usage (817812K) : digisub_drw has 0 polygons
2026-09-19 09:34:38 +0200: Memory Usage (817812K) : text_drw has 56 polygons
2026-09-19 09:34:38 +0200: Memory Usage (817940K) : via4_drw has 0 polygons
2026-09-19 09:34:38 +0200: Memory Usage (817940K) : metal5_drw has 0 polygons
2026-09-19 09:34:38 +0200: Memory Usage (818068K) : metal5_filler has 0 polygons
2026-09-19 09:34:38 +0200: Memory Usage (818068K) : metal5_slit has 0 polygons
2026-09-19 09:34:38 +0200: Memory Usage (818196K) : metal5 has 0 polygons
2026-09-19 09:34:38 +0200: Memory Usage (818324K) : metal5_pin has 0 polygons
2026-09-19 09:34:38 +0200: Memory Usage (818324K) : metal5_mask has 0 polygons
2026-09-19 09:34:38 +0200: Memory Usage (818324K) : metal5_nofill has 0 polygons
2026-09-19 09:34:38 +0200: Memory Usage (818452K) : metal5_text has 0 polygons
2026-09-19 09:34:38 +0200: Memory Usage (818452K) : metal5_OPC has 0 polygons
2026-09-19 09:34:38 +0200: Memory Usage (818580K) : metal5_noqrc has 0 polygons
2026-09-19 09:34:38 +0200: Memory Usage (818580K) : metal5_res has 0 polygons
2026-09-19 09:34:38 +0200: Memory Usage (818708K) : metal5_iprobe has 0 polygons
2026-09-19 09:34:38 +0200: Memory Usage (818708K) : metal5_diffprb has 0 polygons
2026-09-19 09:34:38 +0200: Memory Usage (818836K) : radhard_drw has 0 polygons
2026-09-19 09:34:38 +0200: Memory Usage (818836K) : memcap_drw has 0 polygons
2026-09-19 09:34:38 +0200: Memory Usage (818964K) : varicap_drw has 0 polygons
2026-09-19 09:34:38 +0200: Memory Usage (818964K) : intbondvia_drw has 0 polygons
2026-09-19 09:34:38 +0200: Memory Usage (819092K) : intbondmet_drw has 0 polygons
2026-09-19 09:34:38 +0200: Memory Usage (819092K) : devbondvia_drw has 0 polygons
2026-09-19 09:34:38 +0200: Memory Usage (819092K) : devbondmet_drw has 0 polygons
2026-09-19 09:34:38 +0200: Memory Usage (819220K) : devtrench_drw has 0 polygons
2026-09-19 09:34:38 +0200: Memory Usage (819220K) : redist_drw has 0 polygons
2026-09-19 09:34:38 +0200: Memory Usage (819348K) : graphbot_drw has 0 polygons
2026-09-19 09:34:38 +0200: Memory Usage (819348K) : graphtop_drw has 0 polygons
2026-09-19 09:34:38 +0200: Memory Usage (819476K) : antvia1_drw has 0 polygons
2026-09-19 09:34:38 +0200: Memory Usage (819476K) : antmetal2_drw has 0 polygons
2026-09-19 09:34:38 +0200: Memory Usage (819604K) : graphcont_drw has 0 polygons
2026-09-19 09:34:38 +0200: Memory Usage (819604K) : siwg_drw has 0 polygons
2026-09-19 09:34:38 +0200: Memory Usage (819732K) : siwg_filler has 0 polygons
2026-09-19 09:34:38 +0200: Memory Usage (819732K) : siwg_nofill has 0 polygons
2026-09-19 09:34:38 +0200: Memory Usage (819860K) : sigrating_drw has 0 polygons
2026-09-19 09:34:38 +0200: Memory Usage (819860K) : singrating_drw has 0 polygons
2026-09-19 09:34:38 +0200: Memory Usage (819988K) : graphpas_drw has 0 polygons
2026-09-19 09:34:38 +0200: Memory Usage (819988K) : emwind3_drw has 0 polygons
2026-09-19 09:34:38 +0200: Memory Usage (820116K) : emwihv3_drw has 0 polygons
2026-09-19 09:34:38 +0200: Memory Usage (820116K) : redbulay_drw has 0 polygons
2026-09-19 09:34:38 +0200: Memory Usage (820244K) : smos_drw has 0 polygons
2026-09-19 09:34:38 +0200: Memory Usage (820244K) : graphpad_drw has 0 polygons
2026-09-19 09:34:38 +0200: Memory Usage (820372K) : polimide_drw has 0 polygons
2026-09-19 09:34:38 +0200: Memory Usage (820372K) : polimide_pin has 0 polygons
2026-09-19 09:34:38 +0200: Memory Usage (820372K) : recog_drw has 0 polygons
2026-09-19 09:34:38 +0200: Memory Usage (820500K) : recog_pin has 0 polygons
2026-09-19 09:34:38 +0200: Memory Usage (820500K) : recog_esd has 0 polygons
2026-09-19 09:34:38 +0200: Memory Usage (820628K) : recog_diode has 0 polygons
2026-09-19 09:34:38 +0200: Memory Usage (820628K) : recog_tsv has 0 polygons
2026-09-19 09:34:38 +0200: Memory Usage (820756K) : recog_iprobe has 0 polygons
2026-09-19 09:34:38 +0200: Memory Usage (820756K) : recog_diffprb has 0 polygons
2026-09-19 09:34:38 +0200: Memory Usage (820884K) : recog_pillar has 0 polygons
2026-09-19 09:34:38 +0200: Memory Usage (820884K) : recog_sbump has 0 polygons
2026-09-19 09:34:38 +0200: Memory Usage (820884K) : recog_otp has 0 polygons
2026-09-19 09:34:38 +0200: Memory Usage (821012K) : recog_pdiode has 0 polygons
2026-09-19 09:34:38 +0200: Memory Usage (821012K) : recog_mom has 0 polygons
2026-09-19 09:34:38 +0200: Memory Usage (821140K) : recog_pcm has 0 polygons
2026-09-19 09:34:38 +0200: Memory Usage (821140K) : colopen_drw has 0 polygons
2026-09-19 09:34:38 +0200: Memory Usage (821268K) : graphmetal1_drw has 0 polygons
2026-09-19 09:34:38 +0200: Memory Usage (821268K) : graphmetal1_filler has 0 polygons
2026-09-19 09:34:38 +0200: Memory Usage (821396K) : graphmetal1_nofill has 0 polygons
2026-09-19 09:34:38 +0200: Memory Usage (821396K) : graphmetal1_slit has 0 polygons
2026-09-19 09:34:38 +0200: Memory Usage (821524K) : graphmetal1_OPC has 0 polygons
2026-09-19 09:34:38 +0200: Memory Usage (821524K) : graphmet1l_drw has 0 polygons
2026-09-19 09:34:38 +0200: Memory Usage (821652K) : graphmet1l_filler has 0 polygons
2026-09-19 09:34:38 +0200: Memory Usage (821652K) : graphmet1l_nofill has 0 polygons
2026-09-19 09:34:38 +0200: Memory Usage (821780K) : graphmet1l_slit has 0 polygons
2026-09-19 09:34:38 +0200: Memory Usage (821780K) : graphmet1l_OPC has 0 polygons
2026-09-19 09:34:38 +0200: Memory Usage (821908K) : extblock_drw has 0 polygons
2026-09-19 09:34:38 +0200: Memory Usage (821908K) : nldd_drw has 0 polygons
2026-09-19 09:34:38 +0200: Memory Usage (822036K) : pldd_drw has 0 polygons
2026-09-19 09:34:38 +0200: Memory Usage (822036K) : next_drw has 0 polygons
2026-09-19 09:34:38 +0200: Memory Usage (822164K) : pext_drw has 0 polygons
2026-09-19 09:34:38 +0200: Memory Usage (822164K) : nexthv_drw has 0 polygons
2026-09-19 09:34:38 +0200: Memory Usage (822164K) : pexthv_drw has 0 polygons
2026-09-19 09:34:38 +0200: Memory Usage (822292K) : graphgate_drw has 0 polygons
2026-09-19 09:34:38 +0200: Memory Usage (822292K) : sinwg_drw has 0 polygons
2026-09-19 09:34:38 +0200: Memory Usage (822420K) : sinwg_filler has 0 polygons
2026-09-19 09:34:38 +0200: Memory Usage (822420K) : sinwg_nofill has 0 polygons
2026-09-19 09:34:38 +0200: Memory Usage (822548K) : mempad_drw has 0 polygons
2026-09-19 09:34:38 +0200: Memory Usage (822548K) : topvia1_drw has 0 polygons
2026-09-19 09:34:38 +0200: Memory Usage (822676K) : topmetal1_drw has 0 polygons
2026-09-19 09:34:38 +0200: Memory Usage (822676K) : topmetal1_filler has 0 polygons
2026-09-19 09:34:38 +0200: Memory Usage (822804K) : topmetal1_slit has 0 polygons
2026-09-19 09:34:38 +0200: Memory Usage (822932K) : topmetal1 has 0 polygons
2026-09-19 09:34:38 +0200: Memory Usage (822932K) : topmetal1_pin has 0 polygons
2026-09-19 09:34:38 +0200: Memory Usage (823060K) : topmetal1_mask has 0 polygons
2026-09-19 09:34:38 +0200: Memory Usage (823060K) : topmetal1_nofill has 0 polygons
2026-09-19 09:34:38 +0200: Memory Usage (823060K) : topmetal1_text has 0 polygons
2026-09-19 09:34:38 +0200: Memory Usage (823188K) : topmetal1_noqrc has 0 polygons
2026-09-19 09:34:38 +0200: Memory Usage (823188K) : topmetal1_res has 0 polygons
2026-09-19 09:34:38 +0200: Memory Usage (823316K) : topmetal1_iprobe has 0 polygons
2026-09-19 09:34:38 +0200: Memory Usage (823316K) : topmetal1_diffprb has 0 polygons
2026-09-19 09:34:38 +0200: Memory Usage (823316K) : inldpwl_drw has 0 polygons
2026-09-19 09:34:38 +0200: Memory Usage (823316K) : polyres_drw has 0 polygons
2026-09-19 09:34:38 +0200: Memory Usage (823316K) : polyres_pin has 0 polygons
2026-09-19 09:34:38 +0200: Memory Usage (823316K) : vmim_drw has 0 polygons
2026-09-19 09:34:38 +0200: Memory Usage (823316K) : nbulaycut_drw has 0 polygons
2026-09-19 09:34:38 +0200: Memory Usage (823444K) : antmetal1_drw has 0 polygons
2026-09-19 09:34:38 +0200: Memory Usage (823444K) : topvia2_drw has 0 polygons
2026-09-19 09:34:38 +0200: Memory Usage (823572K) : topmetal2_drw has 0 polygons
2026-09-19 09:34:38 +0200: Memory Usage (823572K) : topmetal2_filler has 0 polygons
2026-09-19 09:34:38 +0200: Memory Usage (823700K) : topmetal2_slit has 0 polygons
2026-09-19 09:34:38 +0200: Memory Usage (823700K) : topmetal2 has 0 polygons
2026-09-19 09:34:38 +0200: Memory Usage (823828K) : topmetal2_pin has 0 polygons
2026-09-19 09:34:38 +0200: Memory Usage (823828K) : topmetal2_mask has 0 polygons
2026-09-19 09:34:38 +0200: Memory Usage (823956K) : topmetal2_nofill has 0 polygons
2026-09-19 09:34:38 +0200: Memory Usage (823956K) : topmetal2_text has 0 polygons
2026-09-19 09:34:38 +0200: Memory Usage (824084K) : topmetal2_noqrc has 0 polygons
2026-09-19 09:34:38 +0200: Memory Usage (824084K) : topmetal2_res has 0 polygons
2026-09-19 09:34:38 +0200: Memory Usage (824212K) : topmetal2_iprobe has 0 polygons
2026-09-19 09:34:38 +0200: Memory Usage (824212K) : topmetal2_diffprb has 0 polygons
2026-09-19 09:34:38 +0200: Memory Usage (824340K) : snsring_drw has 0 polygons
2026-09-19 09:34:38 +0200: Memory Usage (824340K) : sensor_drw has 0 polygons
2026-09-19 09:34:38 +0200: Memory Usage (824468K) : snsarms_drw has 0 polygons
2026-09-19 09:34:38 +0200: Memory Usage (824468K) : snscmosvia_drw has 0 polygons
2026-09-19 09:34:38 +0200: Memory Usage (824596K) : colwind_drw has 0 polygons
2026-09-19 09:34:38 +0200: Memory Usage (824596K) : flm_drw has 0 polygons
2026-09-19 09:34:38 +0200: Memory Usage (824724K) : hafniumox_drw has 0 polygons
2026-09-19 09:34:38 +0200: Memory Usage (824724K) : memvia_drw has 0 polygons
2026-09-19 09:34:38 +0200: Memory Usage (824852K) : thinfilmres_drw has 0 polygons
2026-09-19 09:34:38 +0200: Memory Usage (824852K) : rfmem_drw has 0 polygons
2026-09-19 09:34:38 +0200: Memory Usage (824980K) : norcx_drw has 0 polygons
2026-09-19 09:34:38 +0200: Memory Usage (824980K) : norcx_m2m3 has 0 polygons
2026-09-19 09:34:38 +0200: Memory Usage (825108K) : norcx_m2m4 has 0 polygons
2026-09-19 09:34:38 +0200: Memory Usage (825108K) : norcx_m2m5 has 0 polygons
2026-09-19 09:34:38 +0200: Memory Usage (825236K) : norcx_m2tm1 has 0 polygons
2026-09-19 09:34:38 +0200: Memory Usage (825236K) : norcx_m2tm2 has 0 polygons
2026-09-19 09:34:38 +0200: Memory Usage (825236K) : norcx_m3m4 has 0 polygons
2026-09-19 09:34:38 +0200: Memory Usage (825364K) : norcx_m3m5 has 0 polygons
2026-09-19 09:34:38 +0200: Memory Usage (825364K) : norcx_m3tm1 has 0 polygons
2026-09-19 09:34:38 +0200: Memory Usage (825492K) : norcx_m3tm2 has 0 polygons
2026-09-19 09:34:38 +0200: Memory Usage (825492K) : norcx_m4m5 has 0 polygons
2026-09-19 09:34:38 +0200: Memory Usage (825620K) : norcx_m4tm1 has 0 polygons
2026-09-19 09:34:38 +0200: Memory Usage (825620K) : norcx_m4tm2 has 0 polygons
2026-09-19 09:34:38 +0200: Memory Usage (825748K) : norcx_m5tm1 has 0 polygons
2026-09-19 09:34:38 +0200: Memory Usage (825748K) : norcx_m5tm2 has 0 polygons
2026-09-19 09:34:38 +0200: Memory Usage (825876K) : norcx_tm1tm2 has 0 polygons
2026-09-19 09:34:38 +0200: Memory Usage (825876K) : norcx_m1sub has 0 polygons
2026-09-19 09:34:38 +0200: Memory Usage (826004K) : norcx_m2sub has 0 polygons
2026-09-19 09:34:38 +0200: Memory Usage (826004K) : norcx_m3sub has 0 polygons
2026-09-19 09:34:38 +0200: Memory Usage (826132K) : norcx_m4sub has 0 polygons
2026-09-19 09:34:38 +0200: Memory Usage (826132K) : norcx_m5sub has 0 polygons
2026-09-19 09:34:38 +0200: Memory Usage (826260K) : norcx_tm1sub has 0 polygons
2026-09-19 09:34:38 +0200: Memory Usage (826260K) : norcx_tm2sub has 0 polygons
2026-09-19 09:34:38 +0200: Memory Usage (826388K) : snsbotvia_drw has 0 polygons
2026-09-19 09:34:38 +0200: Memory Usage (826388K) : snstopvia_drw has 0 polygons
2026-09-19 09:34:38 +0200: Memory Usage (826516K) : deepvia_drw has 0 polygons
2026-09-19 09:34:38 +0200: Memory Usage (826516K) : fgetch_drw has 0 polygons
2026-09-19 09:34:38 +0200: Memory Usage (826516K) : ctrgat_drw has 0 polygons
2026-09-19 09:34:38 +0200: Memory Usage (826644K) : fgimp_drw has 0 polygons
2026-09-19 09:34:38 +0200: Memory Usage (826644K) : emwihv_drw has 0 polygons
2026-09-19 09:34:38 +0200: Memory Usage (826772K) : lbe_drw has 0 polygons
2026-09-19 09:34:38 +0200: Memory Usage (826772K) : alcustop_drw has 0 polygons
2026-09-19 09:34:38 +0200: Memory Usage (826900K) : nometfiller_drw has 0 polygons
2026-09-19 09:34:38 +0200: Memory Usage (826900K) : prboundary_drw has 1 polygons
2026-09-19 09:34:38 +0200: Memory Usage (827028K) : exchange0_drw has 0 polygons
2026-09-19 09:34:38 +0200: Memory Usage (827028K) : exchange0_pin has 0 polygons
2026-09-19 09:34:38 +0200: Memory Usage (827156K) : exchange0_text has 0 polygons
2026-09-19 09:34:38 +0200: Memory Usage (827156K) : exchange1_drw has 0 polygons
2026-09-19 09:34:38 +0200: Memory Usage (827284K) : exchange1_pin has 0 polygons
2026-09-19 09:34:38 +0200: Memory Usage (827284K) : exchange1_text has 0 polygons
2026-09-19 09:34:38 +0200: Memory Usage (827412K) : exchange2_drw has 0 polygons
2026-09-19 09:34:38 +0200: Memory Usage (827412K) : exchange2_pin has 0 polygons
2026-09-19 09:34:38 +0200: Memory Usage (827412K) : exchange2_text has 0 polygons
2026-09-19 09:34:38 +0200: Memory Usage (827540K) : exchange3_drw has 0 polygons
2026-09-19 09:34:38 +0200: Memory Usage (827540K) : exchange3_pin has 0 polygons
2026-09-19 09:34:38 +0200: Memory Usage (827668K) : exchange3_text has 0 polygons
2026-09-19 09:34:38 +0200: Memory Usage (827668K) : exchange4_drw has 0 polygons
2026-09-19 09:34:38 +0200: Memory Usage (827796K) : exchange4_pin has 0 polygons
2026-09-19 09:34:38 +0200: Memory Usage (827796K) : exchange4_text has 0 polygons
2026-09-19 09:34:38 +0200: Memory Usage (827924K) : isonwell_drw has 0 polygons
2026-09-19 09:34:38 +0200: Memory Usage (827924K) : Total no. of polygons in the design is 5639
2026-09-19 09:34:38 +0200: Memory Usage (827924K) : Starting base layers derivations
2026-09-19 09:34:38 +0200: Memory Usage (827924K) : Starting general LVS derivations
2026-09-19 09:34:38 +0200: Memory Usage (829236K) : Starting MOSFET DERIVATIONS
2026-09-19 09:34:38 +0200: Memory Usage (831156K) : Starting NMOS DERIVATIONS
2026-09-19 09:34:38 +0200: Memory Usage (831156K) : Starting PMOS DERIVATIONS
2026-09-19 09:34:38 +0200: Memory Usage (831284K) : Starting RF-MOSFET DERIVATIONS
2026-09-19 09:34:38 +0200: Memory Usage (831284K) : Starting RF-NMOS DERIVATIONS
2026-09-19 09:34:38 +0200: Memory Usage (831284K) : Starting RF-PMOS DERIVATIONS
2026-09-19 09:34:38 +0200: Memory Usage (831284K) : Starting BJT DERIVATIONS
2026-09-19 09:34:38 +0200: Memory Usage (831284K) : Starting NPN-BJT DERIVATIONS
2026-09-19 09:34:38 +0200: Memory Usage (834996K) : Starting PNP-BJT DERIVATIONS
2026-09-19 09:34:38 +0200: Memory Usage (835124K) : Starting DIODE DERIVATIONS
2026-09-19 09:34:39 +0200: Memory Usage (835636K) : Starting RESISTOR DERIVATIONS
2026-09-19 09:34:39 +0200: Memory Usage (835636K) : Starting CAP DERIVATIONS
2026-09-19 09:34:39 +0200: Memory Usage (835764K) : Starting ESD DERIVATIONS
2026-09-19 09:34:39 +0200: Memory Usage (835892K) : Starting Inductor DERIVATIONS
2026-09-19 09:34:39 +0200: Memory Usage (835892K) : Starting Taps DERIVATIONS
2026-09-19 09:34:39 +0200: Memory Usage (835892K) : Starting SG13G2 LVS connectivity setup
2026-09-19 09:34:39 +0200: Memory Usage (835892K) : Starting SG13G2 LVS connectivity setup (Inter-layer)
2026-09-19 09:34:39 +0200: Memory Usage (836148K) : Starting SG13G2 LVS connectivity setup (Global)
2026-09-19 09:34:39 +0200: Memory Usage (836148K) : Starting LVS MOSFET CONNECTIONS
2026-09-19 09:34:39 +0200: Memory Usage (836148K) : Starting LVS RF-MOSFET CONNECTIONS
2026-09-19 09:34:39 +0200: Memory Usage (836148K) : Starting LVS BJT CONNECTIONS
2026-09-19 09:34:39 +0200: Memory Usage (836148K) : Starting LVS DIODE CONNECTIONS
2026-09-19 09:34:39 +0200: Memory Usage (836148K) : Starting RESISTOR CONNECTIONS
2026-09-19 09:34:39 +0200: Memory Usage (836148K) : Starting LVS CAP CONNECTIONS
2026-09-19 09:34:39 +0200: Memory Usage (836148K) : Starting ESD CONNECTIONS
2026-09-19 09:34:39 +0200: Memory Usage (836148K) : Starting Inductor CONNECTIONS
2026-09-19 09:34:39 +0200: Memory Usage (836148K) : Starting LVS Taps CONNECTIONS
2026-09-19 09:34:39 +0200: Memory Usage (836148K) : Starting SG13G2 LVS DEVICES EXTRACTION
2026-09-19 09:34:39 +0200: Memory Usage (836276K) : Starting MOSFET EXTRACTION
2026-09-19 09:34:39 +0200: Memory Usage (836276K) : Starting NMOS EXTRACTION
2026-09-19 09:34:39 +0200: Memory Usage (836276K) : Extraction of NMOS-LV transistor
2026-09-19 09:34:39 +0200: Memory Usage (837940K) : Extraction of NMOS-HV transistor
2026-09-19 09:34:39 +0200: Memory Usage (838196K) : Starting PMOS EXTRACTION
2026-09-19 09:34:39 +0200: Memory Usage (838196K) : Extraction of PMOS-LV transistor
2026-09-19 09:34:39 +0200: Memory Usage (838196K) : Extraction of PMOS-HV transistor
2026-09-19 09:34:39 +0200: Memory Usage (838196K) : Starting RF-MOSFET EXTRACTION
2026-09-19 09:34:39 +0200: Memory Usage (838196K) : Extraction of RF-NMOS-LV transistor
2026-09-19 09:34:39 +0200: Memory Usage (838196K) : Extraction of RF-NMOS-HV transistor
2026-09-19 09:34:39 +0200: Memory Usage (838324K) : Extraction of RF-PMOS-LV transistor
2026-09-19 09:34:39 +0200: Memory Usage (838324K) : Extraction of RF-PMOS-HV transistor
2026-09-19 09:34:39 +0200: Memory Usage (838324K) : Starting BJT EXTRACTION
2026-09-19 09:34:39 +0200: Memory Usage (838324K) : Starting NPN-BJT EXTRACTION
2026-09-19 09:34:39 +0200: Memory Usage (838324K) : Extraction of npn13G2 BJT transistor
2026-09-19 09:34:39 +0200: Memory Usage (838580K) : Extraction of npn13G2L BJT transistor
2026-09-19 09:34:39 +0200: Memory Usage (838580K) : Extraction of npn13G2V BJT transistor
2026-09-19 09:34:39 +0200: Memory Usage (838580K) : Starting PNP-BJT EXTRACTION
2026-09-19 09:34:39 +0200: Memory Usage (838580K) : Extracting pnpMPA BJT
2026-09-19 09:34:39 +0200: Memory Usage (838836K) : Starting DIODE EXTRACTION
2026-09-19 09:34:39 +0200: Memory Usage (838836K) : Extracting dantenna diode
2026-09-19 09:34:39 +0200: Memory Usage (838964K) : Extracting dpantenna diode
2026-09-19 09:34:39 +0200: Memory Usage (839092K) : Extracting schottky_nbl1 diode
2026-09-19 09:34:39 +0200: Memory Usage (839220K) : Extracting isolbox diode
2026-09-19 09:34:39 +0200: Memory Usage (839220K) : Starting RESISTOR EXTRACTION
2026-09-19 09:34:39 +0200: Memory Usage (839220K) : Extracting rsil resistor
2026-09-19 09:34:39 +0200: Memory Usage (839348K) : Extracting rppd resistor
2026-09-19 09:34:39 +0200: Memory Usage (839348K) : Extracting rhigh resistor
2026-09-19 09:34:39 +0200: Memory Usage (839348K) : Extracting res_metal1 resistor
2026-09-19 09:34:39 +0200: Memory Usage (839604K) : Extracting res_metal2 resistor
2026-09-19 09:34:39 +0200: Memory Usage (839604K) : Extracting res_metal3 resistor
2026-09-19 09:34:39 +0200: Memory Usage (839604K) : Extracting res_metal4 resistor
2026-09-19 09:34:39 +0200: Memory Usage (839604K) : Extracting res_metal5 resistor
2026-09-19 09:34:39 +0200: Memory Usage (839604K) : Extracting res_topmetal1 resistor
2026-09-19 09:34:39 +0200: Memory Usage (839604K) : Extracting res_topmetal2 resistor
2026-09-19 09:34:39 +0200: Memory Usage (839604K) : Starting CAP EXTRACTION
2026-09-19 09:34:39 +0200: Memory Usage (839604K) : Extracting cap_cmim device
2026-09-19 09:34:39 +0200: Memory Usage (839604K) : Extracting rfcmim device
2026-09-19 09:34:39 +0200: Memory Usage (839604K) : Extracting sg13_hv_svaricap varactor
2026-09-19 09:34:39 +0200: Memory Usage (839604K) : Starting ESD EXTRACTION
2026-09-19 09:34:39 +0200: Memory Usage (839604K) : Extracting diodevdd_2kv ESD device
2026-09-19 09:34:39 +0200: Memory Usage (839604K) : Extracting diodevdd_4kv ESD device
2026-09-19 09:34:39 +0200: Memory Usage (839604K) : Extracting diodevss_2kv ESD device
2026-09-19 09:34:39 +0200: Memory Usage (839604K) : Extracting diodevss_4kv ESD device
2026-09-19 09:34:39 +0200: Memory Usage (839604K) : Extracting idiodevdd_2kv ESD device
2026-09-19 09:34:39 +0200: Memory Usage (839604K) : Extracting idiodevdd_4kv ESD device
2026-09-19 09:34:39 +0200: Memory Usage (839604K) : Extracting idiodevss_2kv ESD device
2026-09-19 09:34:39 +0200: Memory Usage (839604K) : Extracting idiodevss_4kv ESD device
2026-09-19 09:34:39 +0200: Memory Usage (839604K) : Extracting nmoscl_2 ESD device
2026-09-19 09:34:39 +0200: Memory Usage (839604K) : Extracting nmoscl_4 ESD device
2026-09-19 09:34:39 +0200: Memory Usage (839604K) : Starting Inductor EXTRACTION
2026-09-19 09:34:39 +0200: Memory Usage (839604K) : Extracting Inductor2 device
2026-09-19 09:34:39 +0200: Memory Usage (839604K) : Extracting Inductor3 device
2026-09-19 09:34:39 +0200: Memory Usage (839604K) : Starting Taps EXTRACTION
2026-09-19 09:34:39 +0200: Memory Usage (839604K) : Extracting ntap1 device
2026-09-19 09:34:39 +0200: Memory Usage (839604K) : Extracting ptap1 device
2026-09-19 09:34:39 +0200: Memory Usage (839604K) : Starting SG13G2 LVS RF MOS Model Mapping
2026-09-19 09:34:39 +0200: Memory Usage (840116K) : [layout_netlist] Apply RF MOS model mapping and rfmode parameter.
2026-09-19 09:34:39 +0200: Memory Usage (840116K) : Starting SG13G2 LVS Options Preparations
2026-09-19 09:34:39 +0200: Memory Usage (840116K) : SG13G2 LVS flow: extraction -> alignment -> option preparation -> comparison.
2026-09-19 09:34:39 +0200: Memory Usage (840116K) : Starting SG13G2 LVS Alignment
2026-09-19 09:34:39 +0200: Memory Usage (840500K) : Starting SG13G2 LVS Simplification
2026-09-19 09:34:39 +0200: Memory Usage (840500K) : [layout_netlist] simplify: ENABLED
2026-09-19 09:34:39 +0200: Memory Usage (840628K) : [layout_netlist] make_top_level_pins: SKIPPED
2026-09-19 09:34:39 +0200: Memory Usage (840628K) : [layout_netlist] combine_devices: SKIPPED
2026-09-19 09:34:39 +0200: Memory Usage (840628K) : [layout_netlist] purge: SKIPPED
2026-09-19 09:34:39 +0200: Memory Usage (840628K) : [layout_netlist] purge_nets: SKIPPED
2026-09-19 09:34:39 +0200: Memory Usage (840628K) : [schematic_netlist] simplify: ENABLED
2026-09-19 09:34:39 +0200: Memory Usage (840628K) : [schematic_netlist] make_top_level_pins: SKIPPED
2026-09-19 09:34:39 +0200: Memory Usage (840628K) : [schematic_netlist] combine_devices: SKIPPED
2026-09-19 09:34:39 +0200: Memory Usage (840628K) : [schematic_netlist] purge: SKIPPED
2026-09-19 09:34:39 +0200: Memory Usage (840628K) : [schematic_netlist] purge_nets: SKIPPED
2026-09-19 09:34:39 +0200: Memory Usage (840628K) : Starting SG13G2 LVS Comparison in strict port mode.
2026-09-19 09:34:39 +0200: Memory Usage (840628K) : flag_missing_ports enabled: missing/mislabeled top-level ports are treated as errors.
2026-09-19 09:34:39 +0200: Memory Usage (841524K) : ==========================================
2026-09-19 09:34:39 +0200: Memory Usage (841524K) : INFO : Congratulations! Netlists match.
2026-09-19 09:34:39 +0200: Memory Usage (841524K) : ==========================================
2026-09-19 09:34:39 +0200: Memory Usage (841524K) : LVS Total Run time 0.884307 seconds
