Reading timing models for corner nom_typ_1p20V_25C…
Reading timing library for the 'nom_typ_1p20V_25C' corner at '/foss/pdks/ihp-sg13g2/libs.ref/sg13g2_stdcell/lib/sg13g2_stdcell_typ_1p20V_25C.lib'…
Reading timing library for the 'nom_typ_1p20V_25C' corner at '/work/designs/g1-guardian/blocks/g1_padring/ip/sg13g2_io_padbare/lib/sg13g2_io_typ_1p2V_3p3V_25C.lib'…
Reading timing library for the 'nom_typ_1p20V_25C' corner at '/work/designs/g1-guardian/blocks/g1_ctrl/layout/lib/g1_digital__nom_typ_1p20V_25C.lib'…
Reading OpenROAD database at '/work/designs/g1-guardian/blocks/g1_padring/flow/runs/assembly-1350/20-openroad-tapendcapinsertion/g1_chip_top.odb'…
Reading design constraints file at '/work/designs/g1-guardian/blocks/g1_padring/flow/g1_chip_top.sdc'…
[INFO] Using clock SCLK…
[INFO] Setting output delay to: 20
[INFO] Setting input delay to: 20
[INFO] Setting load to: 0.006
[INFO] Setting clock uncertainty to: 0.25
[INFO] Setting clock transition to: 0.15
[INFO] Setting timing derate to: 5%
[INFO] Sourcing /work/designs/g1-guardian/blocks/g1_padring/flow/../../g1_ctrl/layout/g1_digital_top.sdc
[WARNING STA-0363] pin 'i_core.u_digital/clkbuf_0_osc_clk/A' not found.
[WARNING STA-0419] transition time can not be specified for virtual clocks.
[WARNING STA-0450] virtual clock osc_clk can not be propagated.
[INFO] Setting global connections...
i_core.u_digital matched with i_core.u_digital
i_core.u_osc matched with i_core.u_osc
i_core.u_trip matched with i_core.u_trip
i_core.u_trip matched with i_core.u_trip
i_core.u_gate matched with i_core.u_gate
i_core.u_gate matched with i_core.u_gate
i_core.u_t2f matched with i_core.u_t2f
i_core.u_t2f matched with i_core.u_t2f
i_core.u_bgr matched with i_core.u_bgr
i_core.u_sense matched with i_core.u_sense
[INFO ODB-0403] 0 connections made, 0 conflicts skipped.
+ pdngen 
[INFO PDN-0001] Inserting grid: stdcell_grid
[INFO PDN-0001] Inserting grid: macro - i_core.u_digital
Setting global connections for newly added cells…
[INFO] Setting global connections...
i_core.u_digital matched with i_core.u_digital
i_core.u_osc matched with i_core.u_osc
i_core.u_trip matched with i_core.u_trip
i_core.u_trip matched with i_core.u_trip
i_core.u_gate matched with i_core.u_gate
i_core.u_gate matched with i_core.u_gate
i_core.u_t2f matched with i_core.u_t2f
i_core.u_t2f matched with i_core.u_t2f
i_core.u_bgr matched with i_core.u_bgr
i_core.u_sense matched with i_core.u_sense
[INFO ODB-0403] 0 connections made, 0 conflicts skipped.
Updating metrics…
Cell type report:                       Count       Area
  Macro                                    12  276413.96
  Input pad                                 3   43200.00
  Output pad                                4   57600.00
  Input/output pad                         11  158400.00
  Power pad                                 6   86400.00
  Pad spacer                               96  293760.00
  Cover                                    24  117600.00
  Multi-Input combinational cell            1       7.26
  Total                                   157 1033381.22
Writing OpenROAD database to '/work/designs/g1-guardian/blocks/g1_padring/flow/runs/assembly-1350/22-openroad-generatepdn/g1_chip_top.odb'…
Writing netlist to '/work/designs/g1-guardian/blocks/g1_padring/flow/runs/assembly-1350/22-openroad-generatepdn/g1_chip_top.nl.v'…
Writing powered netlist to '/work/designs/g1-guardian/blocks/g1_padring/flow/runs/assembly-1350/22-openroad-generatepdn/g1_chip_top.pnl.v'…
Writing layout to '/work/designs/g1-guardian/blocks/g1_padring/flow/runs/assembly-1350/22-openroad-generatepdn/g1_chip_top.def'…
Writing timing constraints to '/work/designs/g1-guardian/blocks/g1_padring/flow/runs/assembly-1350/22-openroad-generatepdn/g1_chip_top.sdc'…
[WARNING PSM-0038] Unconnected shape on net VDD at (546.200um, 869.800um) - (547.800um, 870.200um), layer: Metal1.
[WARNING PSM-0038] Unconnected shape on net VDD at (566.200um, 869.800um) - (567.800um, 870.200um), layer: Metal1.
[WARNING PSM-0038] Unconnected shape on net VDD at (586.200um, 869.800um) - (587.800um, 870.200um), layer: Metal1.
[WARNING PSM-0038] Unconnected shape on net VDD at (366.500um, 983.570um) - (532.500um, 985.570um), layer: Metal3.
[WARNING PSM-0038] Unconnected shape on net VDD at (592.620um, 977.350um) - (636.400um, 977.850um), layer: Metal3.
[WARNING PSM-0038] Unconnected shape on net VDD at (636.400um, 977.200um) - (638.000um, 978.000um), layer: Metal3.
[WARNING PSM-0038] Unconnected shape on net VDD at (850.000um, 876.080um) - (852.000um, 876.580um), layer: Metal3.
[WARNING PSM-0038] Unconnected shape on net VDD at (737.000um, 853.000um) - (966.000um, 855.000um), layer: Metal3.
[WARNING PSM-0039] Unconnected instance i_core.u_osc/VDD at location (449.500um, 984.570um).
[WARNING PSM-0039] Unconnected instance i_core.u_ls_r4/vdd at location (547.000um, 870.000um).
[WARNING PSM-0039] Unconnected instance i_core.u_ls_mode/vdd at location (567.000um, 870.000um).
[WARNING PSM-0039] Unconnected instance i_core.u_ls_en/vdd at location (587.000um, 870.000um).
[WARNING PSM-0039] Unconnected instance i_core.u_t2f/vdd12 at location (626.255um, 977.600um).
[WARNING PSM-0039] Unconnected instance i_core.u_gate/vdd at location (851.000um, 876.330um).
[WARNING PSM-0039] Unconnected instance i_core.u_trip/VDD at location (851.500um, 854.000um).
[ERROR PSM-0069] Check connectivity failed on VDD.
[WARNING] Grid check for VDD failed: PSM-0069
[WARNING PSM-0038] Unconnected shape on net VSS at (546.200um, 860.300um) - (554.700um, 860.850um), layer: Metal1.
[WARNING PSM-0038] Unconnected shape on net VSS at (566.200um, 860.300um) - (574.700um, 860.850um), layer: Metal1.
[WARNING PSM-0038] Unconnected shape on net VSS at (586.200um, 860.300um) - (594.700um, 860.850um), layer: Metal1.
[WARNING PSM-0038] Unconnected shape on net VSS at (367.000um, 370.000um) - (397.000um, 372.000um), layer: Metal3.
[WARNING PSM-0038] Unconnected shape on net VSS at (367.000um, 800.000um) - (401.000um, 802.000um), layer: Metal3.
[WARNING PSM-0038] Unconnected shape on net VSS at (366.500um, 848.000um) - (532.500um, 850.000um), layer: Metal3.
[WARNING PSM-0038] Unconnected shape on net VSS at (546.000um, 883.000um) - (546.600um, 885.600um), layer: Metal3.
[WARNING PSM-0038] Unconnected shape on net VSS at (546.600um, 883.000um) - (549.000um, 982.200um), layer: Metal3.
[WARNING PSM-0038] Unconnected shape on net VSS at (549.000um, 883.000um) - (638.000um, 885.600um), layer: Metal3.
[WARNING PSM-0038] Unconnected shape on net VSS at (645.000um, 862.000um) - (729.000um, 864.000um), layer: Metal3.
[WARNING PSM-0038] Unconnected shape on net VSS at (737.000um, 648.000um) - (966.000um, 650.000um), layer: Metal3.
[WARNING PSM-0038] Unconnected shape on net VSS at (733.000um, 443.000um) - (985.160um, 446.000um), layer: Metal3.
[WARNING PSM-0038] Unconnected shape on net VSS at (850.000um, 863.500um) - (980.680um, 866.500um), layer: Metal3.
[WARNING PSM-0039] Unconnected instance i_core.u_dose/vss at location (382.000um, 371.000um).
[WARNING PSM-0039] Unconnected instance i_core.u_dut/vss at location (384.000um, 801.000um).
[WARNING PSM-0039] Unconnected instance i_core.u_osc/VSS at location (449.500um, 849.000um).
[WARNING PSM-0039] Unconnected instance i_core.u_ls_r4/vss at location (550.450um, 860.575um).
[WARNING PSM-0039] Unconnected instance i_core.u_t2f/vss at location (569.900um, 908.600um).
[WARNING PSM-0039] Unconnected instance i_core.u_ls_mode/vss at location (570.450um, 860.575um).
[WARNING PSM-0039] Unconnected instance i_core.u_ls_en/vss at location (590.450um, 860.575um).
[WARNING PSM-0039] Unconnected instance i_core.u_bgr/vss at location (687.000um, 863.000um).
[WARNING PSM-0039] Unconnected instance i_core.u_trip/VSS at location (851.500um, 649.000um).
[WARNING PSM-0039] Unconnected instance i_core.u_sense/vss at location (859.080um, 444.500um).
[WARNING PSM-0039] Unconnected instance i_core.u_gate/vss at location (915.340um, 865.000um).
[ERROR PSM-0069] Check connectivity failed on VSS.
[WARNING] Grid check for VSS failed: PSM-0069
