# first 300 lines of sta_nom_typ_1p20V_25C_min.rpt (worst hold paths first); the full 120882-line report stays in flow/runs/<tag>/*-openroad-stapostpnr/<corner>/min.rpt

===========================================================================
report_checks -path_delay min (Hold)
============================================================================
======================= nom_typ_1p20V_25C Corner ===================================

Startpoint: i_core.u_digital/_6673_
            (rising edge-triggered flip-flop clocked by SCLK)
Endpoint: i_core.u_digital/_6674_
          (rising edge-triggered flip-flop clocked by SCLK)
Path Group: SCLK
Path Type: min

Fanout         Cap        Slew       Delay        Time   Description
---------------------------------------------------------------------------------------------
                                  0.000000    0.000000   clock SCLK (rise edge)
                                  0.000000    0.000000   clock source latency
     2    0.071988    0.139350    0.000000    0.000000 ^ pad14_sclk/p2c (sg13g2_IOPadIn)
                                                         i_core.sclk_i (net)
                      0.109911    0.017011    0.017011 ^ i_core.u_digital/clkbuf_regs_0_sclk/A (sg13g2_buf_16)
     1    0.018506    0.022967    0.101253    0.118264 ^ i_core.u_digital/clkbuf_regs_0_sclk/X (sg13g2_buf_16)
                                                         i_core.u_digital/sclk_regs (net)
                      0.022976    0.000911    0.119175 ^ i_core.u_digital/clkbuf_0_sclk_regs/A (sg13g2_buf_16)
     8    0.146708    0.049452    0.079831    0.199006 ^ i_core.u_digital/clkbuf_0_sclk_regs/X (sg13g2_buf_16)
                                                         i_core.u_digital/clknet_0_sclk_regs (net)
                      0.055487    0.013087    0.212093 ^ i_core.u_digital/clkbuf_3_3__f_sclk_regs/A (sg13g2_buf_16)
     7    0.028533    0.022600    0.079081    0.291174 ^ i_core.u_digital/clkbuf_3_3__f_sclk_regs/X (sg13g2_buf_16)
                                                         i_core.u_digital/clknet_3_3__leaf_sclk_regs (net)
                      0.022614    0.001113    0.292287 ^ i_core.u_digital/_6673_/CLK (sg13g2_dfrbpq_1)
     4    0.015152    0.054563    0.189971    0.482259 v i_core.u_digital/_6673_/Q (sg13g2_dfrbpq_1)
                                                         i_core.u_digital/u_core.u_serial.shreg[2] (net)
                      0.054571    0.000676    0.482935 v i_core.u_digital/_6674_/D (sg13g2_dfrbpq_1)
                                              0.482935   data arrival time

                                  0.000000    0.000000   clock SCLK (rise edge)
                                  0.000000    0.000000   clock source latency
     2    0.077334    0.148414    0.000000    0.000000 ^ pad14_sclk/p2c (sg13g2_IOPadIn)
                                                         i_core.sclk_i (net)
                      0.117452    0.018711    0.018711 ^ i_core.u_digital/clkbuf_regs_0_sclk/A (sg13g2_buf_16)
     1    0.021179    0.023962    0.104153    0.122865 ^ i_core.u_digital/clkbuf_regs_0_sclk/X (sg13g2_buf_16)
                                                         i_core.u_digital/sclk_regs (net)
                      0.023974    0.001053    0.123918 ^ i_core.u_digital/clkbuf_0_sclk_regs/A (sg13g2_buf_16)
     8    0.168090    0.055137    0.083066    0.206984 ^ i_core.u_digital/clkbuf_0_sclk_regs/X (sg13g2_buf_16)
                                                         i_core.u_digital/clknet_0_sclk_regs (net)
                      0.062216    0.014949    0.221933 ^ i_core.u_digital/clkbuf_3_3__f_sclk_regs/A (sg13g2_buf_16)
     7    0.031907    0.023667    0.082970    0.304902 ^ i_core.u_digital/clkbuf_3_3__f_sclk_regs/X (sg13g2_buf_16)
                                                         i_core.u_digital/clknet_3_3__leaf_sclk_regs (net)
                      0.023683    0.001210    0.306112 ^ i_core.u_digital/_6674_/CLK (sg13g2_dfrbpq_1)
                                  0.050000    0.356112   clock uncertainty
                                 -0.013729    0.342383   clock reconvergence pessimism
                                 -0.044573    0.297811   library hold time
                                              0.297811   data required time
---------------------------------------------------------------------------------------------
                                              0.297811   data required time
                                             -0.482935   data arrival time
---------------------------------------------------------------------------------------------
                                              0.185124   slack (MET)


Startpoint: i_core.u_digital/_6675_
            (rising edge-triggered flip-flop clocked by SCLK)
Endpoint: i_core.u_digital/_6676_
          (rising edge-triggered flip-flop clocked by SCLK)
Path Group: SCLK
Path Type: min

Fanout         Cap        Slew       Delay        Time   Description
---------------------------------------------------------------------------------------------
                                  0.000000    0.000000   clock SCLK (rise edge)
                                  0.000000    0.000000   clock source latency
     2    0.071988    0.139350    0.000000    0.000000 ^ pad14_sclk/p2c (sg13g2_IOPadIn)
                                                         i_core.sclk_i (net)
                      0.109911    0.017011    0.017011 ^ i_core.u_digital/clkbuf_regs_0_sclk/A (sg13g2_buf_16)
     1    0.018506    0.022967    0.101253    0.118264 ^ i_core.u_digital/clkbuf_regs_0_sclk/X (sg13g2_buf_16)
                                                         i_core.u_digital/sclk_regs (net)
                      0.022976    0.000911    0.119175 ^ i_core.u_digital/clkbuf_0_sclk_regs/A (sg13g2_buf_16)
     8    0.146708    0.049452    0.079831    0.199006 ^ i_core.u_digital/clkbuf_0_sclk_regs/X (sg13g2_buf_16)
                                                         i_core.u_digital/clknet_0_sclk_regs (net)
                      0.053757    0.010974    0.209980 ^ i_core.u_digital/clkbuf_3_4__f_sclk_regs/A (sg13g2_buf_16)
     8    0.028423    0.022490    0.078268    0.288248 ^ i_core.u_digital/clkbuf_3_4__f_sclk_regs/X (sg13g2_buf_16)
                                                         i_core.u_digital/clknet_3_4__leaf_sclk_regs (net)
                      0.022501    0.000999    0.289247 ^ i_core.u_digital/_6675_/CLK (sg13g2_dfrbpq_1)
     4    0.015036    0.054202    0.189726    0.478973 v i_core.u_digital/_6675_/Q (sg13g2_dfrbpq_1)
                                                         i_core.u_digital/u_core.u_serial.shreg[4] (net)
                      0.054230    0.001130    0.480103 v i_core.u_digital/_6676_/D (sg13g2_dfrbpq_1)
                                              0.480103   data arrival time

                                  0.000000    0.000000   clock SCLK (rise edge)
                                  0.000000    0.000000   clock source latency
     2    0.077334    0.148414    0.000000    0.000000 ^ pad14_sclk/p2c (sg13g2_IOPadIn)
                                                         i_core.sclk_i (net)
                      0.117452    0.018711    0.018711 ^ i_core.u_digital/clkbuf_regs_0_sclk/A (sg13g2_buf_16)
     1    0.021179    0.023962    0.104153    0.122865 ^ i_core.u_digital/clkbuf_regs_0_sclk/X (sg13g2_buf_16)
                                                         i_core.u_digital/sclk_regs (net)
                      0.023974    0.001053    0.123918 ^ i_core.u_digital/clkbuf_0_sclk_regs/A (sg13g2_buf_16)
     8    0.168090    0.055137    0.083066    0.206984 ^ i_core.u_digital/clkbuf_0_sclk_regs/X (sg13g2_buf_16)
                                                         i_core.u_digital/clknet_0_sclk_regs (net)
                      0.060159    0.012545    0.219529 ^ i_core.u_digital/clkbuf_3_4__f_sclk_regs/A (sg13g2_buf_16)
     8    0.032244    0.023640    0.082095    0.301623 ^ i_core.u_digital/clkbuf_3_4__f_sclk_regs/X (sg13g2_buf_16)
                                                         i_core.u_digital/clknet_3_4__leaf_sclk_regs (net)
                      0.023654    0.001179    0.302803 ^ i_core.u_digital/_6676_/CLK (sg13g2_dfrbpq_1)
                                  0.050000    0.352803   clock uncertainty
                                 -0.013375    0.339428   clock reconvergence pessimism
                                 -0.044471    0.294957   library hold time
                                              0.294957   data required time
---------------------------------------------------------------------------------------------
                                              0.294957   data required time
                                             -0.480103   data arrival time
---------------------------------------------------------------------------------------------
                                              0.185146   slack (MET)


Startpoint: i_core.u_digital/_6672_
            (rising edge-triggered flip-flop clocked by SCLK)
Endpoint: i_core.u_digital/_6673_
          (rising edge-triggered flip-flop clocked by SCLK)
Path Group: SCLK
Path Type: min

Fanout         Cap        Slew       Delay        Time   Description
---------------------------------------------------------------------------------------------
                                  0.000000    0.000000   clock SCLK (rise edge)
                                  0.000000    0.000000   clock source latency
     2    0.071988    0.139350    0.000000    0.000000 ^ pad14_sclk/p2c (sg13g2_IOPadIn)
                                                         i_core.sclk_i (net)
                      0.109911    0.017011    0.017011 ^ i_core.u_digital/clkbuf_regs_0_sclk/A (sg13g2_buf_16)
     1    0.018506    0.022967    0.101253    0.118264 ^ i_core.u_digital/clkbuf_regs_0_sclk/X (sg13g2_buf_16)
                                                         i_core.u_digital/sclk_regs (net)
                      0.022976    0.000911    0.119175 ^ i_core.u_digital/clkbuf_0_sclk_regs/A (sg13g2_buf_16)
     8    0.146708    0.049452    0.079831    0.199006 ^ i_core.u_digital/clkbuf_0_sclk_regs/X (sg13g2_buf_16)
                                                         i_core.u_digital/clknet_0_sclk_regs (net)
                      0.055487    0.013087    0.212093 ^ i_core.u_digital/clkbuf_3_3__f_sclk_regs/A (sg13g2_buf_16)
     7    0.028533    0.022600    0.079081    0.291174 ^ i_core.u_digital/clkbuf_3_3__f_sclk_regs/X (sg13g2_buf_16)
                                                         i_core.u_digital/clknet_3_3__leaf_sclk_regs (net)
                      0.022611    0.000957    0.292130 ^ i_core.u_digital/_6672_/CLK (sg13g2_dfrbpq_1)
     4    0.016399    0.058410    0.193284    0.485415 v i_core.u_digital/_6672_/Q (sg13g2_dfrbpq_1)
                                                         i_core.u_digital/u_core.u_serial.shreg[1] (net)
                      0.058410    0.000075    0.485489 v i_core.u_digital/_6673_/D (sg13g2_dfrbpq_1)
                                              0.485489   data arrival time

                                  0.000000    0.000000   clock SCLK (rise edge)
                                  0.000000    0.000000   clock source latency
     2    0.077334    0.148414    0.000000    0.000000 ^ pad14_sclk/p2c (sg13g2_IOPadIn)
                                                         i_core.sclk_i (net)
                      0.117452    0.018711    0.018711 ^ i_core.u_digital/clkbuf_regs_0_sclk/A (sg13g2_buf_16)
     1    0.021179    0.023962    0.104153    0.122865 ^ i_core.u_digital/clkbuf_regs_0_sclk/X (sg13g2_buf_16)
                                                         i_core.u_digital/sclk_regs (net)
                      0.023974    0.001053    0.123918 ^ i_core.u_digital/clkbuf_0_sclk_regs/A (sg13g2_buf_16)
     8    0.168090    0.055137    0.083066    0.206984 ^ i_core.u_digital/clkbuf_0_sclk_regs/X (sg13g2_buf_16)
                                                         i_core.u_digital/clknet_0_sclk_regs (net)
                      0.062216    0.014949    0.221933 ^ i_core.u_digital/clkbuf_3_3__f_sclk_regs/A (sg13g2_buf_16)
     7    0.031907    0.023667    0.082970    0.304902 ^ i_core.u_digital/clkbuf_3_3__f_sclk_regs/X (sg13g2_buf_16)
                                                         i_core.u_digital/clknet_3_3__leaf_sclk_regs (net)
                      0.023684    0.001250    0.306152 ^ i_core.u_digital/_6673_/CLK (sg13g2_dfrbpq_1)
                                  0.050000    0.356152   clock uncertainty
                                 -0.013729    0.342423   clock reconvergence pessimism
                                 -0.045789    0.296634   library hold time
                                              0.296634   data required time
---------------------------------------------------------------------------------------------
                                              0.296634   data required time
                                             -0.485489   data arrival time
---------------------------------------------------------------------------------------------
                                              0.188855   slack (MET)


Startpoint: i_core.u_digital/_6671_
            (rising edge-triggered flip-flop clocked by SCLK)
Endpoint: i_core.u_digital/_6672_
          (rising edge-triggered flip-flop clocked by SCLK)
Path Group: SCLK
Path Type: min

Fanout         Cap        Slew       Delay        Time   Description
---------------------------------------------------------------------------------------------
                                  0.000000    0.000000   clock SCLK (rise edge)
                                  0.000000    0.000000   clock source latency
     2    0.071988    0.139350    0.000000    0.000000 ^ pad14_sclk/p2c (sg13g2_IOPadIn)
                                                         i_core.sclk_i (net)
                      0.109911    0.017011    0.017011 ^ i_core.u_digital/clkbuf_regs_0_sclk/A (sg13g2_buf_16)
     1    0.018506    0.022967    0.101253    0.118264 ^ i_core.u_digital/clkbuf_regs_0_sclk/X (sg13g2_buf_16)
                                                         i_core.u_digital/sclk_regs (net)
                      0.022976    0.000911    0.119175 ^ i_core.u_digital/clkbuf_0_sclk_regs/A (sg13g2_buf_16)
     8    0.146708    0.049452    0.079831    0.199006 ^ i_core.u_digital/clkbuf_0_sclk_regs/X (sg13g2_buf_16)
                                                         i_core.u_digital/clknet_0_sclk_regs (net)
                      0.056181    0.013863    0.212868 ^ i_core.u_digital/clkbuf_3_0__f_sclk_regs/A (sg13g2_buf_16)
     8    0.030690    0.023118    0.079730    0.292598 ^ i_core.u_digital/clkbuf_3_0__f_sclk_regs/X (sg13g2_buf_16)
                                                         i_core.u_digital/clknet_3_0__leaf_sclk_regs (net)
                      0.023145    0.001474    0.294072 ^ i_core.u_digital/_6671_/CLK (sg13g2_dfrbpq_1)
     4    0.018766    0.065638    0.198958    0.493031 v i_core.u_digital/_6671_/Q (sg13g2_dfrbpq_1)
                                                         i_core.u_digital/u_core.u_serial.shreg[0] (net)
                      0.065660    0.001131    0.494162 v i_core.u_digital/_6672_/D (sg13g2_dfrbpq_1)
                                              0.494162   data arrival time

                                  0.000000    0.000000   clock SCLK (rise edge)
                                  0.000000    0.000000   clock source latency
     2    0.077334    0.148414    0.000000    0.000000 ^ pad14_sclk/p2c (sg13g2_IOPadIn)
                                                         i_core.sclk_i (net)
                      0.117452    0.018711    0.018711 ^ i_core.u_digital/clkbuf_regs_0_sclk/A (sg13g2_buf_16)
     1    0.021179    0.023962    0.104153    0.122865 ^ i_core.u_digital/clkbuf_regs_0_sclk/X (sg13g2_buf_16)
                                                         i_core.u_digital/sclk_regs (net)
                      0.023974    0.001053    0.123918 ^ i_core.u_digital/clkbuf_0_sclk_regs/A (sg13g2_buf_16)
     8    0.168090    0.055137    0.083066    0.206984 ^ i_core.u_digital/clkbuf_0_sclk_regs/X (sg13g2_buf_16)
                                                         i_core.u_digital/clknet_0_sclk_regs (net)
                      0.062216    0.014949    0.221933 ^ i_core.u_digital/clkbuf_3_3__f_sclk_regs/A (sg13g2_buf_16)
     7    0.031907    0.023667    0.082970    0.304902 ^ i_core.u_digital/clkbuf_3_3__f_sclk_regs/X (sg13g2_buf_16)
                                                         i_core.u_digital/clknet_3_3__leaf_sclk_regs (net)
                      0.023680    0.001071    0.305973 ^ i_core.u_digital/_6672_/CLK (sg13g2_dfrbpq_1)
                                  0.050000    0.355973   clock uncertainty
                                 -0.007978    0.347996   clock reconvergence pessimism
                                 -0.048088    0.299908   library hold time
                                              0.299908   data required time
---------------------------------------------------------------------------------------------
                                              0.299908   data required time
                                             -0.494162   data arrival time
---------------------------------------------------------------------------------------------
                                              0.194254   slack (MET)


Startpoint: i_core.u_digital/_6676_
            (rising edge-triggered flip-flop clocked by SCLK)
Endpoint: i_core.u_digital/_6677_
          (rising edge-triggered flip-flop clocked by SCLK)
Path Group: SCLK
Path Type: min

Fanout         Cap        Slew       Delay        Time   Description
---------------------------------------------------------------------------------------------
                                  0.000000    0.000000   clock SCLK (rise edge)
                                  0.000000    0.000000   clock source latency
     2    0.071988    0.139350    0.000000    0.000000 ^ pad14_sclk/p2c (sg13g2_IOPadIn)
                                                         i_core.sclk_i (net)
                      0.109911    0.017011    0.017011 ^ i_core.u_digital/clkbuf_regs_0_sclk/A (sg13g2_buf_16)
     1    0.018506    0.022967    0.101253    0.118264 ^ i_core.u_digital/clkbuf_regs_0_sclk/X (sg13g2_buf_16)
                                                         i_core.u_digital/sclk_regs (net)
                      0.022976    0.000911    0.119175 ^ i_core.u_digital/clkbuf_0_sclk_regs/A (sg13g2_buf_16)
     8    0.146708    0.049452    0.079831    0.199006 ^ i_core.u_digital/clkbuf_0_sclk_regs/X (sg13g2_buf_16)
                                                         i_core.u_digital/clknet_0_sclk_regs (net)
                      0.053757    0.010974    0.209980 ^ i_core.u_digital/clkbuf_3_4__f_sclk_regs/A (sg13g2_buf_16)
     8    0.028423    0.022490    0.078268    0.288248 ^ i_core.u_digital/clkbuf_3_4__f_sclk_regs/X (sg13g2_buf_16)
                                                         i_core.u_digital/clknet_3_4__leaf_sclk_regs (net)
                      0.022502    0.001044    0.289293 ^ i_core.u_digital/_6676_/CLK (sg13g2_dfrbpq_1)
     4    0.018090    0.063337    0.197000    0.486293 v i_core.u_digital/_6676_/Q (sg13g2_dfrbpq_1)
                                                         i_core.u_digital/u_core.u_serial.shreg[5] (net)
                      0.063375    0.001400    0.487693 v i_core.u_digital/_6677_/D (sg13g2_dfrbpq_1)
                                              0.487693   data arrival time

                                  0.000000    0.000000   clock SCLK (rise edge)
                                  0.000000    0.000000   clock source latency
     2    0.077334    0.148414    0.000000    0.000000 ^ pad14_sclk/p2c (sg13g2_IOPadIn)
                                                         i_core.sclk_i (net)
                      0.117452    0.018711    0.018711 ^ i_core.u_digital/clkbuf_regs_0_sclk/A (sg13g2_buf_16)
     1    0.021179    0.023962    0.104153    0.122865 ^ i_core.u_digital/clkbuf_regs_0_sclk/X (sg13g2_buf_16)
                                                         i_core.u_digital/sclk_regs (net)
                      0.023974    0.001053    0.123918 ^ i_core.u_digital/clkbuf_0_sclk_regs/A (sg13g2_buf_16)
     8    0.168090    0.055137    0.083066    0.206984 ^ i_core.u_digital/clkbuf_0_sclk_regs/X (sg13g2_buf_16)
                                                         i_core.u_digital/clknet_0_sclk_regs (net)
                      0.060159    0.012545    0.219529 ^ i_core.u_digital/clkbuf_3_4__f_sclk_regs/A (sg13g2_buf_16)
     8    0.032244    0.023640    0.082095    0.301623 ^ i_core.u_digital/clkbuf_3_4__f_sclk_regs/X (sg13g2_buf_16)
                                                         i_core.u_digital/clknet_3_4__leaf_sclk_regs (net)
                      0.023643    0.000465    0.302088 ^ i_core.u_digital/_6677_/CLK (sg13g2_dfrbpq_1)
                                  0.050000    0.352088   clock uncertainty
                                 -0.013375    0.338713   clock reconvergence pessimism
                                 -0.047371    0.291342   library hold time
                                              0.291342   data required time
---------------------------------------------------------------------------------------------
                                              0.291342   data required time
                                             -0.487693   data arrival time
---------------------------------------------------------------------------------------------
                                              0.196351   slack (MET)


Startpoint: i_core.u_digital/_6688_
            (rising edge-triggered flip-flop clocked by osc_clk)
Endpoint: i_core.u_digital/_6667_
          (rising edge-triggered flip-flop clocked by osc_clk)
Path Group: osc_clk
Path Type: min

Fanout         Cap        Slew       Delay        Time   Description
---------------------------------------------------------------------------------------------
                                  0.000000    0.000000   clock osc_clk (rise edge)
                                  0.000000    0.000000   clock source latency
                      0.300000    0.000000    0.000000 ^ i_core.u_digital/clkbuf_0_osc_clk/A (sg13g2_buf_16)
    16    0.252930    0.082308    0.178932    0.178932 ^ i_core.u_digital/clkbuf_0_osc_clk/X (sg13g2_buf_16)
                                                         i_core.u_digital/clknet_0_osc_clk (net)
                      0.099391    0.026209    0.205141 ^ i_core.u_digital/clkbuf_4_7_0_osc_clk/A (sg13g2_buf_8)
     5    0.057887    0.043303    0.114548    0.319689 ^ i_core.u_digital/clkbuf_4_7_0_osc_clk/X (sg13g2_buf_8)
                                                         i_core.u_digital/clknet_4_7_0_osc_clk (net)
                      0.045932    0.008198    0.327887 ^ i_core.u_digital/clkbuf_leaf_25_osc_clk/A (sg13g2_buf_8)
    11    0.064611    0.044779    0.092900    0.420787 ^ i_core.u_digital/clkbuf_leaf_25_osc_clk/X (sg13g2_buf_8)
                                                         i_core.u_digital/clknet_leaf_25_osc_clk (net)
                      0.044940    0.002106    0.422894 ^ i_core.u_digital/_6688_/CLK (sg13g2_dfrbpq_1)
     2    0.007249    0.031333    0.182027    0.604921 v i_core.u_digital/_6688_/Q (sg13g2_dfrbpq_1)
                                                         i_core.u_digital/u_core.u_serial.u_sync_rd.q[0] (net)
                      0.031364    0.000457    0.605378 v i_core.u_digital/_3264_/B (sg13g2_xor2_1)
     1    0.002084    0.024930    0.048528    0.653906 v i_core.u_digital/_3264_/X (sg13g2_xor2_1)
                                                         i_core.u_digital/_0006_ (net)
                      0.024931    0.000144    0.654050 v i_core.u_digital/_6667_/D (sg13g2_dfrbpq_1)
                                              0.654050   data arrival time

