# first 300 lines of sta_nom_fast_1p32V_m40C_min.rpt (worst hold paths first); the full 120927-line report stays in flow/runs/<tag>/*-openroad-stapostpnr/<corner>/min.rpt

===========================================================================
report_checks -path_delay min (Hold)
============================================================================
======================= nom_fast_1p32V_m40C Corner ===================================

Startpoint: i_core.u_digital/_6673_
            (rising edge-triggered flip-flop clocked by SCLK)
Endpoint: i_core.u_digital/_6674_
          (rising edge-triggered flip-flop clocked by SCLK)
Path Group: SCLK
Path Type: min

Fanout         Cap        Slew       Delay        Time   Description
---------------------------------------------------------------------------------------------
                                  0.000000    0.000000   clock SCLK (rise edge)
                                  0.000000    0.000000   clock source latency
     2    0.073947    0.095181    0.000000    0.000000 ^ pad14_sclk/p2c (sg13g2_IOPadIn)
                                                         i_core.sclk_i (net)
                      0.079729    0.017098    0.017098 ^ i_core.u_digital/clkbuf_regs_0_sclk/A (sg13g2_buf_16)
     1    0.019485    0.016231    0.066117    0.083215 ^ i_core.u_digital/clkbuf_regs_0_sclk/X (sg13g2_buf_16)
                                                         i_core.u_digital/sclk_regs (net)
                      0.016246    0.000963    0.084178 ^ i_core.u_digital/clkbuf_0_sclk_regs/A (sg13g2_buf_16)
     8    0.154541    0.033469    0.052900    0.137078 ^ i_core.u_digital/clkbuf_0_sclk_regs/X (sg13g2_buf_16)
                                                         i_core.u_digital/clknet_0_sclk_regs (net)
                      0.042787    0.013207    0.150285 ^ i_core.u_digital/clkbuf_3_3__f_sclk_regs/A (sg13g2_buf_16)
     7    0.029748    0.015920    0.053648    0.203933 ^ i_core.u_digital/clkbuf_3_3__f_sclk_regs/X (sg13g2_buf_16)
                                                         i_core.u_digital/clknet_3_3__leaf_sclk_regs (net)
                      0.015945    0.001162    0.205095 ^ i_core.u_digital/_6673_/CLK (sg13g2_dfrbpq_1)
     4    0.015728    0.038550    0.128529    0.333624 v i_core.u_digital/_6673_/Q (sg13g2_dfrbpq_1)
                                                         i_core.u_digital/u_core.u_serial.shreg[2] (net)
                      0.038564    0.000703    0.334327 v i_core.u_digital/_6674_/D (sg13g2_dfrbpq_1)
                                              0.334327   data arrival time

                                  0.000000    0.000000   clock SCLK (rise edge)
                                  0.000000    0.000000   clock source latency
     2    0.080459    0.102398    0.000000    0.000000 ^ pad14_sclk/p2c (sg13g2_IOPadIn)
                                                         i_core.sclk_i (net)
                      0.086459    0.019037    0.019037 ^ i_core.u_digital/clkbuf_regs_0_sclk/A (sg13g2_buf_16)
     1    0.022742    0.017040    0.069022    0.088058 ^ i_core.u_digital/clkbuf_regs_0_sclk/X (sg13g2_buf_16)
                                                         i_core.u_digital/sclk_regs (net)
                      0.017061    0.001135    0.089194 ^ i_core.u_digital/clkbuf_0_sclk_regs/A (sg13g2_buf_16)
     8    0.180590    0.037763    0.054833    0.144026 ^ i_core.u_digital/clkbuf_0_sclk_regs/X (sg13g2_buf_16)
                                                         i_core.u_digital/clknet_0_sclk_regs (net)
                      0.048990    0.015515    0.159542 ^ i_core.u_digital/clkbuf_3_3__f_sclk_regs/A (sg13g2_buf_16)
     7    0.033763    0.016800    0.056442    0.215984 ^ i_core.u_digital/clkbuf_3_3__f_sclk_regs/X (sg13g2_buf_16)
                                                         i_core.u_digital/clknet_3_3__leaf_sclk_regs (net)
                      0.016829    0.001282    0.217267 ^ i_core.u_digital/_6674_/CLK (sg13g2_dfrbpq_1)
                                  0.050000    0.267267   clock uncertainty
                                 -0.012051    0.255215   clock reconvergence pessimism
                                 -0.026901    0.228315   library hold time
                                              0.228315   data required time
---------------------------------------------------------------------------------------------
                                              0.228315   data required time
                                             -0.334327   data arrival time
---------------------------------------------------------------------------------------------
                                              0.106013   slack (MET)


Startpoint: i_core.u_digital/_6675_
            (rising edge-triggered flip-flop clocked by SCLK)
Endpoint: i_core.u_digital/_6676_
          (rising edge-triggered flip-flop clocked by SCLK)
Path Group: SCLK
Path Type: min

Fanout         Cap        Slew       Delay        Time   Description
---------------------------------------------------------------------------------------------
                                  0.000000    0.000000   clock SCLK (rise edge)
                                  0.000000    0.000000   clock source latency
     2    0.073947    0.095181    0.000000    0.000000 ^ pad14_sclk/p2c (sg13g2_IOPadIn)
                                                         i_core.sclk_i (net)
                      0.079729    0.017098    0.017098 ^ i_core.u_digital/clkbuf_regs_0_sclk/A (sg13g2_buf_16)
     1    0.019485    0.016231    0.066117    0.083215 ^ i_core.u_digital/clkbuf_regs_0_sclk/X (sg13g2_buf_16)
                                                         i_core.u_digital/sclk_regs (net)
                      0.016246    0.000963    0.084178 ^ i_core.u_digital/clkbuf_0_sclk_regs/A (sg13g2_buf_16)
     8    0.154541    0.033469    0.052900    0.137078 ^ i_core.u_digital/clkbuf_0_sclk_regs/X (sg13g2_buf_16)
                                                         i_core.u_digital/clknet_0_sclk_regs (net)
                      0.040362    0.011103    0.148181 ^ i_core.u_digital/clkbuf_3_4__f_sclk_regs/A (sg13g2_buf_16)
     8    0.029804    0.015809    0.052799    0.200980 ^ i_core.u_digital/clkbuf_3_4__f_sclk_regs/X (sg13g2_buf_16)
                                                         i_core.u_digital/clknet_3_4__leaf_sclk_regs (net)
                      0.015828    0.001044    0.202024 ^ i_core.u_digital/_6675_/CLK (sg13g2_dfrbpq_1)
     4    0.015612    0.038299    0.128393    0.330417 v i_core.u_digital/_6675_/Q (sg13g2_dfrbpq_1)
                                                         i_core.u_digital/u_core.u_serial.shreg[4] (net)
                      0.038344    0.001173    0.331590 v i_core.u_digital/_6676_/D (sg13g2_dfrbpq_1)
                                              0.331590   data arrival time

                                  0.000000    0.000000   clock SCLK (rise edge)
                                  0.000000    0.000000   clock source latency
     2    0.080459    0.102398    0.000000    0.000000 ^ pad14_sclk/p2c (sg13g2_IOPadIn)
                                                         i_core.sclk_i (net)
                      0.086459    0.019037    0.019037 ^ i_core.u_digital/clkbuf_regs_0_sclk/A (sg13g2_buf_16)
     1    0.022742    0.017040    0.069022    0.088058 ^ i_core.u_digital/clkbuf_regs_0_sclk/X (sg13g2_buf_16)
                                                         i_core.u_digital/sclk_regs (net)
                      0.017061    0.001135    0.089194 ^ i_core.u_digital/clkbuf_0_sclk_regs/A (sg13g2_buf_16)
     8    0.180590    0.037763    0.054833    0.144026 ^ i_core.u_digital/clkbuf_0_sclk_regs/X (sg13g2_buf_16)
                                                         i_core.u_digital/clknet_0_sclk_regs (net)
                      0.046044    0.012954    0.156980 ^ i_core.u_digital/clkbuf_3_4__f_sclk_regs/A (sg13g2_buf_16)
     8    0.034363    0.016742    0.055479    0.212459 ^ i_core.u_digital/clkbuf_3_4__f_sclk_regs/X (sg13g2_buf_16)
                                                         i_core.u_digital/clknet_3_4__leaf_sclk_regs (net)
                      0.016768    0.001257    0.213716 ^ i_core.u_digital/_6676_/CLK (sg13g2_dfrbpq_1)
                                  0.050000    0.263716   clock uncertainty
                                 -0.011479    0.252237   clock reconvergence pessimism
                                 -0.026859    0.225377   library hold time
                                              0.225377   data required time
---------------------------------------------------------------------------------------------
                                              0.225377   data required time
                                             -0.331590   data arrival time
---------------------------------------------------------------------------------------------
                                              0.106212   slack (MET)


Startpoint: i_core.u_digital/_6672_
            (rising edge-triggered flip-flop clocked by SCLK)
Endpoint: i_core.u_digital/_6673_
          (rising edge-triggered flip-flop clocked by SCLK)
Path Group: SCLK
Path Type: min

Fanout         Cap        Slew       Delay        Time   Description
---------------------------------------------------------------------------------------------
                                  0.000000    0.000000   clock SCLK (rise edge)
                                  0.000000    0.000000   clock source latency
     2    0.073947    0.095181    0.000000    0.000000 ^ pad14_sclk/p2c (sg13g2_IOPadIn)
                                                         i_core.sclk_i (net)
                      0.079729    0.017098    0.017098 ^ i_core.u_digital/clkbuf_regs_0_sclk/A (sg13g2_buf_16)
     1    0.019485    0.016231    0.066117    0.083215 ^ i_core.u_digital/clkbuf_regs_0_sclk/X (sg13g2_buf_16)
                                                         i_core.u_digital/sclk_regs (net)
                      0.016246    0.000963    0.084178 ^ i_core.u_digital/clkbuf_0_sclk_regs/A (sg13g2_buf_16)
     8    0.154541    0.033469    0.052900    0.137078 ^ i_core.u_digital/clkbuf_0_sclk_regs/X (sg13g2_buf_16)
                                                         i_core.u_digital/clknet_0_sclk_regs (net)
                      0.042787    0.013207    0.150285 ^ i_core.u_digital/clkbuf_3_3__f_sclk_regs/A (sg13g2_buf_16)
     7    0.029748    0.015920    0.053648    0.203933 ^ i_core.u_digital/clkbuf_3_3__f_sclk_regs/X (sg13g2_buf_16)
                                                         i_core.u_digital/clknet_3_3__leaf_sclk_regs (net)
                      0.015938    0.000997    0.204930 ^ i_core.u_digital/_6672_/CLK (sg13g2_dfrbpq_1)
     4    0.016976    0.041192    0.130901    0.335832 v i_core.u_digital/_6672_/Q (sg13g2_dfrbpq_1)
                                                         i_core.u_digital/u_core.u_serial.shreg[1] (net)
                      0.041192    0.000078    0.335910 v i_core.u_digital/_6673_/D (sg13g2_dfrbpq_1)
                                              0.335910   data arrival time

                                  0.000000    0.000000   clock SCLK (rise edge)
                                  0.000000    0.000000   clock source latency
     2    0.080459    0.102398    0.000000    0.000000 ^ pad14_sclk/p2c (sg13g2_IOPadIn)
                                                         i_core.sclk_i (net)
                      0.086459    0.019037    0.019037 ^ i_core.u_digital/clkbuf_regs_0_sclk/A (sg13g2_buf_16)
     1    0.022742    0.017040    0.069022    0.088058 ^ i_core.u_digital/clkbuf_regs_0_sclk/X (sg13g2_buf_16)
                                                         i_core.u_digital/sclk_regs (net)
                      0.017061    0.001135    0.089194 ^ i_core.u_digital/clkbuf_0_sclk_regs/A (sg13g2_buf_16)
     8    0.180590    0.037763    0.054833    0.144026 ^ i_core.u_digital/clkbuf_0_sclk_regs/X (sg13g2_buf_16)
                                                         i_core.u_digital/clknet_0_sclk_regs (net)
                      0.048990    0.015515    0.159542 ^ i_core.u_digital/clkbuf_3_3__f_sclk_regs/A (sg13g2_buf_16)
     7    0.033763    0.016800    0.056442    0.215984 ^ i_core.u_digital/clkbuf_3_3__f_sclk_regs/X (sg13g2_buf_16)
                                                         i_core.u_digital/clknet_3_3__leaf_sclk_regs (net)
                      0.016831    0.001325    0.217309 ^ i_core.u_digital/_6673_/CLK (sg13g2_dfrbpq_1)
                                  0.050000    0.267309   clock uncertainty
                                 -0.012051    0.255258   clock reconvergence pessimism
                                 -0.027507    0.227751   library hold time
                                              0.227751   data required time
---------------------------------------------------------------------------------------------
                                              0.227751   data required time
                                             -0.335910   data arrival time
---------------------------------------------------------------------------------------------
                                              0.108159   slack (MET)


Startpoint: i_core.u_digital/_6671_
            (rising edge-triggered flip-flop clocked by SCLK)
Endpoint: i_core.u_digital/_6672_
          (rising edge-triggered flip-flop clocked by SCLK)
Path Group: SCLK
Path Type: min

Fanout         Cap        Slew       Delay        Time   Description
---------------------------------------------------------------------------------------------
                                  0.000000    0.000000   clock SCLK (rise edge)
                                  0.000000    0.000000   clock source latency
     2    0.073947    0.095181    0.000000    0.000000 ^ pad14_sclk/p2c (sg13g2_IOPadIn)
                                                         i_core.sclk_i (net)
                      0.079729    0.017098    0.017098 ^ i_core.u_digital/clkbuf_regs_0_sclk/A (sg13g2_buf_16)
     1    0.019485    0.016231    0.066117    0.083215 ^ i_core.u_digital/clkbuf_regs_0_sclk/X (sg13g2_buf_16)
                                                         i_core.u_digital/sclk_regs (net)
                      0.016246    0.000963    0.084178 ^ i_core.u_digital/clkbuf_0_sclk_regs/A (sg13g2_buf_16)
     8    0.154541    0.033469    0.052900    0.137078 ^ i_core.u_digital/clkbuf_0_sclk_regs/X (sg13g2_buf_16)
                                                         i_core.u_digital/clknet_0_sclk_regs (net)
                      0.043730    0.014013    0.151091 ^ i_core.u_digital/clkbuf_3_0__f_sclk_regs/A (sg13g2_buf_16)
     8    0.032072    0.016307    0.054185    0.205276 ^ i_core.u_digital/clkbuf_3_0__f_sclk_regs/X (sg13g2_buf_16)
                                                         i_core.u_digital/clknet_3_0__leaf_sclk_regs (net)
                      0.016354    0.001538    0.206813 ^ i_core.u_digital/_6671_/CLK (sg13g2_dfrbpq_1)
     4    0.019342    0.045909    0.134621    0.341434 v i_core.u_digital/_6671_/Q (sg13g2_dfrbpq_1)
                                                         i_core.u_digital/u_core.u_serial.shreg[0] (net)
                      0.045945    0.001167    0.342602 v i_core.u_digital/_6672_/D (sg13g2_dfrbpq_1)
                                              0.342602   data arrival time

                                  0.000000    0.000000   clock SCLK (rise edge)
                                  0.000000    0.000000   clock source latency
     2    0.080459    0.102398    0.000000    0.000000 ^ pad14_sclk/p2c (sg13g2_IOPadIn)
                                                         i_core.sclk_i (net)
                      0.086459    0.019037    0.019037 ^ i_core.u_digital/clkbuf_regs_0_sclk/A (sg13g2_buf_16)
     1    0.022742    0.017040    0.069022    0.088058 ^ i_core.u_digital/clkbuf_regs_0_sclk/X (sg13g2_buf_16)
                                                         i_core.u_digital/sclk_regs (net)
                      0.017061    0.001135    0.089194 ^ i_core.u_digital/clkbuf_0_sclk_regs/A (sg13g2_buf_16)
     8    0.180590    0.037763    0.054833    0.144026 ^ i_core.u_digital/clkbuf_0_sclk_regs/X (sg13g2_buf_16)
                                                         i_core.u_digital/clknet_0_sclk_regs (net)
                      0.048990    0.015515    0.159542 ^ i_core.u_digital/clkbuf_3_3__f_sclk_regs/A (sg13g2_buf_16)
     7    0.033763    0.016800    0.056442    0.215984 ^ i_core.u_digital/clkbuf_3_3__f_sclk_regs/X (sg13g2_buf_16)
                                                         i_core.u_digital/clknet_3_3__leaf_sclk_regs (net)
                      0.016822    0.001134    0.217118 ^ i_core.u_digital/_6672_/CLK (sg13g2_dfrbpq_1)
                                  0.050000    0.267118   clock uncertainty
                                 -0.006949    0.260170   clock reconvergence pessimism
                                 -0.028607    0.231563   library hold time
                                              0.231563   data required time
---------------------------------------------------------------------------------------------
                                              0.231563   data required time
                                             -0.342602   data arrival time
---------------------------------------------------------------------------------------------
                                              0.111039   slack (MET)


Startpoint: i_core.u_digital/_6676_
            (rising edge-triggered flip-flop clocked by SCLK)
Endpoint: i_core.u_digital/_6677_
          (rising edge-triggered flip-flop clocked by SCLK)
Path Group: SCLK
Path Type: min

Fanout         Cap        Slew       Delay        Time   Description
---------------------------------------------------------------------------------------------
                                  0.000000    0.000000   clock SCLK (rise edge)
                                  0.000000    0.000000   clock source latency
     2    0.073947    0.095181    0.000000    0.000000 ^ pad14_sclk/p2c (sg13g2_IOPadIn)
                                                         i_core.sclk_i (net)
                      0.079729    0.017098    0.017098 ^ i_core.u_digital/clkbuf_regs_0_sclk/A (sg13g2_buf_16)
     1    0.019485    0.016231    0.066117    0.083215 ^ i_core.u_digital/clkbuf_regs_0_sclk/X (sg13g2_buf_16)
                                                         i_core.u_digital/sclk_regs (net)
                      0.016246    0.000963    0.084178 ^ i_core.u_digital/clkbuf_0_sclk_regs/A (sg13g2_buf_16)
     8    0.154541    0.033469    0.052900    0.137078 ^ i_core.u_digital/clkbuf_0_sclk_regs/X (sg13g2_buf_16)
                                                         i_core.u_digital/clknet_0_sclk_regs (net)
                      0.040362    0.011103    0.148181 ^ i_core.u_digital/clkbuf_3_4__f_sclk_regs/A (sg13g2_buf_16)
     8    0.029804    0.015809    0.052799    0.200980 ^ i_core.u_digital/clkbuf_3_4__f_sclk_regs/X (sg13g2_buf_16)
                                                         i_core.u_digital/clknet_3_4__leaf_sclk_regs (net)
                      0.015830    0.001094    0.202074 ^ i_core.u_digital/_6676_/CLK (sg13g2_dfrbpq_1)
     4    0.018666    0.044542    0.133249    0.335323 v i_core.u_digital/_6676_/Q (sg13g2_dfrbpq_1)
                                                         i_core.u_digital/u_core.u_serial.shreg[5] (net)
                      0.044602    0.001445    0.336768 v i_core.u_digital/_6677_/D (sg13g2_dfrbpq_1)
                                              0.336768   data arrival time

                                  0.000000    0.000000   clock SCLK (rise edge)
                                  0.000000    0.000000   clock source latency
     2    0.080459    0.102398    0.000000    0.000000 ^ pad14_sclk/p2c (sg13g2_IOPadIn)
                                                         i_core.sclk_i (net)
                      0.086459    0.019037    0.019037 ^ i_core.u_digital/clkbuf_regs_0_sclk/A (sg13g2_buf_16)
     1    0.022742    0.017040    0.069022    0.088058 ^ i_core.u_digital/clkbuf_regs_0_sclk/X (sg13g2_buf_16)
                                                         i_core.u_digital/sclk_regs (net)
                      0.017061    0.001135    0.089194 ^ i_core.u_digital/clkbuf_0_sclk_regs/A (sg13g2_buf_16)
     8    0.180590    0.037763    0.054833    0.144026 ^ i_core.u_digital/clkbuf_0_sclk_regs/X (sg13g2_buf_16)
                                                         i_core.u_digital/clknet_0_sclk_regs (net)
                      0.046044    0.012954    0.156980 ^ i_core.u_digital/clkbuf_3_4__f_sclk_regs/A (sg13g2_buf_16)
     8    0.034363    0.016742    0.055479    0.212459 ^ i_core.u_digital/clkbuf_3_4__f_sclk_regs/X (sg13g2_buf_16)
                                                         i_core.u_digital/clknet_3_4__leaf_sclk_regs (net)
                      0.016746    0.000498    0.212957 ^ i_core.u_digital/_6677_/CLK (sg13g2_dfrbpq_1)
                                  0.050000    0.262957   clock uncertainty
                                 -0.011479    0.251478   clock reconvergence pessimism
                                 -0.028309    0.223169   library hold time
                                              0.223169   data required time
---------------------------------------------------------------------------------------------
                                              0.223169   data required time
                                             -0.336768   data arrival time
---------------------------------------------------------------------------------------------
                                              0.113598   slack (MET)


Startpoint: i_core.u_digital/_5631_
            (rising edge-triggered flip-flop clocked by SCLK)
Endpoint: i_core.u_digital/_5638_
          (rising edge-triggered flip-flop clocked by SCLK)
Path Group: SCLK
Path Type: min

Fanout         Cap        Slew       Delay        Time   Description
---------------------------------------------------------------------------------------------
                                  0.000000    0.000000   clock SCLK (rise edge)
                                  0.000000    0.000000   clock source latency
     2    0.073947    0.095181    0.000000    0.000000 ^ pad14_sclk/p2c (sg13g2_IOPadIn)
                                                         i_core.sclk_i (net)
                      0.079729    0.017098    0.017098 ^ i_core.u_digital/clkbuf_regs_0_sclk/A (sg13g2_buf_16)
     1    0.019485    0.016231    0.066117    0.083215 ^ i_core.u_digital/clkbuf_regs_0_sclk/X (sg13g2_buf_16)
                                                         i_core.u_digital/sclk_regs (net)
                      0.016246    0.000963    0.084178 ^ i_core.u_digital/clkbuf_0_sclk_regs/A (sg13g2_buf_16)
     8    0.154541    0.033469    0.052900    0.137078 ^ i_core.u_digital/clkbuf_0_sclk_regs/X (sg13g2_buf_16)
                                                         i_core.u_digital/clknet_0_sclk_regs (net)
                      0.034157    0.003686    0.140764 ^ i_core.u_digital/clkbuf_3_1__f_sclk_regs/A (sg13g2_buf_16)
     7    0.026619    0.015041    0.050069    0.190833 ^ i_core.u_digital/clkbuf_3_1__f_sclk_regs/X (sg13g2_buf_16)
                                                         i_core.u_digital/clknet_3_1__leaf_sclk_regs (net)
                      0.015049    0.000653    0.191486 ^ i_core.u_digital/_5631_/CLK (sg13g2_dfrbpq_1)
     2    0.007111    0.021251    0.114578    0.306064 v i_core.u_digital/_5631_/Q (sg13g2_dfrbpq_1)
                                                         i_core.u_digital/u_core.u_serial.cmd_addr[4] (net)
                      0.021273    0.000402    0.306466 v i_core.u_digital/_4805_/A (sg13g2_nand2_1)
     1    0.004358    0.019105    0.023479    0.329945 ^ i_core.u_digital/_4805_/Y (sg13g2_nand2_1)
                                                         i_core.u_digital/_2121_ (net)
                      0.019106    0.000175    0.330119 ^ i_core.u_digital/_4806_/B1 (sg13g2_o21ai_1)
