Startpoint: _6690_ (rising edge-triggered flip-flop clocked by osc_clk)
Endpoint: _6261_ (removal check against rising-edge clock osc_clk)
Path Group: asynchronous
Path Type: min

Fanout       Cap      Slew     Delay      Time   Description
-------------------------------------------------------------------------------------
                              0.0000    0.0000   clock osc_clk (rise edge)
                              0.0000    0.0000   clock source latency
     1    0.0495    0.0000    0.0000    0.0000 ^ osc_clk (in)
     2    0.0313    0.0331    0.0955    0.0955 ^ clkbuf_0_osc_clk/X (sg13g2_buf_16)
     8    0.1501    0.0776    0.1340    0.2295 ^ clkbuf_fanout_split0_osc_clk_cell/X (sg13g2_buf_16)
     2    0.0378    0.0499    0.1539    0.3834 ^ clkbuf_4_15_0_osc_clk/X (sg13g2_buf_8)
     5    0.0612    0.0444    0.1206    0.5040 ^ clkbuf_5_30__f_osc_clk/X (sg13g2_buf_16)
     8    0.0304    0.0439    0.1203    0.6243 ^ clkbuf_leaf_79_osc_clk/X (sg13g2_buf_8)
                    0.0439    0.0006    0.6248 ^ _6690_/CLK (sg13g2_dfrbpq_1)
     1    0.0057    0.0524    0.2772    0.9021 ^ _6690_/Q (sg13g2_dfrbpq_1)
     6    0.0841    0.5350    0.4488    1.3509 ^ fanout333/X (sg13g2_buf_1)
     4    0.0264    0.1788    0.3703    1.7211 ^ fanout153/X (sg13g2_buf_1)
     4    0.0177    0.1254    0.2258    1.9469 ^ fanout127/X (sg13g2_buf_1)
                    0.1254    0.0010    1.9479 ^ _6261_/RESET_B (sg13g2_dfrbpq_1)
                                        1.9479   data arrival time

                              0.0000    0.0000   clock osc_clk (rise edge)
                              0.0000    0.0000   clock source latency
     1    0.0519    0.0000    0.0000    0.0000 ^ osc_clk (in)
     2    0.0360    0.0347    0.0978    0.0978 ^ clkbuf_0_osc_clk/X (sg13g2_buf_16)
     8    0.1588    0.0811    0.1374    0.2352 ^ clkbuf_fanout_split0_osc_clk_cell/X (sg13g2_buf_16)
     2    0.0426    0.0531    0.1530    0.3882 ^ clkbuf_4_0_0_osc_clk/X (sg13g2_buf_8)
     5    0.0710    0.0479    0.1269    0.5151 ^ clkbuf_5_0__f_osc_clk/X (sg13g2_buf_16)
     8    0.0292    0.0432    0.1193    0.6344 ^ clkbuf_leaf_157_osc_clk/X (sg13g2_buf_8)
                    0.0432    0.0014    0.6358 ^ _6261_/CLK (sg13g2_dfrbpq_1)
                              0.0500    0.6858   clock uncertainty
                             -0.0057    0.6801   clock reconvergence pessimism
                             -0.2034    0.4767   library removal time
                                        0.4767   data required time
-------------------------------------------------------------------------------------
                                        0.4767   data required time
                                       -1.9479   data arrival time
-------------------------------------------------------------------------------------
                                        1.4713   slack (MET)


Startpoint: _6688_ (rising edge-triggered flip-flop clocked by osc_clk)
Endpoint: _6667_ (rising edge-triggered flip-flop clocked by osc_clk)
Path Group: osc_clk
Path Type: min

Fanout       Cap      Slew     Delay      Time   Description
-------------------------------------------------------------------------------------
                              0.0000    0.0000   clock osc_clk (rise edge)
                              0.0000    0.0000   clock source latency
     1    0.0495    0.0000    0.0000    0.0000 ^ osc_clk (in)
     2    0.0313    0.0331    0.0955    0.0955 ^ clkbuf_0_osc_clk/X (sg13g2_buf_16)
     8    0.1501    0.0776    0.1340    0.2295 ^ clkbuf_fanout_split0_osc_clk_cell/X (sg13g2_buf_16)
     2    0.0350    0.0481    0.1483    0.3778 ^ clkbuf_4_11_0_osc_clk/X (sg13g2_buf_8)
     5    0.0555    0.0424    0.1174    0.4953 ^ clkbuf_5_22__f_osc_clk/X (sg13g2_buf_16)
     6    0.0296    0.0432    0.1176    0.6128 ^ clkbuf_leaf_50_osc_clk/X (sg13g2_buf_8)
                    0.0432    0.0012    0.6140 ^ _6688_/CLK (sg13g2_dfrbpq_1)
     2    0.0070    0.0502    0.2786    0.8927 v _6688_/Q (sg13g2_dfrbpq_1)
     1    0.0022    0.0402    0.0825    0.9752 v _3264_/X (sg13g2_xor2_1)
                    0.0402    0.0001    0.9753 v _6667_/D (sg13g2_dfrbpq_1)
                                        0.9753   data arrival time

                              0.0000    0.0000   clock osc_clk (rise edge)
                              0.0000    0.0000   clock source latency
     1    0.0519    0.0000    0.0000    0.0000 ^ osc_clk (in)
     2    0.0360    0.0347    0.0978    0.0978 ^ clkbuf_0_osc_clk/X (sg13g2_buf_16)
     8    0.1588    0.0811    0.1374    0.2352 ^ clkbuf_fanout_split0_osc_clk_cell/X (sg13g2_buf_16)
     2    0.0415    0.0526    0.1595    0.3948 ^ clkbuf_4_14_0_osc_clk/X (sg13g2_buf_8)
     5    0.0692    0.0470    0.1229    0.5177 ^ clkbuf_5_29__f_osc_clk/X (sg13g2_buf_16)
     3    0.0202    0.0371    0.1178    0.6354 ^ clkbuf_leaf_65_osc_clk/X (sg13g2_buf_8)
                    0.0371    0.0005    0.6359 ^ _6667_/CLK (sg13g2_dfrbpq_1)
                              0.0500    0.6859   clock uncertainty
                             -0.0057    0.6802   clock reconvergence pessimism
                             -0.0523    0.6279   library hold time
                                        0.6279   data required time
-------------------------------------------------------------------------------------
                                        0.6279   data required time
                                       -0.9753   data arrival time
-------------------------------------------------------------------------------------
                                        0.3474   slack (MET)


Startpoint: _6673_ (rising edge-triggered flip-flop clocked by sclk)
Endpoint: _6674_ (rising edge-triggered flip-flop clocked by sclk)
Path Group: sclk
Path Type: min

Fanout       Cap      Slew     Delay      Time   Description
-------------------------------------------------------------------------------------
                              0.0000    0.0000   clock sclk (rise edge)
                              0.0000    0.0000   clock source latency
     2    0.0397    0.0000    0.0000    0.0000 ^ sclk (in)
     1    0.0177    0.0279    0.0819    0.0819 ^ clkbuf_regs_0_sclk/X (sg13g2_buf_16)
     8    0.1399    0.0734    0.1276    0.2095 ^ clkbuf_0_sclk_regs/X (sg13g2_buf_16)
     7    0.0266    0.0335    0.1296    0.3391 ^ clkbuf_3_3__f_sclk_regs/X (sg13g2_buf_16)
                    0.0335    0.0007    0.3398 ^ _6673_/CLK (sg13g2_dfrbpq_1)
     4    0.0143    0.0854    0.3017    0.6415 v _6673_/Q (sg13g2_dfrbpq_1)
                    0.0855    0.0006    0.6422 v _6674_/D (sg13g2_dfrbpq_1)
                                        0.6422   data arrival time

                              0.0000    0.0000   clock sclk (rise edge)
                              0.0000    0.0000   clock source latency
     2    0.0443    0.0000    0.0000    0.0000 ^ sclk (in)
     1    0.0200    0.0288    0.0832    0.0832 ^ clkbuf_regs_0_sclk/X (sg13g2_buf_16)
     8    0.1585    0.0807    0.1331    0.2162 ^ clkbuf_0_sclk_regs/X (sg13g2_buf_16)
     7    0.0296    0.0348    0.1357    0.3520 ^ clkbuf_3_3__f_sclk_regs/X (sg13g2_buf_16)
                    0.0348    0.0013    0.3533 ^ _6674_/CLK (sg13g2_dfrbpq_1)
                              0.0500    0.4033   clock uncertainty
                             -0.0129    0.3904   clock reconvergence pessimism
                             -0.0711    0.3193   library hold time
                                        0.3193   data required time
-------------------------------------------------------------------------------------
                                        0.3193   data required time
                                       -0.6422   data arrival time
-------------------------------------------------------------------------------------
                                        0.3229   slack (MET)


