155. Printing statistics.

=== g1_digital ===

        +----------Local Count, excluding submodules.
        |        +-Local Area, excluding submodules.
        |        | 
     4036        - wires
     4054        - wire bits
     1388        - public wires
     1406        - public wire bits
       26        - ports
       44        - port bits
     4046 8.48E+04 cells
       49  622.339   sg13g2_a21o_1
      284 2.58E+03   sg13g2_a21oi_1
       68  987.034   sg13g2_a221oi_1
      131 1.42E+03   sg13g2_a22oi_1
       76  689.472   sg13g2_and2_1
       24  304.819   sg13g2_and3_1
       16  232.243   sg13g2_and4_1
        1    7.258   sg13g2_buf_1
     1200 5.88E+04   sg13g2_dfrbpq_1
      265 1.44E+03   sg13g2_inv_1
       90  1632.96   sg13g2_mux2_1
      321  2329.69   sg13g2_nand2_1
       79  716.688   sg13g2_nand2b_1
       79  716.688   sg13g2_nand3_1
        6   76.205   sg13g2_nand3b_1
       57  620.525   sg13g2_nand4_1
      541 3.93E+03   sg13g2_nor2_1
       55   498.96   sg13g2_nor2b_1
      131 1.19E+03   sg13g2_nor3_1
       49  533.434   sg13g2_nor4_1
      356 3.23E+03   sg13g2_o21ai_1
       29  263.088   sg13g2_or2_1
        9  114.307   sg13g2_or3_1
        6   87.091   sg13g2_or4_1
        1    7.258   sg13g2_tiehi
       87 1.26E+03   sg13g2_xnor2_1
       36  522.547   sg13g2_xor2_1

   Chip area for module '\g1_digital': 84796.475400
     of which used for sequential elements: 58786.560000 (69.33%)

