# Logfile created on 2026-09-18 20:15:22 +0200 by logger.rb/v1.5.3
2026-09-18 20:15:22 +0200: Memory Usage (804676K) : Starting running SG13G2 Klayout LVS runset on /work/designs/g1-guardian/blocks/g1_dut/layout/g1_dut.gds
2026-09-18 20:15:22 +0200: Memory Usage (804676K) : Ruby Version for klayout: 3.2.3
2026-09-18 20:15:22 +0200: Memory Usage (806980K) : Loading database to memory is complete.
2026-09-18 20:15:22 +0200: Memory Usage (806980K) : SG13G2 Klayout LVS runset output at: /work/designs/g1-guardian/blocks/g1_dut/reports/lvs/g1_dut.lvsdb
2026-09-18 20:15:22 +0200: Memory Usage (806980K) : Evaluate switches.
2026-09-18 20:15:22 +0200: Memory Usage (806980K) : Extracted netlist with net names: true
2026-09-18 20:15:22 +0200: Memory Usage (806980K) : Extracted netlist with comments in details: false
2026-09-18 20:15:22 +0200: Memory Usage (806980K) : Selected NET_ONLY option: false
2026-09-18 20:15:22 +0200: Memory Usage (806980K) : Selected LAYOUT_NETLIST option: (none)
2026-09-18 20:15:22 +0200: Memory Usage (806980K) : Selected IGNORE_TOP_PORTS_MISMATCH option: 
2026-09-18 20:15:22 +0200: Memory Usage (806980K) : Selected IMPLICIT_NETS option: (none)
2026-09-18 20:15:22 +0200: Memory Usage (806980K) : Selected TOP_LVL_PINS option: false
2026-09-18 20:15:22 +0200: Memory Usage (806980K) : Selected COMBINE DEVICES option: false
2026-09-18 20:15:22 +0200: Memory Usage (806980K) : Selected PURGE option: false
2026-09-18 20:15:22 +0200: Memory Usage (806980K) : Selected PURGE_NETS option: false
2026-09-18 20:15:22 +0200: Memory Usage (806980K) : Selected SIMPLIFY option: true
2026-09-18 20:15:22 +0200: Memory Usage (806980K) : Selected SERIES_RES option: true
2026-09-18 20:15:22 +0200: Memory Usage (806980K) : Selected PARALLEL_RES option: true
2026-09-18 20:15:22 +0200: Memory Usage (806980K) : Selected DISABLE_TAP_EXTRACTION option: false
2026-09-18 20:15:22 +0200: Memory Usage (806980K) : deep  mode is enabled.
2026-09-18 20:15:22 +0200: Memory Usage (807876K) : Netlist file: /work/designs/g1-guardian/blocks/g1_dut/schematic/g1_dut.cdl
2026-09-18 20:15:22 +0200: Memory Usage (807876K) : LVS extracted netlist at: /work/designs/g1-guardian/blocks/g1_dut/reports/lvs/g1_dut_extracted.cir
2026-09-18 20:15:22 +0200: Memory Usage (807876K) : Applying SRAM integration support.
2026-09-18 20:15:22 +0200: Memory Usage (807876K) : Starting SG13G2 LVS runset
2026-09-18 20:15:22 +0200: Memory Usage (807876K) : Read in polygons from layers.
2026-09-18 20:15:22 +0200: Memory Usage (810820K) : activ_drw has 5 polygons
2026-09-18 20:15:22 +0200: Memory Usage (810820K) : activ_filler has 0 polygons
2026-09-18 20:15:22 +0200: Memory Usage (811204K) : activ has 5 polygons
2026-09-18 20:15:22 +0200: Memory Usage (811204K) : activ_pin has 0 polygons
2026-09-18 20:15:22 +0200: Memory Usage (811204K) : activ_mask has 1 polygons
2026-09-18 20:15:22 +0200: Memory Usage (811204K) : activ_nofill has 0 polygons
2026-09-18 20:15:22 +0200: Memory Usage (811204K) : activ_OPC has 0 polygons
2026-09-18 20:15:22 +0200: Memory Usage (811204K) : activ_iOPC has 0 polygons
2026-09-18 20:15:22 +0200: Memory Usage (811204K) : activ_noqrc has 0 polygons
2026-09-18 20:15:22 +0200: Memory Usage (811204K) : biwind_drw has 0 polygons
2026-09-18 20:15:22 +0200: Memory Usage (811204K) : biwind_OPC has 0 polygons
2026-09-18 20:15:22 +0200: Memory Usage (811204K) : gatpoly_drw has 0 polygons
2026-09-18 20:15:22 +0200: Memory Usage (811204K) : gatpoly_filler has 0 polygons
2026-09-18 20:15:22 +0200: Memory Usage (811204K) : gatpoly has 0 polygons
2026-09-18 20:15:22 +0200: Memory Usage (811204K) : gatpoly_pin has 0 polygons
2026-09-18 20:15:22 +0200: Memory Usage (811204K) : gatpoly_nofill has 0 polygons
2026-09-18 20:15:22 +0200: Memory Usage (811204K) : gatpoly_OPC has 0 polygons
2026-09-18 20:15:22 +0200: Memory Usage (811204K) : gatpoly_iOPC has 0 polygons
2026-09-18 20:15:22 +0200: Memory Usage (811204K) : gatpoly_noqrc has 0 polygons
2026-09-18 20:15:22 +0200: Memory Usage (811204K) : cont_drw has 68 polygons
2026-09-18 20:15:22 +0200: Memory Usage (811460K) : cont_OPC has 0 polygons
2026-09-18 20:15:22 +0200: Memory Usage (811460K) : nsd_drw has 0 polygons
2026-09-18 20:15:22 +0200: Memory Usage (811460K) : nsd_block has 1 polygons
2026-09-18 20:15:22 +0200: Memory Usage (811588K) : metal1_drw has 9 polygons
2026-09-18 20:15:22 +0200: Memory Usage (811588K) : metal1_filler has 0 polygons
2026-09-18 20:15:22 +0200: Memory Usage (811588K) : metal1_slit has 0 polygons
2026-09-18 20:15:22 +0200: Memory Usage (811588K) : metal1 has 9 polygons
2026-09-18 20:15:22 +0200: Memory Usage (811716K) : metal1_pin has 3 polygons
2026-09-18 20:15:22 +0200: Memory Usage (811716K) : metal1_mask has 0 polygons
2026-09-18 20:15:22 +0200: Memory Usage (811844K) : metal1_nofill has 0 polygons
2026-09-18 20:15:22 +0200: Memory Usage (812228K) : metal1_text has 1 polygons
2026-09-18 20:15:22 +0200: Memory Usage (812356K) : metal1_OPC has 0 polygons
2026-09-18 20:15:22 +0200: Memory Usage (812356K) : metal1_noqrc has 0 polygons
2026-09-18 20:15:22 +0200: Memory Usage (812484K) : metal1_res has 0 polygons
2026-09-18 20:15:22 +0200: Memory Usage (812484K) : metal1_iprobe has 0 polygons
2026-09-18 20:15:22 +0200: Memory Usage (812612K) : metal1_diffprb has 0 polygons
2026-09-18 20:15:22 +0200: Memory Usage (812612K) : passiv_drw has 0 polygons
2026-09-18 20:15:22 +0200: Memory Usage (812740K) : passiv_pin has 0 polygons
2026-09-18 20:15:22 +0200: Memory Usage (812740K) : passiv_sbump has 0 polygons
2026-09-18 20:15:22 +0200: Memory Usage (812868K) : passiv_pillar has 0 polygons
2026-09-18 20:15:22 +0200: Memory Usage (812868K) : passiv_pdl has 0 polygons
2026-09-18 20:15:22 +0200: Memory Usage (812996K) : metal2_drw has 9 polygons
2026-09-18 20:15:22 +0200: Memory Usage (812996K) : metal2_filler has 0 polygons
2026-09-18 20:15:22 +0200: Memory Usage (813124K) : metal2_slit has 0 polygons
2026-09-18 20:15:22 +0200: Memory Usage (813252K) : metal2 has 9 polygons
2026-09-18 20:15:22 +0200: Memory Usage (813380K) : metal2_pin has 4 polygons
2026-09-18 20:15:22 +0200: Memory Usage (813380K) : metal2_mask has 0 polygons
2026-09-18 20:15:22 +0200: Memory Usage (813508K) : metal2_nofill has 0 polygons
2026-09-18 20:15:22 +0200: Memory Usage (813508K) : metal2_text has 3 polygons
2026-09-18 20:15:22 +0200: Memory Usage (813636K) : metal2_OPC has 0 polygons
2026-09-18 20:15:22 +0200: Memory Usage (813636K) : metal2_noqrc has 0 polygons
2026-09-18 20:15:22 +0200: Memory Usage (813764K) : metal2_res has 0 polygons
2026-09-18 20:15:22 +0200: Memory Usage (813892K) : metal2_iprobe has 0 polygons
2026-09-18 20:15:22 +0200: Memory Usage (813892K) : metal2_diffprb has 0 polygons
2026-09-18 20:15:22 +0200: Memory Usage (814020K) : baspoly_drw has 0 polygons
2026-09-18 20:15:22 +0200: Memory Usage (814020K) : baspoly_pin has 0 polygons
2026-09-18 20:15:22 +0200: Memory Usage (814148K) : psd_drw has 1 polygons
2026-09-18 20:15:22 +0200: Memory Usage (814148K) : nldb_drw has 0 polygons
2026-09-18 20:15:22 +0200: Memory Usage (814276K) : digibnd_drw has 0 polygons
2026-09-18 20:15:22 +0200: Memory Usage (814276K) : via1_drw has 16 polygons
2026-09-18 20:15:22 +0200: Memory Usage (814404K) : backmetal1_drw has 0 polygons
2026-09-18 20:15:22 +0200: Memory Usage (814404K) : backmetal1_pin has 0 polygons
2026-09-18 20:15:22 +0200: Memory Usage (814532K) : backmetal1_mask has 0 polygons
2026-09-18 20:15:22 +0200: Memory Usage (814532K) : backmetal1_filler has 0 polygons
2026-09-18 20:15:22 +0200: Memory Usage (814660K) : backmetal1_nofill has 0 polygons
2026-09-18 20:15:22 +0200: Memory Usage (814660K) : backmetal1_slit has 0 polygons
2026-09-18 20:15:22 +0200: Memory Usage (814788K) : backmetal1_text has 0 polygons
2026-09-18 20:15:22 +0200: Memory Usage (814916K) : backmetal1_OPC has 0 polygons
2026-09-18 20:15:22 +0200: Memory Usage (814916K) : backmetal1_noqrc has 0 polygons
2026-09-18 20:15:22 +0200: Memory Usage (815044K) : backmetal1_res has 0 polygons
2026-09-18 20:15:22 +0200: Memory Usage (815044K) : backmetal1_iprobe has 0 polygons
2026-09-18 20:15:22 +0200: Memory Usage (815044K) : backmetal1_diffprb has 0 polygons
2026-09-18 20:15:22 +0200: Memory Usage (815172K) : backpassiv_drw has 0 polygons
2026-09-18 20:15:22 +0200: Memory Usage (815300K) : res_drw has 0 polygons
2026-09-18 20:15:22 +0200: Memory Usage (815300K) : sram_drw has 0 polygons
2026-09-18 20:15:22 +0200: Memory Usage (815428K) : trans_drw has 1 polygons
2026-09-18 20:15:22 +0200: Memory Usage (815428K) : ind_drw has 0 polygons
2026-09-18 20:15:22 +0200: Memory Usage (815556K) : ind_pin has 0 polygons
2026-09-18 20:15:22 +0200: Memory Usage (815556K) : ind_text has 0 polygons
2026-09-18 20:15:22 +0200: Memory Usage (815684K) : salblock_drw has 0 polygons
2026-09-18 20:15:22 +0200: Memory Usage (815684K) : via2_drw has 0 polygons
2026-09-18 20:15:22 +0200: Memory Usage (815812K) : metal3_drw has 0 polygons
2026-09-18 20:15:22 +0200: Memory Usage (815940K) : metal3_filler has 0 polygons
2026-09-18 20:15:22 +0200: Memory Usage (815940K) : metal3_slit has 0 polygons
2026-09-18 20:15:23 +0200: Memory Usage (816068K) : metal3 has 0 polygons
2026-09-18 20:15:23 +0200: Memory Usage (816196K) : metal3_pin has 0 polygons
2026-09-18 20:15:23 +0200: Memory Usage (816196K) : metal3_mask has 0 polygons
2026-09-18 20:15:23 +0200: Memory Usage (816324K) : metal3_nofill has 0 polygons
2026-09-18 20:15:23 +0200: Memory Usage (816324K) : metal3_text has 0 polygons
2026-09-18 20:15:23 +0200: Memory Usage (816452K) : metal3_OPC has 0 polygons
2026-09-18 20:15:23 +0200: Memory Usage (816452K) : metal3_noqrc has 0 polygons
2026-09-18 20:15:23 +0200: Memory Usage (816580K) : metal3_res has 0 polygons
2026-09-18 20:15:23 +0200: Memory Usage (816580K) : metal3_iprobe has 0 polygons
2026-09-18 20:15:23 +0200: Memory Usage (816708K) : metal3_diffprb has 0 polygons
2026-09-18 20:15:23 +0200: Memory Usage (816708K) : nwell_drw has 0 polygons
2026-09-18 20:15:23 +0200: Memory Usage (816836K) : nwell_pin has 0 polygons
2026-09-18 20:15:23 +0200: Memory Usage (816836K) : nwell_text has 0 polygons
2026-09-18 20:15:23 +0200: Memory Usage (816964K) : nbulay_drw has 0 polygons
2026-09-18 20:15:23 +0200: Memory Usage (816964K) : nbulay_pin has 0 polygons
2026-09-18 20:15:23 +0200: Memory Usage (817092K) : nbulay_block has 0 polygons
2026-09-18 20:15:23 +0200: Memory Usage (817092K) : emwind_drw has 1 polygons
2026-09-18 20:15:23 +0200: Memory Usage (817220K) : emwind_OPC has 0 polygons
2026-09-18 20:15:23 +0200: Memory Usage (817348K) : deepco_drw has 0 polygons
2026-09-18 20:15:23 +0200: Memory Usage (817476K) : mim_drw has 0 polygons
2026-09-18 20:15:23 +0200: Memory Usage (817476K) : edgeseal_drw has 0 polygons
2026-09-18 20:15:23 +0200: Memory Usage (817604K) : substrate_drw has 0 polygons
2026-09-18 20:15:23 +0200: Memory Usage (817604K) : substrate_text has 0 polygons
2026-09-18 20:15:23 +0200: Memory Usage (817732K) : dfpad_drw has 0 polygons
2026-09-18 20:15:23 +0200: Memory Usage (817732K) : dfpad_pillar has 0 polygons
2026-09-18 20:15:23 +0200: Memory Usage (817860K) : dfpad_sbump has 0 polygons
2026-09-18 20:15:23 +0200: Memory Usage (817860K) : thickgateox_drw has 0 polygons
2026-09-18 20:15:23 +0200: Memory Usage (817988K) : pldb_drw has 0 polygons
2026-09-18 20:15:23 +0200: Memory Usage (817988K) : pwell_drw has 0 polygons
2026-09-18 20:15:23 +0200: Memory Usage (818116K) : pwell_pin has 0 polygons
2026-09-18 20:15:23 +0200: Memory Usage (818116K) : pwell_block has 0 polygons
2026-09-18 20:15:23 +0200: Memory Usage (818244K) : ic_drw has 0 polygons
2026-09-18 20:15:23 +0200: Memory Usage (818244K) : via3_drw has 0 polygons
2026-09-18 20:15:23 +0200: Memory Usage (818372K) : metal4_drw has 0 polygons
2026-09-18 20:15:23 +0200: Memory Usage (818372K) : metal4_filler has 0 polygons
2026-09-18 20:15:23 +0200: Memory Usage (818500K) : metal4_slit has 0 polygons
2026-09-18 20:15:23 +0200: Memory Usage (818628K) : metal4 has 0 polygons
2026-09-18 20:15:23 +0200: Memory Usage (818756K) : metal4_pin has 0 polygons
2026-09-18 20:15:23 +0200: Memory Usage (818756K) : metal4_mask has 0 polygons
2026-09-18 20:15:23 +0200: Memory Usage (818756K) : metal4_nofill has 0 polygons
2026-09-18 20:15:23 +0200: Memory Usage (818884K) : metal4_text has 0 polygons
2026-09-18 20:15:23 +0200: Memory Usage (818884K) : metal4_OPC has 0 polygons
2026-09-18 20:15:23 +0200: Memory Usage (819012K) : metal4_noqrc has 0 polygons
2026-09-18 20:15:23 +0200: Memory Usage (819012K) : metal4_res has 0 polygons
2026-09-18 20:15:23 +0200: Memory Usage (819140K) : metal4_iprobe has 0 polygons
2026-09-18 20:15:23 +0200: Memory Usage (819140K) : metal4_diffprb has 0 polygons
2026-09-18 20:15:23 +0200: Memory Usage (819268K) : heattrans_drw has 1 polygons
2026-09-18 20:15:23 +0200: Memory Usage (819268K) : heatres_drw has 0 polygons
2026-09-18 20:15:23 +0200: Memory Usage (819396K) : fbe_drw has 0 polygons
2026-09-18 20:15:23 +0200: Memory Usage (819396K) : empoly_drw has 0 polygons
2026-09-18 20:15:23 +0200: Memory Usage (819524K) : digisub_drw has 0 polygons
2026-09-18 20:15:23 +0200: Memory Usage (819524K) : text_drw has 5 polygons
2026-09-18 20:15:23 +0200: Memory Usage (819524K) : via4_drw has 0 polygons
2026-09-18 20:15:23 +0200: Memory Usage (819652K) : metal5_drw has 0 polygons
2026-09-18 20:15:23 +0200: Memory Usage (819652K) : metal5_filler has 0 polygons
2026-09-18 20:15:23 +0200: Memory Usage (819780K) : metal5_slit has 0 polygons
2026-09-18 20:15:23 +0200: Memory Usage (819908K) : metal5 has 0 polygons
2026-09-18 20:15:23 +0200: Memory Usage (819908K) : metal5_pin has 0 polygons
2026-09-18 20:15:23 +0200: Memory Usage (820036K) : metal5_mask has 0 polygons
2026-09-18 20:15:23 +0200: Memory Usage (820036K) : metal5_nofill has 0 polygons
2026-09-18 20:15:23 +0200: Memory Usage (820164K) : metal5_text has 0 polygons
2026-09-18 20:15:23 +0200: Memory Usage (820164K) : metal5_OPC has 0 polygons
2026-09-18 20:15:23 +0200: Memory Usage (820292K) : metal5_noqrc has 0 polygons
2026-09-18 20:15:23 +0200: Memory Usage (820292K) : metal5_res has 0 polygons
2026-09-18 20:15:23 +0200: Memory Usage (820292K) : metal5_iprobe has 0 polygons
2026-09-18 20:15:23 +0200: Memory Usage (820420K) : metal5_diffprb has 0 polygons
2026-09-18 20:15:23 +0200: Memory Usage (820420K) : radhard_drw has 0 polygons
2026-09-18 20:15:23 +0200: Memory Usage (820548K) : memcap_drw has 0 polygons
2026-09-18 20:15:23 +0200: Memory Usage (820548K) : varicap_drw has 0 polygons
2026-09-18 20:15:23 +0200: Memory Usage (820676K) : intbondvia_drw has 0 polygons
2026-09-18 20:15:23 +0200: Memory Usage (820676K) : intbondmet_drw has 0 polygons
2026-09-18 20:15:23 +0200: Memory Usage (820804K) : devbondvia_drw has 0 polygons
2026-09-18 20:15:23 +0200: Memory Usage (820804K) : devbondmet_drw has 0 polygons
2026-09-18 20:15:23 +0200: Memory Usage (820932K) : devtrench_drw has 0 polygons
2026-09-18 20:15:23 +0200: Memory Usage (820932K) : redist_drw has 0 polygons
2026-09-18 20:15:23 +0200: Memory Usage (821060K) : graphbot_drw has 0 polygons
2026-09-18 20:15:23 +0200: Memory Usage (821060K) : graphtop_drw has 0 polygons
2026-09-18 20:15:23 +0200: Memory Usage (821188K) : antvia1_drw has 0 polygons
2026-09-18 20:15:23 +0200: Memory Usage (821188K) : antmetal2_drw has 0 polygons
2026-09-18 20:15:23 +0200: Memory Usage (821316K) : graphcont_drw has 0 polygons
2026-09-18 20:15:23 +0200: Memory Usage (821316K) : siwg_drw has 0 polygons
2026-09-18 20:15:23 +0200: Memory Usage (821316K) : siwg_filler has 0 polygons
2026-09-18 20:15:23 +0200: Memory Usage (821444K) : siwg_nofill has 0 polygons
2026-09-18 20:15:23 +0200: Memory Usage (821444K) : sigrating_drw has 0 polygons
2026-09-18 20:15:23 +0200: Memory Usage (821572K) : singrating_drw has 0 polygons
2026-09-18 20:15:23 +0200: Memory Usage (821572K) : graphpas_drw has 0 polygons
2026-09-18 20:15:23 +0200: Memory Usage (821700K) : emwind3_drw has 0 polygons
2026-09-18 20:15:23 +0200: Memory Usage (821700K) : emwihv3_drw has 0 polygons
2026-09-18 20:15:23 +0200: Memory Usage (821828K) : redbulay_drw has 0 polygons
2026-09-18 20:15:23 +0200: Memory Usage (821828K) : smos_drw has 0 polygons
2026-09-18 20:15:23 +0200: Memory Usage (821956K) : graphpad_drw has 0 polygons
2026-09-18 20:15:23 +0200: Memory Usage (821956K) : polimide_drw has 0 polygons
2026-09-18 20:15:23 +0200: Memory Usage (822084K) : polimide_pin has 0 polygons
2026-09-18 20:15:23 +0200: Memory Usage (822084K) : recog_drw has 0 polygons
2026-09-18 20:15:23 +0200: Memory Usage (822212K) : recog_pin has 0 polygons
2026-09-18 20:15:23 +0200: Memory Usage (822212K) : recog_esd has 0 polygons
2026-09-18 20:15:23 +0200: Memory Usage (822340K) : recog_diode has 0 polygons
2026-09-18 20:15:23 +0200: Memory Usage (822340K) : recog_tsv has 0 polygons
2026-09-18 20:15:23 +0200: Memory Usage (822468K) : recog_iprobe has 0 polygons
2026-09-18 20:15:23 +0200: Memory Usage (822468K) : recog_diffprb has 0 polygons
2026-09-18 20:15:23 +0200: Memory Usage (822468K) : recog_pillar has 0 polygons
2026-09-18 20:15:23 +0200: Memory Usage (822596K) : recog_sbump has 0 polygons
2026-09-18 20:15:23 +0200: Memory Usage (822596K) : recog_otp has 0 polygons
2026-09-18 20:15:23 +0200: Memory Usage (822724K) : recog_pdiode has 0 polygons
2026-09-18 20:15:23 +0200: Memory Usage (822724K) : recog_mom has 0 polygons
2026-09-18 20:15:23 +0200: Memory Usage (822852K) : recog_pcm has 0 polygons
2026-09-18 20:15:23 +0200: Memory Usage (822852K) : colopen_drw has 0 polygons
2026-09-18 20:15:23 +0200: Memory Usage (822980K) : graphmetal1_drw has 0 polygons
2026-09-18 20:15:23 +0200: Memory Usage (822980K) : graphmetal1_filler has 0 polygons
2026-09-18 20:15:23 +0200: Memory Usage (823108K) : graphmetal1_nofill has 0 polygons
2026-09-18 20:15:23 +0200: Memory Usage (823108K) : graphmetal1_slit has 0 polygons
2026-09-18 20:15:23 +0200: Memory Usage (823236K) : graphmetal1_OPC has 0 polygons
2026-09-18 20:15:23 +0200: Memory Usage (823236K) : graphmet1l_drw has 0 polygons
2026-09-18 20:15:23 +0200: Memory Usage (823364K) : graphmet1l_filler has 0 polygons
2026-09-18 20:15:23 +0200: Memory Usage (823364K) : graphmet1l_nofill has 0 polygons
2026-09-18 20:15:23 +0200: Memory Usage (823364K) : graphmet1l_slit has 0 polygons
2026-09-18 20:15:23 +0200: Memory Usage (823492K) : graphmet1l_OPC has 0 polygons
2026-09-18 20:15:23 +0200: Memory Usage (823492K) : extblock_drw has 0 polygons
2026-09-18 20:15:23 +0200: Memory Usage (823620K) : nldd_drw has 0 polygons
2026-09-18 20:15:23 +0200: Memory Usage (823620K) : pldd_drw has 0 polygons
2026-09-18 20:15:23 +0200: Memory Usage (823748K) : next_drw has 0 polygons
2026-09-18 20:15:23 +0200: Memory Usage (823748K) : pext_drw has 0 polygons
2026-09-18 20:15:23 +0200: Memory Usage (823876K) : nexthv_drw has 0 polygons
2026-09-18 20:15:23 +0200: Memory Usage (823876K) : pexthv_drw has 0 polygons
2026-09-18 20:15:23 +0200: Memory Usage (824004K) : graphgate_drw has 0 polygons
2026-09-18 20:15:23 +0200: Memory Usage (824004K) : sinwg_drw has 0 polygons
2026-09-18 20:15:23 +0200: Memory Usage (824132K) : sinwg_filler has 0 polygons
2026-09-18 20:15:23 +0200: Memory Usage (824132K) : sinwg_nofill has 0 polygons
2026-09-18 20:15:23 +0200: Memory Usage (824260K) : mempad_drw has 0 polygons
2026-09-18 20:15:23 +0200: Memory Usage (824260K) : topvia1_drw has 0 polygons
2026-09-18 20:15:23 +0200: Memory Usage (824260K) : topmetal1_drw has 0 polygons
2026-09-18 20:15:23 +0200: Memory Usage (824388K) : topmetal1_filler has 0 polygons
2026-09-18 20:15:23 +0200: Memory Usage (824388K) : topmetal1_slit has 0 polygons
2026-09-18 20:15:23 +0200: Memory Usage (824516K) : topmetal1 has 0 polygons
2026-09-18 20:15:23 +0200: Memory Usage (824644K) : topmetal1_pin has 0 polygons
2026-09-18 20:15:23 +0200: Memory Usage (824644K) : topmetal1_mask has 0 polygons
2026-09-18 20:15:23 +0200: Memory Usage (824772K) : topmetal1_nofill has 0 polygons
2026-09-18 20:15:23 +0200: Memory Usage (824772K) : topmetal1_text has 0 polygons
2026-09-18 20:15:23 +0200: Memory Usage (824900K) : topmetal1_noqrc has 0 polygons
2026-09-18 20:15:23 +0200: Memory Usage (824900K) : topmetal1_res has 0 polygons
2026-09-18 20:15:23 +0200: Memory Usage (825028K) : topmetal1_iprobe has 0 polygons
2026-09-18 20:15:23 +0200: Memory Usage (825028K) : topmetal1_diffprb has 0 polygons
2026-09-18 20:15:23 +0200: Memory Usage (825156K) : inldpwl_drw has 0 polygons
2026-09-18 20:15:23 +0200: Memory Usage (825156K) : polyres_drw has 0 polygons
2026-09-18 20:15:23 +0200: Memory Usage (825156K) : polyres_pin has 0 polygons
2026-09-18 20:15:23 +0200: Memory Usage (825284K) : vmim_drw has 0 polygons
2026-09-18 20:15:23 +0200: Memory Usage (825284K) : nbulaycut_drw has 0 polygons
2026-09-18 20:15:23 +0200: Memory Usage (825412K) : antmetal1_drw has 0 polygons
2026-09-18 20:15:23 +0200: Memory Usage (825412K) : topvia2_drw has 0 polygons
2026-09-18 20:15:23 +0200: Memory Usage (825540K) : topmetal2_drw has 0 polygons
2026-09-18 20:15:23 +0200: Memory Usage (825540K) : topmetal2_filler has 0 polygons
2026-09-18 20:15:23 +0200: Memory Usage (825668K) : topmetal2_slit has 0 polygons
2026-09-18 20:15:23 +0200: Memory Usage (825796K) : topmetal2 has 0 polygons
2026-09-18 20:15:23 +0200: Memory Usage (825796K) : topmetal2_pin has 0 polygons
2026-09-18 20:15:23 +0200: Memory Usage (825924K) : topmetal2_mask has 0 polygons
2026-09-18 20:15:23 +0200: Memory Usage (825924K) : topmetal2_nofill has 0 polygons
2026-09-18 20:15:23 +0200: Memory Usage (826052K) : topmetal2_text has 0 polygons
2026-09-18 20:15:23 +0200: Memory Usage (826052K) : topmetal2_noqrc has 0 polygons
2026-09-18 20:15:23 +0200: Memory Usage (826052K) : topmetal2_res has 0 polygons
2026-09-18 20:15:23 +0200: Memory Usage (826052K) : topmetal2_iprobe has 0 polygons
2026-09-18 20:15:23 +0200: Memory Usage (826052K) : topmetal2_diffprb has 0 polygons
2026-09-18 20:15:23 +0200: Memory Usage (826052K) : snsring_drw has 0 polygons
2026-09-18 20:15:23 +0200: Memory Usage (826052K) : sensor_drw has 0 polygons
2026-09-18 20:15:23 +0200: Memory Usage (826052K) : snsarms_drw has 0 polygons
2026-09-18 20:15:23 +0200: Memory Usage (826180K) : snscmosvia_drw has 0 polygons
2026-09-18 20:15:23 +0200: Memory Usage (826180K) : colwind_drw has 0 polygons
2026-09-18 20:15:23 +0200: Memory Usage (826308K) : flm_drw has 0 polygons
2026-09-18 20:15:23 +0200: Memory Usage (826308K) : hafniumox_drw has 0 polygons
2026-09-18 20:15:23 +0200: Memory Usage (826436K) : memvia_drw has 0 polygons
2026-09-18 20:15:23 +0200: Memory Usage (826436K) : thinfilmres_drw has 0 polygons
2026-09-18 20:15:23 +0200: Memory Usage (826564K) : rfmem_drw has 0 polygons
2026-09-18 20:15:23 +0200: Memory Usage (826564K) : norcx_drw has 0 polygons
2026-09-18 20:15:23 +0200: Memory Usage (826692K) : norcx_m2m3 has 0 polygons
2026-09-18 20:15:23 +0200: Memory Usage (826692K) : norcx_m2m4 has 0 polygons
2026-09-18 20:15:23 +0200: Memory Usage (826820K) : norcx_m2m5 has 0 polygons
2026-09-18 20:15:23 +0200: Memory Usage (826820K) : norcx_m2tm1 has 0 polygons
2026-09-18 20:15:23 +0200: Memory Usage (826948K) : norcx_m2tm2 has 0 polygons
2026-09-18 20:15:23 +0200: Memory Usage (826948K) : norcx_m3m4 has 0 polygons
2026-09-18 20:15:23 +0200: Memory Usage (827076K) : norcx_m3m5 has 0 polygons
2026-09-18 20:15:23 +0200: Memory Usage (827076K) : norcx_m3tm1 has 0 polygons
2026-09-18 20:15:23 +0200: Memory Usage (827204K) : norcx_m3tm2 has 0 polygons
2026-09-18 20:15:23 +0200: Memory Usage (827204K) : norcx_m4m5 has 0 polygons
2026-09-18 20:15:23 +0200: Memory Usage (827332K) : norcx_m4tm1 has 0 polygons
2026-09-18 20:15:23 +0200: Memory Usage (827332K) : norcx_m4tm2 has 0 polygons
2026-09-18 20:15:23 +0200: Memory Usage (827460K) : norcx_m5tm1 has 0 polygons
2026-09-18 20:15:23 +0200: Memory Usage (827460K) : norcx_m5tm2 has 0 polygons
2026-09-18 20:15:23 +0200: Memory Usage (827460K) : norcx_tm1tm2 has 0 polygons
2026-09-18 20:15:23 +0200: Memory Usage (827588K) : norcx_m1sub has 0 polygons
2026-09-18 20:15:23 +0200: Memory Usage (827588K) : norcx_m2sub has 0 polygons
2026-09-18 20:15:23 +0200: Memory Usage (827716K) : norcx_m3sub has 0 polygons
2026-09-18 20:15:23 +0200: Memory Usage (827716K) : norcx_m4sub has 0 polygons
2026-09-18 20:15:23 +0200: Memory Usage (827844K) : norcx_m5sub has 0 polygons
2026-09-18 20:15:23 +0200: Memory Usage (827844K) : norcx_tm1sub has 0 polygons
2026-09-18 20:15:23 +0200: Memory Usage (827972K) : norcx_tm2sub has 0 polygons
2026-09-18 20:15:23 +0200: Memory Usage (827972K) : snsbotvia_drw has 0 polygons
2026-09-18 20:15:23 +0200: Memory Usage (828100K) : snstopvia_drw has 0 polygons
2026-09-18 20:15:23 +0200: Memory Usage (828100K) : deepvia_drw has 0 polygons
2026-09-18 20:15:23 +0200: Memory Usage (828228K) : fgetch_drw has 0 polygons
2026-09-18 20:15:23 +0200: Memory Usage (828228K) : ctrgat_drw has 0 polygons
2026-09-18 20:15:23 +0200: Memory Usage (828356K) : fgimp_drw has 0 polygons
2026-09-18 20:15:23 +0200: Memory Usage (828356K) : emwihv_drw has 0 polygons
2026-09-18 20:15:23 +0200: Memory Usage (828484K) : lbe_drw has 0 polygons
2026-09-18 20:15:23 +0200: Memory Usage (828484K) : alcustop_drw has 0 polygons
2026-09-18 20:15:23 +0200: Memory Usage (828612K) : nometfiller_drw has 0 polygons
2026-09-18 20:15:23 +0200: Memory Usage (828612K) : prboundary_drw has 0 polygons
2026-09-18 20:15:23 +0200: Memory Usage (828740K) : exchange0_drw has 0 polygons
2026-09-18 20:15:23 +0200: Memory Usage (828740K) : exchange0_pin has 0 polygons
2026-09-18 20:15:23 +0200: Memory Usage (828740K) : exchange0_text has 0 polygons
2026-09-18 20:15:23 +0200: Memory Usage (828868K) : exchange1_drw has 0 polygons
2026-09-18 20:15:23 +0200: Memory Usage (828868K) : exchange1_pin has 0 polygons
2026-09-18 20:15:23 +0200: Memory Usage (828996K) : exchange1_text has 0 polygons
2026-09-18 20:15:23 +0200: Memory Usage (828996K) : exchange2_drw has 0 polygons
2026-09-18 20:15:23 +0200: Memory Usage (829124K) : exchange2_pin has 0 polygons
2026-09-18 20:15:23 +0200: Memory Usage (829124K) : exchange2_text has 0 polygons
2026-09-18 20:15:23 +0200: Memory Usage (829252K) : exchange3_drw has 0 polygons
2026-09-18 20:15:23 +0200: Memory Usage (829252K) : exchange3_pin has 0 polygons
2026-09-18 20:15:23 +0200: Memory Usage (829380K) : exchange3_text has 0 polygons
2026-09-18 20:15:23 +0200: Memory Usage (829380K) : exchange4_drw has 0 polygons
2026-09-18 20:15:23 +0200: Memory Usage (829508K) : exchange4_pin has 0 polygons
2026-09-18 20:15:23 +0200: Memory Usage (829508K) : exchange4_text has 0 polygons
2026-09-18 20:15:23 +0200: Memory Usage (829508K) : isonwell_drw has 0 polygons
2026-09-18 20:15:23 +0200: Memory Usage (829508K) : Total no. of polygons in the design is 129
2026-09-18 20:15:23 +0200: Memory Usage (829508K) : Starting base layers derivations
2026-09-18 20:15:23 +0200: Memory Usage (829508K) : Starting general LVS derivations
2026-09-18 20:15:23 +0200: Memory Usage (829668K) : Starting MOSFET DERIVATIONS
2026-09-18 20:15:23 +0200: Memory Usage (831204K) : Starting NMOS DERIVATIONS
2026-09-18 20:15:23 +0200: Memory Usage (831204K) : Starting PMOS DERIVATIONS
2026-09-18 20:15:23 +0200: Memory Usage (831204K) : Starting RF-MOSFET DERIVATIONS
2026-09-18 20:15:23 +0200: Memory Usage (831204K) : Starting RF-NMOS DERIVATIONS
2026-09-18 20:15:23 +0200: Memory Usage (831204K) : Starting RF-PMOS DERIVATIONS
2026-09-18 20:15:23 +0200: Memory Usage (831204K) : Starting BJT DERIVATIONS
2026-09-18 20:15:23 +0200: Memory Usage (831204K) : Starting NPN-BJT DERIVATIONS
2026-09-18 20:15:23 +0200: Memory Usage (834020K) : Starting PNP-BJT DERIVATIONS
2026-09-18 20:15:23 +0200: Memory Usage (835172K) : Starting DIODE DERIVATIONS
2026-09-18 20:15:23 +0200: Memory Usage (836580K) : Starting RESISTOR DERIVATIONS
2026-09-18 20:15:23 +0200: Memory Usage (837348K) : Starting CAP DERIVATIONS
2026-09-18 20:15:23 +0200: Memory Usage (838116K) : Starting ESD DERIVATIONS
2026-09-18 20:15:23 +0200: Memory Usage (838500K) : Starting Inductor DERIVATIONS
2026-09-18 20:15:23 +0200: Memory Usage (838500K) : Starting Taps DERIVATIONS
2026-09-18 20:15:23 +0200: Memory Usage (838500K) : Starting SG13G2 LVS connectivity setup
2026-09-18 20:15:23 +0200: Memory Usage (838500K) : Starting SG13G2 LVS connectivity setup (Inter-layer)
2026-09-18 20:15:23 +0200: Memory Usage (838756K) : Starting SG13G2 LVS connectivity setup (Global)
2026-09-18 20:15:23 +0200: Memory Usage (838756K) : Starting LVS MOSFET CONNECTIONS
2026-09-18 20:15:23 +0200: Memory Usage (838756K) : Starting LVS RF-MOSFET CONNECTIONS
2026-09-18 20:15:23 +0200: Memory Usage (838756K) : Starting LVS BJT CONNECTIONS
2026-09-18 20:15:23 +0200: Memory Usage (838756K) : Starting LVS DIODE CONNECTIONS
2026-09-18 20:15:23 +0200: Memory Usage (838756K) : Starting RESISTOR CONNECTIONS
2026-09-18 20:15:23 +0200: Memory Usage (838756K) : Starting LVS CAP CONNECTIONS
2026-09-18 20:15:23 +0200: Memory Usage (838756K) : Starting ESD CONNECTIONS
2026-09-18 20:15:23 +0200: Memory Usage (838756K) : Starting Inductor CONNECTIONS
2026-09-18 20:15:23 +0200: Memory Usage (838756K) : Starting LVS Taps CONNECTIONS
2026-09-18 20:15:23 +0200: Memory Usage (838756K) : Starting SG13G2 LVS DEVICES EXTRACTION
2026-09-18 20:15:23 +0200: Memory Usage (838884K) : Starting MOSFET EXTRACTION
2026-09-18 20:15:23 +0200: Memory Usage (838884K) : Starting NMOS EXTRACTION
2026-09-18 20:15:23 +0200: Memory Usage (838884K) : Extraction of NMOS-LV transistor
2026-09-18 20:15:23 +0200: Memory Usage (839140K) : Extraction of NMOS-HV transistor
2026-09-18 20:15:23 +0200: Memory Usage (839268K) : Starting PMOS EXTRACTION
2026-09-18 20:15:23 +0200: Memory Usage (839268K) : Extraction of PMOS-LV transistor
2026-09-18 20:15:23 +0200: Memory Usage (839268K) : Extraction of PMOS-HV transistor
2026-09-18 20:15:23 +0200: Memory Usage (839268K) : Starting RF-MOSFET EXTRACTION
2026-09-18 20:15:23 +0200: Memory Usage (839268K) : Extraction of RF-NMOS-LV transistor
2026-09-18 20:15:23 +0200: Memory Usage (839268K) : Extraction of RF-NMOS-HV transistor
2026-09-18 20:15:23 +0200: Memory Usage (839268K) : Extraction of RF-PMOS-LV transistor
2026-09-18 20:15:23 +0200: Memory Usage (839268K) : Extraction of RF-PMOS-HV transistor
2026-09-18 20:15:23 +0200: Memory Usage (839268K) : Starting BJT EXTRACTION
2026-09-18 20:15:23 +0200: Memory Usage (839268K) : Starting NPN-BJT EXTRACTION
2026-09-18 20:15:23 +0200: Memory Usage (839268K) : Extraction of npn13G2 BJT transistor
2026-09-18 20:15:23 +0200: Memory Usage (840292K) : Extraction of npn13G2L BJT transistor
2026-09-18 20:15:23 +0200: Memory Usage (840548K) : Extraction of npn13G2V BJT transistor
2026-09-18 20:15:23 +0200: Memory Usage (840548K) : Starting PNP-BJT EXTRACTION
2026-09-18 20:15:23 +0200: Memory Usage (840548K) : Extracting pnpMPA BJT
2026-09-18 20:15:23 +0200: Memory Usage (840548K) : Starting DIODE EXTRACTION
2026-09-18 20:15:23 +0200: Memory Usage (840548K) : Extracting dantenna diode
2026-09-18 20:15:23 +0200: Memory Usage (840676K) : Extracting dpantenna diode
2026-09-18 20:15:23 +0200: Memory Usage (840676K) : Extracting schottky_nbl1 diode
2026-09-18 20:15:23 +0200: Memory Usage (840676K) : Extracting isolbox diode
2026-09-18 20:15:23 +0200: Memory Usage (840676K) : Starting RESISTOR EXTRACTION
2026-09-18 20:15:23 +0200: Memory Usage (840676K) : Extracting rsil resistor
2026-09-18 20:15:23 +0200: Memory Usage (840804K) : Extracting rppd resistor
2026-09-18 20:15:23 +0200: Memory Usage (840804K) : Extracting rhigh resistor
2026-09-18 20:15:23 +0200: Memory Usage (840804K) : Extracting res_metal1 resistor
2026-09-18 20:15:23 +0200: Memory Usage (840804K) : Extracting res_metal2 resistor
2026-09-18 20:15:23 +0200: Memory Usage (840804K) : Extracting res_metal3 resistor
2026-09-18 20:15:23 +0200: Memory Usage (840804K) : Extracting res_metal4 resistor
2026-09-18 20:15:23 +0200: Memory Usage (840804K) : Extracting res_metal5 resistor
2026-09-18 20:15:23 +0200: Memory Usage (840804K) : Extracting res_topmetal1 resistor
2026-09-18 20:15:23 +0200: Memory Usage (840804K) : Extracting res_topmetal2 resistor
2026-09-18 20:15:23 +0200: Memory Usage (840804K) : Starting CAP EXTRACTION
2026-09-18 20:15:23 +0200: Memory Usage (840804K) : Extracting cap_cmim device
2026-09-18 20:15:23 +0200: Memory Usage (840804K) : Extracting rfcmim device
2026-09-18 20:15:23 +0200: Memory Usage (840804K) : Extracting sg13_hv_svaricap varactor
2026-09-18 20:15:23 +0200: Memory Usage (840804K) : Starting ESD EXTRACTION
2026-09-18 20:15:23 +0200: Memory Usage (840804K) : Extracting diodevdd_2kv ESD device
2026-09-18 20:15:23 +0200: Memory Usage (840804K) : Extracting diodevdd_4kv ESD device
2026-09-18 20:15:23 +0200: Memory Usage (840804K) : Extracting diodevss_2kv ESD device
2026-09-18 20:15:23 +0200: Memory Usage (840804K) : Extracting diodevss_4kv ESD device
2026-09-18 20:15:23 +0200: Memory Usage (840804K) : Extracting idiodevdd_2kv ESD device
2026-09-18 20:15:23 +0200: Memory Usage (840804K) : Extracting idiodevdd_4kv ESD device
2026-09-18 20:15:23 +0200: Memory Usage (840804K) : Extracting idiodevss_2kv ESD device
2026-09-18 20:15:23 +0200: Memory Usage (840804K) : Extracting idiodevss_4kv ESD device
2026-09-18 20:15:23 +0200: Memory Usage (840804K) : Extracting nmoscl_2 ESD device
2026-09-18 20:15:23 +0200: Memory Usage (840804K) : Extracting nmoscl_4 ESD device
2026-09-18 20:15:23 +0200: Memory Usage (840804K) : Starting Inductor EXTRACTION
2026-09-18 20:15:23 +0200: Memory Usage (840804K) : Extracting Inductor2 device
2026-09-18 20:15:23 +0200: Memory Usage (840804K) : Extracting Inductor3 device
2026-09-18 20:15:23 +0200: Memory Usage (840804K) : Starting Taps EXTRACTION
2026-09-18 20:15:23 +0200: Memory Usage (840804K) : Extracting ntap1 device
2026-09-18 20:15:23 +0200: Memory Usage (840804K) : Extracting ptap1 device
2026-09-18 20:15:23 +0200: Memory Usage (840804K) : Starting SG13G2 LVS RF MOS Model Mapping
2026-09-18 20:15:23 +0200: Memory Usage (841444K) : [layout_netlist] Apply RF MOS model mapping and rfmode parameter.
2026-09-18 20:15:23 +0200: Memory Usage (841444K) : Starting SG13G2 LVS Options Preparations
2026-09-18 20:15:23 +0200: Memory Usage (841444K) : SG13G2 LVS flow: extraction -> alignment -> option preparation -> comparison.
2026-09-18 20:15:23 +0200: Memory Usage (841444K) : Starting SG13G2 LVS Alignment
2026-09-18 20:15:23 +0200: Memory Usage (841700K) : Starting SG13G2 LVS Simplification
2026-09-18 20:15:23 +0200: Memory Usage (841700K) : [layout_netlist] simplify: ENABLED
2026-09-18 20:15:23 +0200: Memory Usage (841700K) : [layout_netlist] make_top_level_pins: SKIPPED
2026-09-18 20:15:23 +0200: Memory Usage (841700K) : [layout_netlist] combine_devices: SKIPPED
2026-09-18 20:15:23 +0200: Memory Usage (841700K) : [layout_netlist] purge: SKIPPED
2026-09-18 20:15:23 +0200: Memory Usage (841700K) : [layout_netlist] purge_nets: SKIPPED
2026-09-18 20:15:23 +0200: Memory Usage (841700K) : [schematic_netlist] simplify: ENABLED
2026-09-18 20:15:23 +0200: Memory Usage (841700K) : [schematic_netlist] make_top_level_pins: SKIPPED
2026-09-18 20:15:23 +0200: Memory Usage (841700K) : [schematic_netlist] combine_devices: SKIPPED
2026-09-18 20:15:23 +0200: Memory Usage (841700K) : [schematic_netlist] purge: SKIPPED
2026-09-18 20:15:23 +0200: Memory Usage (841700K) : [schematic_netlist] purge_nets: SKIPPED
2026-09-18 20:15:23 +0200: Memory Usage (841700K) : Starting SG13G2 LVS Comparison in strict port mode.
2026-09-18 20:15:23 +0200: Memory Usage (841700K) : flag_missing_ports enabled: missing/mislabeled top-level ports are treated as errors.
2026-09-18 20:15:23 +0200: Memory Usage (842468K) : ==========================================
2026-09-18 20:15:23 +0200: Memory Usage (842468K) : INFO : Congratulations! Netlists match.
2026-09-18 20:15:23 +0200: Memory Usage (842468K) : ==========================================
2026-09-18 20:15:23 +0200: Memory Usage (842468K) : LVS Total Run time 0.693942 seconds
