
===========================================================================
report_checks -unconstrained
===========================================================================
======================= nom_typ_1p20V_25C Corner ===================================

Startpoint: _6690_ (rising edge-triggered flip-flop clocked by osc_clk)
Endpoint: _5852_ (recovery check against rising-edge clock osc_clk)
Path Group: asynchronous
Path Type: max

Fanout         Cap        Slew       Delay        Time   Description
---------------------------------------------------------------------------------------------
                                  0.000000    0.000000   clock osc_clk (rise edge)
                                  0.000000    0.000000   clock source latency
     1    0.053101    0.000000    0.000000    0.000000 ^ osc_clk (in)
                                                         osc_clk (net)
                      0.014765    0.007383    0.007383 ^ clkbuf_0_osc_clk/A (sg13g2_buf_16)
     2    0.038424    0.022846    0.060761    0.068144 ^ clkbuf_0_osc_clk/X (sg13g2_buf_16)
                                                         clknet_0_osc_clk (net)
                      0.023024    0.002823    0.070966 ^ clkbuf_fanout_split0_osc_clk_cell/A (sg13g2_buf_16)
     8    0.163821    0.053901    0.084171    0.155137 ^ clkbuf_fanout_split0_osc_clk_cell/X (sg13g2_buf_16)
                                                         clkbuf_fanout_split0_osc_clk (net)
                      0.060345    0.014444    0.169581 ^ clkbuf_4_15_0_osc_clk/A (sg13g2_buf_8)
     2    0.044919    0.035905    0.092135    0.261715 ^ clkbuf_4_15_0_osc_clk/X (sg13g2_buf_8)
                                                         clknet_4_15_0_osc_clk (net)
                      0.036336    0.002952    0.264668 ^ clkbuf_5_30__f_osc_clk/A (sg13g2_buf_16)
     5    0.069758    0.030611    0.076624    0.341292 ^ clkbuf_5_30__f_osc_clk/X (sg13g2_buf_16)
                                                         clknet_5_30__leaf_osc_clk (net)
                      0.031862    0.004825    0.346117 ^ clkbuf_leaf_79_osc_clk/A (sg13g2_buf_8)
     8    0.035168    0.030366    0.075435    0.421552 ^ clkbuf_leaf_79_osc_clk/X (sg13g2_buf_8)
                                                         clknet_leaf_79_osc_clk (net)
                      0.030370    0.000657    0.422209 ^ _6690_/CLK (sg13g2_dfrbpq_1)
     1    0.006192    0.035696    0.176939    0.599148 ^ _6690_/Q (sg13g2_dfrbpq_1)
                                                         u_core.rs1 (net)
                      0.035721    0.000480    0.599628 ^ fanout333/A (sg13g2_buf_1)
     6    0.087014    0.358355    0.289256    0.888884 ^ fanout333/X (sg13g2_buf_1)
                                                         net333 (net)
                      0.358723    0.009605    0.898489 ^ fanout240/A (sg13g2_buf_1)
     4    0.048334    0.202902    0.272565    1.171055 ^ fanout240/X (sg13g2_buf_1)
                                                         net240 (net)
                      0.203447    0.008560    1.179615 ^ fanout215/A (sg13g2_buf_1)
     4    0.053290    0.222172    0.257396    1.437011 ^ fanout215/X (sg13g2_buf_1)
                                                         net215 (net)
                      0.222258    0.003620    1.440631 ^ fanout194/A (sg13g2_buf_1)
     4    0.034557    0.146734    0.209783    1.650414 ^ fanout194/X (sg13g2_buf_1)
                                                         net194 (net)
                      0.146876    0.003753    1.654168 ^ fanout193/A (sg13g2_buf_1)
     5    0.045561    0.190979    0.222637    1.876804 ^ fanout193/X (sg13g2_buf_1)
                                                         net193 (net)
                      0.191026    0.002514    1.879318 ^ fanout191/A (sg13g2_buf_1)
     8    0.076179    0.314215    0.315713    2.195031 ^ fanout191/X (sg13g2_buf_1)
                                                         net191 (net)
                      0.314651    0.009648    2.204679 ^ fanout190/A (sg13g2_buf_1)
     8    0.068686    0.284440    0.320785    2.525464 ^ fanout190/X (sg13g2_buf_1)
                                                         net190 (net)
                      0.284741    0.007651    2.533115 ^ _5852_/RESET_B (sg13g2_dfrbpq_1)
                                              2.533115   data arrival time

                                100.000000  100.000000   clock osc_clk (rise edge)
                                  0.000000  100.000000   clock source latency
     1    0.050428    0.000000    0.000000  100.000000 ^ osc_clk (in)
                                                         osc_clk (net)
                      0.013669    0.006835  100.006836 ^ clkbuf_0_osc_clk/A (sg13g2_buf_16)
     2    0.033078    0.021638    0.059359  100.066193 ^ clkbuf_0_osc_clk/X (sg13g2_buf_16)
                                                         clknet_0_osc_clk (net)
                      0.021742    0.002466  100.068657 ^ clkbuf_fanout_split1_osc_clk_cell/A (sg13g2_buf_16)
     8    0.157303    0.052221    0.082153  100.150810 ^ clkbuf_fanout_split1_osc_clk_cell/X (sg13g2_buf_16)
                                                         clkbuf_fanout_split1_osc_clk (net)
                      0.056585    0.011568  100.162376 ^ clkbuf_4_6_0_osc_clk/A (sg13g2_buf_8)
     2    0.037839    0.032540    0.088072  100.250450 ^ clkbuf_4_6_0_osc_clk/X (sg13g2_buf_8)
                                                         clknet_4_6_0_osc_clk (net)
                      0.032738    0.001826  100.252274 ^ clkbuf_5_12__f_osc_clk/A (sg13g2_buf_16)
     5    0.060438    0.028550    0.073832  100.326111 ^ clkbuf_5_12__f_osc_clk/X (sg13g2_buf_16)
                                                         clknet_5_12__leaf_osc_clk (net)
                      0.028930    0.003325  100.329430 ^ clkbuf_leaf_121_osc_clk/A (sg13g2_buf_8)
     8    0.035398    0.030317    0.073825  100.403259 ^ clkbuf_leaf_121_osc_clk/X (sg13g2_buf_8)
                                                         clknet_leaf_121_osc_clk (net)
                      0.030470    0.001684  100.404945 ^ _5852_/CLK (sg13g2_dfrbpq_1)
                                 -0.500000   99.904938   clock uncertainty
                                  0.001952   99.906891   clock reconvergence pessimism
                                 -0.200576   99.706314   library recovery time
                                             99.706314   data required time
---------------------------------------------------------------------------------------------
                                             99.706314   data required time
                                             -2.533115   data arrival time
---------------------------------------------------------------------------------------------
                                             97.173203   slack (MET)


Startpoint: _5757_ (rising edge-triggered flip-flop clocked by osc_clk)
Endpoint: dac_soft[2] (output port clocked by osc_clk)
Path Group: osc_clk
Path Type: max

Fanout         Cap        Slew       Delay        Time   Description
---------------------------------------------------------------------------------------------
                                  0.000000    0.000000   clock osc_clk (rise edge)
                                  0.000000    0.000000   clock source latency
     1    0.053101    0.000000    0.000000    0.000000 ^ osc_clk (in)
                                                         osc_clk (net)
                      0.014765    0.007383    0.007383 ^ clkbuf_0_osc_clk/A (sg13g2_buf_16)
     2    0.038424    0.022846    0.060761    0.068144 ^ clkbuf_0_osc_clk/X (sg13g2_buf_16)
                                                         clknet_0_osc_clk (net)
                      0.023034    0.002869    0.071013 ^ clkbuf_fanout_split1_osc_clk_cell/A (sg13g2_buf_16)
     8    0.167551    0.054961    0.084174    0.155187 ^ clkbuf_fanout_split1_osc_clk_cell/X (sg13g2_buf_16)
                                                         clkbuf_fanout_split1_osc_clk (net)
                      0.056150    0.006327    0.161514 ^ clkbuf_4_9_0_osc_clk/A (sg13g2_buf_8)
     2    0.043544    0.034835    0.089629    0.251143 ^ clkbuf_4_9_0_osc_clk/X (sg13g2_buf_8)
                                                         clknet_4_9_0_osc_clk (net)
                      0.035524    0.002895    0.254038 ^ clkbuf_5_19__f_osc_clk/A (sg13g2_buf_16)
     5    0.066485    0.030039    0.076526    0.330564 ^ clkbuf_5_19__f_osc_clk/X (sg13g2_buf_16)
                                                         clknet_5_19__leaf_osc_clk (net)
                      0.030133    0.001535    0.332098 ^ clkbuf_leaf_54_osc_clk/A (sg13g2_buf_8)
     8    0.036492    0.030903    0.075031    0.407130 ^ clkbuf_leaf_54_osc_clk/X (sg13g2_buf_8)
                                                         clknet_leaf_54_osc_clk (net)
                      0.030917    0.000763    0.407893 ^ _5757_/CLK (sg13g2_dfrbpq_1)
     3    0.021915    0.096185    0.222414    0.630307 ^ _5757_/Q (sg13g2_dfrbpq_1)
                                                         u_core.u_trip.soft_cnt[9] (net)
                      0.096197    0.001116    0.631423 ^ fanout345/A (sg13g2_buf_1)
     8    0.049673    0.207203    0.219940    0.851363 ^ fanout345/X (sg13g2_buf_1)
                                                         net345 (net)
                      0.207276    0.003224    0.854587 ^ _4095_/C (sg13g2_nor4_1)
     1    0.003030    0.064055    0.089647    0.944234 v _4095_/Y (sg13g2_nor4_1)
                                                         _1578_ (net)
                      0.064055    0.000229    0.944463 v _4096_/D (sg13g2_and4_1)
     2    0.032181    0.108453    0.176343    1.120806 v _4096_/X (sg13g2_and4_1)
                                                         _1579_ (net)
                      0.108773    0.004490    1.125296 v _4098_/B2 (sg13g2_a221oi_1)
     3    0.016180    0.260830    0.275920    1.401217 ^ _4098_/Y (sg13g2_a221oi_1)
                                                         _1581_ (net)
                      0.260846    0.001599    1.402816 ^ _4101_/D (sg13g2_and4_1)
     6    0.025985    0.124794    0.298420    1.701236 ^ _4101_/X (sg13g2_and4_1)
                                                         _1584_ (net)
                      0.124797    0.000841    1.702077 ^ _4130_/A1 (sg13g2_a22oi_1)
     2    0.011450    0.102022    0.135338    1.837415 v _4130_/Y (sg13g2_a22oi_1)
                                                         _1613_ (net)
                      0.102026    0.000769    1.838184 v _4135_/B (sg13g2_xnor2_1)
     2    0.010218    0.089714    0.143825    1.982009 v _4135_/Y (sg13g2_xnor2_1)
                                                         _1618_ (net)
                      0.089714    0.000290    1.982299 v _4136_/A2 (sg13g2_o21ai_1)
     2    0.010764    0.146246    0.156415    2.138714 ^ _4136_/Y (sg13g2_o21ai_1)
                                                         _1619_ (net)
                      0.146246    0.000297    2.139011 ^ _4139_/B (sg13g2_nand2b_1)
     2    0.008527    0.073536    0.109583    2.248595 v _4139_/Y (sg13g2_nand2b_1)
                                                         _1622_ (net)
                      0.073537    0.000418    2.249013 v _4142_/A1 (sg13g2_a21oi_1)
     3    0.017722    0.170481    0.165949    2.414962 ^ _4142_/Y (sg13g2_a21oi_1)
                                                         _1625_ (net)
                      0.170493    0.001191    2.416153 ^ _4147_/B1 (sg13g2_a221oi_1)
     2    0.011248    0.120467    0.152096    2.568249 v _4147_/Y (sg13g2_a221oi_1)
                                                         _1630_ (net)
                      0.120468    0.000509    2.568758 v _4148_/A2 (sg13g2_o21ai_1)
     3    0.014684    0.181417    0.196676    2.765434 ^ _4148_/Y (sg13g2_o21ai_1)
                                                         _1631_ (net)
                      0.181424    0.000919    2.766353 ^ _4152_/A (sg13g2_nor2_1)
     7    0.032188    0.137134    0.183620    2.949973 v _4152_/Y (sg13g2_nor2_1)
                                                         _1635_ (net)
                      0.137292    0.003836    2.953809 v _4159_/A1 (sg13g2_o21ai_1)
     2    0.017177    0.202478    0.223787    3.177595 ^ _4159_/Y (sg13g2_o21ai_1)
                                                         net21 (net)
                      0.202494    0.001484    3.179079 ^ output21/A (sg13g2_buf_1)
     1    0.052369    0.217636    0.255075    3.434155 ^ output21/X (sg13g2_buf_1)
                                                         dac_soft[2] (net)
                      0.217718    0.003502    3.437656 ^ dac_soft[2] (out)
                                              3.437656   data arrival time

                                100.000000  100.000000   clock osc_clk (rise edge)
                                  0.000000  100.000000   clock network delay (propagated)
                                 -0.500000   99.499992   clock uncertainty
                                  0.000000   99.499992   clock reconvergence pessimism
                                -20.000000   79.499992   output external delay
                                             79.499992   data required time
---------------------------------------------------------------------------------------------
                                             79.499992   data required time
                                             -3.437656   data arrival time
---------------------------------------------------------------------------------------------
                                             76.062340   slack (MET)


Startpoint: _6665_ (rising edge-triggered flip-flop clocked by sclk')
Endpoint: sdo (output port clocked by sclk)
Path Group: sclk
Path Type: max

Fanout         Cap        Slew       Delay        Time   Description
---------------------------------------------------------------------------------------------
                                 50.000000   50.000000   clock sclk' (rise edge)
                                  0.000000   50.000000   clock source latency
     2    0.045630    0.000000    0.000000   50.000000 v sclk (in)
                                                         sclk (net)
                      0.004781    0.002391   50.002388 v clkbuf_regs_0_sclk/A (sg13g2_buf_16)
     1    0.020672    0.019367    0.059920   50.062309 v clkbuf_regs_0_sclk/X (sg13g2_buf_16)
                                                         sclk_regs (net)
                      0.019379    0.001023   50.063332 v clkbuf_0_sclk_regs/A (sg13g2_buf_16)
     8    0.163705    0.047307    0.086924   50.150257 v clkbuf_0_sclk_regs/X (sg13g2_buf_16)
                                                         clknet_0_sclk_regs (net)
                      0.051305    0.010605   50.160862 v clkbuf_3_7__f_sclk_regs/A (sg13g2_buf_16)
     7    0.036164    0.023614    0.084640   50.245502 v clkbuf_3_7__f_sclk_regs/X (sg13g2_buf_16)
                                                         clknet_3_7__leaf_sclk_regs (net)
                      0.023636    0.001371   50.246872 v _2856__369/A (sg13g2_inv_1)
     1    0.005565    0.030496    0.035094   50.281967 ^ _2856__369/Y (sg13g2_inv_1)
                                                         net368 (net)
                      0.030503    0.000352   50.282318 ^ _6665_/CLK (sg13g2_dfrbpq_1)
     1    0.004100    0.028204    0.171010   50.453327 ^ _6665_/Q (sg13g2_dfrbpq_1)
                                                         net35 (net)
                      0.028204    0.000263   50.453590 ^ output35/A (sg13g2_buf_1)
     1    0.051830    0.215028    0.196465   50.650055 ^ output35/X (sg13g2_buf_1)
                                                         sdo (net)
                      0.215111    0.003510   50.653564 ^ sdo (out)
                                             50.653564   data arrival time

                                100.000000  100.000000   clock sclk (rise edge)
                                  0.000000  100.000000   clock network delay (propagated)
                                 -0.500000   99.499992   clock uncertainty
                                  0.000000   99.499992   clock reconvergence pessimism
                                -20.000000   79.499992   output external delay
                                             79.499992   data required time
---------------------------------------------------------------------------------------------
                                             79.499992   data required time
                                            -50.653564   data arrival time
---------------------------------------------------------------------------------------------
                                             28.846426   slack (MET)




===========================================================================
report_checks --slack_max -0.01
============================================================================
======================= nom_typ_1p20V_25C Corner ===================================

No paths found.


===========================================================================
 report_check_types -max_slew -max_cap -max_fanout -violators
============================================================================
======================= nom_typ_1p20V_25C Corner ===================================



===========================================================================
report_parasitic_annotation -report_unannotated
============================================================================
Found 60 unannotated drivers.
 clkload0/Y
 clkload1/Y
 clkload10/Y
 clkload11/Y
 clkload12/Y
 clkload13/X
 clkload14/Y
 clkload15/X
 clkload16/Y
 clkload17/Y
 clkload18/Y
 clkload19/Y
 clkload2/Y
 clkload20/Y
 clkload21/Y
 clkload22/Y
 clkload23/Y
 clkload24/Y
 clkload25/Y
 clkload26/X
 clkload27/Y
 clkload28/Y
 clkload29/Y
 clkload3/Y
 clkload30/X
 clkload31/Y
 clkload32/Y
 clkload33/Y
 clkload34/X
 clkload35/Y
 clkload36/Y
 clkload37/Y
 clkload38/Y
 clkload39/Y
 clkload4/Y
 clkload40/Y
 clkload41/X
 clkload42/X
 clkload43/Y
 clkload44/Y
 clkload45/Y
 clkload46/Y
 clkload47/Y
 clkload48/Y
 clkload49/Y
 clkload5/Y
 clkload50/Y
 clkload51/Y
 clkload52/Y
 clkload53/Y
 clkload54/Y
 clkload55/Y
 clkload56/Y
 clkload57/Y
 clkload58/Y
 clkload59/Y
 clkload6/Y
 clkload7/Y
 clkload8/X
 clkload9/Y
Found 0 partially unannotated drivers.

===========================================================================
max slew violation count 0
max fanout violation count 0
max cap violation count 0
============================================================================

===========================================================================
check_setup -verbose -unconstrained_endpoints -multiple_clock -no_clock -no_input_delay -loops -generated_clocks
===========================================================================
Warning: There are 5 input ports missing set_input_delay.
  cmp_hard
  cmp_soft
  en
  por_n
  tripped
Warning: There are 3 unconstrained endpoints.
  _6644_/D
  _6645_/D
  _6646_/D
