Clock: osc_clk
Sources: osc_clk 
Generated: no
Virtual: yes
Propagated: no
Period: 100.000000

===========================================================================
report_clock_properties
============================================================================
Clock                   Period          Waveform
----------------------------------------------------
osc_clk             100.000000    0.000000 50.000000

===========================================================================
report_clock_latency
============================================================================
Clock osc_clk
rise -> rise
    min     max
0.000000 0.000000 source latency
0.332695         network latency _5588_/CLK
        0.438250 network latency _5977_/CLK
---------------
0.332695 0.438250 latency
        0.105555 skew

fall -> fall
    min     max
0.000000 0.000000 source latency
0.348663         network latency _5588_/CLK
        0.455060 network latency _5977_/CLK
---------------
0.348663 0.455060 latency
        0.106397 skew



===========================================================================
report_clock_min_period
============================================================================
osc_clk period_min = 5.13 fmax = 194.94
Clock: sclk
Sources: sclk 
Generated: no
Virtual: yes
Propagated: no
Period: 100.000000

===========================================================================
report_clock_properties
============================================================================
Clock                   Period          Waveform
----------------------------------------------------
sclk                100.000000    0.000000 50.000000

===========================================================================
report_clock_latency
============================================================================
Clock sclk
rise -> rise
    min     max
0.000000 0.000000 source latency
0.213649         network latency _5635_/CLK
        0.234345 network latency _5650_/CLK
---------------
0.213649 0.234345 latency
        0.020695 skew

rise -> fall
    min     max
0.000000 0.000000 source latency
0.249096         network latency _5613_/CLK
        0.267047 network latency _5617_/CLK
---------------
0.249096 0.267047 latency
        0.017951 skew

fall -> rise
    min     max
0.000000 0.000000 source latency
0.265519         network latency _5613_/CLK
        0.282320 network latency _6665_/CLK
---------------
0.265519 0.282320 latency
        0.016801 skew

fall -> fall
    min     max
0.000000 0.000000 source latency
0.227686         network latency _5635_/CLK
        0.246491 network latency _5650_/CLK
---------------
0.227686 0.246491 latency
        0.018805 skew



===========================================================================
report_clock_min_period
============================================================================
sclk period_min = 2.51 fmax = 398.59
