
===========================================================================
 report_power
============================================================================
======================= nom_typ_1p20V_25C Corner ===================================

Group                    Internal    Switching      Leakage        Total
                            Power        Power        Power        Power (Watts)
------------------------------------------------------------------------
Sequential           6.171088e-04 2.904271e-05 5.594235e-07 6.467109e-04  58.4%
Combinational        4.294455e-05 7.203552e-05 4.688128e-07 1.154489e-04  10.4%
Clock                2.065373e-04 1.368213e-04 1.060877e-06 3.444194e-04  31.1%
Macro                0.000000e+00 0.000000e+00 0.000000e+00 0.000000e+00   0.0%
Pad                  0.000000e+00 0.000000e+00 0.000000e+00 0.000000e+00   0.0%
------------------------------------------------------------------------
Total                8.665902e-04 2.378995e-04 2.089069e-06 1.106579e-03 100.0%
                            78.3%        21.5%         0.2%

