
Note: No compatibility mode selected!


Circuit: * g1_t2f joint c-pex: t=25.0 c, vdda=3.3 v, vdd=1.2 v, hbt=typ, mos=tt, r=typ, c=typ, mismatch=true, seed=51002

Warning: Model issue on line 788 :
  .model xbgr.xm27:sg13g2_hv_nmos_psp_rf pspnqs103va type=+1 level=103.60  ...
Unknown model type pspnqs103va - ignored

Warning: Model issue on line 809 :
  .model xbgr.xm27:sg13g2_hv_pmos_psp_rf pspnqs103va type=-1 level=103.60  ...
Unknown model type pspnqs103va - ignored

Warning: Model issue on line 788 :
  .model xbgr.xm28:sg13g2_hv_nmos_psp_rf pspnqs103va type=+1 level=103.60  ...
Unknown model type pspnqs103va - ignored

Warning: Model issue on line 809 :
  .model xbgr.xm28:sg13g2_hv_pmos_psp_rf pspnqs103va type=-1 level=103.60  ...
Unknown model type pspnqs103va - ignored

Warning: Model issue on line 679 :
  .model xbgr.xm29:sg13g2_hv_nmos_psp_rf pspnqs103va type=+1 level=103.60  ...
Unknown model type pspnqs103va - ignored

Warning: Model issue on line 700 :
  .model xbgr.xm29:sg13g2_hv_pmos_psp_rf pspnqs103va type=-1 level=103.60  ...
Unknown model type pspnqs103va - ignored

Warning: Model issue on line 679 :
  .model xbgr.xm30:sg13g2_hv_nmos_psp_rf pspnqs103va type=+1 level=103.60  ...
Unknown model type pspnqs103va - ignored

Warning: Model issue on line 700 :
  .model xbgr.xm30:sg13g2_hv_pmos_psp_rf pspnqs103va type=-1 level=103.60  ...
Unknown model type pspnqs103va - ignored

Warning: Model issue on line 679 :
  .model xbgr.xm31:sg13g2_hv_nmos_psp_rf pspnqs103va type=+1 level=103.60  ...
Unknown model type pspnqs103va - ignored

Warning: Model issue on line 700 :
  .model xbgr.xm31:sg13g2_hv_pmos_psp_rf pspnqs103va type=-1 level=103.60  ...
Unknown model type pspnqs103va - ignored

Warning: Model issue on line 679 :
  .model xbgr.xm32:sg13g2_hv_nmos_psp_rf pspnqs103va type=+1 level=103.60  ...
Unknown model type pspnqs103va - ignored

Warning: Model issue on line 700 :
  .model xbgr.xm32:sg13g2_hv_pmos_psp_rf pspnqs103va type=-1 level=103.60  ...
Unknown model type pspnqs103va - ignored

Warning: Model issue on line 679 :
  .model xbgr.xm33:sg13g2_hv_nmos_psp_rf pspnqs103va type=+1 level=103.60  ...
Unknown model type pspnqs103va - ignored

Warning: Model issue on line 700 :
  .model xbgr.xm33:sg13g2_hv_pmos_psp_rf pspnqs103va type=-1 level=103.60  ...
Unknown model type pspnqs103va - ignored

Warning: Model issue on line 679 :
  .model xbgr.xm34:sg13g2_hv_nmos_psp_rf pspnqs103va type=+1 level=103.60  ...
Unknown model type pspnqs103va - ignored

Warning: Model issue on line 700 :
  .model xbgr.xm34:sg13g2_hv_pmos_psp_rf pspnqs103va type=-1 level=103.60  ...
Unknown model type pspnqs103va - ignored

Warning: Model issue on line 679 :
  .model xbgr.xm35:sg13g2_hv_nmos_psp_rf pspnqs103va type=+1 level=103.60  ...
Unknown model type pspnqs103va - ignored

Warning: Model issue on line 700 :
  .model xbgr.xm35:sg13g2_hv_pmos_psp_rf pspnqs103va type=-1 level=103.60  ...
Unknown model type pspnqs103va - ignored

Warning: Model issue on line 679 :
  .model xbgr.xm36:sg13g2_hv_nmos_psp_rf pspnqs103va type=+1 level=103.60  ...
Unknown model type pspnqs103va - ignored

Warning: Model issue on line 700 :
  .model xbgr.xm36:sg13g2_hv_pmos_psp_rf pspnqs103va type=-1 level=103.60  ...
Unknown model type pspnqs103va - ignored

Warning: Model issue on line 679 :
  .model xbgr.xm37:sg13g2_hv_nmos_psp_rf pspnqs103va type=+1 level=103.60  ...
Unknown model type pspnqs103va - ignored

Warning: Model issue on line 700 :
  .model xbgr.xm37:sg13g2_hv_pmos_psp_rf pspnqs103va type=-1 level=103.60  ...
Unknown model type pspnqs103va - ignored

Warning: Model issue on line 788 :
  .model xbgr.xm38:sg13g2_hv_nmos_psp_rf pspnqs103va type=+1 level=103.60  ...
Unknown model type pspnqs103va - ignored

Warning: Model issue on line 809 :
  .model xbgr.xm38:sg13g2_hv_pmos_psp_rf pspnqs103va type=-1 level=103.60  ...
Unknown model type pspnqs103va - ignored

Warning: Model issue on line 788 :
  .model xbgr.xm39:sg13g2_hv_nmos_psp_rf pspnqs103va type=+1 level=103.60  ...
Unknown model type pspnqs103va - ignored

Warning: Model issue on line 809 :
  .model xbgr.xm39:sg13g2_hv_pmos_psp_rf pspnqs103va type=-1 level=103.60  ...
Unknown model type pspnqs103va - ignored

Warning: Model issue on line 788 :
  .model xbgr.xm40:sg13g2_hv_nmos_psp_rf pspnqs103va type=+1 level=103.60  ...
Unknown model type pspnqs103va - ignored

Warning: Model issue on line 809 :
  .model xbgr.xm40:sg13g2_hv_pmos_psp_rf pspnqs103va type=-1 level=103.60  ...
Unknown model type pspnqs103va - ignored

Warning: Model issue on line 788 :
  .model xbgr.xm41:sg13g2_hv_nmos_psp_rf pspnqs103va type=+1 level=103.60  ...
Unknown model type pspnqs103va - ignored

Warning: Model issue on line 809 :
  .model xbgr.xm41:sg13g2_hv_pmos_psp_rf pspnqs103va type=-1 level=103.60  ...
Unknown model type pspnqs103va - ignored

Warning: Model issue on line 788 :
  .model xbgr.xm42:sg13g2_hv_nmos_psp_rf pspnqs103va type=+1 level=103.60  ...
Unknown model type pspnqs103va - ignored

Warning: Model issue on line 809 :
  .model xbgr.xm42:sg13g2_hv_pmos_psp_rf pspnqs103va type=-1 level=103.60  ...
Unknown model type pspnqs103va - ignored

Warning: Model issue on line 788 :
  .model xbgr.xm43:sg13g2_hv_nmos_psp_rf pspnqs103va type=+1 level=103.60  ...
Unknown model type pspnqs103va - ignored

Warning: Model issue on line 809 :
  .model xbgr.xm43:sg13g2_hv_pmos_psp_rf pspnqs103va type=-1 level=103.60  ...
Unknown model type pspnqs103va - ignored

Warning: Model issue on line 788 :
  .model xbgr.xm44:sg13g2_hv_nmos_psp_rf pspnqs103va type=+1 level=103.60  ...
Unknown model type pspnqs103va - ignored

Warning: Model issue on line 809 :
  .model xbgr.xm44:sg13g2_hv_pmos_psp_rf pspnqs103va type=-1 level=103.60  ...
Unknown model type pspnqs103va - ignored

Warning: Model issue on line 788 :
  .model xbgr.xm45:sg13g2_hv_nmos_psp_rf pspnqs103va type=+1 level=103.60  ...
Unknown model type pspnqs103va - ignored

Warning: Model issue on line 809 :
  .model xbgr.xm45:sg13g2_hv_pmos_psp_rf pspnqs103va type=-1 level=103.60  ...
Unknown model type pspnqs103va - ignored

Warning: Model issue on line 788 :
  .model xbgr.xm46:sg13g2_hv_nmos_psp_rf pspnqs103va type=+1 level=103.60  ...
Unknown model type pspnqs103va - ignored

Warning: Model issue on line 809 :
  .model xbgr.xm46:sg13g2_hv_pmos_psp_rf pspnqs103va type=-1 level=103.60  ...
Unknown model type pspnqs103va - ignored

Warning: Model issue on line 788 :
  .model xbgr.xm47:sg13g2_hv_nmos_psp_rf pspnqs103va type=+1 level=103.60  ...
Unknown model type pspnqs103va - ignored

Warning: Model issue on line 809 :
  .model xbgr.xm47:sg13g2_hv_pmos_psp_rf pspnqs103va type=-1 level=103.60  ...
Unknown model type pspnqs103va - ignored

Warning: Model issue on line 788 :
  .model xbgr.xm48:sg13g2_hv_nmos_psp_rf pspnqs103va type=+1 level=103.60  ...
Unknown model type pspnqs103va - ignored

Warning: Model issue on line 809 :
  .model xbgr.xm48:sg13g2_hv_pmos_psp_rf pspnqs103va type=-1 level=103.60  ...
Unknown model type pspnqs103va - ignored

Warning: Model issue on line 788 :
  .model xbgr.xm49:sg13g2_hv_nmos_psp_rf pspnqs103va type=+1 level=103.60  ...
Unknown model type pspnqs103va - ignored

Warning: Model issue on line 809 :
  .model xbgr.xm49:sg13g2_hv_pmos_psp_rf pspnqs103va type=-1 level=103.60  ...
Unknown model type pspnqs103va - ignored

Warning: Model issue on line 788 :
  .model xbgr.xm50:sg13g2_hv_nmos_psp_rf pspnqs103va type=+1 level=103.60  ...
Unknown model type pspnqs103va - ignored

Warning: Model issue on line 809 :
  .model xbgr.xm50:sg13g2_hv_pmos_psp_rf pspnqs103va type=-1 level=103.60  ...
Unknown model type pspnqs103va - ignored

Warning: Model issue on line 788 :
  .model xbgr.xm51:sg13g2_hv_nmos_psp_rf pspnqs103va type=+1 level=103.60  ...
Unknown model type pspnqs103va - ignored

Warning: Model issue on line 809 :
  .model xbgr.xm51:sg13g2_hv_pmos_psp_rf pspnqs103va type=-1 level=103.60  ...
Unknown model type pspnqs103va - ignored

Warning: Model issue on line 788 :
  .model xbgr.xm52:sg13g2_hv_nmos_psp_rf pspnqs103va type=+1 level=103.60  ...
Unknown model type pspnqs103va - ignored

Warning: Model issue on line 809 :
  .model xbgr.xm52:sg13g2_hv_pmos_psp_rf pspnqs103va type=-1 level=103.60  ...
Unknown model type pspnqs103va - ignored

Warning: Model issue on line 788 :
  .model xbgr.xm53:sg13g2_hv_nmos_psp_rf pspnqs103va type=+1 level=103.60  ...
Unknown model type pspnqs103va - ignored

Warning: Model issue on line 809 :
  .model xbgr.xm53:sg13g2_hv_pmos_psp_rf pspnqs103va type=-1 level=103.60  ...
Unknown model type pspnqs103va - ignored

Warning: Model issue on line 788 :
  .model xbgr.xm54:sg13g2_hv_nmos_psp_rf pspnqs103va type=+1 level=103.60  ...
Unknown model type pspnqs103va - ignored

Warning: Model issue on line 809 :
  .model xbgr.xm54:sg13g2_hv_pmos_psp_rf pspnqs103va type=-1 level=103.60  ...
Unknown model type pspnqs103va - ignored

Warning: Model issue on line 679 :
  .model xt2f.xm1:sg13g2_hv_nmos_psp_rf pspnqs103va type=+1 level=103.60 t ...
Unknown model type pspnqs103va - ignored

Warning: Model issue on line 700 :
  .model xt2f.xm1:sg13g2_hv_pmos_psp_rf pspnqs103va type=-1 level=103.60 t ...
Unknown model type pspnqs103va - ignored

Warning: Model issue on line 679 :
  .model xt2f.xm2:sg13g2_hv_nmos_psp_rf pspnqs103va type=+1 level=103.60 t ...
Unknown model type pspnqs103va - ignored

Warning: Model issue on line 700 :
  .model xt2f.xm2:sg13g2_hv_pmos_psp_rf pspnqs103va type=-1 level=103.60 t ...
Unknown model type pspnqs103va - ignored

Warning: Model issue on line 679 :
  .model xt2f.xm13:sg13g2_hv_nmos_psp_rf pspnqs103va type=+1 level=103.60  ...
Unknown model type pspnqs103va - ignored

Warning: Model issue on line 700 :
  .model xt2f.xm13:sg13g2_hv_pmos_psp_rf pspnqs103va type=-1 level=103.60  ...
Unknown model type pspnqs103va - ignored

Warning: Model issue on line 679 :
  .model xt2f.xm14:sg13g2_hv_nmos_psp_rf pspnqs103va type=+1 level=103.60  ...
Unknown model type pspnqs103va - ignored

Warning: Model issue on line 700 :
  .model xt2f.xm14:sg13g2_hv_pmos_psp_rf pspnqs103va type=-1 level=103.60  ...
Unknown model type pspnqs103va - ignored

Warning: Model issue on line 890 :
  .model xt2f.xm15:sg13g2_lv_nmos_psp_rf pspnqs103va type=+1 level=103.60  ...
Unknown model type pspnqs103va - ignored

Warning: Model issue on line 912 :
  .model xt2f.xm15:sg13g2_lv_pmos_psp_rf pspnqs103va type=-1 level=103.60  ...
Unknown model type pspnqs103va - ignored

Warning: Model issue on line 914 :
  .model xt2f.xm15:nmoscl_psp_rf pspnqs103va type=+1 tr=27.0 dta=0.0 swgeo ...
Unknown model type pspnqs103va - ignored

Warning: Model issue on line 779 :
  .model xt2f.xm16:sg13g2_lv_nmos_psp_rf pspnqs103va type=+1 level=103.60  ...
Unknown model type pspnqs103va - ignored

Warning: Model issue on line 801 :
  .model xt2f.xm16:sg13g2_lv_pmos_psp_rf pspnqs103va type=-1 level=103.60  ...
Unknown model type pspnqs103va - ignored

Warning: Model issue on line 803 :
  .model xt2f.xm16:nmoscl_psp_rf pspnqs103va type=+1 tr=27.0 dta=0.0 swgeo ...
Unknown model type pspnqs103va - ignored

Warning: Model issue on line 779 :
  .model xt2f.xm17:sg13g2_lv_nmos_psp_rf pspnqs103va type=+1 level=103.60  ...
Unknown model type pspnqs103va - ignored

Warning: Model issue on line 801 :
  .model xt2f.xm17:sg13g2_lv_pmos_psp_rf pspnqs103va type=-1 level=103.60  ...
Unknown model type pspnqs103va - ignored

Warning: Model issue on line 803 :
  .model xt2f.xm17:nmoscl_psp_rf pspnqs103va type=+1 tr=27.0 dta=0.0 swgeo ...
Unknown model type pspnqs103va - ignored

Warning: Model issue on line 890 :
  .model xt2f.xm18:sg13g2_lv_nmos_psp_rf pspnqs103va type=+1 level=103.60  ...
Unknown model type pspnqs103va - ignored

Warning: Model issue on line 912 :
  .model xt2f.xm18:sg13g2_lv_pmos_psp_rf pspnqs103va type=-1 level=103.60  ...
Unknown model type pspnqs103va - ignored

Warning: Model issue on line 914 :
  .model xt2f.xm18:nmoscl_psp_rf pspnqs103va type=+1 tr=27.0 dta=0.0 swgeo ...
Unknown model type pspnqs103va - ignored

Warning: Model issue on line 890 :
  .model xt2f.xm19:sg13g2_lv_nmos_psp_rf pspnqs103va type=+1 level=103.60  ...
Unknown model type pspnqs103va - ignored

Warning: Model issue on line 912 :
  .model xt2f.xm19:sg13g2_lv_pmos_psp_rf pspnqs103va type=-1 level=103.60  ...
Unknown model type pspnqs103va - ignored

Warning: Model issue on line 914 :
  .model xt2f.xm19:nmoscl_psp_rf pspnqs103va type=+1 tr=27.0 dta=0.0 swgeo ...
Unknown model type pspnqs103va - ignored

Warning: Model issue on line 788 :
  .model xt2f.xm20:sg13g2_hv_nmos_psp_rf pspnqs103va type=+1 level=103.60  ...
Unknown model type pspnqs103va - ignored

Warning: Model issue on line 809 :
  .model xt2f.xm20:sg13g2_hv_pmos_psp_rf pspnqs103va type=-1 level=103.60  ...
Unknown model type pspnqs103va - ignored

Warning: Model issue on line 788 :
  .model xt2f.xm21:sg13g2_hv_nmos_psp_rf pspnqs103va type=+1 level=103.60  ...
Unknown model type pspnqs103va - ignored

Warning: Model issue on line 809 :
  .model xt2f.xm21:sg13g2_hv_pmos_psp_rf pspnqs103va type=-1 level=103.60  ...
Unknown model type pspnqs103va - ignored

Warning: Model issue on line 788 :
  .model xt2f.xm22:sg13g2_hv_nmos_psp_rf pspnqs103va type=+1 level=103.60  ...
Unknown model type pspnqs103va - ignored

Warning: Model issue on line 809 :
  .model xt2f.xm22:sg13g2_hv_pmos_psp_rf pspnqs103va type=-1 level=103.60  ...
Unknown model type pspnqs103va - ignored

Warning: Model issue on line 679 :
  .model xt2f.xm23:sg13g2_hv_nmos_psp_rf pspnqs103va type=+1 level=103.60  ...
Unknown model type pspnqs103va - ignored

Warning: Model issue on line 700 :
  .model xt2f.xm23:sg13g2_hv_pmos_psp_rf pspnqs103va type=-1 level=103.60  ...
Unknown model type pspnqs103va - ignored

Warning: Model issue on line 679 :
  .model xt2f.xm24:sg13g2_hv_nmos_psp_rf pspnqs103va type=+1 level=103.60  ...
Unknown model type pspnqs103va - ignored

Warning: Model issue on line 700 :
  .model xt2f.xm24:sg13g2_hv_pmos_psp_rf pspnqs103va type=-1 level=103.60  ...
Unknown model type pspnqs103va - ignored

Warning: Model issue on line 679 :
  .model xt2f.xm25:sg13g2_hv_nmos_psp_rf pspnqs103va type=+1 level=103.60  ...
Unknown model type pspnqs103va - ignored

Warning: Model issue on line 700 :
  .model xt2f.xm25:sg13g2_hv_pmos_psp_rf pspnqs103va type=-1 level=103.60  ...
Unknown model type pspnqs103va - ignored

Warning: Model issue on line 788 :
  .model xt2f.xm26:sg13g2_hv_nmos_psp_rf pspnqs103va type=+1 level=103.60  ...
Unknown model type pspnqs103va - ignored

Warning: Model issue on line 809 :
  .model xt2f.xm26:sg13g2_hv_pmos_psp_rf pspnqs103va type=-1 level=103.60  ...
Unknown model type pspnqs103va - ignored

Warning: Model issue on line 788 :
  .model xt2f.xm27:sg13g2_hv_nmos_psp_rf pspnqs103va type=+1 level=103.60  ...
Unknown model type pspnqs103va - ignored

Warning: Model issue on line 809 :
  .model xt2f.xm27:sg13g2_hv_pmos_psp_rf pspnqs103va type=-1 level=103.60  ...
Unknown model type pspnqs103va - ignored

Warning: Model issue on line 788 :
  .model xt2f.xm28:sg13g2_hv_nmos_psp_rf pspnqs103va type=+1 level=103.60  ...
Unknown model type pspnqs103va - ignored

Warning: Model issue on line 809 :
  .model xt2f.xm28:sg13g2_hv_pmos_psp_rf pspnqs103va type=-1 level=103.60  ...
Unknown model type pspnqs103va - ignored

Warning: Model issue on line 788 :
  .model xt2f.xm29:sg13g2_hv_nmos_psp_rf pspnqs103va type=+1 level=103.60  ...
Unknown model type pspnqs103va - ignored

Warning: Model issue on line 809 :
  .model xt2f.xm29:sg13g2_hv_pmos_psp_rf pspnqs103va type=-1 level=103.60  ...
Unknown model type pspnqs103va - ignored

Warning: Model issue on line 788 :
  .model xt2f.xm30:sg13g2_hv_nmos_psp_rf pspnqs103va type=+1 level=103.60  ...
Unknown model type pspnqs103va - ignored

Warning: Model issue on line 809 :
  .model xt2f.xm30:sg13g2_hv_pmos_psp_rf pspnqs103va type=-1 level=103.60  ...
Unknown model type pspnqs103va - ignored

Warning: Model issue on line 788 :
  .model xt2f.xm31:sg13g2_hv_nmos_psp_rf pspnqs103va type=+1 level=103.60  ...
Unknown model type pspnqs103va - ignored

Warning: Model issue on line 809 :
  .model xt2f.xm31:sg13g2_hv_pmos_psp_rf pspnqs103va type=-1 level=103.60  ...
Unknown model type pspnqs103va - ignored

Warning: Model issue on line 788 :
  .model xt2f.xm32:sg13g2_hv_nmos_psp_rf pspnqs103va type=+1 level=103.60  ...
Unknown model type pspnqs103va - ignored

Warning: Model issue on line 809 :
  .model xt2f.xm32:sg13g2_hv_pmos_psp_rf pspnqs103va type=-1 level=103.60  ...
Unknown model type pspnqs103va - ignored

Warning: Model issue on line 788 :
  .model xt2f.xm33:sg13g2_hv_nmos_psp_rf pspnqs103va type=+1 level=103.60  ...
Unknown model type pspnqs103va - ignored

Warning: Model issue on line 809 :
  .model xt2f.xm33:sg13g2_hv_pmos_psp_rf pspnqs103va type=-1 level=103.60  ...
Unknown model type pspnqs103va - ignored

Warning: Model issue on line 788 :
  .model xt2f.xm34:sg13g2_hv_nmos_psp_rf pspnqs103va type=+1 level=103.60  ...
Unknown model type pspnqs103va - ignored

Warning: Model issue on line 809 :
  .model xt2f.xm34:sg13g2_hv_pmos_psp_rf pspnqs103va type=-1 level=103.60  ...
Unknown model type pspnqs103va - ignored

Warning: Model issue on line 788 :
  .model xt2f.xm35:sg13g2_hv_nmos_psp_rf pspnqs103va type=+1 level=103.60  ...
Unknown model type pspnqs103va - ignored

Warning: Model issue on line 809 :
  .model xt2f.xm35:sg13g2_hv_pmos_psp_rf pspnqs103va type=-1 level=103.60  ...
Unknown model type pspnqs103va - ignored

Warning: Model issue on line 679 :
  .model xt2f.xm36:sg13g2_hv_nmos_psp_rf pspnqs103va type=+1 level=103.60  ...
Unknown model type pspnqs103va - ignored

Warning: Model issue on line 700 :
  .model xt2f.xm36:sg13g2_hv_pmos_psp_rf pspnqs103va type=-1 level=103.60  ...
Unknown model type pspnqs103va - ignored

Warning: Model issue on line 679 :
  .model xt2f.xm37:sg13g2_hv_nmos_psp_rf pspnqs103va type=+1 level=103.60  ...
Unknown model type pspnqs103va - ignored

Warning: Model issue on line 700 :
  .model xt2f.xm37:sg13g2_hv_pmos_psp_rf pspnqs103va type=-1 level=103.60  ...
Unknown model type pspnqs103va - ignored

Warning: Model issue on line 679 :
  .model xt2f.xm38:sg13g2_hv_nmos_psp_rf pspnqs103va type=+1 level=103.60  ...
Unknown model type pspnqs103va - ignored

Warning: Model issue on line 700 :
  .model xt2f.xm38:sg13g2_hv_pmos_psp_rf pspnqs103va type=-1 level=103.60  ...
Unknown model type pspnqs103va - ignored

Warning: Model issue on line 679 :
  .model xt2f.xm39:sg13g2_hv_nmos_psp_rf pspnqs103va type=+1 level=103.60  ...
Unknown model type pspnqs103va - ignored

Warning: Model issue on line 700 :
  .model xt2f.xm39:sg13g2_hv_pmos_psp_rf pspnqs103va type=-1 level=103.60  ...
Unknown model type pspnqs103va - ignored

Warning: Model issue on line 788 :
  .model xt2f.xm46:sg13g2_hv_nmos_psp_rf pspnqs103va type=+1 level=103.60  ...
Unknown model type pspnqs103va - ignored

Warning: Model issue on line 809 :
  .model xt2f.xm46:sg13g2_hv_pmos_psp_rf pspnqs103va type=-1 level=103.60  ...
Unknown model type pspnqs103va - ignored

Warning: Model issue on line 788 :
  .model xt2f.xm47:sg13g2_hv_nmos_psp_rf pspnqs103va type=+1 level=103.60  ...
Unknown model type pspnqs103va - ignored

Warning: Model issue on line 809 :
  .model xt2f.xm47:sg13g2_hv_pmos_psp_rf pspnqs103va type=-1 level=103.60  ...
Unknown model type pspnqs103va - ignored

Warning: Model issue on line 788 :
  .model xt2f.xm48:sg13g2_hv_nmos_psp_rf pspnqs103va type=+1 level=103.60  ...
Unknown model type pspnqs103va - ignored

Warning: Model issue on line 809 :
  .model xt2f.xm48:sg13g2_hv_pmos_psp_rf pspnqs103va type=-1 level=103.60  ...
Unknown model type pspnqs103va - ignored

Warning: Model issue on line 788 :
  .model xt2f.xm49:sg13g2_hv_nmos_psp_rf pspnqs103va type=+1 level=103.60  ...
Unknown model type pspnqs103va - ignored

Warning: Model issue on line 809 :
  .model xt2f.xm49:sg13g2_hv_pmos_psp_rf pspnqs103va type=-1 level=103.60  ...
Unknown model type pspnqs103va - ignored

Warning: Model issue on line 679 :
  .model xt2f.xm50:sg13g2_hv_nmos_psp_rf pspnqs103va type=+1 level=103.60  ...
Unknown model type pspnqs103va - ignored

Warning: Model issue on line 700 :
  .model xt2f.xm50:sg13g2_hv_pmos_psp_rf pspnqs103va type=-1 level=103.60  ...
Unknown model type pspnqs103va - ignored

Warning: Model issue on line 679 :
  .model xt2f.xm51:sg13g2_hv_nmos_psp_rf pspnqs103va type=+1 level=103.60  ...
Unknown model type pspnqs103va - ignored

Warning: Model issue on line 700 :
  .model xt2f.xm51:sg13g2_hv_pmos_psp_rf pspnqs103va type=-1 level=103.60  ...
Unknown model type pspnqs103va - ignored

Warning: Model issue on line 679 :
  .model xt2f.xm52:sg13g2_hv_nmos_psp_rf pspnqs103va type=+1 level=103.60  ...
Unknown model type pspnqs103va - ignored

Warning: Model issue on line 700 :
  .model xt2f.xm52:sg13g2_hv_pmos_psp_rf pspnqs103va type=-1 level=103.60  ...
Unknown model type pspnqs103va - ignored

Warning: Model issue on line 679 :
  .model xt2f.xm53:sg13g2_hv_nmos_psp_rf pspnqs103va type=+1 level=103.60  ...
Unknown model type pspnqs103va - ignored

Warning: Model issue on line 700 :
  .model xt2f.xm53:sg13g2_hv_pmos_psp_rf pspnqs103va type=-1 level=103.60  ...
Unknown model type pspnqs103va - ignored

Warning: Model issue on line 679 :
  .model xt2f.xm54:sg13g2_hv_nmos_psp_rf pspnqs103va type=+1 level=103.60  ...
Unknown model type pspnqs103va - ignored

Warning: Model issue on line 700 :
  .model xt2f.xm54:sg13g2_hv_pmos_psp_rf pspnqs103va type=-1 level=103.60  ...
Unknown model type pspnqs103va - ignored

Warning: Model issue on line 679 :
  .model xt2f.xm55:sg13g2_hv_nmos_psp_rf pspnqs103va type=+1 level=103.60  ...
Unknown model type pspnqs103va - ignored

Warning: Model issue on line 700 :
  .model xt2f.xm55:sg13g2_hv_pmos_psp_rf pspnqs103va type=-1 level=103.60  ...
Unknown model type pspnqs103va - ignored

Warning: Model issue on line 679 :
  .model xt2f.xm56:sg13g2_hv_nmos_psp_rf pspnqs103va type=+1 level=103.60  ...
Unknown model type pspnqs103va - ignored

Warning: Model issue on line 700 :
  .model xt2f.xm56:sg13g2_hv_pmos_psp_rf pspnqs103va type=-1 level=103.60  ...
Unknown model type pspnqs103va - ignored

Warning: Model issue on line 679 :
  .model xt2f.xm57:sg13g2_hv_nmos_psp_rf pspnqs103va type=+1 level=103.60  ...
Unknown model type pspnqs103va - ignored

Warning: Model issue on line 700 :
  .model xt2f.xm57:sg13g2_hv_pmos_psp_rf pspnqs103va type=-1 level=103.60  ...
Unknown model type pspnqs103va - ignored

Warning: Model issue on line 679 :
  .model xt2f.xm58:sg13g2_hv_nmos_psp_rf pspnqs103va type=+1 level=103.60  ...
Unknown model type pspnqs103va - ignored

Warning: Model issue on line 700 :
  .model xt2f.xm58:sg13g2_hv_pmos_psp_rf pspnqs103va type=-1 level=103.60  ...
Unknown model type pspnqs103va - ignored

Warning: Model issue on line 679 :
  .model xt2f.xm59:sg13g2_hv_nmos_psp_rf pspnqs103va type=+1 level=103.60  ...
Unknown model type pspnqs103va - ignored

Warning: Model issue on line 700 :
  .model xt2f.xm59:sg13g2_hv_pmos_psp_rf pspnqs103va type=-1 level=103.60  ...
Unknown model type pspnqs103va - ignored

Warning: Model issue on line 679 :
  .model xt2f.xm60:sg13g2_hv_nmos_psp_rf pspnqs103va type=+1 level=103.60  ...
Unknown model type pspnqs103va - ignored

Warning: Model issue on line 700 :
  .model xt2f.xm60:sg13g2_hv_pmos_psp_rf pspnqs103va type=-1 level=103.60  ...
Unknown model type pspnqs103va - ignored

Warning: Model issue on line 679 :
  .model xt2f.xm61:sg13g2_hv_nmos_psp_rf pspnqs103va type=+1 level=103.60  ...
Unknown model type pspnqs103va - ignored

Warning: Model issue on line 700 :
  .model xt2f.xm61:sg13g2_hv_pmos_psp_rf pspnqs103va type=-1 level=103.60  ...
Unknown model type pspnqs103va - ignored

Warning: Model issue on line 679 :
  .model xt2f.xm62:sg13g2_hv_nmos_psp_rf pspnqs103va type=+1 level=103.60  ...
Unknown model type pspnqs103va - ignored

Warning: Model issue on line 700 :
  .model xt2f.xm62:sg13g2_hv_pmos_psp_rf pspnqs103va type=-1 level=103.60  ...
Unknown model type pspnqs103va - ignored

Warning: Model issue on line 679 :
  .model xt2f.xm63:sg13g2_hv_nmos_psp_rf pspnqs103va type=+1 level=103.60  ...
Unknown model type pspnqs103va - ignored

Warning: Model issue on line 700 :
  .model xt2f.xm63:sg13g2_hv_pmos_psp_rf pspnqs103va type=-1 level=103.60  ...
Unknown model type pspnqs103va - ignored

Warning: Model issue on line 679 :
  .model xt2f.xm64:sg13g2_hv_nmos_psp_rf pspnqs103va type=+1 level=103.60  ...
Unknown model type pspnqs103va - ignored

Warning: Model issue on line 700 :
  .model xt2f.xm64:sg13g2_hv_pmos_psp_rf pspnqs103va type=-1 level=103.60  ...
Unknown model type pspnqs103va - ignored

Warning: Model issue on line 679 :
  .model xt2f.xm65:sg13g2_hv_nmos_psp_rf pspnqs103va type=+1 level=103.60  ...
Unknown model type pspnqs103va - ignored

Warning: Model issue on line 700 :
  .model xt2f.xm65:sg13g2_hv_pmos_psp_rf pspnqs103va type=-1 level=103.60  ...
Unknown model type pspnqs103va - ignored

Warning: Model issue on line 679 :
  .model xt2f.xm66:sg13g2_hv_nmos_psp_rf pspnqs103va type=+1 level=103.60  ...
Unknown model type pspnqs103va - ignored

Warning: Model issue on line 700 :
  .model xt2f.xm66:sg13g2_hv_pmos_psp_rf pspnqs103va type=-1 level=103.60  ...
Unknown model type pspnqs103va - ignored

Warning: Model issue on line 679 :
  .model xt2f.xm67:sg13g2_hv_nmos_psp_rf pspnqs103va type=+1 level=103.60  ...
Unknown model type pspnqs103va - ignored

Warning: Model issue on line 700 :
  .model xt2f.xm67:sg13g2_hv_pmos_psp_rf pspnqs103va type=-1 level=103.60  ...
Unknown model type pspnqs103va - ignored

Warning: Model issue on line 679 :
  .model xt2f.xm68:sg13g2_hv_nmos_psp_rf pspnqs103va type=+1 level=103.60  ...
Unknown model type pspnqs103va - ignored

Warning: Model issue on line 700 :
  .model xt2f.xm68:sg13g2_hv_pmos_psp_rf pspnqs103va type=-1 level=103.60  ...
Unknown model type pspnqs103va - ignored

Warning: Model issue on line 679 :
  .model xt2f.xm69:sg13g2_hv_nmos_psp_rf pspnqs103va type=+1 level=103.60  ...
Unknown model type pspnqs103va - ignored

Warning: Model issue on line 700 :
  .model xt2f.xm69:sg13g2_hv_pmos_psp_rf pspnqs103va type=-1 level=103.60  ...
Unknown model type pspnqs103va - ignored

Warning: Model issue on line 679 :
  .model xt2f.xm70:sg13g2_hv_nmos_psp_rf pspnqs103va type=+1 level=103.60  ...
Unknown model type pspnqs103va - ignored

Warning: Model issue on line 700 :
  .model xt2f.xm70:sg13g2_hv_pmos_psp_rf pspnqs103va type=-1 level=103.60  ...
Unknown model type pspnqs103va - ignored

Warning: Model issue on line 679 :
  .model xt2f.xm71:sg13g2_hv_nmos_psp_rf pspnqs103va type=+1 level=103.60  ...
Unknown model type pspnqs103va - ignored

Warning: Model issue on line 700 :
  .model xt2f.xm71:sg13g2_hv_pmos_psp_rf pspnqs103va type=-1 level=103.60  ...
Unknown model type pspnqs103va - ignored

Warning: Model issue on line 679 :
  .model xt2f.xm72:sg13g2_hv_nmos_psp_rf pspnqs103va type=+1 level=103.60  ...
Unknown model type pspnqs103va - ignored

Warning: Model issue on line 700 :
  .model xt2f.xm72:sg13g2_hv_pmos_psp_rf pspnqs103va type=-1 level=103.60  ...
Unknown model type pspnqs103va - ignored

Warning: Model issue on line 679 :
  .model xt2f.xm73:sg13g2_hv_nmos_psp_rf pspnqs103va type=+1 level=103.60  ...
Unknown model type pspnqs103va - ignored

Warning: Model issue on line 700 :
  .model xt2f.xm73:sg13g2_hv_pmos_psp_rf pspnqs103va type=-1 level=103.60  ...
Unknown model type pspnqs103va - ignored

Warning: Model issue on line 679 :
  .model xt2f.xm74:sg13g2_hv_nmos_psp_rf pspnqs103va type=+1 level=103.60  ...
Unknown model type pspnqs103va - ignored

Warning: Model issue on line 700 :
  .model xt2f.xm74:sg13g2_hv_pmos_psp_rf pspnqs103va type=-1 level=103.60  ...
Unknown model type pspnqs103va - ignored

Warning: Model issue on line 679 :
  .model xt2f.xm75:sg13g2_hv_nmos_psp_rf pspnqs103va type=+1 level=103.60  ...
Unknown model type pspnqs103va - ignored

Warning: Model issue on line 700 :
  .model xt2f.xm75:sg13g2_hv_pmos_psp_rf pspnqs103va type=-1 level=103.60  ...
Unknown model type pspnqs103va - ignored

Warning: Model issue on line 679 :
  .model xt2f.xm76:sg13g2_hv_nmos_psp_rf pspnqs103va type=+1 level=103.60  ...
Unknown model type pspnqs103va - ignored

Warning: Model issue on line 700 :
  .model xt2f.xm76:sg13g2_hv_pmos_psp_rf pspnqs103va type=-1 level=103.60  ...
Unknown model type pspnqs103va - ignored

Warning: Model issue on line 788 :
  .model xt2f.xm77:sg13g2_hv_nmos_psp_rf pspnqs103va type=+1 level=103.60  ...
Unknown model type pspnqs103va - ignored

Warning: Model issue on line 809 :
  .model xt2f.xm77:sg13g2_hv_pmos_psp_rf pspnqs103va type=-1 level=103.60  ...
Unknown model type pspnqs103va - ignored

Warning: Model issue on line 788 :
  .model xt2f.xm78:sg13g2_hv_nmos_psp_rf pspnqs103va type=+1 level=103.60  ...
Unknown model type pspnqs103va - ignored

Warning: Model issue on line 809 :
  .model xt2f.xm78:sg13g2_hv_pmos_psp_rf pspnqs103va type=-1 level=103.60  ...
Unknown model type pspnqs103va - ignored

Warning: Model issue on line 788 :
  .model xt2f.xm79:sg13g2_hv_nmos_psp_rf pspnqs103va type=+1 level=103.60  ...
Unknown model type pspnqs103va - ignored

Warning: Model issue on line 809 :
  .model xt2f.xm79:sg13g2_hv_pmos_psp_rf pspnqs103va type=-1 level=103.60  ...
Unknown model type pspnqs103va - ignored

Warning: Model issue on line 788 :
  .model xt2f.xm80:sg13g2_hv_nmos_psp_rf pspnqs103va type=+1 level=103.60  ...
Unknown model type pspnqs103va - ignored

Warning: Model issue on line 809 :
  .model xt2f.xm80:sg13g2_hv_pmos_psp_rf pspnqs103va type=-1 level=103.60  ...
Unknown model type pspnqs103va - ignored

Warning: Model issue on line 788 :
  .model xt2f.xm81:sg13g2_hv_nmos_psp_rf pspnqs103va type=+1 level=103.60  ...
Unknown model type pspnqs103va - ignored

Warning: Model issue on line 809 :
  .model xt2f.xm81:sg13g2_hv_pmos_psp_rf pspnqs103va type=-1 level=103.60  ...
Unknown model type pspnqs103va - ignored

Warning: Model issue on line 788 :
  .model xt2f.xm82:sg13g2_hv_nmos_psp_rf pspnqs103va type=+1 level=103.60  ...
Unknown model type pspnqs103va - ignored

Warning: Model issue on line 809 :
  .model xt2f.xm82:sg13g2_hv_pmos_psp_rf pspnqs103va type=-1 level=103.60  ...
Unknown model type pspnqs103va - ignored

Warning: Model issue on line 788 :
  .model xt2f.xm83:sg13g2_hv_nmos_psp_rf pspnqs103va type=+1 level=103.60  ...
Unknown model type pspnqs103va - ignored

Warning: Model issue on line 809 :
  .model xt2f.xm83:sg13g2_hv_pmos_psp_rf pspnqs103va type=-1 level=103.60  ...
Unknown model type pspnqs103va - ignored

Warning: Model issue on line 788 :
  .model xt2f.xm84:sg13g2_hv_nmos_psp_rf pspnqs103va type=+1 level=103.60  ...
Unknown model type pspnqs103va - ignored

Warning: Model issue on line 809 :
  .model xt2f.xm84:sg13g2_hv_pmos_psp_rf pspnqs103va type=-1 level=103.60  ...
Unknown model type pspnqs103va - ignored

Warning: Model issue on line 788 :
  .model xt2f.xm85:sg13g2_hv_nmos_psp_rf pspnqs103va type=+1 level=103.60  ...
Unknown model type pspnqs103va - ignored

Warning: Model issue on line 809 :
  .model xt2f.xm85:sg13g2_hv_pmos_psp_rf pspnqs103va type=-1 level=103.60  ...
Unknown model type pspnqs103va - ignored

Warning: Model issue on line 788 :
  .model xt2f.xm86:sg13g2_hv_nmos_psp_rf pspnqs103va type=+1 level=103.60  ...
Unknown model type pspnqs103va - ignored

Warning: Model issue on line 809 :
  .model xt2f.xm86:sg13g2_hv_pmos_psp_rf pspnqs103va type=-1 level=103.60  ...
Unknown model type pspnqs103va - ignored

Warning: Model issue on line 788 :
  .model xt2f.xm87:sg13g2_hv_nmos_psp_rf pspnqs103va type=+1 level=103.60  ...
Unknown model type pspnqs103va - ignored

Warning: Model issue on line 809 :
  .model xt2f.xm87:sg13g2_hv_pmos_psp_rf pspnqs103va type=-1 level=103.60  ...
Unknown model type pspnqs103va - ignored

Warning: Model issue on line 788 :
  .model xt2f.xm88:sg13g2_hv_nmos_psp_rf pspnqs103va type=+1 level=103.60  ...
Unknown model type pspnqs103va - ignored

Warning: Model issue on line 809 :
  .model xt2f.xm88:sg13g2_hv_pmos_psp_rf pspnqs103va type=-1 level=103.60  ...
Unknown model type pspnqs103va - ignored

Warning: Model issue on line 788 :
  .model xt2f.xm89:sg13g2_hv_nmos_psp_rf pspnqs103va type=+1 level=103.60  ...
Unknown model type pspnqs103va - ignored

Warning: Model issue on line 809 :
  .model xt2f.xm89:sg13g2_hv_pmos_psp_rf pspnqs103va type=-1 level=103.60  ...
Unknown model type pspnqs103va - ignored

Warning: Model issue on line 788 :
  .model xt2f.xm90:sg13g2_hv_nmos_psp_rf pspnqs103va type=+1 level=103.60  ...
Unknown model type pspnqs103va - ignored

Warning: Model issue on line 809 :
  .model xt2f.xm90:sg13g2_hv_pmos_psp_rf pspnqs103va type=-1 level=103.60  ...
Unknown model type pspnqs103va - ignored

Warning: Model issue on line 890 :
  .model xt2f.xm91:sg13g2_lv_nmos_psp_rf pspnqs103va type=+1 level=103.60  ...
Unknown model type pspnqs103va - ignored

Warning: Model issue on line 912 :
  .model xt2f.xm91:sg13g2_lv_pmos_psp_rf pspnqs103va type=-1 level=103.60  ...
Unknown model type pspnqs103va - ignored

Warning: Model issue on line 914 :
  .model xt2f.xm91:nmoscl_psp_rf pspnqs103va type=+1 tr=27.0 dta=0.0 swgeo ...
Unknown model type pspnqs103va - ignored

Warning: singular matrix:  check node xbgr.n_7

Note: Starting dynamic gmin stepping


The temperature limiting function received NaN.
Please check your power dissipation and improve your heat sink Rth!
    This message will be shown only once.

Note: Dynamic gmin stepping completed
Doing analysis at TEMP = 25.000000 and TNOM = 27.000000

Using SPARSE 1.3 as Direct Linear Solver
OSDI(debug) n.xt2f.xr5.nr1: WARNING: V(i2,c) voltage is greater than specified by vmax
OSDI(debug) n.xt2f.xr3.nr1: WARNING: V(i2,c) voltage is greater than specified by vmax
OSDI(debug) n.xbgr.xr19.nr1: WARNING: V(i1,c) voltage is greater than specified by vmax
OSDI(debug) n.xbgr.xr17.nr1: WARNING: V(i1,c) voltage is greater than specified by vmax
OSDI(debug) n.xt2f.xr5.nr1: WARNING: V(i2,c) voltage is greater than specified by vmax
OSDI(debug) n.xt2f.xr3.nr1: WARNING: V(i2,c) voltage is greater than specified by vmax
OSDI(debug) n.xbgr.xr19.nr1: WARNING: V(i1,c) voltage is greater than specified by vmax
OSDI(debug) n.xbgr.xr17.nr1: WARNING: V(i1,c) voltage is greater than specified by vmax
 Reference value :  0.00000e+00Warning: singular matrix:  check node xbgr.n_7

Note: Starting dynamic gmin stepping
Note: Dynamic gmin stepping completed

No. of Data Rows : 1
@n.xbgr.xm34.nsg13_hv_nmos[delvto] = -9.77049659938298e-04
@n.xbgr.xr16.nr1[nsmm_rsh] = -5.31514234070386e-01
@q.xbgr.xq56.qnpn13g2[area] = 9.498874059829358e-01
@q.xt2f.xq42.qnpn13g2[area] = 9.069792943939043e-01
@c.xt2f.xc1.c1[scale] = 9.999462761937894e-01
Doing analysis at TEMP = 25.000000 and TNOM = 27.000000

Using SPARSE 1.3 as Direct Linear Solver
OSDI(debug) n.xt2f.xr5.nr1: WARNING: V(i2,c) voltage is greater than specified by vmax
OSDI(debug) n.xt2f.xr3.nr1: WARNING: V(i2,c) voltage is greater than specified by vmax
OSDI(debug) n.xbgr.xr19.nr1: WARNING: V(i1,c) voltage is greater than specified by vmax
OSDI(debug) n.xbgr.xr17.nr1: WARNING: V(i1,c) voltage is greater than specified by vmax
OSDI(debug) n.xt2f.xr5.nr1: WARNING: V(i2,c) voltage is greater than specified by vmax
OSDI(debug) n.xt2f.xr3.nr1: WARNING: V(i2,c) voltage is greater than specified by vmax
OSDI(debug) n.xbgr.xr19.nr1: WARNING: V(i1,c) voltage is greater than specified by vmax
OSDI(debug) n.xbgr.xr17.nr1: WARNING: V(i1,c) voltage is greater than specified by vmax

Initial Transient Solution
--------------------------

Node                                   Voltage
----                                   -------
sub!                                         0
vdd                                        3.3
vdd12                                      1.2
r4                                           0
en                                           0
mode                                         0
xbgr.n_23                             0.220545
xbgr.xr1.dt                                  0
xbgr.n_12                              3.04072
xbgr.det                               3.25734
xbgr.xr2.dt                                  0
xbgr.n_13                              2.60323
xbgr.n_24                              2.38741
xbgr.xr3.dt                                  0
xbgr.n_14                              2.17028
xbgr.xr4.dt                                  0
xbgr.n_26                              1.95127
xbgr.xr5.dt                                  0
xbgr.n_15                              1.73436
xbgr.xr6.dt                                  0
xbgr.n_27                               1.5185
xbgr.xr7.dt                                  0
xbgr.n_16                              1.30265
xbgr.xr8.dt                                  0
xbgr.n_21                              1.08811
xbgr.xr9.dt                                  0
xbgr.n_25                              2.82339
xbgr.xr10.dt                                 0
xbgr.xr11.dt                                 0
xbgr.n_17                             0.869202
xbgr.n_22                             0.655939
xbgr.xr12.dt                                 0
xbgr.n_18                             0.436337
xbgr.xr13.dt                                 0
xbgr.xr14.dt                                 0
xbgr.xr15.dt                                 0
dvbe                                 0.0559919
xbgr.xr16.dt                                 0
xbgr.n_7                              0.991618
vref                                     1.049
xbgr.xr17.dt                                 0
xbgr.n_2                              0.877413
xbgr.n_36                              0.93453
xbgr.xr18.dt                                 0
xbgr.xr19.dt                                 0
xbgr.n_37                             0.820413
xbgr.xr20.dt                                 0
xbgr.n_8                              0.763204
xbgr.xr21.dt                                 0
xbgr.vbe3                             0.705634
xbgr.xr22.dt                                 0
xbgr.n_6                               1.57931
xbgr.vb2                               1.63177
xbgr.xr23.dt                                 0
xbgr.n_9                               1.47456
xbgr.vd1                               1.42216
xbgr.xr24.dt                                 0
xbgr.n_19                              1.52702
xbgr.xr25.dt                                 0
xbgr.xr26.dt                                 0
xbgr.kick                          9.42665e-10
xbgr.r4n                                   3.3
vbe                                   0.707444
xbgr.b1b                           5.26708e-11
pbias                                  2.29801
xbgr.n1                               0.723587
xbgr.c2                                0.79346
pcasc                                  1.75417
xbgr.d1                                2.75704
xbgr.d2                                2.75657
xbgr.d4                                2.75679
xbgr.d5                                2.75802
xbgr.d3                                 2.7569
iptat                                        1
xbgr.xq55.s1                                 0
xbgr.xq55.t                                  0
xbgr.xq56.s1                       8.81797e-13
xbgr.xq56.t                          0.0356664
xbgr.xq57.s1                                 0
xbgr.xq57.t                                  0
xbgr.xq58.s1                                 0
xbgr.xq58.t                                  0
xbgr.xq59.s1                                 0
xbgr.xq59.t                                  0
xbgr.xq60.s1                       9.23969e-13
xbgr.xq60.t                          0.0332182
xbgr.xq61.s1                                 0
xbgr.xq61.t                                  0
xbgr.vd2                              0.711255
xbgr.xq62.s1                        8.0423e-13
xbgr.xq62.t                          0.0414224
xbgr.xq63.s1                                 0
xbgr.xq63.t                                  0
xbgr.xq64.s1                                 0
xbgr.xq64.t                                  0
xbgr.xq65.s1                                 0
xbgr.xq65.t                                  0
xbgr.xq66.s1                                 0
xbgr.xq66.t                                  0
xbgr.xq67.s1                       8.77839e-13
xbgr.xq67.t                        4.86248e-11
xbgr.xq68.s1                       8.98793e-13
xbgr.xq68.t                         0.00443697
xbgr.xq69.s1                       9.79476e-13
xbgr.xq69.t                         0.00443697
xbgr.xq70.s1                       9.13056e-13
xbgr.xq70.t                         0.00443697
xbgr.xq71.s1                       1.05258e-12
xbgr.xq71.t                         0.00443698
xbgr.xq72.s1                       9.86972e-13
xbgr.xq72.t                         0.00443697
xbgr.xq73.s1                       8.45511e-13
xbgr.xq73.t                         0.00443696
xbgr.xq74.s1                       9.35322e-13
xbgr.xq74.t                         0.00443697
xbgr.xq75.s1                       1.09559e-12
xbgr.xq75.t                           0.040849
xbgr.xq76.s1                       9.22326e-13
xbgr.xq76.t                         0.00443697
xbgr.n_4                               2.24332
xbgr.xr77.dt                                 0
xbgr.n_11                               1.8083
xbgr.n_34                              1.86265
xbgr.xr78.dt                                 0
xbgr.n_10                              1.91723
xbgr.xr79.dt                                 0
xbgr.n_3                               2.02603
xbgr.n_31                              2.08036
xbgr.xr80.dt                                 0
xbgr.n_33                              1.97158
xbgr.xr81.dt                                 0
xbgr.n_5                                2.1347
xbgr.xr82.dt                                 0
xbgr.n_30                              2.18883
xbgr.xr83.dt                                 0
xbgr.xr84.dt                                 0
xbgr.xr85.dt                                 0
xbgr.xr86.dt                                 0
xt2f.vth                               1.04899
xt2f.moden                                 3.3
xt2f.vr                                1.05274
xt2f.n2                               0.947275
xt2f.xr3.dt                                  0
xt2f.n11                               0.10522
xt2f.xr4.dt                                  0
xt2f.n4                               0.841802
xt2f.xr5.dt                                  0
xt2f.n5                               0.736703
xt2f.xr6.dt                                  0
xt2f.n6                               0.632261
xt2f.n7                               0.526738
xt2f.xr7.dt                                  0
xt2f.n8                                0.42152
xt2f.xr8.dt                                  0
xt2f.n9                               0.315489
xt2f.xr9.dt                                  0
xt2f.n10                               0.20936
xt2f.xr10.dt                                 0
xt2f.xr11.dt                                 0
xt2f.xr12.dt                                 0
xt2f.cap1                          3.21934e-10
xt2f.d1g                                   3.3
xt2f.cap2                          3.23282e-10
xt2f.d2g                                   3.3
xt2f.fon                                   1.2
xt2f.lsb                           2.75273e-08
fout                               6.48884e-08
xt2f.lsa                                   1.2
xt2f.qn                                    3.3
xt2f.q                             1.36113e-09
xt2f.rn                                    3.3
xt2f.ni973                           0.0358321
xt2f.ni974                             2.76654
xt2f.sn                                    3.3
xt2f.isrc                                  3.3
xt2f.c2                            7.00805e-10
xt2f.c1                            6.84914e-10
xt2f.tail1                            0.323508
xt2f.nbias                            0.706462
xt2f.tail2                            0.325645
xt2f.xq40.s1                                 0
xt2f.xq40.t                                  0
xt2f.xq41.s1                                 0
xt2f.xq41.t                                  0
xt2f.ca1                               1.16317
xt2f.xq42.s1                       1.04034e-12
xt2f.xq42.t                           0.083743
xt2f.cb2                               1.34016
xt2f.xq43.s1                       1.03296e-12
xt2f.xq43.t                        9.23207e-11
xt2f.ca2                               1.16062
xt2f.xq44.s1                        1.0858e-12
xt2f.xq44.t                          0.0768246
xt2f.cb1                               1.33782
xt2f.xq45.s1                       1.00441e-12
xt2f.xq45.t                        9.21575e-11
xt2f.ob2                               3.29536
xt2f.oa2                               2.29133
xt2f.ob1                               3.29553
xt2f.oa1                               2.29658
xt2f.vcg                               2.22678
xt2f.a                             7.17897e-10
xt2f.ni961                             2.70461
xt2f.ni962                           0.0424043
xt2f.ni960                         6.77719e-10
xt2f.dr                                2.75605
xt2f.db                                2.75608
xt2f.do                                    3.3
xt2f.xc1.1                         3.21934e-10
xt2f.xc2.1                         3.23282e-10
vload#branch                       4.20971e-06
vmode#branch                                 0
ven#branch                                   0
vr4#branch                                   0
vdd12#branch                      -1.47779e-10
vdd#branch                        -5.63421e-05
vsub#branch                                  0

 Reference value :  5.76400e-07 Reference value :  1.26835e-06 Reference value :  1.58516e-06 Reference value :  1.90799e-06 Reference value :  2.23215e-06 Reference value :  2.55669e-06 Reference value :  2.88158e-06 Reference value :  3.20607e-06 Reference value :  3.53102e-06 Reference value :  3.85529e-06 Reference value :  4.18028e-06 Reference value :  4.50473e-06 Reference value :  4.82954e-06 Reference value :  5.15400e-06 Reference value :  5.47875e-06 Reference value :  5.80316e-06 Reference value :  6.12798e-06 Reference value :  6.45242e-06 Reference value :  6.77725e-06 Reference value :  7.10185e-06 Reference value :  7.42645e-06 Reference value :  7.75075e-06 Reference value :  8.07559e-06 Reference value :  8.40015e-06 Reference value :  8.72490e-06 Reference value :  9.04949e-06 Reference value :  9.37365e-06 Reference value :  9.69791e-06 Reference value :  1.00228e-05 Reference value :  1.03474e-05 Reference value :  1.06722e-05 Reference value :  1.09965e-05 Reference value :  1.13210e-05 Reference value :  1.16452e-05 Reference value :  1.19698e-05 Reference value :  1.22936e-05 Reference value :  1.25907e-05 Reference value :  1.26324e-05 Reference value :  1.29473e-05 Reference value :  1.32717e-05 Reference value :  1.35941e-05 Reference value :  1.39182e-05 Reference value :  1.42423e-05 Reference value :  1.45669e-05 Reference value :  1.48909e-05 Reference value :  1.52146e-05 Reference value :  1.55360e-05 Reference value :  1.58176e-05 Reference value :  1.58962e-05 Reference value :  1.61938e-05 Reference value :  1.65176e-05 Reference value :  1.68419e-05 Reference value :  1.71642e-05 Reference value :  1.74886e-05 Reference value :  1.78127e-05 Reference value :  1.81369e-05 Reference value :  1.84610e-05 Reference value :  1.87765e-05 Reference value :  1.87893e-05 Reference value :  1.91136e-05 Reference value :  1.94361e-05 Reference value :  1.97603e-05 Reference value :  2.00845e-05 Reference value :  2.04089e-05 Reference value :  2.07325e-05 Reference value :  2.10552e-05 Reference value :  2.13443e-05 Reference value :  2.15031e-05 Reference value :  2.17111e-05 Reference value :  2.20351e-05 Reference value :  2.23585e-05 Reference value :  2.26820e-05 Reference value :  2.30063e-05 Reference value :  2.33305e-05 Reference value :  2.36550e-05 Reference value :  2.39792e-05 Reference value :  2.43034e-05 Reference value :  2.46263e-05 Reference value :  2.49500e-05 Reference value :  2.52243e-05 Reference value :  2.52883e-05 Reference value :  2.56056e-05 Reference value :  2.59288e-05 Reference value :  2.62520e-05 Reference value :  2.65757e-05 Reference value :  2.68989e-05 Reference value :  2.70865e-05 Reference value :  2.72283e-05 Reference value :  2.75502e-05 Reference value :  2.78740e-05 Reference value :  2.81966e-05 Reference value :  2.83505e-05 Reference value :  2.85268e-05 Reference value :  2.88490e-05 Reference value :  2.91727e-05 Reference value :  2.94967e-05 Reference value :  2.97931e-05 Reference value :  2.98255e-05 Reference value :  3.01482e-05 Reference value :  3.04712e-05 Reference value :  3.07952e-05 Reference value :  3.11104e-05 Reference value :  3.11278e-05 Reference value :  3.14463e-05 Reference value :  3.17694e-05
No. of Data Rows : 18649
@n.xbgr.xm34.nsg13_hv_nmos[delvto] = -9.77049659938298e-04
@n.xbgr.xr16.nr1[nsmm_rsh] = -5.31514234070386e-01
@q.xbgr.xq56.qnpn13g2[area] = 9.498874059829358e-01
@q.xt2f.xq42.qnpn13g2[area] = 9.069792943939043e-01
@c.xt2f.xc1.c1[scale] = 9.999462761937894e-01
t_a                 =  5.80379e-06
t_b                 =  1.61905e-05
freq = 1.540433589693575e+06
i33_avg             =  -6.44413e-05 from=  5.80379e-06 to=  1.61905e-05
i12_avg             =  -2.48257e-07 from=  5.80379e-06 to=  1.61905e-05
vref_avg            =  1.04904e+00 from=  5.80379e-06 to=  1.61905e-05
vth_avg             =  1.04903e+00 from=  5.80379e-06 to=  1.61905e-05
cap1_max            =  1.10521e+00 at=  9.04897e-06
fout_hi             =  1.21593e+00 at=  7.42645e-06
fout_lo             =  -8.62092e-03 at=  1.35937e-05
t_half_a            =  3.24442e-07 targ=  6.12824e-06 trig=  5.80379e-06
ngspice-47 done
