
Note: No compatibility mode selected!


Circuit: * g1_t2f joint c-pex: t=125.0 c, vdda=3.3 v, vdd=1.2 v, hbt=typ, mos=tt, r=typ, c=typ, mismatch=true, seed=51081

Warning: Model issue on line 788 :
  .model xbgr.xm27:sg13g2_hv_nmos_psp_rf pspnqs103va type=+1 level=103.60  ...
Unknown model type pspnqs103va - ignored

Warning: Model issue on line 809 :
  .model xbgr.xm27:sg13g2_hv_pmos_psp_rf pspnqs103va type=-1 level=103.60  ...
Unknown model type pspnqs103va - ignored

Warning: Model issue on line 788 :
  .model xbgr.xm28:sg13g2_hv_nmos_psp_rf pspnqs103va type=+1 level=103.60  ...
Unknown model type pspnqs103va - ignored

Warning: Model issue on line 809 :
  .model xbgr.xm28:sg13g2_hv_pmos_psp_rf pspnqs103va type=-1 level=103.60  ...
Unknown model type pspnqs103va - ignored

Warning: Model issue on line 679 :
  .model xbgr.xm29:sg13g2_hv_nmos_psp_rf pspnqs103va type=+1 level=103.60  ...
Unknown model type pspnqs103va - ignored

Warning: Model issue on line 700 :
  .model xbgr.xm29:sg13g2_hv_pmos_psp_rf pspnqs103va type=-1 level=103.60  ...
Unknown model type pspnqs103va - ignored

Warning: Model issue on line 679 :
  .model xbgr.xm30:sg13g2_hv_nmos_psp_rf pspnqs103va type=+1 level=103.60  ...
Unknown model type pspnqs103va - ignored

Warning: Model issue on line 700 :
  .model xbgr.xm30:sg13g2_hv_pmos_psp_rf pspnqs103va type=-1 level=103.60  ...
Unknown model type pspnqs103va - ignored

Warning: Model issue on line 679 :
  .model xbgr.xm31:sg13g2_hv_nmos_psp_rf pspnqs103va type=+1 level=103.60  ...
Unknown model type pspnqs103va - ignored

Warning: Model issue on line 700 :
  .model xbgr.xm31:sg13g2_hv_pmos_psp_rf pspnqs103va type=-1 level=103.60  ...
Unknown model type pspnqs103va - ignored

Warning: Model issue on line 679 :
  .model xbgr.xm32:sg13g2_hv_nmos_psp_rf pspnqs103va type=+1 level=103.60  ...
Unknown model type pspnqs103va - ignored

Warning: Model issue on line 700 :
  .model xbgr.xm32:sg13g2_hv_pmos_psp_rf pspnqs103va type=-1 level=103.60  ...
Unknown model type pspnqs103va - ignored

Warning: Model issue on line 679 :
  .model xbgr.xm33:sg13g2_hv_nmos_psp_rf pspnqs103va type=+1 level=103.60  ...
Unknown model type pspnqs103va - ignored

Warning: Model issue on line 700 :
  .model xbgr.xm33:sg13g2_hv_pmos_psp_rf pspnqs103va type=-1 level=103.60  ...
Unknown model type pspnqs103va - ignored

Warning: Model issue on line 679 :
  .model xbgr.xm34:sg13g2_hv_nmos_psp_rf pspnqs103va type=+1 level=103.60  ...
Unknown model type pspnqs103va - ignored

Warning: Model issue on line 700 :
  .model xbgr.xm34:sg13g2_hv_pmos_psp_rf pspnqs103va type=-1 level=103.60  ...
Unknown model type pspnqs103va - ignored

Warning: Model issue on line 679 :
  .model xbgr.xm35:sg13g2_hv_nmos_psp_rf pspnqs103va type=+1 level=103.60  ...
Unknown model type pspnqs103va - ignored

Warning: Model issue on line 700 :
  .model xbgr.xm35:sg13g2_hv_pmos_psp_rf pspnqs103va type=-1 level=103.60  ...
Unknown model type pspnqs103va - ignored

Warning: Model issue on line 679 :
  .model xbgr.xm36:sg13g2_hv_nmos_psp_rf pspnqs103va type=+1 level=103.60  ...
Unknown model type pspnqs103va - ignored

Warning: Model issue on line 700 :
  .model xbgr.xm36:sg13g2_hv_pmos_psp_rf pspnqs103va type=-1 level=103.60  ...
Unknown model type pspnqs103va - ignored

Warning: Model issue on line 679 :
  .model xbgr.xm37:sg13g2_hv_nmos_psp_rf pspnqs103va type=+1 level=103.60  ...
Unknown model type pspnqs103va - ignored

Warning: Model issue on line 700 :
  .model xbgr.xm37:sg13g2_hv_pmos_psp_rf pspnqs103va type=-1 level=103.60  ...
Unknown model type pspnqs103va - ignored

Warning: Model issue on line 788 :
  .model xbgr.xm38:sg13g2_hv_nmos_psp_rf pspnqs103va type=+1 level=103.60  ...
Unknown model type pspnqs103va - ignored

Warning: Model issue on line 809 :
  .model xbgr.xm38:sg13g2_hv_pmos_psp_rf pspnqs103va type=-1 level=103.60  ...
Unknown model type pspnqs103va - ignored

Warning: Model issue on line 788 :
  .model xbgr.xm39:sg13g2_hv_nmos_psp_rf pspnqs103va type=+1 level=103.60  ...
Unknown model type pspnqs103va - ignored

Warning: Model issue on line 809 :
  .model xbgr.xm39:sg13g2_hv_pmos_psp_rf pspnqs103va type=-1 level=103.60  ...
Unknown model type pspnqs103va - ignored

Warning: Model issue on line 788 :
  .model xbgr.xm40:sg13g2_hv_nmos_psp_rf pspnqs103va type=+1 level=103.60  ...
Unknown model type pspnqs103va - ignored

Warning: Model issue on line 809 :
  .model xbgr.xm40:sg13g2_hv_pmos_psp_rf pspnqs103va type=-1 level=103.60  ...
Unknown model type pspnqs103va - ignored

Warning: Model issue on line 788 :
  .model xbgr.xm41:sg13g2_hv_nmos_psp_rf pspnqs103va type=+1 level=103.60  ...
Unknown model type pspnqs103va - ignored

Warning: Model issue on line 809 :
  .model xbgr.xm41:sg13g2_hv_pmos_psp_rf pspnqs103va type=-1 level=103.60  ...
Unknown model type pspnqs103va - ignored

Warning: Model issue on line 788 :
  .model xbgr.xm42:sg13g2_hv_nmos_psp_rf pspnqs103va type=+1 level=103.60  ...
Unknown model type pspnqs103va - ignored

Warning: Model issue on line 809 :
  .model xbgr.xm42:sg13g2_hv_pmos_psp_rf pspnqs103va type=-1 level=103.60  ...
Unknown model type pspnqs103va - ignored

Warning: Model issue on line 788 :
  .model xbgr.xm43:sg13g2_hv_nmos_psp_rf pspnqs103va type=+1 level=103.60  ...
Unknown model type pspnqs103va - ignored

Warning: Model issue on line 809 :
  .model xbgr.xm43:sg13g2_hv_pmos_psp_rf pspnqs103va type=-1 level=103.60  ...
Unknown model type pspnqs103va - ignored

Warning: Model issue on line 788 :
  .model xbgr.xm44:sg13g2_hv_nmos_psp_rf pspnqs103va type=+1 level=103.60  ...
Unknown model type pspnqs103va - ignored

Warning: Model issue on line 809 :
  .model xbgr.xm44:sg13g2_hv_pmos_psp_rf pspnqs103va type=-1 level=103.60  ...
Unknown model type pspnqs103va - ignored

Warning: Model issue on line 788 :
  .model xbgr.xm45:sg13g2_hv_nmos_psp_rf pspnqs103va type=+1 level=103.60  ...
Unknown model type pspnqs103va - ignored

Warning: Model issue on line 809 :
  .model xbgr.xm45:sg13g2_hv_pmos_psp_rf pspnqs103va type=-1 level=103.60  ...
Unknown model type pspnqs103va - ignored

Warning: Model issue on line 788 :
  .model xbgr.xm46:sg13g2_hv_nmos_psp_rf pspnqs103va type=+1 level=103.60  ...
Unknown model type pspnqs103va - ignored

Warning: Model issue on line 809 :
  .model xbgr.xm46:sg13g2_hv_pmos_psp_rf pspnqs103va type=-1 level=103.60  ...
Unknown model type pspnqs103va - ignored

Warning: Model issue on line 788 :
  .model xbgr.xm47:sg13g2_hv_nmos_psp_rf pspnqs103va type=+1 level=103.60  ...
Unknown model type pspnqs103va - ignored

Warning: Model issue on line 809 :
  .model xbgr.xm47:sg13g2_hv_pmos_psp_rf pspnqs103va type=-1 level=103.60  ...
Unknown model type pspnqs103va - ignored

Warning: Model issue on line 788 :
  .model xbgr.xm48:sg13g2_hv_nmos_psp_rf pspnqs103va type=+1 level=103.60  ...
Unknown model type pspnqs103va - ignored

Warning: Model issue on line 809 :
  .model xbgr.xm48:sg13g2_hv_pmos_psp_rf pspnqs103va type=-1 level=103.60  ...
Unknown model type pspnqs103va - ignored

Warning: Model issue on line 788 :
  .model xbgr.xm49:sg13g2_hv_nmos_psp_rf pspnqs103va type=+1 level=103.60  ...
Unknown model type pspnqs103va - ignored

Warning: Model issue on line 809 :
  .model xbgr.xm49:sg13g2_hv_pmos_psp_rf pspnqs103va type=-1 level=103.60  ...
Unknown model type pspnqs103va - ignored

Warning: Model issue on line 788 :
  .model xbgr.xm50:sg13g2_hv_nmos_psp_rf pspnqs103va type=+1 level=103.60  ...
Unknown model type pspnqs103va - ignored

Warning: Model issue on line 809 :
  .model xbgr.xm50:sg13g2_hv_pmos_psp_rf pspnqs103va type=-1 level=103.60  ...
Unknown model type pspnqs103va - ignored

Warning: Model issue on line 788 :
  .model xbgr.xm51:sg13g2_hv_nmos_psp_rf pspnqs103va type=+1 level=103.60  ...
Unknown model type pspnqs103va - ignored

Warning: Model issue on line 809 :
  .model xbgr.xm51:sg13g2_hv_pmos_psp_rf pspnqs103va type=-1 level=103.60  ...
Unknown model type pspnqs103va - ignored

Warning: Model issue on line 788 :
  .model xbgr.xm52:sg13g2_hv_nmos_psp_rf pspnqs103va type=+1 level=103.60  ...
Unknown model type pspnqs103va - ignored

Warning: Model issue on line 809 :
  .model xbgr.xm52:sg13g2_hv_pmos_psp_rf pspnqs103va type=-1 level=103.60  ...
Unknown model type pspnqs103va - ignored

Warning: Model issue on line 788 :
  .model xbgr.xm53:sg13g2_hv_nmos_psp_rf pspnqs103va type=+1 level=103.60  ...
Unknown model type pspnqs103va - ignored

Warning: Model issue on line 809 :
  .model xbgr.xm53:sg13g2_hv_pmos_psp_rf pspnqs103va type=-1 level=103.60  ...
Unknown model type pspnqs103va - ignored

Warning: Model issue on line 788 :
  .model xbgr.xm54:sg13g2_hv_nmos_psp_rf pspnqs103va type=+1 level=103.60  ...
Unknown model type pspnqs103va - ignored

Warning: Model issue on line 809 :
  .model xbgr.xm54:sg13g2_hv_pmos_psp_rf pspnqs103va type=-1 level=103.60  ...
Unknown model type pspnqs103va - ignored

Warning: Model issue on line 679 :
  .model xt2f.xm1:sg13g2_hv_nmos_psp_rf pspnqs103va type=+1 level=103.60 t ...
Unknown model type pspnqs103va - ignored

Warning: Model issue on line 700 :
  .model xt2f.xm1:sg13g2_hv_pmos_psp_rf pspnqs103va type=-1 level=103.60 t ...
Unknown model type pspnqs103va - ignored

Warning: Model issue on line 679 :
  .model xt2f.xm2:sg13g2_hv_nmos_psp_rf pspnqs103va type=+1 level=103.60 t ...
Unknown model type pspnqs103va - ignored

Warning: Model issue on line 700 :
  .model xt2f.xm2:sg13g2_hv_pmos_psp_rf pspnqs103va type=-1 level=103.60 t ...
Unknown model type pspnqs103va - ignored

Warning: Model issue on line 679 :
  .model xt2f.xm13:sg13g2_hv_nmos_psp_rf pspnqs103va type=+1 level=103.60  ...
Unknown model type pspnqs103va - ignored

Warning: Model issue on line 700 :
  .model xt2f.xm13:sg13g2_hv_pmos_psp_rf pspnqs103va type=-1 level=103.60  ...
Unknown model type pspnqs103va - ignored

Warning: Model issue on line 679 :
  .model xt2f.xm14:sg13g2_hv_nmos_psp_rf pspnqs103va type=+1 level=103.60  ...
Unknown model type pspnqs103va - ignored

Warning: Model issue on line 700 :
  .model xt2f.xm14:sg13g2_hv_pmos_psp_rf pspnqs103va type=-1 level=103.60  ...
Unknown model type pspnqs103va - ignored

Warning: Model issue on line 890 :
  .model xt2f.xm15:sg13g2_lv_nmos_psp_rf pspnqs103va type=+1 level=103.60  ...
Unknown model type pspnqs103va - ignored

Warning: Model issue on line 912 :
  .model xt2f.xm15:sg13g2_lv_pmos_psp_rf pspnqs103va type=-1 level=103.60  ...
Unknown model type pspnqs103va - ignored

Warning: Model issue on line 914 :
  .model xt2f.xm15:nmoscl_psp_rf pspnqs103va type=+1 tr=27.0 dta=0.0 swgeo ...
Unknown model type pspnqs103va - ignored

Warning: Model issue on line 779 :
  .model xt2f.xm16:sg13g2_lv_nmos_psp_rf pspnqs103va type=+1 level=103.60  ...
Unknown model type pspnqs103va - ignored

Warning: Model issue on line 801 :
  .model xt2f.xm16:sg13g2_lv_pmos_psp_rf pspnqs103va type=-1 level=103.60  ...
Unknown model type pspnqs103va - ignored

Warning: Model issue on line 803 :
  .model xt2f.xm16:nmoscl_psp_rf pspnqs103va type=+1 tr=27.0 dta=0.0 swgeo ...
Unknown model type pspnqs103va - ignored

Warning: Model issue on line 779 :
  .model xt2f.xm17:sg13g2_lv_nmos_psp_rf pspnqs103va type=+1 level=103.60  ...
Unknown model type pspnqs103va - ignored

Warning: Model issue on line 801 :
  .model xt2f.xm17:sg13g2_lv_pmos_psp_rf pspnqs103va type=-1 level=103.60  ...
Unknown model type pspnqs103va - ignored

Warning: Model issue on line 803 :
  .model xt2f.xm17:nmoscl_psp_rf pspnqs103va type=+1 tr=27.0 dta=0.0 swgeo ...
Unknown model type pspnqs103va - ignored

Warning: Model issue on line 890 :
  .model xt2f.xm18:sg13g2_lv_nmos_psp_rf pspnqs103va type=+1 level=103.60  ...
Unknown model type pspnqs103va - ignored

Warning: Model issue on line 912 :
  .model xt2f.xm18:sg13g2_lv_pmos_psp_rf pspnqs103va type=-1 level=103.60  ...
Unknown model type pspnqs103va - ignored

Warning: Model issue on line 914 :
  .model xt2f.xm18:nmoscl_psp_rf pspnqs103va type=+1 tr=27.0 dta=0.0 swgeo ...
Unknown model type pspnqs103va - ignored

Warning: Model issue on line 890 :
  .model xt2f.xm19:sg13g2_lv_nmos_psp_rf pspnqs103va type=+1 level=103.60  ...
Unknown model type pspnqs103va - ignored

Warning: Model issue on line 912 :
  .model xt2f.xm19:sg13g2_lv_pmos_psp_rf pspnqs103va type=-1 level=103.60  ...
Unknown model type pspnqs103va - ignored

Warning: Model issue on line 914 :
  .model xt2f.xm19:nmoscl_psp_rf pspnqs103va type=+1 tr=27.0 dta=0.0 swgeo ...
Unknown model type pspnqs103va - ignored

Warning: Model issue on line 788 :
  .model xt2f.xm20:sg13g2_hv_nmos_psp_rf pspnqs103va type=+1 level=103.60  ...
Unknown model type pspnqs103va - ignored

Warning: Model issue on line 809 :
  .model xt2f.xm20:sg13g2_hv_pmos_psp_rf pspnqs103va type=-1 level=103.60  ...
Unknown model type pspnqs103va - ignored

Warning: Model issue on line 788 :
  .model xt2f.xm21:sg13g2_hv_nmos_psp_rf pspnqs103va type=+1 level=103.60  ...
Unknown model type pspnqs103va - ignored

Warning: Model issue on line 809 :
  .model xt2f.xm21:sg13g2_hv_pmos_psp_rf pspnqs103va type=-1 level=103.60  ...
Unknown model type pspnqs103va - ignored

Warning: Model issue on line 788 :
  .model xt2f.xm22:sg13g2_hv_nmos_psp_rf pspnqs103va type=+1 level=103.60  ...
Unknown model type pspnqs103va - ignored

Warning: Model issue on line 809 :
  .model xt2f.xm22:sg13g2_hv_pmos_psp_rf pspnqs103va type=-1 level=103.60  ...
Unknown model type pspnqs103va - ignored

Warning: Model issue on line 679 :
  .model xt2f.xm23:sg13g2_hv_nmos_psp_rf pspnqs103va type=+1 level=103.60  ...
Unknown model type pspnqs103va - ignored

Warning: Model issue on line 700 :
  .model xt2f.xm23:sg13g2_hv_pmos_psp_rf pspnqs103va type=-1 level=103.60  ...
Unknown model type pspnqs103va - ignored

Warning: Model issue on line 679 :
  .model xt2f.xm24:sg13g2_hv_nmos_psp_rf pspnqs103va type=+1 level=103.60  ...
Unknown model type pspnqs103va - ignored

Warning: Model issue on line 700 :
  .model xt2f.xm24:sg13g2_hv_pmos_psp_rf pspnqs103va type=-1 level=103.60  ...
Unknown model type pspnqs103va - ignored

Warning: Model issue on line 679 :
  .model xt2f.xm25:sg13g2_hv_nmos_psp_rf pspnqs103va type=+1 level=103.60  ...
Unknown model type pspnqs103va - ignored

Warning: Model issue on line 700 :
  .model xt2f.xm25:sg13g2_hv_pmos_psp_rf pspnqs103va type=-1 level=103.60  ...
Unknown model type pspnqs103va - ignored

Warning: Model issue on line 788 :
  .model xt2f.xm26:sg13g2_hv_nmos_psp_rf pspnqs103va type=+1 level=103.60  ...
Unknown model type pspnqs103va - ignored

Warning: Model issue on line 809 :
  .model xt2f.xm26:sg13g2_hv_pmos_psp_rf pspnqs103va type=-1 level=103.60  ...
Unknown model type pspnqs103va - ignored

Warning: Model issue on line 788 :
  .model xt2f.xm27:sg13g2_hv_nmos_psp_rf pspnqs103va type=+1 level=103.60  ...
Unknown model type pspnqs103va - ignored

Warning: Model issue on line 809 :
  .model xt2f.xm27:sg13g2_hv_pmos_psp_rf pspnqs103va type=-1 level=103.60  ...
Unknown model type pspnqs103va - ignored

Warning: Model issue on line 788 :
  .model xt2f.xm28:sg13g2_hv_nmos_psp_rf pspnqs103va type=+1 level=103.60  ...
Unknown model type pspnqs103va - ignored

Warning: Model issue on line 809 :
  .model xt2f.xm28:sg13g2_hv_pmos_psp_rf pspnqs103va type=-1 level=103.60  ...
Unknown model type pspnqs103va - ignored

Warning: Model issue on line 788 :
  .model xt2f.xm29:sg13g2_hv_nmos_psp_rf pspnqs103va type=+1 level=103.60  ...
Unknown model type pspnqs103va - ignored

Warning: Model issue on line 809 :
  .model xt2f.xm29:sg13g2_hv_pmos_psp_rf pspnqs103va type=-1 level=103.60  ...
Unknown model type pspnqs103va - ignored

Warning: Model issue on line 788 :
  .model xt2f.xm30:sg13g2_hv_nmos_psp_rf pspnqs103va type=+1 level=103.60  ...
Unknown model type pspnqs103va - ignored

Warning: Model issue on line 809 :
  .model xt2f.xm30:sg13g2_hv_pmos_psp_rf pspnqs103va type=-1 level=103.60  ...
Unknown model type pspnqs103va - ignored

Warning: Model issue on line 788 :
  .model xt2f.xm31:sg13g2_hv_nmos_psp_rf pspnqs103va type=+1 level=103.60  ...
Unknown model type pspnqs103va - ignored

Warning: Model issue on line 809 :
  .model xt2f.xm31:sg13g2_hv_pmos_psp_rf pspnqs103va type=-1 level=103.60  ...
Unknown model type pspnqs103va - ignored

Warning: Model issue on line 788 :
  .model xt2f.xm32:sg13g2_hv_nmos_psp_rf pspnqs103va type=+1 level=103.60  ...
Unknown model type pspnqs103va - ignored

Warning: Model issue on line 809 :
  .model xt2f.xm32:sg13g2_hv_pmos_psp_rf pspnqs103va type=-1 level=103.60  ...
Unknown model type pspnqs103va - ignored

Warning: Model issue on line 788 :
  .model xt2f.xm33:sg13g2_hv_nmos_psp_rf pspnqs103va type=+1 level=103.60  ...
Unknown model type pspnqs103va - ignored

Warning: Model issue on line 809 :
  .model xt2f.xm33:sg13g2_hv_pmos_psp_rf pspnqs103va type=-1 level=103.60  ...
Unknown model type pspnqs103va - ignored

Warning: Model issue on line 788 :
  .model xt2f.xm34:sg13g2_hv_nmos_psp_rf pspnqs103va type=+1 level=103.60  ...
Unknown model type pspnqs103va - ignored

Warning: Model issue on line 809 :
  .model xt2f.xm34:sg13g2_hv_pmos_psp_rf pspnqs103va type=-1 level=103.60  ...
Unknown model type pspnqs103va - ignored

Warning: Model issue on line 788 :
  .model xt2f.xm35:sg13g2_hv_nmos_psp_rf pspnqs103va type=+1 level=103.60  ...
Unknown model type pspnqs103va - ignored

Warning: Model issue on line 809 :
  .model xt2f.xm35:sg13g2_hv_pmos_psp_rf pspnqs103va type=-1 level=103.60  ...
Unknown model type pspnqs103va - ignored

Warning: Model issue on line 679 :
  .model xt2f.xm36:sg13g2_hv_nmos_psp_rf pspnqs103va type=+1 level=103.60  ...
Unknown model type pspnqs103va - ignored

Warning: Model issue on line 700 :
  .model xt2f.xm36:sg13g2_hv_pmos_psp_rf pspnqs103va type=-1 level=103.60  ...
Unknown model type pspnqs103va - ignored

Warning: Model issue on line 679 :
  .model xt2f.xm37:sg13g2_hv_nmos_psp_rf pspnqs103va type=+1 level=103.60  ...
Unknown model type pspnqs103va - ignored

Warning: Model issue on line 700 :
  .model xt2f.xm37:sg13g2_hv_pmos_psp_rf pspnqs103va type=-1 level=103.60  ...
Unknown model type pspnqs103va - ignored

Warning: Model issue on line 679 :
  .model xt2f.xm38:sg13g2_hv_nmos_psp_rf pspnqs103va type=+1 level=103.60  ...
Unknown model type pspnqs103va - ignored

Warning: Model issue on line 700 :
  .model xt2f.xm38:sg13g2_hv_pmos_psp_rf pspnqs103va type=-1 level=103.60  ...
Unknown model type pspnqs103va - ignored

Warning: Model issue on line 679 :
  .model xt2f.xm39:sg13g2_hv_nmos_psp_rf pspnqs103va type=+1 level=103.60  ...
Unknown model type pspnqs103va - ignored

Warning: Model issue on line 700 :
  .model xt2f.xm39:sg13g2_hv_pmos_psp_rf pspnqs103va type=-1 level=103.60  ...
Unknown model type pspnqs103va - ignored

Warning: Model issue on line 788 :
  .model xt2f.xm46:sg13g2_hv_nmos_psp_rf pspnqs103va type=+1 level=103.60  ...
Unknown model type pspnqs103va - ignored

Warning: Model issue on line 809 :
  .model xt2f.xm46:sg13g2_hv_pmos_psp_rf pspnqs103va type=-1 level=103.60  ...
Unknown model type pspnqs103va - ignored

Warning: Model issue on line 788 :
  .model xt2f.xm47:sg13g2_hv_nmos_psp_rf pspnqs103va type=+1 level=103.60  ...
Unknown model type pspnqs103va - ignored

Warning: Model issue on line 809 :
  .model xt2f.xm47:sg13g2_hv_pmos_psp_rf pspnqs103va type=-1 level=103.60  ...
Unknown model type pspnqs103va - ignored

Warning: Model issue on line 788 :
  .model xt2f.xm48:sg13g2_hv_nmos_psp_rf pspnqs103va type=+1 level=103.60  ...
Unknown model type pspnqs103va - ignored

Warning: Model issue on line 809 :
  .model xt2f.xm48:sg13g2_hv_pmos_psp_rf pspnqs103va type=-1 level=103.60  ...
Unknown model type pspnqs103va - ignored

Warning: Model issue on line 788 :
  .model xt2f.xm49:sg13g2_hv_nmos_psp_rf pspnqs103va type=+1 level=103.60  ...
Unknown model type pspnqs103va - ignored

Warning: Model issue on line 809 :
  .model xt2f.xm49:sg13g2_hv_pmos_psp_rf pspnqs103va type=-1 level=103.60  ...
Unknown model type pspnqs103va - ignored

Warning: Model issue on line 679 :
  .model xt2f.xm50:sg13g2_hv_nmos_psp_rf pspnqs103va type=+1 level=103.60  ...
Unknown model type pspnqs103va - ignored

Warning: Model issue on line 700 :
  .model xt2f.xm50:sg13g2_hv_pmos_psp_rf pspnqs103va type=-1 level=103.60  ...
Unknown model type pspnqs103va - ignored

Warning: Model issue on line 679 :
  .model xt2f.xm51:sg13g2_hv_nmos_psp_rf pspnqs103va type=+1 level=103.60  ...
Unknown model type pspnqs103va - ignored

Warning: Model issue on line 700 :
  .model xt2f.xm51:sg13g2_hv_pmos_psp_rf pspnqs103va type=-1 level=103.60  ...
Unknown model type pspnqs103va - ignored

Warning: Model issue on line 679 :
  .model xt2f.xm52:sg13g2_hv_nmos_psp_rf pspnqs103va type=+1 level=103.60  ...
Unknown model type pspnqs103va - ignored

Warning: Model issue on line 700 :
  .model xt2f.xm52:sg13g2_hv_pmos_psp_rf pspnqs103va type=-1 level=103.60  ...
Unknown model type pspnqs103va - ignored

Warning: Model issue on line 679 :
  .model xt2f.xm53:sg13g2_hv_nmos_psp_rf pspnqs103va type=+1 level=103.60  ...
Unknown model type pspnqs103va - ignored

Warning: Model issue on line 700 :
  .model xt2f.xm53:sg13g2_hv_pmos_psp_rf pspnqs103va type=-1 level=103.60  ...
Unknown model type pspnqs103va - ignored

Warning: Model issue on line 679 :
  .model xt2f.xm54:sg13g2_hv_nmos_psp_rf pspnqs103va type=+1 level=103.60  ...
Unknown model type pspnqs103va - ignored

Warning: Model issue on line 700 :
  .model xt2f.xm54:sg13g2_hv_pmos_psp_rf pspnqs103va type=-1 level=103.60  ...
Unknown model type pspnqs103va - ignored

Warning: Model issue on line 679 :
  .model xt2f.xm55:sg13g2_hv_nmos_psp_rf pspnqs103va type=+1 level=103.60  ...
Unknown model type pspnqs103va - ignored

Warning: Model issue on line 700 :
  .model xt2f.xm55:sg13g2_hv_pmos_psp_rf pspnqs103va type=-1 level=103.60  ...
Unknown model type pspnqs103va - ignored

Warning: Model issue on line 679 :
  .model xt2f.xm56:sg13g2_hv_nmos_psp_rf pspnqs103va type=+1 level=103.60  ...
Unknown model type pspnqs103va - ignored

Warning: Model issue on line 700 :
  .model xt2f.xm56:sg13g2_hv_pmos_psp_rf pspnqs103va type=-1 level=103.60  ...
Unknown model type pspnqs103va - ignored

Warning: Model issue on line 679 :
  .model xt2f.xm57:sg13g2_hv_nmos_psp_rf pspnqs103va type=+1 level=103.60  ...
Unknown model type pspnqs103va - ignored

Warning: Model issue on line 700 :
  .model xt2f.xm57:sg13g2_hv_pmos_psp_rf pspnqs103va type=-1 level=103.60  ...
Unknown model type pspnqs103va - ignored

Warning: Model issue on line 679 :
  .model xt2f.xm58:sg13g2_hv_nmos_psp_rf pspnqs103va type=+1 level=103.60  ...
Unknown model type pspnqs103va - ignored

Warning: Model issue on line 700 :
  .model xt2f.xm58:sg13g2_hv_pmos_psp_rf pspnqs103va type=-1 level=103.60  ...
Unknown model type pspnqs103va - ignored

Warning: Model issue on line 679 :
  .model xt2f.xm59:sg13g2_hv_nmos_psp_rf pspnqs103va type=+1 level=103.60  ...
Unknown model type pspnqs103va - ignored

Warning: Model issue on line 700 :
  .model xt2f.xm59:sg13g2_hv_pmos_psp_rf pspnqs103va type=-1 level=103.60  ...
Unknown model type pspnqs103va - ignored

Warning: Model issue on line 679 :
  .model xt2f.xm60:sg13g2_hv_nmos_psp_rf pspnqs103va type=+1 level=103.60  ...
Unknown model type pspnqs103va - ignored

Warning: Model issue on line 700 :
  .model xt2f.xm60:sg13g2_hv_pmos_psp_rf pspnqs103va type=-1 level=103.60  ...
Unknown model type pspnqs103va - ignored

Warning: Model issue on line 679 :
  .model xt2f.xm61:sg13g2_hv_nmos_psp_rf pspnqs103va type=+1 level=103.60  ...
Unknown model type pspnqs103va - ignored

Warning: Model issue on line 700 :
  .model xt2f.xm61:sg13g2_hv_pmos_psp_rf pspnqs103va type=-1 level=103.60  ...
Unknown model type pspnqs103va - ignored

Warning: Model issue on line 679 :
  .model xt2f.xm62:sg13g2_hv_nmos_psp_rf pspnqs103va type=+1 level=103.60  ...
Unknown model type pspnqs103va - ignored

Warning: Model issue on line 700 :
  .model xt2f.xm62:sg13g2_hv_pmos_psp_rf pspnqs103va type=-1 level=103.60  ...
Unknown model type pspnqs103va - ignored

Warning: Model issue on line 679 :
  .model xt2f.xm63:sg13g2_hv_nmos_psp_rf pspnqs103va type=+1 level=103.60  ...
Unknown model type pspnqs103va - ignored

Warning: Model issue on line 700 :
  .model xt2f.xm63:sg13g2_hv_pmos_psp_rf pspnqs103va type=-1 level=103.60  ...
Unknown model type pspnqs103va - ignored

Warning: Model issue on line 679 :
  .model xt2f.xm64:sg13g2_hv_nmos_psp_rf pspnqs103va type=+1 level=103.60  ...
Unknown model type pspnqs103va - ignored

Warning: Model issue on line 700 :
  .model xt2f.xm64:sg13g2_hv_pmos_psp_rf pspnqs103va type=-1 level=103.60  ...
Unknown model type pspnqs103va - ignored

Warning: Model issue on line 679 :
  .model xt2f.xm65:sg13g2_hv_nmos_psp_rf pspnqs103va type=+1 level=103.60  ...
Unknown model type pspnqs103va - ignored

Warning: Model issue on line 700 :
  .model xt2f.xm65:sg13g2_hv_pmos_psp_rf pspnqs103va type=-1 level=103.60  ...
Unknown model type pspnqs103va - ignored

Warning: Model issue on line 679 :
  .model xt2f.xm66:sg13g2_hv_nmos_psp_rf pspnqs103va type=+1 level=103.60  ...
Unknown model type pspnqs103va - ignored

Warning: Model issue on line 700 :
  .model xt2f.xm66:sg13g2_hv_pmos_psp_rf pspnqs103va type=-1 level=103.60  ...
Unknown model type pspnqs103va - ignored

Warning: Model issue on line 679 :
  .model xt2f.xm67:sg13g2_hv_nmos_psp_rf pspnqs103va type=+1 level=103.60  ...
Unknown model type pspnqs103va - ignored

Warning: Model issue on line 700 :
  .model xt2f.xm67:sg13g2_hv_pmos_psp_rf pspnqs103va type=-1 level=103.60  ...
Unknown model type pspnqs103va - ignored

Warning: Model issue on line 679 :
  .model xt2f.xm68:sg13g2_hv_nmos_psp_rf pspnqs103va type=+1 level=103.60  ...
Unknown model type pspnqs103va - ignored

Warning: Model issue on line 700 :
  .model xt2f.xm68:sg13g2_hv_pmos_psp_rf pspnqs103va type=-1 level=103.60  ...
Unknown model type pspnqs103va - ignored

Warning: Model issue on line 679 :
  .model xt2f.xm69:sg13g2_hv_nmos_psp_rf pspnqs103va type=+1 level=103.60  ...
Unknown model type pspnqs103va - ignored

Warning: Model issue on line 700 :
  .model xt2f.xm69:sg13g2_hv_pmos_psp_rf pspnqs103va type=-1 level=103.60  ...
Unknown model type pspnqs103va - ignored

Warning: Model issue on line 679 :
  .model xt2f.xm70:sg13g2_hv_nmos_psp_rf pspnqs103va type=+1 level=103.60  ...
Unknown model type pspnqs103va - ignored

Warning: Model issue on line 700 :
  .model xt2f.xm70:sg13g2_hv_pmos_psp_rf pspnqs103va type=-1 level=103.60  ...
Unknown model type pspnqs103va - ignored

Warning: Model issue on line 679 :
  .model xt2f.xm71:sg13g2_hv_nmos_psp_rf pspnqs103va type=+1 level=103.60  ...
Unknown model type pspnqs103va - ignored

Warning: Model issue on line 700 :
  .model xt2f.xm71:sg13g2_hv_pmos_psp_rf pspnqs103va type=-1 level=103.60  ...
Unknown model type pspnqs103va - ignored

Warning: Model issue on line 679 :
  .model xt2f.xm72:sg13g2_hv_nmos_psp_rf pspnqs103va type=+1 level=103.60  ...
Unknown model type pspnqs103va - ignored

Warning: Model issue on line 700 :
  .model xt2f.xm72:sg13g2_hv_pmos_psp_rf pspnqs103va type=-1 level=103.60  ...
Unknown model type pspnqs103va - ignored

Warning: Model issue on line 679 :
  .model xt2f.xm73:sg13g2_hv_nmos_psp_rf pspnqs103va type=+1 level=103.60  ...
Unknown model type pspnqs103va - ignored

Warning: Model issue on line 700 :
  .model xt2f.xm73:sg13g2_hv_pmos_psp_rf pspnqs103va type=-1 level=103.60  ...
Unknown model type pspnqs103va - ignored

Warning: Model issue on line 679 :
  .model xt2f.xm74:sg13g2_hv_nmos_psp_rf pspnqs103va type=+1 level=103.60  ...
Unknown model type pspnqs103va - ignored

Warning: Model issue on line 700 :
  .model xt2f.xm74:sg13g2_hv_pmos_psp_rf pspnqs103va type=-1 level=103.60  ...
Unknown model type pspnqs103va - ignored

Warning: Model issue on line 679 :
  .model xt2f.xm75:sg13g2_hv_nmos_psp_rf pspnqs103va type=+1 level=103.60  ...
Unknown model type pspnqs103va - ignored

Warning: Model issue on line 700 :
  .model xt2f.xm75:sg13g2_hv_pmos_psp_rf pspnqs103va type=-1 level=103.60  ...
Unknown model type pspnqs103va - ignored

Warning: Model issue on line 679 :
  .model xt2f.xm76:sg13g2_hv_nmos_psp_rf pspnqs103va type=+1 level=103.60  ...
Unknown model type pspnqs103va - ignored

Warning: Model issue on line 700 :
  .model xt2f.xm76:sg13g2_hv_pmos_psp_rf pspnqs103va type=-1 level=103.60  ...
Unknown model type pspnqs103va - ignored

Warning: Model issue on line 788 :
  .model xt2f.xm77:sg13g2_hv_nmos_psp_rf pspnqs103va type=+1 level=103.60  ...
Unknown model type pspnqs103va - ignored

Warning: Model issue on line 809 :
  .model xt2f.xm77:sg13g2_hv_pmos_psp_rf pspnqs103va type=-1 level=103.60  ...
Unknown model type pspnqs103va - ignored

Warning: Model issue on line 788 :
  .model xt2f.xm78:sg13g2_hv_nmos_psp_rf pspnqs103va type=+1 level=103.60  ...
Unknown model type pspnqs103va - ignored

Warning: Model issue on line 809 :
  .model xt2f.xm78:sg13g2_hv_pmos_psp_rf pspnqs103va type=-1 level=103.60  ...
Unknown model type pspnqs103va - ignored

Warning: Model issue on line 788 :
  .model xt2f.xm79:sg13g2_hv_nmos_psp_rf pspnqs103va type=+1 level=103.60  ...
Unknown model type pspnqs103va - ignored

Warning: Model issue on line 809 :
  .model xt2f.xm79:sg13g2_hv_pmos_psp_rf pspnqs103va type=-1 level=103.60  ...
Unknown model type pspnqs103va - ignored

Warning: Model issue on line 788 :
  .model xt2f.xm80:sg13g2_hv_nmos_psp_rf pspnqs103va type=+1 level=103.60  ...
Unknown model type pspnqs103va - ignored

Warning: Model issue on line 809 :
  .model xt2f.xm80:sg13g2_hv_pmos_psp_rf pspnqs103va type=-1 level=103.60  ...
Unknown model type pspnqs103va - ignored

Warning: Model issue on line 788 :
  .model xt2f.xm81:sg13g2_hv_nmos_psp_rf pspnqs103va type=+1 level=103.60  ...
Unknown model type pspnqs103va - ignored

Warning: Model issue on line 809 :
  .model xt2f.xm81:sg13g2_hv_pmos_psp_rf pspnqs103va type=-1 level=103.60  ...
Unknown model type pspnqs103va - ignored

Warning: Model issue on line 788 :
  .model xt2f.xm82:sg13g2_hv_nmos_psp_rf pspnqs103va type=+1 level=103.60  ...
Unknown model type pspnqs103va - ignored

Warning: Model issue on line 809 :
  .model xt2f.xm82:sg13g2_hv_pmos_psp_rf pspnqs103va type=-1 level=103.60  ...
Unknown model type pspnqs103va - ignored

Warning: Model issue on line 788 :
  .model xt2f.xm83:sg13g2_hv_nmos_psp_rf pspnqs103va type=+1 level=103.60  ...
Unknown model type pspnqs103va - ignored

Warning: Model issue on line 809 :
  .model xt2f.xm83:sg13g2_hv_pmos_psp_rf pspnqs103va type=-1 level=103.60  ...
Unknown model type pspnqs103va - ignored

Warning: Model issue on line 788 :
  .model xt2f.xm84:sg13g2_hv_nmos_psp_rf pspnqs103va type=+1 level=103.60  ...
Unknown model type pspnqs103va - ignored

Warning: Model issue on line 809 :
  .model xt2f.xm84:sg13g2_hv_pmos_psp_rf pspnqs103va type=-1 level=103.60  ...
Unknown model type pspnqs103va - ignored

Warning: Model issue on line 788 :
  .model xt2f.xm85:sg13g2_hv_nmos_psp_rf pspnqs103va type=+1 level=103.60  ...
Unknown model type pspnqs103va - ignored

Warning: Model issue on line 809 :
  .model xt2f.xm85:sg13g2_hv_pmos_psp_rf pspnqs103va type=-1 level=103.60  ...
Unknown model type pspnqs103va - ignored

Warning: Model issue on line 788 :
  .model xt2f.xm86:sg13g2_hv_nmos_psp_rf pspnqs103va type=+1 level=103.60  ...
Unknown model type pspnqs103va - ignored

Warning: Model issue on line 809 :
  .model xt2f.xm86:sg13g2_hv_pmos_psp_rf pspnqs103va type=-1 level=103.60  ...
Unknown model type pspnqs103va - ignored

Warning: Model issue on line 788 :
  .model xt2f.xm87:sg13g2_hv_nmos_psp_rf pspnqs103va type=+1 level=103.60  ...
Unknown model type pspnqs103va - ignored

Warning: Model issue on line 809 :
  .model xt2f.xm87:sg13g2_hv_pmos_psp_rf pspnqs103va type=-1 level=103.60  ...
Unknown model type pspnqs103va - ignored

Warning: Model issue on line 788 :
  .model xt2f.xm88:sg13g2_hv_nmos_psp_rf pspnqs103va type=+1 level=103.60  ...
Unknown model type pspnqs103va - ignored

Warning: Model issue on line 809 :
  .model xt2f.xm88:sg13g2_hv_pmos_psp_rf pspnqs103va type=-1 level=103.60  ...
Unknown model type pspnqs103va - ignored

Warning: Model issue on line 788 :
  .model xt2f.xm89:sg13g2_hv_nmos_psp_rf pspnqs103va type=+1 level=103.60  ...
Unknown model type pspnqs103va - ignored

Warning: Model issue on line 809 :
  .model xt2f.xm89:sg13g2_hv_pmos_psp_rf pspnqs103va type=-1 level=103.60  ...
Unknown model type pspnqs103va - ignored

Warning: Model issue on line 788 :
  .model xt2f.xm90:sg13g2_hv_nmos_psp_rf pspnqs103va type=+1 level=103.60  ...
Unknown model type pspnqs103va - ignored

Warning: Model issue on line 809 :
  .model xt2f.xm90:sg13g2_hv_pmos_psp_rf pspnqs103va type=-1 level=103.60  ...
Unknown model type pspnqs103va - ignored

Warning: Model issue on line 890 :
  .model xt2f.xm91:sg13g2_lv_nmos_psp_rf pspnqs103va type=+1 level=103.60  ...
Unknown model type pspnqs103va - ignored

Warning: Model issue on line 912 :
  .model xt2f.xm91:sg13g2_lv_pmos_psp_rf pspnqs103va type=-1 level=103.60  ...
Unknown model type pspnqs103va - ignored

Warning: Model issue on line 914 :
  .model xt2f.xm91:nmoscl_psp_rf pspnqs103va type=+1 tr=27.0 dta=0.0 swgeo ...
Unknown model type pspnqs103va - ignored



The temperature limiting function received NaN.
Please check your power dissipation and improve your heat sink Rth!
    This message will be shown only once.

Note: Starting dynamic gmin stepping
Note: Dynamic gmin stepping completed
Doing analysis at TEMP = 125.000000 and TNOM = 27.000000

Using SPARSE 1.3 as Direct Linear Solver
OSDI(debug) n.xt2f.xr12.nr1: WARNING: V(i1,c) voltage is greater than specified by vmax
OSDI(debug) n.xt2f.xr12.nr1: WARNING: V(i2,c) voltage is greater than specified by vmax
OSDI(debug) n.xt2f.xr11.nr1: WARNING: V(i1,c) voltage is greater than specified by vmax
OSDI(debug) n.xt2f.xr11.nr1: WARNING: V(i2,c) voltage is greater than specified by vmax
OSDI(debug) n.xt2f.xr10.nr1: WARNING: V(i1,c) voltage is greater than specified by vmax
OSDI(debug) n.xt2f.xr10.nr1: WARNING: V(i2,c) voltage is greater than specified by vmax
OSDI(debug) n.xt2f.xr9.nr1: WARNING: V(i1,c) voltage is greater than specified by vmax
OSDI(debug) n.xt2f.xr9.nr1: WARNING: V(i2,c) voltage is greater than specified by vmax
OSDI(debug) n.xt2f.xr8.nr1: WARNING: V(i1,c) voltage is greater than specified by vmax
OSDI(debug) n.xt2f.xr8.nr1: WARNING: V(i2,c) voltage is greater than specified by vmax
OSDI(debug) n.xt2f.xr7.nr1: WARNING: V(i1,c) voltage is greater than specified by vmax
OSDI(debug) n.xt2f.xr7.nr1: WARNING: V(i2,c) voltage is greater than specified by vmax
OSDI(debug) n.xt2f.xr6.nr1: WARNING: V(i1,c) voltage is greater than specified by vmax
OSDI(debug) n.xt2f.xr6.nr1: WARNING: V(i2,c) voltage is greater than specified by vmax
OSDI(debug) n.xt2f.xr5.nr1: WARNING: V(i1,c) voltage is greater than specified by vmax
OSDI(debug) n.xt2f.xr5.nr1: WARNING: V(i2,c) voltage is greater than specified by vmax
OSDI(debug) n.xt2f.xr4.nr1: WARNING: V(i1,c) voltage is greater than specified by vmax
OSDI(debug) n.xt2f.xr4.nr1: WARNING: V(i2,c) voltage is greater than specified by vmax
OSDI(debug) n.xt2f.xr3.nr1: WARNING: V(i1,c) voltage is greater than specified by vmax
OSDI(debug) n.xt2f.xr3.nr1: WARNING: V(i2,c) voltage is greater than specified by vmax
OSDI(debug) n.xbgr.xr17.nr1: WARNING: V(i2,c) voltage is greater than specified by vmax
OSDI(debug) n.xt2f.xr12.nr1: WARNING: V(i1,c) voltage is greater than specified by vmax
OSDI(debug) n.xt2f.xr12.nr1: WARNING: V(i2,c) voltage is greater than specified by vmax
OSDI(debug) n.xt2f.xr11.nr1: WARNING: V(i1,c) voltage is greater than specified by vmax
OSDI(debug) n.xt2f.xr11.nr1: WARNING: V(i2,c) voltage is greater than specified by vmax
OSDI(debug) n.xt2f.xr10.nr1: WARNING: V(i1,c) voltage is greater than specified by vmax
OSDI(debug) n.xt2f.xr10.nr1: WARNING: V(i2,c) voltage is greater than specified by vmax
OSDI(debug) n.xt2f.xr9.nr1: WARNING: V(i1,c) voltage is greater than specified by vmax
OSDI(debug) n.xt2f.xr9.nr1: WARNING: V(i2,c) voltage is greater than specified by vmax
OSDI(debug) n.xt2f.xr8.nr1: WARNING: V(i1,c) voltage is greater than specified by vmax
OSDI(debug) n.xt2f.xr8.nr1: WARNING: V(i2,c) voltage is greater than specified by vmax
OSDI(debug) n.xt2f.xr7.nr1: WARNING: V(i1,c) voltage is greater than specified by vmax
OSDI(debug) n.xt2f.xr7.nr1: WARNING: V(i2,c) voltage is greater than specified by vmax
OSDI(debug) n.xt2f.xr6.nr1: WARNING: V(i1,c) voltage is greater than specified by vmax
OSDI(debug) n.xt2f.xr6.nr1: WARNING: V(i2,c) voltage is greater than specified by vmax
OSDI(debug) n.xt2f.xr5.nr1: WARNING: V(i1,c) voltage is greater than specified by vmax
OSDI(debug) n.xt2f.xr5.nr1: WARNING: V(i2,c) voltage is greater than specified by vmax
OSDI(debug) n.xt2f.xr4.nr1: WARNING: V(i1,c) voltage is greater than specified by vmax
OSDI(debug) n.xt2f.xr4.nr1: WARNING: V(i2,c) voltage is greater than specified by vmax
OSDI(debug) n.xt2f.xr3.nr1: WARNING: V(i1,c) voltage is greater than specified by vmax
OSDI(debug) n.xt2f.xr3.nr1: WARNING: V(i2,c) voltage is greater than specified by vmax
OSDI(debug) n.xbgr.xr17.nr1: WARNING: V(i2,c) voltage is greater than specified by vmax
 Reference value :  0.00000e+00Note: Starting dynamic gmin stepping
Note: Dynamic gmin stepping completed

No. of Data Rows : 1
@n.xbgr.xm34.nsg13_hv_nmos[delvto] = 5.393717574565722e-03
@n.xbgr.xr16.nr1[nsmm_rsh] = -1.00254665709940e+00
@q.xbgr.xq56.qnpn13g2[area] = 1.008353510804869e+00
@q.xt2f.xq42.qnpn13g2[area] = 8.815422130736099e-01
@c.xt2f.xc1.c1[scale] = 1.000178922553539e+00
Doing analysis at TEMP = 125.000000 and TNOM = 27.000000

Using SPARSE 1.3 as Direct Linear Solver
OSDI(debug) n.xt2f.xr12.nr1: WARNING: V(i1,c) voltage is greater than specified by vmax
OSDI(debug) n.xt2f.xr12.nr1: WARNING: V(i2,c) voltage is greater than specified by vmax
OSDI(debug) n.xt2f.xr11.nr1: WARNING: V(i1,c) voltage is greater than specified by vmax
OSDI(debug) n.xt2f.xr11.nr1: WARNING: V(i2,c) voltage is greater than specified by vmax
OSDI(debug) n.xt2f.xr10.nr1: WARNING: V(i1,c) voltage is greater than specified by vmax
OSDI(debug) n.xt2f.xr10.nr1: WARNING: V(i2,c) voltage is greater than specified by vmax
OSDI(debug) n.xt2f.xr9.nr1: WARNING: V(i1,c) voltage is greater than specified by vmax
OSDI(debug) n.xt2f.xr9.nr1: WARNING: V(i2,c) voltage is greater than specified by vmax
OSDI(debug) n.xt2f.xr8.nr1: WARNING: V(i1,c) voltage is greater than specified by vmax
OSDI(debug) n.xt2f.xr8.nr1: WARNING: V(i2,c) voltage is greater than specified by vmax
OSDI(debug) n.xt2f.xr7.nr1: WARNING: V(i1,c) voltage is greater than specified by vmax
OSDI(debug) n.xt2f.xr7.nr1: WARNING: V(i2,c) voltage is greater than specified by vmax
OSDI(debug) n.xt2f.xr6.nr1: WARNING: V(i1,c) voltage is greater than specified by vmax
OSDI(debug) n.xt2f.xr6.nr1: WARNING: V(i2,c) voltage is greater than specified by vmax
OSDI(debug) n.xt2f.xr5.nr1: WARNING: V(i1,c) voltage is greater than specified by vmax
OSDI(debug) n.xt2f.xr5.nr1: WARNING: V(i2,c) voltage is greater than specified by vmax
OSDI(debug) n.xt2f.xr4.nr1: WARNING: V(i1,c) voltage is greater than specified by vmax
OSDI(debug) n.xt2f.xr4.nr1: WARNING: V(i2,c) voltage is greater than specified by vmax
OSDI(debug) n.xt2f.xr3.nr1: WARNING: V(i1,c) voltage is greater than specified by vmax
OSDI(debug) n.xt2f.xr3.nr1: WARNING: V(i2,c) voltage is greater than specified by vmax
OSDI(debug) n.xbgr.xr17.nr1: WARNING: V(i2,c) voltage is greater than specified by vmax
OSDI(debug) n.xt2f.xr12.nr1: WARNING: V(i1,c) voltage is greater than specified by vmax
OSDI(debug) n.xt2f.xr12.nr1: WARNING: V(i2,c) voltage is greater than specified by vmax
OSDI(debug) n.xt2f.xr11.nr1: WARNING: V(i1,c) voltage is greater than specified by vmax
OSDI(debug) n.xt2f.xr11.nr1: WARNING: V(i2,c) voltage is greater than specified by vmax
OSDI(debug) n.xt2f.xr10.nr1: WARNING: V(i1,c) voltage is greater than specified by vmax
OSDI(debug) n.xt2f.xr10.nr1: WARNING: V(i2,c) voltage is greater than specified by vmax
OSDI(debug) n.xt2f.xr9.nr1: WARNING: V(i1,c) voltage is greater than specified by vmax
OSDI(debug) n.xt2f.xr9.nr1: WARNING: V(i2,c) voltage is greater than specified by vmax
OSDI(debug) n.xt2f.xr8.nr1: WARNING: V(i1,c) voltage is greater than specified by vmax
OSDI(debug) n.xt2f.xr8.nr1: WARNING: V(i2,c) voltage is greater than specified by vmax
OSDI(debug) n.xt2f.xr7.nr1: WARNING: V(i1,c) voltage is greater than specified by vmax
OSDI(debug) n.xt2f.xr7.nr1: WARNING: V(i2,c) voltage is greater than specified by vmax
OSDI(debug) n.xt2f.xr6.nr1: WARNING: V(i1,c) voltage is greater than specified by vmax
OSDI(debug) n.xt2f.xr6.nr1: WARNING: V(i2,c) voltage is greater than specified by vmax
OSDI(debug) n.xt2f.xr5.nr1: WARNING: V(i1,c) voltage is greater than specified by vmax
OSDI(debug) n.xt2f.xr5.nr1: WARNING: V(i2,c) voltage is greater than specified by vmax
OSDI(debug) n.xt2f.xr4.nr1: WARNING: V(i1,c) voltage is greater than specified by vmax
OSDI(debug) n.xt2f.xr4.nr1: WARNING: V(i2,c) voltage is greater than specified by vmax
OSDI(debug) n.xt2f.xr3.nr1: WARNING: V(i1,c) voltage is greater than specified by vmax
OSDI(debug) n.xt2f.xr3.nr1: WARNING: V(i2,c) voltage is greater than specified by vmax
OSDI(debug) n.xbgr.xr17.nr1: WARNING: V(i2,c) voltage is greater than specified by vmax

Initial Transient Solution
--------------------------

Node                                   Voltage
----                                   -------
sub!                                         0
vdd                                        3.3
vdd12                                      1.2
r4                                           0
en                                           0
mode                                         0
xbgr.n_23                             0.218849
xbgr.xr1.dt                                  0
xbgr.n_12                              3.03115
xbgr.det                               3.24476
xbgr.xr2.dt                                  0
xbgr.n_13                              2.60316
xbgr.n_24                              2.38832
xbgr.xr3.dt                                  0
xbgr.n_14                              2.16822
xbgr.xr4.dt                                  0
xbgr.n_26                              1.95004
xbgr.xr5.dt                                  0
xbgr.n_15                              1.73354
xbgr.xr6.dt                                  0
xbgr.n_27                              1.51734
xbgr.xr7.dt                                  0
xbgr.n_16                              1.30172
xbgr.xr8.dt                                  0
xbgr.n_21                               1.0875
xbgr.xr9.dt                                  0
xbgr.n_25                              2.81851
xbgr.xr10.dt                                 0
xbgr.xr11.dt                                 0
xbgr.n_17                             0.872618
xbgr.n_22                             0.656433
xbgr.xr12.dt                                 0
xbgr.n_18                             0.436204
xbgr.xr13.dt                                 0
xbgr.xr14.dt                                 0
xbgr.xr15.dt                                 0
dvbe                                 0.0757917
xbgr.xr16.dt                                 0
xbgr.n_7                              0.967653
vref                                   1.04371
xbgr.xr17.dt                                 0
xbgr.n_2                              0.815342
xbgr.n_36                             0.891298
xbgr.xr18.dt                                 0
xbgr.xr19.dt                                 0
xbgr.n_37                             0.739329
xbgr.xr20.dt                                 0
xbgr.n_8                              0.663173
xbgr.xr21.dt                                 0
xbgr.vbe3                             0.586962
xbgr.xr22.dt                                 0
xbgr.n_6                                1.3789
xbgr.vb2                               1.44923
xbgr.xr23.dt                                 0
xbgr.n_9                               1.23849
xbgr.vd1                               1.16816
xbgr.xr24.dt                                 0
xbgr.n_19                              1.30871
xbgr.xr25.dt                                 0
xbgr.xr26.dt                                 0
xbgr.kick                          4.46851e-07
xbgr.r4n                                   3.3
vbe                                   0.583238
xbgr.b1b                           3.99017e-08
pbias                                  2.29294
xbgr.n1                               0.605465
xbgr.c2                               0.690406
pcasc                                  1.55718
xbgr.d1                                2.56479
xbgr.d2                                2.57968
xbgr.d4                                2.56401
xbgr.d5                                2.56325
xbgr.d3                                2.56245
iptat                                        1
xbgr.xq55.s1                                 0
xbgr.xq55.t                                  0
xbgr.xq56.s1                       3.42941e-08
xbgr.xq56.t                          0.0365911
xbgr.xq57.s1                                 0
xbgr.xq57.t                                  0
xbgr.xq58.s1                                 0
xbgr.xq58.t                                  0
xbgr.xq59.s1                                 0
xbgr.xq59.t                                  0
xbgr.xq60.s1                       3.05772e-08
xbgr.xq60.t                          0.0408524
xbgr.xq61.s1                                 0
xbgr.xq61.t                                  0
xbgr.vd2                               0.57967
xbgr.xq62.s1                       3.77785e-08
xbgr.xq62.t                          0.0329219
xbgr.xq63.s1                                 0
xbgr.xq63.t                                  0
xbgr.xq64.s1                                 0
xbgr.xq64.t                                  0
xbgr.xq65.s1                                 0
xbgr.xq65.t                                  0
xbgr.xq66.s1                                 0
xbgr.xq66.t                                  0
xbgr.xq67.s1                       3.76728e-08
xbgr.xq67.t                        5.76909e-07
xbgr.xq68.s1                       3.39844e-08
xbgr.xq68.t                         0.00463175
xbgr.xq69.s1                        3.0322e-08
xbgr.xq69.t                         0.00463175
xbgr.xq70.s1                       3.92722e-08
xbgr.xq70.t                         0.00463176
xbgr.xq71.s1                       3.25023e-08
xbgr.xq71.t                         0.00463175
xbgr.xq72.s1                       3.20442e-08
xbgr.xq72.t                         0.00463175
xbgr.xq73.s1                       4.39504e-08
xbgr.xq73.t                         0.00463176
xbgr.xq74.s1                       3.15417e-08
xbgr.xq74.t                         0.00463175
xbgr.xq75.s1                       2.95716e-08
xbgr.xq75.t                          0.0427373
xbgr.xq76.s1                        4.2653e-08
xbgr.xq76.t                         0.00463176
xbgr.n_4                               2.21964
xbgr.xr77.dt                                 0
xbgr.n_11                              1.63101
xbgr.n_34                              1.70469
xbgr.xr78.dt                                 0
xbgr.n_10                               1.7783
xbgr.xr79.dt                                 0
xbgr.n_3                               1.92547
xbgr.n_31                              1.99899
xbgr.xr80.dt                                 0
xbgr.n_33                              1.85181
xbgr.xr81.dt                                 0
xbgr.n_5                               2.07273
xbgr.xr82.dt                                 0
xbgr.n_30                              2.14599
xbgr.xr83.dt                                 0
xbgr.xr84.dt                                 0
xbgr.xr85.dt                                 0
xbgr.xr86.dt                                 0
xt2f.vth                               1.04368
xt2f.moden                                 3.3
xt2f.vr                                1.42381
xt2f.n2                                1.28166
xt2f.xr3.dt                                  0
xt2f.n11                              0.143562
xt2f.xr4.dt                                  0
xt2f.n4                                1.13966
xt2f.xr5.dt                                  0
xt2f.n5                               0.996466
xt2f.xr6.dt                                  0
xt2f.n6                                0.85469
xt2f.n7                               0.713334
xt2f.xr7.dt                                  0
xt2f.n8                               0.571239
xt2f.xr8.dt                                  0
xt2f.n9                               0.426671
xt2f.xr9.dt                                  0
xt2f.n10                              0.285235
xt2f.xr10.dt                                 0
xt2f.xr11.dt                                 0
xt2f.xr12.dt                                 0
xt2f.cap1                          7.98525e-08
xt2f.d1g                                   3.3
xt2f.cap2                          7.95355e-08
xt2f.d2g                                   3.3
xt2f.fon                                   1.2
xt2f.lsb                            5.7758e-07
fout                               5.24055e-06
xt2f.lsa                                   1.2
xt2f.qn                                    3.3
xt2f.q                             3.64511e-07
xt2f.rn                                    3.3
xt2f.ni973                           0.0432524
xt2f.ni974                             2.72381
xt2f.sn                                    3.3
xt2f.isrc                              3.29999
xt2f.c2                            1.90109e-07
xt2f.c1                            1.95974e-07
xt2f.tail1                            0.431633
xt2f.nbias                            0.658279
xt2f.tail2                            0.436033
xt2f.xq40.s1                                 0
xt2f.xq40.t                                  0
xt2f.xq41.s1                                 0
xt2f.xq41.t                                  0
xt2f.ca1                               1.21687
xt2f.xq42.s1                       3.01781e-08
xt2f.xq42.t                           0.109889
xt2f.cb2                               1.45975
xt2f.xq43.s1                       3.83324e-08
xt2f.xq43.t                        1.43679e-06
xt2f.ca2                               1.21771
xt2f.xq44.s1                       3.45569e-08
xt2f.xq44.t                          0.0968144
xt2f.cb1                               1.46119
xt2f.xq45.s1                       3.55084e-08
xt2f.xq45.t                         1.4382e-06
xt2f.ob2                               3.29442
xt2f.oa2                               2.26928
xt2f.ob1                                3.2944
xt2f.oa1                               2.27511
xt2f.vcg                               2.30929
xt2f.a                             1.66939e-07
xt2f.ni961                             2.68697
xt2f.ni962                           0.0456363
xt2f.ni960                         1.84212e-07
xt2f.dr                                2.56309
xt2f.db                                2.56316
xt2f.do                                3.29999
xt2f.xc1.1                         7.98525e-08
xt2f.xc2.1                         7.95355e-08
vload#branch                       5.57753e-06
vmode#branch                                 0
ven#branch                                   0
vr4#branch                                   0
vdd12#branch                      -7.50103e-09
vdd#branch                         -7.5094e-05
vsub#branch                                  0

 Reference value :  6.46400e-07 Reference value :  1.19798e-06 Reference value :  1.43306e-06 Reference value :  1.67385e-06 Reference value :  1.91705e-06 Reference value :  2.16057e-06 Reference value :  2.40395e-06 Reference value :  2.64742e-06 Reference value :  2.89148e-06 Reference value :  3.13494e-06 Reference value :  3.37880e-06 Reference value :  3.62263e-06 Reference value :  3.86640e-06 Reference value :  4.11002e-06 Reference value :  4.35370e-06 Reference value :  4.59743e-06 Reference value :  4.84125e-06 Reference value :  5.08432e-06 Reference value :  5.32719e-06 Reference value :  5.56516e-06 Reference value :  5.65288e-06 Reference value :  5.81926e-06 Reference value :  6.06214e-06 Reference value :  6.30604e-06 Reference value :  6.54949e-06 Reference value :  6.79307e-06 Reference value :  7.03449e-06 Reference value :  7.27817e-06 Reference value :  7.52128e-06 Reference value :  7.76477e-06 Reference value :  8.00790e-06 Reference value :  8.25149e-06 Reference value :  8.48903e-06 Reference value :  8.69028e-06 Reference value :  8.79895e-06 Reference value :  9.00265e-06 Reference value :  9.23390e-06 Reference value :  9.47504e-06 Reference value :  9.71800e-06 Reference value :  9.96044e-06 Reference value :  1.02030e-05 Reference value :  1.04463e-05 Reference value :  1.06899e-05 Reference value :  1.09336e-05 Reference value :  1.11773e-05 Reference value :  1.14210e-05 Reference value :  1.16645e-05 Reference value :  1.19082e-05 Reference value :  1.21519e-05 Reference value :  1.23952e-05 Reference value :  1.26389e-05 Reference value :  1.28822e-05 Reference value :  1.31262e-05 Reference value :  1.33698e-05 Reference value :  1.36132e-05 Reference value :  1.38568e-05 Reference value :  1.41008e-05 Reference value :  1.43442e-05 Reference value :  1.45875e-05 Reference value :  1.48309e-05 Reference value :  1.50734e-05 Reference value :  1.53169e-05 Reference value :  1.55605e-05 Reference value :  1.58056e-05 Reference value :  1.60496e-05 Reference value :  1.62934e-05 Reference value :  1.65375e-05 Reference value :  1.67809e-05 Reference value :  1.70249e-05 Reference value :  1.72684e-05 Reference value :  1.75123e-05 Reference value :  1.77562e-05 Reference value :  1.80003e-05 Reference value :  1.82439e-05 Reference value :  1.84879e-05 Reference value :  1.87314e-05 Reference value :  1.89753e-05 Reference value :  1.92190e-05 Reference value :  1.94628e-05 Reference value :  1.97066e-05 Reference value :  1.99517e-05 Reference value :  2.01963e-05 Reference value :  2.04403e-05 Reference value :  2.06840e-05 Reference value :  2.09279e-05 Reference value :  2.11715e-05 Reference value :  2.14154e-05 Reference value :  2.16585e-05 Reference value :  2.19029e-05 Reference value :  2.21479e-05 Reference value :  2.24114e-05 Reference value :  2.26447e-05 Reference value :  2.29967e-05 Reference value :  2.33507e-05 Reference value :  2.36019e-05 Reference value :  2.38480e-05 Reference value :  2.40919e-05 Reference value :  2.43361e-05 Reference value :  2.45797e-05 Reference value :  2.48240e-05 Reference value :  2.50678e-05 Reference value :  2.53117e-05 Reference value :  2.55555e-05 Reference value :  2.58006e-05 Reference value :  2.60452e-05 Reference value :  2.62893e-05 Reference value :  2.65329e-05 Reference value :  2.67812e-05 Reference value :  2.71181e-05 Reference value :  2.74528e-05 Reference value :  2.77085e-05 Reference value :  2.79820e-05 Reference value :  2.82316e-05 Reference value :  2.84772e-05 Reference value :  2.87217e-05 Reference value :  2.89656e-05 Reference value :  2.92098e-05 Reference value :  2.94534e-05 Reference value :  2.96974e-05 Reference value :  2.99412e-05 Reference value :  3.01855e-05 Reference value :  3.04292e-05 Reference value :  3.06733e-05 Reference value :  3.09181e-05 Reference value :  3.11631e-05 Reference value :  3.14068e-05 Reference value :  3.16492e-05 Reference value :  3.18926e-05
No. of Data Rows : 22042
@n.xbgr.xm34.nsg13_hv_nmos[delvto] = 5.393717574565722e-03
@n.xbgr.xr16.nr1[nsmm_rsh] = -1.00254665709940e+00
@q.xbgr.xq56.qnpn13g2[area] = 1.008353510804869e+00
@q.xt2f.xq42.qnpn13g2[area] = 8.815422130736099e-01
@c.xt2f.xc1.c1[scale] = 1.000178922553539e+00
t_a                 =  4.59757e-06
t_b                 =  1.23958e-05
freq = 2.051759216822989e+06
i33_avg             =  -8.52004e-05 from=  4.59757e-06 to=  1.23958e-05
i12_avg             =  -3.40024e-07 from=  4.59757e-06 to=  1.23958e-05
vref_avg            =  1.04382e+00 from=  4.59757e-06 to=  1.23958e-05
vth_avg             =  1.04379e+00 from=  4.59757e-06 to=  1.23958e-05
cap1_max            =  1.09583e+00 at=  1.14202e-05
fout_hi             =  1.21126e+00 at=  6.79060e-06
fout_lo             =  -5.79988e-03 at=  5.57215e-06
t_half_a            =  2.43628e-07 targ=  4.84120e-06 trig=  4.59757e-06
ngspice-47 done
