
Note: No compatibility mode selected!


Circuit: * g1_sense monte carlo: input-referred offset, mismatch models (mos lv+hv, rppd), 200 samples

Warning : Nodeset on non-existent node - xdut.iptat, ignored
   Please check line .nodeset v(vref_buf)=    1.040000000000000e+00     v(vped)=    1.000755000000000e+00     v(isense)=    1.000755000000000e+00     v(xdut.vp)=0.047 v(xdut.vn)=0.047 v(xdut.iptat)=0.76 v(xdut.xref.out1)=    2.510000000000000e+00     v(xdut.xbuf.out1)=    2.510000000000000e+00     v(xdut.xota.out1)=    2.510000000000000e+00     v(xdut.xref.mir)=    2.510000000000000e+00     v(xdut.xbuf.mir)=    2.510000000000000e+00     v(xdut.xota.mir)=    2.510000000000000e+00     v(xdut.xref.tail)=1.65 v(xdut.xbuf.tail)=1.65 v(xdut.xota.tail)=1.6 v(xdut.xref.fn)=0.2 v(xdut.xref.fp)=0.2 v(xdut.xbuf.fn)=0.2 v(xdut.xbuf.fp)=0.2 v(xdut.xota.fn)=0.2 v(xdut.xota.fp)=0.2

Reset re-loads circuit * g1_sense monte carlo: input-referred offset, mismatch models (mos lv+hv, rppd), 200 samples

Circuit: * g1_sense monte carlo: input-referred offset, mismatch models (mos lv+hv, rppd), 200 samples

Warning : Nodeset on non-existent node - xdut.iptat, ignored
   Please check line .nodeset v(vref_buf)=    1.040000000000000e+00     v(vped)=    1.000755000000000e+00     v(isense)=    1.000755000000000e+00     v(xdut.vp)=0.047 v(xdut.vn)=0.047 v(xdut.iptat)=0.76 v(xdut.xref.out1)=    2.510000000000000e+00     v(xdut.xbuf.out1)=    2.510000000000000e+00     v(xdut.xota.out1)=    2.510000000000000e+00     v(xdut.xref.mir)=    2.510000000000000e+00     v(xdut.xbuf.mir)=    2.510000000000000e+00     v(xdut.xota.mir)=    2.510000000000000e+00     v(xdut.xref.tail)=1.65 v(xdut.xbuf.tail)=1.65 v(xdut.xota.tail)=1.6 v(xdut.xref.fn)=0.2 v(xdut.xref.fp)=0.2 v(xdut.xbuf.fn)=0.2 v(xdut.xbuf.fp)=0.2 v(xdut.xota.fn)=0.2 v(xdut.xota.fp)=0.2

Doing analysis at TEMP = 25.000000 and TNOM = 27.000000

Using SPARSE 1.3 as Direct Linear Solver
Note: Starting dynamic gmin stepping
Note: Dynamic gmin stepping completed
 Reference value :  0.00000e+00
No. of Data Rows : 1
ROW t0_c-0.1_s0 0.991347 1.00403 1.04206 -0.047315 -0.048212 1.0028 -0.000994248
Doing analysis at TEMP = 25.000000 and TNOM = 27.000000

Using SPARSE 1.3 as Direct Linear Solver
Note: Starting dynamic gmin stepping
Note: Dynamic gmin stepping completed
 Reference value :  0.00000e+00
No. of Data Rows : 1
ROW t0_c-0.1_s0.025 1.49276 1.00403 1.04206 -0.023508 -0.0244185 1.0028 -0.00100715
Doing analysis at TEMP = 25.000000 and TNOM = 27.000000

Using SPARSE 1.3 as Direct Linear Solver
Note: Starting dynamic gmin stepping
Note: Dynamic gmin stepping completed
 Reference value :  0.00000e+00
No. of Data Rows : 1
ROW t0_c-0.1_s0.05 1.99419 1.00403 1.04206 0.00029903 -0.00062395 1.0028 -0.00101968
Doing analysis at TEMP = 25.000000 and TNOM = 27.000000

Using SPARSE 1.3 as Direct Linear Solver
Warning: singular matrix:  check node xdut.xbuf.cz

Note: Starting dynamic gmin stepping
Note: Dynamic gmin stepping completed
 Reference value :  0.00000e+00
No. of Data Rows : 1
ROW t0_c0_s0 0.990854 1.00403 1.04206 0.047913 0.0470193 1.0028 -0.000993274
Doing analysis at TEMP = 25.000000 and TNOM = 27.000000

Using SPARSE 1.3 as Direct Linear Solver
Note: Starting dynamic gmin stepping
Note: Dynamic gmin stepping completed
 Reference value :  0.00000e+00
No. of Data Rows : 1
ROW t0_c0_s0.025 1.49226 1.00403 1.04206 0.07172 0.0708128 1.0028 -0.00100618
Doing analysis at TEMP = 25.000000 and TNOM = 27.000000

Using SPARSE 1.3 as Direct Linear Solver
Note: Starting dynamic gmin stepping
Note: Dynamic gmin stepping completed
 Reference value :  0.00000e+00
No. of Data Rows : 1
ROW t0_c0_s0.05 1.9937 1.00403 1.04206 0.095527 0.0946073 1.0028 -0.00101871
Doing analysis at TEMP = 25.000000 and TNOM = 27.000000

Using SPARSE 1.3 as Direct Linear Solver
Note: Starting dynamic gmin stepping
Note: Dynamic gmin stepping completed
 Reference value :  0.00000e+00
No. of Data Rows : 1
ROW t0_c0.3_s0 0.989373 1.00403 1.04206 0.333597 0.332713 1.0028 -0.00099035
Doing analysis at TEMP = 25.000000 and TNOM = 27.000000

Using SPARSE 1.3 as Direct Linear Solver
Note: Starting dynamic gmin stepping
Note: Dynamic gmin stepping completed
 Reference value :  0.00000e+00
No. of Data Rows : 1
ROW t0_c0.3_s0.025 1.49078 1.00403 1.04206 0.357404 0.356506 1.0028 -0.00100326
Doing analysis at TEMP = 25.000000 and TNOM = 27.000000

Using SPARSE 1.3 as Direct Linear Solver
Note: Starting dynamic gmin stepping
Note: Dynamic gmin stepping completed
 Reference value :  0.00000e+00
No. of Data Rows : 1
ROW t0_c0.3_s0.05 1.99221 1.00403 1.04206 0.381211 0.380301 1.0028 -0.00101579
FINGERPRINT 0
@n.xdut.xota.xm1.nsg13_hv_pmos[w] = 9.600277286091788e-05
@n.xdut.xota.xm1.nsg13_hv_pmos[l] = 1.999570158995591e-06
@n.xdut.xota.xm1.nsg13_hv_pmos[delvto] = 1.931834293955000e-05
@n.xdut.xota.xm1.nsg13_hv_pmos[factuo] = 1.000025878934775e+00
@n.xdut.xota.xm2.nsg13_hv_pmos[w] = 9.599993664390572e-05
@n.xdut.xota.xm2.nsg13_hv_pmos[l] = 1.996670728971915e-06
@n.xdut.xota.xm2.nsg13_hv_pmos[delvto] = 5.487261527685657e-04
@n.xdut.xota.xm2.nsg13_hv_pmos[factuo] = 1.000041657977176e+00
@n.xdut.xbuf.xm1.nsg13_hv_pmos[w] = 9.600045015006981e-05
@n.xdut.xbuf.xm1.nsg13_hv_pmos[l] = 1.998176014169334e-06
@n.xdut.xbuf.xm1.nsg13_hv_pmos[delvto] = -3.18735821555833e-05
@n.xdut.xbuf.xm1.nsg13_hv_pmos[factuo] = 9.998087817103016e-01
@n.xdut.xbuf.xm2.nsg13_hv_pmos[w] = 9.599195774164303e-05
@n.xdut.xbuf.xm2.nsg13_hv_pmos[l] = 1.997860966382781e-06
@n.xdut.xbuf.xm2.nsg13_hv_pmos[delvto] = -4.58872895847779e-04
@n.xdut.xbuf.xm2.nsg13_hv_pmos[factuo] = 9.997942571181871e-01
@n.xdut.xref.xm1.nsg13_hv_pmos[w] = 9.599491531158239e-05
@n.xdut.xref.xm1.nsg13_hv_pmos[l] = 1.999479846743463e-06
@n.xdut.xref.xm1.nsg13_hv_pmos[delvto] = 7.966901657122379e-05
@n.xdut.xref.xm1.nsg13_hv_pmos[factuo] = 1.000628487190206e+00
@n.xdut.xref.xm2.nsg13_hv_pmos[w] = 9.600648123050259e-05
@n.xdut.xref.xm2.nsg13_hv_pmos[l] = 2.002895424460829e-06
@n.xdut.xref.xm2.nsg13_hv_pmos[delvto] = 2.828532281457689e-04
@n.xdut.xref.xm2.nsg13_hv_pmos[factuo] = 1.000289363094012e+00
@n.xdut.xr1n0.nr1[nsmm_rsh] = -1.60610381170775e+00
@n.xdut.xr1n0.nr1[nsmm_w] = 1.094577464635983e-01
@n.xdut.xr1n0.nr1[nsmm_l] = -5.25148467443464e-01
Doing analysis at TEMP = -40.000000 and TNOM = 27.000000

Using SPARSE 1.3 as Direct Linear Solver
Note: Starting dynamic gmin stepping
Note: Dynamic gmin stepping completed
 Reference value :  0.00000e+00
No. of Data Rows : 1
ROW t1_c-0.1_s0 0.996829 1.00391 1.04195 -0.0473204 -0.0479519 1.00269 -0.000755088
Doing analysis at TEMP = -40.000000 and TNOM = 27.000000

Using SPARSE 1.3 as Direct Linear Solver
Warning: singular matrix:  check node xdut.xota.cz

Note: Starting dynamic gmin stepping
Note: Dynamic gmin stepping completed
 Reference value :  0.00000e+00
No. of Data Rows : 1
ROW t1_c-0.1_s0.025 1.49828 1.00391 1.04195 -0.0235135 -0.0241565 1.00269 -0.000767769
Doing analysis at TEMP = -40.000000 and TNOM = 27.000000

Using SPARSE 1.3 as Direct Linear Solver
Warning: singular matrix:  check node xdut.r2p_2

Note: Starting dynamic gmin stepping
Note: Dynamic gmin stepping completed
 Reference value :  0.00000e+00
No. of Data Rows : 1
ROW t1_c-0.1_s0.05 1.99975 1.00391 1.04195 0.000293509 -0.00036013 1.00269 -0.000780145
Doing analysis at TEMP = -40.000000 and TNOM = 27.000000

Using SPARSE 1.3 as Direct Linear Solver
Note: Starting dynamic gmin stepping
Note: Dynamic gmin stepping completed
 Reference value :  0.00000e+00
No. of Data Rows : 1
ROW t1_c0_s0 0.99634 1.00391 1.04195 0.0479075 0.0472796 1.00269 -0.000754105
Doing analysis at TEMP = -40.000000 and TNOM = 27.000000

Using SPARSE 1.3 as Direct Linear Solver
Note: Starting dynamic gmin stepping
Note: Dynamic gmin stepping completed
 Reference value :  0.00000e+00
No. of Data Rows : 1
ROW t1_c0_s0.025 1.49779 1.00391 1.04195 0.0717145 0.071075 1.00269 -0.000766787
Doing analysis at TEMP = -40.000000 and TNOM = 27.000000

Using SPARSE 1.3 as Direct Linear Solver
Note: Starting dynamic gmin stepping
Note: Dynamic gmin stepping completed
 Reference value :  0.00000e+00
No. of Data Rows : 1
ROW t1_c0_s0.05 1.99926 1.00391 1.04195 0.0955215 0.0948713 1.00269 -0.000779163
Doing analysis at TEMP = -40.000000 and TNOM = 27.000000

Using SPARSE 1.3 as Direct Linear Solver
Note: Starting dynamic gmin stepping
Note: Dynamic gmin stepping completed
 Reference value :  0.00000e+00
No. of Data Rows : 1
ROW t1_c0.3_s0 0.994872 1.00392 1.04195 0.333591 0.332974 1.00269 -0.000751156
Doing analysis at TEMP = -40.000000 and TNOM = 27.000000

Using SPARSE 1.3 as Direct Linear Solver
Note: Starting dynamic gmin stepping
Note: Dynamic gmin stepping completed
 Reference value :  0.00000e+00
No. of Data Rows : 1
ROW t1_c0.3_s0.025 1.49632 1.00392 1.04195 0.357398 0.356769 1.00269 -0.000763839
Doing analysis at TEMP = -40.000000 and TNOM = 27.000000

Using SPARSE 1.3 as Direct Linear Solver
Note: Starting dynamic gmin stepping
Note: Dynamic gmin stepping completed
 Reference value :  0.00000e+00
No. of Data Rows : 1
ROW t1_c0.3_s0.05 1.99779 1.00392 1.04195 0.381205 0.380566 1.00269 -0.000776215
FINGERPRINT 1
@n.xdut.xota.xm1.nsg13_hv_pmos[w] = 9.600277286091788e-05
@n.xdut.xota.xm1.nsg13_hv_pmos[l] = 1.999570158995591e-06
@n.xdut.xota.xm1.nsg13_hv_pmos[delvto] = 1.931834293955000e-05
@n.xdut.xota.xm1.nsg13_hv_pmos[factuo] = 1.000025878934775e+00
@n.xdut.xota.xm2.nsg13_hv_pmos[w] = 9.599993664390572e-05
@n.xdut.xota.xm2.nsg13_hv_pmos[l] = 1.996670728971915e-06
@n.xdut.xota.xm2.nsg13_hv_pmos[delvto] = 5.487261527685657e-04
@n.xdut.xota.xm2.nsg13_hv_pmos[factuo] = 1.000041657977176e+00
@n.xdut.xbuf.xm1.nsg13_hv_pmos[w] = 9.600045015006981e-05
@n.xdut.xbuf.xm1.nsg13_hv_pmos[l] = 1.998176014169334e-06
@n.xdut.xbuf.xm1.nsg13_hv_pmos[delvto] = -3.18735821555833e-05
@n.xdut.xbuf.xm1.nsg13_hv_pmos[factuo] = 9.998087817103016e-01
@n.xdut.xbuf.xm2.nsg13_hv_pmos[w] = 9.599195774164303e-05
@n.xdut.xbuf.xm2.nsg13_hv_pmos[l] = 1.997860966382781e-06
@n.xdut.xbuf.xm2.nsg13_hv_pmos[delvto] = -4.58872895847779e-04
@n.xdut.xbuf.xm2.nsg13_hv_pmos[factuo] = 9.997942571181871e-01
@n.xdut.xref.xm1.nsg13_hv_pmos[w] = 9.599491531158239e-05
@n.xdut.xref.xm1.nsg13_hv_pmos[l] = 1.999479846743463e-06
@n.xdut.xref.xm1.nsg13_hv_pmos[delvto] = 7.966901657122379e-05
@n.xdut.xref.xm1.nsg13_hv_pmos[factuo] = 1.000628487190206e+00
@n.xdut.xref.xm2.nsg13_hv_pmos[w] = 9.600648123050259e-05
@n.xdut.xref.xm2.nsg13_hv_pmos[l] = 2.002895424460829e-06
@n.xdut.xref.xm2.nsg13_hv_pmos[delvto] = 2.828532281457689e-04
@n.xdut.xref.xm2.nsg13_hv_pmos[factuo] = 1.000289363094012e+00
@n.xdut.xr1n0.nr1[nsmm_rsh] = -1.60610381170775e+00
@n.xdut.xr1n0.nr1[nsmm_w] = 1.094577464635983e-01
@n.xdut.xr1n0.nr1[nsmm_l] = -5.25148467443464e-01
Doing analysis at TEMP = 125.000000 and TNOM = 27.000000

Using SPARSE 1.3 as Direct Linear Solver
Warning: singular matrix:  check node n.xdut.xrd239.nr1#i2

Note: Starting dynamic gmin stepping
Warning: spfactor.c, 230, Pivot for step = 1030 not found
Note: Dynamic gmin stepping completed
 Reference value :  0.00000e+00
No. of Data Rows : 1
ROW t2_c-0.1_s0 0.980852 1.00376 1.04203 -0.0473276 -0.0487101 1.00277 -0.00137186
Doing analysis at TEMP = 125.000000 and TNOM = 27.000000

Using SPARSE 1.3 as Direct Linear Solver
Warning: singular matrix:  check nodes xdut.rd2_38 and xdut.rd2_40

Note: Starting dynamic gmin stepping
Warning: spfactor.c, 230, Pivot for step = 1029 not found
Note: Dynamic gmin stepping completed
 Reference value :  0.00000e+00
No. of Data Rows : 1
ROW t2_c-0.1_s0.025 1.48221 1.00376 1.04203 -0.0235206 -0.0249192 1.00277 -0.00138474
Doing analysis at TEMP = 125.000000 and TNOM = 27.000000

Using SPARSE 1.3 as Direct Linear Solver
Warning: singular matrix:  check node xdut.rd2_11

Note: Starting dynamic gmin stepping
Warning: spfactor.c, 230, Pivot for step = 1032 not found
Note: Dynamic gmin stepping completed
 Reference value :  0.00000e+00
No. of Data Rows : 1
ROW t2_c-0.1_s0.05 1.98359 1.00376 1.04203 0.000286426 -0.00112703 1.00277 -0.00139713
Doing analysis at TEMP = 125.000000 and TNOM = 27.000000

Using SPARSE 1.3 as Direct Linear Solver
Warning: singular matrix:  check node n.xdut.xrd239.nr1#i1

Note: Starting dynamic gmin stepping
Warning: spfactor.c, 230, Pivot for step = 1031 not found
Note: Dynamic gmin stepping completed
 Reference value :  0.00000e+00
No. of Data Rows : 1
ROW t2_c0_s0 0.980355 1.00376 1.04203 0.0479004 0.046521 1.00277 -0.0013709
Doing analysis at TEMP = 125.000000 and TNOM = 27.000000

Using SPARSE 1.3 as Direct Linear Solver
Warning: singular matrix:  check node xdut.rd2_19

Note: Starting dynamic gmin stepping
Warning: spfactor.c, 230, Pivot for step = 1030 not found
Note: Dynamic gmin stepping completed
 Reference value :  0.00000e+00
No. of Data Rows : 1
ROW t2_c0_s0.025 1.48171 1.00376 1.04203 0.0717074 0.0703119 1.00277 -0.00138379
Doing analysis at TEMP = 125.000000 and TNOM = 27.000000

Using SPARSE 1.3 as Direct Linear Solver
Warning: singular matrix:  check nodes xdut.rd2_20 and xdut.rd2_38

Note: Starting dynamic gmin stepping
Note: Dynamic gmin stepping completed
 Reference value :  0.00000e+00
No. of Data Rows : 1
ROW t2_c0_s0.05 1.98309 1.00376 1.04203 0.0955144 0.094104 1.00277 -0.00139618
Doing analysis at TEMP = 125.000000 and TNOM = 27.000000

Using SPARSE 1.3 as Direct Linear Solver
Warning: singular matrix:  check node n.xdut.xrd11.nr1#i1

Note: Starting dynamic gmin stepping
Warning: spfactor.c, 230, Pivot for step = 1028 not found
Note: Dynamic gmin stepping completed
 Reference value :  0.00000e+00
No. of Data Rows : 1
ROW t2_c0.3_s0 0.978851 1.00377 1.04203 0.333584 0.332214 1.00277 -0.00136804
Doing analysis at TEMP = 125.000000 and TNOM = 27.000000

Using SPARSE 1.3 as Direct Linear Solver
Warning: singular matrix:  check nodes xdut.rd2_19 and xdut.rd2_20

Note: Starting dynamic gmin stepping
Warning: spfactor.c, 230, Pivot for step = 1036 not found
Note: Dynamic gmin stepping completed
 Reference value :  0.00000e+00
No. of Data Rows : 1
ROW t2_c0.3_s0.025 1.4802 1.00377 1.04203 0.357391 0.356004 1.00277 -0.00138092
Doing analysis at TEMP = 125.000000 and TNOM = 27.000000

Using SPARSE 1.3 as Direct Linear Solver
Warning: singular matrix:  check node xdut.rd2_23

Note: Starting dynamic gmin stepping
Warning: spfactor.c, 230, Pivot for step = 1030 not found
Note: Dynamic gmin stepping completed
 Reference value :  0.00000e+00
No. of Data Rows : 1
ROW t2_c0.3_s0.05 1.98158 1.00377 1.04203 0.381198 0.379796 1.00277 -0.00139331
FINGERPRINT 2
@n.xdut.xota.xm1.nsg13_hv_pmos[w] = 9.600277286091788e-05
@n.xdut.xota.xm1.nsg13_hv_pmos[l] = 1.999570158995591e-06
@n.xdut.xota.xm1.nsg13_hv_pmos[delvto] = 1.931834293955000e-05
@n.xdut.xota.xm1.nsg13_hv_pmos[factuo] = 1.000025878934775e+00
@n.xdut.xota.xm2.nsg13_hv_pmos[w] = 9.599993664390572e-05
@n.xdut.xota.xm2.nsg13_hv_pmos[l] = 1.996670728971915e-06
@n.xdut.xota.xm2.nsg13_hv_pmos[delvto] = 5.487261527685657e-04
@n.xdut.xota.xm2.nsg13_hv_pmos[factuo] = 1.000041657977176e+00
@n.xdut.xbuf.xm1.nsg13_hv_pmos[w] = 9.600045015006981e-05
@n.xdut.xbuf.xm1.nsg13_hv_pmos[l] = 1.998176014169334e-06
@n.xdut.xbuf.xm1.nsg13_hv_pmos[delvto] = -3.18735821555833e-05
@n.xdut.xbuf.xm1.nsg13_hv_pmos[factuo] = 9.998087817103016e-01
@n.xdut.xbuf.xm2.nsg13_hv_pmos[w] = 9.599195774164303e-05
@n.xdut.xbuf.xm2.nsg13_hv_pmos[l] = 1.997860966382781e-06
@n.xdut.xbuf.xm2.nsg13_hv_pmos[delvto] = -4.58872895847779e-04
@n.xdut.xbuf.xm2.nsg13_hv_pmos[factuo] = 9.997942571181871e-01
@n.xdut.xref.xm1.nsg13_hv_pmos[w] = 9.599491531158239e-05
@n.xdut.xref.xm1.nsg13_hv_pmos[l] = 1.999479846743463e-06
@n.xdut.xref.xm1.nsg13_hv_pmos[delvto] = 7.966901657122379e-05
@n.xdut.xref.xm1.nsg13_hv_pmos[factuo] = 1.000628487190206e+00
@n.xdut.xref.xm2.nsg13_hv_pmos[w] = 9.600648123050259e-05
@n.xdut.xref.xm2.nsg13_hv_pmos[l] = 2.002895424460829e-06
@n.xdut.xref.xm2.nsg13_hv_pmos[delvto] = 2.828532281457689e-04
@n.xdut.xref.xm2.nsg13_hv_pmos[factuo] = 1.000289363094012e+00
@n.xdut.xr1n0.nr1[nsmm_rsh] = -1.60610381170775e+00
@n.xdut.xr1n0.nr1[nsmm_w] = 1.094577464635983e-01
@n.xdut.xr1n0.nr1[nsmm_l] = -5.25148467443464e-01
Doing analysis at TEMP = 25.000000 and TNOM = 27.000000

Using SPARSE 1.3 as Direct Linear Solver
Note: Starting dynamic gmin stepping
Note: Dynamic gmin stepping completed
 Reference value :  0.00000e+00
No. of Data Rows : 1
ROW t3_c-0.1_s0 0.991347 1.00403 1.04206 -0.047315 -0.048212 1.0028 -0.000994248
Doing analysis at TEMP = 25.000000 and TNOM = 27.000000

Using SPARSE 1.3 as Direct Linear Solver
Note: Starting dynamic gmin stepping
Note: Dynamic gmin stepping completed
 Reference value :  0.00000e+00
No. of Data Rows : 1
ROW t3_c-0.1_s0.025 1.49276 1.00403 1.04206 -0.023508 -0.0244185 1.0028 -0.00100715
Doing analysis at TEMP = 25.000000 and TNOM = 27.000000

Using SPARSE 1.3 as Direct Linear Solver
Note: Starting dynamic gmin stepping
Note: Dynamic gmin stepping completed
 Reference value :  0.00000e+00
No. of Data Rows : 1
ROW t3_c-0.1_s0.05 1.99419 1.00403 1.04206 0.00029903 -0.00062395 1.0028 -0.00101968
Doing analysis at TEMP = 25.000000 and TNOM = 27.000000

Using SPARSE 1.3 as Direct Linear Solver
Warning: singular matrix:  check node xdut.xbuf.cz

Note: Starting dynamic gmin stepping
Note: Dynamic gmin stepping completed
 Reference value :  0.00000e+00
No. of Data Rows : 1
ROW t3_c0_s0 0.990854 1.00403 1.04206 0.047913 0.0470193 1.0028 -0.000993274
Doing analysis at TEMP = 25.000000 and TNOM = 27.000000

Using SPARSE 1.3 as Direct Linear Solver
Note: Starting dynamic gmin stepping
Note: Dynamic gmin stepping completed
 Reference value :  0.00000e+00
No. of Data Rows : 1
ROW t3_c0_s0.025 1.49226 1.00403 1.04206 0.07172 0.0708128 1.0028 -0.00100618
Doing analysis at TEMP = 25.000000 and TNOM = 27.000000

Using SPARSE 1.3 as Direct Linear Solver
Note: Starting dynamic gmin stepping
Note: Dynamic gmin stepping completed
 Reference value :  0.00000e+00
No. of Data Rows : 1
ROW t3_c0_s0.05 1.9937 1.00403 1.04206 0.095527 0.0946073 1.0028 -0.00101871
Doing analysis at TEMP = 25.000000 and TNOM = 27.000000

Using SPARSE 1.3 as Direct Linear Solver
Note: Starting dynamic gmin stepping
Note: Dynamic gmin stepping completed
 Reference value :  0.00000e+00
No. of Data Rows : 1
ROW t3_c0.3_s0 0.989373 1.00403 1.04206 0.333597 0.332713 1.0028 -0.00099035
Doing analysis at TEMP = 25.000000 and TNOM = 27.000000

Using SPARSE 1.3 as Direct Linear Solver
Note: Starting dynamic gmin stepping
Note: Dynamic gmin stepping completed
 Reference value :  0.00000e+00
No. of Data Rows : 1
ROW t3_c0.3_s0.025 1.49078 1.00403 1.04206 0.357404 0.356506 1.0028 -0.00100326
Doing analysis at TEMP = 25.000000 and TNOM = 27.000000

Using SPARSE 1.3 as Direct Linear Solver
Note: Starting dynamic gmin stepping
Note: Dynamic gmin stepping completed
 Reference value :  0.00000e+00
No. of Data Rows : 1
ROW t3_c0.3_s0.05 1.99221 1.00403 1.04206 0.381211 0.380301 1.0028 -0.00101579
FINGERPRINT 3
@n.xdut.xota.xm1.nsg13_hv_pmos[w] = 9.600277286091788e-05
@n.xdut.xota.xm1.nsg13_hv_pmos[l] = 1.999570158995591e-06
@n.xdut.xota.xm1.nsg13_hv_pmos[delvto] = 1.931834293955000e-05
@n.xdut.xota.xm1.nsg13_hv_pmos[factuo] = 1.000025878934775e+00
@n.xdut.xota.xm2.nsg13_hv_pmos[w] = 9.599993664390572e-05
@n.xdut.xota.xm2.nsg13_hv_pmos[l] = 1.996670728971915e-06
@n.xdut.xota.xm2.nsg13_hv_pmos[delvto] = 5.487261527685657e-04
@n.xdut.xota.xm2.nsg13_hv_pmos[factuo] = 1.000041657977176e+00
@n.xdut.xbuf.xm1.nsg13_hv_pmos[w] = 9.600045015006981e-05
@n.xdut.xbuf.xm1.nsg13_hv_pmos[l] = 1.998176014169334e-06
@n.xdut.xbuf.xm1.nsg13_hv_pmos[delvto] = -3.18735821555833e-05
@n.xdut.xbuf.xm1.nsg13_hv_pmos[factuo] = 9.998087817103016e-01
@n.xdut.xbuf.xm2.nsg13_hv_pmos[w] = 9.599195774164303e-05
@n.xdut.xbuf.xm2.nsg13_hv_pmos[l] = 1.997860966382781e-06
@n.xdut.xbuf.xm2.nsg13_hv_pmos[delvto] = -4.58872895847779e-04
@n.xdut.xbuf.xm2.nsg13_hv_pmos[factuo] = 9.997942571181871e-01
@n.xdut.xref.xm1.nsg13_hv_pmos[w] = 9.599491531158239e-05
@n.xdut.xref.xm1.nsg13_hv_pmos[l] = 1.999479846743463e-06
@n.xdut.xref.xm1.nsg13_hv_pmos[delvto] = 7.966901657122379e-05
@n.xdut.xref.xm1.nsg13_hv_pmos[factuo] = 1.000628487190206e+00
@n.xdut.xref.xm2.nsg13_hv_pmos[w] = 9.600648123050259e-05
@n.xdut.xref.xm2.nsg13_hv_pmos[l] = 2.002895424460829e-06
@n.xdut.xref.xm2.nsg13_hv_pmos[delvto] = 2.828532281457689e-04
@n.xdut.xref.xm2.nsg13_hv_pmos[factuo] = 1.000289363094012e+00
@n.xdut.xr1n0.nr1[nsmm_rsh] = -1.60610381170775e+00
@n.xdut.xr1n0.nr1[nsmm_w] = 1.094577464635983e-01
@n.xdut.xr1n0.nr1[nsmm_l] = -5.25148467443464e-01
QUALIFICATION_END
ngspice-46 done
