
Note: No compatibility mode selected!


Circuit: * g1_sense monte carlo: input-referred offset, mismatch models (mos lv+hv, rppd), 200 samples

Warning : Nodeset on non-existent node - xdut.iptat, ignored
   Please check line .nodeset v(vref_buf)=    1.040000000000000e+00     v(vped)=    1.000755000000000e+00     v(isense)=    1.000755000000000e+00     v(xdut.vp)=0.047 v(xdut.vn)=0.047 v(xdut.iptat)=0.76 v(xdut.xref.out1)=    2.510000000000000e+00     v(xdut.xbuf.out1)=    2.510000000000000e+00     v(xdut.xota.out1)=    2.510000000000000e+00     v(xdut.xref.mir)=    2.510000000000000e+00     v(xdut.xbuf.mir)=    2.510000000000000e+00     v(xdut.xota.mir)=    2.510000000000000e+00     v(xdut.xref.tail)=1.65 v(xdut.xbuf.tail)=1.65 v(xdut.xota.tail)=1.6 v(xdut.xref.fn)=0.2 v(xdut.xref.fp)=0.2 v(xdut.xbuf.fn)=0.2 v(xdut.xbuf.fp)=0.2 v(xdut.xota.fn)=0.2 v(xdut.xota.fp)=0.2

Doing analysis at TEMP = 85.000000 and TNOM = 27.000000

Using SPARSE 1.3 as Direct Linear Solver
Note: Starting dynamic gmin stepping
Note: Dynamic gmin stepping completed
 Reference value :  0.00000e+00
No. of Data Rows : 1
ROW t0_c-0.1_s0 0.999152 1.00064 1.03995 -0.0475884 -0.0476595 1.0007 -0.00120685
Doing analysis at TEMP = 85.000000 and TNOM = 27.000000

Using SPARSE 1.3 as Direct Linear Solver
Note: Starting dynamic gmin stepping
Note: Dynamic gmin stepping completed
 Reference value :  0.00000e+00
No. of Data Rows : 1
ROW t0_c-0.1_s0.025 1.49882 1.00064 1.03995 -0.0356837 -0.0357707 1.0007 -0.00121911
Doing analysis at TEMP = 85.000000 and TNOM = 27.000000

Using SPARSE 1.3 as Direct Linear Solver
Warning: singular matrix:  check nodes xdut.r2n_0 and n.xdut.xr2n3.nr1#i2

Note: Starting dynamic gmin stepping
Note: Dynamic gmin stepping completed
 Reference value :  0.00000e+00
No. of Data Rows : 1
ROW t0_c-0.1_s0.05 1.99851 1.00064 1.03995 -0.0237789 -0.0238807 1.0007 -0.00123095
Doing analysis at TEMP = 85.000000 and TNOM = 27.000000

Using SPARSE 1.3 as Direct Linear Solver
Note: Starting dynamic gmin stepping
Note: Dynamic gmin stepping completed
 Reference value :  0.00000e+00
No. of Data Rows : 1
ROW t0_c0_s0 0.999168 1.00065 1.03995 0.0476497 0.0475793 1.0007 -0.001206
Doing analysis at TEMP = 85.000000 and TNOM = 27.000000

Using SPARSE 1.3 as Direct Linear Solver
Note: Starting dynamic gmin stepping
Note: Dynamic gmin stepping completed
 Reference value :  0.00000e+00
No. of Data Rows : 1
ROW t0_c0_s0.025 1.49883 1.00065 1.03995 0.0595545 0.0594682 1.0007 -0.00121826
Doing analysis at TEMP = 85.000000 and TNOM = 27.000000

Using SPARSE 1.3 as Direct Linear Solver
Note: Starting dynamic gmin stepping
Note: Dynamic gmin stepping completed
 Reference value :  0.00000e+00
No. of Data Rows : 1
ROW t0_c0_s0.05 1.99853 1.00065 1.03995 0.0714592 0.0713582 1.0007 -0.00123009
Doing analysis at TEMP = 85.000000 and TNOM = 27.000000

Using SPARSE 1.3 as Direct Linear Solver
OSDI(debug) n.xdut.xbuf.xrz.nr1: WARNING: V(i2,c) voltage is greater than specified by vmax
OSDI(debug) n.xdut.xr2p12.nr1: WARNING: V(i1,c) voltage is greater than specified by vmax
OSDI(debug) n.xdut.xr2p12.nr1: WARNING: V(i2,c) voltage is greater than specified by vmax
OSDI(debug) n.xdut.xr2p11.nr1: WARNING: V(i1,c) voltage is greater than specified by vmax
OSDI(debug) n.xdut.xr2p11.nr1: WARNING: V(i2,c) voltage is greater than specified by vmax
OSDI(debug) n.xdut.xr2p10.nr1: WARNING: V(i1,c) voltage is greater than specified by vmax
OSDI(debug) n.xdut.xr2p10.nr1: WARNING: V(i2,c) voltage is greater than specified by vmax
OSDI(debug) n.xdut.xr2p9.nr1: WARNING: V(i1,c) voltage is greater than specified by vmax
OSDI(debug) n.xdut.xr2p9.nr1: WARNING: V(i2,c) voltage is greater than specified by vmax
OSDI(debug) n.xdut.xr2p8.nr1: WARNING: V(i1,c) voltage is greater than specified by vmax
OSDI(debug) n.xdut.xr2p8.nr1: WARNING: V(i2,c) voltage is greater than specified by vmax
OSDI(debug) n.xdut.xr2p7.nr1: WARNING: V(i1,c) voltage is greater than specified by vmax
OSDI(debug) n.xdut.xr2p7.nr1: WARNING: V(i2,c) voltage is greater than specified by vmax
OSDI(debug) n.xdut.xr2p6.nr1: WARNING: V(i1,c) voltage is greater than specified by vmax
OSDI(debug) n.xdut.xr2p6.nr1: WARNING: V(i2,c) voltage is greater than specified by vmax
OSDI(debug) n.xdut.xr2p5.nr1: WARNING: V(i1,c) voltage is greater than specified by vmax
OSDI(debug) n.xdut.xr2p5.nr1: WARNING: V(i2,c) voltage is greater than specified by vmax
OSDI(debug) n.xdut.xr2p4.nr1: WARNING: V(i1,c) voltage is greater than specified by vmax
OSDI(debug) n.xdut.xr2p4.nr1: WARNING: V(i2,c) voltage is greater than specified by vmax
OSDI(debug) n.xdut.xr2p3.nr1: WARNING: V(i1,c) voltage is greater than specified by vmax
OSDI(debug) n.xdut.xr2p3.nr1: WARNING: V(i2,c) voltage is greater than specified by vmax
OSDI(debug) n.xdut.xr2p2.nr1: WARNING: V(i1,c) voltage is greater than specified by vmax
OSDI(debug) n.xdut.xr2p2.nr1: WARNING: V(i2,c) voltage is greater than specified by vmax
OSDI(debug) n.xdut.xr2p1.nr1: WARNING: V(i1,c) voltage is greater than specified by vmax
OSDI(debug) n.xdut.xr2p1.nr1: WARNING: V(i2,c) voltage is greater than specified by vmax
OSDI(debug) n.xdut.xr2p0.nr1: WARNING: V(i1,c) voltage is greater than specified by vmax
OSDI(debug) n.xdut.xr2p0.nr1: WARNING: V(i2,c) voltage is greater than specified by vmax
OSDI(debug) n.xdut.xr1p0.nr1: WARNING: V(i1,c) voltage is greater than specified by vmax
OSDI(debug) n.xdut.xr1p0.nr1: WARNING: V(i2,c) voltage is greater than specified by vmax
OSDI(debug) n.xdut.xr2n19.nr1: WARNING: V(i1,c) voltage is greater than specified by vmax
OSDI(debug) n.xdut.xr2n19.nr1: WARNING: V(i2,c) voltage is greater than specified by vmax
OSDI(debug) n.xdut.xr2n18.nr1: WARNING: V(i1,c) voltage is greater than specified by vmax
OSDI(debug) n.xdut.xr2n18.nr1: WARNING: V(i2,c) voltage is greater than specified by vmax
OSDI(debug) n.xdut.xr2n17.nr1: WARNING: V(i1,c) voltage is greater than specified by vmax
OSDI(debug) n.xdut.xr2n17.nr1: WARNING: V(i2,c) voltage is greater than specified by vmax
OSDI(debug) n.xdut.xr2n16.nr1: WARNING: V(i1,c) voltage is greater than specified by vmax
OSDI(debug) n.xdut.xr2n16.nr1: WARNING: V(i2,c) voltage is greater than specified by vmax
OSDI(debug) n.xdut.xr2n15.nr1: WARNING: V(i1,c) voltage is greater than specified by vmax
OSDI(debug) n.xdut.xr2n15.nr1: WARNING: V(i2,c) voltage is greater than specified by vmax
OSDI(debug) n.xdut.xr2n14.nr1: WARNING: V(i1,c) voltage is greater than specified by vmax
OSDI(debug) n.xdut.xr2n14.nr1: WARNING: V(i2,c) voltage is greater than specified by vmax
OSDI(debug) n.xdut.xr2n13.nr1: WARNING: V(i1,c) voltage is greater than specified by vmax
OSDI(debug) n.xdut.xr2n13.nr1: WARNING: V(i2,c) voltage is greater than specified by vmax
OSDI(debug) n.xdut.xr2n12.nr1: WARNING: V(i1,c) voltage is greater than specified by vmax
OSDI(debug) n.xdut.xr2n12.nr1: WARNING: V(i2,c) voltage is greater than specified by vmax
OSDI(debug) n.xdut.xr2n11.nr1: WARNING: V(i1,c) voltage is greater than specified by vmax
OSDI(debug) n.xdut.xr2n11.nr1: WARNING: V(i2,c) voltage is greater than specified by vmax
OSDI(debug) n.xdut.xr2n10.nr1: WARNING: V(i1,c) voltage is greater than specified by vmax
OSDI(debug) n.xdut.xr2n10.nr1: WARNING: V(i2,c) voltage is greater than specified by vmax
OSDI(debug) n.xdut.xr2n9.nr1: WARNING: V(i1,c) voltage is greater than specified by vmax
OSDI(debug) n.xdut.xr2n9.nr1: WARNING: V(i2,c) voltage is greater than specified by vmax
OSDI(debug) n.xdut.xr2n8.nr1: WARNING: V(i1,c) voltage is greater than specified by vmax
OSDI(debug) n.xdut.xr2n8.nr1: WARNING: V(i2,c) voltage is greater than specified by vmax
OSDI(debug) n.xdut.xr2n7.nr1: WARNING: V(i1,c) voltage is greater than specified by vmax
OSDI(debug) n.xdut.xr2n7.nr1: WARNING: V(i2,c) voltage is greater than specified by vmax
OSDI(debug) n.xdut.xr2n6.nr1: WARNING: V(i1,c) voltage is greater than specified by vmax
OSDI(debug) n.xdut.xr2n6.nr1: WARNING: V(i2,c) voltage is greater than specified by vmax
OSDI(debug) n.xdut.xr2n5.nr1: WARNING: V(i1,c) voltage is greater than specified by vmax
OSDI(debug) n.xdut.xr2n5.nr1: WARNING: V(i2,c) voltage is greater than specified by vmax
OSDI(debug) n.xdut.xr2n4.nr1: WARNING: V(i1,c) voltage is greater than specified by vmax
OSDI(debug) n.xdut.xr2n4.nr1: WARNING: V(i2,c) voltage is greater than specified by vmax
OSDI(debug) n.xdut.xr2n3.nr1: WARNING: V(i1,c) voltage is greater than specified by vmax
OSDI(debug) n.xdut.xr2n3.nr1: WARNING: V(i2,c) voltage is greater than specified by vmax
OSDI(debug) n.xdut.xr2n2.nr1: WARNING: V(i1,c) voltage is greater than specified by vmax
OSDI(debug) n.xdut.xr2n2.nr1: WARNING: V(i2,c) voltage is greater than specified by vmax
OSDI(debug) n.xdut.xr2n1.nr1: WARNING: V(i1,c) voltage is greater than specified by vmax
OSDI(debug) n.xdut.xr2n1.nr1: WARNING: V(i2,c) voltage is greater than specified by vmax
OSDI(debug) n.xdut.xr2n0.nr1: WARNING: V(i1,c) voltage is greater than specified by vmax
OSDI(debug) n.xdut.xr2n0.nr1: WARNING: V(i2,c) voltage is greater than specified by vmax
OSDI(debug) n.xdut.xr1n0.nr1: WARNING: V(i1,c) voltage is greater than specified by vmax
OSDI(debug) n.xdut.xr1n0.nr1: WARNING: V(i2,c) voltage is greater than specified by vmax
OSDI(debug) n.xrl2.nr1: WARNING: V(i1,c) voltage is greater than specified by vmax
OSDI(debug) n.xrl2.nr1: WARNING: V(i2,c) voltage is greater than specified by vmax
OSDI(debug) n.xrl1.nr1: WARNING: V(i1,c) voltage is greater than specified by vmax
OSDI(debug) n.xrl1.nr1: WARNING: V(i2,c) voltage is greater than specified by vmax
OSDI(debug) n.xdut.xbuf.xrz.nr1: WARNING: V(i1,c) voltage is greater than specified by vmax
OSDI(debug) n.xdut.xbuf.xrz.nr1: WARNING: V(i2,c) voltage is greater than specified by vmax
OSDI(debug) n.xdut.xota.xrz.nr1: WARNING: V(i1,c) voltage is greater than specified by vmax
OSDI(debug) n.xdut.xota.xrz.nr1: WARNING: V(i2,c) voltage is greater than specified by vmax
OSDI(debug) n.xdut.xr2p19.nr1: WARNING: V(i1,c) voltage is greater than specified by vmax
OSDI(debug) n.xdut.xr2p19.nr1: WARNING: V(i2,c) voltage is greater than specified by vmax
OSDI(debug) n.xdut.xr2p18.nr1: WARNING: V(i1,c) voltage is greater than specified by vmax
OSDI(debug) n.xdut.xr2p18.nr1: WARNING: V(i2,c) voltage is greater than specified by vmax
OSDI(debug) n.xdut.xr2p17.nr1: WARNING: V(i1,c) voltage is greater than specified by vmax
OSDI(debug) n.xdut.xr2p17.nr1: WARNING: V(i2,c) voltage is greater than specified by vmax
OSDI(debug) n.xdut.xr2p16.nr1: WARNING: V(i1,c) voltage is greater than specified by vmax
OSDI(debug) n.xdut.xr2p16.nr1: WARNING: V(i2,c) voltage is greater than specified by vmax
OSDI(debug) n.xdut.xr2p15.nr1: WARNING: V(i1,c) voltage is greater than specified by vmax
OSDI(debug) n.xdut.xr2p15.nr1: WARNING: V(i2,c) voltage is greater than specified by vmax
OSDI(debug) n.xdut.xr2p14.nr1: WARNING: V(i1,c) voltage is greater than specified by vmax
OSDI(debug) n.xdut.xr2p14.nr1: WARNING: V(i2,c) voltage is greater than specified by vmax
OSDI(debug) n.xdut.xr2p13.nr1: WARNING: V(i1,c) voltage is greater than specified by vmax
OSDI(debug) n.xdut.xr2p13.nr1: WARNING: V(i2,c) voltage is greater than specified by vmax
OSDI(debug) n.xdut.xr2p12.nr1: WARNING: V(i1,c) voltage is greater than specified by vmax
OSDI(debug) n.xdut.xr2p12.nr1: WARNING: V(i2,c) voltage is greater than specified by vmax
OSDI(debug) n.xdut.xr2p11.nr1: WARNING: V(i1,c) voltage is greater than specified by vmax
OSDI(debug) n.xdut.xr2p11.nr1: WARNING: V(i2,c) voltage is greater than specified by vmax
OSDI(debug) n.xdut.xr2p10.nr1: WARNING: V(i1,c) voltage is greater than specified by vmax
OSDI(debug) n.xdut.xr2p10.nr1: WARNING: V(i2,c) voltage is greater than specified by vmax
OSDI(debug) n.xdut.xr2p9.nr1: WARNING: V(i1,c) voltage is greater than specified by vmax
OSDI(debug) n.xdut.xr2p9.nr1: WARNING: V(i2,c) voltage is greater than specified by vmax
OSDI(debug) n.xdut.xr2p8.nr1: WARNING: V(i1,c) voltage is greater than specified by vmax
OSDI(debug) n.xdut.xr2p8.nr1: WARNING: V(i2,c) voltage is greater than specified by vmax
OSDI(debug) n.xdut.xr2p7.nr1: WARNING: V(i1,c) voltage is greater than specified by vmax
OSDI(debug) n.xdut.xr2p7.nr1: WARNING: V(i2,c) voltage is greater than specified by vmax
OSDI(debug) n.xdut.xr2p6.nr1: WARNING: V(i1,c) voltage is greater than specified by vmax
OSDI(debug) n.xdut.xr2p6.nr1: WARNING: V(i2,c) voltage is greater than specified by vmax
OSDI(debug) n.xdut.xr2p5.nr1: WARNING: V(i1,c) voltage is greater than specified by vmax
OSDI(debug) n.xdut.xr2p5.nr1: WARNING: V(i2,c) voltage is greater than specified by vmax
OSDI(debug) n.xdut.xr2p4.nr1: WARNING: V(i1,c) voltage is greater than specified by vmax
OSDI(debug) n.xdut.xr2p4.nr1: WARNING: V(i2,c) voltage is greater than specified by vmax
OSDI(debug) n.xdut.xr2p3.nr1: WARNING: V(i1,c) voltage is greater than specified by vmax
OSDI(debug) n.xdut.xr2p3.nr1: WARNING: V(i2,c) voltage is greater than specified by vmax
OSDI(debug) n.xdut.xr2p2.nr1: WARNING: V(i1,c) voltage is greater than specified by vmax
OSDI(debug) n.xdut.xr2p2.nr1: WARNING: V(i2,c) voltage is greater than specified by vmax
OSDI(debug) n.xdut.xr2p1.nr1: WARNING: V(i1,c) voltage is greater than specified by vmax
OSDI(debug) n.xdut.xr2p1.nr1: WARNING: V(i2,c) voltage is greater than specified by vmax
OSDI(debug) n.xdut.xr2p0.nr1: WARNING: V(i1,c) voltage is greater than specified by vmax
OSDI(debug) n.xdut.xr2p0.nr1: WARNING: V(i2,c) voltage is greater than specified by vmax
OSDI(debug) n.xdut.xr1p0.nr1: WARNING: V(i1,c) voltage is greater than specified by vmax
OSDI(debug) n.xdut.xr1p0.nr1: WARNING: V(i2,c) voltage is greater than specified by vmax
OSDI(debug) n.xdut.xr2n19.nr1: WARNING: V(i1,c) voltage is greater than specified by vmax
OSDI(debug) n.xdut.xr2n19.nr1: WARNING: V(i2,c) voltage is greater than specified by vmax
OSDI(debug) n.xdut.xr2n18.nr1: WARNING: V(i1,c) voltage is greater than specified by vmax
OSDI(debug) n.xdut.xr2n18.nr1: WARNING: V(i2,c) voltage is greater than specified by vmax
OSDI(debug) n.xdut.xr2n17.nr1: WARNING: V(i1,c) voltage is greater than specified by vmax
OSDI(debug) n.xdut.xr2n17.nr1: WARNING: V(i2,c) voltage is greater than specified by vmax
OSDI(debug) n.xdut.xr2n16.nr1: WARNING: V(i1,c) voltage is greater than specified by vmax
OSDI(debug) n.xdut.xr2n16.nr1: WARNING: V(i2,c) voltage is greater than specified by vmax
OSDI(debug) n.xdut.xr2n15.nr1: WARNING: V(i1,c) voltage is greater than specified by vmax
OSDI(debug) n.xdut.xr2n15.nr1: WARNING: V(i2,c) voltage is greater than specified by vmax
OSDI(debug) n.xdut.xr2n14.nr1: WARNING: V(i1,c) voltage is greater than specified by vmax
OSDI(debug) n.xdut.xr2n14.nr1: WARNING: V(i2,c) voltage is greater than specified by vmax
OSDI(debug) n.xdut.xr2n13.nr1: WARNING: V(i1,c) voltage is greater than specified by vmax
OSDI(debug) n.xdut.xr2n13.nr1: WARNING: V(i2,c) voltage is greater than specified by vmax
OSDI(debug) n.xdut.xr2n12.nr1: WARNING: V(i1,c) voltage is greater than specified by vmax
OSDI(debug) n.xdut.xr2n12.nr1: WARNING: V(i2,c) voltage is greater than specified by vmax
OSDI(debug) n.xdut.xr2n11.nr1: WARNING: V(i1,c) voltage is greater than specified by vmax
OSDI(debug) n.xdut.xr2n11.nr1: WARNING: V(i2,c) voltage is greater than specified by vmax
OSDI(debug) n.xdut.xr2n10.nr1: WARNING: V(i1,c) voltage is greater than specified by vmax
OSDI(debug) n.xdut.xr2n10.nr1: WARNING: V(i2,c) voltage is greater than specified by vmax
OSDI(debug) n.xdut.xr2n9.nr1: WARNING: V(i1,c) voltage is greater than specified by vmax
OSDI(debug) n.xdut.xr2n9.nr1: WARNING: V(i2,c) voltage is greater than specified by vmax
OSDI(debug) n.xdut.xr2n8.nr1: WARNING: V(i1,c) voltage is greater than specified by vmax
OSDI(debug) n.xdut.xr2n8.nr1: WARNING: V(i2,c) voltage is greater than specified by vmax
OSDI(debug) n.xdut.xr2n7.nr1: WARNING: V(i1,c) voltage is greater than specified by vmax
OSDI(debug) n.xdut.xr2n7.nr1: WARNING: V(i2,c) voltage is greater than specified by vmax
OSDI(debug) n.xdut.xr2n6.nr1: WARNING: V(i1,c) voltage is greater than specified by vmax
OSDI(debug) n.xdut.xr2n6.nr1: WARNING: V(i2,c) voltage is greater than specified by vmax
OSDI(debug) n.xdut.xr2n5.nr1: WARNING: V(i1,c) voltage is greater than specified by vmax
OSDI(debug) n.xdut.xr2n5.nr1: WARNING: V(i2,c) voltage is greater than specified by vmax
OSDI(debug) n.xdut.xr2n4.nr1: WARNING: V(i1,c) voltage is greater than specified by vmax
OSDI(debug) n.xdut.xr2n4.nr1: WARNING: V(i2,c) voltage is greater than specified by vmax
OSDI(debug) n.xdut.xr2n3.nr1: WARNING: V(i1,c) voltage is greater than specified by vmax
OSDI(debug) n.xdut.xr2n3.nr1: WARNING: V(i2,c) voltage is greater than specified by vmax
OSDI(debug) n.xdut.xr2n2.nr1: WARNING: V(i1,c) voltage is greater than specified by vmax
OSDI(debug) n.xdut.xr2n2.nr1: WARNING: V(i2,c) voltage is greater than specified by vmax
OSDI(debug) n.xdut.xr2n1.nr1: WARNING: V(i1,c) voltage is greater than specified by vmax
OSDI(debug) n.xdut.xr2n1.nr1: WARNING: V(i2,c) voltage is greater than specified by vmax
OSDI(debug) n.xdut.xr2n0.nr1: WARNING: V(i1,c) voltage is greater than specified by vmax
OSDI(debug) n.xdut.xr2n0.nr1: WARNING: V(i2,c) voltage is greater than specified by vmax
OSDI(debug) n.xdut.xr1n0.nr1: WARNING: V(i1,c) voltage is greater than specified by vmax
OSDI(debug) n.xdut.xr1n0.nr1: WARNING: V(i2,c) voltage is greater than specified by vmax
OSDI(debug) n.xrl2.nr1: WARNING: V(i1,c) voltage is greater than specified by vmax
OSDI(debug) n.xrl2.nr1: WARNING: V(i2,c) voltage is greater than specified by vmax
OSDI(debug) n.xrl1.nr1: WARNING: V(i1,c) voltage is greater than specified by vmax
OSDI(debug) n.xrl1.nr1: WARNING: V(i2,c) voltage is greater than specified by vmax
OSDI(debug) n.xdut.xbuf.xrz.nr1: WARNING: V(i1,c) voltage is greater than specified by vmax
OSDI(debug) n.xdut.xbuf.xrz.nr1: WARNING: V(i2,c) voltage is greater than specified by vmax
OSDI(debug) n.xdut.xota.xrz.nr1: WARNING: V(i1,c) voltage is greater than specified by vmax
OSDI(debug) n.xdut.xota.xrz.nr1: WARNING: V(i2,c) voltage is greater than specified by vmax
OSDI(debug) n.xdut.xr2p19.nr1: WARNING: V(i1,c) voltage is greater than specified by vmax
OSDI(debug) n.xdut.xr2p19.nr1: WARNING: V(i2,c) voltage is greater than specified by vmax
OSDI(debug) n.xdut.xr2p18.nr1: WARNING: V(i1,c) voltage is greater than specified by vmax
OSDI(debug) n.xdut.xr2p18.nr1: WARNING: V(i2,c) voltage is greater than specified by vmax
OSDI(debug) n.xdut.xr2p17.nr1: WARNING: V(i1,c) voltage is greater than specified by vmax
OSDI(debug) n.xdut.xr2p17.nr1: WARNING: V(i2,c) voltage is greater than specified by vmax
OSDI(debug) n.xdut.xr2p16.nr1: WARNING: V(i1,c) voltage is greater than specified by vmax
OSDI(debug) n.xdut.xr2p16.nr1: WARNING: V(i2,c) voltage is greater than specified by vmax
OSDI(debug) n.xdut.xr2p15.nr1: WARNING: V(i1,c) voltage is greater than specified by vmax
OSDI(debug) n.xdut.xr2p15.nr1: WARNING: V(i2,c) voltage is greater than specified by vmax
OSDI(debug) n.xdut.xr2p14.nr1: WARNING: V(i1,c) voltage is greater than specified by vmax
OSDI(debug) n.xdut.xr2p14.nr1: WARNING: V(i2,c) voltage is greater than specified by vmax
OSDI(debug) n.xdut.xr2p13.nr1: WARNING: V(i1,c) voltage is greater than specified by vmax
OSDI(debug) n.xdut.xr2p13.nr1: WARNING: V(i2,c) voltage is greater than specified by vmax
Note: Starting dynamic gmin stepping
Note: Dynamic gmin stepping completed
 Reference value :  0.00000e+00
No. of Data Rows : 1
ROW t0_c0.3_s0 0.999214 1.00065 1.03995 0.333364 0.333296 1.0007 -0.00120344
Doing analysis at TEMP = 85.000000 and TNOM = 27.000000

Using SPARSE 1.3 as Direct Linear Solver
Note: Starting dynamic gmin stepping
Note: Dynamic gmin stepping completed
 Reference value :  0.00000e+00
No. of Data Rows : 1
ROW t0_c0.3_s0.025 1.49888 1.00065 1.03995 0.345269 0.345185 1.0007 -0.0012157
Doing analysis at TEMP = 85.000000 and TNOM = 27.000000

Using SPARSE 1.3 as Direct Linear Solver
Note: Starting dynamic gmin stepping
Note: Dynamic gmin stepping completed
 Reference value :  0.00000e+00
No. of Data Rows : 1
ROW t0_c0.3_s0.05 1.99857 1.00065 1.03995 0.357174 0.357075 1.0007 -0.00122754
QUALIFICATION_END
ngspice-46 done
