
Note: No compatibility mode selected!


Circuit: * g1_sense monte carlo: input-referred offset, mismatch models (mos lv+hv, rppd), 200 samples

Warning : Nodeset on non-existent node - xdut.iptat, ignored
   Please check line .nodeset v(vref_buf)=    1.040000000000000e+00     v(vped)=    1.000755000000000e+00     v(isense)=    1.000755000000000e+00     v(xdut.vp)=0.047 v(xdut.vn)=0.047 v(xdut.iptat)=0.76 v(xdut.xref.out1)=    2.810000000000000e+00     v(xdut.xbuf.out1)=    2.810000000000000e+00     v(xdut.xota.out1)=    2.810000000000000e+00     v(xdut.xref.mir)=    2.810000000000000e+00     v(xdut.xbuf.mir)=    2.810000000000000e+00     v(xdut.xota.mir)=    2.810000000000000e+00     v(xdut.xref.tail)=1.65 v(xdut.xbuf.tail)=1.65 v(xdut.xota.tail)=1.6 v(xdut.xref.fn)=0.2 v(xdut.xref.fp)=0.2 v(xdut.xbuf.fn)=0.2 v(xdut.xbuf.fp)=0.2 v(xdut.xota.fn)=0.2 v(xdut.xota.fp)=0.2

Doing analysis at TEMP = -40.000000 and TNOM = 27.000000

Using SPARSE 1.3 as Direct Linear Solver
Note: Starting dynamic gmin stepping
Note: Dynamic gmin stepping completed
 Reference value :  0.00000e+00
No. of Data Rows : 1
ROW t0_c-0.1_s0 0.998797 1.00062 1.03994 -0.0475895 -0.0476764 1.00069 -0.000744923
Doing analysis at TEMP = -40.000000 and TNOM = 27.000000

Using SPARSE 1.3 as Direct Linear Solver
Note: Starting dynamic gmin stepping
Note: Dynamic gmin stepping completed
 Reference value :  0.00000e+00
No. of Data Rows : 1
ROW t0_c-0.1_s0.025 1.49844 1.00062 1.03994 -0.0356847 -0.0357889 1.00069 -0.000758511
Doing analysis at TEMP = -40.000000 and TNOM = 27.000000

Using SPARSE 1.3 as Direct Linear Solver
Note: Starting dynamic gmin stepping
Note: Dynamic gmin stepping completed
 Reference value :  0.00000e+00
No. of Data Rows : 1
ROW t0_c-0.1_s0.05 1.99811 1.00062 1.03994 -0.0237799 -0.0238998 1.00069 -0.000771809
Doing analysis at TEMP = -40.000000 and TNOM = 27.000000

Using SPARSE 1.3 as Direct Linear Solver
Note: Starting dynamic gmin stepping
Note: Dynamic gmin stepping completed
 Reference value :  0.00000e+00
No. of Data Rows : 1
ROW t0_c0_s0 0.998817 1.00062 1.03994 0.0476487 0.0475626 1.00069 -0.000743831
Doing analysis at TEMP = -40.000000 and TNOM = 27.000000

Using SPARSE 1.3 as Direct Linear Solver
Note: Starting dynamic gmin stepping
Note: Dynamic gmin stepping completed
 Reference value :  0.00000e+00
No. of Data Rows : 1
ROW t0_c0_s0.025 1.49846 1.00062 1.03994 0.0595534 0.0594501 1.00069 -0.000757418
Doing analysis at TEMP = -40.000000 and TNOM = 27.000000

Using SPARSE 1.3 as Direct Linear Solver
Note: Starting dynamic gmin stepping
Note: Dynamic gmin stepping completed
 Reference value :  0.00000e+00
No. of Data Rows : 1
ROW t0_c0_s0.05 1.99813 1.00062 1.03994 0.0714582 0.0713392 1.00069 -0.000770716
Doing analysis at TEMP = -40.000000 and TNOM = 27.000000

Using SPARSE 1.3 as Direct Linear Solver
Note: Starting dynamic gmin stepping
Note: Dynamic gmin stepping completed
 Reference value :  0.00000e+00
No. of Data Rows : 1
ROW t0_c0.3_s0 0.998879 1.00063 1.03994 0.333363 0.33328 1.00069 -0.000740553
Doing analysis at TEMP = -40.000000 and TNOM = 27.000000

Using SPARSE 1.3 as Direct Linear Solver
Note: Starting dynamic gmin stepping
Note: Dynamic gmin stepping completed
 Reference value :  0.00000e+00
No. of Data Rows : 1
ROW t0_c0.3_s0.025 1.49852 1.00063 1.03994 0.345268 0.345167 1.00069 -0.000754141
Doing analysis at TEMP = -40.000000 and TNOM = 27.000000

Using SPARSE 1.3 as Direct Linear Solver
Note: Starting dynamic gmin stepping
Note: Dynamic gmin stepping completed
 Reference value :  0.00000e+00
No. of Data Rows : 1
ROW t0_c0.3_s0.05 1.99819 1.00063 1.03994 0.357173 0.357056 1.00069 -0.000767439
QUALIFICATION_END
ngspice-46 done
