
Note: No compatibility mode selected!


Circuit: * g1_sense monte carlo: input-referred offset, mismatch models (mos lv+hv, rppd), 200 samples

Warning : Nodeset on non-existent node - xdut.iptat, ignored
   Please check line .nodeset v(vref_buf)=    1.040000000000000e+00     v(vped)=    1.000755000000000e+00     v(isense)=    1.000755000000000e+00     v(xdut.vp)=0.047 v(xdut.vn)=0.047 v(xdut.iptat)=0.76 v(xdut.xref.out1)=    2.510000000000000e+00     v(xdut.xbuf.out1)=    2.510000000000000e+00     v(xdut.xota.out1)=    2.510000000000000e+00     v(xdut.xref.mir)=    2.510000000000000e+00     v(xdut.xbuf.mir)=    2.510000000000000e+00     v(xdut.xota.mir)=    2.510000000000000e+00     v(xdut.xref.tail)=1.65 v(xdut.xbuf.tail)=1.65 v(xdut.xota.tail)=1.6 v(xdut.xref.fn)=0.2 v(xdut.xref.fp)=0.2 v(xdut.xbuf.fn)=0.2 v(xdut.xbuf.fp)=0.2 v(xdut.xota.fn)=0.2 v(xdut.xota.fp)=0.2

Doing analysis at TEMP = 27.000000 and TNOM = 27.000000

Using SPARSE 1.3 as Direct Linear Solver
Note: Starting dynamic gmin stepping
Note: Dynamic gmin stepping completed
 Reference value :  0.00000e+00
No. of Data Rows : 1
ROW t0_c-0.1_s0 0.999264 1.00065 1.03995 -0.0475881 -0.0476542 1.00071 -0.000981441
Doing analysis at TEMP = 27.000000 and TNOM = 27.000000

Using SPARSE 1.3 as Direct Linear Solver
Warning: singular matrix:  check nodes xdut.r2n_7 and xdut.r2n_16

Note: Starting dynamic gmin stepping
Note: Dynamic gmin stepping completed
 Reference value :  0.00000e+00
No. of Data Rows : 1
ROW t0_c-0.1_s0.025 1.49897 1.00065 1.03995 -0.0356833 -0.0357636 1.00071 -0.000993543
Doing analysis at TEMP = 27.000000 and TNOM = 27.000000

Using SPARSE 1.3 as Direct Linear Solver
Note: Starting dynamic gmin stepping
Note: Dynamic gmin stepping completed
 Reference value :  0.00000e+00
No. of Data Rows : 1
ROW t0_c-0.1_s0.05 1.99869 1.00065 1.03995 -0.0237785 -0.023872 1.00071 -0.00100529
Doing analysis at TEMP = 27.000000 and TNOM = 27.000000

Using SPARSE 1.3 as Direct Linear Solver
Note: Starting dynamic gmin stepping
Note: Dynamic gmin stepping completed
 Reference value :  0.00000e+00
No. of Data Rows : 1
ROW t0_c0_s0 0.999279 1.00065 1.03995 0.0476501 0.0475846 1.00071 -0.00098058
Doing analysis at TEMP = 27.000000 and TNOM = 27.000000

Using SPARSE 1.3 as Direct Linear Solver
Note: Starting dynamic gmin stepping
Note: Dynamic gmin stepping completed
 Reference value :  0.00000e+00
No. of Data Rows : 1
ROW t0_c0_s0.025 1.49898 1.00065 1.03995 0.0595548 0.0594752 1.00071 -0.000992681
Doing analysis at TEMP = 27.000000 and TNOM = 27.000000

Using SPARSE 1.3 as Direct Linear Solver
Note: Starting dynamic gmin stepping
Note: Dynamic gmin stepping completed
 Reference value :  0.00000e+00
No. of Data Rows : 1
ROW t0_c0_s0.05 1.99871 1.00065 1.03995 0.0714596 0.0713668 1.00071 -0.00100443
Doing analysis at TEMP = 27.000000 and TNOM = 27.000000

Using SPARSE 1.3 as Direct Linear Solver
Note: Starting dynamic gmin stepping
Note: Dynamic gmin stepping completed
 Reference value :  0.00000e+00
No. of Data Rows : 1
ROW t0_c0.3_s0 0.999323 1.00065 1.03995 0.333364 0.333301 1.00071 -0.000977995
Doing analysis at TEMP = 27.000000 and TNOM = 27.000000

Using SPARSE 1.3 as Direct Linear Solver
Warning: singular matrix:  check node xdut.r2n_7

Note: Starting dynamic gmin stepping
Note: Dynamic gmin stepping completed
 Reference value :  0.00000e+00
No. of Data Rows : 1
ROW t0_c0.3_s0.025 1.49902 1.00065 1.03995 0.345269 0.345192 1.00071 -0.000990096
Doing analysis at TEMP = 27.000000 and TNOM = 27.000000

Using SPARSE 1.3 as Direct Linear Solver
Note: Starting dynamic gmin stepping
Note: Dynamic gmin stepping completed
 Reference value :  0.00000e+00
No. of Data Rows : 1
ROW t0_c0.3_s0.05 1.99875 1.00065 1.03995 0.357174 0.357083 1.00071 -0.00100184
QUALIFICATION_END
ngspice-46 done
