min_delay/hold group asynchronous

                                      Required    Actual
Endpoint                                 Delay     Delay     Slack
------------------------------------------------------------------
i_core.u_digital/_6782_/RESET_B (sg13g2_dfrbpq_1)    1.8409    2.5110    0.6700 (MET)

min_delay/hold group SCLK

                                      Required    Actual
Endpoint                                 Delay     Delay     Slack
------------------------------------------------------------------
i_core.u_digital/_6764_/D (sg13g2_dfrbpq_1)    0.5345    0.8425    0.3080 (MET)

min_delay/hold group osc_clk

                                      Required    Actual
Endpoint                                 Delay     Delay     Slack
------------------------------------------------------------------
i_core.u_digital/_6756_/D (sg13g2_dfrbpq_1)    2.0921    2.4150    0.3230 (MET)

max_delay/setup group asynchronous

                                      Required    Actual
Endpoint                                 Delay     Delay     Slack
------------------------------------------------------------------
i_core.u_digital/_6054_/RESET_B (sg13g2_dfrbpq_1)  101.1443    6.4549   94.6893 (MET)

max_delay/setup group SCLK

                                      Required    Actual
Endpoint                                 Delay     Delay     Slack
------------------------------------------------------------------
SDO (bidirect)                         79.5000   54.3245   25.1755 (MET)

max_delay/setup group osc_clk

                                      Required    Actual
Endpoint                                 Delay     Delay     Slack
------------------------------------------------------------------
i_core.u_digital/_5595_/D (sg13g2_dfrbpq_1)  101.3171    8.2961   93.0210 (MET)

