[2026-09-22 21:59:00,707] [INFO]    LVSDB input file passed, bypassing LVS
[2026-09-22 21:59:01,386] [WARNING]    Unable to find info about extracted LVS layer 'cont_drw'
[2026-09-22 21:59:01,390] [WARNING]    Unable to find info about extracted LVS layer 'emwind_drw'
[2026-09-22 21:59:01,395] [INFO]    (19, 0) -> (via1_drw)
[2026-09-22 21:59:01,396] [INFO]    (29, 0) -> (via2_drw)
[2026-09-22 21:59:01,397] [INFO]    (31, 0) -> (nwell_drw)
[2026-09-22 21:59:01,399] [INFO]    (49, 0) -> (via3_drw)
[2026-09-22 21:59:01,400] [INFO]    (66, 0) -> (via4_drw)
[2026-09-22 21:59:01,401] [INFO]    (46, 0) -> (pwell pwell_sub)
[2026-09-22 21:59:01,403] [INFO]    (5, 0) -> (poly_con)
[2026-09-22 21:59:01,404] [INFO]    (8, 0) -> (metal1_con)
[2026-09-22 21:59:01,405] [INFO]    (10, 0) -> (metal2_con)
[2026-09-22 21:59:01,407] [INFO]    (30, 0) -> (metal3_con)
[2026-09-22 21:59:01,408] [INFO]    (50, 0) -> (metal4_con)
[2026-09-22 21:59:01,409] [INFO]    (7, 0) -> (nsd_fet)
[2026-09-22 21:59:01,411] [INFO]    (14, 0) -> (psd_fet)
[2026-09-22 21:59:01,412] [INFO]    (65, 144) -> (ntap)
[2026-09-22 21:59:01,413] [INFO]    (65, 244) -> (ptap)
[2026-09-22 21:59:01,415] [INFO]    (30, 2) -> (metal3_pin_con)
[2026-09-22 21:59:01,416] [INFO]    (10, 2) -> (metal2_pin_con)
[2026-09-22 21:59:01,418] [INFO]    (8, 2) -> (metal1_pin_con)
[2026-09-22 21:59:01,419] [INFO]    (5, 2) -> (poly_pin_con)
[2026-09-22 21:59:01,420] [INFO]    (6, 4402) -> (cont_psd_con)
[2026-09-22 21:59:01,422] [INFO]    (6, 4401) -> (cont_nsd_con)
[2026-09-22 21:59:01,423] [INFO]    (6, 4403) -> (cont_poly_con)
[2026-09-22 21:59:01,425] [INFO]    (67, 0) -> (metal5_n_cap)
