time="2026-09-22T22:14:35+02:00" level=warning msg="Network file system detected as backing store.  Enforcing overlay option `force_mask=\"700\"`.  Add it to storage.conf to silence this warning"
time="2026-09-22T22:14:36+02:00" level=warning msg="Network file system detected as backing store.  Enforcing overlay option `force_mask=\"700\"`.  Add it to storage.conf to silence this warning"
Resource enforcement: CPU affinity; memory reservation only (rootless cgroups v1).
time="2026-09-22T22:14:36+02:00" level=warning msg="Network file system detected as backing store.  Enforcing overlay option `force_mask=\"700\"`.  Add it to storage.conf to silence this warning"
{
  "status": "passed source-preserving core placement",
  "GDS_sha256": "095db0fa913612f464c096f9c92fe7fde1bd773dfe745c8d0e4f3cf57c3e299f",
  "baseline_sha256": "38c1d6d13bbfee4ed0e3c01477742c3d2d28317d9215d9e5bd9a35551285ae59",
  "parent_GDS_sha256": "10764a31d4a4caf5c637e12d818ff72fd3ffca5b797e98c1fb598e2c5e4146b4",
  "pack_sha256": "d70eeefb4a31de454c785a2f92a2320fc2d457ecf8a5b50f8a27abfb5adb2f56",
  "script_sha256": "bfeb370f3d01fe21b1b548877b1735feca01e32e55933a7952f017e5feee903f",
  "KLayout": "0.30.9",
  "retained_decap_counts": {
    "sg13g2_decap_8": 4645,
    "sg13g2_decap_4": 17
  },
  "native_geometry_text_copy_and_saved_roundtrip": "passed",
  "adjacent_row_rail_polarity": "passed",
  "not_run": [
    "decap original power-domain reconstruction",
    "physical no-short and stockDRC",
    "signal/power/row-feed routing",
    "complete ring/vias/pads/sealring",
    "antenna/density/fill/currentIR",
    "complete LVS/PEX/integrated electrical"
  ],
  "not_applicable": [
    "connected fullchip qualification from placement-only GDS"
  ]
}
