
Note: No compatibility mode selected!


Circuit: * g1_gate power-up: supply ramps in both orders with en pad low, then en high; gate pad with 5 nf

Doing analysis at TEMP = 27.000000 and TNOM = 27.000000

Using SPARSE 1.3 as Direct Linear Solver
Note: Starting dynamic gmin stepping
Note: Dynamic gmin stepping completed

Initial Transient Solution
--------------------------

Node                                   Voltage
----                                   -------
sub!                                         0
vdda_s                                     3.3
vdda                                       3.3
vdd_s                                      1.2
vdd                                        1.2
en_pad                                       0
trip_d                                       0
clr_d                                        0
fast_en                                      0
hard_cmp                                     0
xpe.xi0.net4                       4.99151e-09
xpe.xi0.net7                               3.3
xpe.xi0.net1                       5.77999e-09
xpe.xi0.net2                               1.2
en_core                            6.03643e-08
xpe.xi0.xi0.xr0.dt                           0
xg.n_11                                    1.2
gate_core                          4.55069e-08
xg.n_13                                    1.2
tripped                            4.58366e-08
xg.n_12                            4.58366e-08
fault_core                                 1.2
xg.n_6                             9.23907e-08
xg.n_4                                     1.2
xg.n_10                                    1.2
xg.n_9                                     1.2
xg.n_8                                     1.2
xg.n_7                                     1.2
xg.n_i233                            0.0508977
xg.n_36                            6.43977e-09
xg.n_37                                    3.3
xg.n_35                                    3.3
xg.n_34                            1.85511e-09
xg.n_i234                                  3.3
xg.n_19                            3.21906e-09
xg.n_29                                    3.3
xg.n_22                            3.21906e-09
xg.n_i235                             0.955348
xg.n_31                                    3.3
xg.n_32                            6.43977e-09
xg.n_25                            3.21906e-09
xg.n_i236                                  3.3
xg.n_30                            3.21906e-09
xg.n_i237                             0.955348
xg.n_i238                              3.29493
xg.n_33                                    3.3
xg.n_18                                    3.3
xg.n_21                                    3.3
xg.n_24                                    3.3
xg.n_28                            3.21906e-09
xg.n_27                                    3.3
xg.n_17                            7.88535e-09
xg.n_26                            7.88535e-09
xg.n_23                            7.88535e-09
xg.n_20                            7.88535e-09
xreceiver.sense                            3.3
padres                             3.71667e-09
gate                               4.81659e-08
xpg.xi0.net2                               3.3
xpg.xi0.xr0.dt                               0
xpg.xi3.xr0.dt                               0
xpg.xi4.net2                                 0
xpg.xi4.xr0.dt                               0
gfet                               4.81659e-08
vh#branch                          3.53089e-11
vf#branch                          3.31325e-11
vc#branch                          3.42303e-11
vz#branch                          3.42303e-11
ven#branch                         2.97008e-11
vdd#branch                        -9.04284e-10
vdda#branch                       -2.49761e-10
vsub#branch                          6.912e-12

 Reference value :  0.00000e+00 Reference value :  8.21400e-07 Reference value :  1.62640e-06 Reference value :  2.51640e-06 Reference value :  3.40640e-06 Reference value :  4.19140e-06 Reference value :  5.10250e-06 Reference value :  5.98250e-06 Reference value :  6.82750e-06 Reference value :  7.60872e-06 Reference value :  8.35872e-06 Reference value :  9.16872e-06 Reference value :  9.96872e-06 Reference value :  1.06825e-05 Reference value :  1.14875e-05 Reference value :  1.22884e-05 Reference value :  1.31584e-05 Reference value :  1.40234e-05 Reference value :  1.48934e-05 Reference value :  1.57234e-05
No. of Data Rows : 3227
ENDPOINT 1.6E-05
Total elapsed time (seconds) = 5.977 
Total DRAM available = 32027.699 MB.
DRAM currently available =  762.160 MB.
Maximum ngspice program size =  694.793 MB.
Current ngspice program size =   46.848 MB.

Shared ngspice pages =   13.355 MB.
Text (code) pages = 456.000 kB.
Stack = 0 bytes.
Library pages =  668.480 MB.

Number of lines in the deck = 13607
Netlist loading time = 0.411361
Subckt and Param expansion time = 0.255997
Netlist parsing time = 0.154206

Nominal temperature = 27
Operating temperature = 27
Total iterations = 6764
Transient iterations = 6458
Circuit Equations = 695
Circuit original non-zeroes = 4393
Circuit fill-in non-zeroes = 292
Circuit total non-zeroes = 0
Transient timepoints = 3230
Accepted timepoints = 3227
Rejected timepoints = 3
Total analysis time (seconds) = 5.21888
Matrix load time = 3.9513
Matrix synchronize time = 0
Matrix reorder time = 0.0055931
Matrix factor time = 0.379313
Matrix solve time = 0.102875
Transient analysis time = 4.9669
Transient load time = 3.77901
Transient sync time = 0
Transient factor time = 0.363218
Transient solve time = 0.0981731
Transient trunc time = 0.267609
Transient iterations for the last time point = 0
AC analysis time = 0
AC load time = 0
AC sync time = 0
AC factor time = 0
AC solve time = 0
Note: Simulation executed from .control section 
