
Note: No compatibility mode selected!


Circuit: * g1_gate power-up: supply ramps in both orders with en pad low, then en high; gate pad with 5 nf

Doing analysis at TEMP = 27.000000 and TNOM = 27.000000

Using SPARSE 1.3 as Direct Linear Solver
Note: Starting dynamic gmin stepping
Note: Dynamic gmin stepping completed

Initial Transient Solution
--------------------------

Node                                   Voltage
----                                   -------
sub!                                         0
vdda_s                                     3.3
vdda                                       3.3
vdd_s                                      1.2
vdd                                        1.2
en_pad                                       0
trip_d                                       0
clr_d                                        0
fast_en                                      0
hard_cmp                                     0
xpe.xi0.net4                       4.99151e-09
xpe.xi0.net7                               3.3
xpe.xi0.net1                       5.77999e-09
xpe.xi0.net2                               1.2
en_core                            6.03643e-08
xpe.xi0.xi0.xr0.dt                           0
xg.n_11                                    1.2
gate_core                          4.55069e-08
xg.n_13                                    1.2
tripped                            4.58366e-08
xg.n_12                            4.58366e-08
fault_core                                 1.2
xg.n_6                             9.23907e-08
xg.n_4                                     1.2
xg.n_10                                    1.2
xg.n_9                                     1.2
xg.n_8                                     1.2
xg.n_7                                     1.2
xg.n_i233                            0.0508977
xg.n_36                            6.43977e-09
xg.n_37                                    3.3
xg.n_35                                    3.3
xg.n_34                            1.85511e-09
xg.n_i234                                  3.3
xg.n_19                            3.21906e-09
xg.n_29                                    3.3
xg.n_22                            3.21906e-09
xg.n_i235                             0.955348
xg.n_31                                    3.3
xg.n_32                            6.43977e-09
xg.n_25                            3.21906e-09
xg.n_i236                                  3.3
xg.n_30                            3.21906e-09
xg.n_i237                             0.955348
xg.n_i238                              3.29493
xg.n_33                                    3.3
xg.n_18                                    3.3
xg.n_21                                    3.3
xg.n_24                                    3.3
xg.n_28                            3.21906e-09
xg.n_27                                    3.3
xg.n_17                            7.88535e-09
xg.n_26                            7.88535e-09
xg.n_23                            7.88535e-09
xg.n_20                            7.88535e-09
xreceiver.sense                            3.3
padres                             3.71667e-09
gate                               4.81659e-08
xpg.xi0.net2                               3.3
xpg.xi0.xr0.dt                               0
xpg.xi3.xr0.dt                               0
xpg.xi4.net2                                 0
xpg.xi4.xr0.dt                               0
gfet                               4.81659e-08
vh#branch                          3.53089e-11
vf#branch                          3.31325e-11
vc#branch                          3.42303e-11
vz#branch                          3.42303e-11
ven#branch                         2.97008e-11
vdd#branch                        -9.04284e-10
vdda#branch                       -2.49761e-10
vsub#branch                          6.912e-12

 Reference value :  0.00000e+00 Reference value :  8.51400e-07 Reference value :  1.70140e-06 Reference value :  2.61640e-06 Reference value :  3.44640e-06 Reference value :  4.33640e-06 Reference value :  5.24750e-06 Reference value :  6.16750e-06 Reference value :  7.00150e-06 Reference value :  7.81845e-06 Reference value :  8.65845e-06 Reference value :  9.50345e-06 Reference value :  1.02875e-05 Reference value :  1.10175e-05 Reference value :  1.18925e-05 Reference value :  1.27887e-05 Reference value :  1.37487e-05 Reference value :  1.46637e-05 Reference value :  1.56037e-05
No. of Data Rows : 3227
ENDPOINT 1.6E-05
Total elapsed time (seconds) = 5.881 
Total DRAM available = 32027.699 MB.
DRAM currently available =  772.199 MB.
Maximum ngspice program size =  694.793 MB.
Current ngspice program size =   46.844 MB.

Shared ngspice pages =   13.355 MB.
Text (code) pages = 456.000 kB.
Stack = 0 bytes.
Library pages =  668.480 MB.

Number of lines in the deck = 13607
Netlist loading time = 0.533859
Subckt and Param expansion time = 0.247729
Netlist parsing time = 0.154206

Nominal temperature = 27
Operating temperature = 27
Total iterations = 6764
Transient iterations = 6458
Circuit Equations = 695
Circuit original non-zeroes = 4393
Circuit fill-in non-zeroes = 292
Circuit total non-zeroes = 0
Transient timepoints = 3230
Accepted timepoints = 3227
Rejected timepoints = 3
Total analysis time (seconds) = 5.00055
Matrix load time = 3.79204
Matrix synchronize time = 0
Matrix reorder time = 0.00557802
Matrix factor time = 0.37447
Matrix solve time = 0.0994808
Transient analysis time = 4.73293
Transient load time = 3.61122
Transient sync time = 0
Transient factor time = 0.35608
Transient solve time = 0.0944465
Transient trunc time = 0.251179
Transient iterations for the last time point = 0
AC analysis time = 0
AC load time = 0
AC sync time = 0
AC factor time = 0
AC solve time = 0
Note: Simulation executed from .control section 
