Clock osc_clk
rise -> rise
    min     max
 0.0000  0.0000 source latency
 0.2428         network latency _6728_/CLK
         0.3193 network latency _6134_/CLK
---------------
 0.2428  0.3193 latency
         0.0764 skew

fall -> fall
    min     max
 0.0000  0.0000 source latency
 0.2501         network latency _6728_/CLK
         0.3296 network latency _6120_/CLK
---------------
 0.2501  0.3296 latency
         0.0794 skew


Clock sclk
rise -> rise
    min     max
 0.0000  0.0000 source latency
 0.1578         network latency _6765_/CLK
         0.1802 network latency _5744_/CLK
---------------
 0.1578  0.1802 latency
         0.0224 skew

rise -> fall
    min     max
 0.0000  0.0000 source latency
 0.1865         network latency _5706_/CLK
         0.2067 network latency _5701_/CLK
---------------
 0.1865  0.2067 latency
         0.0202 skew

fall -> rise
    min     max
 0.0000  0.0000 source latency
 0.1950         network latency _5706_/CLK
         0.2162 network latency _5701_/CLK
---------------
 0.1950  0.2162 latency
         0.0212 skew

fall -> fall
    min     max
 0.0000  0.0000 source latency
 0.1645         network latency _6765_/CLK
         0.1864 network latency _5744_/CLK
---------------
 0.1645  0.1864 latency
         0.0219 skew


