Startpoint: _6781_ (rising edge-triggered flip-flop clocked by osc_clk)
Endpoint: _6054_ (recovery check against rising-edge clock osc_clk)
Path Group: asynchronous
Path Type: max

Fanout       Cap      Slew     Delay      Time   Description
-------------------------------------------------------------------------------------
                              0.0000    0.0000   clock osc_clk (rise edge)
                              0.0000    0.0000   clock source latency
     1    0.0557    0.0000    0.0000    0.0000 ^ osc_clk (in)
                                                 osc_clk (net)
     2    0.0435    0.0165    0.0519    0.0519 ^ clkbuf_0_osc_clk/X (sg13g2_buf_16)
                                                 clknet_0_osc_clk (net)
     8    0.1914    0.0370    0.0594    0.1114 ^ clkbuf_fanout_split0_osc_clk_cell/X (sg13g2_buf_16)
                                                 clkbuf_fanout_split0_osc_clk (net)
     2    0.0441    0.0244    0.0867    0.1981 ^ clkbuf_4_15_0_osc_clk/X (sg13g2_buf_8)
                                                 clknet_4_15_0_osc_clk (net)
     5    0.0766    0.0213    0.0544    0.2525 ^ clkbuf_5_31__f_osc_clk/X (sg13g2_buf_16)
                                                 clknet_5_31__leaf_osc_clk (net)
     8    0.0353    0.0204    0.0577    0.3102 ^ clkbuf_leaf_80_osc_clk/X (sg13g2_buf_8)
                                                 clknet_leaf_80_osc_clk (net)
                    0.0206    0.0013    0.3116 ^ _6781_/CLK (sg13g2_dfrbpq_1)
     1    0.0085    0.0289    0.1205    0.4321 ^ _6781_/Q (sg13g2_dfrbpq_1)
                                                 u_core.rs1 (net)
     4    0.0796    0.2114    0.1724    0.6044 ^ fanout345/X (sg13g2_buf_1)
                                                 net345 (net)
     4    0.0841    0.2237    0.2271    0.8315 ^ fanout344/X (sg13g2_buf_1)
                                                 net344 (net)
     5    0.0668    0.1790    0.2059    1.0374 ^ fanout307/X (sg13g2_buf_1)
                                                 net307 (net)
     4    0.0470    0.1274    0.1660    1.2034 ^ fanout294/X (sg13g2_buf_1)
                                                 net294 (net)
     5    0.0780    0.2081    0.2028    1.4062 ^ fanout288/X (sg13g2_buf_1)
                                                 net288 (net)
     8    0.1135    0.3010    0.2841    1.6903 ^ fanout287/X (sg13g2_buf_1)
                                                 net287 (net)
     8    0.1025    0.2719    0.2787    1.9690 ^ fanout286/X (sg13g2_buf_1)
                                                 net286 (net)
                    0.2744    0.0209    1.9899 ^ _6054_/RESET_B (sg13g2_dfrbpq_1)
                                        1.9899   data arrival time

                            100.0000  100.0000   clock osc_clk (rise edge)
                              0.0000  100.0000   clock source latency
     1    0.0524    0.0000    0.0000  100.0000 ^ osc_clk (in)
                                                 osc_clk (net)
     2    0.0370    0.0155    0.0501  100.0501 ^ clkbuf_0_osc_clk/X (sg13g2_buf_16)
                                                 clknet_0_osc_clk (net)
     8    0.1789    0.0382    0.0599  100.1100 ^ clkbuf_fanout_split1_osc_clk_cell/X (sg13g2_buf_16)
                                                 clkbuf_fanout_split1_osc_clk (net)
     2    0.0426    0.0234    0.0735  100.1835 ^ clkbuf_4_7_0_osc_clk/X (sg13g2_buf_8)
                                                 clknet_4_7_0_osc_clk (net)
     5    0.0693    0.0204    0.0513  100.2348 ^ clkbuf_5_14__f_osc_clk/X (sg13g2_buf_16)
                                                 clknet_5_14__leaf_osc_clk (net)
     8    0.0312    0.0192    0.0532  100.2880 ^ clkbuf_leaf_55_osc_clk/X (sg13g2_buf_8)
                                                 clknet_leaf_55_osc_clk (net)
                    0.0192    0.0010  100.2890 ^ _6054_/CLK (sg13g2_dfrbpq_1)
                             -0.5000   99.7890   clock uncertainty
                              0.0018   99.7908   clock reconvergence pessimism
                             -0.1403   99.6504   library recovery time
                                       99.6504   data required time
-------------------------------------------------------------------------------------
                                       99.6504   data required time
                                       -1.9899   data arrival time
-------------------------------------------------------------------------------------
                                       97.6605   slack (MET)


Startpoint: _5829_ (rising edge-triggered flip-flop clocked by osc_clk)
Endpoint: dac_soft[2] (output port clocked by osc_clk)
Path Group: osc_clk
Path Type: max

Fanout       Cap      Slew     Delay      Time   Description
-------------------------------------------------------------------------------------
                              0.0000    0.0000   clock osc_clk (rise edge)
                              0.0000    0.0000   clock source latency
     1    0.0557    0.0000    0.0000    0.0000 ^ osc_clk (in)
                                                 osc_clk (net)
     2    0.0435    0.0165    0.0519    0.0519 ^ clkbuf_0_osc_clk/X (sg13g2_buf_16)
                                                 clknet_0_osc_clk (net)
     8    0.1915    0.0403    0.0617    0.1136 ^ clkbuf_fanout_split1_osc_clk_cell/X (sg13g2_buf_16)
                                                 clkbuf_fanout_split1_osc_clk (net)
     2    0.0480    0.0251    0.0710    0.1846 ^ clkbuf_4_6_0_osc_clk/X (sg13g2_buf_8)
                                                 clknet_4_6_0_osc_clk (net)
     5    0.0777    0.0218    0.0559    0.2405 ^ clkbuf_5_12__f_osc_clk/X (sg13g2_buf_16)
                                                 clknet_5_12__leaf_osc_clk (net)
     8    0.0387    0.0213    0.0539    0.2944 ^ clkbuf_leaf_24_osc_clk/X (sg13g2_buf_8)
                                                 clknet_leaf_24_osc_clk (net)
                    0.0216    0.0020    0.2964 ^ _5829_/CLK (sg13g2_dfrbpq_1)
     3    0.0283    0.0775    0.1565    0.4528 ^ _5829_/Q (sg13g2_dfrbpq_1)
                                                 u_core.u_trip.soft_cnt[17] (net)
     8    0.0654    0.1740    0.1702    0.6230 ^ fanout357/X (sg13g2_buf_1)
                                                 net357 (net)
     2    0.0111    0.0619    0.0900    0.7130 v _4168_/Y (sg13g2_nor4_1)
                                                 _1612_ (net)
     1    0.0157    0.0424    0.0838    0.7968 v _4177_/X (sg13g2_and4_1)
                                                 _1621_ (net)
     5    0.0325    0.2915    0.2547    1.0515 ^ _4181_/Y (sg13g2_a221oi_1)
                                                 _1625_ (net)
     6    0.0281    0.2511    0.2815    1.3329 v _4186_/Y (sg13g2_nand4_1)
                                                 _1630_ (net)
     3    0.0181    0.1067    0.1270    1.4599 ^ _4202_/Y (sg13g2_nand4_1)
                                                 _1646_ (net)
     3    0.0131    0.0734    0.0955    1.5554 v _4205_/Y (sg13g2_o21ai_1)
                                                 _1649_ (net)
     3    0.0136    0.1502    0.1508    1.7062 ^ _4212_/Y (sg13g2_a221oi_1)
                                                 _1656_ (net)
     2    0.0077    0.0310    0.1089    1.8151 ^ _4222_/X (sg13g2_or4_1)
                                                 _1666_ (net)
     4    0.0163    0.0790    0.0796    1.8948 v _4226_/Y (sg13g2_a21oi_1)
                                                 _1670_ (net)
     7    0.0361    0.4049    0.3399    2.2347 ^ _4231_/Y (sg13g2_nor4_1)
                                                 _1675_ (net)
     1    0.0049    0.0309    0.1381    2.3727 ^ _4238_/X (sg13g2_or3_1)
                                                 _1680_ (net)
     2    0.0125    0.0939    0.0623    2.4350 v _4239_/Y (sg13g2_nand2_1)
                                                 net21 (net)
     1    0.0541    0.1181    0.1430    2.5780 v output21/X (sg13g2_buf_1)
                                                 dac_soft[2] (net)
                    0.1183    0.0038    2.5819 v dac_soft[2] (out)
                                        2.5819   data arrival time

                            100.0000  100.0000   clock osc_clk (rise edge)
                              0.0000  100.0000   clock network delay (propagated)
                             -0.5000   99.5000   clock uncertainty
                              0.0000   99.5000   clock reconvergence pessimism
                            -20.0000   79.5000   output external delay
                                       79.5000   data required time
-------------------------------------------------------------------------------------
                                       79.5000   data required time
                                       -2.5819   data arrival time
-------------------------------------------------------------------------------------
                                       76.9181   slack (MET)


Startpoint: _6754_ (rising edge-triggered flip-flop clocked by sclk')
Endpoint: sdo (output port clocked by sclk)
Path Group: sclk
Path Type: max

Fanout       Cap      Slew     Delay      Time   Description
-------------------------------------------------------------------------------------
                             50.0000   50.0000   clock sclk' (rise edge)
                              0.0000   50.0000   clock source latency
     2    0.0563    0.0000    0.0000   50.0000 v sclk (in)
                                                 sclk (net)
     1    0.0219    0.0133    0.0493   50.0493 v clkbuf_regs_0_sclk/X (sg13g2_buf_16)
                                                 sclk_regs (net)
     8    0.1829    0.0348    0.0589   50.1082 v clkbuf_0_sclk_regs/X (sg13g2_buf_16)
                                                 clknet_0_sclk_regs (net)
     7    0.0465    0.0173    0.0625   50.1707 v clkbuf_3_7__f_sclk_regs/X (sg13g2_buf_16)
                                                 clknet_3_7__leaf_sclk_regs (net)
     1    0.0084    0.0274    0.0348   50.2055 ^ _2920__386/Y (sg13g2_inv_1)
                                                 net386 (net)
                    0.0274    0.0006   50.2061 ^ _6754_/CLK (sg13g2_dfrbpq_1)
     1    0.0052    0.0212    0.1171   50.3232 ^ _6754_/Q (sg13g2_dfrbpq_1)
                                                 net34 (net)
     1    0.0529    0.1417    0.1292   50.4523 ^ output34/X (sg13g2_buf_1)
                                                 sdo (net)
                    0.1418    0.0038   50.4561 ^ sdo (out)
                                       50.4561   data arrival time

                            100.0000  100.0000   clock sclk (rise edge)
                              0.0000  100.0000   clock network delay (propagated)
                             -0.5000   99.5000   clock uncertainty
                              0.0000   99.5000   clock reconvergence pessimism
                            -20.0000   79.5000   output external delay
                                       79.5000   data required time
-------------------------------------------------------------------------------------
                                       79.5000   data required time
                                      -50.4561   data arrival time
-------------------------------------------------------------------------------------
                                       29.0439   slack (MET)


