2026-09-23 07:47:41 +0200: Memory Usage (405376K) : Starting running IHP-SG13G2 Klayout DRC antenna runset on <results>/bondpad-outward-20260923-r3/pad_outward_native.gds
2026-09-23 07:47:41 +0200: Memory Usage (405376K) : Ruby Version for klayout: 3.2.3
2026-09-23 07:47:41 +0200: Memory Usage (438960K) : Loading database to memory is complete.
2026-09-23 07:47:41 +0200: Memory Usage (438960K) : IHP-SG13G2 Klayout DRC antenna runset output at: <results>/bondpad-outward-antenna-20260923-r1/antenna.lyrdb
2026-09-23 07:47:41 +0200: Memory Usage (438960K) : Evaluate switches.
2026-09-23 07:47:41 +0200: Memory Usage (438960K) : KLayout will use 1 thread(s) in tiling mode.
2026-09-23 07:47:41 +0200: Memory Usage (438960K) : deep mode is enabled for antenna table.
2026-09-23 07:47:41 +0200: Memory Usage (438960K) : Read in polygons from layers.
2026-09-23 07:47:41 +0200: Memory Usage (444148K) : activ_drw has 75318 polygons
2026-09-23 07:47:41 +0200: Memory Usage (444148K) : gatpoly_drw has 81146 polygons
2026-09-23 07:47:42 +0200: Memory Usage (458668K) : cont_drw has 3611939 polygons
2026-09-23 07:47:42 +0200: Memory Usage (458668K) : nsd_block has 308 polygons
2026-09-23 07:47:42 +0200: Memory Usage (458668K) : metal1_drw has 152704 polygons
2026-09-23 07:47:42 +0200: Memory Usage (458668K) : metal2_drw has 82062 polygons
2026-09-23 07:47:42 +0200: Memory Usage (458668K) : psd_drw has 33333 polygons
2026-09-23 07:47:42 +0200: Memory Usage (458668K) : digisub_drw has 0 polygons
2026-09-23 07:47:42 +0200: Memory Usage (459584K) : via1_drw has 92551 polygons
2026-09-23 07:47:42 +0200: Memory Usage (460112K) : via2_drw has 113178 polygons
2026-09-23 07:47:42 +0200: Memory Usage (460640K) : metal3_drw has 43052 polygons
2026-09-23 07:47:42 +0200: Memory Usage (460640K) : nwell_drw has 14319 polygons
2026-09-23 07:47:42 +0200: Memory Usage (460640K) : nbulay_drw has 0 polygons
2026-09-23 07:47:42 +0200: Memory Usage (460640K) : pwell_block has 0 polygons
2026-09-23 07:47:43 +0200: Memory Usage (461168K) : via3_drw has 59633 polygons
2026-09-23 07:47:43 +0200: Memory Usage (461168K) : metal4_drw has 9011 polygons
2026-09-23 07:47:43 +0200: Memory Usage (461696K) : via4_drw has 62008 polygons
2026-09-23 07:47:43 +0200: Memory Usage (461696K) : metal5_drw has 3685 polygons
2026-09-23 07:47:43 +0200: Memory Usage (461696K) : recog_diode has 144 polygons
2026-09-23 07:47:43 +0200: Memory Usage (461696K) : recog_esd has 0 polygons
2026-09-23 07:47:43 +0200: Memory Usage (462488K) : topvia1_drw has 58353 polygons
2026-09-23 07:47:43 +0200: Memory Usage (462488K) : topmetal1_drw has 1927 polygons
2026-09-23 07:47:43 +0200: Memory Usage (462752K) : topvia2_drw has 40171 polygons
2026-09-23 07:47:43 +0200: Memory Usage (462752K) : topmetal2_drw has 980 polygons
2026-09-23 07:47:43 +0200: Memory Usage (463188K) : text_drw has 3355 polygons
2026-09-23 07:47:43 +0200: Memory Usage (463188K) : Total no. of polygons in the design is 4539177
2026-09-23 07:47:43 +0200: Memory Usage (463188K) : Loaded TECH DRC rules values from /foss/pdks/ihp-sg13g2/libs.tech/klayout/python/sg13g2_pycell_lib/sg13g2_tech_mod.json
2026-09-23 07:47:43 +0200: Memory Usage (463188K) : Loaded default DRC rules values from /foss/pdks/ihp-sg13g2/libs.tech/klayout/tech/drc/rule_decks/sg13g2_tech_default.json
2026-09-23 07:47:43 +0200: Memory Usage (463188K) : The following rules values were missing in tech json and default values were used:
2026-09-23 07:47:43 +0200: Memory Usage (463188K) :   - NW_f1_digibnd
2026-09-23 07:47:43 +0200: Memory Usage (463188K) :   - Cnt_c_digibnd
2026-09-23 07:47:43 +0200: Memory Usage (463188K) :   - Cnt_c_sram
2026-09-23 07:47:43 +0200: Memory Usage (463188K) :   - Sdiod_b
2026-09-23 07:47:43 +0200: Memory Usage (463188K) :   - Sdiod_c
2026-09-23 07:47:43 +0200: Memory Usage (465052K) : Total area of the design is 1999396.0 um^2.
2026-09-23 07:47:43 +0200: Memory Usage (465052K) : The design dimensions are 1414.0 µm * 1414.0 µm.
2026-09-23 07:47:43 +0200: Memory Usage (465052K) : Starting general IHP-SG13G2 derivations.
2026-09-23 07:47:46 +0200: Memory Usage (476220K) : Starting IHP-SG13G2 DRC rules.
2026-09-23 07:47:46 +0200: Memory Usage (476220K) : Starting 7.1 Antenna Rules table
2026-09-23 07:47:46 +0200: Memory Usage (476220K) : Executing rule Ant.a
2026-09-23 07:47:49 +0200: Memory Usage (533320K) : Executing rule Ant.c
2026-09-23 07:47:49 +0200: Memory Usage (533320K) : Starting cumulative antenna ratio calculations
2026-09-23 07:47:49 +0200: Memory Usage (533320K) : Evaluating metal1_drw ratio
2026-09-23 07:47:55 +0200: Memory Usage (544448K) : Evaluating via1_drw ratio
2026-09-23 07:48:00 +0200: Memory Usage (545500K) : Evaluating metal2_drw ratio
2026-09-23 07:48:07 +0200: Memory Usage (575068K) : Evaluating via2_drw ratio
2026-09-23 07:48:15 +0200: Memory Usage (577180K) : Evaluating metal3_drw ratio
2026-09-23 07:48:21 +0200: Memory Usage (577708K) : Evaluating via3_drw ratio
2026-09-23 07:48:28 +0200: Memory Usage (581668K) : Evaluating metal4_drw ratio
2026-09-23 07:48:35 +0200: Memory Usage (583516K) : Evaluating via4_drw ratio
2026-09-23 07:48:43 +0200: Memory Usage (596188K) : Evaluating metal5_drw ratio
2026-09-23 07:48:51 +0200: Memory Usage (602260K) : Evaluating topvia1_drw ratio
2026-09-23 07:48:59 +0200: Memory Usage (602260K) : Evaluating topmetal1_drw ratio
2026-09-23 07:49:08 +0200: Memory Usage (603316K) : Evaluating topvia2_drw ratio
2026-09-23 07:49:18 +0200: Memory Usage (631036K) : Evaluating topmetal2_drw ratio
2026-09-23 07:49:29 +0200: Memory Usage (650572K) : Evaluating diode presence
2026-09-23 07:49:30 +0200: Memory Usage (652684K) : Creating base layer with all individual ratios and diode flag
2026-09-23 07:49:35 +0200: Memory Usage (768004K) : Executing rules Ant.b and Ant.e
2026-09-23 07:49:35 +0200: Memory Usage (768004K) : Executing Ant.b_Metal1
2026-09-23 07:49:35 +0200: Memory Usage (768004K) : Executing Ant.e_Metal1
2026-09-23 07:49:35 +0200: Memory Usage (768004K) : Evaluating cumulative ratio after Metal2
2026-09-23 07:49:35 +0200: Memory Usage (768004K) : Executing Ant.b_Metal2
2026-09-23 07:49:35 +0200: Memory Usage (768004K) : Executing Ant.e_Metal2
2026-09-23 07:49:35 +0200: Memory Usage (768004K) : Evaluating cumulative ratio after Metal3
2026-09-23 07:49:36 +0200: Memory Usage (768004K) : Executing Ant.b_Metal3
2026-09-23 07:49:36 +0200: Memory Usage (768004K) : Executing Ant.e_Metal3
2026-09-23 07:49:36 +0200: Memory Usage (768004K) : Evaluating cumulative ratio after Metal4
2026-09-23 07:49:36 +0200: Memory Usage (768004K) : Executing Ant.b_Metal4
2026-09-23 07:49:36 +0200: Memory Usage (768004K) : Executing Ant.e_Metal4
2026-09-23 07:49:36 +0200: Memory Usage (768004K) : Evaluating cumulative ratio after Metal5
2026-09-23 07:49:36 +0200: Memory Usage (768004K) : Executing Ant.b_Metal5
2026-09-23 07:49:36 +0200: Memory Usage (768004K) : Executing Ant.e_Metal5
2026-09-23 07:49:37 +0200: Memory Usage (768004K) : Evaluating cumulative ratio after TopMetal1
2026-09-23 07:49:37 +0200: Memory Usage (769320K) : Executing Ant.b_TopMetal1
2026-09-23 07:49:37 +0200: Memory Usage (769320K) : Executing Ant.e_TopMetal1
2026-09-23 07:49:37 +0200: Memory Usage (769320K) : Evaluating cumulative ratio after TopMetal2
2026-09-23 07:49:37 +0200: Memory Usage (770640K) : Executing Ant.b_TopMetal2
2026-09-23 07:49:37 +0200: Memory Usage (770640K) : Executing Ant.e_TopMetal2
2026-09-23 07:49:37 +0200: Memory Usage (770640K) : Executing rules Ant.d and Ant.f
2026-09-23 07:49:37 +0200: Memory Usage (770640K) : Evaluating cumulative ratio after Via1
2026-09-23 07:49:38 +0200: Memory Usage (770640K) : Executing Ant.d_Via1
2026-09-23 07:49:38 +0200: Memory Usage (770640K) : Executing Ant.f_Via1
2026-09-23 07:49:38 +0200: Memory Usage (770640K) : Evaluating cumulative ratio after Via2
2026-09-23 07:49:38 +0200: Memory Usage (802056K) : Executing Ant.d_Via2
2026-09-23 07:49:38 +0200: Memory Usage (802056K) : Executing Ant.f_Via2
2026-09-23 07:49:38 +0200: Memory Usage (802056K) : Evaluating cumulative ratio after Via3
2026-09-23 07:49:39 +0200: Memory Usage (835584K) : Executing Ant.d_Via3
2026-09-23 07:49:39 +0200: Memory Usage (835584K) : Executing Ant.f_Via3
2026-09-23 07:49:39 +0200: Memory Usage (835584K) : Evaluating cumulative ratio after Via4
2026-09-23 07:49:39 +0200: Memory Usage (869904K) : Executing Ant.d_Via4
2026-09-23 07:49:39 +0200: Memory Usage (870168K) : Executing Ant.f_Via4
2026-09-23 07:49:40 +0200: Memory Usage (870168K) : Evaluating cumulative ratio after TopVia1
2026-09-23 07:49:40 +0200: Memory Usage (905808K) : Executing Ant.d_TopVia1
2026-09-23 07:49:40 +0200: Memory Usage (905808K) : Executing Ant.f_TopVia1
2026-09-23 07:49:40 +0200: Memory Usage (905808K) : Evaluating cumulative ratio after TopVia2
2026-09-23 07:49:40 +0200: Memory Usage (942768K) : Executing Ant.d_TopVia2
2026-09-23 07:49:41 +0200: Memory Usage (942768K) : Executing Ant.f_TopVia2
2026-09-23 07:49:41 +0200: Memory Usage (942768K) : Executing rule Ant.g
2026-09-23 07:49:41 +0200: Memory Usage (945672K) : Executing rule Ant.h
2026-09-23 07:49:41 +0200: Memory Usage (945672K) : Executing rule Ant.i
