time="2026-09-23T08:04:36+02:00" level=warning msg="Network file system detected as backing store.  Enforcing overlay option `force_mask=\"700\"`.  Add it to storage.conf to silence this warning"
time="2026-09-23T08:04:37+02:00" level=warning msg="Network file system detected as backing store.  Enforcing overlay option `force_mask=\"700\"`.  Add it to storage.conf to silence this warning"
Resource enforcement: CPU affinity; memory reservation only (rootless cgroups v1).
time="2026-09-23T08:04:38+02:00" level=warning msg="Network file system detected as backing store.  Enforcing overlay option `force_mask=\"700\"`.  Add it to storage.conf to silence this warning"
{
  "status": "passed exact changed-geometry adjacency inventory; field extraction not run",
  "baseline_GDS_sha256": "8060e30ac14a1c4aeb1cf62204c9e95d9a68dbad3d73412fbb34c6a33be8b4f7",
  "candidate_GDS_sha256": "4b8a82d4a19127e5975d558381cd0f1057235cf51dfbbc58e2219b0f0c4a8bd1",
  "source_sha256": "baab6183c364477da1dd332e4585ae7201b3776bf0f836014744a42809e13877",
  "script_sha256": "0197026da80e6d68d675434945fd798e2e829f02daaaa79b37a022fd12ed4715",
  "changed_shapes_sha256": "9fe1e206ec38c44c7a8c4169ddeaf8e53b3c53940c7f3c6d9c48d10be06f8edf",
  "new_GDS_saved": false,
  "PEX": "not run",
  "capacitance_acceptance": "not run",
  "model_composition": "not qualified",
  "adoption": "not run",
  "accounted_M2_area_dbu2": 2931424000,
  "accounted_Via1_count": 32,
  "source_graphs": "134 nets held in both source geometries",
  "scope": "Candidate macro only, not final filled/routed fullchip; planned overlapping windows cannot be summed as full-route capacitance",
  "wall_s": 6.6948354337364435
}
