
Note: No compatibility mode selected!


Circuit: * g1_t2f joint c-pex: t=125.0 c, vdda=3.3 v, vdd=1.2 v, hbt=typ, mos=tt, r=typ, c=typ, mismatch=true, seed=51086

Warning: Model issue on line 788 :
  .model xbgr.xm27:sg13g2_hv_nmos_psp_rf pspnqs103va type=+1 level=103.60  ...
Unknown model type pspnqs103va - ignored

Warning: Model issue on line 809 :
  .model xbgr.xm27:sg13g2_hv_pmos_psp_rf pspnqs103va type=-1 level=103.60  ...
Unknown model type pspnqs103va - ignored

Warning: Model issue on line 788 :
  .model xbgr.xm28:sg13g2_hv_nmos_psp_rf pspnqs103va type=+1 level=103.60  ...
Unknown model type pspnqs103va - ignored

Warning: Model issue on line 809 :
  .model xbgr.xm28:sg13g2_hv_pmos_psp_rf pspnqs103va type=-1 level=103.60  ...
Unknown model type pspnqs103va - ignored

Warning: Model issue on line 679 :
  .model xbgr.xm29:sg13g2_hv_nmos_psp_rf pspnqs103va type=+1 level=103.60  ...
Unknown model type pspnqs103va - ignored

Warning: Model issue on line 700 :
  .model xbgr.xm29:sg13g2_hv_pmos_psp_rf pspnqs103va type=-1 level=103.60  ...
Unknown model type pspnqs103va - ignored

Warning: Model issue on line 679 :
  .model xbgr.xm30:sg13g2_hv_nmos_psp_rf pspnqs103va type=+1 level=103.60  ...
Unknown model type pspnqs103va - ignored

Warning: Model issue on line 700 :
  .model xbgr.xm30:sg13g2_hv_pmos_psp_rf pspnqs103va type=-1 level=103.60  ...
Unknown model type pspnqs103va - ignored

Warning: Model issue on line 679 :
  .model xbgr.xm31:sg13g2_hv_nmos_psp_rf pspnqs103va type=+1 level=103.60  ...
Unknown model type pspnqs103va - ignored

Warning: Model issue on line 700 :
  .model xbgr.xm31:sg13g2_hv_pmos_psp_rf pspnqs103va type=-1 level=103.60  ...
Unknown model type pspnqs103va - ignored

Warning: Model issue on line 679 :
  .model xbgr.xm32:sg13g2_hv_nmos_psp_rf pspnqs103va type=+1 level=103.60  ...
Unknown model type pspnqs103va - ignored

Warning: Model issue on line 700 :
  .model xbgr.xm32:sg13g2_hv_pmos_psp_rf pspnqs103va type=-1 level=103.60  ...
Unknown model type pspnqs103va - ignored

Warning: Model issue on line 679 :
  .model xbgr.xm33:sg13g2_hv_nmos_psp_rf pspnqs103va type=+1 level=103.60  ...
Unknown model type pspnqs103va - ignored

Warning: Model issue on line 700 :
  .model xbgr.xm33:sg13g2_hv_pmos_psp_rf pspnqs103va type=-1 level=103.60  ...
Unknown model type pspnqs103va - ignored

Warning: Model issue on line 679 :
  .model xbgr.xm34:sg13g2_hv_nmos_psp_rf pspnqs103va type=+1 level=103.60  ...
Unknown model type pspnqs103va - ignored

Warning: Model issue on line 700 :
  .model xbgr.xm34:sg13g2_hv_pmos_psp_rf pspnqs103va type=-1 level=103.60  ...
Unknown model type pspnqs103va - ignored

Warning: Model issue on line 679 :
  .model xbgr.xm35:sg13g2_hv_nmos_psp_rf pspnqs103va type=+1 level=103.60  ...
Unknown model type pspnqs103va - ignored

Warning: Model issue on line 700 :
  .model xbgr.xm35:sg13g2_hv_pmos_psp_rf pspnqs103va type=-1 level=103.60  ...
Unknown model type pspnqs103va - ignored

Warning: Model issue on line 679 :
  .model xbgr.xm36:sg13g2_hv_nmos_psp_rf pspnqs103va type=+1 level=103.60  ...
Unknown model type pspnqs103va - ignored

Warning: Model issue on line 700 :
  .model xbgr.xm36:sg13g2_hv_pmos_psp_rf pspnqs103va type=-1 level=103.60  ...
Unknown model type pspnqs103va - ignored

Warning: Model issue on line 679 :
  .model xbgr.xm37:sg13g2_hv_nmos_psp_rf pspnqs103va type=+1 level=103.60  ...
Unknown model type pspnqs103va - ignored

Warning: Model issue on line 700 :
  .model xbgr.xm37:sg13g2_hv_pmos_psp_rf pspnqs103va type=-1 level=103.60  ...
Unknown model type pspnqs103va - ignored

Warning: Model issue on line 788 :
  .model xbgr.xm38:sg13g2_hv_nmos_psp_rf pspnqs103va type=+1 level=103.60  ...
Unknown model type pspnqs103va - ignored

Warning: Model issue on line 809 :
  .model xbgr.xm38:sg13g2_hv_pmos_psp_rf pspnqs103va type=-1 level=103.60  ...
Unknown model type pspnqs103va - ignored

Warning: Model issue on line 788 :
  .model xbgr.xm39:sg13g2_hv_nmos_psp_rf pspnqs103va type=+1 level=103.60  ...
Unknown model type pspnqs103va - ignored

Warning: Model issue on line 809 :
  .model xbgr.xm39:sg13g2_hv_pmos_psp_rf pspnqs103va type=-1 level=103.60  ...
Unknown model type pspnqs103va - ignored

Warning: Model issue on line 788 :
  .model xbgr.xm40:sg13g2_hv_nmos_psp_rf pspnqs103va type=+1 level=103.60  ...
Unknown model type pspnqs103va - ignored

Warning: Model issue on line 809 :
  .model xbgr.xm40:sg13g2_hv_pmos_psp_rf pspnqs103va type=-1 level=103.60  ...
Unknown model type pspnqs103va - ignored

Warning: Model issue on line 788 :
  .model xbgr.xm41:sg13g2_hv_nmos_psp_rf pspnqs103va type=+1 level=103.60  ...
Unknown model type pspnqs103va - ignored

Warning: Model issue on line 809 :
  .model xbgr.xm41:sg13g2_hv_pmos_psp_rf pspnqs103va type=-1 level=103.60  ...
Unknown model type pspnqs103va - ignored

Warning: Model issue on line 788 :
  .model xbgr.xm42:sg13g2_hv_nmos_psp_rf pspnqs103va type=+1 level=103.60  ...
Unknown model type pspnqs103va - ignored

Warning: Model issue on line 809 :
  .model xbgr.xm42:sg13g2_hv_pmos_psp_rf pspnqs103va type=-1 level=103.60  ...
Unknown model type pspnqs103va - ignored

Warning: Model issue on line 788 :
  .model xbgr.xm43:sg13g2_hv_nmos_psp_rf pspnqs103va type=+1 level=103.60  ...
Unknown model type pspnqs103va - ignored

Warning: Model issue on line 809 :
  .model xbgr.xm43:sg13g2_hv_pmos_psp_rf pspnqs103va type=-1 level=103.60  ...
Unknown model type pspnqs103va - ignored

Warning: Model issue on line 788 :
  .model xbgr.xm44:sg13g2_hv_nmos_psp_rf pspnqs103va type=+1 level=103.60  ...
Unknown model type pspnqs103va - ignored

Warning: Model issue on line 809 :
  .model xbgr.xm44:sg13g2_hv_pmos_psp_rf pspnqs103va type=-1 level=103.60  ...
Unknown model type pspnqs103va - ignored

Warning: Model issue on line 788 :
  .model xbgr.xm45:sg13g2_hv_nmos_psp_rf pspnqs103va type=+1 level=103.60  ...
Unknown model type pspnqs103va - ignored

Warning: Model issue on line 809 :
  .model xbgr.xm45:sg13g2_hv_pmos_psp_rf pspnqs103va type=-1 level=103.60  ...
Unknown model type pspnqs103va - ignored

Warning: Model issue on line 788 :
  .model xbgr.xm46:sg13g2_hv_nmos_psp_rf pspnqs103va type=+1 level=103.60  ...
Unknown model type pspnqs103va - ignored

Warning: Model issue on line 809 :
  .model xbgr.xm46:sg13g2_hv_pmos_psp_rf pspnqs103va type=-1 level=103.60  ...
Unknown model type pspnqs103va - ignored

Warning: Model issue on line 788 :
  .model xbgr.xm47:sg13g2_hv_nmos_psp_rf pspnqs103va type=+1 level=103.60  ...
Unknown model type pspnqs103va - ignored

Warning: Model issue on line 809 :
  .model xbgr.xm47:sg13g2_hv_pmos_psp_rf pspnqs103va type=-1 level=103.60  ...
Unknown model type pspnqs103va - ignored

Warning: Model issue on line 788 :
  .model xbgr.xm48:sg13g2_hv_nmos_psp_rf pspnqs103va type=+1 level=103.60  ...
Unknown model type pspnqs103va - ignored

Warning: Model issue on line 809 :
  .model xbgr.xm48:sg13g2_hv_pmos_psp_rf pspnqs103va type=-1 level=103.60  ...
Unknown model type pspnqs103va - ignored

Warning: Model issue on line 788 :
  .model xbgr.xm49:sg13g2_hv_nmos_psp_rf pspnqs103va type=+1 level=103.60  ...
Unknown model type pspnqs103va - ignored

Warning: Model issue on line 809 :
  .model xbgr.xm49:sg13g2_hv_pmos_psp_rf pspnqs103va type=-1 level=103.60  ...
Unknown model type pspnqs103va - ignored

Warning: Model issue on line 788 :
  .model xbgr.xm50:sg13g2_hv_nmos_psp_rf pspnqs103va type=+1 level=103.60  ...
Unknown model type pspnqs103va - ignored

Warning: Model issue on line 809 :
  .model xbgr.xm50:sg13g2_hv_pmos_psp_rf pspnqs103va type=-1 level=103.60  ...
Unknown model type pspnqs103va - ignored

Warning: Model issue on line 788 :
  .model xbgr.xm51:sg13g2_hv_nmos_psp_rf pspnqs103va type=+1 level=103.60  ...
Unknown model type pspnqs103va - ignored

Warning: Model issue on line 809 :
  .model xbgr.xm51:sg13g2_hv_pmos_psp_rf pspnqs103va type=-1 level=103.60  ...
Unknown model type pspnqs103va - ignored

Warning: Model issue on line 788 :
  .model xbgr.xm52:sg13g2_hv_nmos_psp_rf pspnqs103va type=+1 level=103.60  ...
Unknown model type pspnqs103va - ignored

Warning: Model issue on line 809 :
  .model xbgr.xm52:sg13g2_hv_pmos_psp_rf pspnqs103va type=-1 level=103.60  ...
Unknown model type pspnqs103va - ignored

Warning: Model issue on line 788 :
  .model xbgr.xm53:sg13g2_hv_nmos_psp_rf pspnqs103va type=+1 level=103.60  ...
Unknown model type pspnqs103va - ignored

Warning: Model issue on line 809 :
  .model xbgr.xm53:sg13g2_hv_pmos_psp_rf pspnqs103va type=-1 level=103.60  ...
Unknown model type pspnqs103va - ignored

Warning: Model issue on line 788 :
  .model xbgr.xm54:sg13g2_hv_nmos_psp_rf pspnqs103va type=+1 level=103.60  ...
Unknown model type pspnqs103va - ignored

Warning: Model issue on line 809 :
  .model xbgr.xm54:sg13g2_hv_pmos_psp_rf pspnqs103va type=-1 level=103.60  ...
Unknown model type pspnqs103va - ignored

Warning: Model issue on line 679 :
  .model xt2f.xm1:sg13g2_hv_nmos_psp_rf pspnqs103va type=+1 level=103.60 t ...
Unknown model type pspnqs103va - ignored

Warning: Model issue on line 700 :
  .model xt2f.xm1:sg13g2_hv_pmos_psp_rf pspnqs103va type=-1 level=103.60 t ...
Unknown model type pspnqs103va - ignored

Warning: Model issue on line 679 :
  .model xt2f.xm2:sg13g2_hv_nmos_psp_rf pspnqs103va type=+1 level=103.60 t ...
Unknown model type pspnqs103va - ignored

Warning: Model issue on line 700 :
  .model xt2f.xm2:sg13g2_hv_pmos_psp_rf pspnqs103va type=-1 level=103.60 t ...
Unknown model type pspnqs103va - ignored

Warning: Model issue on line 679 :
  .model xt2f.xm13:sg13g2_hv_nmos_psp_rf pspnqs103va type=+1 level=103.60  ...
Unknown model type pspnqs103va - ignored

Warning: Model issue on line 700 :
  .model xt2f.xm13:sg13g2_hv_pmos_psp_rf pspnqs103va type=-1 level=103.60  ...
Unknown model type pspnqs103va - ignored

Warning: Model issue on line 679 :
  .model xt2f.xm14:sg13g2_hv_nmos_psp_rf pspnqs103va type=+1 level=103.60  ...
Unknown model type pspnqs103va - ignored

Warning: Model issue on line 700 :
  .model xt2f.xm14:sg13g2_hv_pmos_psp_rf pspnqs103va type=-1 level=103.60  ...
Unknown model type pspnqs103va - ignored

Warning: Model issue on line 890 :
  .model xt2f.xm15:sg13g2_lv_nmos_psp_rf pspnqs103va type=+1 level=103.60  ...
Unknown model type pspnqs103va - ignored

Warning: Model issue on line 912 :
  .model xt2f.xm15:sg13g2_lv_pmos_psp_rf pspnqs103va type=-1 level=103.60  ...
Unknown model type pspnqs103va - ignored

Warning: Model issue on line 914 :
  .model xt2f.xm15:nmoscl_psp_rf pspnqs103va type=+1 tr=27.0 dta=0.0 swgeo ...
Unknown model type pspnqs103va - ignored

Warning: Model issue on line 779 :
  .model xt2f.xm16:sg13g2_lv_nmos_psp_rf pspnqs103va type=+1 level=103.60  ...
Unknown model type pspnqs103va - ignored

Warning: Model issue on line 801 :
  .model xt2f.xm16:sg13g2_lv_pmos_psp_rf pspnqs103va type=-1 level=103.60  ...
Unknown model type pspnqs103va - ignored

Warning: Model issue on line 803 :
  .model xt2f.xm16:nmoscl_psp_rf pspnqs103va type=+1 tr=27.0 dta=0.0 swgeo ...
Unknown model type pspnqs103va - ignored

Warning: Model issue on line 779 :
  .model xt2f.xm17:sg13g2_lv_nmos_psp_rf pspnqs103va type=+1 level=103.60  ...
Unknown model type pspnqs103va - ignored

Warning: Model issue on line 801 :
  .model xt2f.xm17:sg13g2_lv_pmos_psp_rf pspnqs103va type=-1 level=103.60  ...
Unknown model type pspnqs103va - ignored

Warning: Model issue on line 803 :
  .model xt2f.xm17:nmoscl_psp_rf pspnqs103va type=+1 tr=27.0 dta=0.0 swgeo ...
Unknown model type pspnqs103va - ignored

Warning: Model issue on line 890 :
  .model xt2f.xm18:sg13g2_lv_nmos_psp_rf pspnqs103va type=+1 level=103.60  ...
Unknown model type pspnqs103va - ignored

Warning: Model issue on line 912 :
  .model xt2f.xm18:sg13g2_lv_pmos_psp_rf pspnqs103va type=-1 level=103.60  ...
Unknown model type pspnqs103va - ignored

Warning: Model issue on line 914 :
  .model xt2f.xm18:nmoscl_psp_rf pspnqs103va type=+1 tr=27.0 dta=0.0 swgeo ...
Unknown model type pspnqs103va - ignored

Warning: Model issue on line 890 :
  .model xt2f.xm19:sg13g2_lv_nmos_psp_rf pspnqs103va type=+1 level=103.60  ...
Unknown model type pspnqs103va - ignored

Warning: Model issue on line 912 :
  .model xt2f.xm19:sg13g2_lv_pmos_psp_rf pspnqs103va type=-1 level=103.60  ...
Unknown model type pspnqs103va - ignored

Warning: Model issue on line 914 :
  .model xt2f.xm19:nmoscl_psp_rf pspnqs103va type=+1 tr=27.0 dta=0.0 swgeo ...
Unknown model type pspnqs103va - ignored

Warning: Model issue on line 788 :
  .model xt2f.xm20:sg13g2_hv_nmos_psp_rf pspnqs103va type=+1 level=103.60  ...
Unknown model type pspnqs103va - ignored

Warning: Model issue on line 809 :
  .model xt2f.xm20:sg13g2_hv_pmos_psp_rf pspnqs103va type=-1 level=103.60  ...
Unknown model type pspnqs103va - ignored

Warning: Model issue on line 788 :
  .model xt2f.xm21:sg13g2_hv_nmos_psp_rf pspnqs103va type=+1 level=103.60  ...
Unknown model type pspnqs103va - ignored

Warning: Model issue on line 809 :
  .model xt2f.xm21:sg13g2_hv_pmos_psp_rf pspnqs103va type=-1 level=103.60  ...
Unknown model type pspnqs103va - ignored

Warning: Model issue on line 788 :
  .model xt2f.xm22:sg13g2_hv_nmos_psp_rf pspnqs103va type=+1 level=103.60  ...
Unknown model type pspnqs103va - ignored

Warning: Model issue on line 809 :
  .model xt2f.xm22:sg13g2_hv_pmos_psp_rf pspnqs103va type=-1 level=103.60  ...
Unknown model type pspnqs103va - ignored

Warning: Model issue on line 679 :
  .model xt2f.xm23:sg13g2_hv_nmos_psp_rf pspnqs103va type=+1 level=103.60  ...
Unknown model type pspnqs103va - ignored

Warning: Model issue on line 700 :
  .model xt2f.xm23:sg13g2_hv_pmos_psp_rf pspnqs103va type=-1 level=103.60  ...
Unknown model type pspnqs103va - ignored

Warning: Model issue on line 679 :
  .model xt2f.xm24:sg13g2_hv_nmos_psp_rf pspnqs103va type=+1 level=103.60  ...
Unknown model type pspnqs103va - ignored

Warning: Model issue on line 700 :
  .model xt2f.xm24:sg13g2_hv_pmos_psp_rf pspnqs103va type=-1 level=103.60  ...
Unknown model type pspnqs103va - ignored

Warning: Model issue on line 679 :
  .model xt2f.xm25:sg13g2_hv_nmos_psp_rf pspnqs103va type=+1 level=103.60  ...
Unknown model type pspnqs103va - ignored

Warning: Model issue on line 700 :
  .model xt2f.xm25:sg13g2_hv_pmos_psp_rf pspnqs103va type=-1 level=103.60  ...
Unknown model type pspnqs103va - ignored

Warning: Model issue on line 788 :
  .model xt2f.xm26:sg13g2_hv_nmos_psp_rf pspnqs103va type=+1 level=103.60  ...
Unknown model type pspnqs103va - ignored

Warning: Model issue on line 809 :
  .model xt2f.xm26:sg13g2_hv_pmos_psp_rf pspnqs103va type=-1 level=103.60  ...
Unknown model type pspnqs103va - ignored

Warning: Model issue on line 788 :
  .model xt2f.xm27:sg13g2_hv_nmos_psp_rf pspnqs103va type=+1 level=103.60  ...
Unknown model type pspnqs103va - ignored

Warning: Model issue on line 809 :
  .model xt2f.xm27:sg13g2_hv_pmos_psp_rf pspnqs103va type=-1 level=103.60  ...
Unknown model type pspnqs103va - ignored

Warning: Model issue on line 788 :
  .model xt2f.xm28:sg13g2_hv_nmos_psp_rf pspnqs103va type=+1 level=103.60  ...
Unknown model type pspnqs103va - ignored

Warning: Model issue on line 809 :
  .model xt2f.xm28:sg13g2_hv_pmos_psp_rf pspnqs103va type=-1 level=103.60  ...
Unknown model type pspnqs103va - ignored

Warning: Model issue on line 788 :
  .model xt2f.xm29:sg13g2_hv_nmos_psp_rf pspnqs103va type=+1 level=103.60  ...
Unknown model type pspnqs103va - ignored

Warning: Model issue on line 809 :
  .model xt2f.xm29:sg13g2_hv_pmos_psp_rf pspnqs103va type=-1 level=103.60  ...
Unknown model type pspnqs103va - ignored

Warning: Model issue on line 788 :
  .model xt2f.xm30:sg13g2_hv_nmos_psp_rf pspnqs103va type=+1 level=103.60  ...
Unknown model type pspnqs103va - ignored

Warning: Model issue on line 809 :
  .model xt2f.xm30:sg13g2_hv_pmos_psp_rf pspnqs103va type=-1 level=103.60  ...
Unknown model type pspnqs103va - ignored

Warning: Model issue on line 788 :
  .model xt2f.xm31:sg13g2_hv_nmos_psp_rf pspnqs103va type=+1 level=103.60  ...
Unknown model type pspnqs103va - ignored

Warning: Model issue on line 809 :
  .model xt2f.xm31:sg13g2_hv_pmos_psp_rf pspnqs103va type=-1 level=103.60  ...
Unknown model type pspnqs103va - ignored

Warning: Model issue on line 788 :
  .model xt2f.xm32:sg13g2_hv_nmos_psp_rf pspnqs103va type=+1 level=103.60  ...
Unknown model type pspnqs103va - ignored

Warning: Model issue on line 809 :
  .model xt2f.xm32:sg13g2_hv_pmos_psp_rf pspnqs103va type=-1 level=103.60  ...
Unknown model type pspnqs103va - ignored

Warning: Model issue on line 788 :
  .model xt2f.xm33:sg13g2_hv_nmos_psp_rf pspnqs103va type=+1 level=103.60  ...
Unknown model type pspnqs103va - ignored

Warning: Model issue on line 809 :
  .model xt2f.xm33:sg13g2_hv_pmos_psp_rf pspnqs103va type=-1 level=103.60  ...
Unknown model type pspnqs103va - ignored

Warning: Model issue on line 788 :
  .model xt2f.xm34:sg13g2_hv_nmos_psp_rf pspnqs103va type=+1 level=103.60  ...
Unknown model type pspnqs103va - ignored

Warning: Model issue on line 809 :
  .model xt2f.xm34:sg13g2_hv_pmos_psp_rf pspnqs103va type=-1 level=103.60  ...
Unknown model type pspnqs103va - ignored

Warning: Model issue on line 788 :
  .model xt2f.xm35:sg13g2_hv_nmos_psp_rf pspnqs103va type=+1 level=103.60  ...
Unknown model type pspnqs103va - ignored

Warning: Model issue on line 809 :
  .model xt2f.xm35:sg13g2_hv_pmos_psp_rf pspnqs103va type=-1 level=103.60  ...
Unknown model type pspnqs103va - ignored

Warning: Model issue on line 679 :
  .model xt2f.xm36:sg13g2_hv_nmos_psp_rf pspnqs103va type=+1 level=103.60  ...
Unknown model type pspnqs103va - ignored

Warning: Model issue on line 700 :
  .model xt2f.xm36:sg13g2_hv_pmos_psp_rf pspnqs103va type=-1 level=103.60  ...
Unknown model type pspnqs103va - ignored

Warning: Model issue on line 679 :
  .model xt2f.xm37:sg13g2_hv_nmos_psp_rf pspnqs103va type=+1 level=103.60  ...
Unknown model type pspnqs103va - ignored

Warning: Model issue on line 700 :
  .model xt2f.xm37:sg13g2_hv_pmos_psp_rf pspnqs103va type=-1 level=103.60  ...
Unknown model type pspnqs103va - ignored

Warning: Model issue on line 679 :
  .model xt2f.xm38:sg13g2_hv_nmos_psp_rf pspnqs103va type=+1 level=103.60  ...
Unknown model type pspnqs103va - ignored

Warning: Model issue on line 700 :
  .model xt2f.xm38:sg13g2_hv_pmos_psp_rf pspnqs103va type=-1 level=103.60  ...
Unknown model type pspnqs103va - ignored

Warning: Model issue on line 679 :
  .model xt2f.xm39:sg13g2_hv_nmos_psp_rf pspnqs103va type=+1 level=103.60  ...
Unknown model type pspnqs103va - ignored

Warning: Model issue on line 700 :
  .model xt2f.xm39:sg13g2_hv_pmos_psp_rf pspnqs103va type=-1 level=103.60  ...
Unknown model type pspnqs103va - ignored

Warning: Model issue on line 788 :
  .model xt2f.xm46:sg13g2_hv_nmos_psp_rf pspnqs103va type=+1 level=103.60  ...
Unknown model type pspnqs103va - ignored

Warning: Model issue on line 809 :
  .model xt2f.xm46:sg13g2_hv_pmos_psp_rf pspnqs103va type=-1 level=103.60  ...
Unknown model type pspnqs103va - ignored

Warning: Model issue on line 788 :
  .model xt2f.xm47:sg13g2_hv_nmos_psp_rf pspnqs103va type=+1 level=103.60  ...
Unknown model type pspnqs103va - ignored

Warning: Model issue on line 809 :
  .model xt2f.xm47:sg13g2_hv_pmos_psp_rf pspnqs103va type=-1 level=103.60  ...
Unknown model type pspnqs103va - ignored

Warning: Model issue on line 788 :
  .model xt2f.xm48:sg13g2_hv_nmos_psp_rf pspnqs103va type=+1 level=103.60  ...
Unknown model type pspnqs103va - ignored

Warning: Model issue on line 809 :
  .model xt2f.xm48:sg13g2_hv_pmos_psp_rf pspnqs103va type=-1 level=103.60  ...
Unknown model type pspnqs103va - ignored

Warning: Model issue on line 788 :
  .model xt2f.xm49:sg13g2_hv_nmos_psp_rf pspnqs103va type=+1 level=103.60  ...
Unknown model type pspnqs103va - ignored

Warning: Model issue on line 809 :
  .model xt2f.xm49:sg13g2_hv_pmos_psp_rf pspnqs103va type=-1 level=103.60  ...
Unknown model type pspnqs103va - ignored

Warning: Model issue on line 679 :
  .model xt2f.xm50:sg13g2_hv_nmos_psp_rf pspnqs103va type=+1 level=103.60  ...
Unknown model type pspnqs103va - ignored

Warning: Model issue on line 700 :
  .model xt2f.xm50:sg13g2_hv_pmos_psp_rf pspnqs103va type=-1 level=103.60  ...
Unknown model type pspnqs103va - ignored

Warning: Model issue on line 679 :
  .model xt2f.xm51:sg13g2_hv_nmos_psp_rf pspnqs103va type=+1 level=103.60  ...
Unknown model type pspnqs103va - ignored

Warning: Model issue on line 700 :
  .model xt2f.xm51:sg13g2_hv_pmos_psp_rf pspnqs103va type=-1 level=103.60  ...
Unknown model type pspnqs103va - ignored

Warning: Model issue on line 679 :
  .model xt2f.xm52:sg13g2_hv_nmos_psp_rf pspnqs103va type=+1 level=103.60  ...
Unknown model type pspnqs103va - ignored

Warning: Model issue on line 700 :
  .model xt2f.xm52:sg13g2_hv_pmos_psp_rf pspnqs103va type=-1 level=103.60  ...
Unknown model type pspnqs103va - ignored

Warning: Model issue on line 679 :
  .model xt2f.xm53:sg13g2_hv_nmos_psp_rf pspnqs103va type=+1 level=103.60  ...
Unknown model type pspnqs103va - ignored

Warning: Model issue on line 700 :
  .model xt2f.xm53:sg13g2_hv_pmos_psp_rf pspnqs103va type=-1 level=103.60  ...
Unknown model type pspnqs103va - ignored

Warning: Model issue on line 679 :
  .model xt2f.xm54:sg13g2_hv_nmos_psp_rf pspnqs103va type=+1 level=103.60  ...
Unknown model type pspnqs103va - ignored

Warning: Model issue on line 700 :
  .model xt2f.xm54:sg13g2_hv_pmos_psp_rf pspnqs103va type=-1 level=103.60  ...
Unknown model type pspnqs103va - ignored

Warning: Model issue on line 679 :
  .model xt2f.xm55:sg13g2_hv_nmos_psp_rf pspnqs103va type=+1 level=103.60  ...
Unknown model type pspnqs103va - ignored

Warning: Model issue on line 700 :
  .model xt2f.xm55:sg13g2_hv_pmos_psp_rf pspnqs103va type=-1 level=103.60  ...
Unknown model type pspnqs103va - ignored

Warning: Model issue on line 679 :
  .model xt2f.xm56:sg13g2_hv_nmos_psp_rf pspnqs103va type=+1 level=103.60  ...
Unknown model type pspnqs103va - ignored

Warning: Model issue on line 700 :
  .model xt2f.xm56:sg13g2_hv_pmos_psp_rf pspnqs103va type=-1 level=103.60  ...
Unknown model type pspnqs103va - ignored

Warning: Model issue on line 679 :
  .model xt2f.xm57:sg13g2_hv_nmos_psp_rf pspnqs103va type=+1 level=103.60  ...
Unknown model type pspnqs103va - ignored

Warning: Model issue on line 700 :
  .model xt2f.xm57:sg13g2_hv_pmos_psp_rf pspnqs103va type=-1 level=103.60  ...
Unknown model type pspnqs103va - ignored

Warning: Model issue on line 679 :
  .model xt2f.xm58:sg13g2_hv_nmos_psp_rf pspnqs103va type=+1 level=103.60  ...
Unknown model type pspnqs103va - ignored

Warning: Model issue on line 700 :
  .model xt2f.xm58:sg13g2_hv_pmos_psp_rf pspnqs103va type=-1 level=103.60  ...
Unknown model type pspnqs103va - ignored

Warning: Model issue on line 679 :
  .model xt2f.xm59:sg13g2_hv_nmos_psp_rf pspnqs103va type=+1 level=103.60  ...
Unknown model type pspnqs103va - ignored

Warning: Model issue on line 700 :
  .model xt2f.xm59:sg13g2_hv_pmos_psp_rf pspnqs103va type=-1 level=103.60  ...
Unknown model type pspnqs103va - ignored

Warning: Model issue on line 679 :
  .model xt2f.xm60:sg13g2_hv_nmos_psp_rf pspnqs103va type=+1 level=103.60  ...
Unknown model type pspnqs103va - ignored

Warning: Model issue on line 700 :
  .model xt2f.xm60:sg13g2_hv_pmos_psp_rf pspnqs103va type=-1 level=103.60  ...
Unknown model type pspnqs103va - ignored

Warning: Model issue on line 679 :
  .model xt2f.xm61:sg13g2_hv_nmos_psp_rf pspnqs103va type=+1 level=103.60  ...
Unknown model type pspnqs103va - ignored

Warning: Model issue on line 700 :
  .model xt2f.xm61:sg13g2_hv_pmos_psp_rf pspnqs103va type=-1 level=103.60  ...
Unknown model type pspnqs103va - ignored

Warning: Model issue on line 679 :
  .model xt2f.xm62:sg13g2_hv_nmos_psp_rf pspnqs103va type=+1 level=103.60  ...
Unknown model type pspnqs103va - ignored

Warning: Model issue on line 700 :
  .model xt2f.xm62:sg13g2_hv_pmos_psp_rf pspnqs103va type=-1 level=103.60  ...
Unknown model type pspnqs103va - ignored

Warning: Model issue on line 679 :
  .model xt2f.xm63:sg13g2_hv_nmos_psp_rf pspnqs103va type=+1 level=103.60  ...
Unknown model type pspnqs103va - ignored

Warning: Model issue on line 700 :
  .model xt2f.xm63:sg13g2_hv_pmos_psp_rf pspnqs103va type=-1 level=103.60  ...
Unknown model type pspnqs103va - ignored

Warning: Model issue on line 679 :
  .model xt2f.xm64:sg13g2_hv_nmos_psp_rf pspnqs103va type=+1 level=103.60  ...
Unknown model type pspnqs103va - ignored

Warning: Model issue on line 700 :
  .model xt2f.xm64:sg13g2_hv_pmos_psp_rf pspnqs103va type=-1 level=103.60  ...
Unknown model type pspnqs103va - ignored

Warning: Model issue on line 679 :
  .model xt2f.xm65:sg13g2_hv_nmos_psp_rf pspnqs103va type=+1 level=103.60  ...
Unknown model type pspnqs103va - ignored

Warning: Model issue on line 700 :
  .model xt2f.xm65:sg13g2_hv_pmos_psp_rf pspnqs103va type=-1 level=103.60  ...
Unknown model type pspnqs103va - ignored

Warning: Model issue on line 679 :
  .model xt2f.xm66:sg13g2_hv_nmos_psp_rf pspnqs103va type=+1 level=103.60  ...
Unknown model type pspnqs103va - ignored

Warning: Model issue on line 700 :
  .model xt2f.xm66:sg13g2_hv_pmos_psp_rf pspnqs103va type=-1 level=103.60  ...
Unknown model type pspnqs103va - ignored

Warning: Model issue on line 679 :
  .model xt2f.xm67:sg13g2_hv_nmos_psp_rf pspnqs103va type=+1 level=103.60  ...
Unknown model type pspnqs103va - ignored

Warning: Model issue on line 700 :
  .model xt2f.xm67:sg13g2_hv_pmos_psp_rf pspnqs103va type=-1 level=103.60  ...
Unknown model type pspnqs103va - ignored

Warning: Model issue on line 679 :
  .model xt2f.xm68:sg13g2_hv_nmos_psp_rf pspnqs103va type=+1 level=103.60  ...
Unknown model type pspnqs103va - ignored

Warning: Model issue on line 700 :
  .model xt2f.xm68:sg13g2_hv_pmos_psp_rf pspnqs103va type=-1 level=103.60  ...
Unknown model type pspnqs103va - ignored

Warning: Model issue on line 679 :
  .model xt2f.xm69:sg13g2_hv_nmos_psp_rf pspnqs103va type=+1 level=103.60  ...
Unknown model type pspnqs103va - ignored

Warning: Model issue on line 700 :
  .model xt2f.xm69:sg13g2_hv_pmos_psp_rf pspnqs103va type=-1 level=103.60  ...
Unknown model type pspnqs103va - ignored

Warning: Model issue on line 679 :
  .model xt2f.xm70:sg13g2_hv_nmos_psp_rf pspnqs103va type=+1 level=103.60  ...
Unknown model type pspnqs103va - ignored

Warning: Model issue on line 700 :
  .model xt2f.xm70:sg13g2_hv_pmos_psp_rf pspnqs103va type=-1 level=103.60  ...
Unknown model type pspnqs103va - ignored

Warning: Model issue on line 679 :
  .model xt2f.xm71:sg13g2_hv_nmos_psp_rf pspnqs103va type=+1 level=103.60  ...
Unknown model type pspnqs103va - ignored

Warning: Model issue on line 700 :
  .model xt2f.xm71:sg13g2_hv_pmos_psp_rf pspnqs103va type=-1 level=103.60  ...
Unknown model type pspnqs103va - ignored

Warning: Model issue on line 679 :
  .model xt2f.xm72:sg13g2_hv_nmos_psp_rf pspnqs103va type=+1 level=103.60  ...
Unknown model type pspnqs103va - ignored

Warning: Model issue on line 700 :
  .model xt2f.xm72:sg13g2_hv_pmos_psp_rf pspnqs103va type=-1 level=103.60  ...
Unknown model type pspnqs103va - ignored

Warning: Model issue on line 679 :
  .model xt2f.xm73:sg13g2_hv_nmos_psp_rf pspnqs103va type=+1 level=103.60  ...
Unknown model type pspnqs103va - ignored

Warning: Model issue on line 700 :
  .model xt2f.xm73:sg13g2_hv_pmos_psp_rf pspnqs103va type=-1 level=103.60  ...
Unknown model type pspnqs103va - ignored

Warning: Model issue on line 679 :
  .model xt2f.xm74:sg13g2_hv_nmos_psp_rf pspnqs103va type=+1 level=103.60  ...
Unknown model type pspnqs103va - ignored

Warning: Model issue on line 700 :
  .model xt2f.xm74:sg13g2_hv_pmos_psp_rf pspnqs103va type=-1 level=103.60  ...
Unknown model type pspnqs103va - ignored

Warning: Model issue on line 679 :
  .model xt2f.xm75:sg13g2_hv_nmos_psp_rf pspnqs103va type=+1 level=103.60  ...
Unknown model type pspnqs103va - ignored

Warning: Model issue on line 700 :
  .model xt2f.xm75:sg13g2_hv_pmos_psp_rf pspnqs103va type=-1 level=103.60  ...
Unknown model type pspnqs103va - ignored

Warning: Model issue on line 679 :
  .model xt2f.xm76:sg13g2_hv_nmos_psp_rf pspnqs103va type=+1 level=103.60  ...
Unknown model type pspnqs103va - ignored

Warning: Model issue on line 700 :
  .model xt2f.xm76:sg13g2_hv_pmos_psp_rf pspnqs103va type=-1 level=103.60  ...
Unknown model type pspnqs103va - ignored

Warning: Model issue on line 788 :
  .model xt2f.xm77:sg13g2_hv_nmos_psp_rf pspnqs103va type=+1 level=103.60  ...
Unknown model type pspnqs103va - ignored

Warning: Model issue on line 809 :
  .model xt2f.xm77:sg13g2_hv_pmos_psp_rf pspnqs103va type=-1 level=103.60  ...
Unknown model type pspnqs103va - ignored

Warning: Model issue on line 788 :
  .model xt2f.xm78:sg13g2_hv_nmos_psp_rf pspnqs103va type=+1 level=103.60  ...
Unknown model type pspnqs103va - ignored

Warning: Model issue on line 809 :
  .model xt2f.xm78:sg13g2_hv_pmos_psp_rf pspnqs103va type=-1 level=103.60  ...
Unknown model type pspnqs103va - ignored

Warning: Model issue on line 788 :
  .model xt2f.xm79:sg13g2_hv_nmos_psp_rf pspnqs103va type=+1 level=103.60  ...
Unknown model type pspnqs103va - ignored

Warning: Model issue on line 809 :
  .model xt2f.xm79:sg13g2_hv_pmos_psp_rf pspnqs103va type=-1 level=103.60  ...
Unknown model type pspnqs103va - ignored

Warning: Model issue on line 788 :
  .model xt2f.xm80:sg13g2_hv_nmos_psp_rf pspnqs103va type=+1 level=103.60  ...
Unknown model type pspnqs103va - ignored

Warning: Model issue on line 809 :
  .model xt2f.xm80:sg13g2_hv_pmos_psp_rf pspnqs103va type=-1 level=103.60  ...
Unknown model type pspnqs103va - ignored

Warning: Model issue on line 788 :
  .model xt2f.xm81:sg13g2_hv_nmos_psp_rf pspnqs103va type=+1 level=103.60  ...
Unknown model type pspnqs103va - ignored

Warning: Model issue on line 809 :
  .model xt2f.xm81:sg13g2_hv_pmos_psp_rf pspnqs103va type=-1 level=103.60  ...
Unknown model type pspnqs103va - ignored

Warning: Model issue on line 788 :
  .model xt2f.xm82:sg13g2_hv_nmos_psp_rf pspnqs103va type=+1 level=103.60  ...
Unknown model type pspnqs103va - ignored

Warning: Model issue on line 809 :
  .model xt2f.xm82:sg13g2_hv_pmos_psp_rf pspnqs103va type=-1 level=103.60  ...
Unknown model type pspnqs103va - ignored

Warning: Model issue on line 788 :
  .model xt2f.xm83:sg13g2_hv_nmos_psp_rf pspnqs103va type=+1 level=103.60  ...
Unknown model type pspnqs103va - ignored

Warning: Model issue on line 809 :
  .model xt2f.xm83:sg13g2_hv_pmos_psp_rf pspnqs103va type=-1 level=103.60  ...
Unknown model type pspnqs103va - ignored

Warning: Model issue on line 788 :
  .model xt2f.xm84:sg13g2_hv_nmos_psp_rf pspnqs103va type=+1 level=103.60  ...
Unknown model type pspnqs103va - ignored

Warning: Model issue on line 809 :
  .model xt2f.xm84:sg13g2_hv_pmos_psp_rf pspnqs103va type=-1 level=103.60  ...
Unknown model type pspnqs103va - ignored

Warning: Model issue on line 788 :
  .model xt2f.xm85:sg13g2_hv_nmos_psp_rf pspnqs103va type=+1 level=103.60  ...
Unknown model type pspnqs103va - ignored

Warning: Model issue on line 809 :
  .model xt2f.xm85:sg13g2_hv_pmos_psp_rf pspnqs103va type=-1 level=103.60  ...
Unknown model type pspnqs103va - ignored

Warning: Model issue on line 788 :
  .model xt2f.xm86:sg13g2_hv_nmos_psp_rf pspnqs103va type=+1 level=103.60  ...
Unknown model type pspnqs103va - ignored

Warning: Model issue on line 809 :
  .model xt2f.xm86:sg13g2_hv_pmos_psp_rf pspnqs103va type=-1 level=103.60  ...
Unknown model type pspnqs103va - ignored

Warning: Model issue on line 788 :
  .model xt2f.xm87:sg13g2_hv_nmos_psp_rf pspnqs103va type=+1 level=103.60  ...
Unknown model type pspnqs103va - ignored

Warning: Model issue on line 809 :
  .model xt2f.xm87:sg13g2_hv_pmos_psp_rf pspnqs103va type=-1 level=103.60  ...
Unknown model type pspnqs103va - ignored

Warning: Model issue on line 788 :
  .model xt2f.xm88:sg13g2_hv_nmos_psp_rf pspnqs103va type=+1 level=103.60  ...
Unknown model type pspnqs103va - ignored

Warning: Model issue on line 809 :
  .model xt2f.xm88:sg13g2_hv_pmos_psp_rf pspnqs103va type=-1 level=103.60  ...
Unknown model type pspnqs103va - ignored

Warning: Model issue on line 788 :
  .model xt2f.xm89:sg13g2_hv_nmos_psp_rf pspnqs103va type=+1 level=103.60  ...
Unknown model type pspnqs103va - ignored

Warning: Model issue on line 809 :
  .model xt2f.xm89:sg13g2_hv_pmos_psp_rf pspnqs103va type=-1 level=103.60  ...
Unknown model type pspnqs103va - ignored

Warning: Model issue on line 788 :
  .model xt2f.xm90:sg13g2_hv_nmos_psp_rf pspnqs103va type=+1 level=103.60  ...
Unknown model type pspnqs103va - ignored

Warning: Model issue on line 809 :
  .model xt2f.xm90:sg13g2_hv_pmos_psp_rf pspnqs103va type=-1 level=103.60  ...
Unknown model type pspnqs103va - ignored

Warning: Model issue on line 890 :
  .model xt2f.xm91:sg13g2_lv_nmos_psp_rf pspnqs103va type=+1 level=103.60  ...
Unknown model type pspnqs103va - ignored

Warning: Model issue on line 912 :
  .model xt2f.xm91:sg13g2_lv_pmos_psp_rf pspnqs103va type=-1 level=103.60  ...
Unknown model type pspnqs103va - ignored

Warning: Model issue on line 914 :
  .model xt2f.xm91:nmoscl_psp_rf pspnqs103va type=+1 tr=27.0 dta=0.0 swgeo ...
Unknown model type pspnqs103va - ignored



The temperature limiting function received NaN.
Please check your power dissipation and improve your heat sink Rth!
    This message will be shown only once.

Note: Starting dynamic gmin stepping
Note: Dynamic gmin stepping completed
Doing analysis at TEMP = 125.000000 and TNOM = 27.000000

Using SPARSE 1.3 as Direct Linear Solver
 Reference value :  0.00000e+00Note: Starting dynamic gmin stepping
Note: Dynamic gmin stepping completed

No. of Data Rows : 1
@n.xbgr.xm34.nsg13_hv_nmos[delvto] = 1.102607841084468e-03
@n.xbgr.xr16.nr1[nsmm_rsh] = 2.090821347087780e+00
@q.xbgr.xq56.qnpn13g2[area] = 9.066203757998283e-01
@q.xt2f.xq42.qnpn13g2[area] = 1.045169256297633e+00
@c.xt2f.xc1.c1[scale] = 9.995499784470068e-01
Doing analysis at TEMP = 125.000000 and TNOM = 27.000000

Using SPARSE 1.3 as Direct Linear Solver

Initial Transient Solution
--------------------------

Node                                   Voltage
----                                   -------
sub!                                         0
vdd                                        3.3
vdd12                                      1.2
r4                                           0
en                                           0
mode                                         0
xbgr.n_23                             0.214316
xbgr.xr1.dt                                  0
xbgr.n_12                              3.03005
xbgr.det                               3.24562
xbgr.xr2.dt                                  0
xbgr.n_13                              2.59606
xbgr.n_24                              2.38084
xbgr.xr3.dt                                  0
xbgr.n_14                              2.16121
xbgr.xr4.dt                                  0
xbgr.n_26                              1.94803
xbgr.xr5.dt                                  0
xbgr.n_15                              1.73114
xbgr.xr6.dt                                  0
xbgr.n_27                              1.51135
xbgr.xr7.dt                                  0
xbgr.n_16                              1.29727
xbgr.xr8.dt                                  0
xbgr.n_21                              1.08285
xbgr.xr9.dt                                  0
xbgr.n_25                              2.81533
xbgr.xr10.dt                                 0
xbgr.xr11.dt                                 0
xbgr.n_17                             0.864129
xbgr.n_22                             0.649173
xbgr.xr12.dt                                 0
xbgr.n_18                             0.429319
xbgr.xr13.dt                                 0
xbgr.xr14.dt                                 0
xbgr.xr15.dt                                 0
dvbe                                 0.0781011
xbgr.xr16.dt                                 0
xbgr.n_7                               0.97706
vref                                    1.0561
xbgr.xr17.dt                                 0
xbgr.n_2                              0.819364
xbgr.n_36                             0.898304
xbgr.xr18.dt                                 0
xbgr.xr19.dt                                 0
xbgr.n_37                             0.740329
xbgr.xr20.dt                                 0
xbgr.n_8                              0.661329
xbgr.xr21.dt                                 0
xbgr.vbe3                             0.582015
xbgr.xr22.dt                                 0
xbgr.n_6                                1.3771
xbgr.vb2                               1.44929
xbgr.xr23.dt                                 0
xbgr.n_9                               1.23343
xbgr.vd1                               1.16159
xbgr.xr24.dt                                 0
xbgr.n_19                              1.30531
xbgr.xr25.dt                                 0
xbgr.xr26.dt                                 0
xbgr.kick                          4.02292e-07
xbgr.r4n                                   3.3
vbe                                   0.588034
xbgr.b1b                           4.00062e-08
pbias                                  2.28748
xbgr.n1                               0.611213
xbgr.c2                               0.687448
pcasc                                  1.53426
xbgr.d1                                2.54814
xbgr.d2                                2.56591
xbgr.d4                                2.54936
xbgr.d5                                2.54673
xbgr.d3                                2.55085
iptat                                        1
xbgr.xq55.s1                                 0
xbgr.xq55.t                                  0
xbgr.xq56.s1                       3.08496e-08
xbgr.xq56.t                          0.0421682
xbgr.xq57.s1                                 0
xbgr.xq57.t                                  0
xbgr.xq58.s1                                 0
xbgr.xq58.t                                  0
xbgr.xq59.s1                                 0
xbgr.xq59.t                                  0
xbgr.xq60.s1                       3.63608e-08
xbgr.xq60.t                            0.03529
xbgr.xq61.s1                                 0
xbgr.xq61.t                                  0
xbgr.vd2                              0.581066
xbgr.xq62.s1                       3.71619e-08
xbgr.xq62.t                          0.0343119
xbgr.xq63.s1                                 0
xbgr.xq63.t                                  0
xbgr.xq64.s1                                 0
xbgr.xq64.t                                  0
xbgr.xq65.s1                                 0
xbgr.xq65.t                                  0
xbgr.xq66.s1                                 0
xbgr.xq66.t                                  0
xbgr.xq67.s1                       3.15292e-08
xbgr.xq67.t                        5.81651e-07
xbgr.xq68.s1                       3.33604e-08
xbgr.xq68.t                         0.00492305
xbgr.xq69.s1                        3.7127e-08
xbgr.xq69.t                         0.00492305
xbgr.xq70.s1                       3.03774e-08
xbgr.xq70.t                         0.00492304
xbgr.xq71.s1                       3.76793e-08
xbgr.xq71.t                         0.00492305
xbgr.xq72.s1                       3.26733e-08
xbgr.xq72.t                         0.00492305
xbgr.xq73.s1                       3.36477e-08
xbgr.xq73.t                         0.00492305
xbgr.xq74.s1                        3.5484e-08
xbgr.xq74.t                         0.00492305
xbgr.xq75.s1                       3.77327e-08
xbgr.xq75.t                          0.0337608
xbgr.xq76.s1                       3.25598e-08
xbgr.xq76.t                         0.00492305
xbgr.n_4                               2.21217
xbgr.xr77.dt                                 0
xbgr.n_11                              1.60982
xbgr.n_34                               1.6855
xbgr.xr78.dt                                 0
xbgr.n_10                              1.76071
xbgr.xr79.dt                                 0
xbgr.n_3                               1.91097
xbgr.n_31                              1.98612
xbgr.xr80.dt                                 0
xbgr.n_33                              1.83555
xbgr.xr81.dt                                 0
xbgr.n_5                               2.06165
xbgr.xr82.dt                                 0
xbgr.n_30                              2.13661
xbgr.xr83.dt                                 0
xbgr.xr84.dt                                 0
xbgr.xr85.dt                                 0
xbgr.xr86.dt                                 0
xt2f.vth                               1.05606
xt2f.moden                                 3.3
xt2f.vr                                1.46822
xt2f.n2                                 1.3216
xt2f.xr3.dt                                  0
xt2f.n11                              0.146565
xt2f.xr4.dt                                  0
xt2f.n4                                1.17446
xt2f.xr5.dt                                  0
xt2f.n5                                1.02932
xt2f.xr6.dt                                  0
xt2f.n6                               0.881052
xt2f.n7                               0.733278
xt2f.xr7.dt                                  0
xt2f.n8                               0.585811
xt2f.xr8.dt                                  0
xt2f.n9                               0.439388
xt2f.xr9.dt                                  0
xt2f.n10                              0.293169
xt2f.xr10.dt                                 0
xt2f.xr11.dt                                 0
xt2f.xr12.dt                                 0
xt2f.cap1                          7.75281e-08
xt2f.d1g                                   3.3
xt2f.cap2                          8.02018e-08
xt2f.d2g                                   3.3
xt2f.fon                                   1.2
xt2f.lsb                           4.96686e-07
fout                               4.74756e-06
xt2f.lsa                                   1.2
xt2f.qn                                    3.3
xt2f.q                             3.29333e-07
xt2f.rn                                    3.3
xt2f.ni973                           0.0349719
xt2f.ni974                             2.73008
xt2f.sn                                    3.3
xt2f.isrc                              3.29999
xt2f.c2                            2.01067e-07
xt2f.c1                            1.88009e-07
xt2f.tail1                            0.448809
xt2f.nbias                            0.662245
xt2f.tail2                            0.450051
xt2f.xq40.s1                                 0
xt2f.xq40.t                                  0
xt2f.xq41.s1                                 0
xt2f.xq41.t                                  0
xt2f.ca1                               1.23053
xt2f.xq42.s1                       3.57345e-08
xt2f.xq42.t                          0.0957744
xt2f.cb2                               1.48519
xt2f.xq43.s1                       3.21147e-08
xt2f.xq43.t                        1.46183e-06
xt2f.ca2                               1.23302
xt2f.xq44.s1                       3.74038e-08
xt2f.xq44.t                          0.0926758
xt2f.cb1                               1.48868
xt2f.xq45.s1                         3.501e-08
xt2f.xq45.t                        1.46526e-06
xt2f.ob2                               3.29467
xt2f.oa2                               2.26255
xt2f.ob1                               3.29436
xt2f.oa1                               2.26613
xt2f.vcg                                2.3318
xt2f.a                             1.91505e-07
xt2f.ni961                             2.69522
xt2f.ni962                           0.0439554
xt2f.ni960                         1.64782e-07
xt2f.dr                                2.54739
xt2f.db                                 2.5448
xt2f.do                                3.29999
xt2f.xc1.1                         7.75281e-08
xt2f.xc2.1                         8.02018e-08
vload#branch                       5.73208e-06
vmode#branch                                 0
ven#branch                                   0
vr4#branch                                   0
vdd12#branch                      -7.21689e-09
vdd#branch                        -7.72286e-05
vsub#branch                                  0

 Reference value :  3.76400e-07 Reference value :  1.19624e-06 Reference value :  1.43028e-06 Reference value :  1.66979e-06 Reference value :  1.91353e-06 Reference value :  2.15542e-06 Reference value :  2.53045e-06 Reference value :  2.87550e-06 Reference value :  3.11895e-06 Reference value :  3.36165e-06 Reference value :  3.60386e-06 Reference value :  3.84679e-06 Reference value :  4.09033e-06 Reference value :  4.33316e-06 Reference value :  4.59564e-06 Reference value :  5.01414e-06 Reference value :  5.29569e-06 Reference value :  5.53826e-06 Reference value :  5.78126e-06 Reference value :  6.02344e-06 Reference value :  6.26836e-06 Reference value :  6.51477e-06 Reference value :  6.93599e-06 Reference value :  7.22988e-06 Reference value :  7.47369e-06 Reference value :  7.71653e-06 Reference value :  7.95880e-06 Reference value :  8.20314e-06 Reference value :  8.44563e-06 Reference value :  8.79157e-06 Reference value :  9.11157e-06 Reference value :  9.39903e-06 Reference value :  9.65114e-06 Reference value :  9.89329e-06 Reference value :  1.01358e-05 Reference value :  1.03777e-05 Reference value :  1.06203e-05 Reference value :  1.08622e-05 Reference value :  1.11060e-05 Reference value :  1.13485e-05 Reference value :  1.15935e-05 Reference value :  1.18449e-05 Reference value :  1.22538e-05 Reference value :  1.25483e-05 Reference value :  1.27961e-05 Reference value :  1.30389e-05 Reference value :  1.32810e-05 Reference value :  1.35237e-05 Reference value :  1.37657e-05 Reference value :  1.40103e-05 Reference value :  1.42526e-05 Reference value :  1.46382e-05 Reference value :  1.49729e-05 Reference value :  1.52159e-05 Reference value :  1.54587e-05 Reference value :  1.57007e-05 Reference value :  1.59433e-05 Reference value :  1.61852e-05 Reference value :  1.64300e-05 Reference value :  1.66739e-05 Reference value :  1.70727e-05 Reference value :  1.73859e-05 Reference value :  1.76343e-05 Reference value :  1.78711e-05 Reference value :  1.81188e-05 Reference value :  1.83618e-05 Reference value :  1.86033e-05 Reference value :  1.88462e-05 Reference value :  1.90883e-05 Reference value :  1.93330e-05 Reference value :  1.95751e-05 Reference value :  1.99810e-05 Reference value :  2.02953e-05 Reference value :  2.05386e-05 Reference value :  2.07815e-05 Reference value :  2.10238e-05 Reference value :  2.12679e-05 Reference value :  2.15103e-05 Reference value :  2.17581e-05 Reference value :  2.21416e-05 Reference value :  2.24724e-05 Reference value :  2.27163e-05 Reference value :  2.29583e-05 Reference value :  2.32013e-05 Reference value :  2.34433e-05 Reference value :  2.36856e-05 Reference value :  2.39285e-05 Reference value :  2.41723e-05 Reference value :  2.44167e-05 Reference value :  2.48499e-05 Reference value :  2.51325e-05 Reference value :  2.53772e-05 Reference value :  2.56201e-05 Reference value :  2.58621e-05 Reference value :  2.61048e-05 Reference value :  2.63466e-05 Reference value :  2.65913e-05 Reference value :  2.68331e-05 Reference value :  2.70792e-05 Reference value :  2.74543e-05 Reference value :  2.77955e-05 Reference value :  2.80393e-05 Reference value :  2.82813e-05 Reference value :  2.85242e-05 Reference value :  2.87663e-05 Reference value :  2.90109e-05 Reference value :  2.92541e-05 Reference value :  2.97038e-05 Reference value :  2.99736e-05 Reference value :  3.02164e-05 Reference value :  3.04594e-05 Reference value :  3.07015e-05 Reference value :  3.09459e-05 Reference value :  3.11879e-05 Reference value :  3.14406e-05 Reference value :  3.18793e-05
No. of Data Rows : 22089
@n.xbgr.xm34.nsg13_hv_nmos[delvto] = 1.102607841084468e-03
@n.xbgr.xr16.nr1[nsmm_rsh] = 2.090821347087780e+00
@q.xbgr.xq56.qnpn13g2[area] = 9.066203757998283e-01
@q.xt2f.xq42.qnpn13g2[area] = 1.045169256297633e+00
@c.xt2f.xc1.c1[scale] = 9.995499784470068e-01
t_a                 =  4.57178e-06
t_b                 =  1.23139e-05
freq = 2.066607802787750e+06
i33_avg             =  -8.74464e-05 from=  4.57178e-06 to=  1.23139e-05
i12_avg             =  -3.40900e-07 from=  4.57178e-06 to=  1.23139e-05
vref_avg            =  1.05621e+00 from=  4.57178e-06 to=  1.23139e-05
vth_avg             =  1.05617e+00 from=  4.57178e-06 to=  1.23139e-05
cap1_max            =  1.11521e+00 at=  5.53881e-06
fout_hi             =  1.21022e+00 at=  4.81367e-06
fout_lo             =  -5.78500e-03 at=  7.47488e-06
t_half_a            =  2.42028e-07 targ=  4.81381e-06 trig=  4.57178e-06
ngspice-47 done
