
Note: No compatibility mode selected!


Circuit: * g1_sense monte carlo: input-referred offset, mismatch models (mos lv+hv, rppd), 200 samples

Warning : Nodeset on non-existent node - xdut.iptat, ignored
   Please check line .nodeset v(vref_buf)=    1.040000000000000e+00     v(vped)=    1.000755000000000e+00     v(isense)=    1.000755000000000e+00     v(xdut.vp)=0.047 v(xdut.vn)=0.047 v(xdut.iptat)=0.76 v(xdut.xref.out1)=    2.510000000000000e+00     v(xdut.xbuf.out1)=    2.510000000000000e+00     v(xdut.xota.out1)=    2.510000000000000e+00     v(xdut.xref.mir)=    2.510000000000000e+00     v(xdut.xbuf.mir)=    2.510000000000000e+00     v(xdut.xota.mir)=    2.510000000000000e+00     v(xdut.xref.tail)=1.65 v(xdut.xbuf.tail)=1.65 v(xdut.xota.tail)=1.6 v(xdut.xref.fn)=0.2 v(xdut.xref.fp)=0.2 v(xdut.xbuf.fn)=0.2 v(xdut.xbuf.fp)=0.2 v(xdut.xota.fn)=0.2 v(xdut.xota.fp)=0.2

Doing analysis at TEMP = 27.000000 and TNOM = 27.000000

Using SPARSE 1.3 as Direct Linear Solver
Warning: singular matrix:  check nodes xdut.r2p_4 and xdut.r2p_1

Note: Starting dynamic gmin stepping
Note: Dynamic gmin stepping completed
 Reference value :  0.00000e+00
No. of Data Rows : 1
ROW t0_c-0.1_s0 0.999663 1.00106 1.03995 -0.0475688 -0.0476353 1.00111 -0.000983017 0.000962424 3.28541 0.0107164
Doing analysis at TEMP = 27.000000 and TNOM = 27.000000

Using SPARSE 1.3 as Direct Linear Solver
Warning: singular matrix:  check nodes n.xdut.xr2p18.nr1#i2 and n.xdut.xr2p17.nr1#i2

Note: Starting dynamic gmin stepping
OSDI(debug) n.xdut.xr2n19.nr1: WARNING: V(i1,c) voltage is greater than specified by vmax
OSDI(debug) n.xdut.xr2n18.nr1: WARNING: V(i2,c) voltage is greater than specified by vmax
Note: Dynamic gmin stepping completed
 Reference value :  0.00000e+00
No. of Data Rows : 1
ROW t0_c-0.1_s0.025 1.49936 1.00106 1.03995 -0.0356638 -0.035745 1.00111 -0.000995898 0.000967884 3.28522 0.0107772
Doing analysis at TEMP = 27.000000 and TNOM = 27.000000

Using SPARSE 1.3 as Direct Linear Solver
Warning: singular matrix:  check node xdut.r2n_18

Note: Starting dynamic gmin stepping
Note: Dynamic gmin stepping completed
 Reference value :  0.00000e+00
No. of Data Rows : 1
ROW t0_c-0.1_s0.05 1.99908 1.00106 1.03995 -0.023759 -0.0238539 1.00112 -0.00100841 0.000972981 3.28504 0.0108339
Doing analysis at TEMP = 27.000000 and TNOM = 27.000000

Using SPARSE 1.3 as Direct Linear Solver
Warning: singular matrix:  check node xdut.r2n_12

Note: Starting dynamic gmin stepping
Note: Dynamic gmin stepping completed
 Reference value :  0.00000e+00
No. of Data Rows : 1
ROW t0_c0_s0 0.999677 1.00106 1.03995 0.0476694 0.0476036 1.00111 -0.000982056 0.00096242 3.28543 0.0107163
Doing analysis at TEMP = 27.000000 and TNOM = 27.000000

Using SPARSE 1.3 as Direct Linear Solver
Warning: singular matrix:  check nodes n.xdut.xr2n9.nr1#i1 and n.xdut.xr2n13.nr1#i2

Note: Starting dynamic gmin stepping
Warning: Dynamic gmin stepping failed
Note: Starting true gmin stepping
Warning: singular matrix:  check node xdut.rd1_0

Warning: singular matrix:  check nodes n.xdut.xr2p13.nr1#i1 and n.xdut.xr2p12.nr1#i1

Warning: singular matrix:  check node xdut.r2n_18

Warning: singular matrix:  check nodes xdut.r2n_14 and n.xrl1.nr1#i2

Note: True gmin stepping completed
 Reference value :  0.00000e+00
No. of Data Rows : 1
ROW t0_c0_s0.025 1.49937 1.00106 1.03995 0.0595743 0.0594937 1.00111 -0.000994937 0.000967881 3.28524 0.0107772
Doing analysis at TEMP = 27.000000 and TNOM = 27.000000

Using SPARSE 1.3 as Direct Linear Solver
Warning: singular matrix:  check nodes n.xdut.xrd215.nr1#i2 and n.xdut.xrd233.nr1#i1

Note: Starting dynamic gmin stepping
Note: Dynamic gmin stepping completed
 Reference value :  0.00000e+00
No. of Data Rows : 1
ROW t0_c0_s0.05 1.9991 1.00106 1.03995 0.0714792 0.0713855 1.00112 -0.00100746 0.00097298 3.28505 0.0108339
Doing analysis at TEMP = 27.000000 and TNOM = 27.000000

Using SPARSE 1.3 as Direct Linear Solver
Warning: singular matrix:  check node n.xrl1.nr1#i2

Note: Starting dynamic gmin stepping
Note: Dynamic gmin stepping completed
 Reference value :  0.00000e+00
No. of Data Rows : 1
ROW t0_c0.3_s0 0.999724 1.00106 1.03995 0.333384 0.33332 1.00111 -0.000979173 0.000962409 3.28547 0.0107162
Doing analysis at TEMP = 27.000000 and TNOM = 27.000000

Using SPARSE 1.3 as Direct Linear Solver
Warning: singular matrix:  check node xdut.r2n_15

Note: Starting dynamic gmin stepping
OSDI(debug) n.xdut.xbuf.xrz.nr1: WARNING: V(i2,c) voltage is greater than specified by vmax
Note: Dynamic gmin stepping completed
 Reference value :  0.00000e+00
No. of Data Rows : 1
ROW t0_c0.3_s0.025 1.49942 1.00106 1.03995 0.345289 0.34521 1.00111 -0.000992054 0.000967869 3.28528 0.010777
Doing analysis at TEMP = 27.000000 and TNOM = 27.000000

Using SPARSE 1.3 as Direct Linear Solver
Note: Starting dynamic gmin stepping
OSDI(debug) n.xdut.xr2p12.nr1: WARNING: V(i2,c) voltage is greater than specified by vmax
OSDI(debug) n.xdut.xr2p9.nr1: WARNING: V(i1,c) voltage is greater than specified by vmax
OSDI(debug) n.xdut.xr2p8.nr1: WARNING: V(i1,c) voltage is greater than specified by vmax
OSDI(debug) n.xdut.xr2p8.nr1: WARNING: V(i2,c) voltage is greater than specified by vmax
OSDI(debug) n.xdut.xr2p7.nr1: WARNING: V(i1,c) voltage is greater than specified by vmax
OSDI(debug) n.xdut.xr2p7.nr1: WARNING: V(i2,c) voltage is greater than specified by vmax
OSDI(debug) n.xdut.xr2p6.nr1: WARNING: V(i1,c) voltage is greater than specified by vmax
OSDI(debug) n.xdut.xr2p6.nr1: WARNING: V(i2,c) voltage is greater than specified by vmax
OSDI(debug) n.xdut.xr2p5.nr1: WARNING: V(i1,c) voltage is greater than specified by vmax
OSDI(debug) n.xdut.xr2p5.nr1: WARNING: V(i2,c) voltage is greater than specified by vmax
OSDI(debug) n.xdut.xr2p4.nr1: WARNING: V(i1,c) voltage is greater than specified by vmax
OSDI(debug) n.xdut.xr2p4.nr1: WARNING: V(i2,c) voltage is greater than specified by vmax
OSDI(debug) n.xdut.xr2p3.nr1: WARNING: V(i1,c) voltage is greater than specified by vmax
OSDI(debug) n.xdut.xr2p3.nr1: WARNING: V(i2,c) voltage is greater than specified by vmax
OSDI(debug) n.xdut.xr2p2.nr1: WARNING: V(i1,c) voltage is greater than specified by vmax
OSDI(debug) n.xdut.xr2p2.nr1: WARNING: V(i2,c) voltage is greater than specified by vmax
OSDI(debug) n.xdut.xr2p1.nr1: WARNING: V(i2,c) voltage is greater than specified by vmax
OSDI(debug) n.xdut.xr1p0.nr1: WARNING: V(i1,c) voltage is greater than specified by vmax
OSDI(debug) n.xdut.xr2n19.nr1: WARNING: V(i1,c) voltage is greater than specified by vmax
OSDI(debug) n.xdut.xr2n19.nr1: WARNING: V(i2,c) voltage is greater than specified by vmax
OSDI(debug) n.xdut.xr2n18.nr1: WARNING: V(i1,c) voltage is greater than specified by vmax
OSDI(debug) n.xdut.xr2n18.nr1: WARNING: V(i2,c) voltage is greater than specified by vmax
OSDI(debug) n.xdut.xr2n17.nr1: WARNING: V(i1,c) voltage is greater than specified by vmax
OSDI(debug) n.xdut.xr2n17.nr1: WARNING: V(i2,c) voltage is greater than specified by vmax
OSDI(debug) n.xdut.xr2n16.nr1: WARNING: V(i1,c) voltage is greater than specified by vmax
OSDI(debug) n.xdut.xr2n16.nr1: WARNING: V(i2,c) voltage is greater than specified by vmax
OSDI(debug) n.xdut.xr2n15.nr1: WARNING: V(i2,c) voltage is greater than specified by vmax
OSDI(debug) n.xdut.xr2n12.nr1: WARNING: V(i1,c) voltage is greater than specified by vmax
OSDI(debug) n.xdut.xr2n11.nr1: WARNING: V(i1,c) voltage is greater than specified by vmax
OSDI(debug) n.xdut.xr2n11.nr1: WARNING: V(i2,c) voltage is greater than specified by vmax
OSDI(debug) n.xdut.xr2n10.nr1: WARNING: V(i1,c) voltage is greater than specified by vmax
OSDI(debug) n.xdut.xr2n10.nr1: WARNING: V(i2,c) voltage is greater than specified by vmax
OSDI(debug) n.xdut.xr2n9.nr1: WARNING: V(i1,c) voltage is greater than specified by vmax
OSDI(debug) n.xdut.xr2n9.nr1: WARNING: V(i2,c) voltage is greater than specified by vmax
OSDI(debug) n.xdut.xr2n8.nr1: WARNING: V(i1,c) voltage is greater than specified by vmax
OSDI(debug) n.xdut.xr2n8.nr1: WARNING: V(i2,c) voltage is greater than specified by vmax
OSDI(debug) n.xdut.xr2n7.nr1: WARNING: V(i1,c) voltage is greater than specified by vmax
OSDI(debug) n.xdut.xr2n7.nr1: WARNING: V(i2,c) voltage is greater than specified by vmax
OSDI(debug) n.xdut.xr2n6.nr1: WARNING: V(i1,c) voltage is greater than specified by vmax
OSDI(debug) n.xdut.xr2n6.nr1: WARNING: V(i2,c) voltage is greater than specified by vmax
OSDI(debug) n.xdut.xr2n5.nr1: WARNING: V(i1,c) voltage is greater than specified by vmax
OSDI(debug) n.xdut.xr2n5.nr1: WARNING: V(i2,c) voltage is greater than specified by vmax
OSDI(debug) n.xdut.xr2n4.nr1: WARNING: V(i1,c) voltage is greater than specified by vmax
OSDI(debug) n.xdut.xr2n4.nr1: WARNING: V(i2,c) voltage is greater than specified by vmax
OSDI(debug) n.xdut.xr2n3.nr1: WARNING: V(i1,c) voltage is greater than specified by vmax
OSDI(debug) n.xdut.xr2n3.nr1: WARNING: V(i2,c) voltage is greater than specified by vmax
OSDI(debug) n.xdut.xr2n2.nr1: WARNING: V(i1,c) voltage is greater than specified by vmax
OSDI(debug) n.xdut.xr2n2.nr1: WARNING: V(i2,c) voltage is greater than specified by vmax
OSDI(debug) n.xdut.xr2n1.nr1: WARNING: V(i1,c) voltage is greater than specified by vmax
OSDI(debug) n.xdut.xr2n1.nr1: WARNING: V(i2,c) voltage is greater than specified by vmax
OSDI(debug) n.xdut.xr2n0.nr1: WARNING: V(i2,c) voltage is greater than specified by vmax
OSDI(debug) n.xdut.xr1n0.nr1: WARNING: V(i1,c) voltage is greater than specified by vmax
OSDI(debug) n.xrl1.nr1: WARNING: V(i1,c) voltage is greater than specified by vmax
OSDI(debug) n.xdut.xref.xrz.nr1: WARNING: V(i1,c) voltage is greater than specified by vmax
OSDI(debug) n.xdut.xref.xrz.nr1: WARNING: V(i2,c) voltage is greater than specified by vmax
OSDI(debug) n.xdut.xbuf.xrz.nr1: WARNING: V(i1,c) voltage is greater than specified by vmax
OSDI(debug) n.xdut.xbuf.xrz.nr1: WARNING: V(i2,c) voltage is greater than specified by vmax
OSDI(debug) n.xdut.xota.xrz.nr1: WARNING: V(i1,c) voltage is greater than specified by vmax
OSDI(debug) n.xdut.xota.xrz.nr1: WARNING: V(i2,c) voltage is greater than specified by vmax
OSDI(debug) n.xdut.xrd250.nr1: WARNING: V(i1,c) voltage is greater than specified by vmax
OSDI(debug) n.xdut.xrd249.nr1: WARNING: V(i1,c) voltage is greater than specified by vmax
OSDI(debug) n.xdut.xrd249.nr1: WARNING: V(i2,c) voltage is greater than specified by vmax
OSDI(debug) n.xdut.xrd248.nr1: WARNING: V(i1,c) voltage is greater than specified by vmax
OSDI(debug) n.xdut.xrd248.nr1: WARNING: V(i2,c) voltage is greater than specified by vmax
OSDI(debug) n.xdut.xrd247.nr1: WARNING: V(i1,c) voltage is greater than specified by vmax
OSDI(debug) n.xdut.xrd247.nr1: WARNING: V(i2,c) voltage is greater than specified by vmax
OSDI(debug) n.xdut.xrd246.nr1: WARNING: V(i1,c) voltage is greater than specified by vmax
OSDI(debug) n.xdut.xrd246.nr1: WARNING: V(i2,c) voltage is greater than specified by vmax
OSDI(debug) n.xdut.xrd245.nr1: WARNING: V(i1,c) voltage is greater than specified by vmax
OSDI(debug) n.xdut.xrd245.nr1: WARNING: V(i2,c) voltage is greater than specified by vmax
OSDI(debug) n.xdut.xrd244.nr1: WARNING: V(i1,c) voltage is greater than specified by vmax
OSDI(debug) n.xdut.xrd244.nr1: WARNING: V(i2,c) voltage is greater than specified by vmax
OSDI(debug) n.xdut.xrd243.nr1: WARNING: V(i1,c) voltage is greater than specified by vmax
OSDI(debug) n.xdut.xrd243.nr1: WARNING: V(i2,c) voltage is greater than specified by vmax
OSDI(debug) n.xdut.xrd242.nr1: WARNING: V(i1,c) voltage is greater than specified by vmax
OSDI(debug) n.xdut.xrd242.nr1: WARNING: V(i2,c) voltage is greater than specified by vmax
OSDI(debug) n.xdut.xrd241.nr1: WARNING: V(i1,c) voltage is greater than specified by vmax
OSDI(debug) n.xdut.xrd241.nr1: WARNING: V(i2,c) voltage is greater than specified by vmax
OSDI(debug) n.xdut.xrd240.nr1: WARNING: V(i1,c) voltage is greater than specified by vmax
OSDI(debug) n.xdut.xrd240.nr1: WARNING: V(i2,c) voltage is greater than specified by vmax
OSDI(debug) n.xdut.xrd239.nr1: WARNING: V(i1,c) voltage is greater than specified by vmax
OSDI(debug) n.xdut.xrd239.nr1: WARNING: V(i2,c) voltage is greater than specified by vmax
OSDI(debug) n.xdut.xrd238.nr1: WARNING: V(i1,c) voltage is greater than specified by vmax
OSDI(debug) n.xdut.xrd238.nr1: WARNING: V(i2,c) voltage is greater than specified by vmax
OSDI(debug) n.xdut.xrd237.nr1: WARNING: V(i1,c) voltage is greater than specified by vmax
OSDI(debug) n.xdut.xrd237.nr1: WARNING: V(i2,c) voltage is greater than specified by vmax
OSDI(debug) n.xdut.xrd236.nr1: WARNING: V(i1,c) voltage is greater than specified by vmax
OSDI(debug) n.xdut.xrd236.nr1: WARNING: V(i2,c) voltage is greater than specified by vmax
OSDI(debug) n.xdut.xrd235.nr1: WARNING: V(i1,c) voltage is greater than specified by vmax
OSDI(debug) n.xdut.xrd235.nr1: WARNING: V(i2,c) voltage is greater than specified by vmax
OSDI(debug) n.xdut.xrd234.nr1: WARNING: V(i1,c) voltage is greater than specified by vmax
OSDI(debug) n.xdut.xrd234.nr1: WARNING: V(i2,c) voltage is greater than specified by vmax
OSDI(debug) n.xdut.xrd233.nr1: WARNING: V(i1,c) voltage is greater than specified by vmax
OSDI(debug) n.xdut.xrd233.nr1: WARNING: V(i2,c) voltage is greater than specified by vmax
OSDI(debug) n.xdut.xrd232.nr1: WARNING: V(i1,c) voltage is greater than specified by vmax
OSDI(debug) n.xdut.xrd232.nr1: WARNING: V(i2,c) voltage is greater than specified by vmax
OSDI(debug) n.xdut.xrd231.nr1: WARNING: V(i1,c) voltage is greater than specified by vmax
OSDI(debug) n.xdut.xrd231.nr1: WARNING: V(i2,c) voltage is greater than specified by vmax
OSDI(debug) n.xdut.xrd230.nr1: WARNING: V(i1,c) voltage is greater than specified by vmax
OSDI(debug) n.xdut.xrd230.nr1: WARNING: V(i2,c) voltage is greater than specified by vmax
OSDI(debug) n.xdut.xrd229.nr1: WARNING: V(i1,c) voltage is greater than specified by vmax
OSDI(debug) n.xdut.xrd229.nr1: WARNING: V(i2,c) voltage is greater than specified by vmax
OSDI(debug) n.xdut.xrd228.nr1: WARNING: V(i1,c) voltage is greater than specified by vmax
OSDI(debug) n.xdut.xrd228.nr1: WARNING: V(i2,c) voltage is greater than specified by vmax
OSDI(debug) n.xdut.xrd227.nr1: WARNING: V(i1,c) voltage is greater than specified by vmax
OSDI(debug) n.xdut.xrd227.nr1: WARNING: V(i2,c) voltage is greater than specified by vmax
OSDI(debug) n.xdut.xrd226.nr1: WARNING: V(i1,c) voltage is greater than specified by vmax
OSDI(debug) n.xdut.xrd226.nr1: WARNING: V(i2,c) voltage is greater than specified by vmax
OSDI(debug) n.xdut.xrd225.nr1: WARNING: V(i1,c) voltage is greater than specified by vmax
OSDI(debug) n.xdut.xrd225.nr1: WARNING: V(i2,c) voltage is greater than specified by vmax
OSDI(debug) n.xdut.xrd224.nr1: WARNING: V(i1,c) voltage is greater than specified by vmax
OSDI(debug) n.xdut.xrd224.nr1: WARNING: V(i2,c) voltage is greater than specified by vmax
OSDI(debug) n.xdut.xrd223.nr1: WARNING: V(i1,c) voltage is greater than specified by vmax
OSDI(debug) n.xdut.xrd223.nr1: WARNING: V(i2,c) voltage is greater than specified by vmax
OSDI(debug) n.xdut.xrd222.nr1: WARNING: V(i1,c) voltage is greater than specified by vmax
OSDI(debug) n.xdut.xrd222.nr1: WARNING: V(i2,c) voltage is greater than specified by vmax
OSDI(debug) n.xdut.xrd221.nr1: WARNING: V(i1,c) voltage is greater than specified by vmax
OSDI(debug) n.xdut.xrd221.nr1: WARNING: V(i2,c) voltage is greater than specified by vmax
OSDI(debug) n.xdut.xrd220.nr1: WARNING: V(i1,c) voltage is greater than specified by vmax
OSDI(debug) n.xdut.xrd220.nr1: WARNING: V(i2,c) voltage is greater than specified by vmax
OSDI(debug) n.xdut.xrd219.nr1: WARNING: V(i1,c) voltage is greater than specified by vmax
OSDI(debug) n.xdut.xrd219.nr1: WARNING: V(i2,c) voltage is greater than specified by vmax
OSDI(debug) n.xdut.xrd218.nr1: WARNING: V(i1,c) voltage is greater than specified by vmax
OSDI(debug) n.xdut.xrd218.nr1: WARNING: V(i2,c) voltage is greater than specified by vmax
OSDI(debug) n.xdut.xrd217.nr1: WARNING: V(i1,c) voltage is greater than specified by vmax
OSDI(debug) n.xdut.xrd217.nr1: WARNING: V(i2,c) voltage is greater than specified by vmax
OSDI(debug) n.xdut.xrd216.nr1: WARNING: V(i1,c) voltage is greater than specified by vmax
OSDI(debug) n.xdut.xrd216.nr1: WARNING: V(i2,c) voltage is greater than specified by vmax
OSDI(debug) n.xdut.xrd215.nr1: WARNING: V(i1,c) voltage is greater than specified by vmax
OSDI(debug) n.xdut.xrd215.nr1: WARNING: V(i2,c) voltage is greater than specified by vmax
OSDI(debug) n.xdut.xrd214.nr1: WARNING: V(i1,c) voltage is greater than specified by vmax
OSDI(debug) n.xdut.xrd214.nr1: WARNING: V(i2,c) voltage is greater than specified by vmax
OSDI(debug) n.xdut.xrd213.nr1: WARNING: V(i1,c) voltage is greater than specified by vmax
OSDI(debug) n.xdut.xrd213.nr1: WARNING: V(i2,c) voltage is greater than specified by vmax
OSDI(debug) n.xdut.xrd212.nr1: WARNING: V(i1,c) voltage is greater than specified by vmax
OSDI(debug) n.xdut.xrd212.nr1: WARNING: V(i2,c) voltage is greater than specified by vmax
OSDI(debug) n.xdut.xrd211.nr1: WARNING: V(i1,c) voltage is greater than specified by vmax
OSDI(debug) n.xdut.xrd211.nr1: WARNING: V(i2,c) voltage is greater than specified by vmax
OSDI(debug) n.xdut.xrd210.nr1: WARNING: V(i1,c) voltage is greater than specified by vmax
OSDI(debug) n.xdut.xrd210.nr1: WARNING: V(i2,c) voltage is greater than specified by vmax
OSDI(debug) n.xdut.xrd29.nr1: WARNING: V(i1,c) voltage is greater than specified by vmax
OSDI(debug) n.xdut.xrd29.nr1: WARNING: V(i2,c) voltage is greater than specified by vmax
OSDI(debug) n.xdut.xrd28.nr1: WARNING: V(i1,c) voltage is greater than specified by vmax
OSDI(debug) n.xdut.xrd28.nr1: WARNING: V(i2,c) voltage is greater than specified by vmax
OSDI(debug) n.xdut.xrd27.nr1: WARNING: V(i1,c) voltage is greater than specified by vmax
OSDI(debug) n.xdut.xrd27.nr1: WARNING: V(i2,c) voltage is greater than specified by vmax
OSDI(debug) n.xdut.xrd26.nr1: WARNING: V(i2,c) voltage is greater than specified by vmax
OSDI(debug) n.xdut.xrd25.nr1: WARNING: V(i1,c) voltage is greater than specified by vmax
OSDI(debug) n.xdut.xrd24.nr1: WARNING: V(i1,c) voltage is greater than specified by vmax
OSDI(debug) n.xdut.xrd24.nr1: WARNING: V(i2,c) voltage is greater than specified by vmax
OSDI(debug) n.xdut.xrd23.nr1: WARNING: V(i1,c) voltage is greater than specified by vmax
OSDI(debug) n.xdut.xrd23.nr1: WARNING: V(i2,c) voltage is greater than specified by vmax
OSDI(debug) n.xdut.xrd22.nr1: WARNING: V(i1,c) voltage is greater than specified by vmax
OSDI(debug) n.xdut.xrd22.nr1: WARNING: V(i2,c) voltage is greater than specified by vmax
OSDI(debug) n.xdut.xrd21.nr1: WARNING: V(i1,c) voltage is greater than specified by vmax
OSDI(debug) n.xdut.xrd21.nr1: WARNING: V(i2,c) voltage is greater than specified by vmax
OSDI(debug) n.xdut.xrd20.nr1: WARNING: V(i1,c) voltage is greater than specified by vmax
OSDI(debug) n.xdut.xrd20.nr1: WARNING: V(i2,c) voltage is greater than specified by vmax
OSDI(debug) n.xdut.xrd11.nr1: WARNING: V(i1,c) voltage is greater than specified by vmax
OSDI(debug) n.xdut.xrd11.nr1: WARNING: V(i2,c) voltage is greater than specified by vmax
OSDI(debug) n.xdut.xrd10.nr1: WARNING: V(i1,c) voltage is greater than specified by vmax
OSDI(debug) n.xdut.xrd10.nr1: WARNING: V(i2,c) voltage is greater than specified by vmax
OSDI(debug) n.xdut.xr2p19.nr1: WARNING: V(i1,c) voltage is greater than specified by vmax
OSDI(debug) n.xdut.xr2p19.nr1: WARNING: V(i2,c) voltage is greater than specified by vmax
OSDI(debug) n.xdut.xr2p18.nr1: WARNING: V(i1,c) voltage is greater than specified by vmax
OSDI(debug) n.xdut.xr2p18.nr1: WARNING: V(i2,c) voltage is greater than specified by vmax
OSDI(debug) n.xdut.xr2p17.nr1: WARNING: V(i1,c) voltage is greater than specified by vmax
OSDI(debug) n.xdut.xr2p17.nr1: WARNING: V(i2,c) voltage is greater than specified by vmax
OSDI(debug) n.xdut.xr2p16.nr1: WARNING: V(i1,c) voltage is greater than specified by vmax
OSDI(debug) n.xdut.xr2p16.nr1: WARNING: V(i2,c) voltage is greater than specified by vmax
OSDI(debug) n.xdut.xr2p15.nr1: WARNING: V(i1,c) voltage is greater than specified by vmax
OSDI(debug) n.xdut.xr2p15.nr1: WARNING: V(i2,c) voltage is greater than specified by vmax
OSDI(debug) n.xdut.xr2p14.nr1: WARNING: V(i1,c) voltage is greater than specified by vmax
OSDI(debug) n.xdut.xr2p14.nr1: WARNING: V(i2,c) voltage is greater than specified by vmax
OSDI(debug) n.xdut.xr2p13.nr1: WARNING: V(i1,c) voltage is greater than specified by vmax
OSDI(debug) n.xdut.xr2p13.nr1: WARNING: V(i2,c) voltage is greater than specified by vmax
Note: Dynamic gmin stepping completed
 Reference value :  0.00000e+00
No. of Data Rows : 1
ROW t0_c0.3_s0.05 1.99913 1.00106 1.03995 0.357194 0.357101 1.00112 -0.00100457 0.000972966 3.28509 0.0108338
QUALIFICATION_END
ngspice-46 done
