min_delay/hold group asynchronous

                                      Required    Actual
Endpoint                                 Delay     Delay     Slack
------------------------------------------------------------------
i_core.u_digital/_6782_/RESET_B (sg13g2_dfrbpq_1)    0.3688    0.7786    0.4099 (MET)

min_delay/hold group SCLK

                                      Required    Actual
Endpoint                                 Delay     Delay     Slack
------------------------------------------------------------------
i_core.u_digital/_6764_/D (sg13g2_dfrbpq_1)    0.6913    0.8862    0.1948 (MET)

min_delay/hold group osc_clk

                                      Required    Actual
Endpoint                                 Delay     Delay     Slack
------------------------------------------------------------------
i_core.u_digital/_6050_/D (sg13g2_dfrbpq_1)    0.4512    0.6635    0.2123 (MET)

max_delay/setup group asynchronous

                                      Required    Actual
Endpoint                                 Delay     Delay     Slack
------------------------------------------------------------------
i_core.u_digital/_6054_/RESET_B (sg13g2_dfrbpq_1)   99.7050    3.0769   96.6281 (MET)

max_delay/setup group SCLK

                                      Required    Actual
Endpoint                                 Delay     Delay     Slack
------------------------------------------------------------------
SDO (bidirect)                         79.5000   52.7202   26.7798 (MET)

max_delay/setup group osc_clk

                                      Required    Actual
Endpoint                                 Delay     Delay     Slack
------------------------------------------------------------------
i_core.u_digital/_5595_/D (sg13g2_dfrbpq_1)   99.8063    4.1253   95.6809 (MET)

