Clock SCLK
rise -> rise
    min     max
 0.0000  0.0000 source latency
 0.4571         network latency i_core.u_digital/_6765_/CLK
         0.5336 network latency i_core.u_digital/_5744_/CLK
---------------
 0.4571  0.5336 latency
         0.0765 skew

rise -> fall
    min     max
 0.0000  0.0000 source latency
 0.4844         network latency i_core.u_digital/_5706_/CLK
         0.5615 network latency i_core.u_digital/_5701_/CLK
---------------
 0.4844  0.5615 latency
         0.0771 skew

fall -> rise
    min     max
 0.0000  0.0000 source latency
 0.4683         network latency i_core.u_digital/_5706_/CLK
         0.5442 network latency i_core.u_digital/_5701_/CLK
---------------
 0.4683  0.5442 latency
         0.0759 skew

fall -> fall
    min     max
 0.0000  0.0000 source latency
 0.4394         network latency i_core.u_digital/_6765_/CLK
         0.5129 network latency i_core.u_digital/_5744_/CLK
---------------
 0.4394  0.5129 latency
         0.0735 skew


Clock osc_clk
rise -> rise
    min     max
 0.0000  0.0000 source latency
 0.2510         network latency i_core.u_digital/_6728_/CLK
         0.3577 network latency i_core.u_digital/_6134_/CLK
---------------
 0.2510  0.3577 latency
         0.1067 skew

fall -> fall
    min     max
 0.0000  0.0000 source latency
 0.2577         network latency i_core.u_digital/_6728_/CLK
         0.3683 network latency i_core.u_digital/_6120_/CLK
---------------
 0.2577  0.3683 latency
         0.1105 skew


