time="2026-09-23T08:14:24+02:00" level=warning msg="Network file system detected as backing store.  Enforcing overlay option `force_mask=\"700\"`.  Add it to storage.conf to silence this warning"
time="2026-09-23T08:14:25+02:00" level=warning msg="Network file system detected as backing store.  Enforcing overlay option `force_mask=\"700\"`.  Add it to storage.conf to silence this warning"
Resource enforcement: CPU affinity; memory reservation only (rootless cgroups v1).
time="2026-09-23T08:14:26+02:00" level=warning msg="Network file system detected as backing store.  Enforcing overlay option `force_mask=\"700\"`.  Add it to storage.conf to silence this warning"
{
  "status": "passed numerical startup",
  "runtime": {
    "command": [
      "stdbuf",
      "-o0",
      "-e0",
      "ngspice",
      "-b",
      "startup.cir"
    ],
    "started_utc": "2026-09-23T06:14:32.934928+00:00",
    "status": "completed",
    "timeout_s": 300,
    "runtime_arch": "x86_64",
    "stdio_unbuffered": true,
    "pid": 10,
    "wall_s": 17.977596655488014,
    "sampled_utc": "2026-09-23T06:14:50.910301+00:00",
    "log_bytes": 162636,
    "resources": {
      "VmHWM": "124824 kB",
      "VmRSS": "124716 kB",
      "Threads": "1"
    },
    "cpu_ticks": [
      "1604",
      "26"
    ],
    "last_reported_sim_time_s": 0.002997,
    "returncode": 0,
    "finished_utc": "2026-09-23T06:14:50.912988+00:00"
  },
  "errors": [],
  "startup_level_status": "passed",
  "hbt_vce_status": "passed",
  "full2842_pretransient_status": "not run: original UIC fixture has no operating-point initialization; none inserted",
  "not_run": [
    "Final native parasitics and actual downstream startup",
    "Startup-before-EN contract",
    "Foundry lifetime/model validity"
  ],
  "not_applicable": [
    "MC sample yield: mismatch disabled"
  ],
  "waveform_sha256": "ae561201bd54575be08f15f30bbe6316a24164aac6a1d4f2b8aa58914f43127a",
  "rows": 1584,
  "endpoint_s": 0.003,
  "vref_end_V": 1.041546946907468,
  "iptat_end_A": 6.253693497146542e-06,
  "current_peak_A": 0.0004838025526051428,
  "full2842_endpoint_status": "passed finite exact inventory order"
}
