# Logfile created on 2026-09-28 14:01:06 +0200 by logger.rb/v1.5.3
2026-09-28 14:01:06 +0200: Memory Usage (408392K) : Starting running IHP-SG13G2 KLayout DRC runset on /work/designs/g1-guardian/release/IHP__SoC1816/release/v.1.0.0/gds/SoC1816.gds
2026-09-28 14:01:06 +0200: Memory Usage (408392K) : Ruby Version for klayout: 3.2.3
2026-09-28 14:01:06 +0200: Memory Usage (445592K) : Loading database to memory is complete.
2026-09-28 14:01:06 +0200: Memory Usage (445592K) : IHP-SG13G2 KLayout DRC runset output at: ${BULK}/ihp-drc-SoC1816-20260928/full/SoC1816_SoC1816_pwellblock.lyrdb
2026-09-28 14:01:06 +0200: Memory Usage (445592K) : Evaluate switches.
2026-09-28 14:01:06 +0200: Memory Usage (445592K) : tables selected: pwellblock
2026-09-28 14:01:06 +0200: Memory Usage (445592K) : KLayout will use 128 thread(s) in tiling mode.
2026-09-28 14:01:06 +0200: Memory Usage (445592K) : deep mode is enabled.
2026-09-28 14:01:06 +0200: Memory Usage (445592K) : FEOL enabled: false
2026-09-28 14:01:06 +0200: Memory Usage (445592K) : BEOL enabled: false
2026-09-28 14:01:06 +0200: Memory Usage (445592K) : OFFGRID enabled: true
2026-09-28 14:01:06 +0200: Memory Usage (445592K) : ANGLE enabled: true
2026-09-28 14:01:06 +0200: Memory Usage (445592K) : PIN enabled: false
2026-09-28 14:01:06 +0200: Memory Usage (445592K) : FORBIDDEN enabled: false
2026-09-28 14:01:06 +0200: Memory Usage (445592K) : RECOMMENDED enabled: true
2026-09-28 14:01:06 +0200: Memory Usage (445592K) : PreCheck DRC enabled: false
2026-09-28 14:01:06 +0200: Memory Usage (445592K) : CONNECTIVITY_RULES enabled: false.
2026-09-28 14:01:06 +0200: Memory Usage (445592K) : Read in polygons from layers.
2026-09-28 14:01:06 +0200: Memory Usage (450144K) : activ_drw has 74668 polygons
2026-09-28 14:01:06 +0200: Memory Usage (450144K) : activ_pin has 0 polygons
2026-09-28 14:01:06 +0200: Memory Usage (450144K) : activ_mask has 308 polygons
2026-09-28 14:01:06 +0200: Memory Usage (450144K) : activ_filler has 28568 polygons
2026-09-28 14:01:06 +0200: Memory Usage (450144K) : activ_nofill has 19 polygons
2026-09-28 14:01:06 +0200: Memory Usage (450144K) : activ_opc has 0 polygons
2026-09-28 14:01:06 +0200: Memory Usage (450144K) : activ_iopc has 0 polygons
2026-09-28 14:01:06 +0200: Memory Usage (450144K) : activ_noqrc has 0 polygons
2026-09-28 14:01:06 +0200: Memory Usage (450144K) : biwind_drw has 0 polygons
2026-09-28 14:01:06 +0200: Memory Usage (450144K) : biwind_opc has 0 polygons
2026-09-28 14:01:06 +0200: Memory Usage (450144K) : pemwind_drw has 0 polygons
2026-09-28 14:01:06 +0200: Memory Usage (450936K) : gatpoly_drw has 82400 polygons
2026-09-28 14:01:06 +0200: Memory Usage (450936K) : gatpoly_pin has 1757 polygons
2026-09-28 14:01:06 +0200: Memory Usage (451200K) : gatpoly_filler has 30516 polygons
2026-09-28 14:01:06 +0200: Memory Usage (451200K) : gatpoly_nofill has 19 polygons
2026-09-28 14:01:06 +0200: Memory Usage (451328K) : gatpoly_opc has 0 polygons
2026-09-28 14:01:06 +0200: Memory Usage (451328K) : gatpoly_iopc has 0 polygons
2026-09-28 14:01:06 +0200: Memory Usage (451328K) : gatpoly_noqrc has 0 polygons
2026-09-28 14:01:07 +0200: Memory Usage (466108K) : cont_drw has 3621736 polygons
2026-09-28 14:01:07 +0200: Memory Usage (466108K) : cont_opc has 0 polygons
2026-09-28 14:01:07 +0200: Memory Usage (466108K) : nsd_drw has 60 polygons
2026-09-28 14:01:07 +0200: Memory Usage (466108K) : nsd_block has 308 polygons
2026-09-28 14:01:07 +0200: Memory Usage (466108K) : metal1_drw has 155442 polygons
2026-09-28 14:01:07 +0200: Memory Usage (466108K) : metal1_pin has 52555 polygons
2026-09-28 14:01:07 +0200: Memory Usage (466108K) : metal1_mask has 0 polygons
2026-09-28 14:01:07 +0200: Memory Usage (467008K) : metal1_filler has 49962 polygons
2026-09-28 14:01:07 +0200: Memory Usage (467008K) : metal1_nofill has 19 polygons
2026-09-28 14:01:07 +0200: Memory Usage (467008K) : metal1_slit has 0 polygons
2026-09-28 14:01:07 +0200: Memory Usage (467008K) : metal1_text has 43045 polygons
2026-09-28 14:01:07 +0200: Memory Usage (467008K) : metal1_opc has 0 polygons
2026-09-28 14:01:07 +0200: Memory Usage (467008K) : metal1_noqrc has 0 polygons
2026-09-28 14:01:07 +0200: Memory Usage (467008K) : metal1_res has 0 polygons
2026-09-28 14:01:07 +0200: Memory Usage (467008K) : metal1_iprobe has 0 polygons
2026-09-28 14:01:07 +0200: Memory Usage (467008K) : metal1_diffprb has 0 polygons
2026-09-28 14:01:07 +0200: Memory Usage (467008K) : passiv_drw has 35 polygons
2026-09-28 14:01:07 +0200: Memory Usage (467008K) : passiv_pin has 0 polygons
2026-09-28 14:01:07 +0200: Memory Usage (467008K) : passiv_sbump has 0 polygons
2026-09-28 14:01:07 +0200: Memory Usage (467008K) : passiv_pillar has 0 polygons
2026-09-28 14:01:07 +0200: Memory Usage (467008K) : passiv_pdl has 0 polygons
2026-09-28 14:01:07 +0200: Memory Usage (467008K) : metal2_drw has 83934 polygons
2026-09-28 14:01:07 +0200: Memory Usage (467008K) : metal2_pin has 1094 polygons
2026-09-28 14:01:07 +0200: Memory Usage (467008K) : metal2_mask has 0 polygons
2026-09-28 14:01:07 +0200: Memory Usage (468564K) : metal2_filler has 60648 polygons
2026-09-28 14:01:07 +0200: Memory Usage (468564K) : metal2_nofill has 20 polygons
2026-09-28 14:01:07 +0200: Memory Usage (468564K) : metal2_slit has 0 polygons
2026-09-28 14:01:07 +0200: Memory Usage (468564K) : metal2_text has 493 polygons
2026-09-28 14:01:07 +0200: Memory Usage (468564K) : metal2_opc has 0 polygons
2026-09-28 14:01:07 +0200: Memory Usage (468564K) : metal2_noqrc has 0 polygons
2026-09-28 14:01:07 +0200: Memory Usage (468564K) : metal2_res has 0 polygons
2026-09-28 14:01:07 +0200: Memory Usage (468564K) : metal2_iprobe has 0 polygons
2026-09-28 14:01:07 +0200: Memory Usage (468564K) : metal2_diffprb has 0 polygons
2026-09-28 14:01:07 +0200: Memory Usage (468564K) : baspoly_drw has 0 polygons
2026-09-28 14:01:07 +0200: Memory Usage (468564K) : baspoly_pin has 0 polygons
2026-09-28 14:01:07 +0200: Memory Usage (468564K) : psd_drw has 32936 polygons
2026-09-28 14:01:07 +0200: Memory Usage (468564K) : nldb_drw has 0 polygons
2026-09-28 14:01:07 +0200: Memory Usage (468564K) : digibnd_drw has 0 polygons
2026-09-28 14:01:07 +0200: Memory Usage (469356K) : via1_drw has 93132 polygons
2026-09-28 14:01:07 +0200: Memory Usage (469356K) : backmetal1_drw has 0 polygons
2026-09-28 14:01:07 +0200: Memory Usage (469356K) : backmetal1_pin has 0 polygons
2026-09-28 14:01:07 +0200: Memory Usage (469356K) : backmetal1_mask has 0 polygons
2026-09-28 14:01:07 +0200: Memory Usage (469356K) : backmetal1_filler has 0 polygons
2026-09-28 14:01:07 +0200: Memory Usage (469356K) : backmetal1_nofill has 0 polygons
2026-09-28 14:01:07 +0200: Memory Usage (469356K) : backmetal1_slit has 0 polygons
2026-09-28 14:01:07 +0200: Memory Usage (469356K) : backmetal1_text has 0 polygons
2026-09-28 14:01:07 +0200: Memory Usage (469356K) : backmetal1_opc has 0 polygons
2026-09-28 14:01:07 +0200: Memory Usage (469356K) : backmetal1_noqrc has 0 polygons
2026-09-28 14:01:07 +0200: Memory Usage (469356K) : backmetal1_res has 0 polygons
2026-09-28 14:01:07 +0200: Memory Usage (469356K) : backmetal1_iprobe has 0 polygons
2026-09-28 14:01:07 +0200: Memory Usage (469356K) : backmetal1_diffprb has 0 polygons
2026-09-28 14:01:07 +0200: Memory Usage (469356K) : backpassiv_drw has 0 polygons
2026-09-28 14:01:07 +0200: Memory Usage (469356K) : res_drw has 0 polygons
2026-09-28 14:01:07 +0200: Memory Usage (469356K) : sram_drw has 0 polygons
2026-09-28 14:01:07 +0200: Memory Usage (469356K) : trans_drw has 308 polygons
2026-09-28 14:01:07 +0200: Memory Usage (469356K) : ind_drw has 0 polygons
2026-09-28 14:01:07 +0200: Memory Usage (469356K) : ind_pin has 0 polygons
2026-09-28 14:01:07 +0200: Memory Usage (469356K) : ind_text has 0 polygons
2026-09-28 14:01:07 +0200: Memory Usage (469356K) : salblock_drw has 2041 polygons
2026-09-28 14:01:07 +0200: Memory Usage (470940K) : via2_drw has 113827 polygons
2026-09-28 14:01:07 +0200: Memory Usage (470940K) : metal3_drw has 45047 polygons
2026-09-28 14:01:07 +0200: Memory Usage (470940K) : metal3_pin has 1163 polygons
2026-09-28 14:01:08 +0200: Memory Usage (470940K) : metal3_mask has 0 polygons
2026-09-28 14:01:08 +0200: Memory Usage (470940K) : metal3_filler has 32154 polygons
2026-09-28 14:01:08 +0200: Memory Usage (470940K) : metal3_nofill has 28 polygons
2026-09-28 14:01:08 +0200: Memory Usage (470940K) : metal3_slit has 0 polygons
2026-09-28 14:01:08 +0200: Memory Usage (470940K) : metal3_text has 1161 polygons
2026-09-28 14:01:08 +0200: Memory Usage (470940K) : metal3_opc has 0 polygons
2026-09-28 14:01:08 +0200: Memory Usage (470940K) : metal3_noqrc has 0 polygons
2026-09-28 14:01:08 +0200: Memory Usage (470940K) : metal3_res has 0 polygons
2026-09-28 14:01:08 +0200: Memory Usage (470940K) : metal3_iprobe has 0 polygons
2026-09-28 14:01:08 +0200: Memory Usage (470940K) : metal3_diffprb has 0 polygons
2026-09-28 14:01:08 +0200: Memory Usage (471468K) : nwell_drw has 14108 polygons
2026-09-28 14:01:08 +0200: Memory Usage (471468K) : nwell_pin has 0 polygons
2026-09-28 14:01:08 +0200: Memory Usage (471468K) : nbulay_drw has 0 polygons
2026-09-28 14:01:08 +0200: Memory Usage (471468K) : nbulay_pin has 0 polygons
2026-09-28 14:01:08 +0200: Memory Usage (471468K) : nbulay_block has 0 polygons
2026-09-28 14:01:08 +0200: Memory Usage (471468K) : emwind_drw has 308 polygons
2026-09-28 14:01:08 +0200: Memory Usage (471468K) : emwind_opc has 0 polygons
2026-09-28 14:01:08 +0200: Memory Usage (471468K) : deepco_drw has 0 polygons
2026-09-28 14:01:08 +0200: Memory Usage (471468K) : deepco_drw has 0 polygons
2026-09-28 14:01:08 +0200: Memory Usage (471468K) : mim_drw has 19 polygons
2026-09-28 14:01:08 +0200: Memory Usage (471468K) : edgeseal_drw has 11 polygons
2026-09-28 14:01:08 +0200: Memory Usage (471468K) : edgeseal_bound has 1 polygons
2026-09-28 14:01:08 +0200: Memory Usage (471468K) : substrate_drw has 1448 polygons
2026-09-28 14:01:08 +0200: Memory Usage (471468K) : substrate_text has 0 polygons
2026-09-28 14:01:08 +0200: Memory Usage (471468K) : dfpad_drw has 24 polygons
2026-09-28 14:01:08 +0200: Memory Usage (471468K) : dfpad_pillar has 0 polygons
2026-09-28 14:01:08 +0200: Memory Usage (471468K) : dfpad_sbump has 0 polygons
2026-09-28 14:01:08 +0200: Memory Usage (471468K) : thickgateox_drw has 2077 polygons
2026-09-28 14:01:08 +0200: Memory Usage (471468K) : pldb_drw has 0 polygons
2026-09-28 14:01:08 +0200: Memory Usage (471468K) : pwell_drw has 0 polygons
2026-09-28 14:01:08 +0200: Memory Usage (471468K) : pwell_pin has 0 polygons
2026-09-28 14:01:08 +0200: Memory Usage (471468K) : pwell_block has 0 polygons
2026-09-28 14:01:08 +0200: Memory Usage (471468K) : ic_drw has 0 polygons
2026-09-28 14:01:08 +0200: Memory Usage (471468K) : via3_drw has 60213 polygons
2026-09-28 14:01:08 +0200: Memory Usage (471468K) : metal4_drw has 10171 polygons
2026-09-28 14:01:08 +0200: Memory Usage (471468K) : metal4_pin has 1045 polygons
2026-09-28 14:01:08 +0200: Memory Usage (471468K) : metal4_mask has 0 polygons
2026-09-28 14:01:08 +0200: Memory Usage (471468K) : metal4_filler has 32361 polygons
2026-09-28 14:01:08 +0200: Memory Usage (471468K) : metal4_nofill has 22 polygons
2026-09-28 14:01:08 +0200: Memory Usage (471468K) : metal4_slit has 0 polygons
2026-09-28 14:01:08 +0200: Memory Usage (471468K) : metal4_text has 1044 polygons
2026-09-28 14:01:08 +0200: Memory Usage (471468K) : metal4_opc has 0 polygons
2026-09-28 14:01:08 +0200: Memory Usage (471468K) : metal4_noqrc has 0 polygons
2026-09-28 14:01:08 +0200: Memory Usage (471468K) : metal4_res has 0 polygons
2026-09-28 14:01:08 +0200: Memory Usage (471468K) : metal4_iprobe has 0 polygons
2026-09-28 14:01:08 +0200: Memory Usage (471468K) : metal4_diffprb has 0 polygons
2026-09-28 14:01:08 +0200: Memory Usage (471468K) : heattrans_drw has 2991 polygons
2026-09-28 14:01:08 +0200: Memory Usage (471468K) : heatres_drw has 1627 polygons
2026-09-28 14:01:08 +0200: Memory Usage (471468K) : pempoly_drw has 0 polygons
2026-09-28 14:01:08 +0200: Memory Usage (471468K) : fbe_drw has 0 polygons
2026-09-28 14:01:08 +0200: Memory Usage (471468K) : empoly_drw has 0 polygons
2026-09-28 14:01:08 +0200: Memory Usage (471468K) : ldmos_drw has 0 polygons
2026-09-28 14:01:08 +0200: Memory Usage (471468K) : pbiwind_drw has 0 polygons
2026-09-28 14:01:08 +0200: Memory Usage (471732K) : digisub_drw has 0 polygons
2026-09-28 14:01:08 +0200: Memory Usage (471732K) : nodrc_drw has 0 polygons
2026-09-28 14:01:08 +0200: Memory Usage (472260K) : text_drw has 3355 polygons
2026-09-28 14:01:09 +0200: Memory Usage (472524K) : via4_drw has 62183 polygons
2026-09-28 14:01:09 +0200: Memory Usage (472524K) : metal5_drw has 3901 polygons
2026-09-28 14:01:09 +0200: Memory Usage (472524K) : metal5_pin has 1032 polygons
2026-09-28 14:01:09 +0200: Memory Usage (472524K) : metal5_mask has 0 polygons
2026-09-28 14:01:09 +0200: Memory Usage (473316K) : metal5_filler has 33156 polygons
2026-09-28 14:01:09 +0200: Memory Usage (473316K) : metal5_nofill has 22 polygons
2026-09-28 14:01:09 +0200: Memory Usage (473316K) : metal5_slit has 0 polygons
2026-09-28 14:01:09 +0200: Memory Usage (473316K) : metal5_text has 1032 polygons
2026-09-28 14:01:09 +0200: Memory Usage (473316K) : metal5_opc has 0 polygons
2026-09-28 14:01:09 +0200: Memory Usage (473316K) : metal5_noqrc has 0 polygons
2026-09-28 14:01:09 +0200: Memory Usage (473316K) : metal5_res has 0 polygons
2026-09-28 14:01:09 +0200: Memory Usage (473316K) : metal5_iprobe has 0 polygons
2026-09-28 14:01:09 +0200: Memory Usage (473316K) : metal5_diffprb has 0 polygons
2026-09-28 14:01:09 +0200: Memory Usage (473316K) : radhard_drw has 0 polygons
2026-09-28 14:01:09 +0200: Memory Usage (473316K) : memcap_drw has 0 polygons
2026-09-28 14:01:09 +0200: Memory Usage (473316K) : varicap_drw has 0 polygons
2026-09-28 14:01:09 +0200: Memory Usage (473316K) : flash_drw has 0 polygons
2026-09-28 14:01:09 +0200: Memory Usage (473316K) : intbondvia_drw has 0 polygons
2026-09-28 14:01:09 +0200: Memory Usage (473316K) : intbondmet_drw has 0 polygons
2026-09-28 14:01:09 +0200: Memory Usage (473316K) : devbondvia_drw has 0 polygons
2026-09-28 14:01:09 +0200: Memory Usage (473316K) : devbondmet_drw has 0 polygons
2026-09-28 14:01:09 +0200: Memory Usage (473316K) : devtrench_drw has 0 polygons
2026-09-28 14:01:09 +0200: Memory Usage (473316K) : redist_drw has 0 polygons
2026-09-28 14:01:09 +0200: Memory Usage (473316K) : graphbot_drw has 0 polygons
2026-09-28 14:01:09 +0200: Memory Usage (473316K) : graphtop_drw has 0 polygons
2026-09-28 14:01:09 +0200: Memory Usage (473316K) : antvia1_drw has 0 polygons
2026-09-28 14:01:09 +0200: Memory Usage (473316K) : antmetal2_drw has 0 polygons
2026-09-28 14:01:09 +0200: Memory Usage (473316K) : graphcont_drw has 0 polygons
2026-09-28 14:01:09 +0200: Memory Usage (473316K) : siwg_drw has 0 polygons
2026-09-28 14:01:09 +0200: Memory Usage (473316K) : siwg_filler has 0 polygons
2026-09-28 14:01:09 +0200: Memory Usage (473316K) : siwg_nofill has 0 polygons
2026-09-28 14:01:09 +0200: Memory Usage (473316K) : sigrating_drw has 0 polygons
2026-09-28 14:01:09 +0200: Memory Usage (473316K) : singrating_drw has 0 polygons
2026-09-28 14:01:09 +0200: Memory Usage (473316K) : graphpas_drw has 0 polygons
2026-09-28 14:01:09 +0200: Memory Usage (473316K) : emwind3_drw has 0 polygons
2026-09-28 14:01:09 +0200: Memory Usage (473316K) : emwihv3_drw has 0 polygons
2026-09-28 14:01:09 +0200: Memory Usage (473316K) : redbulay_drw has 0 polygons
2026-09-28 14:01:09 +0200: Memory Usage (473316K) : smos_drw has 0 polygons
2026-09-28 14:01:09 +0200: Memory Usage (473316K) : graphpad_drw has 0 polygons
2026-09-28 14:01:09 +0200: Memory Usage (473316K) : polimide_drw has 0 polygons
2026-09-28 14:01:09 +0200: Memory Usage (473316K) : polimide_pin has 0 polygons
2026-09-28 14:01:09 +0200: Memory Usage (473316K) : recog_drw has 0 polygons
2026-09-28 14:01:09 +0200: Memory Usage (473316K) : recog_pin has 0 polygons
2026-09-28 14:01:09 +0200: Memory Usage (473316K) : recog_esd has 0 polygons
2026-09-28 14:01:09 +0200: Memory Usage (474108K) : recog_diode has 144 polygons
2026-09-28 14:01:09 +0200: Memory Usage (474108K) : recog_tsv has 0 polygons
2026-09-28 14:01:09 +0200: Memory Usage (474108K) : recog_iprobe has 0 polygons
2026-09-28 14:01:09 +0200: Memory Usage (474108K) : recog_diffprb has 0 polygons
2026-09-28 14:01:09 +0200: Memory Usage (474108K) : recog_pillar has 0 polygons
2026-09-28 14:01:09 +0200: Memory Usage (474108K) : recog_sbump has 0 polygons
2026-09-28 14:01:09 +0200: Memory Usage (474108K) : recog_otp has 0 polygons
2026-09-28 14:01:09 +0200: Memory Usage (474108K) : recog_pdiode has 0 polygons
2026-09-28 14:01:09 +0200: Memory Usage (474108K) : recog_mom has 0 polygons
2026-09-28 14:01:09 +0200: Memory Usage (474108K) : recog_pcm has 0 polygons
2026-09-28 14:01:09 +0200: Memory Usage (474108K) : colopen_drw has 0 polygons
2026-09-28 14:01:09 +0200: Memory Usage (474108K) : graphmetal1_drw has 0 polygons
2026-09-28 14:01:09 +0200: Memory Usage (474108K) : graphmetal1_filler has 0 polygons
2026-09-28 14:01:09 +0200: Memory Usage (474108K) : graphmetal1_nofill has 0 polygons
2026-09-28 14:01:09 +0200: Memory Usage (474108K) : graphmetal1_slit has 0 polygons
2026-09-28 14:01:09 +0200: Memory Usage (474108K) : graphmetal1_opc has 0 polygons
2026-09-28 14:01:09 +0200: Memory Usage (474108K) : graphmet1l_drw has 0 polygons
2026-09-28 14:01:09 +0200: Memory Usage (474108K) : graphmet1l_filler has 0 polygons
2026-09-28 14:01:09 +0200: Memory Usage (474108K) : graphmet1l_nofill has 0 polygons
2026-09-28 14:01:09 +0200: Memory Usage (474108K) : graphmet1l_slit has 0 polygons
2026-09-28 14:01:09 +0200: Memory Usage (474108K) : graphmet1l_opc has 0 polygons
2026-09-28 14:01:09 +0200: Memory Usage (474108K) : extblock_drw has 6096 polygons
2026-09-28 14:01:09 +0200: Memory Usage (474108K) : nldd_drw has 0 polygons
2026-09-28 14:01:09 +0200: Memory Usage (474108K) : pldd_drw has 0 polygons
2026-09-28 14:01:09 +0200: Memory Usage (474108K) : next_drw has 0 polygons
2026-09-28 14:01:09 +0200: Memory Usage (474108K) : pext_drw has 0 polygons
2026-09-28 14:01:09 +0200: Memory Usage (474108K) : nexthv_drw has 0 polygons
2026-09-28 14:01:09 +0200: Memory Usage (474108K) : pexthv_drw has 0 polygons
2026-09-28 14:01:09 +0200: Memory Usage (474108K) : graphgate_drw has 0 polygons
2026-09-28 14:01:09 +0200: Memory Usage (474108K) : sinwg_drw has 0 polygons
2026-09-28 14:01:09 +0200: Memory Usage (474108K) : sinwg_filler has 0 polygons
2026-09-28 14:01:09 +0200: Memory Usage (474108K) : sinwg_nofill has 0 polygons
2026-09-28 14:01:09 +0200: Memory Usage (474108K) : mempad_drw has 0 polygons
2026-09-28 14:01:09 +0200: Memory Usage (474372K) : topvia1_drw has 58355 polygons
2026-09-28 14:01:09 +0200: Memory Usage (474372K) : topmetal1_drw has 1934 polygons
2026-09-28 14:01:10 +0200: Memory Usage (474372K) : topmetal1_pin has 1065 polygons
2026-09-28 14:01:10 +0200: Memory Usage (474372K) : topmetal1_mask has 0 polygons
2026-09-28 14:01:10 +0200: Memory Usage (474372K) : topmetal1_filler has 5640 polygons
2026-09-28 14:01:10 +0200: Memory Usage (474372K) : topmetal1_nofill has 26 polygons
2026-09-28 14:01:10 +0200: Memory Usage (474372K) : topmetal1_slit has 0 polygons
2026-09-28 14:01:10 +0200: Memory Usage (474372K) : topmetal1_text has 1035 polygons
2026-09-28 14:01:10 +0200: Memory Usage (474372K) : topmetal1_noqrc has 0 polygons
2026-09-28 14:01:10 +0200: Memory Usage (474372K) : topmetal1_res has 0 polygons
2026-09-28 14:01:10 +0200: Memory Usage (474372K) : topmetal1_iprobe has 0 polygons
2026-09-28 14:01:10 +0200: Memory Usage (474372K) : topmetal1_diffprb has 0 polygons
2026-09-28 14:01:10 +0200: Memory Usage (474372K) : inldpwl_drw has 0 polygons
2026-09-28 14:01:10 +0200: Memory Usage (474372K) : polyres_drw has 1693 polygons
2026-09-28 14:01:10 +0200: Memory Usage (474372K) : polyres_pin has 0 polygons
2026-09-28 14:01:10 +0200: Memory Usage (474372K) : vmim_drw has 6316 polygons
2026-09-28 14:01:10 +0200: Memory Usage (474372K) : nbulaycut_drw has 0 polygons
2026-09-28 14:01:10 +0200: Memory Usage (474372K) : antmetal1_drw has 0 polygons
2026-09-28 14:01:10 +0200: Memory Usage (474372K) : topvia2_drw has 40175 polygons
2026-09-28 14:01:10 +0200: Memory Usage (474372K) : topmetal2_drw has 986 polygons
2026-09-28 14:01:10 +0200: Memory Usage (474372K) : topmetal2_pin has 787 polygons
2026-09-28 14:01:10 +0200: Memory Usage (474372K) : topmetal2_mask has 0 polygons
2026-09-28 14:01:10 +0200: Memory Usage (474372K) : topmetal2_filler has 6942 polygons
2026-09-28 14:01:10 +0200: Memory Usage (474372K) : topmetal2_nofill has 26 polygons
2026-09-28 14:01:10 +0200: Memory Usage (474372K) : topmetal2_slit has 0 polygons
2026-09-28 14:01:10 +0200: Memory Usage (474372K) : topmetal2_text has 801 polygons
2026-09-28 14:01:10 +0200: Memory Usage (474372K) : topmetal2_noqrc has 0 polygons
2026-09-28 14:01:10 +0200: Memory Usage (474372K) : topmetal2_res has 0 polygons
2026-09-28 14:01:10 +0200: Memory Usage (474372K) : topmetal2_iprobe has 0 polygons
2026-09-28 14:01:10 +0200: Memory Usage (474372K) : topmetal2_diffprb has 0 polygons
2026-09-28 14:01:10 +0200: Memory Usage (474372K) : snsring_drw has 0 polygons
2026-09-28 14:01:10 +0200: Memory Usage (474372K) : sensor_drw has 0 polygons
2026-09-28 14:01:10 +0200: Memory Usage (474372K) : snsarms_drw has 0 polygons
2026-09-28 14:01:10 +0200: Memory Usage (474372K) : snscmosvia_drw has 0 polygons
2026-09-28 14:01:10 +0200: Memory Usage (474372K) : colwind_drw has 0 polygons
2026-09-28 14:01:10 +0200: Memory Usage (474372K) : flm_drw has 0 polygons
2026-09-28 14:01:10 +0200: Memory Usage (474372K) : hafniumox_drw has 0 polygons
2026-09-28 14:01:10 +0200: Memory Usage (474372K) : memvia_drw has 0 polygons
2026-09-28 14:01:10 +0200: Memory Usage (474372K) : thinfilmres_drw has 0 polygons
2026-09-28 14:01:10 +0200: Memory Usage (474372K) : rfmem_drw has 0 polygons
2026-09-28 14:01:10 +0200: Memory Usage (474372K) : norcx_drw has 0 polygons
2026-09-28 14:01:10 +0200: Memory Usage (474372K) : norcx_m2m3 has 0 polygons
2026-09-28 14:01:10 +0200: Memory Usage (474372K) : norcx_m2m4 has 0 polygons
2026-09-28 14:01:10 +0200: Memory Usage (474372K) : norcx_m2m5 has 0 polygons
2026-09-28 14:01:10 +0200: Memory Usage (474372K) : norcx_m2tm1 has 0 polygons
2026-09-28 14:01:10 +0200: Memory Usage (474372K) : norcx_m2tm2 has 0 polygons
2026-09-28 14:01:10 +0200: Memory Usage (474372K) : norcx_m3m4 has 0 polygons
2026-09-28 14:01:10 +0200: Memory Usage (474372K) : norcx_m3m5 has 0 polygons
2026-09-28 14:01:10 +0200: Memory Usage (474372K) : norcx_m3tm1 has 0 polygons
2026-09-28 14:01:10 +0200: Memory Usage (474372K) : norcx_m3tm2 has 0 polygons
2026-09-28 14:01:10 +0200: Memory Usage (474372K) : norcx_m4m5 has 0 polygons
2026-09-28 14:01:10 +0200: Memory Usage (474372K) : norcx_m4tm1 has 0 polygons
2026-09-28 14:01:10 +0200: Memory Usage (474372K) : norcx_m4tm2 has 0 polygons
2026-09-28 14:01:10 +0200: Memory Usage (474372K) : norcx_m5tm1 has 0 polygons
2026-09-28 14:01:10 +0200: Memory Usage (474372K) : norcx_m5tm2 has 0 polygons
2026-09-28 14:01:10 +0200: Memory Usage (474372K) : norcx_tm1tm2 has 0 polygons
2026-09-28 14:01:10 +0200: Memory Usage (474372K) : norcx_m1sub has 0 polygons
2026-09-28 14:01:10 +0200: Memory Usage (474372K) : norcx_m2sub has 0 polygons
2026-09-28 14:01:10 +0200: Memory Usage (474372K) : norcx_m3sub has 0 polygons
2026-09-28 14:01:10 +0200: Memory Usage (474372K) : norcx_m4sub has 0 polygons
2026-09-28 14:01:10 +0200: Memory Usage (474372K) : norcx_m5sub has 0 polygons
2026-09-28 14:01:10 +0200: Memory Usage (474372K) : norcx_tm1sub has 0 polygons
2026-09-28 14:01:10 +0200: Memory Usage (474372K) : norcx_tm2sub has 0 polygons
2026-09-28 14:01:10 +0200: Memory Usage (474372K) : snsbotvia_drw has 0 polygons
2026-09-28 14:01:10 +0200: Memory Usage (474372K) : snstopvia_drw has 0 polygons
2026-09-28 14:01:10 +0200: Memory Usage (474372K) : deepvia_drw has 0 polygons
2026-09-28 14:01:10 +0200: Memory Usage (474372K) : fgetch_drw has 0 polygons
2026-09-28 14:01:10 +0200: Memory Usage (474372K) : ctrgat_drw has 0 polygons
2026-09-28 14:01:10 +0200: Memory Usage (474636K) : fgimp_drw has 0 polygons
2026-09-28 14:01:10 +0200: Memory Usage (474636K) : emwihv_drw has 0 polygons
2026-09-28 14:01:11 +0200: Memory Usage (474636K) : lbe_drw has 0 polygons
2026-09-28 14:01:11 +0200: Memory Usage (474636K) : alcustop_drw has 0 polygons
2026-09-28 14:01:11 +0200: Memory Usage (474636K) : nometfiller_drw has 14 polygons
2026-09-28 14:01:11 +0200: Memory Usage (474636K) : prboundary_drw has 0 polygons
2026-09-28 14:01:11 +0200: Memory Usage (474636K) : exchange0_drw has 0 polygons
2026-09-28 14:01:11 +0200: Memory Usage (474900K) : exchange0_pin has 0 polygons
2026-09-28 14:01:11 +0200: Memory Usage (474900K) : exchange0_text has 0 polygons
2026-09-28 14:01:11 +0200: Memory Usage (474900K) : exchange1_drw has 0 polygons
2026-09-28 14:01:11 +0200: Memory Usage (474900K) : exchange1_pin has 0 polygons
2026-09-28 14:01:11 +0200: Memory Usage (474900K) : exchange1_text has 0 polygons
2026-09-28 14:01:11 +0200: Memory Usage (474900K) : exchange2_drw has 0 polygons
2026-09-28 14:01:11 +0200: Memory Usage (474900K) : exchange2_pin has 0 polygons
2026-09-28 14:01:11 +0200: Memory Usage (474900K) : exchange2_text has 0 polygons
2026-09-28 14:01:11 +0200: Memory Usage (474900K) : exchange3_drw has 0 polygons
2026-09-28 14:01:11 +0200: Memory Usage (474900K) : exchange3_pin has 0 polygons
2026-09-28 14:01:11 +0200: Memory Usage (474900K) : exchange3_text has 0 polygons
2026-09-28 14:01:11 +0200: Memory Usage (474900K) : exchange4_drw has 0 polygons
2026-09-28 14:01:11 +0200: Memory Usage (474900K) : exchange4_pin has 0 polygons
2026-09-28 14:01:11 +0200: Memory Usage (474900K) : exchange4_text has 0 polygons
2026-09-28 14:01:11 +0200: Memory Usage (474900K) : isonwell_drw has 0 polygons
2026-09-28 14:01:11 +0200: Memory Usage (474900K) : Total no. of polygons in the design is 4973589
2026-09-28 14:01:11 +0200: Memory Usage (474900K) : Loaded TECH DRC rules values from /foss/pdks/ihp-sg13g2/libs.tech/klayout/python/sg13g2_pycell_lib/sg13g2_tech_mod.json
2026-09-28 14:01:11 +0200: Memory Usage (474900K) : Loaded default DRC rules values from /foss/pdks/ihp-sg13g2/libs.tech/klayout/tech/drc/rule_decks/sg13g2_tech_default.json
2026-09-28 14:01:11 +0200: Memory Usage (474900K) : The following rules values were missing in tech json and default values were used:
2026-09-28 14:01:11 +0200: Memory Usage (474900K) :   - NW_f1_digibnd
2026-09-28 14:01:11 +0200: Memory Usage (474900K) :   - Cnt_c_digibnd
2026-09-28 14:01:11 +0200: Memory Usage (474900K) :   - Cnt_c_sram
2026-09-28 14:01:11 +0200: Memory Usage (474900K) :   - Sdiod_b
2026-09-28 14:01:11 +0200: Memory Usage (474900K) :   - Sdiod_c
2026-09-28 14:01:11 +0200: Memory Usage (478876K) : Total area of the design is 1999396.0 um^2.
2026-09-28 14:01:11 +0200: Memory Usage (478876K) : The design dimensions are 1414.0 µm * 1414.0 µm.
2026-09-28 14:01:11 +0200: Memory Usage (478876K) : Starting general IHP-SG13G2 derivations.
2026-09-28 14:01:11 +0200: Memory Usage (478876K) : Starting Pwell derivations
2026-09-28 14:01:11 +0200: Memory Usage (490112K) : Starting n-Activ derivations
2026-09-28 14:01:12 +0200: Memory Usage (503440K) : Starting p-Activ derivations
2026-09-28 14:01:13 +0200: Memory Usage (515928K) : Starting ptap derivations
2026-09-28 14:01:13 +0200: Memory Usage (525868K) : Starting nact FET derivations
2026-09-28 14:01:14 +0200: Memory Usage (535800K) : Starting schottky_nbl general derivations
2026-09-28 14:01:14 +0200: Memory Usage (540960K) : Starting IHP-SG13G2 DRC rules.
2026-09-28 14:01:14 +0200: Memory Usage (540960K) : Starting 5.2 PWell:block
2026-09-28 14:01:14 +0200: Memory Usage (540960K) : Executing rule PWB.e
2026-09-28 14:01:14 +0200: Memory Usage (543780K) : Executing rule PWB.e1
2026-09-28 14:01:15 +0200: Memory Usage (547152K) : Executing rule PWB.f
2026-09-28 14:01:15 +0200: Memory Usage (549520K) : Executing rule PWB.f1
2026-09-28 14:01:15 +0200: Memory Usage (551896K) : KLayout DRC run for tables 'pwellblock' completed in 9.23 seconds
