# Logfile created on 2026-09-28 14:03:19 +0200 by logger.rb/v1.5.3
2026-09-28 14:03:19 +0200: Memory Usage (408368K) : Starting running IHP-SG13G2 KLayout DRC runset on /work/designs/g1-guardian/release/IHP__SoC1816/release/v.1.0.0/gds/SoC1816.gds
2026-09-28 14:03:19 +0200: Memory Usage (408368K) : Ruby Version for klayout: 3.2.3
2026-09-28 14:03:20 +0200: Memory Usage (445468K) : Loading database to memory is complete.
2026-09-28 14:03:20 +0200: Memory Usage (445468K) : IHP-SG13G2 KLayout DRC runset output at: ${BULK}/ihp-drc-SoC1816-20260928/full/SoC1816_SoC1816_forbidden.lyrdb
2026-09-28 14:03:20 +0200: Memory Usage (445468K) : Evaluate switches.
2026-09-28 14:03:20 +0200: Memory Usage (445468K) : tables selected: forbidden
2026-09-28 14:03:20 +0200: Memory Usage (445468K) : KLayout will use 128 thread(s) in tiling mode.
2026-09-28 14:03:20 +0200: Memory Usage (445468K) : deep mode is enabled.
2026-09-28 14:03:20 +0200: Memory Usage (445468K) : FEOL enabled: false
2026-09-28 14:03:20 +0200: Memory Usage (445468K) : BEOL enabled: false
2026-09-28 14:03:20 +0200: Memory Usage (445468K) : OFFGRID enabled: true
2026-09-28 14:03:20 +0200: Memory Usage (445468K) : ANGLE enabled: true
2026-09-28 14:03:20 +0200: Memory Usage (445468K) : PIN enabled: false
2026-09-28 14:03:20 +0200: Memory Usage (445468K) : FORBIDDEN enabled: false
2026-09-28 14:03:20 +0200: Memory Usage (445468K) : RECOMMENDED enabled: true
2026-09-28 14:03:20 +0200: Memory Usage (445468K) : PreCheck DRC enabled: false
2026-09-28 14:03:20 +0200: Memory Usage (445468K) : CONNECTIVITY_RULES enabled: false.
2026-09-28 14:03:20 +0200: Memory Usage (445468K) : Read in polygons from layers.
2026-09-28 14:03:20 +0200: Memory Usage (450176K) : activ_drw has 74668 polygons
2026-09-28 14:03:20 +0200: Memory Usage (450176K) : activ_pin has 0 polygons
2026-09-28 14:03:20 +0200: Memory Usage (450176K) : activ_mask has 308 polygons
2026-09-28 14:03:20 +0200: Memory Usage (450176K) : activ_filler has 28568 polygons
2026-09-28 14:03:20 +0200: Memory Usage (450176K) : activ_nofill has 19 polygons
2026-09-28 14:03:20 +0200: Memory Usage (450176K) : activ_opc has 0 polygons
2026-09-28 14:03:20 +0200: Memory Usage (450176K) : activ_iopc has 0 polygons
2026-09-28 14:03:20 +0200: Memory Usage (450176K) : activ_noqrc has 0 polygons
2026-09-28 14:03:20 +0200: Memory Usage (450176K) : biwind_drw has 0 polygons
2026-09-28 14:03:20 +0200: Memory Usage (450176K) : biwind_opc has 0 polygons
2026-09-28 14:03:20 +0200: Memory Usage (450176K) : pemwind_drw has 0 polygons
2026-09-28 14:03:20 +0200: Memory Usage (450968K) : gatpoly_drw has 82400 polygons
2026-09-28 14:03:20 +0200: Memory Usage (450968K) : gatpoly_pin has 1757 polygons
2026-09-28 14:03:20 +0200: Memory Usage (451232K) : gatpoly_filler has 30516 polygons
2026-09-28 14:03:20 +0200: Memory Usage (451232K) : gatpoly_nofill has 19 polygons
2026-09-28 14:03:20 +0200: Memory Usage (451404K) : gatpoly_opc has 0 polygons
2026-09-28 14:03:20 +0200: Memory Usage (451404K) : gatpoly_iopc has 0 polygons
2026-09-28 14:03:20 +0200: Memory Usage (451404K) : gatpoly_noqrc has 0 polygons
2026-09-28 14:03:20 +0200: Memory Usage (466184K) : cont_drw has 3621736 polygons
2026-09-28 14:03:20 +0200: Memory Usage (466184K) : cont_opc has 0 polygons
2026-09-28 14:03:20 +0200: Memory Usage (466184K) : nsd_drw has 60 polygons
2026-09-28 14:03:20 +0200: Memory Usage (466184K) : nsd_block has 308 polygons
2026-09-28 14:03:20 +0200: Memory Usage (466184K) : metal1_drw has 155442 polygons
2026-09-28 14:03:20 +0200: Memory Usage (466184K) : metal1_pin has 52555 polygons
2026-09-28 14:03:20 +0200: Memory Usage (466184K) : metal1_mask has 0 polygons
2026-09-28 14:03:20 +0200: Memory Usage (467032K) : metal1_filler has 49962 polygons
2026-09-28 14:03:21 +0200: Memory Usage (467032K) : metal1_nofill has 19 polygons
2026-09-28 14:03:21 +0200: Memory Usage (467032K) : metal1_slit has 0 polygons
2026-09-28 14:03:21 +0200: Memory Usage (467032K) : metal1_text has 43045 polygons
2026-09-28 14:03:21 +0200: Memory Usage (467032K) : metal1_opc has 0 polygons
2026-09-28 14:03:21 +0200: Memory Usage (467032K) : metal1_noqrc has 0 polygons
2026-09-28 14:03:21 +0200: Memory Usage (467032K) : metal1_res has 0 polygons
2026-09-28 14:03:21 +0200: Memory Usage (467032K) : metal1_iprobe has 0 polygons
2026-09-28 14:03:21 +0200: Memory Usage (467032K) : metal1_diffprb has 0 polygons
2026-09-28 14:03:21 +0200: Memory Usage (467032K) : passiv_drw has 35 polygons
2026-09-28 14:03:21 +0200: Memory Usage (467032K) : passiv_pin has 0 polygons
2026-09-28 14:03:21 +0200: Memory Usage (467032K) : passiv_sbump has 0 polygons
2026-09-28 14:03:21 +0200: Memory Usage (467032K) : passiv_pillar has 0 polygons
2026-09-28 14:03:21 +0200: Memory Usage (467032K) : passiv_pdl has 0 polygons
2026-09-28 14:03:21 +0200: Memory Usage (467032K) : metal2_drw has 83934 polygons
2026-09-28 14:03:21 +0200: Memory Usage (467032K) : metal2_pin has 1094 polygons
2026-09-28 14:03:21 +0200: Memory Usage (467032K) : metal2_mask has 0 polygons
2026-09-28 14:03:21 +0200: Memory Usage (468532K) : metal2_filler has 60648 polygons
2026-09-28 14:03:21 +0200: Memory Usage (468532K) : metal2_nofill has 20 polygons
2026-09-28 14:03:21 +0200: Memory Usage (468532K) : metal2_slit has 0 polygons
2026-09-28 14:03:21 +0200: Memory Usage (468532K) : metal2_text has 493 polygons
2026-09-28 14:03:21 +0200: Memory Usage (468532K) : metal2_opc has 0 polygons
2026-09-28 14:03:21 +0200: Memory Usage (468532K) : metal2_noqrc has 0 polygons
2026-09-28 14:03:21 +0200: Memory Usage (468532K) : metal2_res has 0 polygons
2026-09-28 14:03:21 +0200: Memory Usage (468532K) : metal2_iprobe has 0 polygons
2026-09-28 14:03:21 +0200: Memory Usage (468532K) : metal2_diffprb has 0 polygons
2026-09-28 14:03:21 +0200: Memory Usage (468532K) : baspoly_drw has 0 polygons
2026-09-28 14:03:21 +0200: Memory Usage (468532K) : baspoly_pin has 0 polygons
2026-09-28 14:03:21 +0200: Memory Usage (468532K) : psd_drw has 32936 polygons
2026-09-28 14:03:21 +0200: Memory Usage (468532K) : nldb_drw has 0 polygons
2026-09-28 14:03:21 +0200: Memory Usage (468532K) : digibnd_drw has 0 polygons
2026-09-28 14:03:21 +0200: Memory Usage (469324K) : via1_drw has 93132 polygons
2026-09-28 14:03:21 +0200: Memory Usage (469324K) : backmetal1_drw has 0 polygons
2026-09-28 14:03:21 +0200: Memory Usage (469324K) : backmetal1_pin has 0 polygons
2026-09-28 14:03:21 +0200: Memory Usage (469324K) : backmetal1_mask has 0 polygons
2026-09-28 14:03:21 +0200: Memory Usage (469324K) : backmetal1_filler has 0 polygons
2026-09-28 14:03:21 +0200: Memory Usage (469324K) : backmetal1_nofill has 0 polygons
2026-09-28 14:03:21 +0200: Memory Usage (469324K) : backmetal1_slit has 0 polygons
2026-09-28 14:03:21 +0200: Memory Usage (469324K) : backmetal1_text has 0 polygons
2026-09-28 14:03:21 +0200: Memory Usage (469324K) : backmetal1_opc has 0 polygons
2026-09-28 14:03:21 +0200: Memory Usage (469324K) : backmetal1_noqrc has 0 polygons
2026-09-28 14:03:21 +0200: Memory Usage (469324K) : backmetal1_res has 0 polygons
2026-09-28 14:03:21 +0200: Memory Usage (469324K) : backmetal1_iprobe has 0 polygons
2026-09-28 14:03:21 +0200: Memory Usage (469324K) : backmetal1_diffprb has 0 polygons
2026-09-28 14:03:21 +0200: Memory Usage (469324K) : backpassiv_drw has 0 polygons
2026-09-28 14:03:21 +0200: Memory Usage (469324K) : res_drw has 0 polygons
2026-09-28 14:03:21 +0200: Memory Usage (469324K) : sram_drw has 0 polygons
2026-09-28 14:03:21 +0200: Memory Usage (469324K) : trans_drw has 308 polygons
2026-09-28 14:03:21 +0200: Memory Usage (469324K) : ind_drw has 0 polygons
2026-09-28 14:03:21 +0200: Memory Usage (469324K) : ind_pin has 0 polygons
2026-09-28 14:03:21 +0200: Memory Usage (469324K) : ind_text has 0 polygons
2026-09-28 14:03:21 +0200: Memory Usage (469324K) : salblock_drw has 2041 polygons
2026-09-28 14:03:21 +0200: Memory Usage (469852K) : via2_drw has 113827 polygons
2026-09-28 14:03:21 +0200: Memory Usage (469852K) : metal3_drw has 45047 polygons
2026-09-28 14:03:21 +0200: Memory Usage (469852K) : metal3_pin has 1163 polygons
2026-09-28 14:03:21 +0200: Memory Usage (469852K) : metal3_mask has 0 polygons
2026-09-28 14:03:21 +0200: Memory Usage (469852K) : metal3_filler has 32154 polygons
2026-09-28 14:03:21 +0200: Memory Usage (469852K) : metal3_nofill has 28 polygons
2026-09-28 14:03:21 +0200: Memory Usage (469852K) : metal3_slit has 0 polygons
2026-09-28 14:03:21 +0200: Memory Usage (469852K) : metal3_text has 1161 polygons
2026-09-28 14:03:21 +0200: Memory Usage (469852K) : metal3_opc has 0 polygons
2026-09-28 14:03:21 +0200: Memory Usage (469852K) : metal3_noqrc has 0 polygons
2026-09-28 14:03:21 +0200: Memory Usage (469852K) : metal3_res has 0 polygons
2026-09-28 14:03:21 +0200: Memory Usage (469852K) : metal3_iprobe has 0 polygons
2026-09-28 14:03:21 +0200: Memory Usage (469852K) : metal3_diffprb has 0 polygons
2026-09-28 14:03:21 +0200: Memory Usage (470644K) : nwell_drw has 14108 polygons
2026-09-28 14:03:21 +0200: Memory Usage (470644K) : nwell_pin has 0 polygons
2026-09-28 14:03:21 +0200: Memory Usage (470644K) : nbulay_drw has 0 polygons
2026-09-28 14:03:21 +0200: Memory Usage (470644K) : nbulay_pin has 0 polygons
2026-09-28 14:03:21 +0200: Memory Usage (470644K) : nbulay_block has 0 polygons
2026-09-28 14:03:21 +0200: Memory Usage (470644K) : emwind_drw has 308 polygons
2026-09-28 14:03:21 +0200: Memory Usage (470644K) : emwind_opc has 0 polygons
2026-09-28 14:03:21 +0200: Memory Usage (470644K) : deepco_drw has 0 polygons
2026-09-28 14:03:21 +0200: Memory Usage (470644K) : deepco_drw has 0 polygons
2026-09-28 14:03:21 +0200: Memory Usage (470644K) : mim_drw has 19 polygons
2026-09-28 14:03:21 +0200: Memory Usage (470644K) : edgeseal_drw has 11 polygons
2026-09-28 14:03:21 +0200: Memory Usage (470644K) : edgeseal_bound has 1 polygons
2026-09-28 14:03:21 +0200: Memory Usage (470644K) : substrate_drw has 1448 polygons
2026-09-28 14:03:21 +0200: Memory Usage (470644K) : substrate_text has 0 polygons
2026-09-28 14:03:21 +0200: Memory Usage (470644K) : dfpad_drw has 24 polygons
2026-09-28 14:03:21 +0200: Memory Usage (470644K) : dfpad_pillar has 0 polygons
2026-09-28 14:03:21 +0200: Memory Usage (470644K) : dfpad_sbump has 0 polygons
2026-09-28 14:03:21 +0200: Memory Usage (470644K) : thickgateox_drw has 2077 polygons
2026-09-28 14:03:21 +0200: Memory Usage (470644K) : pldb_drw has 0 polygons
2026-09-28 14:03:21 +0200: Memory Usage (470644K) : pwell_drw has 0 polygons
2026-09-28 14:03:21 +0200: Memory Usage (470644K) : pwell_pin has 0 polygons
2026-09-28 14:03:21 +0200: Memory Usage (470644K) : pwell_block has 0 polygons
2026-09-28 14:03:21 +0200: Memory Usage (470644K) : ic_drw has 0 polygons
2026-09-28 14:03:21 +0200: Memory Usage (471700K) : via3_drw has 60213 polygons
2026-09-28 14:03:21 +0200: Memory Usage (471700K) : metal4_drw has 10171 polygons
2026-09-28 14:03:21 +0200: Memory Usage (471700K) : metal4_pin has 1045 polygons
2026-09-28 14:03:21 +0200: Memory Usage (471700K) : metal4_mask has 0 polygons
2026-09-28 14:03:21 +0200: Memory Usage (472228K) : metal4_filler has 32361 polygons
2026-09-28 14:03:21 +0200: Memory Usage (472228K) : metal4_nofill has 22 polygons
2026-09-28 14:03:21 +0200: Memory Usage (472228K) : metal4_slit has 0 polygons
2026-09-28 14:03:21 +0200: Memory Usage (472228K) : metal4_text has 1044 polygons
2026-09-28 14:03:21 +0200: Memory Usage (472228K) : metal4_opc has 0 polygons
2026-09-28 14:03:21 +0200: Memory Usage (472228K) : metal4_noqrc has 0 polygons
2026-09-28 14:03:21 +0200: Memory Usage (472228K) : metal4_res has 0 polygons
2026-09-28 14:03:21 +0200: Memory Usage (472228K) : metal4_iprobe has 0 polygons
2026-09-28 14:03:21 +0200: Memory Usage (472228K) : metal4_diffprb has 0 polygons
2026-09-28 14:03:21 +0200: Memory Usage (472228K) : heattrans_drw has 2991 polygons
2026-09-28 14:03:21 +0200: Memory Usage (472228K) : heatres_drw has 1627 polygons
2026-09-28 14:03:21 +0200: Memory Usage (472228K) : pempoly_drw has 0 polygons
2026-09-28 14:03:21 +0200: Memory Usage (472228K) : fbe_drw has 0 polygons
2026-09-28 14:03:21 +0200: Memory Usage (472228K) : empoly_drw has 0 polygons
2026-09-28 14:03:21 +0200: Memory Usage (472492K) : ldmos_drw has 0 polygons
2026-09-28 14:03:21 +0200: Memory Usage (472492K) : pbiwind_drw has 0 polygons
2026-09-28 14:03:21 +0200: Memory Usage (472492K) : digisub_drw has 0 polygons
2026-09-28 14:03:21 +0200: Memory Usage (472492K) : nodrc_drw has 0 polygons
2026-09-28 14:03:21 +0200: Memory Usage (473284K) : text_drw has 3355 polygons
2026-09-28 14:03:21 +0200: Memory Usage (473812K) : via4_drw has 62183 polygons
2026-09-28 14:03:21 +0200: Memory Usage (474076K) : metal5_drw has 3901 polygons
2026-09-28 14:03:21 +0200: Memory Usage (474076K) : metal5_pin has 1032 polygons
2026-09-28 14:03:21 +0200: Memory Usage (474076K) : metal5_mask has 0 polygons
2026-09-28 14:03:21 +0200: Memory Usage (474076K) : metal5_filler has 33156 polygons
2026-09-28 14:03:21 +0200: Memory Usage (474076K) : metal5_nofill has 22 polygons
2026-09-28 14:03:21 +0200: Memory Usage (474076K) : metal5_slit has 0 polygons
2026-09-28 14:03:21 +0200: Memory Usage (474076K) : metal5_text has 1032 polygons
2026-09-28 14:03:21 +0200: Memory Usage (474076K) : metal5_opc has 0 polygons
2026-09-28 14:03:21 +0200: Memory Usage (474076K) : metal5_noqrc has 0 polygons
2026-09-28 14:03:21 +0200: Memory Usage (474076K) : metal5_res has 0 polygons
2026-09-28 14:03:21 +0200: Memory Usage (474076K) : metal5_iprobe has 0 polygons
2026-09-28 14:03:21 +0200: Memory Usage (474076K) : metal5_diffprb has 0 polygons
2026-09-28 14:03:21 +0200: Memory Usage (474076K) : radhard_drw has 0 polygons
2026-09-28 14:03:21 +0200: Memory Usage (474076K) : memcap_drw has 0 polygons
2026-09-28 14:03:21 +0200: Memory Usage (474076K) : varicap_drw has 0 polygons
2026-09-28 14:03:21 +0200: Memory Usage (474076K) : flash_drw has 0 polygons
2026-09-28 14:03:21 +0200: Memory Usage (474076K) : intbondvia_drw has 0 polygons
2026-09-28 14:03:21 +0200: Memory Usage (474076K) : intbondmet_drw has 0 polygons
2026-09-28 14:03:21 +0200: Memory Usage (474076K) : devbondvia_drw has 0 polygons
2026-09-28 14:03:21 +0200: Memory Usage (474076K) : devbondmet_drw has 0 polygons
2026-09-28 14:03:21 +0200: Memory Usage (474076K) : devtrench_drw has 0 polygons
2026-09-28 14:03:21 +0200: Memory Usage (474076K) : redist_drw has 0 polygons
2026-09-28 14:03:22 +0200: Memory Usage (474076K) : graphbot_drw has 0 polygons
2026-09-28 14:03:22 +0200: Memory Usage (474076K) : graphtop_drw has 0 polygons
2026-09-28 14:03:22 +0200: Memory Usage (474076K) : antvia1_drw has 0 polygons
2026-09-28 14:03:22 +0200: Memory Usage (474076K) : antmetal2_drw has 0 polygons
2026-09-28 14:03:22 +0200: Memory Usage (474076K) : graphcont_drw has 0 polygons
2026-09-28 14:03:22 +0200: Memory Usage (474076K) : siwg_drw has 0 polygons
2026-09-28 14:03:22 +0200: Memory Usage (474076K) : siwg_filler has 0 polygons
2026-09-28 14:03:22 +0200: Memory Usage (474076K) : siwg_nofill has 0 polygons
2026-09-28 14:03:22 +0200: Memory Usage (474076K) : sigrating_drw has 0 polygons
2026-09-28 14:03:22 +0200: Memory Usage (474076K) : singrating_drw has 0 polygons
2026-09-28 14:03:22 +0200: Memory Usage (474076K) : graphpas_drw has 0 polygons
2026-09-28 14:03:22 +0200: Memory Usage (474076K) : emwind3_drw has 0 polygons
2026-09-28 14:03:22 +0200: Memory Usage (474076K) : emwihv3_drw has 0 polygons
2026-09-28 14:03:22 +0200: Memory Usage (474076K) : redbulay_drw has 0 polygons
2026-09-28 14:03:22 +0200: Memory Usage (474076K) : smos_drw has 0 polygons
2026-09-28 14:03:22 +0200: Memory Usage (474076K) : graphpad_drw has 0 polygons
2026-09-28 14:03:22 +0200: Memory Usage (474076K) : polimide_drw has 0 polygons
2026-09-28 14:03:22 +0200: Memory Usage (474076K) : polimide_pin has 0 polygons
2026-09-28 14:03:22 +0200: Memory Usage (474076K) : recog_drw has 0 polygons
2026-09-28 14:03:22 +0200: Memory Usage (474076K) : recog_pin has 0 polygons
2026-09-28 14:03:22 +0200: Memory Usage (474076K) : recog_esd has 0 polygons
2026-09-28 14:03:22 +0200: Memory Usage (474604K) : recog_diode has 144 polygons
2026-09-28 14:03:22 +0200: Memory Usage (474604K) : recog_tsv has 0 polygons
2026-09-28 14:03:22 +0200: Memory Usage (474604K) : recog_iprobe has 0 polygons
2026-09-28 14:03:22 +0200: Memory Usage (474604K) : recog_diffprb has 0 polygons
2026-09-28 14:03:22 +0200: Memory Usage (474604K) : recog_pillar has 0 polygons
2026-09-28 14:03:22 +0200: Memory Usage (474604K) : recog_sbump has 0 polygons
2026-09-28 14:03:22 +0200: Memory Usage (474604K) : recog_otp has 0 polygons
2026-09-28 14:03:22 +0200: Memory Usage (474604K) : recog_pdiode has 0 polygons
2026-09-28 14:03:22 +0200: Memory Usage (474604K) : recog_mom has 0 polygons
2026-09-28 14:03:22 +0200: Memory Usage (474604K) : recog_pcm has 0 polygons
2026-09-28 14:03:22 +0200: Memory Usage (474604K) : colopen_drw has 0 polygons
2026-09-28 14:03:22 +0200: Memory Usage (474604K) : graphmetal1_drw has 0 polygons
2026-09-28 14:03:22 +0200: Memory Usage (474604K) : graphmetal1_filler has 0 polygons
2026-09-28 14:03:22 +0200: Memory Usage (474604K) : graphmetal1_nofill has 0 polygons
2026-09-28 14:03:22 +0200: Memory Usage (474604K) : graphmetal1_slit has 0 polygons
2026-09-28 14:03:22 +0200: Memory Usage (474604K) : graphmetal1_opc has 0 polygons
2026-09-28 14:03:22 +0200: Memory Usage (474604K) : graphmet1l_drw has 0 polygons
2026-09-28 14:03:22 +0200: Memory Usage (474604K) : graphmet1l_filler has 0 polygons
2026-09-28 14:03:22 +0200: Memory Usage (474604K) : graphmet1l_nofill has 0 polygons
2026-09-28 14:03:22 +0200: Memory Usage (474604K) : graphmet1l_slit has 0 polygons
2026-09-28 14:03:22 +0200: Memory Usage (474604K) : graphmet1l_opc has 0 polygons
2026-09-28 14:03:22 +0200: Memory Usage (474604K) : extblock_drw has 6096 polygons
2026-09-28 14:03:22 +0200: Memory Usage (474604K) : nldd_drw has 0 polygons
2026-09-28 14:03:22 +0200: Memory Usage (474604K) : pldd_drw has 0 polygons
2026-09-28 14:03:22 +0200: Memory Usage (474604K) : next_drw has 0 polygons
2026-09-28 14:03:22 +0200: Memory Usage (474604K) : pext_drw has 0 polygons
2026-09-28 14:03:22 +0200: Memory Usage (474604K) : nexthv_drw has 0 polygons
2026-09-28 14:03:22 +0200: Memory Usage (474604K) : pexthv_drw has 0 polygons
2026-09-28 14:03:22 +0200: Memory Usage (474604K) : graphgate_drw has 0 polygons
2026-09-28 14:03:22 +0200: Memory Usage (474604K) : sinwg_drw has 0 polygons
2026-09-28 14:03:22 +0200: Memory Usage (474604K) : sinwg_filler has 0 polygons
2026-09-28 14:03:22 +0200: Memory Usage (474604K) : sinwg_nofill has 0 polygons
2026-09-28 14:03:22 +0200: Memory Usage (474604K) : mempad_drw has 0 polygons
2026-09-28 14:03:22 +0200: Memory Usage (475924K) : topvia1_drw has 58355 polygons
2026-09-28 14:03:22 +0200: Memory Usage (475924K) : topmetal1_drw has 1934 polygons
2026-09-28 14:03:22 +0200: Memory Usage (475924K) : topmetal1_pin has 1065 polygons
2026-09-28 14:03:22 +0200: Memory Usage (475924K) : topmetal1_mask has 0 polygons
2026-09-28 14:03:22 +0200: Memory Usage (475924K) : topmetal1_filler has 5640 polygons
2026-09-28 14:03:22 +0200: Memory Usage (475924K) : topmetal1_nofill has 26 polygons
2026-09-28 14:03:22 +0200: Memory Usage (475924K) : topmetal1_slit has 0 polygons
2026-09-28 14:03:22 +0200: Memory Usage (475924K) : topmetal1_text has 1035 polygons
2026-09-28 14:03:22 +0200: Memory Usage (475924K) : topmetal1_noqrc has 0 polygons
2026-09-28 14:03:22 +0200: Memory Usage (475924K) : topmetal1_res has 0 polygons
2026-09-28 14:03:22 +0200: Memory Usage (475924K) : topmetal1_iprobe has 0 polygons
2026-09-28 14:03:22 +0200: Memory Usage (475924K) : topmetal1_diffprb has 0 polygons
2026-09-28 14:03:22 +0200: Memory Usage (475924K) : inldpwl_drw has 0 polygons
2026-09-28 14:03:22 +0200: Memory Usage (475924K) : polyres_drw has 1693 polygons
2026-09-28 14:03:22 +0200: Memory Usage (476188K) : polyres_pin has 0 polygons
2026-09-28 14:03:22 +0200: Memory Usage (476188K) : vmim_drw has 6316 polygons
2026-09-28 14:03:22 +0200: Memory Usage (476452K) : nbulaycut_drw has 0 polygons
2026-09-28 14:03:22 +0200: Memory Usage (476452K) : antmetal1_drw has 0 polygons
2026-09-28 14:03:22 +0200: Memory Usage (477244K) : topvia2_drw has 40175 polygons
2026-09-28 14:03:22 +0200: Memory Usage (477508K) : topmetal2_drw has 986 polygons
2026-09-28 14:03:22 +0200: Memory Usage (477508K) : topmetal2_pin has 787 polygons
2026-09-28 14:03:22 +0200: Memory Usage (477508K) : topmetal2_mask has 0 polygons
2026-09-28 14:03:22 +0200: Memory Usage (477508K) : topmetal2_filler has 6942 polygons
2026-09-28 14:03:22 +0200: Memory Usage (477508K) : topmetal2_nofill has 26 polygons
2026-09-28 14:03:22 +0200: Memory Usage (477508K) : topmetal2_slit has 0 polygons
2026-09-28 14:03:22 +0200: Memory Usage (477508K) : topmetal2_text has 801 polygons
2026-09-28 14:03:22 +0200: Memory Usage (477508K) : topmetal2_noqrc has 0 polygons
2026-09-28 14:03:22 +0200: Memory Usage (477508K) : topmetal2_res has 0 polygons
2026-09-28 14:03:22 +0200: Memory Usage (477508K) : topmetal2_iprobe has 0 polygons
2026-09-28 14:03:22 +0200: Memory Usage (477508K) : topmetal2_diffprb has 0 polygons
2026-09-28 14:03:22 +0200: Memory Usage (477508K) : snsring_drw has 0 polygons
2026-09-28 14:03:22 +0200: Memory Usage (477508K) : sensor_drw has 0 polygons
2026-09-28 14:03:22 +0200: Memory Usage (477772K) : snsarms_drw has 0 polygons
2026-09-28 14:03:22 +0200: Memory Usage (477772K) : snscmosvia_drw has 0 polygons
2026-09-28 14:03:22 +0200: Memory Usage (477772K) : colwind_drw has 0 polygons
2026-09-28 14:03:22 +0200: Memory Usage (477772K) : flm_drw has 0 polygons
2026-09-28 14:03:22 +0200: Memory Usage (477772K) : hafniumox_drw has 0 polygons
2026-09-28 14:03:22 +0200: Memory Usage (478036K) : memvia_drw has 0 polygons
2026-09-28 14:03:22 +0200: Memory Usage (478036K) : thinfilmres_drw has 0 polygons
2026-09-28 14:03:22 +0200: Memory Usage (478036K) : rfmem_drw has 0 polygons
2026-09-28 14:03:22 +0200: Memory Usage (478036K) : norcx_drw has 0 polygons
2026-09-28 14:03:22 +0200: Memory Usage (478036K) : norcx_m2m3 has 0 polygons
2026-09-28 14:03:22 +0200: Memory Usage (478300K) : norcx_m2m4 has 0 polygons
2026-09-28 14:03:22 +0200: Memory Usage (478300K) : norcx_m2m5 has 0 polygons
2026-09-28 14:03:22 +0200: Memory Usage (478300K) : norcx_m2tm1 has 0 polygons
2026-09-28 14:03:22 +0200: Memory Usage (478300K) : norcx_m2tm2 has 0 polygons
2026-09-28 14:03:22 +0200: Memory Usage (478564K) : norcx_m3m4 has 0 polygons
2026-09-28 14:03:22 +0200: Memory Usage (478564K) : norcx_m3m5 has 0 polygons
2026-09-28 14:03:22 +0200: Memory Usage (478564K) : norcx_m3tm1 has 0 polygons
2026-09-28 14:03:22 +0200: Memory Usage (478564K) : norcx_m3tm2 has 0 polygons
2026-09-28 14:03:22 +0200: Memory Usage (478564K) : norcx_m4m5 has 0 polygons
2026-09-28 14:03:22 +0200: Memory Usage (478828K) : norcx_m4tm1 has 0 polygons
2026-09-28 14:03:22 +0200: Memory Usage (478828K) : norcx_m4tm2 has 0 polygons
2026-09-28 14:03:22 +0200: Memory Usage (478828K) : norcx_m5tm1 has 0 polygons
2026-09-28 14:03:22 +0200: Memory Usage (478828K) : norcx_m5tm2 has 0 polygons
2026-09-28 14:03:22 +0200: Memory Usage (478828K) : norcx_tm1tm2 has 0 polygons
2026-09-28 14:03:22 +0200: Memory Usage (479092K) : norcx_m1sub has 0 polygons
2026-09-28 14:03:22 +0200: Memory Usage (479092K) : norcx_m2sub has 0 polygons
2026-09-28 14:03:22 +0200: Memory Usage (479092K) : norcx_m3sub has 0 polygons
2026-09-28 14:03:22 +0200: Memory Usage (479092K) : norcx_m4sub has 0 polygons
2026-09-28 14:03:22 +0200: Memory Usage (479092K) : norcx_m5sub has 0 polygons
2026-09-28 14:03:22 +0200: Memory Usage (479356K) : norcx_tm1sub has 0 polygons
2026-09-28 14:03:22 +0200: Memory Usage (479356K) : norcx_tm2sub has 0 polygons
2026-09-28 14:03:22 +0200: Memory Usage (479356K) : snsbotvia_drw has 0 polygons
2026-09-28 14:03:22 +0200: Memory Usage (479356K) : snstopvia_drw has 0 polygons
2026-09-28 14:03:22 +0200: Memory Usage (479620K) : deepvia_drw has 0 polygons
2026-09-28 14:03:22 +0200: Memory Usage (479620K) : fgetch_drw has 0 polygons
2026-09-28 14:03:22 +0200: Memory Usage (479620K) : ctrgat_drw has 0 polygons
2026-09-28 14:03:22 +0200: Memory Usage (479620K) : fgimp_drw has 0 polygons
2026-09-28 14:03:22 +0200: Memory Usage (479620K) : emwihv_drw has 0 polygons
2026-09-28 14:03:22 +0200: Memory Usage (479884K) : lbe_drw has 0 polygons
2026-09-28 14:03:22 +0200: Memory Usage (479884K) : alcustop_drw has 0 polygons
2026-09-28 14:03:22 +0200: Memory Usage (479884K) : nometfiller_drw has 14 polygons
2026-09-28 14:03:22 +0200: Memory Usage (479884K) : prboundary_drw has 0 polygons
2026-09-28 14:03:22 +0200: Memory Usage (479884K) : exchange0_drw has 0 polygons
2026-09-28 14:03:22 +0200: Memory Usage (479884K) : exchange0_pin has 0 polygons
2026-09-28 14:03:22 +0200: Memory Usage (479884K) : exchange0_text has 0 polygons
2026-09-28 14:03:22 +0200: Memory Usage (479884K) : exchange1_drw has 0 polygons
2026-09-28 14:03:22 +0200: Memory Usage (479884K) : exchange1_pin has 0 polygons
2026-09-28 14:03:22 +0200: Memory Usage (479884K) : exchange1_text has 0 polygons
2026-09-28 14:03:22 +0200: Memory Usage (479884K) : exchange2_drw has 0 polygons
2026-09-28 14:03:22 +0200: Memory Usage (479884K) : exchange2_pin has 0 polygons
2026-09-28 14:03:22 +0200: Memory Usage (479884K) : exchange2_text has 0 polygons
2026-09-28 14:03:22 +0200: Memory Usage (479884K) : exchange3_drw has 0 polygons
2026-09-28 14:03:22 +0200: Memory Usage (479884K) : exchange3_pin has 0 polygons
2026-09-28 14:03:22 +0200: Memory Usage (479884K) : exchange3_text has 0 polygons
2026-09-28 14:03:22 +0200: Memory Usage (479884K) : exchange4_drw has 0 polygons
2026-09-28 14:03:22 +0200: Memory Usage (479884K) : exchange4_pin has 0 polygons
2026-09-28 14:03:22 +0200: Memory Usage (479884K) : exchange4_text has 0 polygons
2026-09-28 14:03:22 +0200: Memory Usage (479884K) : isonwell_drw has 0 polygons
2026-09-28 14:03:22 +0200: Memory Usage (479884K) : Total no. of polygons in the design is 4973589
2026-09-28 14:03:22 +0200: Memory Usage (479884K) : Loaded TECH DRC rules values from /foss/pdks/ihp-sg13g2/libs.tech/klayout/python/sg13g2_pycell_lib/sg13g2_tech_mod.json
2026-09-28 14:03:22 +0200: Memory Usage (479884K) : Loaded default DRC rules values from /foss/pdks/ihp-sg13g2/libs.tech/klayout/tech/drc/rule_decks/sg13g2_tech_default.json
2026-09-28 14:03:22 +0200: Memory Usage (479884K) : The following rules values were missing in tech json and default values were used:
2026-09-28 14:03:22 +0200: Memory Usage (479884K) :   - NW_f1_digibnd
2026-09-28 14:03:22 +0200: Memory Usage (479884K) :   - Cnt_c_digibnd
2026-09-28 14:03:22 +0200: Memory Usage (479884K) :   - Cnt_c_sram
2026-09-28 14:03:22 +0200: Memory Usage (479884K) :   - Sdiod_b
2026-09-28 14:03:22 +0200: Memory Usage (479884K) :   - Sdiod_c
2026-09-28 14:03:22 +0200: Memory Usage (483876K) : Total area of the design is 1999396.0 um^2.
2026-09-28 14:03:22 +0200: Memory Usage (483876K) : The design dimensions are 1414.0 µm * 1414.0 µm.
2026-09-28 14:03:22 +0200: Memory Usage (483876K) : Starting general IHP-SG13G2 derivations.
2026-09-28 14:03:22 +0200: Memory Usage (483876K) : Starting Pwell derivations
2026-09-28 14:03:22 +0200: Memory Usage (496260K) : Starting IHP-SG13G2 DRC rules.
2026-09-28 14:03:22 +0200: Memory Usage (496260K) : Starting 3.2. FORBIDDEN table
2026-09-28 14:03:22 +0200: Memory Usage (496260K) : Executing rule forbidden.biwind
2026-09-28 14:03:22 +0200: Memory Usage (496260K) : Executing rule forbidden.pemwind
2026-09-28 14:03:22 +0200: Memory Usage (496260K) : Executing rule forbidden.baspoly
2026-09-28 14:03:22 +0200: Memory Usage (496260K) : Executing rule forbidden.deepco
2026-09-28 14:03:22 +0200: Memory Usage (496092K) : Executing rule forbidden.pempoly
2026-09-28 14:03:22 +0200: Memory Usage (495468K) : Executing rule forbidden.empoly
2026-09-28 14:03:22 +0200: Memory Usage (494944K) : Executing rule forbidden.ldmos
2026-09-28 14:03:22 +0200: Memory Usage (494856K) : Executing rule forbidden.pbiwind
2026-09-28 14:03:22 +0200: Memory Usage (494856K) : Executing rule forbidden.nodrc
2026-09-28 14:03:22 +0200: Memory Usage (494856K) : Executing rule forbidden.flash
2026-09-28 14:03:22 +0200: Memory Usage (494856K) : Executing rule forbidden.colwind
2026-09-28 14:03:22 +0200: Memory Usage (494856K) : KLayout DRC run for tables 'forbidden' completed in 2.94 seconds
