time="2026-09-23T06:06:12+02:00" level=warning msg="Network file system detected as backing store.  Enforcing overlay option `force_mask=\"700\"`.  Add it to storage.conf to silence this warning"
time="2026-09-23T06:06:14+02:00" level=warning msg="Network file system detected as backing store.  Enforcing overlay option `force_mask=\"700\"`.  Add it to storage.conf to silence this warning"
Resource enforcement: CPU affinity; memory reservation only (rootless cgroups v1).
time="2026-09-23T06:06:14+02:00" level=warning msg="Network file system detected as backing store.  Enforcing overlay option `force_mask=\"700\"`.  Add it to storage.conf to silence this warning"
[
  {
    "context_um": 12,
    "command": [
      "/foss/tools/bin/python3",
      "@REPO@/@SESSION_RECEIPTS@/run_final_route_clip_20260923.py",
      "--output",
      "@RESULTS@/final-vref-clock-widths-20260923-r1/width12",
      "--context-um",
      "12"
    ],
    "returncode": 0
  },
  {
    "context_um": 48,
    "command": [
      "/foss/tools/bin/python3",
      "@REPO@/@SESSION_RECEIPTS@/run_final_route_clip_20260923.py",
      "--output",
      "@RESULTS@/final-vref-clock-widths-20260923-r1/width48",
      "--context-um",
      "48"
    ],
    "returncode": 0
  }
]
