fill_pre: g1_bgr.gds -> /tmp/tmp.UJ5cKDHopc/g1_bgr_prefill.gds, fill window (1,1;83,123) um
Start filling ActGatP
Start filling Metal
Skip TopMetal fill because disabled by argument
Filling M1
Filling M2
Filling M3
Filling M4
Filling M5
fill_post: Activ     fill shapes      1
fill_post: GatPoly   fill shapes      1
fill_post: Metal1    fill shapes    157
fill_post: Metal2    fill shapes    104
fill_post: Metal3    fill shapes     85
fill_post: Metal4    fill shapes      0
fill_post: Metal5    fill shapes      0
fill_post: TopMetal1 fill shapes      0
fill_post: TopMetal2 fill shapes      0
fill_post: cells ['g1_bgr_Met3_S_FILL_CELL', 'g1_bgr_Met3_M_FILL_CELL', 'g1_bgr_Met2_S_FILL_CELL', 'g1_bgr_Met2_M_FILL_CELL', 'g1_bgr_Met1_S_FILL_CELL', 'g1_bgr_Met1_M_FILL_CELL', 'g1_bgr_GatP_FILL_CELL', 'g1_bgr_Act_FILL_CELL']
fill_post: wrote g1_bgr.gds (0,0;84,124)
