
Note: No compatibility mode selected!


Circuit: * g1_t2f joint c-pex: t=100.0 c, vdda=3.3 v, vdd=1.2 v, hbt=typ, mos=tt, r=typ, c=typ, mismatch=true, seed=51083

Warning: Model issue on line 788 :
  .model xbgr.xm27:sg13g2_hv_nmos_psp_rf pspnqs103va type=+1 level=103.60  ...
Unknown model type pspnqs103va - ignored

Warning: Model issue on line 809 :
  .model xbgr.xm27:sg13g2_hv_pmos_psp_rf pspnqs103va type=-1 level=103.60  ...
Unknown model type pspnqs103va - ignored

Warning: Model issue on line 788 :
  .model xbgr.xm28:sg13g2_hv_nmos_psp_rf pspnqs103va type=+1 level=103.60  ...
Unknown model type pspnqs103va - ignored

Warning: Model issue on line 809 :
  .model xbgr.xm28:sg13g2_hv_pmos_psp_rf pspnqs103va type=-1 level=103.60  ...
Unknown model type pspnqs103va - ignored

Warning: Model issue on line 679 :
  .model xbgr.xm29:sg13g2_hv_nmos_psp_rf pspnqs103va type=+1 level=103.60  ...
Unknown model type pspnqs103va - ignored

Warning: Model issue on line 700 :
  .model xbgr.xm29:sg13g2_hv_pmos_psp_rf pspnqs103va type=-1 level=103.60  ...
Unknown model type pspnqs103va - ignored

Warning: Model issue on line 679 :
  .model xbgr.xm30:sg13g2_hv_nmos_psp_rf pspnqs103va type=+1 level=103.60  ...
Unknown model type pspnqs103va - ignored

Warning: Model issue on line 700 :
  .model xbgr.xm30:sg13g2_hv_pmos_psp_rf pspnqs103va type=-1 level=103.60  ...
Unknown model type pspnqs103va - ignored

Warning: Model issue on line 679 :
  .model xbgr.xm31:sg13g2_hv_nmos_psp_rf pspnqs103va type=+1 level=103.60  ...
Unknown model type pspnqs103va - ignored

Warning: Model issue on line 700 :
  .model xbgr.xm31:sg13g2_hv_pmos_psp_rf pspnqs103va type=-1 level=103.60  ...
Unknown model type pspnqs103va - ignored

Warning: Model issue on line 679 :
  .model xbgr.xm32:sg13g2_hv_nmos_psp_rf pspnqs103va type=+1 level=103.60  ...
Unknown model type pspnqs103va - ignored

Warning: Model issue on line 700 :
  .model xbgr.xm32:sg13g2_hv_pmos_psp_rf pspnqs103va type=-1 level=103.60  ...
Unknown model type pspnqs103va - ignored

Warning: Model issue on line 679 :
  .model xbgr.xm33:sg13g2_hv_nmos_psp_rf pspnqs103va type=+1 level=103.60  ...
Unknown model type pspnqs103va - ignored

Warning: Model issue on line 700 :
  .model xbgr.xm33:sg13g2_hv_pmos_psp_rf pspnqs103va type=-1 level=103.60  ...
Unknown model type pspnqs103va - ignored

Warning: Model issue on line 679 :
  .model xbgr.xm34:sg13g2_hv_nmos_psp_rf pspnqs103va type=+1 level=103.60  ...
Unknown model type pspnqs103va - ignored

Warning: Model issue on line 700 :
  .model xbgr.xm34:sg13g2_hv_pmos_psp_rf pspnqs103va type=-1 level=103.60  ...
Unknown model type pspnqs103va - ignored

Warning: Model issue on line 679 :
  .model xbgr.xm35:sg13g2_hv_nmos_psp_rf pspnqs103va type=+1 level=103.60  ...
Unknown model type pspnqs103va - ignored

Warning: Model issue on line 700 :
  .model xbgr.xm35:sg13g2_hv_pmos_psp_rf pspnqs103va type=-1 level=103.60  ...
Unknown model type pspnqs103va - ignored

Warning: Model issue on line 679 :
  .model xbgr.xm36:sg13g2_hv_nmos_psp_rf pspnqs103va type=+1 level=103.60  ...
Unknown model type pspnqs103va - ignored

Warning: Model issue on line 700 :
  .model xbgr.xm36:sg13g2_hv_pmos_psp_rf pspnqs103va type=-1 level=103.60  ...
Unknown model type pspnqs103va - ignored

Warning: Model issue on line 679 :
  .model xbgr.xm37:sg13g2_hv_nmos_psp_rf pspnqs103va type=+1 level=103.60  ...
Unknown model type pspnqs103va - ignored

Warning: Model issue on line 700 :
  .model xbgr.xm37:sg13g2_hv_pmos_psp_rf pspnqs103va type=-1 level=103.60  ...
Unknown model type pspnqs103va - ignored

Warning: Model issue on line 788 :
  .model xbgr.xm38:sg13g2_hv_nmos_psp_rf pspnqs103va type=+1 level=103.60  ...
Unknown model type pspnqs103va - ignored

Warning: Model issue on line 809 :
  .model xbgr.xm38:sg13g2_hv_pmos_psp_rf pspnqs103va type=-1 level=103.60  ...
Unknown model type pspnqs103va - ignored

Warning: Model issue on line 788 :
  .model xbgr.xm39:sg13g2_hv_nmos_psp_rf pspnqs103va type=+1 level=103.60  ...
Unknown model type pspnqs103va - ignored

Warning: Model issue on line 809 :
  .model xbgr.xm39:sg13g2_hv_pmos_psp_rf pspnqs103va type=-1 level=103.60  ...
Unknown model type pspnqs103va - ignored

Warning: Model issue on line 788 :
  .model xbgr.xm40:sg13g2_hv_nmos_psp_rf pspnqs103va type=+1 level=103.60  ...
Unknown model type pspnqs103va - ignored

Warning: Model issue on line 809 :
  .model xbgr.xm40:sg13g2_hv_pmos_psp_rf pspnqs103va type=-1 level=103.60  ...
Unknown model type pspnqs103va - ignored

Warning: Model issue on line 788 :
  .model xbgr.xm41:sg13g2_hv_nmos_psp_rf pspnqs103va type=+1 level=103.60  ...
Unknown model type pspnqs103va - ignored

Warning: Model issue on line 809 :
  .model xbgr.xm41:sg13g2_hv_pmos_psp_rf pspnqs103va type=-1 level=103.60  ...
Unknown model type pspnqs103va - ignored

Warning: Model issue on line 788 :
  .model xbgr.xm42:sg13g2_hv_nmos_psp_rf pspnqs103va type=+1 level=103.60  ...
Unknown model type pspnqs103va - ignored

Warning: Model issue on line 809 :
  .model xbgr.xm42:sg13g2_hv_pmos_psp_rf pspnqs103va type=-1 level=103.60  ...
Unknown model type pspnqs103va - ignored

Warning: Model issue on line 788 :
  .model xbgr.xm43:sg13g2_hv_nmos_psp_rf pspnqs103va type=+1 level=103.60  ...
Unknown model type pspnqs103va - ignored

Warning: Model issue on line 809 :
  .model xbgr.xm43:sg13g2_hv_pmos_psp_rf pspnqs103va type=-1 level=103.60  ...
Unknown model type pspnqs103va - ignored

Warning: Model issue on line 788 :
  .model xbgr.xm44:sg13g2_hv_nmos_psp_rf pspnqs103va type=+1 level=103.60  ...
Unknown model type pspnqs103va - ignored

Warning: Model issue on line 809 :
  .model xbgr.xm44:sg13g2_hv_pmos_psp_rf pspnqs103va type=-1 level=103.60  ...
Unknown model type pspnqs103va - ignored

Warning: Model issue on line 788 :
  .model xbgr.xm45:sg13g2_hv_nmos_psp_rf pspnqs103va type=+1 level=103.60  ...
Unknown model type pspnqs103va - ignored

Warning: Model issue on line 809 :
  .model xbgr.xm45:sg13g2_hv_pmos_psp_rf pspnqs103va type=-1 level=103.60  ...
Unknown model type pspnqs103va - ignored

Warning: Model issue on line 788 :
  .model xbgr.xm46:sg13g2_hv_nmos_psp_rf pspnqs103va type=+1 level=103.60  ...
Unknown model type pspnqs103va - ignored

Warning: Model issue on line 809 :
  .model xbgr.xm46:sg13g2_hv_pmos_psp_rf pspnqs103va type=-1 level=103.60  ...
Unknown model type pspnqs103va - ignored

Warning: Model issue on line 788 :
  .model xbgr.xm47:sg13g2_hv_nmos_psp_rf pspnqs103va type=+1 level=103.60  ...
Unknown model type pspnqs103va - ignored

Warning: Model issue on line 809 :
  .model xbgr.xm47:sg13g2_hv_pmos_psp_rf pspnqs103va type=-1 level=103.60  ...
Unknown model type pspnqs103va - ignored

Warning: Model issue on line 788 :
  .model xbgr.xm48:sg13g2_hv_nmos_psp_rf pspnqs103va type=+1 level=103.60  ...
Unknown model type pspnqs103va - ignored

Warning: Model issue on line 809 :
  .model xbgr.xm48:sg13g2_hv_pmos_psp_rf pspnqs103va type=-1 level=103.60  ...
Unknown model type pspnqs103va - ignored

Warning: Model issue on line 788 :
  .model xbgr.xm49:sg13g2_hv_nmos_psp_rf pspnqs103va type=+1 level=103.60  ...
Unknown model type pspnqs103va - ignored

Warning: Model issue on line 809 :
  .model xbgr.xm49:sg13g2_hv_pmos_psp_rf pspnqs103va type=-1 level=103.60  ...
Unknown model type pspnqs103va - ignored

Warning: Model issue on line 788 :
  .model xbgr.xm50:sg13g2_hv_nmos_psp_rf pspnqs103va type=+1 level=103.60  ...
Unknown model type pspnqs103va - ignored

Warning: Model issue on line 809 :
  .model xbgr.xm50:sg13g2_hv_pmos_psp_rf pspnqs103va type=-1 level=103.60  ...
Unknown model type pspnqs103va - ignored

Warning: Model issue on line 788 :
  .model xbgr.xm51:sg13g2_hv_nmos_psp_rf pspnqs103va type=+1 level=103.60  ...
Unknown model type pspnqs103va - ignored

Warning: Model issue on line 809 :
  .model xbgr.xm51:sg13g2_hv_pmos_psp_rf pspnqs103va type=-1 level=103.60  ...
Unknown model type pspnqs103va - ignored

Warning: Model issue on line 788 :
  .model xbgr.xm52:sg13g2_hv_nmos_psp_rf pspnqs103va type=+1 level=103.60  ...
Unknown model type pspnqs103va - ignored

Warning: Model issue on line 809 :
  .model xbgr.xm52:sg13g2_hv_pmos_psp_rf pspnqs103va type=-1 level=103.60  ...
Unknown model type pspnqs103va - ignored

Warning: Model issue on line 788 :
  .model xbgr.xm53:sg13g2_hv_nmos_psp_rf pspnqs103va type=+1 level=103.60  ...
Unknown model type pspnqs103va - ignored

Warning: Model issue on line 809 :
  .model xbgr.xm53:sg13g2_hv_pmos_psp_rf pspnqs103va type=-1 level=103.60  ...
Unknown model type pspnqs103va - ignored

Warning: Model issue on line 788 :
  .model xbgr.xm54:sg13g2_hv_nmos_psp_rf pspnqs103va type=+1 level=103.60  ...
Unknown model type pspnqs103va - ignored

Warning: Model issue on line 809 :
  .model xbgr.xm54:sg13g2_hv_pmos_psp_rf pspnqs103va type=-1 level=103.60  ...
Unknown model type pspnqs103va - ignored

Warning: Model issue on line 679 :
  .model xt2f.xm1:sg13g2_hv_nmos_psp_rf pspnqs103va type=+1 level=103.60 t ...
Unknown model type pspnqs103va - ignored

Warning: Model issue on line 700 :
  .model xt2f.xm1:sg13g2_hv_pmos_psp_rf pspnqs103va type=-1 level=103.60 t ...
Unknown model type pspnqs103va - ignored

Warning: Model issue on line 679 :
  .model xt2f.xm2:sg13g2_hv_nmos_psp_rf pspnqs103va type=+1 level=103.60 t ...
Unknown model type pspnqs103va - ignored

Warning: Model issue on line 700 :
  .model xt2f.xm2:sg13g2_hv_pmos_psp_rf pspnqs103va type=-1 level=103.60 t ...
Unknown model type pspnqs103va - ignored

Warning: Model issue on line 679 :
  .model xt2f.xm13:sg13g2_hv_nmos_psp_rf pspnqs103va type=+1 level=103.60  ...
Unknown model type pspnqs103va - ignored

Warning: Model issue on line 700 :
  .model xt2f.xm13:sg13g2_hv_pmos_psp_rf pspnqs103va type=-1 level=103.60  ...
Unknown model type pspnqs103va - ignored

Warning: Model issue on line 679 :
  .model xt2f.xm14:sg13g2_hv_nmos_psp_rf pspnqs103va type=+1 level=103.60  ...
Unknown model type pspnqs103va - ignored

Warning: Model issue on line 700 :
  .model xt2f.xm14:sg13g2_hv_pmos_psp_rf pspnqs103va type=-1 level=103.60  ...
Unknown model type pspnqs103va - ignored

Warning: Model issue on line 890 :
  .model xt2f.xm15:sg13g2_lv_nmos_psp_rf pspnqs103va type=+1 level=103.60  ...
Unknown model type pspnqs103va - ignored

Warning: Model issue on line 912 :
  .model xt2f.xm15:sg13g2_lv_pmos_psp_rf pspnqs103va type=-1 level=103.60  ...
Unknown model type pspnqs103va - ignored

Warning: Model issue on line 914 :
  .model xt2f.xm15:nmoscl_psp_rf pspnqs103va type=+1 tr=27.0 dta=0.0 swgeo ...
Unknown model type pspnqs103va - ignored

Warning: Model issue on line 779 :
  .model xt2f.xm16:sg13g2_lv_nmos_psp_rf pspnqs103va type=+1 level=103.60  ...
Unknown model type pspnqs103va - ignored

Warning: Model issue on line 801 :
  .model xt2f.xm16:sg13g2_lv_pmos_psp_rf pspnqs103va type=-1 level=103.60  ...
Unknown model type pspnqs103va - ignored

Warning: Model issue on line 803 :
  .model xt2f.xm16:nmoscl_psp_rf pspnqs103va type=+1 tr=27.0 dta=0.0 swgeo ...
Unknown model type pspnqs103va - ignored

Warning: Model issue on line 779 :
  .model xt2f.xm17:sg13g2_lv_nmos_psp_rf pspnqs103va type=+1 level=103.60  ...
Unknown model type pspnqs103va - ignored

Warning: Model issue on line 801 :
  .model xt2f.xm17:sg13g2_lv_pmos_psp_rf pspnqs103va type=-1 level=103.60  ...
Unknown model type pspnqs103va - ignored

Warning: Model issue on line 803 :
  .model xt2f.xm17:nmoscl_psp_rf pspnqs103va type=+1 tr=27.0 dta=0.0 swgeo ...
Unknown model type pspnqs103va - ignored

Warning: Model issue on line 890 :
  .model xt2f.xm18:sg13g2_lv_nmos_psp_rf pspnqs103va type=+1 level=103.60  ...
Unknown model type pspnqs103va - ignored

Warning: Model issue on line 912 :
  .model xt2f.xm18:sg13g2_lv_pmos_psp_rf pspnqs103va type=-1 level=103.60  ...
Unknown model type pspnqs103va - ignored

Warning: Model issue on line 914 :
  .model xt2f.xm18:nmoscl_psp_rf pspnqs103va type=+1 tr=27.0 dta=0.0 swgeo ...
Unknown model type pspnqs103va - ignored

Warning: Model issue on line 890 :
  .model xt2f.xm19:sg13g2_lv_nmos_psp_rf pspnqs103va type=+1 level=103.60  ...
Unknown model type pspnqs103va - ignored

Warning: Model issue on line 912 :
  .model xt2f.xm19:sg13g2_lv_pmos_psp_rf pspnqs103va type=-1 level=103.60  ...
Unknown model type pspnqs103va - ignored

Warning: Model issue on line 914 :
  .model xt2f.xm19:nmoscl_psp_rf pspnqs103va type=+1 tr=27.0 dta=0.0 swgeo ...
Unknown model type pspnqs103va - ignored

Warning: Model issue on line 788 :
  .model xt2f.xm20:sg13g2_hv_nmos_psp_rf pspnqs103va type=+1 level=103.60  ...
Unknown model type pspnqs103va - ignored

Warning: Model issue on line 809 :
  .model xt2f.xm20:sg13g2_hv_pmos_psp_rf pspnqs103va type=-1 level=103.60  ...
Unknown model type pspnqs103va - ignored

Warning: Model issue on line 788 :
  .model xt2f.xm21:sg13g2_hv_nmos_psp_rf pspnqs103va type=+1 level=103.60  ...
Unknown model type pspnqs103va - ignored

Warning: Model issue on line 809 :
  .model xt2f.xm21:sg13g2_hv_pmos_psp_rf pspnqs103va type=-1 level=103.60  ...
Unknown model type pspnqs103va - ignored

Warning: Model issue on line 788 :
  .model xt2f.xm22:sg13g2_hv_nmos_psp_rf pspnqs103va type=+1 level=103.60  ...
Unknown model type pspnqs103va - ignored

Warning: Model issue on line 809 :
  .model xt2f.xm22:sg13g2_hv_pmos_psp_rf pspnqs103va type=-1 level=103.60  ...
Unknown model type pspnqs103va - ignored

Warning: Model issue on line 679 :
  .model xt2f.xm23:sg13g2_hv_nmos_psp_rf pspnqs103va type=+1 level=103.60  ...
Unknown model type pspnqs103va - ignored

Warning: Model issue on line 700 :
  .model xt2f.xm23:sg13g2_hv_pmos_psp_rf pspnqs103va type=-1 level=103.60  ...
Unknown model type pspnqs103va - ignored

Warning: Model issue on line 679 :
  .model xt2f.xm24:sg13g2_hv_nmos_psp_rf pspnqs103va type=+1 level=103.60  ...
Unknown model type pspnqs103va - ignored

Warning: Model issue on line 700 :
  .model xt2f.xm24:sg13g2_hv_pmos_psp_rf pspnqs103va type=-1 level=103.60  ...
Unknown model type pspnqs103va - ignored

Warning: Model issue on line 679 :
  .model xt2f.xm25:sg13g2_hv_nmos_psp_rf pspnqs103va type=+1 level=103.60  ...
Unknown model type pspnqs103va - ignored

Warning: Model issue on line 700 :
  .model xt2f.xm25:sg13g2_hv_pmos_psp_rf pspnqs103va type=-1 level=103.60  ...
Unknown model type pspnqs103va - ignored

Warning: Model issue on line 788 :
  .model xt2f.xm26:sg13g2_hv_nmos_psp_rf pspnqs103va type=+1 level=103.60  ...
Unknown model type pspnqs103va - ignored

Warning: Model issue on line 809 :
  .model xt2f.xm26:sg13g2_hv_pmos_psp_rf pspnqs103va type=-1 level=103.60  ...
Unknown model type pspnqs103va - ignored

Warning: Model issue on line 788 :
  .model xt2f.xm27:sg13g2_hv_nmos_psp_rf pspnqs103va type=+1 level=103.60  ...
Unknown model type pspnqs103va - ignored

Warning: Model issue on line 809 :
  .model xt2f.xm27:sg13g2_hv_pmos_psp_rf pspnqs103va type=-1 level=103.60  ...
Unknown model type pspnqs103va - ignored

Warning: Model issue on line 788 :
  .model xt2f.xm28:sg13g2_hv_nmos_psp_rf pspnqs103va type=+1 level=103.60  ...
Unknown model type pspnqs103va - ignored

Warning: Model issue on line 809 :
  .model xt2f.xm28:sg13g2_hv_pmos_psp_rf pspnqs103va type=-1 level=103.60  ...
Unknown model type pspnqs103va - ignored

Warning: Model issue on line 788 :
  .model xt2f.xm29:sg13g2_hv_nmos_psp_rf pspnqs103va type=+1 level=103.60  ...
Unknown model type pspnqs103va - ignored

Warning: Model issue on line 809 :
  .model xt2f.xm29:sg13g2_hv_pmos_psp_rf pspnqs103va type=-1 level=103.60  ...
Unknown model type pspnqs103va - ignored

Warning: Model issue on line 788 :
  .model xt2f.xm30:sg13g2_hv_nmos_psp_rf pspnqs103va type=+1 level=103.60  ...
Unknown model type pspnqs103va - ignored

Warning: Model issue on line 809 :
  .model xt2f.xm30:sg13g2_hv_pmos_psp_rf pspnqs103va type=-1 level=103.60  ...
Unknown model type pspnqs103va - ignored

Warning: Model issue on line 788 :
  .model xt2f.xm31:sg13g2_hv_nmos_psp_rf pspnqs103va type=+1 level=103.60  ...
Unknown model type pspnqs103va - ignored

Warning: Model issue on line 809 :
  .model xt2f.xm31:sg13g2_hv_pmos_psp_rf pspnqs103va type=-1 level=103.60  ...
Unknown model type pspnqs103va - ignored

Warning: Model issue on line 788 :
  .model xt2f.xm32:sg13g2_hv_nmos_psp_rf pspnqs103va type=+1 level=103.60  ...
Unknown model type pspnqs103va - ignored

Warning: Model issue on line 809 :
  .model xt2f.xm32:sg13g2_hv_pmos_psp_rf pspnqs103va type=-1 level=103.60  ...
Unknown model type pspnqs103va - ignored

Warning: Model issue on line 788 :
  .model xt2f.xm33:sg13g2_hv_nmos_psp_rf pspnqs103va type=+1 level=103.60  ...
Unknown model type pspnqs103va - ignored

Warning: Model issue on line 809 :
  .model xt2f.xm33:sg13g2_hv_pmos_psp_rf pspnqs103va type=-1 level=103.60  ...
Unknown model type pspnqs103va - ignored

Warning: Model issue on line 788 :
  .model xt2f.xm34:sg13g2_hv_nmos_psp_rf pspnqs103va type=+1 level=103.60  ...
Unknown model type pspnqs103va - ignored

Warning: Model issue on line 809 :
  .model xt2f.xm34:sg13g2_hv_pmos_psp_rf pspnqs103va type=-1 level=103.60  ...
Unknown model type pspnqs103va - ignored

Warning: Model issue on line 788 :
  .model xt2f.xm35:sg13g2_hv_nmos_psp_rf pspnqs103va type=+1 level=103.60  ...
Unknown model type pspnqs103va - ignored

Warning: Model issue on line 809 :
  .model xt2f.xm35:sg13g2_hv_pmos_psp_rf pspnqs103va type=-1 level=103.60  ...
Unknown model type pspnqs103va - ignored

Warning: Model issue on line 679 :
  .model xt2f.xm36:sg13g2_hv_nmos_psp_rf pspnqs103va type=+1 level=103.60  ...
Unknown model type pspnqs103va - ignored

Warning: Model issue on line 700 :
  .model xt2f.xm36:sg13g2_hv_pmos_psp_rf pspnqs103va type=-1 level=103.60  ...
Unknown model type pspnqs103va - ignored

Warning: Model issue on line 679 :
  .model xt2f.xm37:sg13g2_hv_nmos_psp_rf pspnqs103va type=+1 level=103.60  ...
Unknown model type pspnqs103va - ignored

Warning: Model issue on line 700 :
  .model xt2f.xm37:sg13g2_hv_pmos_psp_rf pspnqs103va type=-1 level=103.60  ...
Unknown model type pspnqs103va - ignored

Warning: Model issue on line 679 :
  .model xt2f.xm38:sg13g2_hv_nmos_psp_rf pspnqs103va type=+1 level=103.60  ...
Unknown model type pspnqs103va - ignored

Warning: Model issue on line 700 :
  .model xt2f.xm38:sg13g2_hv_pmos_psp_rf pspnqs103va type=-1 level=103.60  ...
Unknown model type pspnqs103va - ignored

Warning: Model issue on line 679 :
  .model xt2f.xm39:sg13g2_hv_nmos_psp_rf pspnqs103va type=+1 level=103.60  ...
Unknown model type pspnqs103va - ignored

Warning: Model issue on line 700 :
  .model xt2f.xm39:sg13g2_hv_pmos_psp_rf pspnqs103va type=-1 level=103.60  ...
Unknown model type pspnqs103va - ignored

Warning: Model issue on line 788 :
  .model xt2f.xm46:sg13g2_hv_nmos_psp_rf pspnqs103va type=+1 level=103.60  ...
Unknown model type pspnqs103va - ignored

Warning: Model issue on line 809 :
  .model xt2f.xm46:sg13g2_hv_pmos_psp_rf pspnqs103va type=-1 level=103.60  ...
Unknown model type pspnqs103va - ignored

Warning: Model issue on line 788 :
  .model xt2f.xm47:sg13g2_hv_nmos_psp_rf pspnqs103va type=+1 level=103.60  ...
Unknown model type pspnqs103va - ignored

Warning: Model issue on line 809 :
  .model xt2f.xm47:sg13g2_hv_pmos_psp_rf pspnqs103va type=-1 level=103.60  ...
Unknown model type pspnqs103va - ignored

Warning: Model issue on line 788 :
  .model xt2f.xm48:sg13g2_hv_nmos_psp_rf pspnqs103va type=+1 level=103.60  ...
Unknown model type pspnqs103va - ignored

Warning: Model issue on line 809 :
  .model xt2f.xm48:sg13g2_hv_pmos_psp_rf pspnqs103va type=-1 level=103.60  ...
Unknown model type pspnqs103va - ignored

Warning: Model issue on line 788 :
  .model xt2f.xm49:sg13g2_hv_nmos_psp_rf pspnqs103va type=+1 level=103.60  ...
Unknown model type pspnqs103va - ignored

Warning: Model issue on line 809 :
  .model xt2f.xm49:sg13g2_hv_pmos_psp_rf pspnqs103va type=-1 level=103.60  ...
Unknown model type pspnqs103va - ignored

Warning: Model issue on line 679 :
  .model xt2f.xm50:sg13g2_hv_nmos_psp_rf pspnqs103va type=+1 level=103.60  ...
Unknown model type pspnqs103va - ignored

Warning: Model issue on line 700 :
  .model xt2f.xm50:sg13g2_hv_pmos_psp_rf pspnqs103va type=-1 level=103.60  ...
Unknown model type pspnqs103va - ignored

Warning: Model issue on line 679 :
  .model xt2f.xm51:sg13g2_hv_nmos_psp_rf pspnqs103va type=+1 level=103.60  ...
Unknown model type pspnqs103va - ignored

Warning: Model issue on line 700 :
  .model xt2f.xm51:sg13g2_hv_pmos_psp_rf pspnqs103va type=-1 level=103.60  ...
Unknown model type pspnqs103va - ignored

Warning: Model issue on line 679 :
  .model xt2f.xm52:sg13g2_hv_nmos_psp_rf pspnqs103va type=+1 level=103.60  ...
Unknown model type pspnqs103va - ignored

Warning: Model issue on line 700 :
  .model xt2f.xm52:sg13g2_hv_pmos_psp_rf pspnqs103va type=-1 level=103.60  ...
Unknown model type pspnqs103va - ignored

Warning: Model issue on line 679 :
  .model xt2f.xm53:sg13g2_hv_nmos_psp_rf pspnqs103va type=+1 level=103.60  ...
Unknown model type pspnqs103va - ignored

Warning: Model issue on line 700 :
  .model xt2f.xm53:sg13g2_hv_pmos_psp_rf pspnqs103va type=-1 level=103.60  ...
Unknown model type pspnqs103va - ignored

Warning: Model issue on line 679 :
  .model xt2f.xm54:sg13g2_hv_nmos_psp_rf pspnqs103va type=+1 level=103.60  ...
Unknown model type pspnqs103va - ignored

Warning: Model issue on line 700 :
  .model xt2f.xm54:sg13g2_hv_pmos_psp_rf pspnqs103va type=-1 level=103.60  ...
Unknown model type pspnqs103va - ignored

Warning: Model issue on line 679 :
  .model xt2f.xm55:sg13g2_hv_nmos_psp_rf pspnqs103va type=+1 level=103.60  ...
Unknown model type pspnqs103va - ignored

Warning: Model issue on line 700 :
  .model xt2f.xm55:sg13g2_hv_pmos_psp_rf pspnqs103va type=-1 level=103.60  ...
Unknown model type pspnqs103va - ignored

Warning: Model issue on line 679 :
  .model xt2f.xm56:sg13g2_hv_nmos_psp_rf pspnqs103va type=+1 level=103.60  ...
Unknown model type pspnqs103va - ignored

Warning: Model issue on line 700 :
  .model xt2f.xm56:sg13g2_hv_pmos_psp_rf pspnqs103va type=-1 level=103.60  ...
Unknown model type pspnqs103va - ignored

Warning: Model issue on line 679 :
  .model xt2f.xm57:sg13g2_hv_nmos_psp_rf pspnqs103va type=+1 level=103.60  ...
Unknown model type pspnqs103va - ignored

Warning: Model issue on line 700 :
  .model xt2f.xm57:sg13g2_hv_pmos_psp_rf pspnqs103va type=-1 level=103.60  ...
Unknown model type pspnqs103va - ignored

Warning: Model issue on line 679 :
  .model xt2f.xm58:sg13g2_hv_nmos_psp_rf pspnqs103va type=+1 level=103.60  ...
Unknown model type pspnqs103va - ignored

Warning: Model issue on line 700 :
  .model xt2f.xm58:sg13g2_hv_pmos_psp_rf pspnqs103va type=-1 level=103.60  ...
Unknown model type pspnqs103va - ignored

Warning: Model issue on line 679 :
  .model xt2f.xm59:sg13g2_hv_nmos_psp_rf pspnqs103va type=+1 level=103.60  ...
Unknown model type pspnqs103va - ignored

Warning: Model issue on line 700 :
  .model xt2f.xm59:sg13g2_hv_pmos_psp_rf pspnqs103va type=-1 level=103.60  ...
Unknown model type pspnqs103va - ignored

Warning: Model issue on line 679 :
  .model xt2f.xm60:sg13g2_hv_nmos_psp_rf pspnqs103va type=+1 level=103.60  ...
Unknown model type pspnqs103va - ignored

Warning: Model issue on line 700 :
  .model xt2f.xm60:sg13g2_hv_pmos_psp_rf pspnqs103va type=-1 level=103.60  ...
Unknown model type pspnqs103va - ignored

Warning: Model issue on line 679 :
  .model xt2f.xm61:sg13g2_hv_nmos_psp_rf pspnqs103va type=+1 level=103.60  ...
Unknown model type pspnqs103va - ignored

Warning: Model issue on line 700 :
  .model xt2f.xm61:sg13g2_hv_pmos_psp_rf pspnqs103va type=-1 level=103.60  ...
Unknown model type pspnqs103va - ignored

Warning: Model issue on line 679 :
  .model xt2f.xm62:sg13g2_hv_nmos_psp_rf pspnqs103va type=+1 level=103.60  ...
Unknown model type pspnqs103va - ignored

Warning: Model issue on line 700 :
  .model xt2f.xm62:sg13g2_hv_pmos_psp_rf pspnqs103va type=-1 level=103.60  ...
Unknown model type pspnqs103va - ignored

Warning: Model issue on line 679 :
  .model xt2f.xm63:sg13g2_hv_nmos_psp_rf pspnqs103va type=+1 level=103.60  ...
Unknown model type pspnqs103va - ignored

Warning: Model issue on line 700 :
  .model xt2f.xm63:sg13g2_hv_pmos_psp_rf pspnqs103va type=-1 level=103.60  ...
Unknown model type pspnqs103va - ignored

Warning: Model issue on line 679 :
  .model xt2f.xm64:sg13g2_hv_nmos_psp_rf pspnqs103va type=+1 level=103.60  ...
Unknown model type pspnqs103va - ignored

Warning: Model issue on line 700 :
  .model xt2f.xm64:sg13g2_hv_pmos_psp_rf pspnqs103va type=-1 level=103.60  ...
Unknown model type pspnqs103va - ignored

Warning: Model issue on line 679 :
  .model xt2f.xm65:sg13g2_hv_nmos_psp_rf pspnqs103va type=+1 level=103.60  ...
Unknown model type pspnqs103va - ignored

Warning: Model issue on line 700 :
  .model xt2f.xm65:sg13g2_hv_pmos_psp_rf pspnqs103va type=-1 level=103.60  ...
Unknown model type pspnqs103va - ignored

Warning: Model issue on line 679 :
  .model xt2f.xm66:sg13g2_hv_nmos_psp_rf pspnqs103va type=+1 level=103.60  ...
Unknown model type pspnqs103va - ignored

Warning: Model issue on line 700 :
  .model xt2f.xm66:sg13g2_hv_pmos_psp_rf pspnqs103va type=-1 level=103.60  ...
Unknown model type pspnqs103va - ignored

Warning: Model issue on line 679 :
  .model xt2f.xm67:sg13g2_hv_nmos_psp_rf pspnqs103va type=+1 level=103.60  ...
Unknown model type pspnqs103va - ignored

Warning: Model issue on line 700 :
  .model xt2f.xm67:sg13g2_hv_pmos_psp_rf pspnqs103va type=-1 level=103.60  ...
Unknown model type pspnqs103va - ignored

Warning: Model issue on line 679 :
  .model xt2f.xm68:sg13g2_hv_nmos_psp_rf pspnqs103va type=+1 level=103.60  ...
Unknown model type pspnqs103va - ignored

Warning: Model issue on line 700 :
  .model xt2f.xm68:sg13g2_hv_pmos_psp_rf pspnqs103va type=-1 level=103.60  ...
Unknown model type pspnqs103va - ignored

Warning: Model issue on line 679 :
  .model xt2f.xm69:sg13g2_hv_nmos_psp_rf pspnqs103va type=+1 level=103.60  ...
Unknown model type pspnqs103va - ignored

Warning: Model issue on line 700 :
  .model xt2f.xm69:sg13g2_hv_pmos_psp_rf pspnqs103va type=-1 level=103.60  ...
Unknown model type pspnqs103va - ignored

Warning: Model issue on line 679 :
  .model xt2f.xm70:sg13g2_hv_nmos_psp_rf pspnqs103va type=+1 level=103.60  ...
Unknown model type pspnqs103va - ignored

Warning: Model issue on line 700 :
  .model xt2f.xm70:sg13g2_hv_pmos_psp_rf pspnqs103va type=-1 level=103.60  ...
Unknown model type pspnqs103va - ignored

Warning: Model issue on line 679 :
  .model xt2f.xm71:sg13g2_hv_nmos_psp_rf pspnqs103va type=+1 level=103.60  ...
Unknown model type pspnqs103va - ignored

Warning: Model issue on line 700 :
  .model xt2f.xm71:sg13g2_hv_pmos_psp_rf pspnqs103va type=-1 level=103.60  ...
Unknown model type pspnqs103va - ignored

Warning: Model issue on line 679 :
  .model xt2f.xm72:sg13g2_hv_nmos_psp_rf pspnqs103va type=+1 level=103.60  ...
Unknown model type pspnqs103va - ignored

Warning: Model issue on line 700 :
  .model xt2f.xm72:sg13g2_hv_pmos_psp_rf pspnqs103va type=-1 level=103.60  ...
Unknown model type pspnqs103va - ignored

Warning: Model issue on line 679 :
  .model xt2f.xm73:sg13g2_hv_nmos_psp_rf pspnqs103va type=+1 level=103.60  ...
Unknown model type pspnqs103va - ignored

Warning: Model issue on line 700 :
  .model xt2f.xm73:sg13g2_hv_pmos_psp_rf pspnqs103va type=-1 level=103.60  ...
Unknown model type pspnqs103va - ignored

Warning: Model issue on line 679 :
  .model xt2f.xm74:sg13g2_hv_nmos_psp_rf pspnqs103va type=+1 level=103.60  ...
Unknown model type pspnqs103va - ignored

Warning: Model issue on line 700 :
  .model xt2f.xm74:sg13g2_hv_pmos_psp_rf pspnqs103va type=-1 level=103.60  ...
Unknown model type pspnqs103va - ignored

Warning: Model issue on line 679 :
  .model xt2f.xm75:sg13g2_hv_nmos_psp_rf pspnqs103va type=+1 level=103.60  ...
Unknown model type pspnqs103va - ignored

Warning: Model issue on line 700 :
  .model xt2f.xm75:sg13g2_hv_pmos_psp_rf pspnqs103va type=-1 level=103.60  ...
Unknown model type pspnqs103va - ignored

Warning: Model issue on line 679 :
  .model xt2f.xm76:sg13g2_hv_nmos_psp_rf pspnqs103va type=+1 level=103.60  ...
Unknown model type pspnqs103va - ignored

Warning: Model issue on line 700 :
  .model xt2f.xm76:sg13g2_hv_pmos_psp_rf pspnqs103va type=-1 level=103.60  ...
Unknown model type pspnqs103va - ignored

Warning: Model issue on line 788 :
  .model xt2f.xm77:sg13g2_hv_nmos_psp_rf pspnqs103va type=+1 level=103.60  ...
Unknown model type pspnqs103va - ignored

Warning: Model issue on line 809 :
  .model xt2f.xm77:sg13g2_hv_pmos_psp_rf pspnqs103va type=-1 level=103.60  ...
Unknown model type pspnqs103va - ignored

Warning: Model issue on line 788 :
  .model xt2f.xm78:sg13g2_hv_nmos_psp_rf pspnqs103va type=+1 level=103.60  ...
Unknown model type pspnqs103va - ignored

Warning: Model issue on line 809 :
  .model xt2f.xm78:sg13g2_hv_pmos_psp_rf pspnqs103va type=-1 level=103.60  ...
Unknown model type pspnqs103va - ignored

Warning: Model issue on line 788 :
  .model xt2f.xm79:sg13g2_hv_nmos_psp_rf pspnqs103va type=+1 level=103.60  ...
Unknown model type pspnqs103va - ignored

Warning: Model issue on line 809 :
  .model xt2f.xm79:sg13g2_hv_pmos_psp_rf pspnqs103va type=-1 level=103.60  ...
Unknown model type pspnqs103va - ignored

Warning: Model issue on line 788 :
  .model xt2f.xm80:sg13g2_hv_nmos_psp_rf pspnqs103va type=+1 level=103.60  ...
Unknown model type pspnqs103va - ignored

Warning: Model issue on line 809 :
  .model xt2f.xm80:sg13g2_hv_pmos_psp_rf pspnqs103va type=-1 level=103.60  ...
Unknown model type pspnqs103va - ignored

Warning: Model issue on line 788 :
  .model xt2f.xm81:sg13g2_hv_nmos_psp_rf pspnqs103va type=+1 level=103.60  ...
Unknown model type pspnqs103va - ignored

Warning: Model issue on line 809 :
  .model xt2f.xm81:sg13g2_hv_pmos_psp_rf pspnqs103va type=-1 level=103.60  ...
Unknown model type pspnqs103va - ignored

Warning: Model issue on line 788 :
  .model xt2f.xm82:sg13g2_hv_nmos_psp_rf pspnqs103va type=+1 level=103.60  ...
Unknown model type pspnqs103va - ignored

Warning: Model issue on line 809 :
  .model xt2f.xm82:sg13g2_hv_pmos_psp_rf pspnqs103va type=-1 level=103.60  ...
Unknown model type pspnqs103va - ignored

Warning: Model issue on line 788 :
  .model xt2f.xm83:sg13g2_hv_nmos_psp_rf pspnqs103va type=+1 level=103.60  ...
Unknown model type pspnqs103va - ignored

Warning: Model issue on line 809 :
  .model xt2f.xm83:sg13g2_hv_pmos_psp_rf pspnqs103va type=-1 level=103.60  ...
Unknown model type pspnqs103va - ignored

Warning: Model issue on line 788 :
  .model xt2f.xm84:sg13g2_hv_nmos_psp_rf pspnqs103va type=+1 level=103.60  ...
Unknown model type pspnqs103va - ignored

Warning: Model issue on line 809 :
  .model xt2f.xm84:sg13g2_hv_pmos_psp_rf pspnqs103va type=-1 level=103.60  ...
Unknown model type pspnqs103va - ignored

Warning: Model issue on line 788 :
  .model xt2f.xm85:sg13g2_hv_nmos_psp_rf pspnqs103va type=+1 level=103.60  ...
Unknown model type pspnqs103va - ignored

Warning: Model issue on line 809 :
  .model xt2f.xm85:sg13g2_hv_pmos_psp_rf pspnqs103va type=-1 level=103.60  ...
Unknown model type pspnqs103va - ignored

Warning: Model issue on line 788 :
  .model xt2f.xm86:sg13g2_hv_nmos_psp_rf pspnqs103va type=+1 level=103.60  ...
Unknown model type pspnqs103va - ignored

Warning: Model issue on line 809 :
  .model xt2f.xm86:sg13g2_hv_pmos_psp_rf pspnqs103va type=-1 level=103.60  ...
Unknown model type pspnqs103va - ignored

Warning: Model issue on line 788 :
  .model xt2f.xm87:sg13g2_hv_nmos_psp_rf pspnqs103va type=+1 level=103.60  ...
Unknown model type pspnqs103va - ignored

Warning: Model issue on line 809 :
  .model xt2f.xm87:sg13g2_hv_pmos_psp_rf pspnqs103va type=-1 level=103.60  ...
Unknown model type pspnqs103va - ignored

Warning: Model issue on line 788 :
  .model xt2f.xm88:sg13g2_hv_nmos_psp_rf pspnqs103va type=+1 level=103.60  ...
Unknown model type pspnqs103va - ignored

Warning: Model issue on line 809 :
  .model xt2f.xm88:sg13g2_hv_pmos_psp_rf pspnqs103va type=-1 level=103.60  ...
Unknown model type pspnqs103va - ignored

Warning: Model issue on line 788 :
  .model xt2f.xm89:sg13g2_hv_nmos_psp_rf pspnqs103va type=+1 level=103.60  ...
Unknown model type pspnqs103va - ignored

Warning: Model issue on line 809 :
  .model xt2f.xm89:sg13g2_hv_pmos_psp_rf pspnqs103va type=-1 level=103.60  ...
Unknown model type pspnqs103va - ignored

Warning: Model issue on line 788 :
  .model xt2f.xm90:sg13g2_hv_nmos_psp_rf pspnqs103va type=+1 level=103.60  ...
Unknown model type pspnqs103va - ignored

Warning: Model issue on line 809 :
  .model xt2f.xm90:sg13g2_hv_pmos_psp_rf pspnqs103va type=-1 level=103.60  ...
Unknown model type pspnqs103va - ignored

Warning: Model issue on line 890 :
  .model xt2f.xm91:sg13g2_lv_nmos_psp_rf pspnqs103va type=+1 level=103.60  ...
Unknown model type pspnqs103va - ignored

Warning: Model issue on line 912 :
  .model xt2f.xm91:sg13g2_lv_pmos_psp_rf pspnqs103va type=-1 level=103.60  ...
Unknown model type pspnqs103va - ignored

Warning: Model issue on line 914 :
  .model xt2f.xm91:nmoscl_psp_rf pspnqs103va type=+1 tr=27.0 dta=0.0 swgeo ...
Unknown model type pspnqs103va - ignored



The temperature limiting function received NaN.
Please check your power dissipation and improve your heat sink Rth!
    This message will be shown only once.

Note: Starting dynamic gmin stepping
Note: Dynamic gmin stepping completed
Doing analysis at TEMP = 100.000000 and TNOM = 27.000000

Using SPARSE 1.3 as Direct Linear Solver
 Reference value :  0.00000e+00Note: Starting dynamic gmin stepping
Note: Dynamic gmin stepping completed

No. of Data Rows : 1
@n.xbgr.xm34.nsg13_hv_nmos[delvto] = 1.491483627302215e-03
@n.xbgr.xr16.nr1[nsmm_rsh] = -1.41763045478155e+00
@q.xbgr.xq56.qnpn13g2[area] = 9.204258091181692e-01
@q.xt2f.xq42.qnpn13g2[area] = 9.419995445278075e-01
@c.xt2f.xc1.c1[scale] = 1.000213388345845e+00
Doing analysis at TEMP = 100.000000 and TNOM = 27.000000

Using SPARSE 1.3 as Direct Linear Solver

Initial Transient Solution
--------------------------

Node                                   Voltage
----                                   -------
sub!                                         0
vdd                                        3.3
vdd12                                      1.2
r4                                           0
en                                           0
mode                                         0
xbgr.n_23                             0.215623
xbgr.xr1.dt                                  0
xbgr.n_12                              3.03346
xbgr.det                               3.25004
xbgr.xr2.dt                                  0
xbgr.n_13                              2.60369
xbgr.n_24                              2.38955
xbgr.xr3.dt                                  0
xbgr.n_14                              2.17208
xbgr.xr4.dt                                  0
xbgr.n_26                              1.95229
xbgr.xr5.dt                                  0
xbgr.n_15                              1.73608
xbgr.xr6.dt                                  0
xbgr.n_27                               1.5206
xbgr.xr7.dt                                  0
xbgr.n_16                              1.30289
xbgr.xr8.dt                                  0
xbgr.n_21                              1.08516
xbgr.xr9.dt                                  0
xbgr.n_25                              2.81883
xbgr.xr10.dt                                 0
xbgr.xr11.dt                                 0
xbgr.n_17                              0.86728
xbgr.n_22                              0.64742
xbgr.xr12.dt                                 0
xbgr.n_18                             0.429716
xbgr.xr13.dt                                 0
xbgr.xr14.dt                                 0
xbgr.xr15.dt                                 0
dvbe                                 0.0734267
xbgr.xr16.dt                                 0
xbgr.n_7                              0.990404
vref                                   1.06519
xbgr.xr17.dt                                 0
xbgr.n_2                              0.841044
xbgr.n_36                             0.915656
xbgr.xr18.dt                                 0
xbgr.xr19.dt                                 0
xbgr.n_37                              0.76625
xbgr.xr20.dt                                 0
xbgr.n_8                              0.690992
xbgr.xr21.dt                                 0
xbgr.vbe3                             0.616353
xbgr.xr22.dt                                 0
xbgr.n_6                               1.44305
xbgr.vb2                               1.51217
xbgr.xr23.dt                                 0
xbgr.n_9                               1.30458
xbgr.vd1                               1.23562
xbgr.xr24.dt                                 0
xbgr.n_19                              1.37392
xbgr.xr25.dt                                 0
xbgr.xr26.dt                                 0
xbgr.kick                          8.81993e-08
xbgr.r4n                                   3.3
vbe                                   0.619293
xbgr.b1b                           1.19332e-08
pbias                                  2.28256
xbgr.n1                               0.639474
xbgr.c2                               0.724469
pcasc                                  1.56951
xbgr.d1                                2.58881
xbgr.d2                                2.59182
xbgr.d4                                 2.5895
xbgr.d5                                2.58588
xbgr.d3                                2.58736
iptat                                        1
xbgr.xq55.s1                                 0
xbgr.xq55.t                                  0
xbgr.xq56.s1                       2.95627e-09
xbgr.xq56.t                          0.0419803
xbgr.xq57.s1                                 0
xbgr.xq57.t                                  0
xbgr.xq58.s1                                 0
xbgr.xq58.t                                  0
xbgr.xq59.s1                                 0
xbgr.xq59.t                                  0
xbgr.xq60.s1                       3.19353e-09
xbgr.xq60.t                          0.0382692
xbgr.xq61.s1                                 0
xbgr.xq61.t                                  0
xbgr.vd2                              0.620301
xbgr.xq62.s1                       2.86619e-09
xbgr.xq62.t                          0.0433333
xbgr.xq63.s1                                 0
xbgr.xq63.t                                  0
xbgr.xq64.s1                                 0
xbgr.xq64.t                                  0
xbgr.xq65.s1                                 0
xbgr.xq65.t                                  0
xbgr.xq66.s1                                 0
xbgr.xq66.t                                  0
xbgr.xq67.s1                       3.24605e-09
xbgr.xq67.t                        6.05775e-08
xbgr.xq68.s1                       3.33212e-09
xbgr.xq68.t                         0.00489292
xbgr.xq69.s1                       3.26952e-09
xbgr.xq69.t                         0.00489292
xbgr.xq70.s1                        3.7416e-09
xbgr.xq70.t                         0.00489293
xbgr.xq71.s1                       3.36647e-09
xbgr.xq71.t                         0.00489293
xbgr.xq72.s1                       2.71228e-09
xbgr.xq72.t                         0.00489291
xbgr.xq73.s1                       3.55076e-09
xbgr.xq73.t                         0.00489293
xbgr.xq74.s1                       2.94752e-09
xbgr.xq74.t                         0.00489292
xbgr.xq75.s1                       3.32425e-09
xbgr.xq75.t                          0.0370413
xbgr.xq76.s1                       3.49369e-09
xbgr.xq76.t                         0.00489293
xbgr.n_4                               2.21148
xbgr.xr77.dt                                 0
xbgr.n_11                              1.64077
xbgr.n_34                              1.71209
xbgr.xr78.dt                                 0
xbgr.n_10                              1.78349
xbgr.xr79.dt                                 0
xbgr.n_3                               1.92608
xbgr.n_31                              1.99752
xbgr.xr80.dt                                 0
xbgr.n_33                              1.85482
xbgr.xr81.dt                                 0
xbgr.n_5                               2.06872
xbgr.xr82.dt                                 0
xbgr.n_30                               2.1401
xbgr.xr83.dt                                 0
xbgr.xr84.dt                                 0
xbgr.xr85.dt                                 0
xbgr.xr86.dt                                 0
xt2f.vth                               1.06516
xt2f.moden                                 3.3
xt2f.vr                                1.39029
xt2f.n2                                1.24984
xt2f.xr3.dt                                  0
xt2f.n11                              0.138557
xt2f.xr4.dt                                  0
xt2f.n4                                1.11291
xt2f.xr5.dt                                  0
xt2f.n5                               0.975131
xt2f.xr6.dt                                  0
xt2f.n6                               0.835192
xt2f.n7                               0.696244
xt2f.xr7.dt                                  0
xt2f.n8                               0.555487
xt2f.xr8.dt                                  0
xt2f.n9                               0.417797
xt2f.xr9.dt                                  0
xt2f.n10                              0.278123
xt2f.xr10.dt                                 0
xt2f.xr11.dt                                 0
xt2f.xr12.dt                                 0
xt2f.cap1                          1.77391e-08
xt2f.d1g                                   3.3
xt2f.cap2                           1.9076e-08
xt2f.d2g                                   3.3
xt2f.fon                                   1.2
xt2f.lsb                           2.01778e-07
fout                               1.71351e-06
xt2f.lsa                                   1.2
xt2f.qn                                    3.3
xt2f.q                             8.44511e-08
xt2f.rn                                    3.3
xt2f.ni973                           0.0411754
xt2f.ni974                             2.74178
xt2f.sn                                    3.3
xt2f.isrc                                  3.3
xt2f.c2                            4.64103e-08
xt2f.c1                            4.79634e-08
xt2f.tail1                            0.424234
xt2f.nbias                            0.675899
xt2f.tail2                            0.435484
xt2f.xq40.s1                                 0
xt2f.xq40.t                                  0
xt2f.xq41.s1                                 0
xt2f.xq41.t                                  0
xt2f.ca1                               1.22911
xt2f.xq42.s1                       3.04456e-09
xt2f.xq42.t                           0.104047
xt2f.cb2                               1.46281
xt2f.xq43.s1                       3.27451e-09
xt2f.xq43.t                         1.4231e-07
xt2f.ca2                               1.23528
xt2f.xq44.s1                       4.13236e-09
xt2f.xq44.t                          0.0739624
xt2f.cb1                               1.46194
xt2f.xq45.s1                       3.49681e-09
xt2f.xq45.t                        1.42224e-07
xt2f.ob2                               3.29445
xt2f.oa2                               2.27202
xt2f.ob1                               3.29447
xt2f.oa1                               2.26112
xt2f.vcg                                2.3288
xt2f.a                             4.34675e-08
xt2f.ni961                             2.70561
xt2f.ni962                           0.0470778
xt2f.ni960                         4.22672e-08
xt2f.dr                                2.58622
xt2f.db                                2.58684
xt2f.do                                    3.3
xt2f.xc1.1                         1.77391e-08
xt2f.xc2.1                          1.9076e-08
vload#branch                       5.50578e-06
vmode#branch                                 0
ven#branch                                   0
vr4#branch                                   0
vdd12#branch                      -2.65908e-09
vdd#branch                        -7.35253e-05
vsub#branch                                  0

 Reference value :  6.64000e-08 Reference value :  1.20404e-06 Reference value :  1.45163e-06 Reference value :  1.70135e-06 Reference value :  1.95639e-06 Reference value :  2.20421e-06 Reference value :  2.45568e-06 Reference value :  2.65519e-06 Reference value :  2.89128e-06 Reference value :  3.00765e-06 Reference value :  3.23980e-06 Reference value :  3.48930e-06 Reference value :  3.74138e-06 Reference value :  3.99748e-06 Reference value :  4.25092e-06 Reference value :  4.50656e-06 Reference value :  4.76152e-06 Reference value :  5.02156e-06 Reference value :  5.29628e-06 Reference value :  5.52744e-06 Reference value :  5.80954e-06 Reference value :  6.13734e-06 Reference value :  6.50781e-06 Reference value :  6.72061e-06 Reference value :  7.01608e-06 Reference value :  7.27388e-06 Reference value :  7.53435e-06 Reference value :  7.75715e-06 Reference value :  8.01762e-06 Reference value :  8.29916e-06 Reference value :  8.55858e-06 Reference value :  8.78869e-06 Reference value :  9.06552e-06 Reference value :  9.32384e-06 Reference value :  9.58037e-06 Reference value :  9.83162e-06 Reference value :  1.00879e-05 Reference value :  1.03285e-05 Reference value :  1.05740e-05 Reference value :  1.08435e-05 Reference value :  1.11045e-05 Reference value :  1.13582e-05 Reference value :  1.16144e-05 Reference value :  1.18673e-05 Reference value :  1.21232e-05 Reference value :  1.23762e-05 Reference value :  1.26321e-05 Reference value :  1.28850e-05 Reference value :  1.31417e-05 Reference value :  1.33958e-05 Reference value :  1.36530e-05 Reference value :  1.39068e-05 Reference value :  1.42647e-05 Reference value :  1.46550e-05 Reference value :  1.49156e-05 Reference value :  1.51718e-05 Reference value :  1.54251e-05 Reference value :  1.56809e-05 Reference value :  1.59341e-05 Reference value :  1.61898e-05 Reference value :  1.64429e-05 Reference value :  1.66999e-05 Reference value :  1.69535e-05 Reference value :  1.72093e-05 Reference value :  1.74617e-05 Reference value :  1.77183e-05 Reference value :  1.80330e-05 Reference value :  1.84258e-05 Reference value :  1.87226e-05 Reference value :  1.89826e-05 Reference value :  1.92387e-05 Reference value :  1.94917e-05 Reference value :  1.97477e-05 Reference value :  2.00009e-05 Reference value :  2.02587e-05 Reference value :  2.05114e-05 Reference value :  2.07691e-05 Reference value :  2.10876e-05 Reference value :  2.15004e-05 Reference value :  2.17767e-05 Reference value :  2.20322e-05 Reference value :  2.22883e-05 Reference value :  2.25415e-05 Reference value :  2.27974e-05 Reference value :  2.30507e-05 Reference value :  2.33086e-05 Reference value :  2.35640e-05 Reference value :  2.38418e-05 Reference value :  2.42622e-05 Reference value :  2.45697e-05 Reference value :  2.48290e-05 Reference value :  2.50823e-05 Reference value :  2.53382e-05 Reference value :  2.55913e-05 Reference value :  2.58473e-05 Reference value :  2.61001e-05 Reference value :  2.63580e-05 Reference value :  2.66117e-05 Reference value :  2.69314e-05 Reference value :  2.73369e-05 Reference value :  2.76218e-05 Reference value :  2.78790e-05 Reference value :  2.81321e-05 Reference value :  2.83873e-05 Reference value :  2.86403e-05 Reference value :  2.88960e-05 Reference value :  2.91489e-05 Reference value :  2.94047e-05 Reference value :  2.96579e-05 Reference value :  2.99157e-05 Reference value :  3.01687e-05 Reference value :  3.04275e-05 Reference value :  3.07897e-05 Reference value :  3.11728e-05 Reference value :  3.14357e-05 Reference value :  3.16897e-05 Reference value :  3.19457e-05
No. of Data Rows : 21553
@n.xbgr.xm34.nsg13_hv_nmos[delvto] = 1.491483627302215e-03
@n.xbgr.xr16.nr1[nsmm_rsh] = -1.41763045478155e+00
@q.xbgr.xq56.qnpn13g2[area] = 9.204258091181692e-01
@q.xt2f.xq42.qnpn13g2[area] = 9.419995445278075e-01
@c.xt2f.xc1.c1[scale] = 1.000213388345845e+00
t_a                 =  4.75282e-06
t_b                 =  1.28851e-05
freq = 1.967458724560451e+06
i33_avg             =  -8.33786e-05 from=  4.75282e-06 to=  1.28852e-05
i12_avg             =  -3.18903e-07 from=  4.75282e-06 to=  1.28852e-05
vref_avg            =  1.06528e+00 from=  4.75282e-06 to=  1.28852e-05
vth_avg             =  1.06525e+00 from=  4.75282e-06 to=  1.28852e-05
cap1_max            =  1.11776e+00 at=  5.76861e-06
fout_hi             =  1.21245e+00 at=  6.02437e-06
fout_lo             =  -6.31085e-03 at=  5.26093e-06
t_half_a            =  2.55159e-07 targ=  5.00798e-06 trig=  4.75282e-06
ngspice-47 done
