
Note: No compatibility mode selected!


Circuit: * ls extracted macro characterization

Doing analysis at TEMP = 27.000000 and TNOM = 27.000000

Using SPARSE 1.3 as Direct Linear Solver

Initial Transient Solution
--------------------------

Node                                   Voltage
----                                   -------
sub!                                         0
vdd                                        1.2
vdda                                       3.3
x1.n_4                                     1.2
in                                           0
x1.n_3                             1.44829e-10
x1.n_5                                     3.3
out                                6.97624e-10
vin#branch                         3.42303e-11
vdda#branch                       -1.46962e-12
vdd#branch                        -5.95065e-11
vsub#branch                                  0

 Reference value :  7.43280e-08 Reference value :  5.46003e-07
No. of Data Rows : 9075
ngspice-46 done
