time="2026-09-23T03:05:38+02:00" level=warning msg="Network file system detected as backing store.  Enforcing overlay option `force_mask=\"700\"`.  Add it to storage.conf to silence this warning"
time="2026-09-23T03:05:40+02:00" level=warning msg="Network file system detected as backing store.  Enforcing overlay option `force_mask=\"700\"`.  Add it to storage.conf to silence this warning"
Resource enforcement: CPU affinity; memory reservation only (rootless cgroups v1).
time="2026-09-23T03:05:42+02:00" level=warning msg="Network file system detected as backing store.  Enforcing overlay option `force_mask=\"700\"`.  Add it to storage.conf to silence this warning"
{
  "status": "failed scoped signal terminal connectivity",
  "GDS_sha256": "bcbd08cd03d2efcd25feacb7a9aef58135e80f743b5c1fa4e94aa2988f862517",
  "script_sha256": "e04e1c5d6644429bd04fcc02032c89bd336ab7211f04e83f91b2048acbef4da9",
  "LEF_binding_sha256": "365eb6e511556817f4bfd7e8035c4d8815e1c8b704ed6e1abd502eb1e3a20e15",
  "extraction_scope": "flat instance-resolved geometry",
  "flat_helper_sha256": "ee29113b4cf2d594268c6aa6b6740ab58ce88b3241868f105954f1b538006938",
  "logical_nets": 90,
  "terminal_observations": 10222,
  "errors": [],
  "unexpected_net_merges": [
    {
      "component": [
        "instance_resolved_metal_graph",
        13549
      ],
      "logical_nets": [
        "D_ELT",
        "d_elt_bare"
      ]
    },
    {
      "component": [
        "instance_resolved_metal_graph",
        6914
      ],
      "logical_nets": [
        "D_STD",
        "d_std_bare"
      ]
    },
    {
      "component": [
        "instance_resolved_metal_graph",
        81
      ],
      "logical_nets": [
        "G_SHARED",
        "g_shared_bare"
      ]
    },
    {
      "component": [
        "instance_resolved_metal_graph",
        22131
      ],
      "logical_nets": [
        "HBT_B",
        "hbt_b_bare"
      ]
    },
    {
      "component": [
        "instance_resolved_metal_graph",
        23498
      ],
      "logical_nets": [
        "HBT_C",
        "hbt_c_bare"
      ]
    },
    {
      "component": [
        "instance_resolved_metal_graph",
        20127
      ],
      "logical_nets": [
        "HBT_E",
        "hbt_e_bare"
      ]
    },
    {
      "component": [
        "instance_resolved_metal_graph",
        13581
      ],
      "logical_nets": [
        "SENSE_N",
        "i_core.sense_n"
      ]
    },
    {
      "component": [
        "instance_resolved_metal_graph",
        7024
      ],
      "logical_nets": [
        "SENSE_P",
        "i_core.sense_p"
      ]
    }
  ],
  "split_components": {
    "VDD": 8,
    "VDDA": 8,
    "VSS": 9
  },
  "signal_splits": {},
  "external_BTerms_not_probed": [
    {
      "net": "D_ELT",
      "pin": "D_ELT"
    },
    {
      "net": "D_STD",
      "pin": "D_STD"
    },
    {
      "net": "EN",
      "pin": "EN"
    },
    {
      "net": "FAULT_N",
      "pin": "FAULT_N"
    },
    {
      "net": "GATE",
      "pin": "GATE"
    },
    {
      "net": "G_SHARED",
      "pin": "G_SHARED"
    },
    {
      "net": "HBT_B",
      "pin": "HBT_B"
    },
    {
      "net": "HBT_C",
      "pin": "HBT_C"
    },
    {
      "net": "HBT_E",
      "pin": "HBT_E"
    },
    {
      "net": "IOVDD",
      "pin": "IOVDD"
    },
    {
      "net": "IOVSS",
      "pin": "IOVSS"
    },
    {
      "net": "SCLK",
      "pin": "SCLK"
    },
    {
      "net": "SDI",
      "pin": "SDI"
    },
    {
      "net": "SDO",
      "pin": "SDO"
    },
    {
      "net": "SENSE_N",
      "pin": "SENSE_N"
    },
    {
      "net": "SENSE_P",
      "pin": "SENSE_P"
    },
    {
      "net": "TEMP_OUT",
      "pin": "TEMP_OUT"
    },
    {
      "net": "TRIP_SET",
      "pin": "TRIP_SET"
    },
    {
      "net": "VDD",
      "pin": "VDD"
    },
    {
      "net": "VDDA",
      "pin": "VDDA"
    },
    {
      "net": "VREF",
      "pin": "VREF"
    },
    {
      "net": "VSS",
      "pin": "VSS"
    }
  ],
  "not_run": [
    "external BTerm physical binding",
    "device-aware full LVS",
    "complete PDN supply connectivity",
    "electrical/currentIR/EM qualification"
  ],
  "not_applicable": [
    "label-based virtual net joining"
  ]
}
