Clock SCLK
rise -> rise
    min     max
 0.0000  0.0000 source latency
 0.4812         network latency i_core.u_digital/_6765_/CLK
         0.5082 network latency i_core.u_digital/_5744_/CLK
---------------
 0.4812  0.5082 latency
         0.0270 skew

rise -> fall
    min     max
 0.0000  0.0000 source latency
 0.5099         network latency i_core.u_digital/_5706_/CLK
         0.5347 network latency i_core.u_digital/_5701_/CLK
---------------
 0.5099  0.5347 latency
         0.0248 skew

fall -> rise
    min     max
 0.0000  0.0000 source latency
 0.4930         network latency i_core.u_digital/_5706_/CLK
         0.5183 network latency i_core.u_digital/_5701_/CLK
---------------
 0.4930  0.5183 latency
         0.0253 skew

fall -> fall
    min     max
 0.0000  0.0000 source latency
 0.4625         network latency i_core.u_digital/_6765_/CLK
         0.4885 network latency i_core.u_digital/_5744_/CLK
---------------
 0.4625  0.4885 latency
         0.0260 skew


Clock osc_clk
rise -> rise
    min     max
 0.0000  0.0000 source latency
 0.2642         network latency i_core.u_digital/_6728_/CLK
         0.3406 network latency i_core.u_digital/_6134_/CLK
---------------
 0.2642  0.3406 latency
         0.0765 skew

fall -> fall
    min     max
 0.0000  0.0000 source latency
 0.2713         network latency i_core.u_digital/_6728_/CLK
         0.3507 network latency i_core.u_digital/_6120_/CLK
---------------
 0.2713  0.3507 latency
         0.0794 skew


