Found 62 unannotated drivers.
 i_core.u_digital/clkload0/X
 i_core.u_digital/clkload1/X
 i_core.u_digital/clkload10/Y
 i_core.u_digital/clkload11/Y
 i_core.u_digital/clkload12/X
 i_core.u_digital/clkload13/Y
 i_core.u_digital/clkload14/Y
 i_core.u_digital/clkload15/Y
 i_core.u_digital/clkload16/X
 i_core.u_digital/clkload17/Y
 i_core.u_digital/clkload18/Y
 i_core.u_digital/clkload19/Y
 i_core.u_digital/clkload2/Y
 i_core.u_digital/clkload20/Y
 i_core.u_digital/clkload21/X
 i_core.u_digital/clkload22/Y
 i_core.u_digital/clkload23/Y
 i_core.u_digital/clkload24/Y
 i_core.u_digital/clkload25/Y
 i_core.u_digital/clkload26/Y
 i_core.u_digital/clkload27/X
 i_core.u_digital/clkload28/Y
 i_core.u_digital/clkload29/Y
 i_core.u_digital/clkload3/X
 i_core.u_digital/clkload30/Y
 i_core.u_digital/clkload31/X
 i_core.u_digital/clkload32/Y
 i_core.u_digital/clkload33/X
 i_core.u_digital/clkload34/Y
 i_core.u_digital/clkload35/Y
 i_core.u_digital/clkload36/Y
 i_core.u_digital/clkload37/Y
 i_core.u_digital/clkload38/Y
 i_core.u_digital/clkload39/X
 i_core.u_digital/clkload4/Y
 i_core.u_digital/clkload40/Y
 i_core.u_digital/clkload41/Y
 i_core.u_digital/clkload42/Y
 i_core.u_digital/clkload43/Y
 i_core.u_digital/clkload44/Y
 i_core.u_digital/clkload45/X
 i_core.u_digital/clkload46/Y
 i_core.u_digital/clkload47/X
 i_core.u_digital/clkload48/Y
 i_core.u_digital/clkload49/X
 i_core.u_digital/clkload5/X
 i_core.u_digital/clkload50/Y
 i_core.u_digital/clkload51/X
 i_core.u_digital/clkload52/Y
 i_core.u_digital/clkload6/Y
 i_core.u_digital/clkload7/Y
 i_core.u_digital/clkload8/Y
 i_core.u_digital/clkload9/Y
 pad08_sense_p/padres
 pad09_sense_n/padres
 pad13_trip_set/padres
 pad19_g_shared/padres
 pad20_d_std/padres
 pad21_d_elt/padres
 pad22_hbt_e/padres
 pad23_hbt_b/padres
 pad24_hbt_c/padres
Found 0 partially unannotated drivers.
