Clock SCLK
rise -> rise
    min     max
 0.0000  0.0000 source latency
 0.2695         network latency i_core.u_digital/_6765_/CLK
         0.2954 network latency i_core.u_digital/_5744_/CLK
---------------
 0.2695  0.2954 latency
         0.0259 skew

rise -> fall
    min     max
 0.0000  0.0000 source latency
 0.2982         network latency i_core.u_digital/_5706_/CLK
         0.3219 network latency i_core.u_digital/_5701_/CLK
---------------
 0.2982  0.3219 latency
         0.0237 skew

fall -> rise
    min     max
 0.0000  0.0000 source latency
 0.2994         network latency i_core.u_digital/_5706_/CLK
         0.3240 network latency i_core.u_digital/_5701_/CLK
---------------
 0.2994  0.3240 latency
         0.0246 skew

fall -> fall
    min     max
 0.0000  0.0000 source latency
 0.2690         network latency i_core.u_digital/_6765_/CLK
         0.2942 network latency i_core.u_digital/_5744_/CLK
---------------
 0.2690  0.2942 latency
         0.0253 skew


Clock osc_clk
rise -> rise
    min     max
 0.0000  0.0000 source latency
 0.2643         network latency i_core.u_digital/_6728_/CLK
         0.3408 network latency i_core.u_digital/_6134_/CLK
---------------
 0.2643  0.3408 latency
         0.0765 skew

fall -> fall
    min     max
 0.0000  0.0000 source latency
 0.2714         network latency i_core.u_digital/_6728_/CLK
         0.3509 network latency i_core.u_digital/_6120_/CLK
---------------
 0.2714  0.3509 latency
         0.0794 skew


