time="2026-09-25T21:40:46+02:00" level=warning msg="Network file system detected as backing store.  Enforcing overlay option `force_mask=\"700\"`.  Add it to storage.conf to silence this warning"
time="2026-09-25T21:40:52+02:00" level=warning msg="Network file system detected as backing store.  Enforcing overlay option `force_mask=\"700\"`.  Add it to storage.conf to silence this warning"
Resource enforcement: CPU affinity; memory reservation only (rootless cgroups v1).
time="2026-09-25T21:40:53+02:00" level=warning msg="Network file system detected as backing store.  Enforcing overlay option `force_mask=\"700\"`.  Add it to storage.conf to silence this warning"
25-Sep-2026 21:41:11 | INFO    | Your Klayout version is: KLayout 0.30.9 (required >= 0.30.5)
25-Sep-2026 21:41:11 | INFO    | Running SG13G2 LVS checks on design ${BULK}/digital-eco-r3cand2-20260926/chip/g1_chip_top_1414_r3_candidate.gds on cell g1_chip_top
2026-09-25 21:41:17 +0200: Memory Usage (408384K) : Starting running SG13G2 Klayout LVS runset on ${BULK}/digital-eco-r3cand2-20260926/chip/g1_chip_top_1414_r3_candidate.gds
2026-09-25 21:41:17 +0200: Memory Usage (408384K) : Ruby Version for klayout: 3.2.3
2026-09-25 21:41:17 +0200: Memory Usage (445712K) : Loading database to memory is complete.
2026-09-25 21:41:17 +0200: Memory Usage (445712K) : SG13G2 Klayout LVS runset output at: ${BULK}/digital-eco-r3cand2-20260926/signoff/lvs_projected/g1_chip_top_1414_r3_candidate.lvsdb
2026-09-25 21:41:17 +0200: Memory Usage (445712K) : Evaluate switches.
2026-09-25 21:41:17 +0200: Memory Usage (445712K) : Extracted netlist with net names: true
2026-09-25 21:41:17 +0200: Memory Usage (445712K) : Extracted netlist with comments in details: true
2026-09-25 21:41:17 +0200: Memory Usage (445712K) : Selected NET_ONLY option: false
2026-09-25 21:41:17 +0200: Memory Usage (445712K) : Selected LAYOUT_NETLIST option: (none)
2026-09-25 21:41:17 +0200: Memory Usage (445712K) : Selected IGNORE_TOP_PORTS_MISMATCH option: 
2026-09-25 21:41:17 +0200: Memory Usage (445712K) : Selected IMPLICIT_NETS option: (none)
2026-09-25 21:41:17 +0200: Memory Usage (445712K) : Selected TOP_LVL_PINS option: true
2026-09-25 21:41:17 +0200: Memory Usage (445712K) : Selected COMBINE DEVICES option: false
2026-09-25 21:41:17 +0200: Memory Usage (445712K) : Selected PURGE option: false
2026-09-25 21:41:17 +0200: Memory Usage (445712K) : Selected PURGE_NETS option: false
2026-09-25 21:41:17 +0200: Memory Usage (445712K) : Selected SIMPLIFY option: true
2026-09-25 21:41:17 +0200: Memory Usage (445712K) : Selected SERIES_RES option: true
2026-09-25 21:41:17 +0200: Memory Usage (445712K) : Selected PARALLEL_RES option: true
2026-09-25 21:41:17 +0200: Memory Usage (445712K) : Selected DISABLE_TAP_EXTRACTION option: false
2026-09-25 21:41:17 +0200: Memory Usage (445712K) : deep  mode is enabled.
2026-09-25 21:41:23 +0200: Memory Usage (537268K) : Netlist file: ${BULK}/digital-eco-r3cand2-20260926/cdl/g1_chip_top_1414_r3_projected_ref.cdl
2026-09-25 21:41:23 +0200: Memory Usage (537268K) : LVS extracted netlist at: ${BULK}/digital-eco-r3cand2-20260926/signoff/lvs_projected/g1_chip_top_1414_r3_candidate_extracted.cir
2026-09-25 21:41:23 +0200: Memory Usage (537268K) : Applying SRAM integration support.
2026-09-25 21:41:23 +0200: Memory Usage (537268K) : Starting SG13G2 LVS runset
2026-09-25 21:41:23 +0200: Memory Usage (537268K) : Read in polygons from layers.
2026-09-25 21:41:23 +0200: Memory Usage (537704K) : activ_drw has 74614 polygons
2026-09-25 21:41:23 +0200: Memory Usage (537704K) : activ_filler has 28594 polygons
2026-09-25 21:41:23 +0200: Memory Usage (537704K) : activ has 103208 polygons
2026-09-25 21:41:23 +0200: Memory Usage (537704K) : activ_pin has 0 polygons
2026-09-25 21:41:24 +0200: Memory Usage (537704K) : activ_mask has 308 polygons
2026-09-25 21:41:24 +0200: Memory Usage (537704K) : activ_nofill has 18 polygons
2026-09-25 21:41:24 +0200: Memory Usage (537704K) : activ_OPC has 0 polygons
2026-09-25 21:41:24 +0200: Memory Usage (537704K) : activ_iOPC has 0 polygons
2026-09-25 21:41:24 +0200: Memory Usage (537704K) : activ_noqrc has 0 polygons
2026-09-25 21:41:24 +0200: Memory Usage (537704K) : biwind_drw has 0 polygons
2026-09-25 21:41:24 +0200: Memory Usage (537704K) : biwind_OPC has 0 polygons
2026-09-25 21:41:24 +0200: Memory Usage (537704K) : gatpoly_drw has 82355 polygons
2026-09-25 21:41:24 +0200: Memory Usage (537704K) : gatpoly_filler has 30477 polygons
2026-09-25 21:41:24 +0200: Memory Usage (537704K) : gatpoly has 112832 polygons
2026-09-25 21:41:24 +0200: Memory Usage (537704K) : gatpoly_pin has 1748 polygons
2026-09-25 21:41:24 +0200: Memory Usage (537704K) : gatpoly_nofill has 18 polygons
2026-09-25 21:41:24 +0200: Memory Usage (537704K) : gatpoly_OPC has 0 polygons
2026-09-25 21:41:24 +0200: Memory Usage (537704K) : gatpoly_iOPC has 0 polygons
2026-09-25 21:41:24 +0200: Memory Usage (537704K) : gatpoly_noqrc has 0 polygons
2026-09-25 21:41:24 +0200: Memory Usage (543876K) : cont_drw has 3621445 polygons
2026-09-25 21:41:24 +0200: Memory Usage (543876K) : cont_OPC has 0 polygons
2026-09-25 21:41:24 +0200: Memory Usage (543876K) : nsd_drw has 60 polygons
2026-09-25 21:41:24 +0200: Memory Usage (543876K) : nsd_block has 308 polygons
2026-09-25 21:41:24 +0200: Memory Usage (543876K) : metal1_drw has 155270 polygons
2026-09-25 21:41:25 +0200: Memory Usage (543876K) : metal1_filler has 49997 polygons
2026-09-25 21:41:25 +0200: Memory Usage (543876K) : metal1_slit has 0 polygons
2026-09-25 21:41:25 +0200: Memory Usage (546100K) : metal1 has 205267 polygons
2026-09-25 21:41:25 +0200: Memory Usage (546100K) : metal1_pin has 52537 polygons
2026-09-25 21:41:25 +0200: Memory Usage (546100K) : metal1_mask has 0 polygons
2026-09-25 21:41:25 +0200: Memory Usage (546100K) : metal1_nofill has 18 polygons
2026-09-25 21:41:25 +0200: Memory Usage (546100K) : metal1_text has 43045 polygons
2026-09-25 21:41:25 +0200: Memory Usage (546100K) : metal1_OPC has 0 polygons
2026-09-25 21:41:25 +0200: Memory Usage (546100K) : metal1_noqrc has 0 polygons
2026-09-25 21:41:25 +0200: Memory Usage (546100K) : metal1_res has 0 polygons
2026-09-25 21:41:25 +0200: Memory Usage (546100K) : metal1_iprobe has 0 polygons
2026-09-25 21:41:25 +0200: Memory Usage (546100K) : metal1_diffprb has 0 polygons
2026-09-25 21:41:25 +0200: Memory Usage (546100K) : passiv_drw has 35 polygons
2026-09-25 21:41:25 +0200: Memory Usage (546100K) : passiv_pin has 0 polygons
2026-09-25 21:41:25 +0200: Memory Usage (546100K) : passiv_sbump has 0 polygons
2026-09-25 21:41:25 +0200: Memory Usage (546100K) : passiv_pillar has 0 polygons
2026-09-25 21:41:25 +0200: Memory Usage (546100K) : passiv_pdl has 0 polygons
2026-09-25 21:41:25 +0200: Memory Usage (547068K) : metal2_drw has 83879 polygons
2026-09-25 21:41:25 +0200: Memory Usage (548124K) : metal2_filler has 60684 polygons
2026-09-25 21:41:25 +0200: Memory Usage (548124K) : metal2_slit has 0 polygons
2026-09-25 21:41:25 +0200: Memory Usage (551292K) : metal2 has 144563 polygons
2026-09-25 21:41:25 +0200: Memory Usage (551292K) : metal2_pin has 1094 polygons
2026-09-25 21:41:25 +0200: Memory Usage (551292K) : metal2_mask has 0 polygons
2026-09-25 21:41:25 +0200: Memory Usage (551292K) : metal2_nofill has 19 polygons
2026-09-25 21:41:25 +0200: Memory Usage (551292K) : metal2_text has 493 polygons
2026-09-25 21:41:25 +0200: Memory Usage (551292K) : metal2_OPC has 0 polygons
2026-09-25 21:41:25 +0200: Memory Usage (551292K) : metal2_noqrc has 0 polygons
2026-09-25 21:41:25 +0200: Memory Usage (551292K) : metal2_res has 0 polygons
2026-09-25 21:41:25 +0200: Memory Usage (551292K) : metal2_iprobe has 0 polygons
2026-09-25 21:41:25 +0200: Memory Usage (551292K) : metal2_diffprb has 0 polygons
2026-09-25 21:41:25 +0200: Memory Usage (551292K) : baspoly_drw has 0 polygons
2026-09-25 21:41:25 +0200: Memory Usage (551292K) : baspoly_pin has 0 polygons
2026-09-25 21:41:25 +0200: Memory Usage (551292K) : psd_drw has 32927 polygons
2026-09-25 21:41:25 +0200: Memory Usage (551292K) : nldb_drw has 0 polygons
2026-09-25 21:41:25 +0200: Memory Usage (551292K) : digibnd_drw has 0 polygons
2026-09-25 21:41:26 +0200: Memory Usage (551292K) : via1_drw has 93092 polygons
2026-09-25 21:41:26 +0200: Memory Usage (551292K) : backmetal1_drw has 0 polygons
2026-09-25 21:41:26 +0200: Memory Usage (551292K) : backmetal1_pin has 0 polygons
2026-09-25 21:41:26 +0200: Memory Usage (551292K) : backmetal1_mask has 0 polygons
2026-09-25 21:41:26 +0200: Memory Usage (551292K) : backmetal1_filler has 0 polygons
2026-09-25 21:41:26 +0200: Memory Usage (551292K) : backmetal1_nofill has 0 polygons
2026-09-25 21:41:26 +0200: Memory Usage (551292K) : backmetal1_slit has 0 polygons
2026-09-25 21:41:26 +0200: Memory Usage (551292K) : backmetal1_text has 0 polygons
2026-09-25 21:41:26 +0200: Memory Usage (551292K) : backmetal1_OPC has 0 polygons
2026-09-25 21:41:26 +0200: Memory Usage (551292K) : backmetal1_noqrc has 0 polygons
2026-09-25 21:41:26 +0200: Memory Usage (551292K) : backmetal1_res has 0 polygons
2026-09-25 21:41:26 +0200: Memory Usage (551292K) : backmetal1_iprobe has 0 polygons
2026-09-25 21:41:26 +0200: Memory Usage (551292K) : backmetal1_diffprb has 0 polygons
2026-09-25 21:41:26 +0200: Memory Usage (551292K) : backpassiv_drw has 0 polygons
2026-09-25 21:41:26 +0200: Memory Usage (551292K) : res_drw has 0 polygons
2026-09-25 21:41:26 +0200: Memory Usage (551292K) : sram_drw has 0 polygons
2026-09-25 21:41:26 +0200: Memory Usage (551292K) : trans_drw has 308 polygons
2026-09-25 21:41:26 +0200: Memory Usage (551292K) : ind_drw has 0 polygons
2026-09-25 21:41:26 +0200: Memory Usage (551292K) : ind_pin has 0 polygons
2026-09-25 21:41:26 +0200: Memory Usage (551292K) : ind_text has 0 polygons
2026-09-25 21:41:26 +0200: Memory Usage (551292K) : salblock_drw has 2041 polygons
2026-09-25 21:41:26 +0200: Memory Usage (551292K) : via2_drw has 113826 polygons
2026-09-25 21:41:26 +0200: Memory Usage (551292K) : metal3_drw has 45038 polygons
2026-09-25 21:41:26 +0200: Memory Usage (551292K) : metal3_filler has 32177 polygons
2026-09-25 21:41:26 +0200: Memory Usage (551820K) : metal3_slit has 0 polygons
2026-09-25 21:41:26 +0200: Memory Usage (553932K) : metal3 has 77215 polygons
2026-09-25 21:41:26 +0200: Memory Usage (553932K) : metal3_pin has 1163 polygons
2026-09-25 21:41:26 +0200: Memory Usage (553932K) : metal3_mask has 0 polygons
2026-09-25 21:41:26 +0200: Memory Usage (553932K) : metal3_nofill has 27 polygons
2026-09-25 21:41:26 +0200: Memory Usage (553932K) : metal3_text has 1161 polygons
2026-09-25 21:41:26 +0200: Memory Usage (553932K) : metal3_OPC has 0 polygons
2026-09-25 21:41:26 +0200: Memory Usage (553932K) : metal3_noqrc has 0 polygons
2026-09-25 21:41:26 +0200: Memory Usage (553932K) : metal3_res has 0 polygons
2026-09-25 21:41:26 +0200: Memory Usage (553932K) : metal3_iprobe has 0 polygons
2026-09-25 21:41:26 +0200: Memory Usage (553932K) : metal3_diffprb has 0 polygons
2026-09-25 21:41:26 +0200: Memory Usage (553932K) : nwell_drw has 14099 polygons
2026-09-25 21:41:26 +0200: Memory Usage (553932K) : nwell_pin has 0 polygons
2026-09-25 21:41:26 +0200: Memory Usage (553932K) : nwell_text has 0 polygons
2026-09-25 21:41:26 +0200: Memory Usage (553932K) : nbulay_drw has 0 polygons
2026-09-25 21:41:26 +0200: Memory Usage (553932K) : nbulay_pin has 0 polygons
2026-09-25 21:41:26 +0200: Memory Usage (553932K) : nbulay_block has 0 polygons
2026-09-25 21:41:26 +0200: Memory Usage (553932K) : emwind_drw has 308 polygons
2026-09-25 21:41:26 +0200: Memory Usage (553932K) : emwind_OPC has 0 polygons
2026-09-25 21:41:26 +0200: Memory Usage (553932K) : deepco_drw has 0 polygons
2026-09-25 21:41:26 +0200: Memory Usage (553932K) : mim_drw has 19 polygons
2026-09-25 21:41:26 +0200: Memory Usage (553932K) : edgeseal_drw has 11 polygons
2026-09-25 21:41:26 +0200: Memory Usage (553932K) : substrate_drw has 1439 polygons
2026-09-25 21:41:26 +0200: Memory Usage (553932K) : substrate_text has 0 polygons
2026-09-25 21:41:26 +0200: Memory Usage (553932K) : dfpad_drw has 24 polygons
2026-09-25 21:41:26 +0200: Memory Usage (553932K) : dfpad_pillar has 0 polygons
2026-09-25 21:41:26 +0200: Memory Usage (553932K) : dfpad_sbump has 0 polygons
2026-09-25 21:41:26 +0200: Memory Usage (553932K) : thickgateox_drw has 2077 polygons
2026-09-25 21:41:26 +0200: Memory Usage (553932K) : pldb_drw has 0 polygons
2026-09-25 21:41:26 +0200: Memory Usage (553932K) : pwell_drw has 0 polygons
2026-09-25 21:41:26 +0200: Memory Usage (553932K) : pwell_pin has 0 polygons
2026-09-25 21:41:26 +0200: Memory Usage (553932K) : pwell_block has 0 polygons
2026-09-25 21:41:26 +0200: Memory Usage (553932K) : ic_drw has 0 polygons
2026-09-25 21:41:27 +0200: Memory Usage (553932K) : via3_drw has 60213 polygons
2026-09-25 21:41:27 +0200: Memory Usage (553932K) : metal4_drw has 10171 polygons
2026-09-25 21:41:27 +0200: Memory Usage (553932K) : metal4_filler has 32361 polygons
2026-09-25 21:41:27 +0200: Memory Usage (553932K) : metal4_slit has 0 polygons
2026-09-25 21:41:27 +0200: Memory Usage (555516K) : metal4 has 42532 polygons
2026-09-25 21:41:27 +0200: Memory Usage (555516K) : metal4_pin has 1045 polygons
2026-09-25 21:41:27 +0200: Memory Usage (555516K) : metal4_mask has 0 polygons
2026-09-25 21:41:27 +0200: Memory Usage (555516K) : metal4_nofill has 22 polygons
2026-09-25 21:41:27 +0200: Memory Usage (555516K) : metal4_text has 1044 polygons
2026-09-25 21:41:27 +0200: Memory Usage (555516K) : metal4_OPC has 0 polygons
2026-09-25 21:41:27 +0200: Memory Usage (555516K) : metal4_noqrc has 0 polygons
2026-09-25 21:41:27 +0200: Memory Usage (555516K) : metal4_res has 0 polygons
2026-09-25 21:41:27 +0200: Memory Usage (555516K) : metal4_iprobe has 0 polygons
2026-09-25 21:41:27 +0200: Memory Usage (555516K) : metal4_diffprb has 0 polygons
2026-09-25 21:41:27 +0200: Memory Usage (555516K) : heattrans_drw has 2973 polygons
2026-09-25 21:41:27 +0200: Memory Usage (555516K) : heatres_drw has 1627 polygons
2026-09-25 21:41:27 +0200: Memory Usage (555516K) : fbe_drw has 0 polygons
2026-09-25 21:41:27 +0200: Memory Usage (555516K) : empoly_drw has 0 polygons
2026-09-25 21:41:27 +0200: Memory Usage (555516K) : digisub_drw has 0 polygons
2026-09-25 21:41:27 +0200: Memory Usage (555516K) : text_drw has 3355 polygons
2026-09-25 21:41:27 +0200: Memory Usage (555516K) : via4_drw has 62183 polygons
2026-09-25 21:41:27 +0200: Memory Usage (555516K) : metal5_drw has 3901 polygons
2026-09-25 21:41:27 +0200: Memory Usage (555780K) : metal5_filler has 33156 polygons
2026-09-25 21:41:27 +0200: Memory Usage (555780K) : metal5_slit has 0 polygons
2026-09-25 21:41:27 +0200: Memory Usage (558156K) : metal5 has 37057 polygons
2026-09-25 21:41:27 +0200: Memory Usage (558156K) : metal5_pin has 1032 polygons
2026-09-25 21:41:27 +0200: Memory Usage (558156K) : metal5_mask has 0 polygons
2026-09-25 21:41:27 +0200: Memory Usage (558156K) : metal5_nofill has 22 polygons
2026-09-25 21:41:27 +0200: Memory Usage (558156K) : metal5_text has 1032 polygons
2026-09-25 21:41:27 +0200: Memory Usage (558156K) : metal5_OPC has 0 polygons
2026-09-25 21:41:27 +0200: Memory Usage (558156K) : metal5_noqrc has 0 polygons
2026-09-25 21:41:27 +0200: Memory Usage (558156K) : metal5_res has 0 polygons
2026-09-25 21:41:27 +0200: Memory Usage (558156K) : metal5_iprobe has 0 polygons
2026-09-25 21:41:27 +0200: Memory Usage (558156K) : metal5_diffprb has 0 polygons
2026-09-25 21:41:27 +0200: Memory Usage (558156K) : radhard_drw has 0 polygons
2026-09-25 21:41:27 +0200: Memory Usage (558156K) : memcap_drw has 0 polygons
2026-09-25 21:41:27 +0200: Memory Usage (558156K) : varicap_drw has 0 polygons
2026-09-25 21:41:27 +0200: Memory Usage (558156K) : intbondvia_drw has 0 polygons
2026-09-25 21:41:27 +0200: Memory Usage (558156K) : intbondmet_drw has 0 polygons
2026-09-25 21:41:27 +0200: Memory Usage (558156K) : devbondvia_drw has 0 polygons
2026-09-25 21:41:27 +0200: Memory Usage (558156K) : devbondmet_drw has 0 polygons
2026-09-25 21:41:27 +0200: Memory Usage (558156K) : devtrench_drw has 0 polygons
2026-09-25 21:41:27 +0200: Memory Usage (558156K) : redist_drw has 0 polygons
2026-09-25 21:41:27 +0200: Memory Usage (558156K) : graphbot_drw has 0 polygons
2026-09-25 21:41:27 +0200: Memory Usage (558156K) : graphtop_drw has 0 polygons
2026-09-25 21:41:27 +0200: Memory Usage (558156K) : antvia1_drw has 0 polygons
2026-09-25 21:41:27 +0200: Memory Usage (558156K) : antmetal2_drw has 0 polygons
2026-09-25 21:41:27 +0200: Memory Usage (558156K) : graphcont_drw has 0 polygons
2026-09-25 21:41:27 +0200: Memory Usage (558156K) : siwg_drw has 0 polygons
2026-09-25 21:41:27 +0200: Memory Usage (558156K) : siwg_filler has 0 polygons
2026-09-25 21:41:27 +0200: Memory Usage (558156K) : siwg_nofill has 0 polygons
2026-09-25 21:41:28 +0200: Memory Usage (558156K) : sigrating_drw has 0 polygons
2026-09-25 21:41:28 +0200: Memory Usage (558156K) : singrating_drw has 0 polygons
2026-09-25 21:41:28 +0200: Memory Usage (558156K) : graphpas_drw has 0 polygons
2026-09-25 21:41:28 +0200: Memory Usage (558156K) : emwind3_drw has 0 polygons
2026-09-25 21:41:28 +0200: Memory Usage (558156K) : emwihv3_drw has 0 polygons
2026-09-25 21:41:28 +0200: Memory Usage (558156K) : redbulay_drw has 0 polygons
2026-09-25 21:41:28 +0200: Memory Usage (558156K) : smos_drw has 0 polygons
2026-09-25 21:41:28 +0200: Memory Usage (558156K) : graphpad_drw has 0 polygons
2026-09-25 21:41:28 +0200: Memory Usage (558156K) : polimide_drw has 0 polygons
2026-09-25 21:41:28 +0200: Memory Usage (558156K) : polimide_pin has 0 polygons
2026-09-25 21:41:28 +0200: Memory Usage (558156K) : recog_drw has 0 polygons
2026-09-25 21:41:28 +0200: Memory Usage (558156K) : recog_pin has 0 polygons
2026-09-25 21:41:28 +0200: Memory Usage (558156K) : recog_esd has 0 polygons
2026-09-25 21:41:28 +0200: Memory Usage (558156K) : recog_diode has 144 polygons
2026-09-25 21:41:28 +0200: Memory Usage (558156K) : recog_tsv has 0 polygons
2026-09-25 21:41:28 +0200: Memory Usage (558156K) : recog_iprobe has 0 polygons
2026-09-25 21:41:28 +0200: Memory Usage (558156K) : recog_diffprb has 0 polygons
2026-09-25 21:41:28 +0200: Memory Usage (558156K) : recog_pillar has 0 polygons
2026-09-25 21:41:28 +0200: Memory Usage (558156K) : recog_sbump has 0 polygons
2026-09-25 21:41:28 +0200: Memory Usage (558156K) : recog_otp has 0 polygons
2026-09-25 21:41:28 +0200: Memory Usage (558156K) : recog_pdiode has 0 polygons
2026-09-25 21:41:28 +0200: Memory Usage (558156K) : recog_mom has 0 polygons
2026-09-25 21:41:28 +0200: Memory Usage (558156K) : recog_pcm has 0 polygons
2026-09-25 21:41:28 +0200: Memory Usage (558156K) : colopen_drw has 0 polygons
2026-09-25 21:41:28 +0200: Memory Usage (558156K) : graphmetal1_drw has 0 polygons
2026-09-25 21:41:28 +0200: Memory Usage (558156K) : graphmetal1_filler has 0 polygons
2026-09-25 21:41:28 +0200: Memory Usage (558156K) : graphmetal1_nofill has 0 polygons
2026-09-25 21:41:28 +0200: Memory Usage (558156K) : graphmetal1_slit has 0 polygons
2026-09-25 21:41:28 +0200: Memory Usage (558156K) : graphmetal1_OPC has 0 polygons
2026-09-25 21:41:28 +0200: Memory Usage (558156K) : graphmet1l_drw has 0 polygons
2026-09-25 21:41:28 +0200: Memory Usage (558156K) : graphmet1l_filler has 0 polygons
2026-09-25 21:41:28 +0200: Memory Usage (558156K) : graphmet1l_nofill has 0 polygons
2026-09-25 21:41:28 +0200: Memory Usage (558156K) : graphmet1l_slit has 0 polygons
2026-09-25 21:41:28 +0200: Memory Usage (558156K) : graphmet1l_OPC has 0 polygons
2026-09-25 21:41:28 +0200: Memory Usage (558156K) : extblock_drw has 6096 polygons
2026-09-25 21:41:28 +0200: Memory Usage (558156K) : nldd_drw has 0 polygons
2026-09-25 21:41:28 +0200: Memory Usage (558156K) : pldd_drw has 0 polygons
2026-09-25 21:41:28 +0200: Memory Usage (558156K) : next_drw has 0 polygons
2026-09-25 21:41:28 +0200: Memory Usage (558156K) : pext_drw has 0 polygons
2026-09-25 21:41:28 +0200: Memory Usage (558156K) : nexthv_drw has 0 polygons
2026-09-25 21:41:28 +0200: Memory Usage (558156K) : pexthv_drw has 0 polygons
2026-09-25 21:41:28 +0200: Memory Usage (558156K) : graphgate_drw has 0 polygons
2026-09-25 21:41:28 +0200: Memory Usage (558156K) : sinwg_drw has 0 polygons
2026-09-25 21:41:28 +0200: Memory Usage (558156K) : sinwg_filler has 0 polygons
2026-09-25 21:41:28 +0200: Memory Usage (558156K) : sinwg_nofill has 0 polygons
2026-09-25 21:41:28 +0200: Memory Usage (558156K) : mempad_drw has 0 polygons
2026-09-25 21:41:29 +0200: Memory Usage (558156K) : topvia1_drw has 58355 polygons
2026-09-25 21:41:29 +0200: Memory Usage (558156K) : topmetal1_drw has 1934 polygons
2026-09-25 21:41:29 +0200: Memory Usage (558156K) : topmetal1_filler has 5640 polygons
2026-09-25 21:41:29 +0200: Memory Usage (558156K) : topmetal1_slit has 0 polygons
2026-09-25 21:41:29 +0200: Memory Usage (558156K) : topmetal1 has 7574 polygons
2026-09-25 21:41:29 +0200: Memory Usage (558156K) : topmetal1_pin has 1065 polygons
2026-09-25 21:41:29 +0200: Memory Usage (558156K) : topmetal1_mask has 0 polygons
2026-09-25 21:41:29 +0200: Memory Usage (558156K) : topmetal1_nofill has 26 polygons
2026-09-25 21:41:29 +0200: Memory Usage (558156K) : topmetal1_text has 1035 polygons
2026-09-25 21:41:29 +0200: Memory Usage (558156K) : topmetal1_noqrc has 0 polygons
2026-09-25 21:41:29 +0200: Memory Usage (558156K) : topmetal1_res has 0 polygons
2026-09-25 21:41:29 +0200: Memory Usage (558156K) : topmetal1_iprobe has 0 polygons
2026-09-25 21:41:29 +0200: Memory Usage (558156K) : topmetal1_diffprb has 0 polygons
2026-09-25 21:41:29 +0200: Memory Usage (558156K) : inldpwl_drw has 0 polygons
2026-09-25 21:41:29 +0200: Memory Usage (558156K) : polyres_drw has 1693 polygons
2026-09-25 21:41:29 +0200: Memory Usage (558156K) : polyres_pin has 0 polygons
2026-09-25 21:41:29 +0200: Memory Usage (558156K) : vmim_drw has 6316 polygons
2026-09-25 21:41:29 +0200: Memory Usage (558156K) : nbulaycut_drw has 0 polygons
2026-09-25 21:41:29 +0200: Memory Usage (558156K) : antmetal1_drw has 0 polygons
2026-09-25 21:41:30 +0200: Memory Usage (558156K) : topvia2_drw has 40175 polygons
2026-09-25 21:41:30 +0200: Memory Usage (558156K) : topmetal2_drw has 986 polygons
2026-09-25 21:41:30 +0200: Memory Usage (558156K) : topmetal2_filler has 6942 polygons
2026-09-25 21:41:30 +0200: Memory Usage (558156K) : topmetal2_slit has 0 polygons
2026-09-25 21:41:30 +0200: Memory Usage (558156K) : topmetal2 has 7928 polygons
2026-09-25 21:41:30 +0200: Memory Usage (558156K) : topmetal2_pin has 787 polygons
2026-09-25 21:41:30 +0200: Memory Usage (558156K) : topmetal2_mask has 0 polygons
2026-09-25 21:41:30 +0200: Memory Usage (558156K) : topmetal2_nofill has 26 polygons
2026-09-25 21:41:30 +0200: Memory Usage (558156K) : topmetal2_text has 801 polygons
2026-09-25 21:41:30 +0200: Memory Usage (558156K) : topmetal2_noqrc has 0 polygons
2026-09-25 21:41:30 +0200: Memory Usage (558156K) : topmetal2_res has 0 polygons
2026-09-25 21:41:30 +0200: Memory Usage (558156K) : topmetal2_iprobe has 0 polygons
2026-09-25 21:41:30 +0200: Memory Usage (558156K) : topmetal2_diffprb has 0 polygons
2026-09-25 21:41:30 +0200: Memory Usage (558156K) : snsring_drw has 0 polygons
2026-09-25 21:41:30 +0200: Memory Usage (558156K) : sensor_drw has 0 polygons
2026-09-25 21:41:30 +0200: Memory Usage (558156K) : snsarms_drw has 0 polygons
2026-09-25 21:41:30 +0200: Memory Usage (558156K) : snscmosvia_drw has 0 polygons
2026-09-25 21:41:30 +0200: Memory Usage (558156K) : colwind_drw has 0 polygons
2026-09-25 21:41:30 +0200: Memory Usage (558156K) : flm_drw has 0 polygons
2026-09-25 21:41:30 +0200: Memory Usage (558156K) : hafniumox_drw has 0 polygons
2026-09-25 21:41:30 +0200: Memory Usage (558156K) : memvia_drw has 0 polygons
2026-09-25 21:41:30 +0200: Memory Usage (558156K) : thinfilmres_drw has 0 polygons
2026-09-25 21:41:30 +0200: Memory Usage (558156K) : rfmem_drw has 0 polygons
2026-09-25 21:41:30 +0200: Memory Usage (558156K) : norcx_drw has 0 polygons
2026-09-25 21:41:30 +0200: Memory Usage (558156K) : norcx_m2m3 has 0 polygons
2026-09-25 21:41:30 +0200: Memory Usage (558156K) : norcx_m2m4 has 0 polygons
2026-09-25 21:41:30 +0200: Memory Usage (558156K) : norcx_m2m5 has 0 polygons
2026-09-25 21:41:30 +0200: Memory Usage (558156K) : norcx_m2tm1 has 0 polygons
2026-09-25 21:41:30 +0200: Memory Usage (558156K) : norcx_m2tm2 has 0 polygons
2026-09-25 21:41:30 +0200: Memory Usage (558156K) : norcx_m3m4 has 0 polygons
2026-09-25 21:41:30 +0200: Memory Usage (558156K) : norcx_m3m5 has 0 polygons
2026-09-25 21:41:30 +0200: Memory Usage (558156K) : norcx_m3tm1 has 0 polygons
2026-09-25 21:41:30 +0200: Memory Usage (558156K) : norcx_m3tm2 has 0 polygons
2026-09-25 21:41:30 +0200: Memory Usage (558156K) : norcx_m4m5 has 0 polygons
2026-09-25 21:41:30 +0200: Memory Usage (558156K) : norcx_m4tm1 has 0 polygons
2026-09-25 21:41:30 +0200: Memory Usage (558156K) : norcx_m4tm2 has 0 polygons
2026-09-25 21:41:30 +0200: Memory Usage (558156K) : norcx_m5tm1 has 0 polygons
2026-09-25 21:41:30 +0200: Memory Usage (558156K) : norcx_m5tm2 has 0 polygons
2026-09-25 21:41:30 +0200: Memory Usage (558156K) : norcx_tm1tm2 has 0 polygons
2026-09-25 21:41:30 +0200: Memory Usage (558156K) : norcx_m1sub has 0 polygons
2026-09-25 21:41:30 +0200: Memory Usage (558156K) : norcx_m2sub has 0 polygons
2026-09-25 21:41:30 +0200: Memory Usage (558156K) : norcx_m3sub has 0 polygons
2026-09-25 21:41:30 +0200: Memory Usage (558156K) : norcx_m4sub has 0 polygons
2026-09-25 21:41:30 +0200: Memory Usage (558156K) : norcx_m5sub has 0 polygons
2026-09-25 21:41:30 +0200: Memory Usage (558156K) : norcx_tm1sub has 0 polygons
2026-09-25 21:41:30 +0200: Memory Usage (558156K) : norcx_tm2sub has 0 polygons
2026-09-25 21:41:30 +0200: Memory Usage (558156K) : snsbotvia_drw has 0 polygons
2026-09-25 21:41:30 +0200: Memory Usage (558156K) : snstopvia_drw has 0 polygons
2026-09-25 21:41:30 +0200: Memory Usage (558156K) : deepvia_drw has 0 polygons
2026-09-25 21:41:30 +0200: Memory Usage (558156K) : fgetch_drw has 0 polygons
2026-09-25 21:41:30 +0200: Memory Usage (558156K) : ctrgat_drw has 0 polygons
2026-09-25 21:41:30 +0200: Memory Usage (558156K) : fgimp_drw has 0 polygons
2026-09-25 21:41:30 +0200: Memory Usage (558420K) : emwihv_drw has 0 polygons
2026-09-25 21:41:30 +0200: Memory Usage (558420K) : lbe_drw has 0 polygons
2026-09-25 21:41:30 +0200: Memory Usage (558420K) : alcustop_drw has 0 polygons
2026-09-25 21:41:31 +0200: Memory Usage (558420K) : nometfiller_drw has 14 polygons
2026-09-25 21:41:31 +0200: Memory Usage (558684K) : prboundary_drw has 0 polygons
2026-09-25 21:41:31 +0200: Memory Usage (558684K) : exchange0_drw has 0 polygons
2026-09-25 21:41:31 +0200: Memory Usage (558684K) : exchange0_pin has 0 polygons
2026-09-25 21:41:31 +0200: Memory Usage (558684K) : exchange0_text has 0 polygons
2026-09-25 21:41:31 +0200: Memory Usage (558684K) : exchange1_drw has 0 polygons
2026-09-25 21:41:31 +0200: Memory Usage (558684K) : exchange1_pin has 0 polygons
2026-09-25 21:41:31 +0200: Memory Usage (558684K) : exchange1_text has 0 polygons
2026-09-25 21:41:31 +0200: Memory Usage (558684K) : exchange2_drw has 0 polygons
2026-09-25 21:41:31 +0200: Memory Usage (558684K) : exchange2_pin has 0 polygons
2026-09-25 21:41:31 +0200: Memory Usage (558684K) : exchange2_text has 0 polygons
2026-09-25 21:41:31 +0200: Memory Usage (558684K) : exchange3_drw has 0 polygons
2026-09-25 21:41:31 +0200: Memory Usage (558684K) : exchange3_pin has 0 polygons
2026-09-25 21:41:31 +0200: Memory Usage (558684K) : exchange3_text has 0 polygons
2026-09-25 21:41:31 +0200: Memory Usage (558684K) : exchange4_drw has 0 polygons
2026-09-25 21:41:31 +0200: Memory Usage (558684K) : exchange4_pin has 0 polygons
2026-09-25 21:41:31 +0200: Memory Usage (558684K) : exchange4_text has 0 polygons
2026-09-25 21:41:31 +0200: Memory Usage (558684K) : isonwell_drw has 0 polygons
2026-09-25 21:41:31 +0200: Memory Usage (558684K) : Total no. of polygons in the design is 4972925
2026-09-25 21:41:31 +0200: Memory Usage (558684K) : Starting base layers derivations
2026-09-25 21:41:31 +0200: Memory Usage (558684K) : Starting general LVS derivations
2026-09-25 21:41:56 +0200: Memory Usage (641648K) : Starting MOSFET DERIVATIONS
2026-09-25 21:42:06 +0200: Memory Usage (699836K) : Starting NMOS DERIVATIONS
2026-09-25 21:42:07 +0200: Memory Usage (699836K) : Starting PMOS DERIVATIONS
2026-09-25 21:42:09 +0200: Memory Usage (699836K) : Starting RF-MOSFET DERIVATIONS
2026-09-25 21:42:09 +0200: Memory Usage (699836K) : Starting RF-NMOS DERIVATIONS
2026-09-25 21:42:09 +0200: Memory Usage (699836K) : Starting RF-PMOS DERIVATIONS
2026-09-25 21:42:09 +0200: Memory Usage (699836K) : Starting BJT DERIVATIONS
2026-09-25 21:42:09 +0200: Memory Usage (699836K) : Starting NPN-BJT DERIVATIONS
2026-09-25 21:42:13 +0200: Memory Usage (699836K) : Starting PNP-BJT DERIVATIONS
2026-09-25 21:42:14 +0200: Memory Usage (699836K) : Starting DIODE DERIVATIONS
2026-09-25 21:42:31 +0200: Memory Usage (730060K) : Starting RESISTOR DERIVATIONS
2026-09-25 21:42:35 +0200: Memory Usage (730060K) : Starting CAP DERIVATIONS
2026-09-25 21:42:37 +0200: Memory Usage (730060K) : Starting ESD DERIVATIONS
2026-09-25 21:43:00 +0200: Memory Usage (730060K) : Starting Inductor DERIVATIONS
2026-09-25 21:43:02 +0200: Memory Usage (730060K) : Starting Taps DERIVATIONS
2026-09-25 21:43:05 +0200: Memory Usage (730060K) : Starting SG13G2 LVS connectivity setup
2026-09-25 21:43:05 +0200: Memory Usage (730060K) : Starting SG13G2 LVS connectivity setup (Inter-layer)
2026-09-25 21:43:05 +0200: Memory Usage (730060K) : Starting SG13G2 LVS connectivity setup (Global)
2026-09-25 21:43:05 +0200: Memory Usage (730060K) : Starting LVS MOSFET CONNECTIONS
2026-09-25 21:43:05 +0200: Memory Usage (730060K) : Starting LVS RF-MOSFET CONNECTIONS
2026-09-25 21:43:05 +0200: Memory Usage (730060K) : Starting LVS BJT CONNECTIONS
2026-09-25 21:43:05 +0200: Memory Usage (730188K) : Starting LVS DIODE CONNECTIONS
2026-09-25 21:43:05 +0200: Memory Usage (730188K) : Starting RESISTOR CONNECTIONS
2026-09-25 21:43:05 +0200: Memory Usage (730188K) : Starting LVS CAP CONNECTIONS
2026-09-25 21:43:05 +0200: Memory Usage (730188K) : Starting ESD CONNECTIONS
2026-09-25 21:43:05 +0200: Memory Usage (730188K) : Starting Inductor CONNECTIONS
2026-09-25 21:43:05 +0200: Memory Usage (730188K) : Starting LVS Taps CONNECTIONS
2026-09-25 21:43:05 +0200: Memory Usage (730188K) : Starting SG13G2 LVS DEVICES EXTRACTION
2026-09-25 21:43:05 +0200: Memory Usage (730188K) : Starting MOSFET EXTRACTION
2026-09-25 21:43:05 +0200: Memory Usage (730188K) : Starting NMOS EXTRACTION
2026-09-25 21:43:05 +0200: Memory Usage (730188K) : Extraction of NMOS-LV transistor
2026-09-25 21:43:10 +0200: Memory Usage (743772K) : Extraction of NMOS-HV transistor
2026-09-25 21:43:12 +0200: Memory Usage (749472K) : Starting PMOS EXTRACTION
2026-09-25 21:43:12 +0200: Memory Usage (749472K) : Extraction of PMOS-LV transistor
2026-09-25 21:43:13 +0200: Memory Usage (749472K) : Extraction of PMOS-HV transistor
2026-09-25 21:43:13 +0200: Memory Usage (749472K) : Starting RF-MOSFET EXTRACTION
2026-09-25 21:43:13 +0200: Memory Usage (749472K) : Extraction of RF-NMOS-LV transistor
2026-09-25 21:43:14 +0200: Memory Usage (749472K) : Extraction of RF-NMOS-HV transistor
2026-09-25 21:43:16 +0200: Memory Usage (749472K) : Extraction of RF-PMOS-LV transistor
2026-09-25 21:43:16 +0200: Memory Usage (749472K) : Extraction of RF-PMOS-HV transistor
2026-09-25 21:43:16 +0200: Memory Usage (749472K) : Starting BJT EXTRACTION
2026-09-25 21:43:16 +0200: Memory Usage (749472K) : Starting NPN-BJT EXTRACTION
2026-09-25 21:43:16 +0200: Memory Usage (749472K) : Extraction of npn13G2 BJT transistor
2026-09-25 21:43:16 +0200: Memory Usage (749568K) : Extraction of npn13G2L BJT transistor
2026-09-25 21:43:17 +0200: Memory Usage (749568K) : Extraction of npn13G2V BJT transistor
2026-09-25 21:43:17 +0200: Memory Usage (749568K) : Starting PNP-BJT EXTRACTION
2026-09-25 21:43:17 +0200: Memory Usage (749568K) : Extracting pnpMPA BJT
2026-09-25 21:43:17 +0200: Memory Usage (749568K) : Starting DIODE EXTRACTION
2026-09-25 21:43:17 +0200: Memory Usage (749568K) : Extracting dantenna diode
2026-09-25 21:43:17 +0200: Memory Usage (749568K) : Extracting dpantenna diode
2026-09-25 21:43:17 +0200: Memory Usage (749568K) : Extracting schottky_nbl1 diode
2026-09-25 21:43:17 +0200: Memory Usage (749568K) : Extracting isolbox diode
2026-09-25 21:43:17 +0200: Memory Usage (749568K) : Starting RESISTOR EXTRACTION
2026-09-25 21:43:17 +0200: Memory Usage (749568K) : Extracting rsil resistor
2026-09-25 21:43:17 +0200: Memory Usage (749568K) : Extracting rppd resistor
2026-09-25 21:43:18 +0200: Memory Usage (749572K) : Extracting rhigh resistor
2026-09-25 21:43:18 +0200: Memory Usage (749572K) : Extracting res_metal1 resistor
2026-09-25 21:43:20 +0200: Memory Usage (763960K) : Extracting res_metal2 resistor
2026-09-25 21:43:23 +0200: Memory Usage (768088K) : Extracting res_metal3 resistor
2026-09-25 21:43:25 +0200: Memory Usage (768088K) : Extracting res_metal4 resistor
2026-09-25 21:43:26 +0200: Memory Usage (768088K) : Extracting res_metal5 resistor
2026-09-25 21:43:27 +0200: Memory Usage (768088K) : Extracting res_topmetal1 resistor
2026-09-25 21:43:27 +0200: Memory Usage (768088K) : Extracting res_topmetal2 resistor
2026-09-25 21:43:27 +0200: Memory Usage (768088K) : Starting CAP EXTRACTION
2026-09-25 21:43:27 +0200: Memory Usage (768088K) : Extracting cap_cmim device
2026-09-25 21:43:27 +0200: Memory Usage (768088K) : Extracting rfcmim device
2026-09-25 21:43:27 +0200: Memory Usage (768088K) : Extracting sg13_hv_svaricap varactor
2026-09-25 21:43:27 +0200: Memory Usage (768088K) : Starting ESD EXTRACTION
2026-09-25 21:43:27 +0200: Memory Usage (768088K) : Extracting diodevdd_2kv ESD device
2026-09-25 21:43:27 +0200: Memory Usage (768088K) : Extracting diodevdd_4kv ESD device
2026-09-25 21:43:27 +0200: Memory Usage (768088K) : Extracting diodevss_2kv ESD device
2026-09-25 21:43:28 +0200: Memory Usage (768088K) : Extracting diodevss_4kv ESD device
2026-09-25 21:43:28 +0200: Memory Usage (768088K) : Extracting idiodevdd_2kv ESD device
2026-09-25 21:43:28 +0200: Memory Usage (768088K) : Extracting idiodevdd_4kv ESD device
2026-09-25 21:43:28 +0200: Memory Usage (768088K) : Extracting idiodevss_2kv ESD device
2026-09-25 21:43:28 +0200: Memory Usage (768088K) : Extracting idiodevss_4kv ESD device
2026-09-25 21:43:28 +0200: Memory Usage (768088K) : Extracting nmoscl_2 ESD device
2026-09-25 21:43:28 +0200: Memory Usage (768088K) : Extracting nmoscl_4 ESD device
2026-09-25 21:43:28 +0200: Memory Usage (768088K) : Starting Inductor EXTRACTION
2026-09-25 21:43:28 +0200: Memory Usage (768088K) : Extracting Inductor2 device
2026-09-25 21:43:28 +0200: Memory Usage (768088K) : Extracting Inductor3 device
2026-09-25 21:43:28 +0200: Memory Usage (768088K) : Starting Taps EXTRACTION
2026-09-25 21:43:28 +0200: Memory Usage (768088K) : Extracting ntap1 device
2026-09-25 21:43:28 +0200: Memory Usage (768088K) : Extracting ptap1 device
2026-09-25 21:43:28 +0200: Memory Usage (768088K) : Starting SG13G2 LVS RF MOS Model Mapping
2026-09-25 21:44:21 +0200: Memory Usage (1026456K) : [layout_netlist] Apply RF MOS model mapping and rfmode parameter.
2026-09-25 21:44:29 +0200: Memory Usage (1032412K) : Starting SG13G2 LVS Options Preparations
2026-09-25 21:44:29 +0200: Memory Usage (1032412K) : SG13G2 LVS flow: extraction -> alignment -> option preparation -> comparison.
2026-09-25 21:44:29 +0200: Memory Usage (1032412K) : Starting SG13G2 LVS Alignment
2026-09-25 21:44:29 +0200: Memory Usage (1032412K) : Starting SG13G2 LVS Simplification
2026-09-25 21:44:29 +0200: Memory Usage (1032412K) : [layout_netlist] simplify: ENABLED
2026-09-25 21:44:30 +0200: Memory Usage (1032412K) : [layout_netlist] make_top_level_pins: ENABLED
2026-09-25 21:44:30 +0200: Memory Usage (1032412K) : [layout_netlist] combine_devices: SKIPPED
2026-09-25 21:44:30 +0200: Memory Usage (1032412K) : [layout_netlist] purge: SKIPPED
2026-09-25 21:44:30 +0200: Memory Usage (1032412K) : [layout_netlist] purge_nets: SKIPPED
2026-09-25 21:44:30 +0200: Memory Usage (1032412K) : [schematic_netlist] simplify: ENABLED
2026-09-25 21:44:32 +0200: Memory Usage (1032608K) : [schematic_netlist] make_top_level_pins: ENABLED
2026-09-25 21:44:32 +0200: Memory Usage (1032608K) : [schematic_netlist] combine_devices: SKIPPED
2026-09-25 21:44:32 +0200: Memory Usage (1032608K) : [schematic_netlist] purge: SKIPPED
2026-09-25 21:44:32 +0200: Memory Usage (1032608K) : [schematic_netlist] purge_nets: SKIPPED
2026-09-25 21:44:32 +0200: Memory Usage (1032608K) : Starting SG13G2 LVS Comparison in strict port mode.
2026-09-25 21:44:32 +0200: Memory Usage (1032608K) : flag_missing_ports enabled: missing/mislabeled top-level ports are treated as errors.
2026-09-25 21:44:46 +0200: Memory Usage (1032732K) : ==========================================
2026-09-25 21:44:46 +0200: Memory Usage (1032732K) : INFO : Congratulations! Netlists match.
2026-09-25 21:44:46 +0200: Memory Usage (1032732K) : ==========================================
2026-09-25 21:44:46 +0200: Memory Usage (1032732K) : LVS Total Run time 209.546181 seconds
25-Sep-2026 21:45:46 | INFO    | ==============================================================================
25-Sep-2026 21:45:46 | INFO    | Important Summary
25-Sep-2026 21:45:46 | INFO    | +------------------+-------------------------------------------------------------------------+
25-Sep-2026 21:45:46 | INFO    | | Status           | PASS                                                                    |
25-Sep-2026 21:45:46 | INFO    | | Mode             | COMPARE                                                                 |
25-Sep-2026 21:45:46 | INFO    | | Outcome          | Comparison mode: PASS (netlists match).                                 |
25-Sep-2026 21:45:46 | INFO    | | Layout           | g1_chip_top_1414_r3_candidate.gds                                       |
25-Sep-2026 21:45:46 | INFO    | | Top Cell         | g1_chip_top                                                             |
25-Sep-2026 21:45:46 | INFO    | | Results Dir      | ${BULK}/digital-eco-r3cand2-20260926/signoff/lvs_projected |
25-Sep-2026 21:45:46 | INFO    | | Warnings         | 0                                                                       |
25-Sep-2026 21:45:46 | INFO    | | Errors           | 0                                                                       |
25-Sep-2026 21:45:46 | INFO    | | Run Time (s)     | 276.009                                                                 |
25-Sep-2026 21:45:46 | INFO    | +------------------+-------------------------------------------------------------------------+
25-Sep-2026 21:45:46 | INFO    | ==============================================================================
