
Note: No compatibility mode selected!


Circuit: * g1_sense monte carlo: input-referred offset, mismatch models (mos lv+hv, rppd), 200 samples

Warning : Nodeset on non-existent node - xdut.iptat, ignored
   Please check line .nodeset v(vref_buf)=    1.040000000000000e+00     v(vped)=    1.000755000000000e+00     v(isense)=    1.000755000000000e+00     v(xdut.vp)=0.047 v(xdut.vn)=0.047 v(xdut.iptat)=0.76 v(xdut.xref.out1)=    2.510000000000000e+00     v(xdut.xbuf.out1)=    2.510000000000000e+00     v(xdut.xota.out1)=    2.510000000000000e+00     v(xdut.xref.mir)=    2.510000000000000e+00     v(xdut.xbuf.mir)=    2.510000000000000e+00     v(xdut.xota.mir)=    2.510000000000000e+00     v(xdut.xref.tail)=1.65 v(xdut.xbuf.tail)=1.65 v(xdut.xota.tail)=1.6 v(xdut.xref.fn)=0.2 v(xdut.xref.fp)=0.2 v(xdut.xbuf.fn)=0.2 v(xdut.xbuf.fp)=0.2 v(xdut.xota.fn)=0.2 v(xdut.xota.fp)=0.2

Reset re-loads circuit * g1_sense monte carlo: input-referred offset, mismatch models (mos lv+hv, rppd), 200 samples

Circuit: * g1_sense monte carlo: input-referred offset, mismatch models (mos lv+hv, rppd), 200 samples

Warning : Nodeset on non-existent node - xdut.iptat, ignored
   Please check line .nodeset v(vref_buf)=    1.040000000000000e+00     v(vped)=    1.000755000000000e+00     v(isense)=    1.000755000000000e+00     v(xdut.vp)=0.047 v(xdut.vn)=0.047 v(xdut.iptat)=0.76 v(xdut.xref.out1)=    2.510000000000000e+00     v(xdut.xbuf.out1)=    2.510000000000000e+00     v(xdut.xota.out1)=    2.510000000000000e+00     v(xdut.xref.mir)=    2.510000000000000e+00     v(xdut.xbuf.mir)=    2.510000000000000e+00     v(xdut.xota.mir)=    2.510000000000000e+00     v(xdut.xref.tail)=1.65 v(xdut.xbuf.tail)=1.65 v(xdut.xota.tail)=1.6 v(xdut.xref.fn)=0.2 v(xdut.xref.fp)=0.2 v(xdut.xbuf.fn)=0.2 v(xdut.xbuf.fp)=0.2 v(xdut.xota.fn)=0.2 v(xdut.xota.fp)=0.2

Doing analysis at TEMP = 25.000000 and TNOM = 27.000000

Using SPARSE 1.3 as Direct Linear Solver
Note: Starting dynamic gmin stepping
Note: Dynamic gmin stepping completed
 Reference value :  0.00000e+00
No. of Data Rows : 1
ROW t0_c-0.1_s0 1.04302 1.00389 1.04474 -0.0474013 -0.0454674 1.00524 -0.000982647
Doing analysis at TEMP = 25.000000 and TNOM = 27.000000

Using SPARSE 1.3 as Direct Linear Solver
Note: Starting dynamic gmin stepping
Note: Dynamic gmin stepping completed
 Reference value :  0.00000e+00
No. of Data Rows : 1
ROW t0_c-0.1_s0.025 1.5419 1.00389 1.04474 -0.0235925 -0.0216664 1.00524 -0.000995352
Doing analysis at TEMP = 25.000000 and TNOM = 27.000000

Using SPARSE 1.3 as Direct Linear Solver
Note: Starting dynamic gmin stepping
Note: Dynamic gmin stepping completed
 Reference value :  0.00000e+00
No. of Data Rows : 1
ROW t0_c-0.1_s0.05 2.04079 1.00389 1.04474 0.000216276 0.00213505 1.00524 -0.00100773
Doing analysis at TEMP = 25.000000 and TNOM = 27.000000

Using SPARSE 1.3 as Direct Linear Solver
Note: Starting dynamic gmin stepping
Note: Dynamic gmin stepping completed
 Reference value :  0.00000e+00
No. of Data Rows : 1
ROW t0_c0_s0 1.04313 1.00389 1.04474 0.0478339 0.0497667 1.00524 -0.000981688
Doing analysis at TEMP = 25.000000 and TNOM = 27.000000

Using SPARSE 1.3 as Direct Linear Solver
Note: Starting dynamic gmin stepping
Note: Dynamic gmin stepping completed
 Reference value :  0.00000e+00
No. of Data Rows : 1
ROW t0_c0_s0.025 1.54201 1.00389 1.04474 0.0716427 0.0735677 1.00524 -0.000994393
Doing analysis at TEMP = 25.000000 and TNOM = 27.000000

Using SPARSE 1.3 as Direct Linear Solver
Note: Starting dynamic gmin stepping
Note: Dynamic gmin stepping completed
 Reference value :  0.00000e+00
No. of Data Rows : 1
ROW t0_c0_s0.05 2.0409 1.00389 1.04474 0.0954515 0.0973692 1.00524 -0.00100677
Doing analysis at TEMP = 25.000000 and TNOM = 27.000000

Using SPARSE 1.3 as Direct Linear Solver
Warning: singular matrix:  check node xdut.xbuf.cz

Note: Starting dynamic gmin stepping
Note: Dynamic gmin stepping completed
 Reference value :  0.00000e+00
No. of Data Rows : 1
ROW t0_c0.3_s0 1.04346 1.00389 1.04474 0.333539 0.33547 1.00524 -0.000978812
Doing analysis at TEMP = 25.000000 and TNOM = 27.000000

Using SPARSE 1.3 as Direct Linear Solver
Note: Starting dynamic gmin stepping
Note: Dynamic gmin stepping completed
 Reference value :  0.00000e+00
No. of Data Rows : 1
ROW t0_c0.3_s0.025 1.54233 1.00389 1.04474 0.357348 0.359271 1.00524 -0.000991516
Doing analysis at TEMP = 25.000000 and TNOM = 27.000000

Using SPARSE 1.3 as Direct Linear Solver
Note: Starting dynamic gmin stepping
Note: Dynamic gmin stepping completed
 Reference value :  0.00000e+00
No. of Data Rows : 1
ROW t0_c0.3_s0.05 2.04122 1.00389 1.04474 0.381157 0.383072 1.00524 -0.00100389
FINGERPRINT 0
@n.xdut.xota.xm1.nsg13_hv_pmos[w] = 3.840011509582686e-04
@n.xdut.xota.xm1.nsg13_hv_pmos[l] = 1.996427043499102e-06
@n.xdut.xota.xm1.nsg13_hv_pmos[delvto] = -4.41476271900160e-05
@n.xdut.xota.xm1.nsg13_hv_pmos[factuo] = 1.000097882713405e+00
@n.xdut.xota.xm2.nsg13_hv_pmos[w] = 3.839997340351275e-04
@n.xdut.xota.xm2.nsg13_hv_pmos[l] = 1.995114736461167e-06
@n.xdut.xota.xm2.nsg13_hv_pmos[delvto] = 9.517292980212635e-05
@n.xdut.xota.xm2.nsg13_hv_pmos[factuo] = 1.000106997256852e+00
@n.xdut.xbuf.xm1.nsg13_hv_pmos[w] = 9.600548088453724e-05
@n.xdut.xbuf.xm1.nsg13_hv_pmos[l] = 1.996792383129027e-06
@n.xdut.xbuf.xm1.nsg13_hv_pmos[delvto] = -2.35738389745949e-04
@n.xdut.xbuf.xm1.nsg13_hv_pmos[factuo] = 1.000589087570990e+00
@n.xdut.xbuf.xm2.nsg13_hv_pmos[w] = 9.599711149030878e-05
@n.xdut.xbuf.xm2.nsg13_hv_pmos[l] = 2.002033835115506e-06
@n.xdut.xbuf.xm2.nsg13_hv_pmos[delvto] = 3.384775564792552e-04
@n.xdut.xbuf.xm2.nsg13_hv_pmos[factuo] = 9.997630941370196e-01
@n.xdut.xref.xm1.nsg13_hv_pmos[w] = 9.600641117104299e-05
@n.xdut.xref.xm1.nsg13_hv_pmos[l] = 2.004153914320977e-06
@n.xdut.xref.xm1.nsg13_hv_pmos[delvto] = 2.434142416916544e-04
@n.xdut.xref.xm1.nsg13_hv_pmos[factuo] = 9.996267389407636e-01
@n.xdut.xref.xm2.nsg13_hv_pmos[w] = 9.599775281404732e-05
@n.xdut.xref.xm2.nsg13_hv_pmos[l] = 2.000691472525599e-06
@n.xdut.xref.xm2.nsg13_hv_pmos[delvto] = 9.227513191886815e-04
@n.xdut.xref.xm2.nsg13_hv_pmos[factuo] = 9.995383914796694e-01
@n.xdut.xr1n0.nr1[nsmm_rsh] = 1.163530255455556e+00
@n.xdut.xr1n0.nr1[nsmm_w] = 1.557432518839215e-01
@n.xdut.xr1n0.nr1[nsmm_l] = -1.43232805121731e+00
Doing analysis at TEMP = -40.000000 and TNOM = 27.000000

Using SPARSE 1.3 as Direct Linear Solver
Note: Starting dynamic gmin stepping
Warning: Dynamic gmin stepping failed
Note: Starting true gmin stepping
Note: True gmin stepping completed
 Reference value :  0.00000e+00
No. of Data Rows : 1
ROW t1_c-0.1_s0 1.03395 1.00337 1.04429 -0.047426 -0.0459004 1.00481 -0.00074234
Doing analysis at TEMP = -40.000000 and TNOM = 27.000000

Using SPARSE 1.3 as Direct Linear Solver
Note: Starting dynamic gmin stepping
Warning: Dynamic gmin stepping failed
Note: Starting true gmin stepping
Note: True gmin stepping completed
 Reference value :  0.00000e+00
No. of Data Rows : 1
ROW t1_c-0.1_s0.025 1.53285 1.00337 1.04429 -0.0236172 -0.0220985 1.00481 -0.000754829
Doing analysis at TEMP = -40.000000 and TNOM = 27.000000

Using SPARSE 1.3 as Direct Linear Solver
Note: Starting dynamic gmin stepping
Warning: Dynamic gmin stepping failed
Note: Starting true gmin stepping
Warning: singular matrix:  check node n.xdut.xrd22.nr1#i2

Note: True gmin stepping completed
 Reference value :  0.00000e+00
No. of Data Rows : 1
ROW t1_c-0.1_s0.05 2.03176 1.00337 1.04429 0.000191574 0.00170388 1.00481 -0.000767045
Doing analysis at TEMP = -40.000000 and TNOM = 27.000000

Using SPARSE 1.3 as Direct Linear Solver
Note: Starting dynamic gmin stepping
Warning: Dynamic gmin stepping failed
Note: Starting true gmin stepping
Note: True gmin stepping completed
 Reference value :  0.00000e+00
No. of Data Rows : 1
ROW t1_c0_s0 1.03405 1.00337 1.04429 0.0478092 0.0493334 1.00481 -0.000741372
Doing analysis at TEMP = -40.000000 and TNOM = 27.000000

Using SPARSE 1.3 as Direct Linear Solver
Note: Starting dynamic gmin stepping
Warning: Dynamic gmin stepping failed
Note: Starting true gmin stepping
Note: True gmin stepping completed
 Reference value :  0.00000e+00
No. of Data Rows : 1
ROW t1_c0_s0.025 1.53294 1.00337 1.04429 0.071618 0.0731353 1.00481 -0.000753861
Doing analysis at TEMP = -40.000000 and TNOM = 27.000000

Using SPARSE 1.3 as Direct Linear Solver
Warning: singular matrix:  check nodes n.xdut.xr2p14.nr1#i2 and xdut.r2p_9

Note: Starting dynamic gmin stepping
Warning: Dynamic gmin stepping failed
Note: Starting true gmin stepping
OSDI(debug) n.xdut.xr2n19.nr1: WARNING: V(i1,c) voltage is greater than specified by vmax
OSDI(debug) n.xdut.xr2n19.nr1: WARNING: V(i1,c) voltage is greater than specified by vmax
OSDI(debug) n.xdut.xr2n19.nr1: WARNING: V(i2,c) voltage is greater than specified by vmax
OSDI(debug) n.xrl2.nr1: WARNING: V(i1,c) voltage is greater than specified by vmax
OSDI(debug) n.xrl2.nr1: WARNING: V(i2,c) voltage is greater than specified by vmax
OSDI(debug) n.xrl1.nr1: WARNING: V(i1,c) voltage is greater than specified by vmax
OSDI(debug) n.xrl1.nr1: WARNING: V(i2,c) voltage is greater than specified by vmax
OSDI(debug) n.xdut.xr2n19.nr1: WARNING: V(i2,c) voltage is greater than specified by vmax
OSDI(debug) n.xrl2.nr1: WARNING: V(i1,c) voltage is greater than specified by vmax
OSDI(debug) n.xrl2.nr1: WARNING: V(i2,c) voltage is greater than specified by vmax
OSDI(debug) n.xrl1.nr1: WARNING: V(i1,c) voltage is greater than specified by vmax
OSDI(debug) n.xrl1.nr1: WARNING: V(i2,c) voltage is greater than specified by vmax
Warning: singular matrix:  check node xdut.xota.cz

Note: True gmin stepping completed
 Reference value :  0.00000e+00
No. of Data Rows : 1
ROW t1_c0_s0.05 2.03185 1.00337 1.04429 0.0954268 0.0969377 1.00481 -0.000766077
Doing analysis at TEMP = -40.000000 and TNOM = 27.000000

Using SPARSE 1.3 as Direct Linear Solver
Warning: singular matrix:  check node n.xrl1.nr1#i2

Note: Starting dynamic gmin stepping
Warning: singular matrix:  check node n.xdut.xr2p12.nr1#i2

Warning: Dynamic gmin stepping failed
Note: Starting true gmin stepping
Warning: singular matrix:  check node xdut.r2p_11

Warning: singular matrix:  check node xdut.xota.cz

Warning: singular matrix:  check nodes n.xdut.xr2p6.nr1#i1 and xdut.r2p_4

Note: True gmin stepping completed
 Reference value :  0.00000e+00
No. of Data Rows : 1
ROW t1_c0.3_s0 1.03435 1.00338 1.04429 0.333515 0.335035 1.00481 -0.000738468
Doing analysis at TEMP = -40.000000 and TNOM = 27.000000

Using SPARSE 1.3 as Direct Linear Solver
Note: Starting dynamic gmin stepping
Warning: Dynamic gmin stepping failed
Note: Starting true gmin stepping
Warning: singular matrix:  check node n.xdut.xr2p18.nr1#i1

Note: True gmin stepping completed
 Reference value :  0.00000e+00
No. of Data Rows : 1
ROW t1_c0.3_s0.025 1.53325 1.00338 1.04429 0.357324 0.358837 1.00481 -0.000750957
Doing analysis at TEMP = -40.000000 and TNOM = 27.000000

Using SPARSE 1.3 as Direct Linear Solver
Note: Starting dynamic gmin stepping
Warning: Dynamic gmin stepping failed
Note: Starting true gmin stepping
Warning: singular matrix:  check nodes xdut.r2p_3 and n.xdut.xr2p6.nr1#i1

Note: True gmin stepping completed
 Reference value :  0.00000e+00
No. of Data Rows : 1
ROW t1_c0.3_s0.05 2.03216 1.00338 1.04429 0.381132 0.38264 1.00481 -0.000763172
FINGERPRINT 1
@n.xdut.xota.xm1.nsg13_hv_pmos[w] = 3.840011509582686e-04
@n.xdut.xota.xm1.nsg13_hv_pmos[l] = 1.996427043499102e-06
@n.xdut.xota.xm1.nsg13_hv_pmos[delvto] = -4.41476271900160e-05
@n.xdut.xota.xm1.nsg13_hv_pmos[factuo] = 1.000097882713405e+00
@n.xdut.xota.xm2.nsg13_hv_pmos[w] = 3.839997340351275e-04
@n.xdut.xota.xm2.nsg13_hv_pmos[l] = 1.995114736461167e-06
@n.xdut.xota.xm2.nsg13_hv_pmos[delvto] = 9.517292980212635e-05
@n.xdut.xota.xm2.nsg13_hv_pmos[factuo] = 1.000106997256852e+00
@n.xdut.xbuf.xm1.nsg13_hv_pmos[w] = 9.600548088453724e-05
@n.xdut.xbuf.xm1.nsg13_hv_pmos[l] = 1.996792383129027e-06
@n.xdut.xbuf.xm1.nsg13_hv_pmos[delvto] = -2.35738389745949e-04
@n.xdut.xbuf.xm1.nsg13_hv_pmos[factuo] = 1.000589087570990e+00
@n.xdut.xbuf.xm2.nsg13_hv_pmos[w] = 9.599711149030878e-05
@n.xdut.xbuf.xm2.nsg13_hv_pmos[l] = 2.002033835115506e-06
@n.xdut.xbuf.xm2.nsg13_hv_pmos[delvto] = 3.384775564792552e-04
@n.xdut.xbuf.xm2.nsg13_hv_pmos[factuo] = 9.997630941370196e-01
@n.xdut.xref.xm1.nsg13_hv_pmos[w] = 9.600641117104299e-05
@n.xdut.xref.xm1.nsg13_hv_pmos[l] = 2.004153914320977e-06
@n.xdut.xref.xm1.nsg13_hv_pmos[delvto] = 2.434142416916544e-04
@n.xdut.xref.xm1.nsg13_hv_pmos[factuo] = 9.996267389407636e-01
@n.xdut.xref.xm2.nsg13_hv_pmos[w] = 9.599775281404732e-05
@n.xdut.xref.xm2.nsg13_hv_pmos[l] = 2.000691472525599e-06
@n.xdut.xref.xm2.nsg13_hv_pmos[delvto] = 9.227513191886815e-04
@n.xdut.xref.xm2.nsg13_hv_pmos[factuo] = 9.995383914796694e-01
@n.xdut.xr1n0.nr1[nsmm_rsh] = 1.163530255455556e+00
@n.xdut.xr1n0.nr1[nsmm_w] = 1.557432518839215e-01
@n.xdut.xr1n0.nr1[nsmm_l] = -1.43232805121731e+00
Doing analysis at TEMP = 125.000000 and TNOM = 27.000000

Using SPARSE 1.3 as Direct Linear Solver
Note: Starting dynamic gmin stepping
Note: Dynamic gmin stepping completed
 Reference value :  0.00000e+00
No. of Data Rows : 1
ROW t2_c-0.1_s0 1.05843 1.00486 1.04529 -0.0473551 -0.0447323 1.00577 -0.00136421
Doing analysis at TEMP = 125.000000 and TNOM = 27.000000

Using SPARSE 1.3 as Direct Linear Solver
Note: Starting dynamic gmin stepping
Note: Dynamic gmin stepping completed
 Reference value :  0.00000e+00
No. of Data Rows : 1
ROW t2_c-0.1_s0.025 1.55728 1.00486 1.04529 -0.0235463 -0.0209325 1.00577 -0.00137686
Doing analysis at TEMP = 125.000000 and TNOM = 27.000000

Using SPARSE 1.3 as Direct Linear Solver
Note: Starting dynamic gmin stepping
Note: Dynamic gmin stepping completed
 Reference value :  0.00000e+00
No. of Data Rows : 1
ROW t2_c-0.1_s0.05 2.05615 1.00486 1.04529 0.000262465 0.00286781 1.00577 -0.0013891
Doing analysis at TEMP = 125.000000 and TNOM = 27.000000

Using SPARSE 1.3 as Direct Linear Solver
Note: Starting dynamic gmin stepping
Note: Dynamic gmin stepping completed
 Reference value :  0.00000e+00
No. of Data Rows : 1
ROW t2_c0_s0 1.05855 1.00486 1.04529 0.0478801 0.0505025 1.00577 -0.00136327
Doing analysis at TEMP = 125.000000 and TNOM = 27.000000

Using SPARSE 1.3 as Direct Linear Solver
Note: Starting dynamic gmin stepping
Note: Dynamic gmin stepping completed
 Reference value :  0.00000e+00
No. of Data Rows : 1
ROW t2_c0_s0.025 1.5574 1.00486 1.04529 0.0716889 0.0743022 1.00577 -0.00137592
Doing analysis at TEMP = 125.000000 and TNOM = 27.000000

Using SPARSE 1.3 as Direct Linear Solver
Note: Starting dynamic gmin stepping
Note: Dynamic gmin stepping completed
 Reference value :  0.00000e+00
No. of Data Rows : 1
ROW t2_c0_s0.05 2.05627 1.00486 1.04529 0.0954977 0.0981026 1.00577 -0.00138816
Doing analysis at TEMP = 125.000000 and TNOM = 27.000000

Using SPARSE 1.3 as Direct Linear Solver
Note: Starting dynamic gmin stepping
Note: Dynamic gmin stepping completed
 Reference value :  0.00000e+00
No. of Data Rows : 1
ROW t2_c0.3_s0 1.05893 1.00486 1.04529 0.333586 0.336208 1.00577 -0.00136045
Doing analysis at TEMP = 125.000000 and TNOM = 27.000000

Using SPARSE 1.3 as Direct Linear Solver
Note: Starting dynamic gmin stepping
Note: Dynamic gmin stepping completed
 Reference value :  0.00000e+00
No. of Data Rows : 1
ROW t2_c0.3_s0.025 1.55778 1.00486 1.04529 0.357394 0.360007 1.00577 -0.0013731
Doing analysis at TEMP = 125.000000 and TNOM = 27.000000

Using SPARSE 1.3 as Direct Linear Solver
Warning: singular matrix:  check node xdut.xota.cz

Note: Starting dynamic gmin stepping
Note: Dynamic gmin stepping completed
 Reference value :  0.00000e+00
No. of Data Rows : 1
ROW t2_c0.3_s0.05 2.05665 1.00486 1.04529 0.381203 0.383808 1.00577 -0.00138534
FINGERPRINT 2
@n.xdut.xota.xm1.nsg13_hv_pmos[w] = 3.840011509582686e-04
@n.xdut.xota.xm1.nsg13_hv_pmos[l] = 1.996427043499102e-06
@n.xdut.xota.xm1.nsg13_hv_pmos[delvto] = -4.41476271900160e-05
@n.xdut.xota.xm1.nsg13_hv_pmos[factuo] = 1.000097882713405e+00
@n.xdut.xota.xm2.nsg13_hv_pmos[w] = 3.839997340351275e-04
@n.xdut.xota.xm2.nsg13_hv_pmos[l] = 1.995114736461167e-06
@n.xdut.xota.xm2.nsg13_hv_pmos[delvto] = 9.517292980212635e-05
@n.xdut.xota.xm2.nsg13_hv_pmos[factuo] = 1.000106997256852e+00
@n.xdut.xbuf.xm1.nsg13_hv_pmos[w] = 9.600548088453724e-05
@n.xdut.xbuf.xm1.nsg13_hv_pmos[l] = 1.996792383129027e-06
@n.xdut.xbuf.xm1.nsg13_hv_pmos[delvto] = -2.35738389745949e-04
@n.xdut.xbuf.xm1.nsg13_hv_pmos[factuo] = 1.000589087570990e+00
@n.xdut.xbuf.xm2.nsg13_hv_pmos[w] = 9.599711149030878e-05
@n.xdut.xbuf.xm2.nsg13_hv_pmos[l] = 2.002033835115506e-06
@n.xdut.xbuf.xm2.nsg13_hv_pmos[delvto] = 3.384775564792552e-04
@n.xdut.xbuf.xm2.nsg13_hv_pmos[factuo] = 9.997630941370196e-01
@n.xdut.xref.xm1.nsg13_hv_pmos[w] = 9.600641117104299e-05
@n.xdut.xref.xm1.nsg13_hv_pmos[l] = 2.004153914320977e-06
@n.xdut.xref.xm1.nsg13_hv_pmos[delvto] = 2.434142416916544e-04
@n.xdut.xref.xm1.nsg13_hv_pmos[factuo] = 9.996267389407636e-01
@n.xdut.xref.xm2.nsg13_hv_pmos[w] = 9.599775281404732e-05
@n.xdut.xref.xm2.nsg13_hv_pmos[l] = 2.000691472525599e-06
@n.xdut.xref.xm2.nsg13_hv_pmos[delvto] = 9.227513191886815e-04
@n.xdut.xref.xm2.nsg13_hv_pmos[factuo] = 9.995383914796694e-01
@n.xdut.xr1n0.nr1[nsmm_rsh] = 1.163530255455556e+00
@n.xdut.xr1n0.nr1[nsmm_w] = 1.557432518839215e-01
@n.xdut.xr1n0.nr1[nsmm_l] = -1.43232805121731e+00
Doing analysis at TEMP = 25.000000 and TNOM = 27.000000

Using SPARSE 1.3 as Direct Linear Solver
Note: Starting dynamic gmin stepping
Note: Dynamic gmin stepping completed
 Reference value :  0.00000e+00
No. of Data Rows : 1
ROW t3_c-0.1_s0 1.04302 1.00389 1.04474 -0.0474013 -0.0454674 1.00524 -0.000982647
Doing analysis at TEMP = 25.000000 and TNOM = 27.000000

Using SPARSE 1.3 as Direct Linear Solver
Note: Starting dynamic gmin stepping
Note: Dynamic gmin stepping completed
 Reference value :  0.00000e+00
No. of Data Rows : 1
ROW t3_c-0.1_s0.025 1.5419 1.00389 1.04474 -0.0235925 -0.0216664 1.00524 -0.000995352
Doing analysis at TEMP = 25.000000 and TNOM = 27.000000

Using SPARSE 1.3 as Direct Linear Solver
Note: Starting dynamic gmin stepping
Note: Dynamic gmin stepping completed
 Reference value :  0.00000e+00
No. of Data Rows : 1
ROW t3_c-0.1_s0.05 2.04079 1.00389 1.04474 0.000216276 0.00213505 1.00524 -0.00100773
Doing analysis at TEMP = 25.000000 and TNOM = 27.000000

Using SPARSE 1.3 as Direct Linear Solver
Note: Starting dynamic gmin stepping
Note: Dynamic gmin stepping completed
 Reference value :  0.00000e+00
No. of Data Rows : 1
ROW t3_c0_s0 1.04313 1.00389 1.04474 0.0478339 0.0497667 1.00524 -0.000981688
Doing analysis at TEMP = 25.000000 and TNOM = 27.000000

Using SPARSE 1.3 as Direct Linear Solver
Note: Starting dynamic gmin stepping
Note: Dynamic gmin stepping completed
 Reference value :  0.00000e+00
No. of Data Rows : 1
ROW t3_c0_s0.025 1.54201 1.00389 1.04474 0.0716427 0.0735677 1.00524 -0.000994393
Doing analysis at TEMP = 25.000000 and TNOM = 27.000000

Using SPARSE 1.3 as Direct Linear Solver
Note: Starting dynamic gmin stepping
Note: Dynamic gmin stepping completed
 Reference value :  0.00000e+00
No. of Data Rows : 1
ROW t3_c0_s0.05 2.0409 1.00389 1.04474 0.0954515 0.0973692 1.00524 -0.00100677
Doing analysis at TEMP = 25.000000 and TNOM = 27.000000

Using SPARSE 1.3 as Direct Linear Solver
Warning: singular matrix:  check node xdut.xbuf.cz

Note: Starting dynamic gmin stepping
Note: Dynamic gmin stepping completed
 Reference value :  0.00000e+00
No. of Data Rows : 1
ROW t3_c0.3_s0 1.04346 1.00389 1.04474 0.333539 0.33547 1.00524 -0.000978812
Doing analysis at TEMP = 25.000000 and TNOM = 27.000000

Using SPARSE 1.3 as Direct Linear Solver
Note: Starting dynamic gmin stepping
Note: Dynamic gmin stepping completed
 Reference value :  0.00000e+00
No. of Data Rows : 1
ROW t3_c0.3_s0.025 1.54233 1.00389 1.04474 0.357348 0.359271 1.00524 -0.000991516
Doing analysis at TEMP = 25.000000 and TNOM = 27.000000

Using SPARSE 1.3 as Direct Linear Solver
Note: Starting dynamic gmin stepping
Note: Dynamic gmin stepping completed
 Reference value :  0.00000e+00
No. of Data Rows : 1
ROW t3_c0.3_s0.05 2.04122 1.00389 1.04474 0.381157 0.383072 1.00524 -0.00100389
FINGERPRINT 3
@n.xdut.xota.xm1.nsg13_hv_pmos[w] = 3.840011509582686e-04
@n.xdut.xota.xm1.nsg13_hv_pmos[l] = 1.996427043499102e-06
@n.xdut.xota.xm1.nsg13_hv_pmos[delvto] = -4.41476271900160e-05
@n.xdut.xota.xm1.nsg13_hv_pmos[factuo] = 1.000097882713405e+00
@n.xdut.xota.xm2.nsg13_hv_pmos[w] = 3.839997340351275e-04
@n.xdut.xota.xm2.nsg13_hv_pmos[l] = 1.995114736461167e-06
@n.xdut.xota.xm2.nsg13_hv_pmos[delvto] = 9.517292980212635e-05
@n.xdut.xota.xm2.nsg13_hv_pmos[factuo] = 1.000106997256852e+00
@n.xdut.xbuf.xm1.nsg13_hv_pmos[w] = 9.600548088453724e-05
@n.xdut.xbuf.xm1.nsg13_hv_pmos[l] = 1.996792383129027e-06
@n.xdut.xbuf.xm1.nsg13_hv_pmos[delvto] = -2.35738389745949e-04
@n.xdut.xbuf.xm1.nsg13_hv_pmos[factuo] = 1.000589087570990e+00
@n.xdut.xbuf.xm2.nsg13_hv_pmos[w] = 9.599711149030878e-05
@n.xdut.xbuf.xm2.nsg13_hv_pmos[l] = 2.002033835115506e-06
@n.xdut.xbuf.xm2.nsg13_hv_pmos[delvto] = 3.384775564792552e-04
@n.xdut.xbuf.xm2.nsg13_hv_pmos[factuo] = 9.997630941370196e-01
@n.xdut.xref.xm1.nsg13_hv_pmos[w] = 9.600641117104299e-05
@n.xdut.xref.xm1.nsg13_hv_pmos[l] = 2.004153914320977e-06
@n.xdut.xref.xm1.nsg13_hv_pmos[delvto] = 2.434142416916544e-04
@n.xdut.xref.xm1.nsg13_hv_pmos[factuo] = 9.996267389407636e-01
@n.xdut.xref.xm2.nsg13_hv_pmos[w] = 9.599775281404732e-05
@n.xdut.xref.xm2.nsg13_hv_pmos[l] = 2.000691472525599e-06
@n.xdut.xref.xm2.nsg13_hv_pmos[delvto] = 9.227513191886815e-04
@n.xdut.xref.xm2.nsg13_hv_pmos[factuo] = 9.995383914796694e-01
@n.xdut.xr1n0.nr1[nsmm_rsh] = 1.163530255455556e+00
@n.xdut.xr1n0.nr1[nsmm_w] = 1.557432518839215e-01
@n.xdut.xr1n0.nr1[nsmm_l] = -1.43232805121731e+00
QUALIFICATION_END
ngspice-46 done
