
Note: No compatibility mode selected!


Circuit: * g1_sense monte carlo: input-referred offset, mismatch models (mos lv+hv, rppd), 200 samples

Warning : Nodeset on non-existent node - xdut.iptat, ignored
   Please check line .nodeset v(vref_buf)=    1.040000000000000e+00     v(vped)=    1.000755000000000e+00     v(isense)=    1.000755000000000e+00     v(xdut.vp)=0.047 v(xdut.vn)=0.047 v(xdut.iptat)=0.76 v(xdut.xref.out1)=    2.510000000000000e+00     v(xdut.xbuf.out1)=    2.510000000000000e+00     v(xdut.xota.out1)=    2.510000000000000e+00     v(xdut.xref.mir)=    2.510000000000000e+00     v(xdut.xbuf.mir)=    2.510000000000000e+00     v(xdut.xota.mir)=    2.510000000000000e+00     v(xdut.xref.tail)=1.65 v(xdut.xbuf.tail)=1.65 v(xdut.xota.tail)=1.6 v(xdut.xref.fn)=0.2 v(xdut.xref.fp)=0.2 v(xdut.xbuf.fn)=0.2 v(xdut.xbuf.fp)=0.2 v(xdut.xota.fn)=0.2 v(xdut.xota.fp)=0.2

Reset re-loads circuit * g1_sense monte carlo: input-referred offset, mismatch models (mos lv+hv, rppd), 200 samples

Circuit: * g1_sense monte carlo: input-referred offset, mismatch models (mos lv+hv, rppd), 200 samples

Warning : Nodeset on non-existent node - xdut.iptat, ignored
   Please check line .nodeset v(vref_buf)=    1.040000000000000e+00     v(vped)=    1.000755000000000e+00     v(isense)=    1.000755000000000e+00     v(xdut.vp)=0.047 v(xdut.vn)=0.047 v(xdut.iptat)=0.76 v(xdut.xref.out1)=    2.510000000000000e+00     v(xdut.xbuf.out1)=    2.510000000000000e+00     v(xdut.xota.out1)=    2.510000000000000e+00     v(xdut.xref.mir)=    2.510000000000000e+00     v(xdut.xbuf.mir)=    2.510000000000000e+00     v(xdut.xota.mir)=    2.510000000000000e+00     v(xdut.xref.tail)=1.65 v(xdut.xbuf.tail)=1.65 v(xdut.xota.tail)=1.6 v(xdut.xref.fn)=0.2 v(xdut.xref.fp)=0.2 v(xdut.xbuf.fn)=0.2 v(xdut.xbuf.fp)=0.2 v(xdut.xota.fn)=0.2 v(xdut.xota.fp)=0.2

Doing analysis at TEMP = 25.000000 and TNOM = 27.000000

Using SPARSE 1.3 as Direct Linear Solver
Note: Starting dynamic gmin stepping
Note: Dynamic gmin stepping completed
 Reference value :  0.00000e+00
No. of Data Rows : 1
ROW t0_c-0.1_s0 1.07473 1.00275 1.03672 -0.0473672 -0.0441166 0.997679 -0.00086207
Doing analysis at TEMP = 25.000000 and TNOM = 27.000000

Using SPARSE 1.3 as Direct Linear Solver
Note: Starting dynamic gmin stepping
Note: Dynamic gmin stepping completed
 Reference value :  0.00000e+00
No. of Data Rows : 1
ROW t0_c-0.1_s0.025 1.575 1.00275 1.03672 -0.0235604 -0.0203182 0.997679 -0.000874303
Doing analysis at TEMP = 25.000000 and TNOM = 27.000000

Using SPARSE 1.3 as Direct Linear Solver
Warning: singular matrix:  check nodes xdut.r2p_1 and xdut.r2p_2

Note: Starting dynamic gmin stepping
Note: Dynamic gmin stepping completed
 Reference value :  0.00000e+00
No. of Data Rows : 1
ROW t0_c-0.1_s0.05 2.07528 1.00275 1.03672 0.00024641 0.00348077 0.997679 -0.000886281
Doing analysis at TEMP = 25.000000 and TNOM = 27.000000

Using SPARSE 1.3 as Direct Linear Solver
Note: Starting dynamic gmin stepping
Note: Dynamic gmin stepping completed
 Reference value :  0.00000e+00
No. of Data Rows : 1
ROW t0_c0_s0 1.07434 1.00275 1.03672 0.04786 0.0511078 0.997679 -0.000861099
Doing analysis at TEMP = 25.000000 and TNOM = 27.000000

Using SPARSE 1.3 as Direct Linear Solver
Note: Starting dynamic gmin stepping
Note: Dynamic gmin stepping completed
 Reference value :  0.00000e+00
No. of Data Rows : 1
ROW t0_c0_s0.025 1.57461 1.00275 1.03672 0.0716668 0.0749061 0.997679 -0.000873332
Doing analysis at TEMP = 25.000000 and TNOM = 27.000000

Using SPARSE 1.3 as Direct Linear Solver
Note: Starting dynamic gmin stepping
Note: Dynamic gmin stepping completed
 Reference value :  0.00000e+00
No. of Data Rows : 1
ROW t0_c0_s0.05 2.07489 1.00275 1.03672 0.0954736 0.0987051 0.997679 -0.00088531
Doing analysis at TEMP = 25.000000 and TNOM = 27.000000

Using SPARSE 1.3 as Direct Linear Solver
Note: Starting dynamic gmin stepping
Note: Dynamic gmin stepping completed
 Reference value :  0.00000e+00
No. of Data Rows : 1
ROW t0_c0.3_s0 1.07318 1.00275 1.03672 0.333541 0.336781 0.997679 -0.000858185
Doing analysis at TEMP = 25.000000 and TNOM = 27.000000

Using SPARSE 1.3 as Direct Linear Solver
Note: Starting dynamic gmin stepping
Note: Dynamic gmin stepping completed
 Reference value :  0.00000e+00
No. of Data Rows : 1
ROW t0_c0.3_s0.025 1.57345 1.00275 1.03672 0.357348 0.36058 0.997679 -0.00087042
Doing analysis at TEMP = 25.000000 and TNOM = 27.000000

Using SPARSE 1.3 as Direct Linear Solver
Note: Starting dynamic gmin stepping
Note: Dynamic gmin stepping completed
 Reference value :  0.00000e+00
No. of Data Rows : 1
ROW t0_c0.3_s0.05 2.07374 1.00275 1.03672 0.381155 0.384379 0.997679 -0.000882398
FINGERPRINT 0
@n.xdut.xota.xm1.nsg13_hv_pmos[w] = 3.839972446488976e-04
@n.xdut.xota.xm1.nsg13_hv_pmos[l] = 1.997526981966799e-06
@n.xdut.xota.xm1.nsg13_hv_pmos[delvto] = 1.850599794464530e-04
@n.xdut.xota.xm1.nsg13_hv_pmos[factuo] = 1.000124348338913e+00
@n.xdut.xota.xm2.nsg13_hv_pmos[w] = 3.839999434024766e-04
@n.xdut.xota.xm2.nsg13_hv_pmos[l] = 2.000424983962430e-06
@n.xdut.xota.xm2.nsg13_hv_pmos[delvto] = -2.04330347573803e-05
@n.xdut.xota.xm2.nsg13_hv_pmos[factuo] = 1.000004950352267e+00
@n.xdut.xbuf.xm1.nsg13_hv_pmos[w] = 9.600165938708796e-05
@n.xdut.xbuf.xm1.nsg13_hv_pmos[l] = 2.001576323693142e-06
@n.xdut.xbuf.xm1.nsg13_hv_pmos[delvto] = 1.922162067300349e-04
@n.xdut.xbuf.xm1.nsg13_hv_pmos[factuo] = 1.000177393110458e+00
@n.xdut.xbuf.xm2.nsg13_hv_pmos[w] = 9.599671854405999e-05
@n.xdut.xbuf.xm2.nsg13_hv_pmos[l] = 2.000877634352483e-06
@n.xdut.xbuf.xm2.nsg13_hv_pmos[delvto] = -2.35769354376149e-04
@n.xdut.xbuf.xm2.nsg13_hv_pmos[factuo] = 9.998576335847884e-01
@n.xdut.xref.xm1.nsg13_hv_pmos[w] = 9.599572089208191e-05
@n.xdut.xref.xm1.nsg13_hv_pmos[l] = 1.998590522446373e-06
@n.xdut.xref.xm1.nsg13_hv_pmos[delvto] = -1.14453783149553e-04
@n.xdut.xref.xm1.nsg13_hv_pmos[factuo] = 1.000032658226273e+00
@n.xdut.xref.xm2.nsg13_hv_pmos[w] = 9.600438277496553e-05
@n.xdut.xref.xm2.nsg13_hv_pmos[l] = 2.001598657693057e-06
@n.xdut.xref.xm2.nsg13_hv_pmos[delvto] = 2.909166479821994e-04
@n.xdut.xref.xm2.nsg13_hv_pmos[factuo] = 9.996873672191697e-01
@n.xdut.xr1n0.nr1[nsmm_rsh] = -6.24123673809769e-01
@n.xdut.xr1n0.nr1[nsmm_w] = 1.179414498851570e+00
@n.xdut.xr1n0.nr1[nsmm_l] = 4.167209617255355e-01
Doing analysis at TEMP = -40.000000 and TNOM = 27.000000

Using SPARSE 1.3 as Direct Linear Solver
Note: Starting dynamic gmin stepping
Note: Dynamic gmin stepping completed
 Reference value :  0.00000e+00
No. of Data Rows : 1
ROW t1_c-0.1_s0 1.06474 1.00262 1.03713 -0.0473733 -0.0445915 0.998068 -0.000632073
Doing analysis at TEMP = -40.000000 and TNOM = 27.000000

Using SPARSE 1.3 as Direct Linear Solver
Note: Starting dynamic gmin stepping
Note: Dynamic gmin stepping completed
 Reference value :  0.00000e+00
No. of Data Rows : 1
ROW t1_c-0.1_s0.025 1.56503 1.00262 1.03713 -0.0235665 -0.0207922 0.998068 -0.000644023
Doing analysis at TEMP = -40.000000 and TNOM = 27.000000

Using SPARSE 1.3 as Direct Linear Solver
Note: Starting dynamic gmin stepping
Note: Dynamic gmin stepping completed
 Reference value :  0.00000e+00
No. of Data Rows : 1
ROW t1_c-0.1_s0.05 2.06533 1.00262 1.03713 0.000240292 0.00300768 0.998068 -0.000655771
Doing analysis at TEMP = -40.000000 and TNOM = 27.000000

Using SPARSE 1.3 as Direct Linear Solver
Note: Starting dynamic gmin stepping
Note: Dynamic gmin stepping completed
 Reference value :  0.00000e+00
No. of Data Rows : 1
ROW t1_c0_s0 1.06433 1.00262 1.03713 0.0478539 0.0506318 0.998068 -0.000631093
Doing analysis at TEMP = -40.000000 and TNOM = 27.000000

Using SPARSE 1.3 as Direct Linear Solver
Note: Starting dynamic gmin stepping
Note: Dynamic gmin stepping completed
 Reference value :  0.00000e+00
No. of Data Rows : 1
ROW t1_c0_s0.025 1.56462 1.00262 1.03713 0.0716607 0.0744312 0.998068 -0.000643043
Doing analysis at TEMP = -40.000000 and TNOM = 27.000000

Using SPARSE 1.3 as Direct Linear Solver
Note: Starting dynamic gmin stepping
Note: Dynamic gmin stepping completed
 Reference value :  0.00000e+00
No. of Data Rows : 1
ROW t1_c0_s0.05 2.06492 1.00262 1.03713 0.0954675 0.098231 0.998068 -0.000654791
Doing analysis at TEMP = -40.000000 and TNOM = 27.000000

Using SPARSE 1.3 as Direct Linear Solver
Note: Starting dynamic gmin stepping
Note: Dynamic gmin stepping completed
 Reference value :  0.00000e+00
No. of Data Rows : 1
ROW t1_c0.3_s0 1.06311 1.00262 1.03713 0.333535 0.336302 0.998068 -0.000628153
Doing analysis at TEMP = -40.000000 and TNOM = 27.000000

Using SPARSE 1.3 as Direct Linear Solver
Note: Starting dynamic gmin stepping
Note: Dynamic gmin stepping completed
 Reference value :  0.00000e+00
No. of Data Rows : 1
ROW t1_c0.3_s0.025 1.5634 1.00262 1.03713 0.357342 0.360102 0.998068 -0.000640104
Doing analysis at TEMP = -40.000000 and TNOM = 27.000000

Using SPARSE 1.3 as Direct Linear Solver
Note: Starting dynamic gmin stepping
Note: Dynamic gmin stepping completed
 Reference value :  0.00000e+00
No. of Data Rows : 1
ROW t1_c0.3_s0.05 2.0637 1.00262 1.03713 0.381149 0.383902 0.998068 -0.000651852
FINGERPRINT 1
@n.xdut.xota.xm1.nsg13_hv_pmos[w] = 3.839972446488976e-04
@n.xdut.xota.xm1.nsg13_hv_pmos[l] = 1.997526981966799e-06
@n.xdut.xota.xm1.nsg13_hv_pmos[delvto] = 1.850599794464530e-04
@n.xdut.xota.xm1.nsg13_hv_pmos[factuo] = 1.000124348338913e+00
@n.xdut.xota.xm2.nsg13_hv_pmos[w] = 3.839999434024766e-04
@n.xdut.xota.xm2.nsg13_hv_pmos[l] = 2.000424983962430e-06
@n.xdut.xota.xm2.nsg13_hv_pmos[delvto] = -2.04330347573803e-05
@n.xdut.xota.xm2.nsg13_hv_pmos[factuo] = 1.000004950352267e+00
@n.xdut.xbuf.xm1.nsg13_hv_pmos[w] = 9.600165938708796e-05
@n.xdut.xbuf.xm1.nsg13_hv_pmos[l] = 2.001576323693142e-06
@n.xdut.xbuf.xm1.nsg13_hv_pmos[delvto] = 1.922162067300349e-04
@n.xdut.xbuf.xm1.nsg13_hv_pmos[factuo] = 1.000177393110458e+00
@n.xdut.xbuf.xm2.nsg13_hv_pmos[w] = 9.599671854405999e-05
@n.xdut.xbuf.xm2.nsg13_hv_pmos[l] = 2.000877634352483e-06
@n.xdut.xbuf.xm2.nsg13_hv_pmos[delvto] = -2.35769354376149e-04
@n.xdut.xbuf.xm2.nsg13_hv_pmos[factuo] = 9.998576335847884e-01
@n.xdut.xref.xm1.nsg13_hv_pmos[w] = 9.599572089208191e-05
@n.xdut.xref.xm1.nsg13_hv_pmos[l] = 1.998590522446373e-06
@n.xdut.xref.xm1.nsg13_hv_pmos[delvto] = -1.14453783149553e-04
@n.xdut.xref.xm1.nsg13_hv_pmos[factuo] = 1.000032658226273e+00
@n.xdut.xref.xm2.nsg13_hv_pmos[w] = 9.600438277496553e-05
@n.xdut.xref.xm2.nsg13_hv_pmos[l] = 2.001598657693057e-06
@n.xdut.xref.xm2.nsg13_hv_pmos[delvto] = 2.909166479821994e-04
@n.xdut.xref.xm2.nsg13_hv_pmos[factuo] = 9.996873672191697e-01
@n.xdut.xr1n0.nr1[nsmm_rsh] = -6.24123673809769e-01
@n.xdut.xr1n0.nr1[nsmm_w] = 1.179414498851570e+00
@n.xdut.xr1n0.nr1[nsmm_l] = 4.167209617255355e-01
Doing analysis at TEMP = 125.000000 and TNOM = 27.000000

Using SPARSE 1.3 as Direct Linear Solver
Warning: singular matrix:  check node xdut.xota.cz

Note: Starting dynamic gmin stepping
Note: Dynamic gmin stepping completed
 Reference value :  0.00000e+00
No. of Data Rows : 1
ROW t2_c-0.1_s0 1.08801 1.00271 1.03629 -0.047369 -0.0434848 0.997265 -0.00123858
Doing analysis at TEMP = 125.000000 and TNOM = 27.000000

Using SPARSE 1.3 as Direct Linear Solver
Note: Starting dynamic gmin stepping
Note: Dynamic gmin stepping completed
 Reference value :  0.00000e+00
No. of Data Rows : 1
ROW t2_c-0.1_s0.025 1.58825 1.00271 1.03629 -0.0235622 -0.0196877 0.997265 -0.00125088
Doing analysis at TEMP = 125.000000 and TNOM = 27.000000

Using SPARSE 1.3 as Direct Linear Solver
Note: Starting dynamic gmin stepping
Note: Dynamic gmin stepping completed
 Reference value :  0.00000e+00
No. of Data Rows : 1
ROW t2_c-0.1_s0.05 2.08851 1.00271 1.03629 0.000244568 0.00411015 0.997265 -0.00126283
Doing analysis at TEMP = 125.000000 and TNOM = 27.000000

Using SPARSE 1.3 as Direct Linear Solver
Note: Starting dynamic gmin stepping
Note: Dynamic gmin stepping completed
 Reference value :  0.00000e+00
No. of Data Rows : 1
ROW t2_c0_s0 1.08765 1.00271 1.03629 0.0478582 0.0517409 0.997265 -0.00123763
Doing analysis at TEMP = 125.000000 and TNOM = 27.000000

Using SPARSE 1.3 as Direct Linear Solver
Warning: singular matrix:  check node xdut.xota.cz

Note: Starting dynamic gmin stepping
Note: Dynamic gmin stepping completed
 Reference value :  0.00000e+00
No. of Data Rows : 1
ROW t2_c0_s0.025 1.58789 1.00271 1.03629 0.0716649 0.0755381 0.997265 -0.00124993
Doing analysis at TEMP = 125.000000 and TNOM = 27.000000

Using SPARSE 1.3 as Direct Linear Solver
Note: Starting dynamic gmin stepping
Note: Dynamic gmin stepping completed
 Reference value :  0.00000e+00
No. of Data Rows : 1
ROW t2_c0_s0.05 2.08815 1.00271 1.03629 0.0954717 0.099336 0.997265 -0.00126188
Doing analysis at TEMP = 125.000000 and TNOM = 27.000000

Using SPARSE 1.3 as Direct Linear Solver
Note: Starting dynamic gmin stepping
Note: Dynamic gmin stepping completed
 Reference value :  0.00000e+00
No. of Data Rows : 1
ROW t2_c0.3_s0 1.0866 1.00271 1.03629 0.33354 0.337419 0.997265 -0.00123478
Doing analysis at TEMP = 125.000000 and TNOM = 27.000000

Using SPARSE 1.3 as Direct Linear Solver
Note: Starting dynamic gmin stepping
Note: Dynamic gmin stepping completed
 Reference value :  0.00000e+00
No. of Data Rows : 1
ROW t2_c0.3_s0.025 1.58684 1.00271 1.03629 0.357346 0.361217 0.997265 -0.00124708
Doing analysis at TEMP = 125.000000 and TNOM = 27.000000

Using SPARSE 1.3 as Direct Linear Solver
Note: Starting dynamic gmin stepping
Note: Dynamic gmin stepping completed
 Reference value :  0.00000e+00
No. of Data Rows : 1
ROW t2_c0.3_s0.05 2.0871 1.00271 1.03629 0.381153 0.385015 0.997265 -0.00125903
FINGERPRINT 2
@n.xdut.xota.xm1.nsg13_hv_pmos[w] = 3.839972446488976e-04
@n.xdut.xota.xm1.nsg13_hv_pmos[l] = 1.997526981966799e-06
@n.xdut.xota.xm1.nsg13_hv_pmos[delvto] = 1.850599794464530e-04
@n.xdut.xota.xm1.nsg13_hv_pmos[factuo] = 1.000124348338913e+00
@n.xdut.xota.xm2.nsg13_hv_pmos[w] = 3.839999434024766e-04
@n.xdut.xota.xm2.nsg13_hv_pmos[l] = 2.000424983962430e-06
@n.xdut.xota.xm2.nsg13_hv_pmos[delvto] = -2.04330347573803e-05
@n.xdut.xota.xm2.nsg13_hv_pmos[factuo] = 1.000004950352267e+00
@n.xdut.xbuf.xm1.nsg13_hv_pmos[w] = 9.600165938708796e-05
@n.xdut.xbuf.xm1.nsg13_hv_pmos[l] = 2.001576323693142e-06
@n.xdut.xbuf.xm1.nsg13_hv_pmos[delvto] = 1.922162067300349e-04
@n.xdut.xbuf.xm1.nsg13_hv_pmos[factuo] = 1.000177393110458e+00
@n.xdut.xbuf.xm2.nsg13_hv_pmos[w] = 9.599671854405999e-05
@n.xdut.xbuf.xm2.nsg13_hv_pmos[l] = 2.000877634352483e-06
@n.xdut.xbuf.xm2.nsg13_hv_pmos[delvto] = -2.35769354376149e-04
@n.xdut.xbuf.xm2.nsg13_hv_pmos[factuo] = 9.998576335847884e-01
@n.xdut.xref.xm1.nsg13_hv_pmos[w] = 9.599572089208191e-05
@n.xdut.xref.xm1.nsg13_hv_pmos[l] = 1.998590522446373e-06
@n.xdut.xref.xm1.nsg13_hv_pmos[delvto] = -1.14453783149553e-04
@n.xdut.xref.xm1.nsg13_hv_pmos[factuo] = 1.000032658226273e+00
@n.xdut.xref.xm2.nsg13_hv_pmos[w] = 9.600438277496553e-05
@n.xdut.xref.xm2.nsg13_hv_pmos[l] = 2.001598657693057e-06
@n.xdut.xref.xm2.nsg13_hv_pmos[delvto] = 2.909166479821994e-04
@n.xdut.xref.xm2.nsg13_hv_pmos[factuo] = 9.996873672191697e-01
@n.xdut.xr1n0.nr1[nsmm_rsh] = -6.24123673809769e-01
@n.xdut.xr1n0.nr1[nsmm_w] = 1.179414498851570e+00
@n.xdut.xr1n0.nr1[nsmm_l] = 4.167209617255355e-01
Doing analysis at TEMP = 25.000000 and TNOM = 27.000000

Using SPARSE 1.3 as Direct Linear Solver
Note: Starting dynamic gmin stepping
Note: Dynamic gmin stepping completed
 Reference value :  0.00000e+00
No. of Data Rows : 1
ROW t3_c-0.1_s0 1.07473 1.00275 1.03672 -0.0473672 -0.0441166 0.997679 -0.00086207
Doing analysis at TEMP = 25.000000 and TNOM = 27.000000

Using SPARSE 1.3 as Direct Linear Solver
Note: Starting dynamic gmin stepping
Note: Dynamic gmin stepping completed
 Reference value :  0.00000e+00
No. of Data Rows : 1
ROW t3_c-0.1_s0.025 1.575 1.00275 1.03672 -0.0235604 -0.0203182 0.997679 -0.000874303
Doing analysis at TEMP = 25.000000 and TNOM = 27.000000

Using SPARSE 1.3 as Direct Linear Solver
Warning: singular matrix:  check nodes xdut.r2p_1 and xdut.r2p_2

Note: Starting dynamic gmin stepping
Note: Dynamic gmin stepping completed
 Reference value :  0.00000e+00
No. of Data Rows : 1
ROW t3_c-0.1_s0.05 2.07528 1.00275 1.03672 0.00024641 0.00348077 0.997679 -0.000886281
Doing analysis at TEMP = 25.000000 and TNOM = 27.000000

Using SPARSE 1.3 as Direct Linear Solver
Note: Starting dynamic gmin stepping
Note: Dynamic gmin stepping completed
 Reference value :  0.00000e+00
No. of Data Rows : 1
ROW t3_c0_s0 1.07434 1.00275 1.03672 0.04786 0.0511078 0.997679 -0.000861099
Doing analysis at TEMP = 25.000000 and TNOM = 27.000000

Using SPARSE 1.3 as Direct Linear Solver
Note: Starting dynamic gmin stepping
Note: Dynamic gmin stepping completed
 Reference value :  0.00000e+00
No. of Data Rows : 1
ROW t3_c0_s0.025 1.57461 1.00275 1.03672 0.0716668 0.0749061 0.997679 -0.000873332
Doing analysis at TEMP = 25.000000 and TNOM = 27.000000

Using SPARSE 1.3 as Direct Linear Solver
Note: Starting dynamic gmin stepping
Note: Dynamic gmin stepping completed
 Reference value :  0.00000e+00
No. of Data Rows : 1
ROW t3_c0_s0.05 2.07489 1.00275 1.03672 0.0954736 0.0987051 0.997679 -0.00088531
Doing analysis at TEMP = 25.000000 and TNOM = 27.000000

Using SPARSE 1.3 as Direct Linear Solver
Note: Starting dynamic gmin stepping
Note: Dynamic gmin stepping completed
 Reference value :  0.00000e+00
No. of Data Rows : 1
ROW t3_c0.3_s0 1.07318 1.00275 1.03672 0.333541 0.336781 0.997679 -0.000858185
Doing analysis at TEMP = 25.000000 and TNOM = 27.000000

Using SPARSE 1.3 as Direct Linear Solver
Note: Starting dynamic gmin stepping
Note: Dynamic gmin stepping completed
 Reference value :  0.00000e+00
No. of Data Rows : 1
ROW t3_c0.3_s0.025 1.57345 1.00275 1.03672 0.357348 0.36058 0.997679 -0.00087042
Doing analysis at TEMP = 25.000000 and TNOM = 27.000000

Using SPARSE 1.3 as Direct Linear Solver
Note: Starting dynamic gmin stepping
Note: Dynamic gmin stepping completed
 Reference value :  0.00000e+00
No. of Data Rows : 1
ROW t3_c0.3_s0.05 2.07374 1.00275 1.03672 0.381155 0.384379 0.997679 -0.000882398
FINGERPRINT 3
@n.xdut.xota.xm1.nsg13_hv_pmos[w] = 3.839972446488976e-04
@n.xdut.xota.xm1.nsg13_hv_pmos[l] = 1.997526981966799e-06
@n.xdut.xota.xm1.nsg13_hv_pmos[delvto] = 1.850599794464530e-04
@n.xdut.xota.xm1.nsg13_hv_pmos[factuo] = 1.000124348338913e+00
@n.xdut.xota.xm2.nsg13_hv_pmos[w] = 3.839999434024766e-04
@n.xdut.xota.xm2.nsg13_hv_pmos[l] = 2.000424983962430e-06
@n.xdut.xota.xm2.nsg13_hv_pmos[delvto] = -2.04330347573803e-05
@n.xdut.xota.xm2.nsg13_hv_pmos[factuo] = 1.000004950352267e+00
@n.xdut.xbuf.xm1.nsg13_hv_pmos[w] = 9.600165938708796e-05
@n.xdut.xbuf.xm1.nsg13_hv_pmos[l] = 2.001576323693142e-06
@n.xdut.xbuf.xm1.nsg13_hv_pmos[delvto] = 1.922162067300349e-04
@n.xdut.xbuf.xm1.nsg13_hv_pmos[factuo] = 1.000177393110458e+00
@n.xdut.xbuf.xm2.nsg13_hv_pmos[w] = 9.599671854405999e-05
@n.xdut.xbuf.xm2.nsg13_hv_pmos[l] = 2.000877634352483e-06
@n.xdut.xbuf.xm2.nsg13_hv_pmos[delvto] = -2.35769354376149e-04
@n.xdut.xbuf.xm2.nsg13_hv_pmos[factuo] = 9.998576335847884e-01
@n.xdut.xref.xm1.nsg13_hv_pmos[w] = 9.599572089208191e-05
@n.xdut.xref.xm1.nsg13_hv_pmos[l] = 1.998590522446373e-06
@n.xdut.xref.xm1.nsg13_hv_pmos[delvto] = -1.14453783149553e-04
@n.xdut.xref.xm1.nsg13_hv_pmos[factuo] = 1.000032658226273e+00
@n.xdut.xref.xm2.nsg13_hv_pmos[w] = 9.600438277496553e-05
@n.xdut.xref.xm2.nsg13_hv_pmos[l] = 2.001598657693057e-06
@n.xdut.xref.xm2.nsg13_hv_pmos[delvto] = 2.909166479821994e-04
@n.xdut.xref.xm2.nsg13_hv_pmos[factuo] = 9.996873672191697e-01
@n.xdut.xr1n0.nr1[nsmm_rsh] = -6.24123673809769e-01
@n.xdut.xr1n0.nr1[nsmm_w] = 1.179414498851570e+00
@n.xdut.xr1n0.nr1[nsmm_l] = 4.167209617255355e-01
QUALIFICATION_END
ngspice-46 done
