2026-09-19 12:36:06 +0200: Memory Usage (800468K) : Starting running IHP-SG13G2 Klayout DRC Density runset on /work/designs/g1-guardian/blocks/g1_padring/flow/runs/dryrun-1350/64-klayout-filler/g1_chip_top.gds
2026-09-19 12:36:06 +0200: Memory Usage (800596K) : Ruby Version for klayout: 3.2.3
2026-09-19 12:36:06 +0200: Memory Usage (830936K) : Loading database to memory is complete.
2026-09-19 12:36:06 +0200: Memory Usage (830936K) : IHP-SG13G2 Klayout DRC Density runset output at: /work/designs/g1-guardian/blocks/g1_padring/flow/runs/dryrun-1350/65-klayout-density/reports/density.klayout.lyrdb
2026-09-19 12:36:06 +0200: Memory Usage (831064K) : Evaluate switches.
2026-09-19 12:36:06 +0200: Memory Usage (831064K) : Configured KLayout worker thread(s): 16.
2026-09-19 12:36:06 +0200: Memory Usage (831064K) : Deep mode enabled: reading layers and preparing general derivations.
2026-09-19 12:36:06 +0200: Memory Usage (831064K) : PreCheck DRC enabled: false
2026-09-19 12:36:06 +0200: Memory Usage (831064K) : Density sanity checks enabled: false
2026-09-19 12:36:06 +0200: Memory Usage (831064K) : Read in polygons from layers.
2026-09-19 12:36:06 +0200: Memory Usage (837464K) : activ_drw has 73335 polygons
2026-09-19 12:36:06 +0200: Memory Usage (837464K) : activ_mask has 28 polygons
2026-09-19 12:36:06 +0200: Memory Usage (837464K) : activ_filler has 30202 polygons
2026-09-19 12:36:07 +0200: Memory Usage (837464K) : gatpoly_drw has 79747 polygons
2026-09-19 12:36:07 +0200: Memory Usage (837464K) : gatpoly_filler has 30202 polygons
2026-09-19 12:36:07 +0200: Memory Usage (837592K) : metal1_drw has 144244 polygons
2026-09-19 12:36:07 +0200: Memory Usage (837592K) : metal1_filler has 44918 polygons
2026-09-19 12:36:07 +0200: Memory Usage (837720K) : metal1_slit has 0 polygons
2026-09-19 12:36:07 +0200: Memory Usage (838488K) : metal2_drw has 72901 polygons
2026-09-19 12:36:07 +0200: Memory Usage (838488K) : metal2_filler has 60133 polygons
2026-09-19 12:36:07 +0200: Memory Usage (838488K) : metal2_slit has 0 polygons
2026-09-19 12:36:07 +0200: Memory Usage (838488K) : metal3_drw has 38452 polygons
2026-09-19 12:36:07 +0200: Memory Usage (838488K) : metal3_filler has 30827 polygons
2026-09-19 12:36:07 +0200: Memory Usage (838488K) : metal3_slit has 0 polygons
2026-09-19 12:36:07 +0200: Memory Usage (838488K) : metal4_drw has 7112 polygons
2026-09-19 12:36:07 +0200: Memory Usage (838488K) : metal4_filler has 34068 polygons
2026-09-19 12:36:07 +0200: Memory Usage (838488K) : metal4_slit has 0 polygons
2026-09-19 12:36:07 +0200: Memory Usage (838616K) : metal5_drw has 3695 polygons
2026-09-19 12:36:07 +0200: Memory Usage (838616K) : metal5_filler has 34183 polygons
2026-09-19 12:36:07 +0200: Memory Usage (838616K) : metal5_slit has 0 polygons
2026-09-19 12:36:07 +0200: Memory Usage (838744K) : topmetal1_drw has 2357 polygons
2026-09-19 12:36:07 +0200: Memory Usage (838744K) : topmetal1_filler has 5026 polygons
2026-09-19 12:36:07 +0200: Memory Usage (838744K) : topmetal1_slit has 0 polygons
2026-09-19 12:36:07 +0200: Memory Usage (838744K) : topmetal2_drw has 1278 polygons
2026-09-19 12:36:07 +0200: Memory Usage (838744K) : topmetal2_filler has 4685 polygons
2026-09-19 12:36:07 +0200: Memory Usage (838744K) : topmetal2_slit has 0 polygons
2026-09-19 12:36:07 +0200: Memory Usage (838744K) : lbe_drw has 0 polygons
2026-09-19 12:36:07 +0200: Memory Usage (838744K) : prboundary_drw has 5 polygons
2026-09-19 12:36:07 +0200: Memory Usage (838744K) : edgeseal_bound has 1 polygons
2026-09-19 12:36:07 +0200: Memory Usage (838872K) : Loaded TECH DRC rules values from /foss/pdks/ihp-sg13g2/libs.tech/klayout/python/sg13g2_pycell_lib/sg13g2_tech_mod.json
2026-09-19 12:36:07 +0200: Memory Usage (838872K) : Loaded default DRC rules values from /foss/pdks/ihp-sg13g2/libs.tech/klayout/tech/drc/rule_decks/sg13g2_tech_default.json
2026-09-19 12:36:07 +0200: Memory Usage (838872K) : The following rules values were missing in tech json and default values were used:
2026-09-19 12:36:07 +0200: Memory Usage (838872K) :   - NW_f1_digibnd
2026-09-19 12:36:07 +0200: Memory Usage (838872K) :   - Cnt_c_digibnd
2026-09-19 12:36:07 +0200: Memory Usage (838872K) :   - Cnt_c_sram
2026-09-19 12:36:07 +0200: Memory Usage (838872K) :   - Sdiod_b
2026-09-19 12:36:07 +0200: Memory Usage (838872K) :   - Sdiod_c
2026-09-19 12:36:07 +0200: Memory Usage (844248K) : Density sanity markers are disabled (set -rd density_sanity=true to enable).
2026-09-19 12:36:07 +0200: Memory Usage (844760K) : Using prBoundary (189/0) for chip area: 54340.221999999994 um^2.
2026-09-19 12:36:07 +0200: Memory Usage (844888K) : Using bbox (733,440;985.16,912.65) for density window origin.
2026-09-19 12:36:07 +0200: Memory Usage (844888K) : Layout extent (1822500.0 um^2) > chip boundary (54340.221999999994 um^2). Shapes exist outside boundary.
2026-09-19 12:36:07 +0200: Memory Usage (844888K) : Total area of the design is 54340.221999999994 um^2.
2026-09-19 12:36:07 +0200: Memory Usage (844888K) : Starting density IHP-SG13G2 derivations.
2026-09-19 12:36:08 +0200: Memory Usage (844888K) : Starting IHP-SG13G2 DENSITY DRC rules.
2026-09-19 12:36:08 +0200: Memory Usage (844888K) : Computing activ area and density...
2026-09-19 12:36:08 +0200: Memory Usage (853592K) : Executing rule AFil.g
2026-09-19 12:36:08 +0200: Memory Usage (853592K) : Executing rule AFil.g1
2026-09-19 12:36:08 +0200: Memory Usage (853848K) : Executing rule AFil.g2
2026-09-19 12:36:09 +0200: Memory Usage (850856K) : Executing rule AFil.g3
2026-09-19 12:36:09 +0200: Memory Usage (851112K) : Computing poly area and density...
2026-09-19 12:36:09 +0200: Memory Usage (852392K) : Executing rule GFil.g
2026-09-19 12:36:09 +0200: Memory Usage (852392K) : Computing metal1 area and density...
2026-09-19 12:36:11 +0200: Memory Usage (866600K) : Executing rule M1.j
2026-09-19 12:36:11 +0200: Memory Usage (866600K) : Executing rule M1.k
2026-09-19 12:36:11 +0200: Memory Usage (866600K) : Computing metal2 area and density...
2026-09-19 12:36:11 +0200: Memory Usage (866668K) : Computing metal3 area and density...
2026-09-19 12:36:12 +0200: Memory Usage (867692K) : Computing metal4 area and density...
2026-09-19 12:36:12 +0200: Memory Usage (867692K) : Computing metal5 area and density...
2026-09-19 12:36:12 +0200: Memory Usage (867692K) : Executing rule M2.j
2026-09-19 12:36:12 +0200: Memory Usage (867692K) : Executing rule M2.k
2026-09-19 12:36:12 +0200: Memory Usage (867692K) : Executing rule M3.j
2026-09-19 12:36:12 +0200: Memory Usage (867692K) : Executing rule M3.k
2026-09-19 12:36:12 +0200: Memory Usage (867692K) : Executing rule M4.j
2026-09-19 12:36:12 +0200: Memory Usage (867692K) : Executing rule M4.k
2026-09-19 12:36:12 +0200: Memory Usage (867692K) : Executing rule M5.j
2026-09-19 12:36:12 +0200: Memory Usage (867692K) : Executing rule M5.k
2026-09-19 12:36:12 +0200: Memory Usage (867692K) : Executing rule M1Fil.h
2026-09-19 12:36:13 +0200: Memory Usage (870252K) : Executing rule M1Fil.k
2026-09-19 12:36:15 +0200: Memory Usage (870892K) : Executing rule M2Fil.h
2026-09-19 12:36:15 +0200: Memory Usage (871788K) : Executing rule M2Fil.k
2026-09-19 12:36:16 +0200: Memory Usage (872300K) : Executing rule M3Fil.h
2026-09-19 12:36:17 +0200: Memory Usage (872296K) : Executing rule M3Fil.k
2026-09-19 12:36:17 +0200: Memory Usage (872296K) : Executing rule M4Fil.h
2026-09-19 12:36:17 +0200: Memory Usage (872424K) : Executing rule M4Fil.k
2026-09-19 12:36:18 +0200: Memory Usage (872420K) : Executing rule M5Fil.h
2026-09-19 12:36:18 +0200: Memory Usage (872548K) : Executing rule M5Fil.k
2026-09-19 12:36:18 +0200: Memory Usage (872540K) : Computing TopMetal1 area and density...
2026-09-19 12:36:18 +0200: Memory Usage (872540K) : Executing rule TM1.c
2026-09-19 12:36:18 +0200: Memory Usage (872540K) : Executing rule TM1.d
2026-09-19 12:36:18 +0200: Memory Usage (872540K) : Computing TopMetal2 area and density...
2026-09-19 12:36:18 +0200: Memory Usage (872540K) : Executing rule TM2.c
2026-09-19 12:36:18 +0200: Memory Usage (872540K) : Executing rule TM2.d
2026-09-19 12:36:18 +0200: Memory Usage (872540K) : Computing LBE area and density...
2026-09-19 12:36:18 +0200: Memory Usage (872540K) : Executing rule LBE.i
2026-09-19 12:36:18 +0200: Memory Usage (872540K) : Executing rule Slt.i_M1
2026-09-19 12:36:22 +0200: Memory Usage (873436K) : Executing rule Slt.i_M2
2026-09-19 12:36:23 +0200: Memory Usage (873564K) : Executing rule Slt.i_M3
2026-09-19 12:36:23 +0200: Memory Usage (873564K) : Executing rule Slt.i_M4
2026-09-19 12:36:23 +0200: Memory Usage (873564K) : Executing rule Slt.i_M5
2026-09-19 12:36:23 +0200: Memory Usage (873564K) : Executing rule Slt.i_TM1
2026-09-19 12:36:23 +0200: Memory Usage (873564K) : Executing rule Slt.i_TM2
2026-09-19 12:36:24 +0200: Memory Usage (873948K) : ##################################################
2026-09-19 12:36:24 +0200: Memory Usage (873948K) :                  Density Report                 #
2026-09-19 12:36:24 +0200: Memory Usage (873948K) : ##################################################
2026-09-19 12:36:24 +0200: Memory Usage (873948K) : 
2026-09-19 12:36:24 +0200: Memory Usage (873948K) : Layer areas and percentages (units: um^2)
2026-09-19 12:36:24 +0200: Memory Usage (873948K) : --------------------------------------------------
2026-09-19 12:36:24 +0200: Memory Usage (873948K) : 
2026-09-19 12:36:24 +0200: Memory Usage (873948K) : Total Area     = 54340.22 um^2
2026-09-19 12:36:24 +0200: Memory Usage (873948K) : 
2026-09-19 12:36:24 +0200: Memory Usage (873948K) : Activ      Area      = 845381.12 µm²
2026-09-19 12:36:24 +0200: Memory Usage (873948K) : Activ      Density % = 1555.72%  [Min = 35.00%,  Max = 55.00%]
2026-09-19 12:36:24 +0200: Memory Usage (873948K) : 
2026-09-19 12:36:24 +0200: Memory Usage (873948K) : GatPoly    Area      = 283642.66 µm²
2026-09-19 12:36:24 +0200: Memory Usage (873948K) : GatPoly    Density % = 521.98%  [Min = 15.00%]
2026-09-19 12:36:24 +0200: Memory Usage (873948K) : 
2026-09-19 12:36:24 +0200: Memory Usage (873948K) : Metal1     Area      = 899528.29 µm²
2026-09-19 12:36:24 +0200: Memory Usage (873948K) : Metal1     Density % = 1655.36%  [Min = 35.00%,  Max = 60.00%]
2026-09-19 12:36:24 +0200: Memory Usage (873948K) : 
2026-09-19 12:36:24 +0200: Memory Usage (873948K) : Metal2     Area      = 744756.89 µm²
2026-09-19 12:36:24 +0200: Memory Usage (873948K) : Metal2     Density % = 1370.54%  [Min = 35.00%,  Max = 60.00%]
2026-09-19 12:36:24 +0200: Memory Usage (873948K) : 
2026-09-19 12:36:24 +0200: Memory Usage (873948K) : Metal3     Area      = 908181.98 µm²
2026-09-19 12:36:24 +0200: Memory Usage (873948K) : Metal3     Density % = 1671.29%  [Min = 35.00%,  Max = 60.00%]
2026-09-19 12:36:24 +0200: Memory Usage (873948K) : 
2026-09-19 12:36:24 +0200: Memory Usage (873948K) : Metal4     Area      = 916302.04 µm²
2026-09-19 12:36:24 +0200: Memory Usage (873948K) : Metal4     Density % = 1686.23%  [Min = 35.00%,  Max = 60.00%]
2026-09-19 12:36:24 +0200: Memory Usage (873948K) : 
2026-09-19 12:36:24 +0200: Memory Usage (873948K) : Metal5     Area      = 938507.68 µm²
2026-09-19 12:36:24 +0200: Memory Usage (873948K) : Metal5     Density % = 1727.10%  [Min = 35.00%,  Max = 60.00%]
2026-09-19 12:36:24 +0200: Memory Usage (873948K) : 
2026-09-19 12:36:24 +0200: Memory Usage (873948K) : TopMetal1  Area      = 897891.68 µm²
2026-09-19 12:36:24 +0200: Memory Usage (873948K) : TopMetal1  Density % = 1652.35%  [Min = 25.00%,  Max = 70.00%]
2026-09-19 12:36:24 +0200: Memory Usage (873948K) : 
2026-09-19 12:36:24 +0200: Memory Usage (873948K) : TopMetal2  Area      = 826631.08 µm²
2026-09-19 12:36:24 +0200: Memory Usage (873948K) : TopMetal2  Density % = 1521.21%  [Min = 25.00%,  Max = 70.00%]
2026-09-19 12:36:24 +0200: Memory Usage (873948K) : 
2026-09-19 12:36:24 +0200: Memory Usage (873948K) : LBE        Area      =  0.00 µm²
2026-09-19 12:36:24 +0200: Memory Usage (873948K) : LBE        Density % =  0.00%  [Max = 20.00%]
2026-09-19 12:36:24 +0200: Memory Usage (873948K) : 
2026-09-19 12:36:24 +0200: Memory Usage (873948K) : KLayout DRC run for density table completed in 17.6 seconds
