
Note: No compatibility mode selected!


Circuit: * un-guarded rate-scaled nyquist rate map segment rate 4.0 gs/s seg 10 (seed 10010)

Doing analysis at TEMP = 27.000000 and TNOM = 27.000000

Using SPARSE 1.3 as Direct Linear Solver

No. of Data Rows : 1
Doing analysis at TEMP = 27.000000 and TNOM = 27.000000

Using SPARSE 1.3 as Direct Linear Solver

Initial Transient Solution
--------------------------

Node                                   Voltage
----                                   -------
gen_n                                  2.36826
xgen.b1_q1                            0.872832
xgen.e                               0.0780784
xgen.xq1.s1                        9.45837e-10
xgen.xq1.t                             3.31613
gen_p                                  2.37373
xgen.b2_q2                            0.871524
xgen.xq2.s1                        9.48126e-10
xgen.xq2.t                             3.17556
vcc_hbt                                    2.5
xgen.b_cm                                0.872
xgen.b2_src                           0.871348
xgen.b1_src                           0.872652
xamp.in_p_q1                           2.37335
xamp.in_n_q2                            2.3679
xamp.c1_n                              1.93677
xamp.e1_1                              1.48249
xamp.xq1.s1                        2.81092e-09
xamp.xq1.t                             6.50538
xamp.c1_p                               1.9657
xamp.e1_2                              1.48068
xamp.xq2.s1                        1.43837e-09
xamp.xq2.t                             6.58712
xamp.e1_common                         1.44723
xamp.b2_p                              1.15113
xamp.xqef1.s1                      9.96479e-10
xamp.xqef1.t                           3.49225
xamp.b2_n                              1.12307
xamp.xqef2.s1                      9.96594e-10
xamp.xqef2.t                           3.47716
amp_n                                  2.35135
xamp.e2_1                             0.304696
xamp.xq3.s1                        9.32143e-10
xamp.xq3.t                             14.3613
amp_p                                  2.42308
xamp.e2_2                             0.300213
xamp.xq4.s1                        9.64594e-10
xamp.xq4.t                             7.69392
xamp.e2_common                        0.295442
xcomp.in_p_int                         2.42304
xcomp.in_n_int                         2.35131
clk_p                                    0.775
xcomp.clk_p_int                       0.774995
clk_n                                    0.925
xcomp.clk_n_int                       0.924558
xcomp.b_latch_p                        1.59581
xcomp.xqef_in1.s1                  9.94553e-10
xcomp.xqef_in1.t                       3.27554
xcomp.b_latch_n                         1.5259
xcomp.xqef_in2.s1                  9.94858e-10
xcomp.xqef_in2.t                       3.37399
xcomp.e_track                         0.836376
xcomp.e_tail                         0.0131474
xcomp.xqclk_track.s1               3.34622e-10
xcomp.xqclk_track.t                   0.344421
xcomp.e_latch                          1.55786
xcomp.xqclk_latch.s1               6.30843e-10
xcomp.xqclk_latch.t                    34.3926
xcomp.c_n                               2.4841
xcomp.xq1.s1                       9.93795e-10
xcomp.xq1.t                           0.641877
xcomp.c_p                              2.19636
xcomp.xq2.s1                       8.79301e-10
xcomp.xq2.t                          0.0385489
xcomp.xq3.s1                       9.94436e-10
xcomp.xq3.t                         0.00381964
xcomp.xq4.s1                       8.72321e-10
xcomp.xq4.t                            14.2074
xcomp.ef_p                             1.36744
xcomp.xqef1.s1                     9.94251e-10
xcomp.xqef1.t                          4.39328
xcomp.ef_n                              1.6472
xcomp.xqef2.s1                     9.92732e-10
xcomp.xqef2.t                          3.98444
xcomp.g_p                              0.68399
xcomp.g_n                             0.825699
xcomp.cml_out_p                     0.00764426
xcomp.xqbuf1.s1                    1.00077e-09
xcomp.xqbuf1.t                       0.0443609
xcomp.cml_out_n                      0.0853792
xcomp.xqbuf2.s1                    1.00049e-09
xcomp.xqbuf2.t                        0.476031
vdd                                        1.2
vclk_n#branch                     -4.41722e-06
vclk_p#branch                     -4.66959e-08
vdd#branch                                   0
vcc_hbt#branch                     -0.00974636
v.xgen.v_noise_n#branch            1.79983e-06
v.xgen.v_noise_p#branch            1.75942e-06
v.xgen.vbm#branch                  3.55925e-06

 Reference value :  4.40588e-10
 Reference value :  2.66706e-09
 Reference value :  4.77059e-09
 Reference value :  6.89412e-09
 Reference value :  9.00000e-09
 Reference value :  1.10541e-08
 Reference value :  1.31041e-08
 Reference value :  1.49906e-08
 Reference value :  1.70641e-08
 Reference value :  1.89841e-08
 Reference value :  2.09641e-08
 Reference value :  2.29706e-08
 Reference value :  2.49818e-08
 Reference value :  2.70918e-08
 Reference value :  2.92118e-08
 Reference value :  3.11541e-08
 Reference value :  3.31606e-08
 Reference value :  3.51406e-08
 Reference value :  3.71106e-08
 Reference value :  3.89541e-08
 Reference value :  4.09971e-08
 Reference value :  4.30141e-08
 Reference value :  4.49718e-08
 Reference value :  4.69541e-08
 Reference value :  4.88206e-08
 Reference value :  5.06900e-08
 Reference value :  5.25900e-08
 Reference value :  5.45618e-08
 Reference value :  5.64471e-08
 Reference value :  5.82041e-08
 Reference value :  5.99571e-08
 Reference value :  6.17341e-08
 Reference value :  6.34400e-08
 Reference value :  6.51806e-08
 Reference value :  6.70171e-08
 Reference value :  6.89306e-08
 Reference value :  7.08541e-08
 Reference value :  7.27271e-08
 Reference value :  7.45700e-08
 Reference value :  7.64341e-08
 Reference value :  7.82118e-08
 Reference value :  8.00306e-08
 Reference value :  8.17571e-08
 Reference value :  8.36441e-08
 Reference value :  8.52000e-08
 Reference value :  8.68541e-08
 Reference value :  8.86871e-08
 Reference value :  9.05500e-08
 Reference value :  9.21341e-08
 Reference value :  9.38571e-08
 Reference value :  9.56506e-08
 Reference value :  9.74718e-08
 Reference value :  9.92318e-08
 Reference value :  1.00841e-07
 Reference value :  1.02637e-07
 Reference value :  1.04441e-07
 Reference value :  1.06261e-07
 Reference value :  1.08022e-07
 Reference value :  1.09741e-07
 Reference value :  1.11547e-07
 Reference value :  1.13267e-07
 Reference value :  1.14992e-07
 Reference value :  1.16747e-07
 Reference value :  1.18434e-07
 Reference value :  1.20191e-07
 Reference value :  1.21944e-07
 Reference value :  1.23654e-07
 Reference value :  1.25322e-07
 Reference value :  1.27050e-07
 Reference value :  1.28714e-07
 Reference value :  1.30434e-07
 Reference value :  1.32031e-07
 Reference value :  1.33734e-07
 Reference value :  1.35427e-07
 Reference value :  1.37207e-07
 Reference value :  1.38921e-07
 Reference value :  1.40651e-07
 Reference value :  1.42330e-07
 Reference value :  1.43897e-07
 Reference value :  1.45542e-07
 Reference value :  1.47281e-07
 Reference value :  1.48944e-07
 Reference value :  1.50661e-07
 Reference value :  1.52334e-07
 Reference value :  1.54021e-07
 Reference value :  1.55714e-07
 Reference value :  1.57430e-07
 Reference value :  1.59031e-07
 Reference value :  1.60704e-07
 Reference value :  1.62334e-07
 Reference value :  1.63970e-07
 Reference value :  1.65650e-07
 Reference value :  1.67300e-07
 Reference value :  1.68870e-07
 Reference value :  1.70460e-07
 Reference value :  1.72107e-07
 Reference value :  1.73857e-07
 Reference value :  1.75540e-07
 Reference value :  1.77184e-07
 Reference value :  1.78787e-07
 Reference value :  1.80447e-07
 Reference value :  1.82052e-07
 Reference value :  1.83612e-07
 Reference value :  1.85192e-07
 Reference value :  1.86837e-07
 Reference value :  1.88492e-07
 Reference value :  1.90171e-07
 Reference value :  1.91824e-07
 Reference value :  1.93462e-07
 Reference value :  1.95090e-07
 Reference value :  1.96532e-07
 Reference value :  1.97942e-07
 Reference value :  1.99580e-07
 Reference value :  2.01177e-07
 Reference value :  2.02812e-07
 Reference value :  2.04384e-07
 Reference value :  2.06042e-07
 Reference value :  2.07350e-07
 Reference value :  2.08404e-07
 Reference value :  2.09440e-07
 Reference value :  2.10471e-07
 Reference value :  2.11520e-07
 Reference value :  2.12544e-07
 Reference value :  2.13587e-07
 Reference value :  2.14581e-07
 Reference value :  2.15632e-07
 Reference value :  2.16704e-07
 Reference value :  2.17820e-07
 Reference value :  2.18754e-07
 Reference value :  2.19840e-07
 Reference value :  2.21014e-07
 Reference value :  2.22061e-07
 Reference value :  2.23131e-07
 Reference value :  2.24210e-07
 Reference value :  2.25314e-07
 Reference value :  2.26410e-07
 Reference value :  2.27431e-07
 Reference value :  2.28444e-07
 Reference value :  2.29461e-07
 Reference value :  2.30467e-07
 Reference value :  2.31451e-07
 Reference value :  2.32441e-07
 Reference value :  2.33414e-07
 Reference value :  2.34400e-07
 Reference value :  2.35400e-07
 Reference value :  2.36422e-07
 Reference value :  2.37361e-07
 Reference value :  2.38354e-07
 Reference value :  2.39320e-07
 Reference value :  2.40174e-07
 Reference value :  2.41000e-07
 Reference value :  2.41664e-07
 Reference value :  2.42280e-07
 Reference value :  2.42910e-07
 Reference value :  2.43624e-07
 Reference value :  2.44444e-07
 Reference value :  2.45262e-07
 Reference value :  2.46062e-07
 Reference value :  2.46804e-07
 Reference value :  2.47670e-07
 Reference value :  2.48442e-07
 Reference value :  2.49244e-07
 Reference value :  2.50021e-07
 Reference value :  2.50857e-07
 Reference value :  2.51717e-07
 Reference value :  2.52512e-07
 Reference value :  2.53231e-07
 Reference value :  2.54061e-07
 Reference value :  2.54857e-07
 Reference value :  2.55681e-07
 Reference value :  2.56481e-07
 Reference value :  2.57312e-07
 Reference value :  2.58111e-07
 Reference value :  2.58887e-07
 Reference value :  2.59707e-07
 Reference value :  2.60600e-07
 Reference value :  2.61457e-07
 Reference value :  2.62311e-07
 Reference value :  2.63250e-07
 Reference value :  2.64242e-07
 Reference value :  2.65227e-07
 Reference value :  2.66191e-07
 Reference value :  2.67127e-07
 Reference value :  2.68121e-07
 Reference value :  2.69117e-07
 Reference value :  2.70122e-07
 Reference value :  2.70994e-07
 Reference value :  2.71917e-07
 Reference value :  2.72834e-07
 Reference value :  2.73842e-07
 Reference value :  2.74852e-07
 Reference value :  2.75850e-07
 Reference value :  2.76857e-07
 Reference value :  2.77842e-07
 Reference value :  2.78837e-07
 Reference value :  2.79841e-07
 Reference value :  2.80837e-07
 Reference value :  2.81827e-07
 Reference value :  2.82794e-07
 Reference value :  2.83801e-07
 Reference value :  2.84764e-07
 Reference value :  2.85764e-07
 Reference value :  2.86764e-07
 Reference value :  2.87740e-07
 Reference value :  2.88752e-07
 Reference value :  2.89690e-07
 Reference value :  2.90632e-07
 Reference value :  2.91621e-07
 Reference value :  2.92582e-07
 Reference value :  2.93604e-07
 Reference value :  2.94630e-07
 Reference value :  2.95602e-07
 Reference value :  2.96511e-07
 Reference value :  2.97427e-07
 Reference value :  2.98360e-07
 Reference value :  2.99334e-07
 Reference value :  3.00317e-07
 Reference value :  3.01294e-07
 Reference value :  3.02247e-07
 Reference value :  3.03244e-07
 Reference value :  3.04217e-07
 Reference value :  3.05201e-07
 Reference value :  3.06174e-07
 Reference value :  3.07154e-07
 Reference value :  3.08131e-07
 Reference value :  3.09100e-07
 Reference value :  3.10067e-07
 Reference value :  3.11060e-07
 Reference value :  3.12001e-07
 Reference value :  3.12992e-07
 Reference value :  3.13981e-07
 Reference value :  3.14941e-07
 Reference value :  3.15891e-07
 Reference value :  3.17190e-07
 Reference value :  3.18621e-07
 Reference value :  3.20011e-07
 Reference value :  3.21450e-07
 Reference value :  3.22807e-07
 Reference value :  3.24154e-07
 Reference value :  3.25571e-07
 Reference value :  3.26944e-07
 Reference value :  3.28291e-07
 Reference value :  3.29580e-07
 Reference value :  3.30992e-07
 Reference value :  3.32420e-07
 Reference value :  3.33794e-07
 Reference value :  3.35167e-07
 Reference value :  3.36581e-07
 Reference value :  3.37981e-07
 Reference value :  3.39330e-07
 Reference value :  3.40667e-07
 Reference value :  3.42040e-07
 Reference value :  3.43494e-07
 Reference value :  3.44880e-07
 Reference value :  3.46294e-07
 Reference value :  3.47622e-07
 Reference value :  3.48922e-07
 Reference value :  3.50211e-07
 Reference value :  3.51484e-07
 Reference value :  3.52730e-07
 Reference value :  3.53941e-07
 Reference value :  3.55270e-07
 Reference value :  3.56627e-07
 Reference value :  3.58007e-07
 Reference value :  3.59430e-07
 Reference value :  3.60860e-07
 Reference value :  3.62222e-07
 Reference value :  3.63672e-07
 Reference value :  3.65122e-07
 Reference value :  3.66487e-07
 Reference value :  3.67897e-07
 Reference value :  3.69311e-07
 Reference value :  3.70704e-07
 Reference value :  3.72060e-07
 Reference value :  3.73332e-07
 Reference value :  3.74667e-07
 Reference value :  3.76014e-07
 Reference value :  3.77364e-07
 Reference value :  3.78710e-07
 Reference value :  3.80140e-07
 Reference value :  3.81460e-07
 Reference value :  3.82861e-07
 Reference value :  3.84234e-07
 Reference value :  3.85652e-07
 Reference value :  3.87067e-07
 Reference value :  3.88460e-07
 Reference value :  3.89841e-07
 Reference value :  3.91207e-07
 Reference value :  3.92564e-07
 Reference value :  3.93962e-07
 Reference value :  3.95297e-07
 Reference value :  3.96681e-07
 Reference value :  3.98031e-07
 Reference value :  3.99340e-07
 Reference value :  4.00627e-07
 Reference value :  4.01991e-07
 Reference value :  4.03224e-07
 Reference value :  4.04594e-07
 Reference value :  4.05910e-07
 Reference value :  4.07261e-07
 Reference value :  4.08622e-07
 Reference value :  4.09964e-07
 Reference value :  4.11292e-07
 Reference value :  4.12674e-07
 Reference value :  4.14034e-07
 Reference value :  4.15374e-07
 Reference value :  4.16694e-07
 Reference value :  4.18021e-07
 Reference value :  4.19260e-07
 Reference value :  4.20644e-07
 Reference value :  4.22031e-07
 Reference value :  4.23414e-07
 Reference value :  4.24740e-07
 Reference value :  4.26030e-07
 Reference value :  4.27350e-07
 Reference value :  4.28657e-07
 Reference value :  4.29970e-07
 Reference value :  4.31334e-07
 Reference value :  4.32577e-07
 Reference value :  4.33910e-07
 Reference value :  4.35242e-07
 Reference value :  4.36652e-07
 Reference value :  4.37984e-07
 Reference value :  4.39344e-07
 Reference value :  4.40734e-07
 Reference value :  4.42062e-07
 Reference value :  4.43430e-07
 Reference value :  4.44747e-07
 Reference value :  4.46080e-07
 Reference value :  4.47441e-07
 Reference value :  4.48612e-07
 Reference value :  4.49851e-07
 Reference value :  4.51170e-07
 Reference value :  4.52494e-07
 Reference value :  4.53840e-07
 Reference value :  4.55174e-07
 Reference value :  4.56451e-07
 Reference value :  4.57781e-07
 Reference value :  4.59140e-07
 Reference value :  4.60447e-07
 Reference value :  4.61700e-07
 Reference value :  4.62907e-07
 Reference value :  4.64251e-07
 Reference value :  4.65557e-07
 Reference value :  4.66882e-07
 Reference value :  4.68072e-07
 Reference value :  4.69347e-07
 Reference value :  4.70601e-07
 Reference value :  4.71847e-07
 Reference value :  4.73002e-07
 Reference value :  4.74260e-07
 Reference value :  4.75477e-07
 Reference value :  4.76767e-07
 Reference value :  4.78072e-07
 Reference value :  4.79307e-07
 Reference value :  4.80584e-07
 Reference value :  4.81880e-07
 Reference value :  4.83102e-07
 Reference value :  4.84382e-07
 Reference value :  4.85601e-07
 Reference value :  4.86860e-07
 Reference value :  4.88152e-07
 Reference value :  4.89422e-07
 Reference value :  4.90702e-07
 Reference value :  4.91894e-07
 Reference value :  4.93100e-07
 Reference value :  4.94200e-07
 Reference value :  4.95401e-07
 Reference value :  4.96667e-07
 Reference value :  4.97912e-07
 Reference value :  4.99212e-07
No. of Data Rows : 250004
ngspice-46 done
