
Note: No compatibility mode selected!


Circuit: * un-guarded rate-scaled nyquist rate map segment rate 2.0 gs/s seg 1 (seed 1001)

Doing analysis at TEMP = 27.000000 and TNOM = 27.000000

Using SPARSE 1.3 as Direct Linear Solver

No. of Data Rows : 1
Doing analysis at TEMP = 27.000000 and TNOM = 27.000000

Using SPARSE 1.3 as Direct Linear Solver

Initial Transient Solution
--------------------------

Node                                   Voltage
----                                   -------
gen_n                                  2.37582
xgen.b1_q1                            0.871021
xgen.e                                0.078089
xgen.xq1.s1                        9.48997e-10
xgen.xq1.t                             3.12177
gen_p                                  2.36614
xgen.b2_q2                            0.873334
xgen.xq2.s1                        9.44951e-10
xgen.xq2.t                              3.3703
vcc_hbt                                    2.5
xgen.b_cm                                0.872
xgen.b2_src                           0.873153
xgen.b1_src                           0.870847
xamp.in_p_q1                           2.36579
xamp.in_n_q2                           2.37543
xamp.c1_n                              1.97681
xamp.e1_1                              1.47998
xamp.xq1.s1                        1.24883e-09
xamp.xq1.t                             6.60659
xamp.c1_p                              1.92567
xamp.e1_2                              1.48318
xamp.xq2.s1                        4.07959e-09
xamp.xq2.t                              6.4621
xamp.e1_common                         1.44723
xamp.b2_p                              1.11226
xamp.xqef1.s1                      9.96631e-10
xamp.xqef1.t                           3.47606
xamp.b2_n                              1.16187
xamp.xqef2.s1                      9.96429e-10
xamp.xqef2.t                            3.5017
amp_n                                  2.44716
xamp.e2_1                             0.301232
xamp.xq3.s1                         9.7582e-10
xamp.xq3.t                             5.33724
amp_p                                  2.32552
xamp.e2_2                             0.308834
xamp.xq4.s1                        9.20963e-10
xamp.xq4.t                             16.6176
xamp.e2_common                        0.297961
xcomp.in_p_int                         2.32548
xcomp.in_n_int                         2.44712
clk_p                                    0.775
xcomp.clk_p_int                       0.774995
clk_n                                    0.925
xcomp.clk_n_int                       0.924559
xcomp.b_latch_p                        1.50073
xcomp.xqef_in1.s1                  9.94968e-10
xcomp.xqef_in1.t                       3.40395
xcomp.b_latch_n                        1.61928
xcomp.xqef_in2.s1                   9.9445e-10
xcomp.xqef_in2.t                       3.23788
xcomp.e_track                         0.856691
xcomp.e_tail                         0.0116761
xcomp.xqclk_track.s1               3.42709e-10
xcomp.xqclk_track.t                   0.373059
xcomp.e_latch                          1.46393
xcomp.xqclk_latch.s1               5.82725e-10
xcomp.xqclk_latch.t                    32.3033
xcomp.c_n                              2.33851
xcomp.xq1.s1                       9.36197e-10
xcomp.xq1.t                         0.00755264
xcomp.c_p                              2.34196
xcomp.xq2.s1                       9.36855e-10
xcomp.xq2.t                            0.64716
xcomp.xq3.s1                       9.17014e-10
xcomp.xq3.t                             10.017
xcomp.xq4.s1                       9.19502e-10
xcomp.xq4.t                            9.44647
xcomp.ef_p                             1.50893
xcomp.xqef1.s1                     9.93491e-10
xcomp.xqef1.t                          4.24191
xcomp.ef_n                             1.50557
xcomp.xqef2.s1                     9.93509e-10
xcomp.xqef2.t                          4.24682
xcomp.g_p                             0.755566
xcomp.g_n                             0.753862
xcomp.cml_out_p                      0.0372662
xcomp.xqbuf1.s1                    1.00066e-09
xcomp.xqbuf1.t                        0.212719
xcomp.cml_out_n                      0.0362762
xcomp.xqbuf2.s1                    1.00067e-09
xcomp.xqbuf2.t                        0.207172
vdd                                        1.2
vclk_n#branch                     -4.40539e-06
vclk_p#branch                     -4.92036e-08
vdd#branch                                   0
vcc_hbt#branch                     -0.00975006
v.xgen.v_noise_n#branch            1.74319e-06
v.xgen.v_noise_p#branch            1.81463e-06
v.xgen.vbm#branch                  3.55782e-06

 Reference value :  4.69967e-11
 Reference value :  2.11412e-09
 Reference value :  4.12176e-09
 Reference value :  6.15412e-09
 Reference value :  8.21000e-09
 Reference value :  1.02471e-08
 Reference value :  1.22541e-08
 Reference value :  1.42100e-08
 Reference value :  1.62171e-08
 Reference value :  1.82706e-08
 Reference value :  2.02700e-08
 Reference value :  2.22941e-08
 Reference value :  2.41571e-08
 Reference value :  2.60741e-08
 Reference value :  2.80100e-08
 Reference value :  2.99718e-08
 Reference value :  3.18941e-08
 Reference value :  3.37500e-08
 Reference value :  3.56741e-08
 Reference value :  3.74600e-08
 Reference value :  3.92118e-08
 Reference value :  4.09741e-08
 Reference value :  4.27806e-08
 Reference value :  4.46818e-08
 Reference value :  4.66041e-08
 Reference value :  4.85518e-08
 Reference value :  5.03041e-08
 Reference value :  5.22041e-08
 Reference value :  5.41500e-08
 Reference value :  5.60318e-08
 Reference value :  5.79441e-08
 Reference value :  5.98841e-08
 Reference value :  6.17471e-08
 Reference value :  6.35341e-08
 Reference value :  6.53018e-08
 Reference value :  6.71006e-08
 Reference value :  6.89271e-08
 Reference value :  7.07441e-08
 Reference value :  7.25341e-08
 Reference value :  7.43706e-08
 Reference value :  7.60541e-08
 Reference value :  7.78718e-08
 Reference value :  7.96918e-08
 Reference value :  8.14971e-08
 Reference value :  8.32918e-08
 Reference value :  8.50841e-08
 Reference value :  8.68771e-08
 Reference value :  8.86241e-08
 Reference value :  9.03600e-08
 Reference value :  9.20818e-08
 Reference value :  9.38641e-08
 Reference value :  9.56041e-08
 Reference value :  9.73018e-08
 Reference value :  9.91100e-08
 Reference value :  1.00602e-07
 Reference value :  1.02344e-07
 Reference value :  1.04074e-07
 Reference value :  1.05741e-07
 Reference value :  1.07494e-07
 Reference value :  1.09261e-07
 Reference value :  1.10921e-07
 Reference value :  1.12624e-07
 Reference value :  1.14390e-07
 Reference value :  1.16100e-07
 Reference value :  1.17774e-07
 Reference value :  1.19501e-07
 Reference value :  1.21260e-07
 Reference value :  1.22947e-07
 Reference value :  1.24672e-07
 Reference value :  1.26332e-07
 Reference value :  1.28030e-07
 Reference value :  1.29731e-07
 Reference value :  1.31364e-07
 Reference value :  1.33037e-07
 Reference value :  1.34764e-07
 Reference value :  1.36422e-07
 Reference value :  1.38111e-07
 Reference value :  1.39824e-07
 Reference value :  1.41482e-07
 Reference value :  1.43151e-07
 Reference value :  1.44714e-07
 Reference value :  1.46274e-07
 Reference value :  1.47942e-07
 Reference value :  1.49691e-07
 Reference value :  1.51401e-07
 Reference value :  1.53014e-07
 Reference value :  1.54684e-07
 Reference value :  1.56292e-07
 Reference value :  1.57931e-07
 Reference value :  1.59521e-07
 Reference value :  1.61181e-07
 Reference value :  1.62834e-07
 Reference value :  1.64442e-07
 Reference value :  1.66050e-07
 Reference value :  1.67640e-07
 Reference value :  1.69280e-07
 Reference value :  1.70882e-07
 Reference value :  1.72517e-07
 Reference value :  1.74212e-07
 Reference value :  1.75882e-07
 Reference value :  1.77530e-07
 Reference value :  1.79162e-07
 Reference value :  1.80822e-07
 Reference value :  1.82397e-07
 Reference value :  1.83907e-07
 Reference value :  1.85427e-07
 Reference value :  1.86992e-07
 Reference value :  1.88614e-07
 Reference value :  1.90177e-07
 Reference value :  1.91587e-07
 Reference value :  1.93100e-07
 Reference value :  1.94692e-07
 Reference value :  1.96284e-07
 Reference value :  1.97862e-07
 Reference value :  1.99417e-07
 Reference value :  2.00981e-07
 Reference value :  2.02577e-07
 Reference value :  2.04180e-07
 Reference value :  2.05767e-07
 Reference value :  2.07292e-07
 Reference value :  2.08760e-07
 Reference value :  2.10340e-07
 Reference value :  2.11931e-07
 Reference value :  2.13270e-07
 Reference value :  2.14742e-07
 Reference value :  2.16392e-07
 Reference value :  2.18014e-07
 Reference value :  2.19540e-07
 Reference value :  2.21101e-07
 Reference value :  2.22474e-07
 Reference value :  2.23942e-07
 Reference value :  2.25487e-07
 Reference value :  2.27061e-07
 Reference value :  2.28590e-07
 Reference value :  2.30041e-07
 Reference value :  2.31581e-07
 Reference value :  2.33072e-07
 Reference value :  2.34484e-07
 Reference value :  2.36052e-07
 Reference value :  2.37650e-07
 Reference value :  2.39102e-07
 Reference value :  2.40587e-07
 Reference value :  2.42170e-07
 Reference value :  2.43764e-07
 Reference value :  2.45281e-07
 Reference value :  2.46810e-07
 Reference value :  2.48311e-07
 Reference value :  2.49817e-07
 Reference value :  2.51247e-07
 Reference value :  2.52680e-07
 Reference value :  2.54070e-07
 Reference value :  2.55347e-07
 Reference value :  2.56721e-07
 Reference value :  2.58167e-07
 Reference value :  2.59481e-07
 Reference value :  2.60890e-07
 Reference value :  2.62354e-07
 Reference value :  2.63791e-07
 Reference value :  2.65131e-07
 Reference value :  2.66447e-07
 Reference value :  2.67740e-07
 Reference value :  2.69087e-07
 Reference value :  2.70471e-07
 Reference value :  2.71897e-07
 Reference value :  2.73154e-07
 Reference value :  2.74477e-07
 Reference value :  2.75794e-07
 Reference value :  2.77090e-07
 Reference value :  2.78437e-07
 Reference value :  2.79840e-07
 Reference value :  2.81307e-07
 Reference value :  2.82750e-07
 Reference value :  2.84177e-07
 Reference value :  2.85682e-07
 Reference value :  2.87181e-07
 Reference value :  2.88702e-07
 Reference value :  2.90152e-07
 Reference value :  2.91587e-07
 Reference value :  2.92997e-07
 Reference value :  2.94437e-07
 Reference value :  2.95881e-07
 Reference value :  2.97280e-07
 Reference value :  2.98744e-07
 Reference value :  3.00300e-07
 Reference value :  3.01800e-07
 Reference value :  3.03327e-07
 Reference value :  3.04812e-07
 Reference value :  3.06291e-07
 Reference value :  3.07751e-07
 Reference value :  3.09297e-07
 Reference value :  3.10847e-07
 Reference value :  3.12292e-07
 Reference value :  3.13780e-07
 Reference value :  3.15262e-07
 Reference value :  3.16642e-07
 Reference value :  3.18111e-07
 Reference value :  3.19580e-07
 Reference value :  3.21024e-07
 Reference value :  3.22494e-07
 Reference value :  3.23891e-07
 Reference value :  3.25280e-07
 Reference value :  3.26707e-07
 Reference value :  3.28077e-07
 Reference value :  3.29482e-07
 Reference value :  3.30897e-07
 Reference value :  3.32354e-07
 Reference value :  3.33814e-07
 Reference value :  3.35280e-07
 Reference value :  3.36632e-07
 Reference value :  3.37994e-07
 Reference value :  3.39392e-07
 Reference value :  3.40787e-07
 Reference value :  3.42171e-07
 Reference value :  3.43524e-07
 Reference value :  3.44967e-07
 Reference value :  3.46401e-07
 Reference value :  3.47824e-07
 Reference value :  3.49174e-07
 Reference value :  3.50542e-07
 Reference value :  3.51967e-07
 Reference value :  3.53430e-07
 Reference value :  3.54762e-07
 Reference value :  3.56140e-07
 Reference value :  3.57534e-07
 Reference value :  3.58932e-07
 Reference value :  3.60372e-07
 Reference value :  3.61672e-07
 Reference value :  3.62977e-07
 Reference value :  3.64387e-07
 Reference value :  3.65794e-07
 Reference value :  3.67114e-07
 Reference value :  3.68474e-07
 Reference value :  3.69851e-07
 Reference value :  3.71240e-07
 Reference value :  3.72627e-07
 Reference value :  3.73972e-07
 Reference value :  3.75337e-07
 Reference value :  3.76660e-07
 Reference value :  3.77931e-07
 Reference value :  3.79260e-07
 Reference value :  3.80687e-07
 Reference value :  3.82112e-07
 Reference value :  3.83544e-07
 Reference value :  3.84917e-07
 Reference value :  3.86261e-07
 Reference value :  3.87510e-07
 Reference value :  3.88804e-07
 Reference value :  3.90174e-07
 Reference value :  3.91562e-07
 Reference value :  3.92872e-07
 Reference value :  3.94190e-07
 Reference value :  3.95510e-07
 Reference value :  3.96877e-07
 Reference value :  3.98207e-07
 Reference value :  3.99497e-07
 Reference value :  4.00844e-07
 Reference value :  4.02172e-07
 Reference value :  4.03464e-07
 Reference value :  4.04851e-07
 Reference value :  4.06234e-07
 Reference value :  4.07634e-07
 Reference value :  4.09002e-07
 Reference value :  4.10400e-07
 Reference value :  4.11781e-07
 Reference value :  4.13100e-07
 Reference value :  4.14402e-07
 Reference value :  4.15730e-07
 Reference value :  4.17102e-07
 Reference value :  4.18487e-07
 Reference value :  4.19827e-07
 Reference value :  4.21190e-07
 Reference value :  4.22527e-07
 Reference value :  4.23884e-07
 Reference value :  4.25287e-07
 Reference value :  4.26641e-07
 Reference value :  4.27987e-07
 Reference value :  4.29300e-07
 Reference value :  4.30620e-07
 Reference value :  4.31954e-07
 Reference value :  4.33311e-07
 Reference value :  4.34664e-07
 Reference value :  4.36020e-07
 Reference value :  4.37387e-07
 Reference value :  4.38580e-07
 Reference value :  4.39952e-07
 Reference value :  4.41271e-07
 Reference value :  4.42682e-07
 Reference value :  4.43994e-07
 Reference value :  4.45380e-07
 Reference value :  4.46544e-07
 Reference value :  4.47780e-07
 Reference value :  4.49040e-07
 Reference value :  4.50372e-07
 Reference value :  4.51707e-07
 Reference value :  4.52944e-07
 Reference value :  4.54170e-07
 Reference value :  4.55484e-07
 Reference value :  4.56787e-07
 Reference value :  4.58044e-07
 Reference value :  4.59324e-07
 Reference value :  4.60580e-07
 Reference value :  4.61811e-07
 Reference value :  4.63031e-07
 Reference value :  4.64321e-07
 Reference value :  4.65512e-07
 Reference value :  4.66664e-07
 Reference value :  4.67820e-07
 Reference value :  4.69024e-07
 Reference value :  4.70220e-07
 Reference value :  4.71520e-07
 Reference value :  4.72800e-07
 Reference value :  4.74084e-07
 Reference value :  4.75301e-07
 Reference value :  4.76481e-07
 Reference value :  4.77667e-07
 Reference value :  4.78964e-07
 Reference value :  4.80231e-07
 Reference value :  4.81424e-07
 Reference value :  4.82550e-07
 Reference value :  4.83741e-07
 Reference value :  4.84950e-07
 Reference value :  4.86187e-07
 Reference value :  4.87430e-07
 Reference value :  4.88712e-07
 Reference value :  4.89951e-07
 Reference value :  4.91172e-07
 Reference value :  4.92341e-07
 Reference value :  4.93540e-07
 Reference value :  4.94832e-07
 Reference value :  4.96150e-07
 Reference value :  4.97400e-07
 Reference value :  4.98592e-07
 Reference value :  4.99811e-07
No. of Data Rows : 250004
ngspice-46 done
