
Note: No compatibility mode selected!


Circuit: * un-guarded rate-scaled nyquist rate map segment rate 4.0 gs/s seg 7 (seed 7007)

Doing analysis at TEMP = 27.000000 and TNOM = 27.000000

Using SPARSE 1.3 as Direct Linear Solver

No. of Data Rows : 1
Doing analysis at TEMP = 27.000000 and TNOM = 27.000000

Using SPARSE 1.3 as Direct Linear Solver

Initial Transient Solution
--------------------------

Node                                   Voltage
----                                   -------
gen_n                                  2.37181
xgen.b1_q1                            0.871985
xgen.e                               0.0780739
xgen.xq1.s1                        9.47321e-10
xgen.xq1.t                             3.22506
gen_p                                   2.3702
xgen.b2_q2                            0.872371
xgen.xq2.s1                        9.46647e-10
xgen.xq2.t                             3.26646
vcc_hbt                                    2.5
xgen.b_cm                                0.872
xgen.b2_src                           0.872192
xgen.b1_src                           0.871808
xamp.in_p_q1                           2.36983
xamp.in_n_q2                           2.37144
xamp.c1_n                               1.9555
xamp.e1_1                              1.48132
xamp.xq1.s1                        1.72858e-09
xamp.xq1.t                              6.5634
xamp.c1_p                              1.94698
xamp.e1_2                              1.48185
xamp.xq2.s1                        2.10577e-09
xamp.xq2.t                             6.53933
xamp.e1_common                         1.44724
xamp.b2_p                              1.13299
xamp.xqef1.s1                      9.96556e-10
xamp.xqef1.t                           3.48038
xamp.b2_n                              1.14125
xamp.xqef2.s1                      9.96522e-10
xamp.xqef2.t                           3.48492
amp_n                                  2.39833
xamp.e2_1                             0.300702
xamp.xq3.s1                        9.53204e-10
xamp.xq3.t                             10.0564
amp_p                                  2.37683
xamp.e2_2                             0.302046
xamp.xq4.s1                        9.43462e-10
xamp.xq4.t                             12.0573
xamp.e2_common                        0.294387
xcomp.in_p_int                         2.37679
xcomp.in_n_int                         2.39829
clk_p                                    0.775
xcomp.clk_p_int                       0.774995
clk_n                                    0.925
xcomp.clk_n_int                       0.924559
xcomp.b_latch_p                        1.55072
xcomp.xqef_in1.s1                   9.9475e-10
xcomp.xqef_in1.t                       3.34164
xcomp.b_latch_n                        1.57168
xcomp.xqef_in2.s1                  9.94659e-10
xcomp.xqef_in2.t                       3.31221
xcomp.e_track                         0.819064
xcomp.e_tail                         0.0116748
xcomp.xqclk_track.s1               3.27657e-10
xcomp.xqclk_track.t                   0.356198
xcomp.e_latch                          1.46392
xcomp.xqclk_latch.s1               5.82721e-10
xcomp.xqclk_latch.t                    32.3035
xcomp.c_n                              2.33958
xcomp.xq1.s1                       9.36401e-10
xcomp.xq1.t                           0.210468
xcomp.c_p                              2.34089
xcomp.xq2.s1                       9.36652e-10
xcomp.xq2.t                           0.459741
xcomp.xq3.s1                       9.17784e-10
xcomp.xq3.t                            9.84093
xcomp.xq4.s1                       9.18729e-10
xcomp.xq4.t                             9.6241
xcomp.ef_p                             1.50789
xcomp.xqef1.s1                     9.93497e-10
xcomp.xqef1.t                          4.24344
xcomp.ef_n                             1.50662
xcomp.xqef2.s1                     9.93503e-10
xcomp.xqef2.t                           4.2453
xcomp.g_p                             0.755037
xcomp.g_n                              0.75439
xcomp.cml_out_p                      0.0369579
xcomp.xqbuf1.s1                    1.00067e-09
xcomp.xqbuf1.t                        0.210993
xcomp.cml_out_n                      0.0365818
xcomp.xqbuf2.s1                    1.00067e-09
xcomp.xqbuf2.t                        0.208885
vdd                                        1.2
vclk_n#branch                      -4.4055e-06
vclk_p#branch                     -4.91735e-08
vdd#branch                                   0
vcc_hbt#branch                     -0.00973922
v.xgen.v_noise_n#branch            1.77398e-06
v.xgen.v_noise_p#branch            1.78588e-06
v.xgen.vbm#branch                  3.55987e-06

 Reference value :  3.34118e-10
 Reference value :  2.54000e-09
 Reference value :  4.61059e-09
 Reference value :  6.73412e-09
 Reference value :  8.87412e-09
 Reference value :  1.09671e-08
 Reference value :  1.29006e-08
 Reference value :  1.49418e-08
 Reference value :  1.69200e-08
 Reference value :  1.89206e-08
 Reference value :  2.08941e-08
 Reference value :  2.29418e-08
 Reference value :  2.48571e-08
 Reference value :  2.68018e-08
 Reference value :  2.87941e-08
 Reference value :  3.06318e-08
 Reference value :  3.26818e-08
 Reference value :  3.46718e-08
 Reference value :  3.66141e-08
 Reference value :  3.85800e-08
 Reference value :  4.04418e-08
 Reference value :  4.24300e-08
 Reference value :  4.43371e-08
 Reference value :  4.60806e-08
 Reference value :  4.78771e-08
 Reference value :  4.98671e-08
 Reference value :  5.17006e-08
 Reference value :  5.35906e-08
 Reference value :  5.55471e-08
 Reference value :  5.70971e-08
 Reference value :  5.88518e-08
 Reference value :  6.07541e-08
 Reference value :  6.26341e-08
 Reference value :  6.45000e-08
 Reference value :  6.63606e-08
 Reference value :  6.82271e-08
 Reference value :  7.00806e-08
 Reference value :  7.18818e-08
 Reference value :  7.37100e-08
 Reference value :  7.55300e-08
 Reference value :  7.73818e-08
 Reference value :  7.92406e-08
 Reference value :  8.10700e-08
 Reference value :  8.29441e-08
 Reference value :  8.47900e-08
 Reference value :  8.66241e-08
 Reference value :  8.83606e-08
 Reference value :  9.01441e-08
 Reference value :  9.17118e-08
 Reference value :  9.34441e-08
 Reference value :  9.50218e-08
 Reference value :  9.66906e-08
 Reference value :  9.81718e-08
 Reference value :  9.99506e-08
 Reference value :  1.01484e-07
 Reference value :  1.03260e-07
 Reference value :  1.05010e-07
 Reference value :  1.06551e-07
 Reference value :  1.08201e-07
 Reference value :  1.09984e-07
 Reference value :  1.11700e-07
 Reference value :  1.13434e-07
 Reference value :  1.15202e-07
 Reference value :  1.16824e-07
 Reference value :  1.18507e-07
 Reference value :  1.20267e-07
 Reference value :  1.21937e-07
 Reference value :  1.23560e-07
 Reference value :  1.25304e-07
 Reference value :  1.26894e-07
 Reference value :  1.28587e-07
 Reference value :  1.30271e-07
 Reference value :  1.31934e-07
 Reference value :  1.33640e-07
 Reference value :  1.35347e-07
 Reference value :  1.36977e-07
 Reference value :  1.38600e-07
 Reference value :  1.40380e-07
 Reference value :  1.42034e-07
 Reference value :  1.43640e-07
 Reference value :  1.45242e-07
 Reference value :  1.46741e-07
 Reference value :  1.48400e-07
 Reference value :  1.50084e-07
 Reference value :  1.51844e-07
 Reference value :  1.53531e-07
 Reference value :  1.55220e-07
 Reference value :  1.56891e-07
 Reference value :  1.58587e-07
 Reference value :  1.60257e-07
 Reference value :  1.61912e-07
 Reference value :  1.63574e-07
 Reference value :  1.65242e-07
 Reference value :  1.66937e-07
 Reference value :  1.68622e-07
 Reference value :  1.70257e-07
 Reference value :  1.71812e-07
 Reference value :  1.73410e-07
 Reference value :  1.75111e-07
 Reference value :  1.76692e-07
 Reference value :  1.78282e-07
 Reference value :  1.79960e-07
 Reference value :  1.81577e-07
 Reference value :  1.83197e-07
 Reference value :  1.84861e-07
 Reference value :  1.86471e-07
 Reference value :  1.88140e-07
 Reference value :  1.89787e-07
 Reference value :  1.91401e-07
 Reference value :  1.93020e-07
 Reference value :  1.94631e-07
 Reference value :  1.96270e-07
 Reference value :  1.97847e-07
 Reference value :  1.99457e-07
 Reference value :  2.01034e-07
 Reference value :  2.02574e-07
 Reference value :  2.04142e-07
 Reference value :  2.05512e-07
 Reference value :  2.06547e-07
 Reference value :  2.07567e-07
 Reference value :  2.08552e-07
 Reference value :  2.09547e-07
 Reference value :  2.10490e-07
 Reference value :  2.11484e-07
 Reference value :  2.12580e-07
 Reference value :  2.13611e-07
 Reference value :  2.14634e-07
 Reference value :  2.15672e-07
 Reference value :  2.16700e-07
 Reference value :  2.17650e-07
 Reference value :  2.18700e-07
 Reference value :  2.19807e-07
 Reference value :  2.20854e-07
 Reference value :  2.21921e-07
 Reference value :  2.22901e-07
 Reference value :  2.23861e-07
 Reference value :  2.24827e-07
 Reference value :  2.25760e-07
 Reference value :  2.26727e-07
 Reference value :  2.27720e-07
 Reference value :  2.28741e-07
 Reference value :  2.29742e-07
 Reference value :  2.30730e-07
 Reference value :  2.31797e-07
 Reference value :  2.32750e-07
 Reference value :  2.33760e-07
 Reference value :  2.34707e-07
 Reference value :  2.35694e-07
 Reference value :  2.36627e-07
 Reference value :  2.37484e-07
 Reference value :  2.38260e-07
 Reference value :  2.38922e-07
 Reference value :  2.39534e-07
 Reference value :  2.40171e-07
 Reference value :  2.40892e-07
 Reference value :  2.41711e-07
 Reference value :  2.42550e-07
 Reference value :  2.43324e-07
 Reference value :  2.44067e-07
 Reference value :  2.44907e-07
 Reference value :  2.45702e-07
 Reference value :  2.46441e-07
 Reference value :  2.47234e-07
 Reference value :  2.48082e-07
 Reference value :  2.48934e-07
 Reference value :  2.49750e-07
 Reference value :  2.50511e-07
 Reference value :  2.51351e-07
 Reference value :  2.52190e-07
 Reference value :  2.52990e-07
 Reference value :  2.53781e-07
 Reference value :  2.54660e-07
 Reference value :  2.55431e-07
 Reference value :  2.56210e-07
 Reference value :  2.57062e-07
 Reference value :  2.57937e-07
 Reference value :  2.58797e-07
 Reference value :  2.59721e-07
 Reference value :  2.60637e-07
 Reference value :  2.61630e-07
 Reference value :  2.62584e-07
 Reference value :  2.63522e-07
 Reference value :  2.64450e-07
 Reference value :  2.65422e-07
 Reference value :  2.66460e-07
 Reference value :  2.67484e-07
 Reference value :  2.68461e-07
 Reference value :  2.69377e-07
 Reference value :  2.70312e-07
 Reference value :  2.71294e-07
 Reference value :  2.72300e-07
 Reference value :  2.73300e-07
 Reference value :  2.74271e-07
 Reference value :  2.75211e-07
 Reference value :  2.76241e-07
 Reference value :  2.77291e-07
 Reference value :  2.78260e-07
 Reference value :  2.79211e-07
 Reference value :  2.80161e-07
 Reference value :  2.81120e-07
 Reference value :  2.82080e-07
 Reference value :  2.83062e-07
 Reference value :  2.84037e-07
 Reference value :  2.85010e-07
 Reference value :  2.86000e-07
 Reference value :  2.86982e-07
 Reference value :  2.87902e-07
 Reference value :  2.88887e-07
 Reference value :  2.89871e-07
 Reference value :  2.90864e-07
 Reference value :  2.91852e-07
 Reference value :  2.92821e-07
 Reference value :  2.93760e-07
 Reference value :  2.94662e-07
 Reference value :  2.95607e-07
 Reference value :  2.96602e-07
 Reference value :  2.97572e-07
 Reference value :  2.98572e-07
 Reference value :  2.99557e-07
 Reference value :  3.00482e-07
 Reference value :  3.01462e-07
 Reference value :  3.02442e-07
 Reference value :  3.03381e-07
 Reference value :  3.04322e-07
 Reference value :  3.05322e-07
 Reference value :  3.06241e-07
 Reference value :  3.07241e-07
 Reference value :  3.08210e-07
 Reference value :  3.09182e-07
 Reference value :  3.10170e-07
 Reference value :  3.11154e-07
 Reference value :  3.12112e-07
 Reference value :  3.13150e-07
 Reference value :  3.14371e-07
 Reference value :  3.15790e-07
 Reference value :  3.17170e-07
 Reference value :  3.18534e-07
 Reference value :  3.19880e-07
 Reference value :  3.21304e-07
 Reference value :  3.22702e-07
 Reference value :  3.24122e-07
 Reference value :  3.25570e-07
 Reference value :  3.26862e-07
 Reference value :  3.28304e-07
 Reference value :  3.29731e-07
 Reference value :  3.31172e-07
 Reference value :  3.32530e-07
 Reference value :  3.33920e-07
 Reference value :  3.35310e-07
 Reference value :  3.36701e-07
 Reference value :  3.38170e-07
 Reference value :  3.39560e-07
 Reference value :  3.40987e-07
 Reference value :  3.42412e-07
 Reference value :  3.43861e-07
 Reference value :  3.45271e-07
 Reference value :  3.46662e-07
 Reference value :  3.47990e-07
 Reference value :  3.49304e-07
 Reference value :  3.50674e-07
 Reference value :  3.51921e-07
 Reference value :  3.53210e-07
 Reference value :  3.54580e-07
 Reference value :  3.55927e-07
 Reference value :  3.57352e-07
 Reference value :  3.58730e-07
 Reference value :  3.60024e-07
 Reference value :  3.61400e-07
 Reference value :  3.62794e-07
 Reference value :  3.64230e-07
 Reference value :  3.65600e-07
 Reference value :  3.67020e-07
 Reference value :  3.68457e-07
 Reference value :  3.69822e-07
 Reference value :  3.71124e-07
 Reference value :  3.72447e-07
 Reference value :  3.73657e-07
 Reference value :  3.74994e-07
 Reference value :  3.76431e-07
 Reference value :  3.77864e-07
 Reference value :  3.79221e-07
 Reference value :  3.80681e-07
 Reference value :  3.82101e-07
 Reference value :  3.83472e-07
 Reference value :  3.84874e-07
 Reference value :  3.86267e-07
 Reference value :  3.87634e-07
 Reference value :  3.88992e-07
 Reference value :  3.90381e-07
 Reference value :  3.91801e-07
 Reference value :  3.93150e-07
 Reference value :  3.94441e-07
 Reference value :  3.95777e-07
 Reference value :  3.97090e-07
 Reference value :  3.98310e-07
 Reference value :  3.99697e-07
 Reference value :  4.01062e-07
 Reference value :  4.02422e-07
 Reference value :  4.03844e-07
 Reference value :  4.05301e-07
 Reference value :  4.06694e-07
 Reference value :  4.08081e-07
 Reference value :  4.09484e-07
 Reference value :  4.10864e-07
 Reference value :  4.12287e-07
 Reference value :  4.13651e-07
 Reference value :  4.15084e-07
 Reference value :  4.16411e-07
 Reference value :  4.17760e-07
 Reference value :  4.19151e-07
 Reference value :  4.20542e-07
 Reference value :  4.21941e-07
 Reference value :  4.23272e-07
 Reference value :  4.24600e-07
 Reference value :  4.25920e-07
 Reference value :  4.27271e-07
 Reference value :  4.28647e-07
 Reference value :  4.29992e-07
 Reference value :  4.31262e-07
 Reference value :  4.32614e-07
 Reference value :  4.33940e-07
 Reference value :  4.35312e-07
 Reference value :  4.36672e-07
 Reference value :  4.37900e-07
 Reference value :  4.39261e-07
 Reference value :  4.40640e-07
 Reference value :  4.41827e-07
 Reference value :  4.43167e-07
 Reference value :  4.44587e-07
 Reference value :  4.45962e-07
 Reference value :  4.47174e-07
 Reference value :  4.48452e-07
 Reference value :  4.49800e-07
 Reference value :  4.51101e-07
 Reference value :  4.52470e-07
 Reference value :  4.53787e-07
 Reference value :  4.55040e-07
 Reference value :  4.56310e-07
 Reference value :  4.57631e-07
 Reference value :  4.58990e-07
 Reference value :  4.60367e-07
 Reference value :  4.61687e-07
 Reference value :  4.63072e-07
 Reference value :  4.64424e-07
 Reference value :  4.65557e-07
 Reference value :  4.66891e-07
 Reference value :  4.68220e-07
 Reference value :  4.69497e-07
 Reference value :  4.70822e-07
 Reference value :  4.72121e-07
 Reference value :  4.73524e-07
 Reference value :  4.74832e-07
 Reference value :  4.76111e-07
 Reference value :  4.77400e-07
 Reference value :  4.78697e-07
 Reference value :  4.79940e-07
 Reference value :  4.81234e-07
 Reference value :  4.82544e-07
 Reference value :  4.83881e-07
 Reference value :  4.85157e-07
 Reference value :  4.86452e-07
 Reference value :  4.87737e-07
 Reference value :  4.89042e-07
 Reference value :  4.90340e-07
 Reference value :  4.91561e-07
 Reference value :  4.92864e-07
 Reference value :  4.94164e-07
 Reference value :  4.95421e-07
 Reference value :  4.96690e-07
 Reference value :  4.97930e-07
 Reference value :  4.99187e-07
No. of Data Rows : 250004
ngspice-46 done
