# Logfile created on 2026-09-28 14:01:58 +0200 by logger.rb/v1.5.3
2026-09-28 14:01:58 +0200: Memory Usage (408348K) : Starting running IHP-SG13G2 KLayout DRC runset on /work/designs/g1-guardian/release/IHP__SoC1816/release/v.1.0.0/gds/SoC1816.gds
2026-09-28 14:01:58 +0200: Memory Usage (408348K) : Ruby Version for klayout: 3.2.3
2026-09-28 14:01:59 +0200: Memory Usage (445524K) : Loading database to memory is complete.
2026-09-28 14:01:59 +0200: Memory Usage (445524K) : IHP-SG13G2 KLayout DRC runset output at: ${BULK}/ihp-drc-SoC1816-20260928/precheck/SoC1816_SoC1816_gatpoly.lyrdb
2026-09-28 14:01:59 +0200: Memory Usage (445524K) : Evaluate switches.
2026-09-28 14:01:59 +0200: Memory Usage (445524K) : tables selected: gatpoly
2026-09-28 14:01:59 +0200: Memory Usage (445524K) : KLayout will use 128 thread(s) in tiling mode.
2026-09-28 14:01:59 +0200: Memory Usage (445524K) : deep mode is enabled.
2026-09-28 14:01:59 +0200: Memory Usage (445524K) : FEOL enabled: false
2026-09-28 14:01:59 +0200: Memory Usage (445524K) : BEOL enabled: false
2026-09-28 14:01:59 +0200: Memory Usage (445524K) : OFFGRID enabled: true
2026-09-28 14:01:59 +0200: Memory Usage (445524K) : ANGLE enabled: true
2026-09-28 14:01:59 +0200: Memory Usage (445524K) : PIN enabled: false
2026-09-28 14:01:59 +0200: Memory Usage (445524K) : FORBIDDEN enabled: false
2026-09-28 14:01:59 +0200: Memory Usage (445524K) : RECOMMENDED enabled: true
2026-09-28 14:01:59 +0200: Memory Usage (445524K) : PreCheck DRC enabled: true
2026-09-28 14:01:59 +0200: Memory Usage (445524K) : CONNECTIVITY_RULES enabled: false.
2026-09-28 14:01:59 +0200: Memory Usage (445524K) : Read in polygons from layers.
2026-09-28 14:01:59 +0200: Memory Usage (450088K) : activ_drw has 74668 polygons
2026-09-28 14:01:59 +0200: Memory Usage (450088K) : activ_pin has 0 polygons
2026-09-28 14:01:59 +0200: Memory Usage (450088K) : activ_mask has 308 polygons
2026-09-28 14:01:59 +0200: Memory Usage (450088K) : activ_filler has 28568 polygons
2026-09-28 14:01:59 +0200: Memory Usage (450088K) : activ_nofill has 19 polygons
2026-09-28 14:01:59 +0200: Memory Usage (450088K) : activ_opc has 0 polygons
2026-09-28 14:01:59 +0200: Memory Usage (450088K) : activ_iopc has 0 polygons
2026-09-28 14:01:59 +0200: Memory Usage (450088K) : activ_noqrc has 0 polygons
2026-09-28 14:01:59 +0200: Memory Usage (450088K) : biwind_drw has 0 polygons
2026-09-28 14:01:59 +0200: Memory Usage (450088K) : biwind_opc has 0 polygons
2026-09-28 14:01:59 +0200: Memory Usage (450088K) : pemwind_drw has 0 polygons
2026-09-28 14:01:59 +0200: Memory Usage (450880K) : gatpoly_drw has 82400 polygons
2026-09-28 14:01:59 +0200: Memory Usage (450880K) : gatpoly_pin has 1757 polygons
2026-09-28 14:01:59 +0200: Memory Usage (451144K) : gatpoly_filler has 30516 polygons
2026-09-28 14:01:59 +0200: Memory Usage (451144K) : gatpoly_nofill has 19 polygons
2026-09-28 14:01:59 +0200: Memory Usage (451268K) : gatpoly_opc has 0 polygons
2026-09-28 14:01:59 +0200: Memory Usage (451268K) : gatpoly_iopc has 0 polygons
2026-09-28 14:01:59 +0200: Memory Usage (451268K) : gatpoly_noqrc has 0 polygons
2026-09-28 14:01:59 +0200: Memory Usage (466048K) : cont_drw has 3621736 polygons
2026-09-28 14:01:59 +0200: Memory Usage (466048K) : cont_opc has 0 polygons
2026-09-28 14:01:59 +0200: Memory Usage (466048K) : nsd_drw has 60 polygons
2026-09-28 14:01:59 +0200: Memory Usage (466048K) : nsd_block has 308 polygons
2026-09-28 14:01:59 +0200: Memory Usage (466048K) : metal1_drw has 155442 polygons
2026-09-28 14:01:59 +0200: Memory Usage (466048K) : metal1_pin has 52555 polygons
2026-09-28 14:01:59 +0200: Memory Usage (466048K) : metal1_mask has 0 polygons
2026-09-28 14:01:59 +0200: Memory Usage (466948K) : metal1_filler has 49962 polygons
2026-09-28 14:01:59 +0200: Memory Usage (466948K) : metal1_nofill has 19 polygons
2026-09-28 14:01:59 +0200: Memory Usage (466948K) : metal1_slit has 0 polygons
2026-09-28 14:01:59 +0200: Memory Usage (466948K) : metal1_text has 43045 polygons
2026-09-28 14:01:59 +0200: Memory Usage (466948K) : metal1_opc has 0 polygons
2026-09-28 14:01:59 +0200: Memory Usage (466948K) : metal1_noqrc has 0 polygons
2026-09-28 14:01:59 +0200: Memory Usage (466948K) : metal1_res has 0 polygons
2026-09-28 14:01:59 +0200: Memory Usage (466948K) : metal1_iprobe has 0 polygons
2026-09-28 14:01:59 +0200: Memory Usage (466948K) : metal1_diffprb has 0 polygons
2026-09-28 14:01:59 +0200: Memory Usage (466948K) : passiv_drw has 35 polygons
2026-09-28 14:01:59 +0200: Memory Usage (466948K) : passiv_pin has 0 polygons
2026-09-28 14:01:59 +0200: Memory Usage (466948K) : passiv_sbump has 0 polygons
2026-09-28 14:01:59 +0200: Memory Usage (466948K) : passiv_pillar has 0 polygons
2026-09-28 14:01:59 +0200: Memory Usage (466948K) : passiv_pdl has 0 polygons
2026-09-28 14:02:00 +0200: Memory Usage (466948K) : metal2_drw has 83934 polygons
2026-09-28 14:02:00 +0200: Memory Usage (466948K) : metal2_pin has 1094 polygons
2026-09-28 14:02:00 +0200: Memory Usage (466948K) : metal2_mask has 0 polygons
2026-09-28 14:02:00 +0200: Memory Usage (468504K) : metal2_filler has 60648 polygons
2026-09-28 14:02:00 +0200: Memory Usage (468504K) : metal2_nofill has 20 polygons
2026-09-28 14:02:00 +0200: Memory Usage (468504K) : metal2_slit has 0 polygons
2026-09-28 14:02:00 +0200: Memory Usage (468504K) : metal2_text has 493 polygons
2026-09-28 14:02:00 +0200: Memory Usage (468504K) : metal2_opc has 0 polygons
2026-09-28 14:02:00 +0200: Memory Usage (468504K) : metal2_noqrc has 0 polygons
2026-09-28 14:02:00 +0200: Memory Usage (468504K) : metal2_res has 0 polygons
2026-09-28 14:02:00 +0200: Memory Usage (468504K) : metal2_iprobe has 0 polygons
2026-09-28 14:02:00 +0200: Memory Usage (468504K) : metal2_diffprb has 0 polygons
2026-09-28 14:02:00 +0200: Memory Usage (468504K) : baspoly_drw has 0 polygons
2026-09-28 14:02:00 +0200: Memory Usage (468504K) : baspoly_pin has 0 polygons
2026-09-28 14:02:00 +0200: Memory Usage (468504K) : psd_drw has 32936 polygons
2026-09-28 14:02:00 +0200: Memory Usage (468504K) : nldb_drw has 0 polygons
2026-09-28 14:02:00 +0200: Memory Usage (468504K) : digibnd_drw has 0 polygons
2026-09-28 14:02:00 +0200: Memory Usage (469296K) : via1_drw has 93132 polygons
2026-09-28 14:02:00 +0200: Memory Usage (469296K) : backmetal1_drw has 0 polygons
2026-09-28 14:02:00 +0200: Memory Usage (469296K) : backmetal1_pin has 0 polygons
2026-09-28 14:02:00 +0200: Memory Usage (469296K) : backmetal1_mask has 0 polygons
2026-09-28 14:02:00 +0200: Memory Usage (469296K) : backmetal1_filler has 0 polygons
2026-09-28 14:02:00 +0200: Memory Usage (469296K) : backmetal1_nofill has 0 polygons
2026-09-28 14:02:00 +0200: Memory Usage (469296K) : backmetal1_slit has 0 polygons
2026-09-28 14:02:00 +0200: Memory Usage (469296K) : backmetal1_text has 0 polygons
2026-09-28 14:02:00 +0200: Memory Usage (469296K) : backmetal1_opc has 0 polygons
2026-09-28 14:02:00 +0200: Memory Usage (469296K) : backmetal1_noqrc has 0 polygons
2026-09-28 14:02:00 +0200: Memory Usage (469296K) : backmetal1_res has 0 polygons
2026-09-28 14:02:00 +0200: Memory Usage (469296K) : backmetal1_iprobe has 0 polygons
2026-09-28 14:02:00 +0200: Memory Usage (469296K) : backmetal1_diffprb has 0 polygons
2026-09-28 14:02:00 +0200: Memory Usage (469296K) : backpassiv_drw has 0 polygons
2026-09-28 14:02:00 +0200: Memory Usage (469296K) : res_drw has 0 polygons
2026-09-28 14:02:00 +0200: Memory Usage (469296K) : sram_drw has 0 polygons
2026-09-28 14:02:00 +0200: Memory Usage (469296K) : trans_drw has 308 polygons
2026-09-28 14:02:00 +0200: Memory Usage (469296K) : ind_drw has 0 polygons
2026-09-28 14:02:00 +0200: Memory Usage (469296K) : ind_pin has 0 polygons
2026-09-28 14:02:00 +0200: Memory Usage (469296K) : ind_text has 0 polygons
2026-09-28 14:02:00 +0200: Memory Usage (469296K) : salblock_drw has 2041 polygons
2026-09-28 14:02:00 +0200: Memory Usage (470880K) : via2_drw has 113827 polygons
2026-09-28 14:02:00 +0200: Memory Usage (471408K) : metal3_drw has 45047 polygons
2026-09-28 14:02:00 +0200: Memory Usage (471408K) : metal3_pin has 1163 polygons
2026-09-28 14:02:00 +0200: Memory Usage (471408K) : metal3_mask has 0 polygons
2026-09-28 14:02:00 +0200: Memory Usage (471408K) : metal3_filler has 32154 polygons
2026-09-28 14:02:00 +0200: Memory Usage (471408K) : metal3_nofill has 28 polygons
2026-09-28 14:02:00 +0200: Memory Usage (471408K) : metal3_slit has 0 polygons
2026-09-28 14:02:00 +0200: Memory Usage (471408K) : metal3_text has 1161 polygons
2026-09-28 14:02:00 +0200: Memory Usage (471408K) : metal3_opc has 0 polygons
2026-09-28 14:02:00 +0200: Memory Usage (471408K) : metal3_noqrc has 0 polygons
2026-09-28 14:02:00 +0200: Memory Usage (471408K) : metal3_res has 0 polygons
2026-09-28 14:02:00 +0200: Memory Usage (471408K) : metal3_iprobe has 0 polygons
2026-09-28 14:02:00 +0200: Memory Usage (471408K) : metal3_diffprb has 0 polygons
2026-09-28 14:02:00 +0200: Memory Usage (471936K) : nwell_drw has 14108 polygons
2026-09-28 14:02:00 +0200: Memory Usage (471936K) : nwell_pin has 0 polygons
2026-09-28 14:02:00 +0200: Memory Usage (471936K) : nbulay_drw has 0 polygons
2026-09-28 14:02:00 +0200: Memory Usage (471936K) : nbulay_pin has 0 polygons
2026-09-28 14:02:00 +0200: Memory Usage (471936K) : nbulay_block has 0 polygons
2026-09-28 14:02:00 +0200: Memory Usage (471936K) : emwind_drw has 308 polygons
2026-09-28 14:02:00 +0200: Memory Usage (471936K) : emwind_opc has 0 polygons
2026-09-28 14:02:00 +0200: Memory Usage (471936K) : deepco_drw has 0 polygons
2026-09-28 14:02:00 +0200: Memory Usage (471936K) : deepco_drw has 0 polygons
2026-09-28 14:02:00 +0200: Memory Usage (471936K) : mim_drw has 19 polygons
2026-09-28 14:02:00 +0200: Memory Usage (471936K) : edgeseal_drw has 11 polygons
2026-09-28 14:02:00 +0200: Memory Usage (471936K) : edgeseal_bound has 1 polygons
2026-09-28 14:02:00 +0200: Memory Usage (471936K) : substrate_drw has 1448 polygons
2026-09-28 14:02:00 +0200: Memory Usage (471936K) : substrate_text has 0 polygons
2026-09-28 14:02:00 +0200: Memory Usage (471936K) : dfpad_drw has 24 polygons
2026-09-28 14:02:00 +0200: Memory Usage (471936K) : dfpad_pillar has 0 polygons
2026-09-28 14:02:00 +0200: Memory Usage (471936K) : dfpad_sbump has 0 polygons
2026-09-28 14:02:00 +0200: Memory Usage (471936K) : thickgateox_drw has 2077 polygons
2026-09-28 14:02:00 +0200: Memory Usage (471936K) : pldb_drw has 0 polygons
2026-09-28 14:02:00 +0200: Memory Usage (471936K) : pwell_drw has 0 polygons
2026-09-28 14:02:00 +0200: Memory Usage (471936K) : pwell_pin has 0 polygons
2026-09-28 14:02:00 +0200: Memory Usage (471936K) : pwell_block has 0 polygons
2026-09-28 14:02:00 +0200: Memory Usage (471936K) : ic_drw has 0 polygons
2026-09-28 14:02:00 +0200: Memory Usage (471936K) : via3_drw has 60213 polygons
2026-09-28 14:02:00 +0200: Memory Usage (471936K) : metal4_drw has 10171 polygons
2026-09-28 14:02:00 +0200: Memory Usage (471936K) : metal4_pin has 1045 polygons
2026-09-28 14:02:00 +0200: Memory Usage (471936K) : metal4_mask has 0 polygons
2026-09-28 14:02:00 +0200: Memory Usage (471936K) : metal4_filler has 32361 polygons
2026-09-28 14:02:00 +0200: Memory Usage (471936K) : metal4_nofill has 22 polygons
2026-09-28 14:02:00 +0200: Memory Usage (471936K) : metal4_slit has 0 polygons
2026-09-28 14:02:00 +0200: Memory Usage (471936K) : metal4_text has 1044 polygons
2026-09-28 14:02:00 +0200: Memory Usage (471936K) : metal4_opc has 0 polygons
2026-09-28 14:02:00 +0200: Memory Usage (471936K) : metal4_noqrc has 0 polygons
2026-09-28 14:02:00 +0200: Memory Usage (472200K) : metal4_res has 0 polygons
2026-09-28 14:02:00 +0200: Memory Usage (472200K) : metal4_iprobe has 0 polygons
2026-09-28 14:02:00 +0200: Memory Usage (472200K) : metal4_diffprb has 0 polygons
2026-09-28 14:02:00 +0200: Memory Usage (472200K) : heattrans_drw has 2991 polygons
2026-09-28 14:02:00 +0200: Memory Usage (472200K) : heatres_drw has 1627 polygons
2026-09-28 14:02:00 +0200: Memory Usage (472200K) : pempoly_drw has 0 polygons
2026-09-28 14:02:00 +0200: Memory Usage (472200K) : fbe_drw has 0 polygons
2026-09-28 14:02:00 +0200: Memory Usage (472200K) : empoly_drw has 0 polygons
2026-09-28 14:02:00 +0200: Memory Usage (472464K) : ldmos_drw has 0 polygons
2026-09-28 14:02:00 +0200: Memory Usage (472464K) : pbiwind_drw has 0 polygons
2026-09-28 14:02:00 +0200: Memory Usage (472464K) : digisub_drw has 0 polygons
2026-09-28 14:02:00 +0200: Memory Usage (472464K) : nodrc_drw has 0 polygons
2026-09-28 14:02:00 +0200: Memory Usage (472992K) : text_drw has 3355 polygons
2026-09-28 14:02:00 +0200: Memory Usage (473784K) : via4_drw has 62183 polygons
2026-09-28 14:02:00 +0200: Memory Usage (473784K) : metal5_drw has 3901 polygons
2026-09-28 14:02:00 +0200: Memory Usage (473784K) : metal5_pin has 1032 polygons
2026-09-28 14:02:00 +0200: Memory Usage (473784K) : metal5_mask has 0 polygons
2026-09-28 14:02:00 +0200: Memory Usage (474840K) : metal5_filler has 33156 polygons
2026-09-28 14:02:00 +0200: Memory Usage (474840K) : metal5_nofill has 22 polygons
2026-09-28 14:02:00 +0200: Memory Usage (474840K) : metal5_slit has 0 polygons
2026-09-28 14:02:00 +0200: Memory Usage (474840K) : metal5_text has 1032 polygons
2026-09-28 14:02:00 +0200: Memory Usage (474840K) : metal5_opc has 0 polygons
2026-09-28 14:02:00 +0200: Memory Usage (474840K) : metal5_noqrc has 0 polygons
2026-09-28 14:02:00 +0200: Memory Usage (474840K) : metal5_res has 0 polygons
2026-09-28 14:02:00 +0200: Memory Usage (474840K) : metal5_iprobe has 0 polygons
2026-09-28 14:02:00 +0200: Memory Usage (474840K) : metal5_diffprb has 0 polygons
2026-09-28 14:02:00 +0200: Memory Usage (474840K) : radhard_drw has 0 polygons
2026-09-28 14:02:00 +0200: Memory Usage (474840K) : memcap_drw has 0 polygons
2026-09-28 14:02:00 +0200: Memory Usage (474840K) : varicap_drw has 0 polygons
2026-09-28 14:02:00 +0200: Memory Usage (474840K) : flash_drw has 0 polygons
2026-09-28 14:02:00 +0200: Memory Usage (474840K) : intbondvia_drw has 0 polygons
2026-09-28 14:02:00 +0200: Memory Usage (474840K) : intbondmet_drw has 0 polygons
2026-09-28 14:02:00 +0200: Memory Usage (474840K) : devbondvia_drw has 0 polygons
2026-09-28 14:02:00 +0200: Memory Usage (474840K) : devbondmet_drw has 0 polygons
2026-09-28 14:02:00 +0200: Memory Usage (474840K) : devtrench_drw has 0 polygons
2026-09-28 14:02:00 +0200: Memory Usage (474840K) : redist_drw has 0 polygons
2026-09-28 14:02:00 +0200: Memory Usage (474840K) : graphbot_drw has 0 polygons
2026-09-28 14:02:00 +0200: Memory Usage (474840K) : graphtop_drw has 0 polygons
2026-09-28 14:02:00 +0200: Memory Usage (474840K) : antvia1_drw has 0 polygons
2026-09-28 14:02:00 +0200: Memory Usage (474840K) : antmetal2_drw has 0 polygons
2026-09-28 14:02:00 +0200: Memory Usage (474840K) : graphcont_drw has 0 polygons
2026-09-28 14:02:00 +0200: Memory Usage (474840K) : siwg_drw has 0 polygons
2026-09-28 14:02:00 +0200: Memory Usage (474840K) : siwg_filler has 0 polygons
2026-09-28 14:02:00 +0200: Memory Usage (474840K) : siwg_nofill has 0 polygons
2026-09-28 14:02:00 +0200: Memory Usage (474840K) : sigrating_drw has 0 polygons
2026-09-28 14:02:00 +0200: Memory Usage (474840K) : singrating_drw has 0 polygons
2026-09-28 14:02:00 +0200: Memory Usage (474840K) : graphpas_drw has 0 polygons
2026-09-28 14:02:00 +0200: Memory Usage (474840K) : emwind3_drw has 0 polygons
2026-09-28 14:02:00 +0200: Memory Usage (474840K) : emwihv3_drw has 0 polygons
2026-09-28 14:02:00 +0200: Memory Usage (474840K) : redbulay_drw has 0 polygons
2026-09-28 14:02:00 +0200: Memory Usage (474840K) : smos_drw has 0 polygons
2026-09-28 14:02:00 +0200: Memory Usage (474840K) : graphpad_drw has 0 polygons
2026-09-28 14:02:00 +0200: Memory Usage (474840K) : polimide_drw has 0 polygons
2026-09-28 14:02:00 +0200: Memory Usage (474840K) : polimide_pin has 0 polygons
2026-09-28 14:02:00 +0200: Memory Usage (474840K) : recog_drw has 0 polygons
2026-09-28 14:02:00 +0200: Memory Usage (474840K) : recog_pin has 0 polygons
2026-09-28 14:02:00 +0200: Memory Usage (474840K) : recog_esd has 0 polygons
2026-09-28 14:02:00 +0200: Memory Usage (475368K) : recog_diode has 144 polygons
2026-09-28 14:02:00 +0200: Memory Usage (475368K) : recog_tsv has 0 polygons
2026-09-28 14:02:00 +0200: Memory Usage (475368K) : recog_iprobe has 0 polygons
2026-09-28 14:02:00 +0200: Memory Usage (475368K) : recog_diffprb has 0 polygons
2026-09-28 14:02:00 +0200: Memory Usage (475368K) : recog_pillar has 0 polygons
2026-09-28 14:02:00 +0200: Memory Usage (475368K) : recog_sbump has 0 polygons
2026-09-28 14:02:00 +0200: Memory Usage (475368K) : recog_otp has 0 polygons
2026-09-28 14:02:00 +0200: Memory Usage (475368K) : recog_pdiode has 0 polygons
2026-09-28 14:02:00 +0200: Memory Usage (475368K) : recog_mom has 0 polygons
2026-09-28 14:02:00 +0200: Memory Usage (475368K) : recog_pcm has 0 polygons
2026-09-28 14:02:00 +0200: Memory Usage (475368K) : colopen_drw has 0 polygons
2026-09-28 14:02:01 +0200: Memory Usage (475368K) : graphmetal1_drw has 0 polygons
2026-09-28 14:02:01 +0200: Memory Usage (475368K) : graphmetal1_filler has 0 polygons
2026-09-28 14:02:01 +0200: Memory Usage (475368K) : graphmetal1_nofill has 0 polygons
2026-09-28 14:02:01 +0200: Memory Usage (475368K) : graphmetal1_slit has 0 polygons
2026-09-28 14:02:01 +0200: Memory Usage (475368K) : graphmetal1_opc has 0 polygons
2026-09-28 14:02:01 +0200: Memory Usage (475368K) : graphmet1l_drw has 0 polygons
2026-09-28 14:02:01 +0200: Memory Usage (475368K) : graphmet1l_filler has 0 polygons
2026-09-28 14:02:01 +0200: Memory Usage (475368K) : graphmet1l_nofill has 0 polygons
2026-09-28 14:02:01 +0200: Memory Usage (475368K) : graphmet1l_slit has 0 polygons
2026-09-28 14:02:01 +0200: Memory Usage (475368K) : graphmet1l_opc has 0 polygons
2026-09-28 14:02:01 +0200: Memory Usage (475368K) : extblock_drw has 6096 polygons
2026-09-28 14:02:01 +0200: Memory Usage (475368K) : nldd_drw has 0 polygons
2026-09-28 14:02:01 +0200: Memory Usage (475368K) : pldd_drw has 0 polygons
2026-09-28 14:02:01 +0200: Memory Usage (475368K) : next_drw has 0 polygons
2026-09-28 14:02:01 +0200: Memory Usage (475368K) : pext_drw has 0 polygons
2026-09-28 14:02:01 +0200: Memory Usage (475368K) : nexthv_drw has 0 polygons
2026-09-28 14:02:01 +0200: Memory Usage (475368K) : pexthv_drw has 0 polygons
2026-09-28 14:02:01 +0200: Memory Usage (475368K) : graphgate_drw has 0 polygons
2026-09-28 14:02:01 +0200: Memory Usage (475368K) : sinwg_drw has 0 polygons
2026-09-28 14:02:01 +0200: Memory Usage (475368K) : sinwg_filler has 0 polygons
2026-09-28 14:02:01 +0200: Memory Usage (475368K) : sinwg_nofill has 0 polygons
2026-09-28 14:02:01 +0200: Memory Usage (475368K) : mempad_drw has 0 polygons
2026-09-28 14:02:01 +0200: Memory Usage (475632K) : topvia1_drw has 58355 polygons
2026-09-28 14:02:01 +0200: Memory Usage (475632K) : topmetal1_drw has 1934 polygons
2026-09-28 14:02:01 +0200: Memory Usage (475632K) : topmetal1_pin has 1065 polygons
2026-09-28 14:02:01 +0200: Memory Usage (475632K) : topmetal1_mask has 0 polygons
2026-09-28 14:02:01 +0200: Memory Usage (475632K) : topmetal1_filler has 5640 polygons
2026-09-28 14:02:01 +0200: Memory Usage (475632K) : topmetal1_nofill has 26 polygons
2026-09-28 14:02:01 +0200: Memory Usage (475632K) : topmetal1_slit has 0 polygons
2026-09-28 14:02:01 +0200: Memory Usage (475632K) : topmetal1_text has 1035 polygons
2026-09-28 14:02:01 +0200: Memory Usage (475632K) : topmetal1_noqrc has 0 polygons
2026-09-28 14:02:01 +0200: Memory Usage (475632K) : topmetal1_res has 0 polygons
2026-09-28 14:02:01 +0200: Memory Usage (475632K) : topmetal1_iprobe has 0 polygons
2026-09-28 14:02:01 +0200: Memory Usage (475632K) : topmetal1_diffprb has 0 polygons
2026-09-28 14:02:01 +0200: Memory Usage (475632K) : inldpwl_drw has 0 polygons
2026-09-28 14:02:01 +0200: Memory Usage (475632K) : polyres_drw has 1693 polygons
2026-09-28 14:02:01 +0200: Memory Usage (475632K) : polyres_pin has 0 polygons
2026-09-28 14:02:01 +0200: Memory Usage (475896K) : vmim_drw has 6316 polygons
2026-09-28 14:02:01 +0200: Memory Usage (475896K) : nbulaycut_drw has 0 polygons
2026-09-28 14:02:01 +0200: Memory Usage (475896K) : antmetal1_drw has 0 polygons
2026-09-28 14:02:01 +0200: Memory Usage (476952K) : topvia2_drw has 40175 polygons
2026-09-28 14:02:01 +0200: Memory Usage (476952K) : topmetal2_drw has 986 polygons
2026-09-28 14:02:01 +0200: Memory Usage (476952K) : topmetal2_pin has 787 polygons
2026-09-28 14:02:01 +0200: Memory Usage (476952K) : topmetal2_mask has 0 polygons
2026-09-28 14:02:01 +0200: Memory Usage (476952K) : topmetal2_filler has 6942 polygons
2026-09-28 14:02:01 +0200: Memory Usage (476952K) : topmetal2_nofill has 26 polygons
2026-09-28 14:02:01 +0200: Memory Usage (476952K) : topmetal2_slit has 0 polygons
2026-09-28 14:02:01 +0200: Memory Usage (476952K) : topmetal2_text has 801 polygons
2026-09-28 14:02:01 +0200: Memory Usage (476952K) : topmetal2_noqrc has 0 polygons
2026-09-28 14:02:01 +0200: Memory Usage (476952K) : topmetal2_res has 0 polygons
2026-09-28 14:02:01 +0200: Memory Usage (476952K) : topmetal2_iprobe has 0 polygons
2026-09-28 14:02:01 +0200: Memory Usage (477216K) : topmetal2_diffprb has 0 polygons
2026-09-28 14:02:01 +0200: Memory Usage (477216K) : snsring_drw has 0 polygons
2026-09-28 14:02:01 +0200: Memory Usage (477216K) : sensor_drw has 0 polygons
2026-09-28 14:02:01 +0200: Memory Usage (477216K) : snsarms_drw has 0 polygons
2026-09-28 14:02:01 +0200: Memory Usage (477216K) : snscmosvia_drw has 0 polygons
2026-09-28 14:02:01 +0200: Memory Usage (477480K) : colwind_drw has 0 polygons
2026-09-28 14:02:01 +0200: Memory Usage (477480K) : flm_drw has 0 polygons
2026-09-28 14:02:01 +0200: Memory Usage (477480K) : hafniumox_drw has 0 polygons
2026-09-28 14:02:01 +0200: Memory Usage (477480K) : memvia_drw has 0 polygons
2026-09-28 14:02:01 +0200: Memory Usage (477480K) : thinfilmres_drw has 0 polygons
2026-09-28 14:02:01 +0200: Memory Usage (477744K) : rfmem_drw has 0 polygons
2026-09-28 14:02:01 +0200: Memory Usage (477744K) : norcx_drw has 0 polygons
2026-09-28 14:02:01 +0200: Memory Usage (477744K) : norcx_m2m3 has 0 polygons
2026-09-28 14:02:01 +0200: Memory Usage (477744K) : norcx_m2m4 has 0 polygons
2026-09-28 14:02:01 +0200: Memory Usage (477744K) : norcx_m2m5 has 0 polygons
2026-09-28 14:02:01 +0200: Memory Usage (478008K) : norcx_m2tm1 has 0 polygons
2026-09-28 14:02:01 +0200: Memory Usage (478008K) : norcx_m2tm2 has 0 polygons
2026-09-28 14:02:01 +0200: Memory Usage (478008K) : norcx_m3m4 has 0 polygons
2026-09-28 14:02:01 +0200: Memory Usage (478008K) : norcx_m3m5 has 0 polygons
2026-09-28 14:02:01 +0200: Memory Usage (478272K) : norcx_m3tm1 has 0 polygons
2026-09-28 14:02:01 +0200: Memory Usage (478272K) : norcx_m3tm2 has 0 polygons
2026-09-28 14:02:01 +0200: Memory Usage (478272K) : norcx_m4m5 has 0 polygons
2026-09-28 14:02:01 +0200: Memory Usage (478272K) : norcx_m4tm1 has 0 polygons
2026-09-28 14:02:01 +0200: Memory Usage (478272K) : norcx_m4tm2 has 0 polygons
2026-09-28 14:02:01 +0200: Memory Usage (478536K) : norcx_m5tm1 has 0 polygons
2026-09-28 14:02:01 +0200: Memory Usage (478536K) : norcx_m5tm2 has 0 polygons
2026-09-28 14:02:01 +0200: Memory Usage (478536K) : norcx_tm1tm2 has 0 polygons
2026-09-28 14:02:01 +0200: Memory Usage (478536K) : norcx_m1sub has 0 polygons
2026-09-28 14:02:01 +0200: Memory Usage (478536K) : norcx_m2sub has 0 polygons
2026-09-28 14:02:01 +0200: Memory Usage (478800K) : norcx_m3sub has 0 polygons
2026-09-28 14:02:01 +0200: Memory Usage (478800K) : norcx_m4sub has 0 polygons
2026-09-28 14:02:01 +0200: Memory Usage (478800K) : norcx_m5sub has 0 polygons
2026-09-28 14:02:01 +0200: Memory Usage (478800K) : norcx_tm1sub has 0 polygons
2026-09-28 14:02:01 +0200: Memory Usage (478800K) : norcx_tm2sub has 0 polygons
2026-09-28 14:02:01 +0200: Memory Usage (479064K) : snsbotvia_drw has 0 polygons
2026-09-28 14:02:01 +0200: Memory Usage (479064K) : snstopvia_drw has 0 polygons
2026-09-28 14:02:01 +0200: Memory Usage (479064K) : deepvia_drw has 0 polygons
2026-09-28 14:02:01 +0200: Memory Usage (479064K) : fgetch_drw has 0 polygons
2026-09-28 14:02:01 +0200: Memory Usage (479064K) : ctrgat_drw has 0 polygons
2026-09-28 14:02:01 +0200: Memory Usage (479328K) : fgimp_drw has 0 polygons
2026-09-28 14:02:01 +0200: Memory Usage (479328K) : emwihv_drw has 0 polygons
2026-09-28 14:02:01 +0200: Memory Usage (479328K) : lbe_drw has 0 polygons
2026-09-28 14:02:01 +0200: Memory Usage (479328K) : alcustop_drw has 0 polygons
2026-09-28 14:02:01 +0200: Memory Usage (479328K) : nometfiller_drw has 14 polygons
2026-09-28 14:02:01 +0200: Memory Usage (479592K) : prboundary_drw has 0 polygons
2026-09-28 14:02:01 +0200: Memory Usage (479592K) : exchange0_drw has 0 polygons
2026-09-28 14:02:01 +0200: Memory Usage (479592K) : exchange0_pin has 0 polygons
2026-09-28 14:02:01 +0200: Memory Usage (479592K) : exchange0_text has 0 polygons
2026-09-28 14:02:01 +0200: Memory Usage (479856K) : exchange1_drw has 0 polygons
2026-09-28 14:02:01 +0200: Memory Usage (479856K) : exchange1_pin has 0 polygons
2026-09-28 14:02:01 +0200: Memory Usage (479856K) : exchange1_text has 0 polygons
2026-09-28 14:02:01 +0200: Memory Usage (479856K) : exchange2_drw has 0 polygons
2026-09-28 14:02:01 +0200: Memory Usage (479856K) : exchange2_pin has 0 polygons
2026-09-28 14:02:01 +0200: Memory Usage (480120K) : exchange2_text has 0 polygons
2026-09-28 14:02:01 +0200: Memory Usage (480120K) : exchange3_drw has 0 polygons
2026-09-28 14:02:01 +0200: Memory Usage (480120K) : exchange3_pin has 0 polygons
2026-09-28 14:02:01 +0200: Memory Usage (480120K) : exchange3_text has 0 polygons
2026-09-28 14:02:01 +0200: Memory Usage (480120K) : exchange4_drw has 0 polygons
2026-09-28 14:02:01 +0200: Memory Usage (480384K) : exchange4_pin has 0 polygons
2026-09-28 14:02:01 +0200: Memory Usage (480384K) : exchange4_text has 0 polygons
2026-09-28 14:02:01 +0200: Memory Usage (480384K) : isonwell_drw has 0 polygons
2026-09-28 14:02:01 +0200: Memory Usage (480384K) : Total no. of polygons in the design is 4973589
2026-09-28 14:02:01 +0200: Memory Usage (480384K) : Loaded TECH DRC rules values from /foss/pdks/ihp-sg13g2/libs.tech/klayout/python/sg13g2_pycell_lib/sg13g2_tech_mod.json
2026-09-28 14:02:01 +0200: Memory Usage (480384K) : Loaded default DRC rules values from /foss/pdks/ihp-sg13g2/libs.tech/klayout/tech/drc/rule_decks/sg13g2_tech_default.json
2026-09-28 14:02:01 +0200: Memory Usage (480384K) : The following rules values were missing in tech json and default values were used:
2026-09-28 14:02:01 +0200: Memory Usage (480384K) :   - NW_f1_digibnd
2026-09-28 14:02:01 +0200: Memory Usage (480384K) :   - Cnt_c_digibnd
2026-09-28 14:02:01 +0200: Memory Usage (480384K) :   - Cnt_c_sram
2026-09-28 14:02:01 +0200: Memory Usage (480384K) :   - Sdiod_b
2026-09-28 14:02:01 +0200: Memory Usage (480384K) :   - Sdiod_c
2026-09-28 14:02:01 +0200: Memory Usage (481836K) : Total area of the design is 1999396.0 um^2.
2026-09-28 14:02:01 +0200: Memory Usage (481836K) : The design dimensions are 1414.0 µm * 1414.0 µm.
2026-09-28 14:02:01 +0200: Memory Usage (481836K) : Starting general IHP-SG13G2 derivations.
2026-09-28 14:02:01 +0200: Memory Usage (481836K) : Starting Pwell derivations
2026-09-28 14:02:01 +0200: Memory Usage (494720K) : Starting n-Activ derivations
2026-09-28 14:02:02 +0200: Memory Usage (506668K) : Starting p-Activ derivations
2026-09-28 14:02:02 +0200: Memory Usage (519228K) : Starting pact FET derivations
2026-09-28 14:02:02 +0200: Memory Usage (525012K) : Starting nact FET derivations
2026-09-28 14:02:03 +0200: Memory Usage (535116K) : Starting Gate derivations
2026-09-28 14:02:03 +0200: Memory Usage (539888K) : Starting IHP-SG13G2 DRC rules.
2026-09-28 14:02:03 +0200: Memory Usage (539888K) : Starting 5.8. GatPoly table
2026-09-28 14:02:03 +0200: Memory Usage (539888K) : Executing rule Gat.a
2026-09-28 14:02:03 +0200: Memory Usage (543864K) : Executing rule Gat.b
2026-09-28 14:02:04 +0200: Memory Usage (553812K) : Executing rule Gat.d
2026-09-28 14:02:04 +0200: Memory Usage (557540K) : KLayout DRC run for tables 'gatpoly' completed in 5.42 seconds
