
Note: No compatibility mode selected!


Circuit: * candidate 2 p1_comparator monte carlo hbt mismatch deck (seed 2199)

Doing analysis at TEMP = 27.000000 and TNOM = 27.000000

Using SPARSE 1.3 as Direct Linear Solver
OSDI(debug) n.xcomp.xrdac_p.nr1: OSDI(debug) n.xcomp.xrdac_n.nr1: OSDI(debug) n.xcomp.xr2_n.nr1: OSDI(debug) n.xcomp.xr2_p.nr1: WARNING: V(i1,c) voltage is greater than specified by vmax
WARNING: V(i1,c) voltage is greater than specified by vmax
OSDI(debug) n.xcomp.xr2_n.nr1: WARNING: V(i2,c) voltage is greater than specified by vmax
OSDI(debug) n.xcomp.xr1_p.nr1: OSDI(debug) n.xcomp.xrc1.nr1: WARNING: V(i1,c) voltage is greater than specified by vmax
OSDI(debug) n.xcomp.xrc1.nr1: WARNING: V(i2,c) voltage is greater than specified by vmax
WARNING: V(i1,c) voltage is greater than specified by vmax
OSDI(debug) n.xcomp.xrdac_n.nr1: WARNING: V(i2,c) voltage is greater than specified by vmax
OSDI(debug) n.xcomp.xr2_p.nr1: WARNING: V(i2,c) voltage is greater than specified by vmax
OSDI(debug) n.xcomp.xr1_n.nr1: WARNING: V(i1,c) voltage is greater than specified by vmax
OSDI(debug) n.xcomp.xr1_n.nr1: WARNING: V(i2,c) voltage is greater than specified by vmax
WARNING: V(i1,c) voltage is greater than specified by vmax
OSDI(debug) n.xcomp.xr1_p.nr1: WARNING: V(i2,c) voltage is greater than specified by vmax
WARNING: V(i1,c) voltage is greater than specified by vmax
OSDI(debug) n.xcomp.xrdac_p.nr1: WARNING: V(i2,c) voltage is greater than specified by vmax
OSDI(debug) n.xcomp.xrc2.nr1: WARNING: V(i1,c) voltage is greater than specified by vmax
OSDI(debug) n.xcomp.xrfb.nr1: WARNING: V(i1,c) voltage is greater than specified by vmax
OSDI(debug) n.xcomp.xrfb.nr1: WARNING: V(i2,c) voltage is greater than specified by vmax
OSDI(debug) n.xcomp.xrc2.nr1: WARNING: V(i2,c) voltage is greater than specified by vmax


The temperature limiting function received NaN.
Please check your power dissipation and improve your heat sink Rth!
    This message will be shown only once.

Note: Starting dynamic gmin stepping
Note: Dynamic gmin stepping completed
 Reference value : -6.00000e-02 Reference value : -5.23000e-02 Reference value : -4.40000e-02 Reference value : -3.48000e-02 Reference value : -2.55000e-02 Reference value : -1.76000e-02 Reference value : -8.70000e-03 Reference value : -7.00000e-04 Reference value :  4.80000e-03 Reference value :  1.34000e-02 Reference value :  2.37000e-02 Reference value :  3.37000e-02 Reference value :  4.28000e-02 Reference value :  5.08000e-02 Reference value :  5.70000e-02
No. of Data Rows : 1201
Note: Simulation executed from .control section 
