
Note: No compatibility mode selected!


Circuit: * candidate 2 p1_comparator monte carlo hbt mismatch deck (seed 2188)

Doing analysis at TEMP = 27.000000 and TNOM = 27.000000

Using SPARSE 1.3 as Direct Linear Solver


The temperature limiting function received NaN.
Please check your power dissipation and improve your heat sink Rth!
    This message will be shown only once.

Note: Starting dynamic gmin stepping
OSDI(debug) n.xcomp.xrdac_n.nr1: OSDI(debug) n.xcomp.xrfb.nr1: OSDI(debug) n.xcomp.xr2_n.nr1: OSDI(debug) n.xcomp.xr1_p.nr1: WARNING: V(i1,c) voltage is greater than specified by vmax
OSDI(debug) n.xcomp.xr2_n.nr1: WARNING: V(i2,c) voltage is greater than specified by vmax
OSDI(debug) n.xcomp.xrc1.nr1: WARNING: V(i1,c) voltage is greater than specified by vmax
OSDI(debug) n.xcomp.xrc1.nr1: WARNING: V(i2,c) voltage is greater than specified by vmax
OSDI(debug) n.xcomp.xrc2.nr1: WARNING: V(i1,c) voltage is greater than specified by vmax
OSDI(debug) n.xcomp.xrc2.nr1: WARNING: V(i2,c) voltage is greater than specified by vmax
WARNING: V(i1,c) voltage is greater than specified by vmax
OSDI(debug) n.xcomp.xrdac_n.nr1: WARNING: V(i2,c) voltage is greater than specified by vmax
WARNING: V(i1,c) voltage is greater than specified by vmax
OSDI(debug) n.xcomp.xr1_p.nr1: WARNING: V(i2,c) voltage is greater than specified by vmax
OSDI(debug) n.xcomp.xr1_n.nr1: WARNING: V(i1,c) voltage is greater than specified by vmax
OSDI(debug) n.xcomp.xr1_n.nr1: WARNING: V(i2,c) voltage is greater than specified by vmax
OSDI(debug) n.xcomp.xr2_p.nr1: WARNING: V(i1,c) voltage is greater than specified by vmax
OSDI(debug) n.xcomp.xr2_p.nr1: WARNING: V(i2,c) voltage is greater than specified by vmax
OSDI(debug) n.xcomp.xrdac_p.nr1: WARNING: V(i1,c) voltage is greater than specified by vmax
OSDI(debug) n.xcomp.xrdac_p.nr1: WARNING: V(i2,c) voltage is greater than specified by vmax
WARNING: V(i1,c) voltage is greater than specified by vmax
OSDI(debug) n.xcomp.xrfb.nr1: WARNING: V(i2,c) voltage is greater than specified by vmax
OSDI(debug) n.xcomp.xrdac_n.nr1: WARNING: V(i1,c) voltage is greater than specified by vmax
OSDI(debug) n.xcomp.xr1_n.nr1: OSDI(debug) n.xcomp.xr1_p.nr1: OSDI(debug) n.xcomp.xr2_p.nr1: OSDI(debug) n.xcomp.xrc2.nr1: WARNING: V(i1,c) voltage is greater than specified by vmax
OSDI(debug) n.xcomp.xrdac_p.nr1: OSDI(debug) n.xcomp.xr2_p.nr1: WARNING: V(i2,c) voltage is greater than specified by vmax
WARNING: V(i1,c) voltage is greater than specified by vmax
WARNING: V(i1,c) voltage is greater than specified by vmax
OSDI(debug) n.xcomp.xr1_p.nr1: WARNING: V(i2,c) voltage is greater than specified by vmax
WARNING: V(i1,c) voltage is greater than specified by vmax
OSDI(debug) n.xcomp.xr2_n.nr1: OSDI(debug) n.xcomp.xr1_n.nr1: WARNING: V(i2,c) voltage is greater than specified by vmax
WARNING: V(i1,c) voltage is greater than specified by vmax
WARNING: V(i1,c) voltage is greater than specified by vmax
OSDI(debug) n.xcomp.xrdac_p.nr1: WARNING: V(i2,c) voltage is greater than specified by vmax
OSDI(debug) n.xcomp.xrc1.nr1: WARNING: V(i1,c) voltage is greater than specified by vmax
OSDI(debug) n.xcomp.xrc1.nr1: WARNING: V(i2,c) voltage is greater than specified by vmax
OSDI(debug) n.xcomp.xrfb.nr1: WARNING: V(i1,c) voltage is greater than specified by vmax
OSDI(debug) n.xcomp.xrfb.nr1: WARNING: V(i2,c) voltage is greater than specified by vmax
OSDI(debug) n.xcomp.xrc2.nr1: WARNING: V(i2,c) voltage is greater than specified by vmax
OSDI(debug) n.xcomp.xrdac_n.nr1: WARNING: V(i2,c) voltage is greater than specified by vmax
OSDI(debug) n.xcomp.xr2_n.nr1: WARNING: V(i2,c) voltage is greater than specified by vmax
OSDI(debug) n.xcomp.xrdac_n.nr1: WARNING: V(i1,c) voltage is greater than specified by vmax
OSDI(debug) n.xcomp.xrc2.nr1: WARNING: V(i1,c) voltage is greater than specified by vmax
OSDI(debug) n.xcomp.xrc2.nr1: WARNING: V(i2,c) voltage is greater than specified by vmax
OSDI(debug) n.xcomp.xrc1.nr1: WARNING: V(i1,c) voltage is greater than specified by vmax
OSDI(debug) n.xcomp.xr2_n.nr1: OSDI(debug) n.xcomp.xrc1.nr1: WARNING: V(i2,c) voltage is greater than specified by vmax
OSDI(debug) n.xcomp.xr1_p.nr1: WARNING: V(i1,c) voltage is greater than specified by vmax
OSDI(debug) n.xcomp.xr1_p.nr1: WARNING: V(i2,c) voltage is greater than specified by vmax
OSDI(debug) n.xcomp.xrdac_p.nr1: WARNING: V(i1,c) voltage is greater than specified by vmax
OSDI(debug) n.xcomp.xrdac_p.nr1: WARNING: V(i2,c) voltage is greater than specified by vmax
OSDI(debug) n.xcomp.xrfb.nr1: WARNING: V(i1,c) voltage is greater than specified by vmax
OSDI(debug) n.xcomp.xrfb.nr1: WARNING: V(i2,c) voltage is greater than specified by vmax
OSDI(debug) n.xcomp.xr1_n.nr1: WARNING: V(i1,c) voltage is greater than specified by vmax
OSDI(debug) n.xcomp.xr1_n.nr1: WARNING: V(i2,c) voltage is greater than specified by vmax
OSDI(debug) n.xcomp.xr2_p.nr1: WARNING: V(i1,c) voltage is greater than specified by vmax
OSDI(debug) n.xcomp.xr2_p.nr1: WARNING: V(i2,c) voltage is greater than specified by vmax
WARNING: V(i1,c) voltage is greater than specified by vmax
OSDI(debug) n.xcomp.xr2_n.nr1: WARNING: V(i2,c) voltage is greater than specified by vmax
OSDI(debug) n.xcomp.xrdac_n.nr1: WARNING: V(i2,c) voltage is greater than specified by vmax
OSDI(debug) n.xcomp.xrdac_n.nr1: WARNING: V(i1,c) voltage is greater than specified by vmax
OSDI(debug) n.xcomp.xr2_n.nr1: WARNING: V(i1,c) voltage is greater than specified by vmax
OSDI(debug) n.xcomp.xrdac_p.nr1: OSDI(debug) n.xcomp.xr2_n.nr1: WARNING: V(i2,c) voltage is greater than specified by vmax
OSDI(debug) n.xcomp.xrfb.nr1: OSDI(debug) n.xcomp.xr1_n.nr1: OSDI(debug) n.xcomp.xrc1.nr1: WARNING: V(i1,c) voltage is greater than specified by vmax
OSDI(debug) n.xcomp.xr2_p.nr1: OSDI(debug) n.xcomp.xrfb.nr1: WARNING: V(i1,c) voltage is greater than specified by vmax
WARNING: V(i1,c) voltage is greater than specified by vmax
OSDI(debug) n.xcomp.xrdac_n.nr1: OSDI(debug) n.xcomp.xr1_n.nr1: WARNING: V(i2,c) voltage is greater than specified by vmax
OSDI(debug) n.xcomp.xr1_p.nr1: OSDI(debug) n.xcomp.xrc2.nr1: WARNING: V(i1,c) voltage is greater than specified by vmax
WARNING: V(i2,c) voltage is greater than specified by vmax
WARNING: V(i1,c) voltage is greater than specified by vmax
OSDI(debug) n.xcomp.xrdac_p.nr1: WARNING: V(i2,c) voltage is greater than specified by vmax
WARNING: V(i1,c) voltage is greater than specified by vmax
OSDI(debug) n.xcomp.xrc2.nr1: WARNING: V(i2,c) voltage is greater than specified by vmax
OSDI(debug) n.xcomp.xr2_p.nr1: WARNING: V(i2,c) voltage is greater than specified by vmax
OSDI(debug) n.xcomp.xr1_p.nr1: WARNING: V(i2,c) voltage is greater than specified by vmax
WARNING: V(i1,c) voltage is greater than specified by vmax
OSDI(debug) n.xcomp.xrc1.nr1: WARNING: V(i2,c) voltage is greater than specified by vmax
WARNING: V(i2,c) voltage is greater than specified by vmax
Warning: singular matrix:  check node q.xcomp.xq1.qnpn13g2#baseBI

Note: Dynamic gmin stepping completed
 Reference value : -6.00000e-02 Reference value : -5.30000e-02 Reference value : -4.73000e-02 Reference value : -4.05000e-02 Reference value : -3.33000e-02 Reference value : -2.50000e-02 Reference value : -1.68000e-02 Reference value : -9.00000e-03 Reference value : -1.70000e-03 Reference value :  3.20000e-03 Reference value :  1.00000e-02 Reference value :  1.94000e-02 Reference value :  2.92000e-02 Reference value :  3.87000e-02 Reference value :  4.68000e-02 Reference value :  5.30000e-02
No. of Data Rows : 1201
Note: Simulation executed from .control section 
